02-17 23:49:28.570  1000  1847  1871 I pixel-thermal: usb_pwr_therm:26.612 raw data: usb_pwr_therm:26612 
02-17 23:49:28.589  1000  1847  1871 I pixel-thermal: VIRTUAL-USB-THROTTLING:0 raw data: USB-MINUS-NEUTRAL:-3135 USB-MINUS-USB2:-351 VIRTUAL-USB-THROTTLING:0 neutral_therm:29747 usb_pwr_therm:26612 usb_pwr_therm2:26963 
02-17 23:49:28.592  1000  1847  1871 I pixel-thermal: quiet_therm:27.033 raw data: quiet_therm:27033 
02-17 23:49:28.592  1000  1847  1871 I pixel-thermal: VIRTUAL-USB-UI:0 raw data: USB-MINUS-NEUTRAL:-3135 USB-MINUS-USB2:-351 VIRTUAL-USB-UI:0 usb_pwr_therm:26612 
02-17 23:49:28.592  1000  1847  1871 I pixel-thermal: Power rails total power: 2043.95 mW for 60287 ms
02-17 23:49:28.592  1000  1847  1871 I pixel-thermal: Power rails [S6M_LLDO1: 83.21 mW] [L7S_SENSORS: 2.63 mW] [S10M_VDD_TPU: 0.02 mW] [S5M_VDD_INT: 24.30 mW] [S2M_VDD_CPUCL2: 508.37 mW] [S1M_VDD_MIF: 127.44 mW] 
02-17 23:49:28.592  1000  1847  1871 I pixel-thermal: Power rails [S4M_VDD_CPUCL0: 282.55 mW] [VSYS_PWR_WLAN_BT: 22.47 mW] [VSYS_PWR_RFFE: 0.22 mW] [VSYS_PWR_MODEM: 280.18 mW] [VSYS_PWR_MMWAVE: 0.00 mW] [S3M_VDD_CPUCL1: 250.74 mW] 
02-17 23:49:28.592  1000  1847  1871 I pixel-thermal: Power rails [L2S_PLL_MIPI_UFS: 89.70 mW] [L14S_ALIVE: 0.02 mW] [S9S_VDD_AOC: 3.65 mW] [S4S_VDD2H_MEM: 58.92 mW] [L9S_GNSS_CORE: 0.03 mW] [S8S_VDD_G3D_L2: 3.17 mW] 
02-17 23:49:28.592  1000  1847  1871 I pixel-thermal: Power rails [S5S_VDDQ_MEM: 14.23 mW] [S2S_VDD_G3D: 14.52 mW] [S1S_VDD_CAM: 3.72 mW] [S8M_LLDO2: 42.44 mW] [L15M_VDD_SLC_M: 25.03 mW] [VSYS_PWR_DISPLAY: 206.39 mW] 
02-17 23:49:28.793  root   255   255 I logbuffer_pcie0: [   80] D state: 0, LTSSM: 0
02-17 23:49:28.793  root   255   255 I logbuffer_pcie0: [   81] L0(0x11)
02-17 23:49:28.785 radio  1133  1294 V RIL     : [/dev/umts_ipc0][RX] SIT_IND_NTW_STATE_CHANGED, IND, 290 bytes
02-17 23:49:28.785 radio  1133  1294 V RIL     :  02 00 0e 07 22 01 00 00   02 34 36 36 30 31 23 23  
02-17 23:49:28.785 radio  1133  1294 V RIL     :  27 35 03 00 00 00 00 7a   91 00 00 00 00 00 00 78  
02-17 23:49:28.785 radio  1133  1294 V RIL     :  05 00 00 00 00 00 00 00   00 00 00 00 00 00 00 00  
02-17 23:49:28.785 radio  1133  1294 V RIL     :  00 00 00 00 00 00 00 00   00 00 00 00 00 00 00 00  
02-17 23:49:28.785 radio  1133  1294 V RIL     :  00 00 00 00 00 00 00 00   00 00 00 00 00 00 00 00  
02-17 23:49:28.785 radio  1133  1294 V RIL     :  00 00 00 00 00 00 00 00   00 00 00 00 00 00 00 00  
02-17 23:49:28.785 radio  1133  1294 V RIL     :  00 00 00 00 00 00 00 00   00 00 00 00 00 00 00 00  
02-17 23:49:28.785 radio  1133  1294 V RIL     :  00 00 00 00 00 00 00 00   00 00 00 00 00 00 00 00  
02-17 23:49:28.785 radio  1133  1294 V RIL     :  00 00 00 00 00 00 00 00   00 00 00 00 00 00 00 00  
02-17 23:49:28.785 radio  1133  1294 V RIL     :  00 00 00 00 00 00 00 00   00 00 00 00 00 00 00 00  
02-17 23:49:28.786 radio  1133  1294 V RIL     :  00 00 00 00 00 00 00 00   00 00 00 00 00 00 00 00  
02-17 23:49:28.786 radio  1133  1294 V RIL     :  00 00 00 00 00 00 00 00   00 00 00 00 00 00 00 00  
02-17 23:49:28.786 radio  1133  1294 V RIL     :  00 00 00 00 00 00 00 00   00 00 00 00 00 00 00 00  
02-17 23:49:28.786 radio  1133  1294 V RIL     :  00 00 00 00 00 00 00 00   00 00 00 00 00 00 00 00  
02-17 23:49:28.786 radio  1133  1294 V RIL     :  00 00 00 00 00 00 00 00   00 00 00 00 00 00 00 00  
02-17 23:49:28.786 radio  1133  1294 V RIL     :  00 00 00 00 00 00 00 00   00 00 00 00 00 00 00 00  
02-17 23:49:28.786 radio  1133  1294 V RIL     :  00 00 00 00 00 00 00 00   00 00 00 00 00 00 01 00  
02-17 23:49:28.786 radio  1133  1294 V RIL     :  00 00 01 00 00 00 00 00   00 00 00 00 00 00 00 00  
02-17 23:49:28.786 radio  1133  1294 V RIL     :  00 00
02-17 23:49:28.786 radio  1133  1294 I RIL     : [RilContext_0] ProcessModemData 
02-17 23:49:28.786 radio  1133  1294 V RIL     : [RilContext_0] SendMessage RCM Response Routing : Type=0002, RCM ID=0x070E Service ID=5 Message ID=4061
02-17 23:49:28.786 radio  1133  1294 V RIL     : [ServiceMgr] msg(0xb400006e195d08f0) msgId=4061 svc=NetworkService_0(5) direction=Response
02-17 23:49:28.787 radio  1133  1282 I RIL     : [NetworkService_0] NetworkStateChangedHandler OnIndication()
02-17 23:49:28.787 radio  1133  1282 I RIL     : [RilContext_0] OnUnsolicitedResponse 
02-17 23:49:28.787 radio  1133  1282 I RIL     : [RilContext_0] ProcessUnsolicitedResponse 
02-17 23:49:28.787 radio  1133  1282 I RILC-CommandInfo: getUnsolRespInfo found {unsolResponse=1002 halVer=00}
02-17 23:49:28.788 radio  1133  1294 V RIL     : [/dev/umts_ipc0][RX] SIT_IND_BARRING_INFO_CHANGED, IND, 413 bytes
02-17 23:49:28.788 radio  1133  1294 V RIL     :  02 00 4b 07 9d 01 00 00   02 34 36 36 30 31 23 23  
02-17 23:49:28.788 radio  1133  1294 V RIL     :  27 35 03 38 01 00 00 91   7a 00 00 4b 00 00 00 00  
02-17 23:49:28.788 radio  1133  1294 V RIL     :  00 00 00 00 00 00 00 00   00 00 00 00 00 00 00 00  
02-17 23:49:28.788 radio  1133  1294 V RIL     :  00 00 00 00 00 00 00 00   00 00 00 00 00 00 00 00  
02-17 23:49:28.788 radio  1133  1294 V RIL     :  00 00 00 00 00 00 00 00   00 00 00 00 00 00 00 00  
02-17 23:49:28.788 radio  1133  1294 V RIL     :  00 00 00 00 00 00 00 00   00 00 00 00 00 00 00 00  
02-17 23:49:28.788 radio  1133  1294 V RIL     :  00 00 00 00 00 00 00 00   00 00 00 00 00 00 00 00  
02-17 23:49:28.788 radio  1133  1294 V RIL     :  00 00 00 00 00 00 00 00   00 00 00 00 00 00 00 00  
02-17 23:49:28.788 radio  1133  1294 V RIL     :  00 00 00 00 00 00 00 00   00 00 00 00 00 00 00 00  
02-17 23:49:28.788 radio  1133  1294 V RIL     :  00 00 00 00 00 00 00 00   00 00 00 00 00 00 00 00  
02-17 23:49:28.788 radio  1133  1294 V RIL     :  00 00 00 00 00 00 00 00   00 00 00 00 00 00 00 00  
02-17 23:49:28.788 radio  1133  1294 V RIL     :  00 00 00 00 00 00 00 00   00 00 00 00 00 00 00 00  
02-17 23:49:28.788 radio  1133  1294 V RIL     :  00 00 00 00 00 00 00 00   00 00 00 00 00 00 00 00  
02-17 23:49:28.788 radio  1133  1294 V RIL     :  00 00 00 00 00 00 00 00   00 00 00 00 00 00 00 00  
02-17 23:49:28.788 radio  1133  1294 V RIL     :  00 00 00 00 00 00 00 00   00 00 00 00 00 00 00 00  
02-17 23:49:28.788 radio  1133  1294 V RIL     :  00 00 00 00 00 00 00 00   00 00 00 00 00 00 00 00  
02-17 23:49:28.788 radio  1133  1294 V RIL     :  00 00 00 00 00 00 00 00   00 00 00 00 00 00 00 00  
02-17 23:49:28.788 radio  1133  1294 V RIL     :  00 00 00 00 00 00 00 00   00 00 00 00 00 00 00 00  
02-17 23:49:28.788 radio  1133  1294 V RIL     :  00 00 07 00 00 00 08 00   00 00 00 00 00 00 00 00  
02-17 23:49:28.788 radio  1133  1294 V RIL     :  00 00 00 00 00 00 00 03   00 00 00 00 00 00 00 64  
02-17 23:49:28.788 radio  1133  1294 V RIL     :  00 00 00 00 00 00 00 00   04 00 00 00 00 00 00 00  
02-17 23:49:28.788 radio  1133  1294 V RIL     :  64 00 00 00 00 00 00 00   00 06 00 00 00 00 00 00  
02-17 23:49:28.788 radio  1133  1294 V RIL     :  00 ff 00 00 00 00 00 00   00 00 07 00 00 00 00 00  
02-17 23:49:28.788 radio  1133  1294 V RIL     :  00 00 ff 00 00 00 00 00   00 00 00 e9 03 00 00 00  
02-17 23:49:28.788 radio  1133  1294 V RIL     :  00 00 00 ff 00 00 00 00   00 00 00 00 ea 03 00 00  
02-17 23:49:28.788 radio  1133  1294 V RIL     :  00 00 00 00 ff 00 00 00   00 00 00 00 00
02-17 23:49:28.788 radio  1133  1294 I RIL     : [RilContext_0] ProcessModemData 
02-17 23:49:28.788 radio  1133  1294 V RIL     : [RilContext_0] SendMessage RCM Response Routing : Type=0002, RCM ID=0x074B Service ID=5 Message ID=4114
02-17 23:49:28.788 radio  1133  1294 V RIL     : [ServiceMgr] msg(0xb400006e195cfe70) msgId=4114 svc=NetworkService_0(5) direction=Response
02-17 23:49:28.788 radio  1133  1294 V RIL     : [/dev/umts_ipc0][RX] SIT_IND_AC_BARRING_INFO, IND, 41 bytes
02-17 23:49:28.788 radio  1133  1294 V RIL     :  02 00 20 07 29 00 00 00   00 64 00 00 00 00 00 00  
02-17 23:49:28.788 radio  1133  1294 V RIL     :  00 00 00 00 00 00 00 00   00 ff 00 00 00 00 00 00  
02-17 23:49:28.788 radio  1133  1294 V RIL     :  00 ff 00 00 00 00 00 00   00
02-17 23:49:28.788 radio  1133  1294 I RIL     : [RilContext_0] ProcessModemData 
02-17 23:49:28.788 radio  1133  1294 V RIL     : [RilContext_0] SendMessage RCM Response Routing : Type=0002, RCM ID=0x0720 Service ID=5 Message ID=4105
02-17 23:49:28.789 radio  1133  1294 V RIL     : [ServiceMgr] msg(0xb400006e195ce510) msgId=4105 svc=NetworkService_0(5) direction=Response
02-17 23:49:28.789 radio  1133  1294 V RIL     : [/dev/umts_ipc0][RX] SIT_IND_SIGNAL_STRENGTH, IND, 206 bytes
02-17 23:49:28.789 radio  1133  1294 V RIL     :  02 00 06 09 ce 00 00 00   04 00 00 00 00 00 00 00  
02-17 23:49:28.789 radio  1133  1294 V RIL     :  00 00 00 00 00 00 00 00   00 00 00 00 00 00 00 00  
02-17 23:49:28.789 radio  1133  1294 V RIL     :  00 00 00 00 00 00 00 00   00 00 00 00 00 00 00 00  
02-17 23:49:28.789 radio  1133  1294 V RIL     :  00 00 00 00 00 00 00 00   00 00 00 00 00 00 00 00  
02-17 23:49:28.789 radio  1133  1294 V RIL     :  00 00 00 00 00 00 1a 00   00 00 56 00 00 00 04 00  
02-17 23:49:28.789 radio  1133  1294 V RIL     :  00 00 82 00 00 00 01 00   00 00 00 00 00 00 00 00  
02-17 23:49:28.789 radio  1133  1294 V RIL     :  00 00 00 00 00 00 00 00   00 00 00 00 00 00 00 00  
02-17 23:49:28.789 radio  1133  1294 V RIL     :  00 00 00 00 00 00 00 00   00 00 00 00 00 00 00 00  
02-17 23:49:28.789 radio  1133  1294 V RIL     :  00 00 00 00 00 00 00 00   00 00 00 00 00 00 00 00  
02-17 23:49:28.789 radio  1133  1294 V RIL     :  00 00 00 00 00 00 00 00   00 00 00 00 00 00 00 00  
02-17 23:49:28.789 radio  1133  1294 V RIL     :  00 00 00 00 00 00 00 00   00 00 00 00 00 00 00 00  
02-17 23:49:28.789 radio  1133  1294 V RIL     :  00 00 00 00 00 00 00 00   00 00 00 00 00 00 00 00  
02-17 23:49:28.789 radio  1133  1294 V RIL     :  00 00 00 00 00 00 00 00   00 00 00 00 00 00
02-17 23:49:28.789 radio  1133  1294 I RIL     : [RilContext_0] ProcessModemData 
02-17 23:49:28.789 radio  1133  1294 V RIL     : [RilContext_0] SendMessage RCM Response Routing : Type=0002, RCM ID=0x0906 Service ID=4 Message ID=5024
02-17 23:49:28.789 radio  1133  1294 V RIL     : [ServiceMgr] msg(0xb400006e195cec80) msgId=5024 svc=MiscService_0(4) direction=Response
02-17 23:49:28.790 radio  1133  1281 I RIL     : MiscService_0::OnHandleUnsolicitedResponse()
02-17 23:49:28.791 radio  1133  1281 I RIL     : [MiscService_0] OnUnsolSignalStrength()
02-17 23:49:28.791 radio  1133  1281 I RIL     : SignalStrengthAdapterFactory::GetSignalStrengthAdapter ssVer=4
02-17 23:49:28.791 radio  1133  1281 I RIL     : [RilContext_0] OnUnsolicitedResponse 
02-17 23:49:28.791 radio  1133  1281 I RIL     : [RilContext_0] ProcessUnsolicitedResponse 
02-17 23:49:28.791 radio  1133  1281 I RILC-CommandInfo: getUnsolRespInfo found {unsolResponse=1009 halVer=00}
02-17 23:49:28.791 radio  1133  1282 D RILC-HIDL: HidlHalNetworkIndication::networkStateChangedInd
02-17 23:49:28.792 radio  1133  1282 D RILC-AIDL_SERVICE: RadioNetworkIndicationHook::networkStateChanged mNetworkCb=0xb400006f895ce838
02-17 23:49:28.792 radio  1133  1282 I RILC    : RIL_SOCKET_1 UNSOLICITED: UNSOL_RESPONSE_VOICE_NETWORK_STATE_CHANGED length:0
02-17 23:49:28.792 radio  1133  1281 D RILC-HIDL: currentSignalStrengthInd_1_6
02-17 23:49:28.792 radio  1133  1281 D RILC-AIDL_SERVICE: RadioNetworkIndicationHook::currentSignalStrength_1_6 mNetworkCb=0xb400006f895ce838
02-17 23:49:28.792 radio  1133  1282 V RIL     : RADIO_EXT::[RilExternalResponseListener] OnUnsolicitedResponse Filter out Unsolicited response=1002, channel=0
02-17 23:49:28.792 radio  1133  1281 I RILC    : RIL_SOCKET_1 UNSOLICITED: UNSOL_SIGNAL_STRENGTH length:200
02-17 23:49:28.792 radio  1133  1282 I RIL     : [NetworkService_0] BarringInfoChangedHandler OnIndication()
02-17 23:49:28.793 radio  1133  1282 V RIL     : RilProperty Dump:
02-17 23:49:28.793 radio  1133  1282 V RIL     : <CellIdentity,4>
02-17 23:49:28.793 radio  1133  1282 V RIL     : <CellInfo,4>
02-17 23:49:28.793 radio  1133  1282 V RIL     : <SignalStrength,4>
02-17 23:49:28.794 radio  1133  1282 V RIL     : <dds,0>
02-17 23:49:28.794 radio  1133  1282 V RIL     : <type,rilapp>
02-17 23:49:28.794 radio  1133  1282 V RIL     : <vendor.ril.app.overall.fake.net.conn.presence,0>
02-17 23:49:28.794 radio  1133  1282 V RIL     : <vendor.ril.app.overall.fake.sim.presence,0>
02-17 23:49:28.794 radio  1133  1282 V RIL     : <vendor.ril.app.overall.net.conn.presence,0>
02-17 23:49:28.794 radio  1133  1282 V RIL     : <vendor.ril.app.ps.active_sim,1>
02-17 23:49:28.794 radio  1133  1282 V RIL     : <vendor.ril.app.sim.overall_cardstate,2>
02-17 23:49:28.794 radio  1133  1282 V RIL     : <vendor.ril.app.target_carrier,400>
02-17 23:49:28.794 radio  1133  1282 V RIL     : [NetworkService_0] BarringInfoChangedHandler OnIndication() cellIdentityVer=4
02-17 23:49:28.794 radio  1133  1282 I RIL     : ProtocolBarringInfos:: 7 BarringInfos
02-17 23:49:28.794 radio  1133  1282 V RIL     : [0] RIL_BarringServiceType=8 BarringType=0 barringFactor=0 barringTimeSeconds=0 isBarred=0
02-17 23:49:28.795 radio  1133  1281 V RIL     : RADIO_EXT::[RilExternalResponseListener] OnUnsolicitedResponse Filter out Unsolicited response=1009, channel=0
02-17 23:49:28.799 radio  1133  1282 V RIL     : [1] RIL_BarringServiceType=3 BarringType=0 barringFactor=100 barringTimeSeconds=0 isBarred=0
02-17 23:49:28.799 radio  1133  1282 V RIL     : [2] RIL_BarringServiceType=4 BarringType=0 barringFactor=100 barringTimeSeconds=0 isBarred=0
02-17 23:49:28.799 radio  1133  1282 V RIL     : [3] RIL_BarringServiceType=6 BarringType=0 barringFactor=255 barringTimeSeconds=0 isBarred=0
02-17 23:49:28.799 radio  1133  1282 V RIL     : [4] RIL_BarringServiceType=7 BarringType=0 barringFactor=255 barringTimeSeconds=0 isBarred=0
02-17 23:49:28.799 radio  1133  1282 V RIL     : [5] RIL_BarringServiceType=1001 BarringType=0 barringFactor=255 barringTimeSeconds=0 isBarred=0
02-17 23:49:28.800 radio  1133  1282 V RIL     : [6] RIL_BarringServiceType=1002 BarringType=0 barringFactor=255 barringTimeSeconds=0 isBarred=0
02-17 23:49:28.800 radio  1133  1282 I RIL     : [RilContext_0] OnUnsolicitedResponse 
02-17 23:49:28.800 radio  1133  1282 I RIL     : [RilContext_0] ProcessUnsolicitedResponse 
02-17 23:49:28.800 radio  1133  1282 I RILC-CommandInfo: getUnsolRespInfo found {unsolResponse=1023 halVer=00}
02-17 23:49:28.800 radio  1133  1282 D RILC-HIDL: HidlHalNetworkIndication::restrictedStateChangedInd
02-17 23:49:28.800 radio  1133  1282 D RILC-HIDL: restrictedStateChangedInd: state 0
02-17 23:49:28.800 radio  1133  1282 D RILC-AIDL_SERVICE: RadioNetworkIndicationHook::restrictedStateChanged mNetworkCb=0xb400006f895ce838
02-17 23:49:28.800 radio  1133  1282 I RILC    : RIL_SOCKET_1 UNSOLICITED: UNSOL_RESTRICTED_STATE_CHANGED length:4
02-17 23:49:28.800 radio  1133  1282 V RIL     : RADIO_EXT::[RilExternalResponseListener] OnUnsolicitedResponse Filter out Unsolicited response=1023, channel=0
02-17 23:49:28.800 radio  1133  1282 I RIL     : [RilContext_0] OnUnsolicitedResponse 
02-17 23:49:28.800 radio  1133  1282 I RIL     : [RilContext_0] ProcessUnsolicitedResponse 
02-17 23:49:28.800 radio  1133  1282 I RILC-CommandInfo: getUnsolRespInfo found {unsolResponse=1105 halVer=00}
02-17 23:49:28.801 radio  1133  1282 D RILC-HIDL: HidlHalNetworkIndication::barringInfoChangedInd
02-17 23:49:28.801 radio  1133  1282 D RILC-AIDL_SERVICE: RadioNetworkIndicationHook::barringInfoChanged mNetworkCb=0xb400006f895ce838
02-17 23:49:28.801 radio  1133  1282 I RILC    : RIL_SOCKET_1 UNSOLICITED: UNSOL_BARRING_INFO_CHANGED length:336
02-17 23:49:28.801 radio  1133  1282 V RIL     : RADIO_EXT::[RilExternalResponseListener] OnUnsolicitedResponse Filter out Unsolicited response=1105, channel=0
02-17 23:49:28.801 radio  1133  1282 I RIL     : [RilContext_0] OnUnsolicitedResponse 
02-17 23:49:28.801 radio  1133  1282 I RIL     : [RilContext_0] ProcessUnsolicitedResponse 
02-17 23:49:28.801 radio  1133  1282 V RIL     : RADIO::[RilResponseListener] OnUnsolicitedResponse Filter out Unsolicited response=20119
02-17 23:49:28.801 radio  1133  1282 D RIL_EXTERNAL: rilExternalRawIndication
02-17 23:49:28.801 radio  1133  1282 I RIL_EXTERNAL: [isFilteredIndication] clientId=0 name=PID(1108) indication=2015 isFiltered=false
02-17 23:49:28.801 radio  1133  1282 I RIL_EXTERNAL: [isFilteredIndication] clientId=1 name=GpsApi(1122) indication=2015 isFiltered=true
02-17 23:49:28.801 radio  1133  1282 I RIL_EXTERNAL: [isFilteredIndication] clientId=2 name=SeApi(963) indication=2015 isFiltered=true
02-17 23:49:28.801 radio  1133  1282 I RIL_EXTERNAL: [isFilteredIndication] clientId=3 name=unknown indication=2015 isFiltered=false
02-17 23:49:28.802 radio  1133  1282 I RIL_EXTERNAL: [isFilteredIndication] clientId=4 name=unknown indication=2015 isFiltered=false
02-17 23:49:28.802 radio  1133  1282 I RIL_EXTERNAL: [isFilteredIndication] clientId=5 name=unknown indication=2015 isFiltered=false
02-17 23:49:28.802 radio  1133  1282 I RIL_EXTERNAL: [isFilteredIndication] clientId=6 name=unknown indication=2015 isFiltered=false
02-17 23:49:28.802 radio  1133  1282 D RIL_EXTERNAL: rilExternalRawIndication
02-17 23:49:28.802 radio  1133  1282 D RIL_EXTERNAL: rilExternalRawIndication
02-17 23:49:28.803 radio  1133  1282 D RIL_EXTERNAL: rilExternalRawIndication
02-17 23:49:28.803  1000  1108  1125 D RILClient: [OemClient]IND: (clientId = 0, msgId = 2015, dataLength = 148, channel = 0)
02-17 23:49:28.803 radio  1133  1282 D RIL_EXTERNAL: rilExternalRawIndication
02-17 23:49:28.803 radio  1133  1282 D RIL_EXTERNAL: rilExternalRawIndication
02-17 23:49:28.803 radio  1133  1282 I RIL     : [NetworkService_0] OnAcBarringInfo()
02-17 23:49:28.803 radio  1133  1282 V RIL     : [NetworkService_0] OnAcBarringInfo() RIL_UNSOL_OEM_AIMS_AC_BARRING_INFO forEmc(0), forMoSig(100), forMoData(0), forMmtelVoice(255), forMmtelVide(255)
02-17 23:49:28.803 radio  1133  1282 I RIL     : [RilContext_0] OnUnsolicitedResponse 
02-17 23:49:28.803 radio  3206  3239 D RILJ    : Unsol response received; Sending ack to ril.cpp [PHONE0]
02-17 23:49:28.803 radio  1133  1282 I RIL     : [RilContext_0] ProcessUnsolicitedResponse 
02-17 23:49:28.803 radio  1133  1282 V RIL     : RADIO::[RilResponseListener] OnUnsolicitedResponse Filter out Unsolicited response=20333
02-17 23:49:28.804 radio  1133  1282 D RIL_EXTERNAL: rilExternalRawIndication
02-17 23:49:28.804 radio  1133  1282 I RIL_EXTERNAL: [isFilteredIndication] clientId=0 name=PID(1108) indication=3047 isFiltered=false
02-17 23:49:28.804 radio  3206  3239 D RILJ    : [UNSL]< UNSOL_RESPONSE_NETWORK_STATE_CHANGED [PHONE0]
02-17 23:49:28.804 radio  1133  1282 I RIL_EXTERNAL: [isFilteredIndication] clientId=1 name=GpsApi(1122) indication=3047 isFiltered=true
02-17 23:49:28.804 radio  1133  1282 I RIL_EXTERNAL: [isFilteredIndication] clientId=2 name=SeApi(963) indication=3047 isFiltered=true
02-17 23:49:28.804 radio  1133  1282 I RIL_EXTERNAL: [isFilteredIndication] clientId=3 name=unknown indication=3047 isFiltered=false
02-17 23:49:28.804 radio  1133  1282 I RIL_EXTERNAL: [isFilteredIndication] clientId=4 name=unknown indication=3047 isFiltered=false
02-17 23:49:28.804 radio  1133  1282 I RIL_EXTERNAL: [isFilteredIndication] clientId=5 name=unknown indication=3047 isFiltered=false
02-17 23:49:28.804 radio  1133  1282 I RIL_EXTERNAL: [isFilteredIndication] clientId=6 name=unknown indication=3047 isFiltered=false
02-17 23:49:28.804 radio  1133  1282 D RIL_EXTERNAL: rilExternalRawIndication
02-17 23:49:28.804 radio  1133  1282 D RIL_EXTERNAL: rilExternalRawIndication
02-17 23:49:28.804 radio  1133  1282 D RIL_EXTERNAL: rilExternalRawIndication
02-17 23:49:28.804  1000  1108  1125 D RILClient: [OemClient]IND: (clientId = 0, msgId = 3047, dataLength = 5, channel = 0)
02-17 23:49:28.804 radio  1133  1282 D RIL_EXTERNAL: rilExternalRawIndication
02-17 23:49:28.804 radio  1133  1282 D RIL_EXTERNAL: rilExternalRawIndication
02-17 23:49:28.804 radio  3206  3570 D NRM-C-0 : onNetworkStateChanged
02-17 23:49:28.805 radio  3206  3206 D SST     : [0] pollState: modemTriggered=true, radioState=1
02-17 23:49:28.806 radio  3206  3239 D RILJ    : Unsol response received; Sending ack to ril.cpp [PHONE0]
02-17 23:49:28.808 10090  3194  3194 D SHANNON_IMS: 0273 [HELP] Unsol {UNKNOWN} received  [SLID:0  Active:true] (ImsRilHelper%onHandleUnsolicitedResponse:306)
02-17 23:49:28.809 radio  3206  3781 D RILJ    : Unsol response received; Sending ack to ril.cpp [PHONE0]
02-17 23:49:28.810 10090  3194  3194 D SHANNON_IMS: 0274 [HELP] Unsol {UNKNOWN} received  [SLID:0  Active:true] (ImsRilHelper%onHandleUnsolicitedResponse:306)
02-17 23:49:28.813 radio  3206  3206 D RILJ    : [0150]> OPERATOR [PHONE0]
02-17 23:49:28.813 radio  1133  1133 D RILC    : getOperator: serial 150
02-17 23:49:28.813 radio  1133  1133 I RILC-CommandInfo: getCommandInfo found {request=22 halVer=00}
02-17 23:49:28.814 radio  1133  1133 V RIL     : [RilContext_0] SendMessage RIL Request Routing : RCM ID=22 Service ID=5 Message ID=4005 delayMillis=0
02-17 23:49:28.814 radio  1133  1133 V RIL     : [ServiceMgr] msg(0xb400006e195cf690) msgId=4005 svc=NetworkService_0(5) direction=Request
02-17 23:49:28.814 radio  3206  3206 D RILJ    : [0153]> QUERY_NETWORK_SELECTION_MODE [PHONE0]
02-17 23:49:28.815 radio  1133  1282 I RIL     : [NetworkService_0] OperatorHandler OnRequest()
02-17 23:49:28.815  1000  3484  3573 D IwlanNetworkService$IwlanNetworkServiceHandler: msg.what = EVENT_NETWORK_REGISTRATION_INFO_REQUEST
02-17 23:49:28.815 radio  1133  1282 I RIL     : [RilContext_0] Send 
02-17 23:49:28.815 radio  1133  1282 V RIL     : [RilContext_0] RecordRequestHistory token=0x00C4
02-17 23:49:28.815 radio  1133  1133 D RILC    : getNetworkSelectionMode: serial 153
02-17 23:49:28.815 radio  1133  1282 I RIL     : [RilContext_0] Send 
02-17 23:49:28.815 radio  1133  1133 I RILC-CommandInfo: getCommandInfo found {request=45 halVer=00}
02-17 23:49:28.816 radio  1133  1133 V RIL     : [RilContext_0] SendMessage RIL Request Routing : RCM ID=45 Service ID=5 Message ID=4009 delayMillis=0
02-17 23:49:28.816 radio  1133  1133 V RIL     : [ServiceMgr] msg(0xb400006e195d0500) msgId=4009 svc=NetworkService_0(5) direction=Request
02-17 23:49:28.816 radio  1133  1282 V RIL     : [/dev/umts_ipc0][TX] SIT_GET_OPERATOR, REQ, 12 bytes, Token(0x00c4)
02-17 23:49:28.816 radio  1133  1282 V RIL     :  00 00 02 07 0c 00 c4 00   00 00 00 00
02-17 23:49:28.817 radio  3206  3206 D SST     : [0] EVENT_RESTRICTED_STATE_CHANGED
02-17 23:49:28.817  1000  3484  3573 D IwlanNetworkService$IwlanNetworkServiceHandler[0]: : reg state REGISTRATION_STATE_NOT_REGISTERED_SEARCHING
02-17 23:49:28.819 radio  3206  3781 D RILJ    : Unsol response received; Sending ack to ril.cpp [PHONE0]
02-17 23:49:28.819 radio  3206  3206 D SST     : [0] onRestrictedStateChanged: E rs Restricted State CS: none PS:false
02-17 23:49:28.819 radio  3206  3570 D RILJ    : [0154]> DATA_REGISTRATION_STATE [PHONE0]
02-17 23:49:28.819 radio  3206  3570 D RILJ    : getDataRegistrationState: overrideHalVersion=null [PHONE0]
02-17 23:49:28.819 radio  1133  1133 D RILC    : getDataRegistrationState_1_6: 154
02-17 23:49:28.819 radio  1133  1133 I RILC-CommandInfo: getCommandInfo found {request=21 halVer=16}
02-17 23:49:28.820 radio  1133  1133 V RIL     : [RilContext_0] SendMessage RIL Request Routing : RCM ID=21 Service ID=5 Message ID=4003 delayMillis=0
02-17 23:49:28.820 radio  1133  1133 V RIL     : [ServiceMgr] msg(0xb400006e195d37c0) msgId=4003 svc=NetworkService_0(5) direction=Request
02-17 23:49:28.820 radio  3206  3239 D NRM-I-0 : onRequestNetworkRegistrationInfoComplete result: 0, info: NetworkRegistrationInfo{ domain=PS transportType=WLAN registrationState=NOT_REG_SEARCHING networkRegistrationState=NOT_REG_SEARCHING roamingType=NOT_ROAMING accessNetworkTechnology=UNKNOWN rejectCause=0 emergencyEnabled=true availableServices=[DATA] cellIdentity=null voiceSpecificInfo=null dataSpecificInfo=null nrState=NONE rRplmn= isUsingCarrierAggregation=false isNonTerrestrialNetwork=TERRESTRIAL}
02-17 23:49:28.820 radio  3206  3206 D SST     : [0] onRestrictedStateChanged: new rs Restricted State CS: none PS:false
02-17 23:49:28.820 radio  1133  1294 V RIL     : [/dev/umts_ipc0][RX] SIT_GET_OPERATOR, RSP, 119 bytes, Token(0x00c4), OK(RCM_E_SUCCESS)
02-17 23:49:28.820 radio  1133  1294 V RIL     :  01 00 02 07 77 00 c4 00   00 00 00 00 34 36 36 30  
02-17 23:49:28.820 radio  1133  1294 V RIL     :  31 23 00 00 00 00 00 00   00 00 00 00 00 00 00 00  
02-17 23:49:28.820 radio  1133  1294 V RIL     :  00 00 00 00 00 00 00 00   00 00 00 00 00 00 00 00  
02-17 23:49:28.820 radio  1133  1294 V RIL     :  00 00 00 00 00 00 00 00   00 00 00 00 00 00 00 00  
02-17 23:49:28.820 radio  1133  1294 V RIL     :  00 00 00 00 00 00 00 00   00 00 00 00 00 00 00 00  
02-17 23:49:28.820 radio  1133  1294 V RIL     :  00 00 00 00 00 00 00 00   00 00 00 00 00 00 00 00  
02-17 23:49:28.820 radio  1133  1294 V RIL     :  00 00 00 00 00 00 00 00   00 00 00 00 00 00 00 00  
02-17 23:49:28.820 radio  1133  1294 V RIL     :  00 00 00 7a 91 00 00
02-17 23:49:28.820 radio  1133  1294 I RIL     : [RilContext_0] ProcessModemData 
02-17 23:49:28.820 radio  1133  1294 V RIL     : WaitList::Find() found record : token=0x00C4 SrcService ID =5 DestService ID=5 Result Id=4005
02-17 23:49:28.820 radio  1133  1294 V RIL     : [RilContext_0] SendMessage RCM Response Routing : Type=0001, RCM ID=0x0702 Service ID=5 Message ID=4005
02-17 23:49:28.820 radio  1133  1294 V RIL     : [ServiceMgr] msg(0xb400006e195ce510) msgId=4005 svc=NetworkService_0(5) direction=Response
02-17 23:49:28.820 radio  3206  3206 D SST     : [0] onRestrictedStateChanged: X rs Restricted State CS: none PS:false
02-17 23:49:28.820 radio  1133  1282 I RIL     : [NetworkService_0] OperatorHandler OnResponse()
02-17 23:49:28.820 radio  1133  1282 V RIL     : gsm.sim.operator.numeric [0]= [1]=
02-17 23:49:28.820 radio  1133  1282 V RIL     : gsm.sim.operator.alpha [0]= [1]=
02-17 23:49:28.820 radio  1133  1282 V RIL     : Operator {PLMN=46601, Long PLMN=, Short PLMN=, RegState=0, lac=37242, gid1=*, cellInfoType=3, SIM plmm=, spn=, iccid=, isIwlanEn=0}
02-17 23:49:28.820 radio  1133  1282 W RIL     : Reading data from EF_OPL or EF_PNN is not complete
02-17 23:49:28.822 radio  1133  1282 V RIL     : [EonsDBRule] for mcc=466, mnc=1
02-17 23:49:28.822 radio  1133  1282 I RIL     : [RilContext_0] OnRequestComplete 
02-17 23:49:28.822 radio  1133  1282 I RIL     : [RilContext_0] ProcessSolicitedResponse Request ID=22
02-17 23:49:28.822 radio  1133  1282 I RIL     : [0] hasChanged(true)
02-17 23:49:28.822 radio  1133  1282 I RIL     :     hasOperatorNumericChanged:1
02-17 23:49:28.822 radio  1133  1282 I RIL     :     hasVoiceRegStateChanged:0
02-17 23:49:28.822 radio  1133  1282 I RIL     :     hasVoiceRadioTechChanged:0
02-17 23:49:28.822 radio  1133  1282 I RIL     :     hasDataRegStateChanged:0
02-17 23:49:28.822 radio  1133  1282 I RIL     :     hasLteVopsStatusChanged:0
02-17 23:49:28.822 radio  1133  1282 I RIL     :     hasNrStatusChanged:0
02-17 23:49:28.822 radio  3206  3570 D RILJ    : [0155]> VOICE_REGISTRATION_STATE [PHONE0]
02-17 23:49:28.823 radio  3206  3570 D RILJ    : getVoiceRegistrationState: overrideHalVersion=null [PHONE0]
02-17 23:49:28.823 radio  1133  1133 D RILC    : getVoiceRegistrationState_1_6: serial 155
02-17 23:49:28.823 radio  1133  1133 I RILC-CommandInfo: getCommandInfo found {request=20 halVer=16}
02-17 23:49:28.823 radio  1133  1282 V RIL     : [0] OldState={mVoiceRegState=NOT_REG_AND_NOT_SEARCHING,mDataRegState=NOT_REG_AND_NOT_SEARCHING,mOperatorNumeric=,mOperatorAlphaLong=,mOperatorAlphaShort=,mOperatorNumericRaw=,mOperatorAlphaLongRaw=,mOperatorAlphaShort=Raw,mIsManualNetworkSelection=0,mVoiceRadioTechnology=UNKNOWN,mDataRadioTechnology=UNKNOWN,mIsUsingCarrierAggregation=0,mIsEmergencyOnly=0,mChannelNumber=0,mNrFrequencyRange=0,mNrStatus=0,mLteVopsInfo.isVopsSupported=0,mLteVopsInfo.isEmcBearerSupported=0,mNrIndicators.isEndcAvailable=0,mNrIndicators.isDcNrRestricted=0,mNrIndicators.isNrAvailable=0} 
02-17 23:49:28.823 radio  1133  1282 V RIL     :       NewState={mVoiceRegState=NOT_REG_AND_NOT_SEARCHING,mDataRegState=NOT_REG_AND_NOT_SEARCHING,mOperatorNumeric=,mOperatorAlphaLong=,mOperatorAlphaShort=,mOperatorNumericRaw=46601,mOperatorAlphaLongRaw=Far EasTone,mOperatorAlphaShort=RawFET,mIsManualNetworkSelection=0,mVoiceRadioTechnology=UNKNOWN,mDataRadioTechnology=UNKNOWN,mIsUsingCarrierAggregation=0,mIsEmergencyOnly=0,mChannelNumber=0,mNrFrequencyRange=0,mNrStatus=0,mLteVopsInfo.isVopsSupport
02-17 23:49:28.823 radio  1133  1282 I RIL     : [RilContext_0] BroadcastSystemMessage 
02-17 23:49:28.824 radio  1133  1133 V RIL     : [RilContext_0] SendMessage RIL Request Routing : RCM ID=20 Service ID=5 Message ID=4001 delayMillis=0
02-17 23:49:28.824 radio  1133  1133 V RIL     : [ServiceMgr] msg(0xb400006e195d1ca0) msgId=4001 svc=NetworkService_0(5) direction=Request
02-17 23:49:28.824 radio  3206  3206 D GsmCdmaPhone: [0] Event BarringInfoChanged Received
02-17 23:49:28.825 radio  1133  1286 V RIL     : [GpsService]OnServiceStateChanged(0 -> 0)
02-17 23:49:28.825 radio  1133  1286 V RIL     : [GpsService] BuildDeviceInfo() {,46601,359099XXXXXXXXX}
02-17 23:49:28.825 radio  1133  1286 I RIL     : [RilContext_0] OnUnsolicitedResponse 
02-17 23:49:28.825 radio  1133  1286 I RIL     : [RilContext_0] ProcessUnsolicitedResponse 
02-17 23:49:28.825 radio  1133  1286 V RIL     : RADIO::[RilResponseListener] OnUnsolicitedResponse Filter out Unsolicited response=20416
02-17 23:49:28.825 radio  1133  1286 D RIL_EXTERNAL: rilExternalRawIndication
02-17 23:49:28.826 radio  1133  1286 I RIL_EXTERNAL: [isFilteredIndication] clientId=0 name=PID(1108) indication=4023 isFiltered=false
02-17 23:49:28.826 radio  1133  1286 I RIL_EXTERNAL: [isFilteredIndication] clientId=1 name=GpsApi(1122) indication=4023 isFiltered=false
02-17 23:49:28.826 radio  1133  1282 D RILC    : RequestComplete, RIL_SOCKET_1
02-17 23:49:28.826 radio  1133  1286 I RIL_EXTERNAL: [isFilteredIndication] clientId=2 name=SeApi(963) indication=4023 isFiltered=true
02-17 23:49:28.826 radio  1133  1282 E RILC    : Calling responseFunction() for token 150
02-17 23:49:28.826 radio  1133  1286 I RIL_EXTERNAL: [isFilteredIndication] clientId=3 name=unknown indication=4023 isFiltered=false
02-17 23:49:28.826 radio  1133  1286 I RIL_EXTERNAL: [isFilteredIndication] clientId=4 name=unknown indication=4023 isFiltered=false
02-17 23:49:28.826 radio  1133  1286 I RIL_EXTERNAL: [isFilteredIndication] clientId=5 name=unknown indication=4023 isFiltered=false
02-17 23:49:28.826 radio  1133  1286 I RIL_EXTERNAL: [isFilteredIndication] clientId=6 name=unknown indication=4023 isFiltered=false
02-17 23:49:28.826 radio  1133  1286 D RIL_EXTERNAL: rilExternalRawIndication
02-17 23:49:28.826 radio  1133  1282 D RILC-HIDL: HidlHalNetworkResponse::getOperatorResponse: serial 150
02-17 23:49:28.826 radio  1133  1282 D RILC-AIDL_SERVICE: RadioNetworkResponseHook::getOperatorResponse mNetworkCb=0xb400006f895cf1d8
02-17 23:49:28.826 radio  3206  3206 D SST     : [0] handlePollStateResultMessage: PS IWLAN. NetworkRegistrationInfo{ domain=PS transportType=WLAN registrationState=NOT_REG_SEARCHING networkRegistrationState=NOT_REG_SEARCHING roamingType=NOT_ROAMING accessNetworkTechnology=UNKNOWN rejectCause=0 emergencyEnabled=true availableServices=[DATA] cellIdentity=null voiceSpecificInfo=null dataSpecificInfo=null nrState=NONE rRplmn= isUsingCarrierAggregation=false isNonTerrestrialNetwork=TERRESTRIAL}
02-17 23:49:28.826  1000  1108  1125 D RILClient: [OemClient]IND: (clientId = 0, msgId = 4023, dataLength = 30, channel = 0)
02-17 23:49:28.827 radio  1133  1286 D RIL_EXTERNAL: rilExternalRawIndication
02-17 23:49:28.827 radio  1133  1286 D RIL_EXTERNAL: rilExternalRawIndication
02-17 23:49:28.827 radio  3206  3239 D RILJ    : [0150]< OPERATOR {, , } [PHONE0]
02-17 23:49:28.827   gps  1122  2066 D RILClient: [OemClient]IND: (clientId = 1, msgId = 4023, dataLength = 30, channel = 0)
02-17 23:49:28.827 radio  1133  1286 D RIL_EXTERNAL: rilExternalRawIndication
02-17 23:49:28.827   gps  1122  2066 I LibSITRil-Gps: SITRilClient__OnUnsolicitedResponse() msgId(4023), data(0x0x797419a0d0), length(30)
02-17 23:49:28.827   gps  1122  2066 I LibSITRil-Gps: SITRilClient__OnUnsolicitedResponse() RILC_UNSOL_GPS_DEVICE_INFO_CHANGED = 4023
02-17 23:49:28.827 radio  1133  1286 D RIL_EXTERNAL: rilExternalRawIndication
02-17 23:49:28.827 radio  1133  1286 D RIL_EXTERNAL: rilExternalRawIndication
02-17 23:49:28.827   gps  1122  1122 D gpsd    : WakeLock(Acquire,GPSD)
02-17 23:49:28.828   gps  1122  1122 I LibSITRil-Gps: RequestAGPS: msgId=228 data=0x0 data_len=0 callback=0x59a92e4a04
02-17 23:49:28.828   gps  1122  1122 I libsitril-client: RilClientHelperDLImpl::Send
02-17 23:49:28.828   gps  1122  1122 D RILClient: [OemClient]REQ (clientId = 1, t = 14, msgId = 228, len = 0 channel = 0)
02-17 23:49:28.829 radio  1133  1269 D RIL_EXTERNAL: sendRequestRaw
02-17 23:49:28.829 10090  3194  3194 D SHANNON_IMS: 0275 [HELP] Unsol {UNKNOWN} received  [SLID:0  Active:true] (ImsRilHelper%onHandleUnsolicitedResponse:306)
02-17 23:49:28.830 radio  1133  1282 V RIL     : [RilContext_0] RemoveRequestHistory  token=0x00C4
02-17 23:49:28.830 radio  1133  1269 V RIL     : [RilApplication] externalOnRequest reqOemId=10410, t=0xb400006f995e61d0, socketid=0
02-17 23:49:28.830 radio  1133  1269 V RIL     : [RilContext_0] SendMessage RIL Request Routing : RCM ID=10410 Service ID=9 Message ID=9060 delayMillis=0
02-17 23:49:28.830 radio  1133  1269 V RIL     : [ServiceMgr] msg(0xb400006e195d2090) msgId=9060 svc=GpsService(9) direction=Request
02-17 23:49:28.830 radio  1133  1286 I RIL     : [GpsService] DoGpsGetSimState()
02-17 23:49:28.830 radio  1133  1286 I RIL     : [RilContext_0] OnRequestComplete 
02-17 23:49:28.830 radio  1133  1286 I RIL     : [RilContext_0] ProcessSolicitedResponse Request ID=10410
02-17 23:49:28.830 radio  1133  1286 D RIL_EXTERNAL: sendRequestRawResponse: 14
02-17 23:49:28.830 radio  1133  1286 D RIL_EXTERNAL: sendRequestRawResponse: serial 14, RILC_REQ_GPS_GET_SIM_STATE(228) slotId 0 RIL_Errno 0
02-17 23:49:28.830 radio  1133  1286 D RIL_EXTERNAL: sendRequestRawResponse
02-17 23:49:28.830 radio  1133  1286 D RIL_EXTERNAL: sendRequestRawResponse
02-17 23:49:28.831   gps  1122  2066 D RILClient: [OemClient]RSP: (clientId = 1, t = 14, msgId = 228, len = 16, channel = 0, status = 0)
02-17 23:49:28.831 radio  1133  1282 V RIL     : gsm.sim.operator.numeric [0]= [1]=
02-17 23:49:28.832 radio  1133  1282 V RIL     : GetOppositeRilContext Get RilContext(1)
02-17 23:49:28.832 radio  1133  1282 V RIL     : [RilContext_0] GetRilContext socket_id:1
02-17 23:49:28.832 radio  1133  1282 V RIL     : [RilContext_0] GetRilContext return socketid(1)'s RilContext
02-17 23:49:28.832 radio  1133  1282 V RIL     : [RilContext_1] GetService return service(3)
02-17 23:49:28.833 radio  1133  1282 V RIL     : GetOppositeRilContext Get RilContext(1)
02-17 23:49:28.833 radio  1133  1282 V RIL     : [RilContext_0] GetRilContext socket_id:1
02-17 23:49:28.833 radio  1133  1282 V RIL     : [RilContext_0] GetRilContext return socketid(1)'s RilContext
02-17 23:49:28.833 radio  1133  1282 V RIL     : [RilContext_1] GetService return service(3)
02-17 23:49:28.833 radio  1133  1282 V RIL     : GetOppositeRilContext Get RilContext(1)
02-17 23:49:28.834 radio  1133  1282 V RIL     : [RilContext_0] GetRilContext socket_id:1
02-17 23:49:28.834 radio  1133  1282 V RIL     : [RilContext_0] GetRilContext return socketid(1)'s RilContext
02-17 23:49:28.834 radio  1133  1282 V RIL     : [RilContext_1] GetService return service(3)
02-17 23:49:28.834 radio  1133  1282 I RIL     : [DbEccInfoLoader_0] LoadDbEccInfo() SIM DB ECC ID:        , hasPresence: false, last DB ECC ID: DEFAULT_DB_ECC
02-17 23:49:28.834 radio  1133  1282 I RIL     : [DbEccInfoLoader_0] LoadDbEccInfo() NET DB ECC ID: 46601  , hasPresence: true , last DB ECC ID: DEFAULT_DB_ECC
02-17 23:49:28.835 radio  1133  1282 I RIL     : [DbEccInfoLoader_0] LoadDbEccInfo() Load DB ECC ID: 46601.
02-17 23:49:28.835 radio  1133  1282 I RIL     : [DbEccInfoLoader_0] UpdateDbEccInfo() DB ECC ID: 46601, isIccid: false, target MCC: 466, target MNC: 01.
02-17 23:49:28.835 radio  1133  1282 I RIL     : [DbEccInfoLoader_0] ReadDbEccUsingXml() filename: /data/vendor/radio/database/DbEcc_466.xml.
02-17 23:49:28.836 radio  1133  1282 I RIL     : [DbEccInfoLoader_0] AddEccItem() target MNC is not found. Use retail list.
02-17 23:49:28.836 radio  1133  1282 I RIL     : [EmergencyNumberUpdater_0] UpdateEmergencyTypeAndRouting() found entry emergency number: 112, card state: RIL_CARDSTATE_ABSENT, voice regi state: NOT_REG_AND_NOT_SEARCHING, imsRegState: NOT_REGISTERED, mIsEmcLabTestMode: false, mEmcBearerSupported: false, conditions=[ ALWAYS ].
02-17 23:49:28.836 radio  1133  1282 I RIL     : [EmergencyNumberUpdater_0] UpdateEmergencyTypeAndRouting() found entry emergency number: 911, card state: RIL_CARDSTATE_ABSENT, voice regi state: NOT_REG_AND_NOT_SEARCHING, imsRegState: NOT_REGISTERED, mIsEmcLabTestMode: false, mEmcBearerSupported: false, conditions=[ ALWAYS ].
02-17 23:49:28.836 radio  1133  1282 I RIL     : [EmergencyNumberUpdater_0] UpdateEmergencyTypeAndRouting() found entry emergency number: 000, card state: RIL_CARDSTATE_ABSENT, voice regi state: NOT_REG_AND_NOT_SEARCHING, imsRegState: NOT_REGISTERED, mIsEmcLabTestMode: false, mEmcBearerSupported: false, conditions=[ NO_SIM ].
02-17 23:49:28.837 radio  1133  1282 I RIL     : [EmergencyNumberUpdater_0] UpdateEmergencyTypeAndRouting() found entry emergency number: 08, card state: RIL_CARDSTATE_ABSENT, voice regi state: NOT_REG_AND_NOT_SEARCHING, imsRegState: NOT_REGISTERED, mIsEmcLabTestMode: false, mEmcBearerSupported: false, conditions=[ NO_SIM ].
02-17 23:49:28.837 radio  1133  1282 I RIL     : [EmergencyNumberUpdater_0] UpdateEmergencyTypeAndRouting() found entry emergency number: 110, card state: RIL_CARDSTATE_ABSENT, voice regi state: NOT_REG_AND_NOT_SEARCHING, imsRegState: NOT_REGISTERED, mIsEmcLabTestMode: false, mEmcBearerSupported: false, conditions=[ NO_SIM ].
02-17 23:49:28.837 radio  1133  1282 I RIL     : [EmergencyNumberUpdater_0] UpdateEmergencyTypeAndRouting() found entry emergency number: 999, card state: RIL_CARDSTATE_ABSENT, voice regi state: NOT_REG_AND_NOT_SEARCHING, imsRegState: NOT_REGISTERED, mIsEmcLabTestMode: false, mEmcBearerSupported: false, conditions=[ NO_SIM ].
02-17 23:49:28.837 radio  1133  1282 I RIL     : [EmergencyNumberUpdater_0] UpdateEmergencyTypeAndRouting() found entry emergency number: 118, card state: RIL_CARDSTATE_ABSENT, voice regi state: NOT_REG_AND_NOT_SEARCHING, imsRegState: NOT_REGISTERED, mIsEmcLabTestMode: false, mEmcBearerSupported: false, conditions=[ NO_SIM ].
02-17 23:49:28.837 radio  1133  1282 I RIL     : [EmergencyNumberUpdater_0] UpdateEmergencyTypeAndRouting() found entry emergency number: 119, card state: RIL_CARDSTATE_ABSENT, voice regi state: NOT_REG_AND_NOT_SEARCHING, imsRegState: NOT_REGISTERED, mIsEmcLabTestMode: false, mEmcBearerSupported: false, conditions=[ NO_SIM ].
02-17 23:49:28.837 radio  1133  1282 I RIL     : [EmergencyNumberUpdater_0] UpdateEmergencyTypeAndRouting() found entry emergency number: 112, card state: RIL_CARDSTATE_ABSENT, voice regi state: NOT_REG_AND_NOT_SEARCHING, imsRegState: NOT_REGISTERED, mIsEmcLabTestMode: false, mEmcBearerSupported: false, conditions=[ ALWAYS ].
02-17 23:49:28.837 radio  1133  1282 I RIL     : [EmergencyNumberUpdater_0] UpdateEmergencyTypeAndRouting() found entry emergency number: 911, card state: RIL_CARDSTATE_ABSENT, voice regi state: NOT_REG_AND_NOT_SEARCHING, imsRegState: NOT_REGISTERED, mIsEmcLabTestMode: false, mEmcBearerSupported: false, conditions=[ ALWAYS ].
02-17 23:49:28.837 radio  1133  1282 I RIL     : [EmergencyNumberUpdater_0] UpdateEmergencyTypeAndRouting() found entry emergency number: 110, card state: RIL_CARDSTATE_ABSENT, voice regi state: NOT_REG_AND_NOT_SEARCHING, imsRegState: NOT_REGISTERED, mIsEmcLabTestMode: false, mEmcBearerSupported: false, conditions=[ UI_ONLY BOTH_NOT_REGI ].
02-17 23:49:28.837 radio  1133  1282 I RIL     : [EmergencyNumberUpdater_0] UpdateEmergencyTypeAndRouting() found entry emergency number: 119, card state: RIL_CARDSTATE_ABSENT, voice regi state: NOT_REG_AND_NOT_SEARCHING, imsRegState: NOT_REGISTERED, mIsEmcLabTestMode: false, mEmcBearerSupported: false, conditions=[ UI_ONLY BOTH_NOT_REGI ].
02-17 23:49:28.838 radio  1133  1282 I RIL     : [EmergencyNumberUpdater_0] UpdateEmergencyTypeAndRouting() found entry emergency number: 112, card state: RIL_CARDSTATE_ABSENT, voice regi state: NOT_REG_AND_NOT_SEARCHING, imsRegState: NOT_REGISTERED, mIsEmcLabTestMode: false, mEmcBearerSupported: false, conditions=[ ALWAYS ].
02-17 23:49:28.838 radio  1133  1282 I RIL     : [RilContext_0] OnUnsolicitedResponse 
02-17 23:49:28.838 radio  1133  1282 I RIL     : [RilContext_0] ProcessUnsolicitedResponse 
02-17 23:49:28.838 radio  1133  1282 I RILC-CommandInfo: getUnsolRespInfo found {unsolResponse=1102 halVer=00}
02-17 23:49:28.838 radio  1133  1282 D RILC-HIDL: currentEmergencyNumberListInd
02-17 23:49:28.839 radio  1133  1282 D RILC-AIDL_SERVICE: RadioVoiceIndicationHook::currentEmergencyNumberList mVoiceCb=0xb400006f895ce0a8
02-17 23:49:28.840 radio  3206  3239 D RILJ    : Unsol response received; Sending ack to ril.cpp [PHONE0]
02-17 23:49:28.841 radio  3206  3239 D RILJ    : [UNSL]< UNSOL_EMERGENCY_NUMBER_LIST [[EmergencyNumber: 112, countryIso=, mnc=DEF, src=mdm , routing=unknown, categories=, urns=], [EmergencyNumber: 911, countryIso=, mnc=DEF, src=mdm , routing=unknown, categories=, urns=], [EmergencyNumber: 000, countryIso=, mnc=DEF, src=mdm , routing=unknown, categories=, urns=], [EmergencyNumber: 08, countryIso=, mnc=DEF, src=mdm , routing=unknown, categories=, urns=], [EmergencyNumber: 110, countryIso=, mnc=DEF, src=mdm , routing=unknown, categories=, urns=], [EmergencyNumber: 999, countryIso=, mnc=DEF, src=mdm , routing=unknown, categories=, urns=], [EmergencyNumber: 118, countryIso=, mnc=DEF, src=mdm , routing=unknown, categories=, urns=], [EmergencyNumber: 119, countryIso=, mnc=DEF, src=mdm , routing=unknown, categories=, urns=], [EmergencyNumber: 112, countryIso=tw, mnc=01, src=mdm , routing=unknown, categories=, urns=], [EmergencyNumber: 911, countryIso=tw, mnc=01, src=mdm , routing=unknown, categories=, urns=], [EmergencyNumber: 110, countryIso=tw, mnc=01, src=mdm , routing=unknown, categories=, urns=], [EmergencyNumber: 119, countryIso=tw, mnc=01, src=mdm , routing=unknown, categories=, urns=], [EmergencyNumber: 112, countryIso=, mnc=, src=mdm , routing=unknown, categories=, urns=]] [PHONE0]
02-17 23:49:28.842 radio  1133  1282 I RILC    : RIL_SOCKET_1 UNSOLICITED:  UNSOL_EMERGENCY_NUMBER_LIST length:624
02-17 23:49:28.842 radio  1133  1282 V RIL     : RADIO_EXT::[RilExternalResponseListener] OnUnsolicitedResponse Filter out Unsolicited response=1102, channel=0
02-17 23:49:28.842 radio  1133  1282 I RIL     : [RilContext_0] OnUnsolicitedResponse 
02-17 23:49:28.842 radio  1133  1282 I RIL     : [RilContext_0] ProcessUnsolicitedResponse 
02-17 23:49:28.842 radio  1133  1282 V RIL     : RADIO::[RilResponseListener] OnUnsolicitedResponse Filter out Unsolicited response=20344
02-17 23:49:28.842 radio  1133  1282 D RIL_EXTERNAL: rilExternalRawIndication
02-17 23:49:28.842 radio  1133  1282 I RIL_EXTERNAL: [isFilteredIndication] clientId=0 name=PID(1108) indication=3058 isFiltered=false
02-17 23:49:28.842 radio  1133  1282 I RIL_EXTERNAL: [isFilteredIndication] clientId=1 name=GpsApi(1122) indication=3058 isFiltered=true
02-17 23:49:28.842 radio  1133  1282 I RIL_EXTERNAL: [isFilteredIndication] clientId=2 name=SeApi(963) indication=3058 isFiltered=true
02-17 23:49:28.842 radio  1133  1282 I RIL_EXTERNAL: [isFilteredIndication] clientId=3 name=unknown indication=3058 isFiltered=false
02-17 23:49:28.842 radio  1133  1282 I RIL_EXTERNAL: [isFilteredIndication] clientId=4 name=unknown indication=3058 isFiltered=false
02-17 23:49:28.842 radio  1133  1282 I RIL_EXTERNAL: [isFilteredIndication] clientId=5 name=unknown indication=3058 isFiltered=false
02-17 23:49:28.842 radio  1133  1282 I RIL_EXTERNAL: [isFilteredIndication] clientId=6 name=unknown indication=3058 isFiltered=false
02-17 23:49:28.842 radio  1133  1282 D RIL_EXTERNAL: rilExternalRawIndication
02-17 23:49:28.843 radio  1133  1282 D RIL_EXTERNAL: rilExternalRawIndication
02-17 23:49:28.843 radio  1133  1282 D RIL_EXTERNAL: rilExternalRawIndication
02-17 23:49:28.843 radio  1133  1282 D RIL_EXTERNAL: rilExternalRawIndication
02-17 23:49:28.843 radio  1133  1282 D RIL_EXTERNAL: rilExternalRawIndication
02-17 23:49:28.843  1000  1108  1125 D RILClient: [OemClient]IND: (clientId = 0, msgId = 3058, dataLength = 849, channel = 0)
02-17 23:49:28.843 radio  1133  1282 V RIL     : GetOppositeRilContext Get RilContext(1)
02-17 23:49:28.843 radio  3206  3206 D EmergencyNumberTracker: [0]updateRadioEmergencyNumberListAndNotify(): receiving [[EmergencyNumber: 000, countryIso=, mnc=DEF, src=mdm , routing=unknown, categories=, urns=], [EmergencyNumber: 08, countryIso=, mnc=DEF, src=mdm , routing=unknown, categories=, urns=], [EmergencyNumber: 110, countryIso=, mnc=DEF, src=mdm , routing=unknown, categories=, urns=], [EmergencyNumber: 110, countryIso=tw, mnc=01, src=mdm , routing=unknown, categories=, urns=], [EmergencyNumber: 112, countryIso=, mnc=, src=mdm , routing=unknown, categories=, urns=], [EmergencyNumber: 112, countryIso=, mnc=DEF, src=mdm , routing=unknown, categories=, urns=], [EmergencyNumber: 112, countryIso=tw, mnc=01, src=mdm , routing=unknown, categories=, urns=], [EmergencyNumber: 118, countryIso=, mnc=DEF, src=mdm , routing=unknown, categories=, urns=], [EmergencyNumber: 119, countryIso=, mnc=DEF, src=mdm , routing=unknown, categories=, urns=], [EmergencyNumber: 119, countryIso=tw, mnc=01, src=mdm , routing=unknown, categories=, urns=], [EmergencyNumber: 911, countryIso=, mnc=DEF, src=mdm , routing=unknown, categories=, urns=], [EmergencyNumber: 911, countryIso=tw, mnc=01, src=mdm , routing=unknown, categories=, urns=], [EmergencyNumber: 999, countryIso=, mnc=DEF, src=mdm , routing=unknown, categories=, urns=]]
02-17 23:49:28.843 radio  1133  1282 V RIL     : [RilContext_0] GetRilContext socket_id:1
02-17 23:49:28.843 radio  1133  1282 V RIL     : [RilContext_0] GetRilContext return socketid(1)'s RilContext
02-17 23:49:28.844 radio  1133  1282 V RIL     : [ServiceMgr] msg(0xb400006e195d0b90) msgId=5223 svc=NetworkService_1(5) direction=Request
02-17 23:49:28.844 radio  1133  1299 I RIL     : [NetworkService_1] DoUpdateEmergencyNumberList()
02-17 23:49:28.844 radio  1133  1299 I RIL     : [NetworkService_1] DoUpdateEmergencyNumberList() callByOpposite:1
02-17 23:49:28.844 radio  1133  1299 V RIL     : gsm.sim.operator.numeric [0]= [1]=
02-17 23:49:28.844 radio  1133  1299 V RIL     : [RilContext_1] GetService return service(3)
02-17 23:49:28.844 radio  1133  1299 V RIL     : [RilContext_1] GetService return service(3)
02-17 23:49:28.844 radio  1133  1299 V RIL     : [RilContext_1] GetService return service(3)
02-17 23:49:28.844 radio  1133  1299 I RIL     : [DbEccInfoLoader_1] LoadDbEccInfo() SIM DB ECC ID:        , hasPresence: false, last DB ECC ID: DEFAULT_DB_ECC
02-17 23:49:28.844 radio  1133  1299 I RIL     : [DbEccInfoLoader_1] LoadDbEccInfo() NET DB ECC ID:        , hasPresence: true , last DB ECC ID: DEFAULT_DB_ECC
02-17 23:49:28.844 radio  1133  1299 I RIL     : [DbEccInfoLoader_1] LoadDbEccInfo() Load empty DB ECC.
02-17 23:49:28.844 radio  1133  1299 I RIL     : [EmergencyNumberUpdater_1] UpdateEmergencyTypeAndRouting() found entry emergency number: 112, card state: RIL_CARDSTATE_PRESENT, voice regi state: NOT_REG_AND_NOT_SEARCHING, imsRegState: NOT_REGISTERED, mIsEmcLabTestMode: false, mEmcBearerSupported: false, conditions=[ ALWAYS ].
02-17 23:49:28.844 radio  1133  1299 I RIL     : [EmergencyNumberUpdater_1] UpdateEmergencyTypeAndRouting() found entry emergency number: 911, card state: RIL_CARDSTATE_PRESENT, voice regi state: NOT_REG_AND_NOT_SEARCHING, imsRegState: NOT_REGISTERED, mIsEmcLabTestMode: false, mEmcBearerSupported: false, conditions=[ ALWAYS ].
02-17 23:49:28.844 radio  1133  1299 I RIL     : [EmergencyNumberUpdater_1] UpdateEmergencyTypeAndRouting() found entry emergency number: 000, card state: RIL_CARDSTATE_PRESENT, voice regi state: NOT_REG_AND_NOT_SEARCHING, imsRegState: NOT_REGISTERED, mIsEmcLabTestMode: false, mEmcBearerSupported: false, conditions=[ NO_SIM ].
02-17 23:49:28.844 radio  1133  1299 I RIL     : [EmergencyNumberUpdater_1] UpdateEmergencyTypeAndRouting() found entry emergency number: 08, card state: RIL_CARDSTATE_PRESENT, voice regi state: NOT_REG_AND_NOT_SEARCHING, imsRegState: NOT_REGISTERED, mIsEmcLabTestMode: false, mEmcBearerSupported: false, conditions=[ NO_SIM ].
02-17 23:49:28.844 radio  1133  1299 I RIL     : [EmergencyNumberUpdater_1] UpdateEmergencyTypeAndRouting() found entry emergency number: 110, card state: RIL_CARDSTATE_PRESENT, voice regi state: NOT_REG_AND_NOT_SEARCHING, imsRegState: NOT_REGISTERED, mIsEmcLabTestMode: false, mEmcBearerSupported: false, conditions=[ NO_SIM ].
02-17 23:49:28.844 radio  1133  1299 I RIL     : [EmergencyNumberUpdater_1] UpdateEmergencyTypeAndRouting() found entry emergency number: 999, card state: RIL_CARDSTATE_PRESENT, voice regi state: NOT_REG_AND_NOT_SEARCHING, imsRegState: NOT_REGISTERED, mIsEmcLabTestMode: false, mEmcBearerSupported: false, conditions=[ NO_SIM ].
02-17 23:49:28.844 radio  1133  1299 I RIL     : [EmergencyNumberUpdater_1] UpdateEmergencyTypeAndRouting() found entry emergency number: 118, card state: RIL_CARDSTATE_PRESENT, voice regi state: NOT_REG_AND_NOT_SEARCHING, imsRegState: NOT_REGISTERED, mIsEmcLabTestMode: false, mEmcBearerSupported: false, conditions=[ NO_SIM ].
