02-18 07:49:34.590 10097  2997  3037 V WindowManagerShell: Transition requested (#9): android.os.BinderProxy@216bf TransitionRequestInfo { type = CLOSE, triggerTask = TaskInfo{userId=0 taskId=9 displayId=0 isRunning=false baseIntent=Intent { act=android.intent.action.MAIN flg=0x14000000 cmp=android.display.cts/.ScreenOnActivity } baseActivity=null topActivity=null origActivity=null realActivity=ComponentInfo{android.display.cts/android.display.cts.ScreenOnActivity} numActivities=0 lastActiveTime=76370 supportsMultiWindow=true resizeMode=1 isResizeable=true minWidth=-1 minHeight=-1 defaultMinSize=220 token=WCT{android.window.IWindowContainerToken$Stub$Proxy@a8c118c} topActivityType=1 pictureInPictureParams=null shouldDockBigOverlays=false launchIntoPipHostTaskId=-1 lastParentTaskIdBeforePip=-1 displayCutoutSafeInsets=Rect(0, 136 - 0, 0) topActivityInfo=null launchCookies=[] positionInParent=Point(0, 0) parentTaskId=-1 isFocused=true isVisible=true isVisibleRequested=true isSleeping=false locusId=null displayAreaFeatureId=1 isTopActivityTransparent=false appCompatTaskInfo=AppCompatTaskInfo { topActivityInSizeCompat=false topActivityEligibleForLetterboxEducation= false isLetterboxDoubleTapEnabled= false topActivityEligibleForUserAspectRatioButton= false topActivityBoundsLetterboxed= false isFromLetterboxDoubleTap= false topActivityLetterboxVerticalPosition= -1 topActivityLetterboxHorizontalPosition= -1 topActivityLetterboxWidth=-1 topActivityLetterboxHeight=-1 isUserFullscreenOverrideEnabled=false isSystemFullscreenOverrideEnabled=false cameraCompatControlState=hidden}}, pipTask = null, remoteTransition = null, displayChange = null, flags = 0, debugId = 9 }
02-18 07:49:34.591 10129  5634  5634 I wm_on_top_resumed_lost_called: [38264070,android.display.cts.ScreenOnActivity,topStateChangedWhenResumed]
02-18 07:49:34.591  1000  1475  1776 I viewroot_draw_event: [VRI[Overlay #1: 181x161, 214 dpi],reportDrawFinished seqId=0]
02-18 07:49:34.591 10129  5634  5634 I wm_on_paused_called: [38264070,android.display.cts.ScreenOnActivity,performPause,0]
02-18 07:49:34.591 10129  5634  5634 D LifecycleMonitor: Lifecycle status change: android.display.cts.ScreenOnActivity@96ecd00 in: PAUSED
02-18 07:49:34.592 10097  2997  3055 W FrameTracker: Missing HWUI jank callback for vsyncId: 24980, CUJ=J<SPLASHSCREEN_EXIT_ANIM>
02-18 07:49:34.593 10097  2997  3055 W FrameTracker: Missing HWUI jank callback for vsyncId: 25279, CUJ=J<SPLASHSCREEN_EXIT_ANIM>
02-18 07:49:34.595 10129  5634  5650 E TestRunner: failed: testGetMetrics(android.display.cts.DisplayTest)
02-18 07:49:34.595 10129  5634  5650 E TestRunner: ----- begin exception -----
02-18 07:49:34.596 10129  5634  5650 E TestRunner: java.lang.AssertionError: Secondary display width is unexpected; height: 181 name Overlay #1 id 2 type 4 expected:<181> but was:<161>
02-18 07:49:34.596 10129  5634  5650 E TestRunner: 	at org.junit.Assert.fail(Assert.java:89)
02-18 07:49:34.596 10129  5634  5650 E TestRunner: 	at org.junit.Assert.failNotEquals(Assert.java:835)
02-18 07:49:34.596 10129  5634  5650 E TestRunner: 	at org.junit.Assert.assertEquals(Assert.java:647)
02-18 07:49:34.596 10129  5634  5650 E TestRunner: 	at android.display.cts.DisplayTest.testGetMetrics(DisplayTest.java:597)
02-18 07:49:34.596 10129  5634  5650 E TestRunner: 	at android.display.cts.DisplayTest.testGetMetrics(DisplayTest.java:568)
02-18 07:49:34.596 10129  5634  5650 E TestRunner: 	at java.lang.reflect.Method.invoke(Native Method)
02-18 07:49:34.596 10129  5634  5650 E TestRunner: 	at org.junit.runners.model.FrameworkMethod$1.runReflectiveCall(FrameworkMethod.java:59)
02-18 07:49:34.596 10129  5634  5650 E TestRunner: 	at org.junit.internal.runners.model.ReflectiveCallable.run(ReflectiveCallable.java:12)
02-18 07:49:34.596 10129  5634  5650 E TestRunner: 	at org.junit.runners.model.FrameworkMethod.invokeExplosively(FrameworkMethod.java:61)
02-18 07:49:34.596 10129  5634  5650 E TestRunner: 	at org.junit.internal.runners.statements.InvokeMethod.evaluate(InvokeMethod.java:17)
02-18 07:49:34.596 10129  5634  5650 E TestRunner: 	at org.junit.internal.runners.statements.FailOnTimeout$CallableStatement.call(FailOnTimeout.java:148)
02-18 07:49:34.596 10129  5634  5650 E TestRunner: 	at org.junit.internal.runners.statements.FailOnTimeout$CallableStatement.call(FailOnTimeout.java:142)
02-18 07:49:34.596 10129  5634  5650 E TestRunner: 	at java.util.concurrent.FutureTask.run(FutureTask.java:264)
02-18 07:49:34.596 10129  5634  5650 E TestRunner: 	at java.lang.Thread.run(Thread.java:1012)
02-18 07:49:34.596 10129  5634  5650 E TestRunner: ----- end exception -----
02-18 07:49:34.598 10129  5634  5650 I TestRunner: finished: testGetMetrics(android.display.cts.DisplayTest)
02-18 07:49:34.601  1000  1475  1776 I WindowManager: Override config changes=20005df8 {0.0 ?mcc0mnc ?localeList ?layoutDir sw120dp w135dp h120dp 214dpi smll land ?uimode ?night -touch -keyb/v/h -nav/h winConfig={ mBounds=Rect(0, 0 - 181, 161) mAppBounds=Rect(0, 0 - 181, 161) mMaxBounds=Rect(0, 0 - 181, 161) mDisplayRotation=ROTATION_0 mWindowingMode=fullscreen mDisplayWindowingMode=fullscreen mActivityType=undefined mAlwaysOnTop=undefined mRotation=ROTATION_0} ?fontWeightAdjustment} for displayId=2
02-18 07:49:34.601  1000  1475  1776 I sysui_multi_action: [757,1659,758,4,759,2,1660,2]
02-18 07:49:34.601  1000  1475  1776 I wm_set_keyguard_shown: [0,0,0,0,0,updateVisibility]
02-18 07:49:34.602  1000  1475  1776 V WindowManager: Content Recording: Successfully created a ContentRecordingSession for displayId=2 to mirror content from displayId=0
02-18 07:49:34.602  1000  1475  1776 V WindowManager: Content Recording: Display 2 has no content and is on, so start recording for state 2
02-18 07:49:34.603  1000  1475  1776 V WindowManager: Content Recording: Apply transformations of shift 54 x 0, scale 0.06708333641290665 x 0.06708333641290665, crop (aka recorded content size) 1080 x 2400 for display 2; display has size 135 x 120; surface has size 181 x 161
02-18 07:49:34.603 10097  2997  3037 W DisplayController: Skipping Display Configuration change on non-added display.
02-18 07:49:34.604  1000  1475  1776 I MediaProjectionManagerService: Cannot log MediaProjectionTargetChanged atom due to null projection
02-18 07:49:34.604  1000  1475  1776 V WindowManager: Loading animations: layout params pkg=android resId=0x0
02-18 07:49:34.605  1000  1475  1776 V WindowManager: Content Recording: Display 2 was already recording, so apply transformations if necessary
02-18 07:49:34.605  1000  1475  1776 V WindowManager: Content Recording: Going ahead with updating recording for display 2 to new bounds Rect(0, 0 - 1080, 2400) and/or orientation 1 and/or surface size Point(181, 161)
02-18 07:49:34.605  1000  1475  1776 V WindowManager: Content Recording: Apply transformations of shift 54 x 0, scale 0.06708333641290665 x 0.06708333641290665, crop (aka recorded content size) 1080 x 2400 for display 2; display has size 135 x 120; surface has size 181 x 161
02-18 07:49:34.605  1000  1475  1475 W WindowTokenClientController: Can't find attached WindowTokenClient for android.window.WindowTokenClient@ee8c5b0
02-18 07:49:34.606  1000  1475  1629 I wm_add_to_stopping: [0,38264070,android.display.cts/.ScreenOnActivity,completeFinishing]
02-18 07:49:34.607  1000  1475  1629 I wm_set_resumed_activity: [0,com.android.launcher3/.uioverrides.QuickstepLauncher,resumeTopActivity - onActivityStateChanged]
02-18 07:49:34.607  1000  1475  1629 I wm_resume_activity: [0,144177922,7,com.android.launcher3/.uioverrides.QuickstepLauncher]
02-18 07:49:34.607  1000  1475  1775 I sysui_multi_action: [757,803,799,window_time_0,802,0]
02-18 07:49:34.608 10092  3260  3260 I wm_on_restart_called: [144177922,com.android.launcher3.uioverrides.QuickstepLauncher,performRestart,0]
02-18 07:49:34.608 10129  5634  5650 I MonitoringInstr: Unstopped activity count: 1
02-18 07:49:34.608 10092  3260  3260 I wm_on_start_called: [144177922,com.android.launcher3.uioverrides.QuickstepLauncher,handleStartActivity,0]
02-18 07:49:34.609 10092  3260  3260 I wm_on_resume_called: [144177922,com.android.launcher3.uioverrides.QuickstepLauncher,RESUME_ACTIVITY,0]
02-18 07:49:34.609 10092  3260  3260 I wm_on_top_resumed_gained_called: [144177922,com.android.launcher3.uioverrides.QuickstepLauncher,topWhenResuming]
02-18 07:49:34.609  1000  1475  1776 V WindowManager: Content Recording: Display 2 state was (2), is now (2), so update recording?
02-18 07:49:34.609 10092  3260  3260 D StatsLog: LAUNCHER_ONRESUME
02-18 07:49:34.609  1000  1475  1783 D DisplayManagerService: Ignore redundant display event 2/2 to 10091/3707
02-18 07:49:34.611 10097  2997  3066 D allDisplayEvents: newValue: Changed(displayId=2)
02-18 07:49:34.612 10097  2997  2997 D DisplayRepository: combining enabled=[0, 2], connectedExternalDisplayIds=[], ignored=[]
02-18 07:49:34.613 10097  2997  3037 V ShellDragAndDrop: Display added: 2
02-18 07:49:34.613 10097  2997  3037 D WindowManagerShell: setLauncherKeepClearAreaHeight: visible=true, height=294
02-18 07:49:34.617  1000  1475  1783 I OverlayDisplayAdapter: Dismissing all overlay display devices.
02-18 07:49:34.617  1000  1475  1783 W OverlayDisplayAdapter: Malformed overlay display devices setting: 
02-18 07:49:34.618  1000  1475  1820 I input_focus: [Focus request 38676a7 com.android.launcher3/com.android.launcher3.uioverrides.QuickstepLauncher,reason=UpdateInputWindows]
02-18 07:49:34.618  1000  1475  2001 I input_focus: [Focus leaving 20425fd android.display.cts/android.display.cts.ScreenOnActivity (server),reason=NO_WINDOW]
02-18 07:49:34.619  1000  1475  1776 W WindowOnBackDispatcher: sendCancelIfRunning: isInProgress=falsecallback=android.view.ViewRootImpl$$ExternalSyntheticLambda11@303015a
02-18 07:49:34.619  1000  1475  1776 D CoreBackPreview: Window{3bef402 u0 Overlay #1: 181x161, 214 dpi}: Setting back callback null
02-18 07:49:34.619 10092  3260  3260 I viewroot_draw_event: [VRI[QuickstepLauncher],Start draw after previous draw not visible]
02-18 07:49:34.619 10092  3260  3260 D BaseDepthController: setSurface:
02-18 07:49:34.619 10092  3260  3260 D BaseDepthController: 	mWaitingOnSurfaceValidity: false
02-18 07:49:34.619 10092  3260  3260 D BaseDepthController: 	mSurface: Surface(name=com.android.launcher3/com.android.launcher3.uioverrides.QuickstepLauncher)/@0x31b7a9b
02-18 07:49:34.619  1000   564  5186 W gralloc4: Unable to set buffer name VRI[QuickstepLauncher]#2(BLAST Consumer)2: File name too long
02-18 07:49:34.619  1000  1475  1783 I DisplayDeviceRepository: Display device removed: DisplayDeviceInfo{"Overlay #1": uniqueId="overlay:1", 181 x 161, modeId 3, renderFrameRate 90.0, defaultModeId 3, userPreferredModeId -1, supportedModes [{id=3, width=181, height=161, fps=90.0, vsync=90.0, alternativeRefreshRates=[], supportedHdrTypes=[]}, {id=4, width=182, height=162, fps=90.0, vsync=90.0, alternativeRefreshRates=[], supportedHdrTypes=[]}], colorMode 0, supportedColorModes [0], hdrCapabilities null, allmSupported false, gameContentTypeSupported false, density 214, 214.0 x 214.0 dpi, appVsyncOff 0, presDeadline 22611111, touch VIRTUAL, rotation 0, type OVERLAY, deviceProductInfo null, state ON, committedState UNKNOWN, frameRateOverride , brightnessMinimum 0.0, brightnessMaximum 0.0, brightnessDefault 0.0, hdrSdrRatio NaN, FLAG_PRESENTATION, FLAG_TRUSTED, installOrientation 0, displayShape DisplayShape{ spec=1451154587 displayWidth=181 displayHeight=161 physicalPixelDisplaySizeRatio=1.0 rotation=0 offsetX=0 offsetY=0 scale=1.0}}
02-18 07:49:34.620  1000  1475  1776 W InputManager-JNI: Input channel object '3bef402 Overlay #1: 181x161, 214 dpi (client)' was disposed without first being removed with the input manager!
02-18 07:49:34.620  1000   564  5186 W gralloc4: Unable to set buffer name VRI[QuickstepLauncher]#2(BLAST Consumer)2: File name too long
02-18 07:49:34.620  1000  1475  1776 V WindowManager: Loading animations: layout params pkg=android resId=0x0
02-18 07:49:34.621  1000   564  5186 W gralloc4: Unable to set buffer name VRI[QuickstepLauncher]#2(BLAST Consumer)2: File name too long
02-18 07:49:34.622  1000   564  5186 W gralloc4: Unable to set buffer name VRI[QuickstepLauncher]#2(BLAST Consumer)2: File name too long
02-18 07:49:34.623 10092  3260  3260 I viewroot_draw_event: [VRI[QuickstepLauncher],reportDrawFinished seqId=0]
02-18 07:49:34.624 10097  2997  3062 D allDisplayEvents: newValue: Removed(displayId=2)
02-18 07:49:34.624 10097  2997  3060 D DisplayRepository: display with id=2 disconnected.
02-18 07:49:34.624 10097  2997  2997 D enabledDisplayIds: newValue: [0]
02-18 07:49:34.625 10097  2997  3067 D connectedDisplayIds: newValue: [0]
02-18 07:49:34.625 10097  2997  2997 D DisplayRepository: combining enabled=[0], connectedExternalDisplayIds=[], ignored=[]
02-18 07:49:34.625  1000  1475  1820 I wm_wallpaper_surface: [0,1,Window{38676a7 u0 com.android.launcher3/com.android.launcher3.uioverrides.QuickstepLauncher}]
02-18 07:49:34.625 10097  2997  2997 D DisplayRepository: combining enabled=[0], connectedExternalDisplayIds=[], ignored=[]
02-18 07:49:34.627 10097  2997  3037 V WindowManagerShell: onTransitionReady (#9) android.os.BinderProxy@216bf: {id=9 t=CLOSE f=0x0 trk=0 r=[0@Point(0, 0)] c=[{WCT{android.window.IWindowContainerToken$Stub$Proxy@e63ef53} m=TO_FRONT f=SHOW_WALLPAPER leash=Surface(name=Task=1)/@0x3161eb7 sb=Rect(0, 0 - 1080, 2400) eb=Rect(0, 0 - 1080, 2400) d=0},{WCT{android.window.IWindowContainerToken$Stub$Proxy@aa6090} m=CLOSE f=NONE leash=Surface(name=Task=9)/@0x6510624 sb=Rect(0, 0 - 1080, 2400) eb=Rect(0, 0 - 1080, 2400) d=0},{null m=TO_FRONT f=IS_WALLPAPER leash=Surface(name=WallpaperWindowToken{729074b token=android.os.Binder@88c601a})/@0x436c58d sb=Rect(0, 0 - 1080, 2400) eb=Rect(0, 0 - 1080, 2400) d=0}]}
02-18 07:49:34.627 10097  2997  3037 V WindowManagerShell: Playing animation for (#9) android.os.BinderProxy@216bf@0
02-18 07:49:34.627 10097  2997  3037 V WindowManagerShell:  try handler com.android.wm.shell.transition.DefaultMixedHandler@d7a5933
02-18 07:49:34.627 10097  2997  3037 V WindowManagerShell:  try handler com.android.wm.shell.keyguard.KeyguardTransitionHandler@4b7b4f0
02-18 07:49:34.627 10097  2997  3037 V WindowManagerShell:  try handler com.android.wm.shell.pip.PipTransition@cf95a69
02-18 07:49:34.627 10097  2997  3037 V WindowManagerShell:  try handler com.android.wm.shell.activityembedding.ActivityEmbeddingController@5edacee
02-18 07:49:34.627 10097  2997  3037 V WindowManagerShell:  try handler com.android.wm.shell.recents.RecentsTransitionHandler@ef7558f
02-18 07:49:34.627 10097  2997  3037 V ShellRecents: RecentsTransitionHandler.startAnimation: no controller found
02-18 07:49:34.627 10097  2997  3037 V WindowManagerShell:  try handler com.android.wm.shell.splitscreen.StageCoordinator@43dcc70
02-18 07:49:34.627 10097  2997  3037 V WindowManagerShell:  try handler com.android.wm.shell.transition.RemoteTransitionHandler@6fb301c
02-18 07:49:34.627 10097  2997  3037 V WindowManagerShell: Transition doesn't have explicit remote, search filters for match for {id=9 t=CLOSE f=0x0 trk=0 r=[0@Point(0, 0)] c=[{WCT{android.window.IWindowContainerToken$Stub$Proxy@e63ef53} m=TO_FRONT f=SHOW_WALLPAPER leash=Surface(name=Task=1)/@0x3161eb7 sb=Rect(0, 0 - 1080, 2400) eb=Rect(0, 0 - 1080, 2400) d=0},{WCT{android.window.IWindowContainerToken$Stub$Proxy@aa6090} m=CLOSE f=NONE leash=Surface(name=Task=9)/@0x6510624 sb=Rect(0, 0 - 1080, 2400) eb=Rect(0, 0 - 1080, 2400) d=0},{null m=TO_FRONT f=IS_WALLPAPER leash=Surface(name=WallpaperWindowToken{729074b token=android.os.Binder@88c601a})/@0x436c58d sb=Rect(0, 0 - 1080, 2400) eb=Rect(0, 0 - 1080, 2400) d=0}]}
02-18 07:49:34.627 10097  2997  3037 V WindowManagerShell:  Checking filter Pair{{types=[] flags=0x0] notFlags=0x100 checks=[{atype=home independent=true modes=[OPEN,TO_FRONT] flags=NONE mustBeTask=false order=TOP topActivity=ComponentInfo{com.android.launcher3/com.android.launcher3.uioverrides.QuickstepLauncher}},{atype=standard independent=true modes=[CLOSE,TO_BACK] flags=NONE mustBeTask=false order=ANY topActivity=null}]} RemoteTransition { remoteTransition = android.window.IRemoteTransition$Stub$Proxy@218cc83, appThread = android.app.IApplicationThread$Stub$Proxy@3312e00, debugName = QuickstepLaunchHome }}
02-18 07:49:34.627 10097  2997  3037 D RemoteTransitionHandler: Found filterPair{{types=[] flags=0x0] notFlags=0x100 checks=[{atype=home independent=true modes=[OPEN,TO_FRONT] flags=NONE mustBeTask=false order=TOP topActivity=ComponentInfo{com.android.launcher3/com.android.launcher3.uioverrides.QuickstepLauncher}},{atype=standard independent=true modes=[CLOSE,TO_BACK] flags=NONE mustBeTask=false order=ANY topActivity=null}]} RemoteTransition { remoteTransition = android.window.IRemoteTransition$Stub$Proxy@218cc83, appThread = android.app.IApplicationThread$Stub$Proxy@3312e00, debugName = QuickstepLaunchHome }}
02-18 07:49:34.627 10097  2997  3037 V WindowManagerShell:  Delegate animation for (#9) to RemoteTransition { remoteTransition = android.window.IRemoteTransition$Stub$Proxy@218cc83, appThread = android.app.IApplicationThread$Stub$Proxy@3312e00, debugName = QuickstepLaunchHome }
02-18 07:49:34.630 10092  3260  3260 D StateManager: createAtomicAnimation - fromState: Background, toState: Normal, partial trace:
02-18 07:49:34.630 10092  3260  3260 D StateManager: 	at com.android.quickstep.util.WorkspaceRevealAnim.prepareToAnimate(WorkspaceRevealAnim.java:130)
02-18 07:49:34.630 10092  3260  3260 D StateManager: 	at com.android.quickstep.util.WorkspaceRevealAnim.<init>(WorkspaceRevealAnim.java:66)
02-18 07:49:34.630 10092  3260  3260 D StateManager: 	at com.android.launcher3.QuickstepTransitionManager.createWallpaperOpenAnimations(QuickstepTransitionManager.java:1701)
02-18 07:49:34.632  1000  1475  1775 V WindowManager: Sent Transition (#9) createdAt=02-18 07:49:34.589 via request=TransitionRequestInfo { type = CLOSE, triggerTask = TaskInfo{userId=0 taskId=9 displayId=0 isRunning=false baseIntent=Intent { act=android.intent.action.MAIN flg=0x14000000 cmp=android.display.cts/.ScreenOnActivity } baseActivity=null topActivity=null origActivity=null realActivity=ComponentInfo{android.display.cts/android.display.cts.ScreenOnActivity} numActivities=0 lastActiveTime=76370 supportsMultiWindow=true resizeMode=1 isResizeable=true minWidth=-1 minHeight=-1 defaultMinSize=220 token=WCT{RemoteToken{94d57bc Task{5f4c392 #9 type=standard A=10129:android.display.cts}}} topActivityType=1 pictureInPictureParams=null shouldDockBigOverlays=false launchIntoPipHostTaskId=-1 lastParentTaskIdBeforePip=-1 displayCutoutSafeInsets=Rect(0, 136 - 0, 0) topActivityInfo=null launchCookies=[] positionInParent=Point(0, 0) parentTaskId=-1 isFocused=true isVisible=true isVisibleRequested=true isSleeping=false locusId=null displayAreaFeatureId=1 isTopActivityTransparent=false appCompatTaskInfo=AppCompatTaskInfo { topActivityInSizeCompat=false topActivityEligibleForLetterboxEducation= false isLetterboxDoubleTapEnabled= false topActivityEligibleForUserAspectRatioButton= false topActivityBoundsLetterboxed= false isFromLetterboxDoubleTap= false topActivityLetterboxVerticalPosition= -1 topActivityLetterboxHorizontalPosition= -1 topActivityLetterboxWidth=-1 topActivityLetterboxHeight=-1 isUserFullscreenOverrideEnabled=false isSystemFullscreenOverrideEnabled=false cameraCompatControlState=hidden}}, pipTask = null, remoteTransition = null, displayChange = null, flags = 0, debugId = 9 }
02-18 07:49:34.632  1000  1475  1775 V WindowManager:     startWCT=WindowContainerTransaction { changes = {} hops = [] errorCallbackToken=null taskFragmentOrganizer=null }
02-18 07:49:34.632  1000  1475  1775 V WindowManager:     info={id=9 t=CLOSE f=0x0 trk=0 r=[0@Point(0, 0)] c=[
02-18 07:49:34.632  1000  1475  1775 V WindowManager:         {WCT{RemoteToken{94c8e0 Task{c0bae35 #1 type=undefined}}} m=TO_FRONT f=SHOW_WALLPAPER leash=Surface(name=Task=1)/@0x51f31c6 sb=Rect(0, 0 - 1080, 2400) eb=Rect(0, 0 - 1080, 2400) d=0},
02-18 07:49:34.632  1000  1475  1775 V WindowManager:         {WCT{RemoteToken{94d57bc Task{5f4c392 #9 type=standard A=10129:android.display.cts}}} m=CLOSE f=NONE leash=Surface(name=Task=9)/@0x621638e sb=Rect(0, 0 - 1080, 2400) eb=Rect(0, 0 - 1080, 2400) d=0},
02-18 07:49:34.632  1000  1475  1775 V WindowManager:         {null m=TO_FRONT f=IS_WALLPAPER leash=Surface(name=WallpaperWindowToken{729074b token=android.os.Binder@88c601a})/@0x18e98d4 sb=Rect(0, 0 - 1080, 2400) eb=Rect(0, 0 - 1080, 2400) d=0}
02-18 07:49:34.632  1000  1475  1775 V WindowManager:     ]}
02-18 07:49:34.634  1000  1475  1475 W WindowTokenClientController: Can't find attached WindowTokenClient for android.window.WindowTokenClient@ee8c5b0
02-18 07:49:34.636  1000  1475  1783 I InputManager-JNI: Viewport [0] to add: local:4619827677550801152, isActive: true
02-18 07:49:34.636 10097  2997  3037 V WindowManagerShell:  animated by com.android.wm.shell.transition.RemoteTransitionHandler@6fb301c
02-18 07:49:34.637 10097  2997  3037 V ShellDragAndDrop: Display removed: 2
02-18 07:49:34.637  1000  1475  2002 I InputReader: Reconfiguring input devices, changes=DISPLAY_INFO
02-18 07:49:34.637 10092  3260  3312 I jank_cuj_events_begin_request: [78,1771372174637730000,76802343217,76802343298,]
02-18 07:49:34.638  1000  1475  2001 I input_focus: [Focus entering 38676a7 com.android.launcher3/com.android.launcher3.uioverrides.QuickstepLauncher (server),reason=setFocusedWindow]
02-18 07:49:34.640  1000  1475  4255 I ImeTracker: com.android.launcher3:f95bde08: onRequestHide at ORIGIN_SERVER reason HIDE_UNSPECIFIED_WINDOW fromUser false
02-18 07:49:34.640  1000  1475  4069 W UserManagerService: Requested status bar icon for non-badged user 0
02-18 07:49:34.640  1000  1475  4255 I ImeTracker: com.android.launcher3:f95bde08: onCancelled at PHASE_SERVER_SHOULD_HIDE
02-18 07:49:34.649  1000  1475  1628 I InputManager: Not applying additional properties for display 2 because the pointer is currently targeting display 0.
02-18 07:49:34.655  1000   565   695 E hwc-display: [PrimaryDisplay] resetColorMappingInfoForClientComp:: resetColorMappingInfo() idx=2 error(-22)
02-18 07:49:34.657  1000   565   695 E hwc-display: [PrimaryDisplay] resetColorMappingInfoForClientComp:: resetColorMappingInfo() idx=3 error(-22)
02-18 07:49:34.659 10129  5634  5650 I MonitoringInstr: Unstopped activity count: 1
02-18 07:49:34.665  1000   558   558 I BpBinder: onLastStrongRef automatically unlinking death recipients: 
02-18 07:49:34.709 10129  5634  5650 I MonitoringInstr: Unstopped activity count: 1
02-18 07:49:34.773  root   299   299 I logbuffer_pcie0: [   86] D state: 0, LTSSM: 0
02-18 07:49:34.773  root   299   299 I logbuffer_pcie0: [   87] L0(0x11)
02-18 07:49:34.756  1000  1475  1987 I commit_sys_config_file: [settings-0-0,5]
02-18 07:49:34.759 radio  1133  1294 V RIL     : [/dev/umts_ipc0][RX] SIT_IND_BARRING_INFO_CHANGED, IND, 413 bytes
02-18 07:49:34.759 radio  1133  1294 V RIL     :  02 00 4b 07 9d 01 00 00   02 34 36 36 30 31 23 20  
02-18 07:49:34.759 radio  1133  1294 V RIL     :  08 39 03 db 00 00 00 6a   6a 00 00 0e 06 00 00 00  
02-18 07:49:34.759 radio  1133  1294 V RIL     :  00 00 00 00 00 00 00 00   00 00 00 00 00 00 00 00  
02-18 07:49:34.759 radio  1133  1294 V RIL     :  00 00 00 00 00 00 00 00   00 00 00 00 00 00 00 00  
02-18 07:49:34.759 radio  1133  1294 V RIL     :  00 00 00 00 00 00 00 00   00 00 00 00 00 00 00 00  
02-18 07:49:34.759 radio  1133  1294 V RIL     :  00 00 00 00 00 00 00 00   00 00 00 00 00 00 00 00  
02-18 07:49:34.759 radio  1133  1294 V RIL     :  00 00 00 00 00 00 00 00   00 00 00 00 00 00 00 00  
02-18 07:49:34.759 radio  1133  1294 V RIL     :  00 00 00 00 00 00 00 00   00 00 00 00 00 00 00 00  
02-18 07:49:34.759 radio  1133  1294 V RIL     :  00 00 00 00 00 00 00 00   00 00 00 00 00 00 00 00  
02-18 07:49:34.759 radio  1133  1294 V RIL     :  00 00 00 00 00 00 00 00   00 00 00 00 00 00 00 00  
02-18 07:49:34.759 radio  1133  1294 V RIL     :  00 00 00 00 00 00 00 00   00 00 00 00 00 00 00 00  
02-18 07:49:34.759 radio  1133  1294 V RIL     :  00 00 00 00 00 00 00 00   00 00 00 00 00 00 00 00  
02-18 07:49:34.759 radio  1133  1294 V RIL     :  00 00 00 00 00 00 00 00   00 00 00 00 00 00 00 00  
02-18 07:49:34.759 radio  1133  1294 V RIL     :  00 00 00 00 00 00 00 00   00 00 00 00 00 00 00 00  
02-18 07:49:34.759 radio  1133  1294 V RIL     :  00 00 00 00 00 00 00 00   00 00 00 00 00 00 00 00  
02-18 07:49:34.759 radio  1133  1294 V RIL     :  00 00 00 00 00 00 00 00   00 00 00 00 00 00 00 00  
02-18 07:49:34.759 radio  1133  1294 V RIL     :  00 00 00 00 00 00 00 00   00 00 00 00 00 00 00 00  
02-18 07:49:34.759 radio  1133  1294 V RIL     :  00 00 00 00 00 00 00 00   00 00 00 00 00 00 00 00  
02-18 07:49:34.759 radio  1133  1294 V RIL     :  00 00 07 00 00 00 08 00   00 00 00 00 00 00 00 00  
02-18 07:49:34.759 radio  1133  1294 V RIL     :  00 00 00 00 00 00 00 03   00 00 00 00 00 00 00 64  
02-18 07:49:34.759 radio  1133  1294 V RIL     :  00 00 00 00 00 00 00 00   04 00 00 00 00 00 00 00  
02-18 07:49:34.759 radio  1133  1294 V RIL     :  64 00 00 00 00 00 00 00   00 06 00 00 00 00 00 00  
02-18 07:49:34.759 radio  1133  1294 V RIL     :  00 ff 00 00 00 00 00 00   00 00 07 00 00 00 00 00  
02-18 07:49:34.759 radio  1133  1294 V RIL     :  00 00 ff 00 00 00 00 00   00 00 00 e9 03 00 00 00  
02-18 07:49:34.759 radio  1133  1294 V RIL     :  00 00 00 ff 00 00 00 00   00 00 00 00 ea 03 00 00  
02-18 07:49:34.759 radio  1133  1294 V RIL     :  00 00 00 00 ff 00 00 00   00 00 00 00 00
02-18 07:49:34.759 radio  1133  1294 I RIL     : [RilContext_0] ProcessModemData 
02-18 07:49:34.759 radio  1133  1294 V RIL     : [RilContext_0] SendMessage RCM Response Routing : Type=0002, RCM ID=0x074B Service ID=5 Message ID=4114
02-18 07:49:34.759 radio  1133  1294 V RIL     : [ServiceMgr] msg(0xb400006e195cd320) msgId=4114 svc=NetworkService_0(5) direction=Response
02-18 07:49:34.759 10129  5634  5650 I MonitoringInstr: Unstopped activity count: 1
02-18 07:49:34.759 radio  1133  1282 I RIL     : [NetworkService_0] BarringInfoChangedHandler OnIndication()
02-18 07:49:34.759 radio  1133  1282 V RIL     : RilProperty Dump:
02-18 07:49:34.759 radio  1133  1282 V RIL     : <CellIdentity,4>
02-18 07:49:34.759 radio  1133  1282 V RIL     : <CellInfo,4>
02-18 07:49:34.759 radio  1133  1282 V RIL     : <SignalStrength,4>
02-18 07:49:34.759 radio  1133  1282 V RIL     : <dds,0>
02-18 07:49:34.759 radio  1133  1282 V RIL     : <type,rilapp>
02-18 07:49:34.759 radio  1133  1282 V RIL     : <vendor.ril.app.overall.fake.net.conn.presence,0>
02-18 07:49:34.760 radio  1133  1282 V RIL     : <vendor.ril.app.overall.fake.sim.presence,0>
02-18 07:49:34.760 radio  1133  1282 V RIL     : <vendor.ril.app.overall.net.conn.presence,1>
02-18 07:49:34.760 radio  1133  1282 V RIL     : <vendor.ril.app.ps.active_sim,1>
02-18 07:49:34.760 radio  1133  1282 V RIL     : <vendor.ril.app.sim.overall_cardstate,2>
02-18 07:49:34.760 radio  1133  1282 V RIL     : <vendor.ril.app.target_carrier,400>
02-18 07:49:34.760 radio  1133  1282 V RIL     : [NetworkService_0] BarringInfoChangedHandler OnIndication() cellIdentityVer=4
02-18 07:49:34.760 radio  1133  1282 I RIL     : ProtocolBarringInfos:: 7 BarringInfos
02-18 07:49:34.760 radio  1133  1282 V RIL     : [0] RIL_BarringServiceType=8 BarringType=0 barringFactor=0 barringTimeSeconds=0 isBarred=0
02-18 07:49:34.760 radio  1133  1282 V RIL     : [1] RIL_BarringServiceType=3 BarringType=0 barringFactor=100 barringTimeSeconds=0 isBarred=0
02-18 07:49:34.760 radio  1133  1282 V RIL     : [2] RIL_BarringServiceType=4 BarringType=0 barringFactor=100 barringTimeSeconds=0 isBarred=0
02-18 07:49:34.760 radio  1133  1282 V RIL     : [3] RIL_BarringServiceType=6 BarringType=0 barringFactor=255 barringTimeSeconds=0 isBarred=0
02-18 07:49:34.760 radio  1133  1282 V RIL     : [4] RIL_BarringServiceType=7 BarringType=0 barringFactor=255 barringTimeSeconds=0 isBarred=0
02-18 07:49:34.760 radio  1133  1282 V RIL     : [5] RIL_BarringServiceType=1001 BarringType=0 barringFactor=255 barringTimeSeconds=0 isBarred=0
02-18 07:49:34.760 radio  1133  1282 V RIL     : [6] RIL_BarringServiceType=1002 BarringType=0 barringFactor=255 barringTimeSeconds=0 isBarred=0
02-18 07:49:34.760 radio  1133  1282 I RIL     : [RilContext_0] OnUnsolicitedResponse 
02-18 07:49:34.760 radio  1133  1282 I RIL     : [RilContext_0] ProcessUnsolicitedResponse 
02-18 07:49:34.760 radio  1133  1282 I RILC-CommandInfo: getUnsolRespInfo found {unsolResponse=1023 halVer=00}
02-18 07:49:34.761 radio  1133  1282 D RILC-HIDL: HidlHalNetworkIndication::restrictedStateChangedInd
02-18 07:49:34.761 radio  1133  1282 D RILC-HIDL: restrictedStateChangedInd: state 0
02-18 07:49:34.761 radio  1133  1282 D RILC-AIDL_SERVICE: RadioNetworkIndicationHook::restrictedStateChanged mNetworkCb=0xb400006f895ce838
02-18 07:49:34.761 radio  1133  1282 I RILC    : RIL_SOCKET_1 UNSOLICITED: UNSOL_RESTRICTED_STATE_CHANGED length:4
02-18 07:49:34.761 radio  1133  1282 V RIL     : RADIO_EXT::[RilExternalResponseListener] OnUnsolicitedResponse Filter out Unsolicited response=1023, channel=0
02-18 07:49:34.761 radio  1133  1282 I RIL     : [RilContext_0] OnUnsolicitedResponse 
02-18 07:49:34.761 radio  1133  1282 I RIL     : [RilContext_0] ProcessUnsolicitedResponse 
02-18 07:49:34.761 radio  1133  1282 I RILC-CommandInfo: getUnsolRespInfo found {unsolResponse=1105 halVer=00}
02-18 07:49:34.761 radio  1133  1282 D RILC-HIDL: HidlHalNetworkIndication::barringInfoChangedInd
02-18 07:49:34.761 radio  1133  1282 D RILC-AIDL_SERVICE: RadioNetworkIndicationHook::barringInfoChanged mNetworkCb=0xb400006f895ce838
02-18 07:49:34.761 radio  1133  1282 I RILC    : RIL_SOCKET_1 UNSOLICITED: UNSOL_BARRING_INFO_CHANGED length:336
02-18 07:49:34.761 radio  1133  1282 V RIL     : RADIO_EXT::[RilExternalResponseListener] OnUnsolicitedResponse Filter out Unsolicited response=1105, channel=0
02-18 07:49:34.761 radio  1133  1282 I RIL     : [RilContext_0] OnUnsolicitedResponse 
02-18 07:49:34.761 radio  1133  1282 I RIL     : [RilContext_0] ProcessUnsolicitedResponse 
02-18 07:49:34.761 radio  1133  1282 V RIL     : RADIO::[RilResponseListener] OnUnsolicitedResponse Filter out Unsolicited response=20119
02-18 07:49:34.761 radio  1133  1282 D RIL_EXTERNAL: rilExternalRawIndication
02-18 07:49:34.761 radio  1133  1282 I RIL_EXTERNAL: [isFilteredIndication] clientId=0 name=PID(1108) indication=2015 isFiltered=false
02-18 07:49:34.761 radio  1133  1282 I RIL_EXTERNAL: [isFilteredIndication] clientId=1 name=GpsApi(1122) indication=2015 isFiltered=true
02-18 07:49:34.761 radio  1133  1282 I RIL_EXTERNAL: [isFilteredIndication] clientId=2 name=SeApi(963) indication=2015 isFiltered=true
02-18 07:49:34.761 radio  1133  1282 I RIL_EXTERNAL: [isFilteredIndication] clientId=3 name=unknown indication=2015 isFiltered=false
02-18 07:49:34.761 radio  1133  1282 I RIL_EXTERNAL: [isFilteredIndication] clientId=4 name=unknown indication=2015 isFiltered=false
02-18 07:49:34.761 radio  1133  1282 I RIL_EXTERNAL: [isFilteredIndication] clientId=5 name=unknown indication=2015 isFiltered=false
02-18 07:49:34.761 radio  1133  1282 I RIL_EXTERNAL: [isFilteredIndication] clientId=6 name=unknown indication=2015 isFiltered=false
02-18 07:49:34.761 radio  1133  1282 D RIL_EXTERNAL: rilExternalRawIndication
02-18 07:49:34.762 radio  1133  1282 D RIL_EXTERNAL: rilExternalRawIndication
02-18 07:49:34.762 radio  1133  1282 D RIL_EXTERNAL: rilExternalRawIndication
02-18 07:49:34.762 radio  1133  1282 D RIL_EXTERNAL: rilExternalRawIndication
02-18 07:49:34.762 radio  1133  1282 D RIL_EXTERNAL: rilExternalRawIndication
02-18 07:49:34.762  1000  1108  1125 D RILClient: [OemClient]IND: (clientId = 0, msgId = 2015, dataLength = 148, channel = 0)
02-18 07:49:34.763 10090  3194  3194 D SHANNON_IMS: 0329 [HELP] Unsol {UNKNOWN} received  [SLID:0  Active:true] (ImsRilHelper%onHandleUnsolicitedResponse:306)
02-18 07:49:34.763 radio  3206  3694 D RILJ    : Unsol response received; Sending ack to ril.cpp [PHONE0]
02-18 07:49:34.763 radio  3206  3206 D SST     : [0] EVENT_RESTRICTED_STATE_CHANGED
02-18 07:49:34.763 radio  3206  3206 D SST     : [0] onRestrictedStateChanged: E rs Restricted State CS: none PS:false
02-18 07:49:34.763 radio  3206  3206 D SST     : [0] onRestrictedStateChanged: new rs Restricted State CS: none PS:false
02-18 07:49:34.764 radio  3206  3206 D SST     : [0] onRestrictedStateChanged: X rs Restricted State CS: none PS:false
02-18 07:49:34.764 radio  3206  3694 D RILJ    : Unsol response received; Sending ack to ril.cpp [PHONE0]
02-18 07:49:34.764 radio  3206  3206 D GsmCdmaPhone: [0] Event BarringInfoChanged Received
02-18 07:49:34.810 10129  5634  5650 I MonitoringInstr: Unstopped activity count: 1
02-18 07:49:34.860 10129  5634  5650 I MonitoringInstr: Unstopped activity count: 1
02-18 07:49:34.911 10129  5634  5650 I MonitoringInstr: Unstopped activity count: 1
02-18 07:49:34.961 10129  5634  5650 I MonitoringInstr: Unstopped activity count: 1
02-18 07:49:34.983 10092  3260  3312 I jank_cuj_events_end_request: [78,1771372174983192000,77147807898,77147808467]
02-18 07:49:34.985 10097  2997  3037 V WindowManagerShell: Transition animation finished (aborted=false), notifying core (#9) android.os.BinderProxy@216bf@0
02-18 07:49:34.989  1000  1475  1775 V WindowManager: Finish Transition (#9): created at 02-18 07:49:34.589 collect-started=0.021ms request-sent=0.082ms started=1.572ms ready=17.817ms sent=36.735ms finished=398.672ms
02-18 07:49:34.990  1000  1475  1628 V WindowManager: Loading animations: layout params pkg=android.display.cts resId=0x1030308
02-18 07:49:34.990  1000  1475  1628 V WindowManager: Loading animations: picked package=android
02-18 07:49:34.991 10129  5634  5634 D VRI[ScreenOnActivity]: visibilityChanged oldVisibility=true newVisibility=false
02-18 07:49:34.993  1000  1475  1628 I wm_set_keyguard_occluded: [0,0,0,setOccluded]
02-18 07:49:34.993 10097  2997  3486 D KeyguardService: setOccluded(false)
02-18 07:49:34.994 10097  2997  3486 D KeyguardViewMediator: setOccluded(false)
02-18 07:49:34.994 10097  2997  2997 D KeyguardViewMediator: handleSetOccluded(false)
02-18 07:49:34.994 10097  2997  2997 I sysui_keyguard: [0,0]
02-18 07:49:34.994 10097  2997  3037 V WindowManagerShell: Track 0 became idle
02-18 07:49:34.994 10097  2997  3037 V WindowManagerShell: All active transition animations finished
02-18 07:49:34.996  1000  1475  4255 W UserManagerService: Requested status bar icon for non-badged user 0
02-18 07:49:34.996 10097  2997  3039 I jank_cuj_events_cancel_request: [23,1771372174994227000,77158845088,77158845414]
02-18 07:49:34.996  1000  1475  1783 I wm_destroy_activity: [0,38264070,9,android.display.cts/.ScreenOnActivity,finish-imm:idle]
02-18 07:49:34.996 10097  2997  2997 I sysui_multi_action: [757,196,758,2,759,0]
02-18 07:49:34.996 10097  2997  2997 I sysui_status_bar_state: [0,0,0,0,0,1]
02-18 07:49:34.997  1000  1475  1628 W UserManagerService: Requested status bar icon for non-badged user 0
02-18 07:49:34.998 10097  2997  2997 D KeyguardViewMediator: KeyguardViewMediator queue processing message: SET_OCCLUDED
02-18 07:49:35.001 10129  5634  5634 I viewroot_draw_event: [VRI[ScreenOnActivity],Not drawing due to not visible]
02-18 07:49:35.002 10129  5634  5634 D LifecycleMonitor: Lifecycle status change: android.display.cts.ScreenOnActivity@96ecd00 in: STOPPED
02-18 07:49:35.002  1000  1475  4069 W UserManagerService: Requested status bar icon for non-badged user 0
02-18 07:49:35.002 10129  5634  5634 I wm_on_stop_called: [38264070,android.display.cts.ScreenOnActivity,LIFECYCLER_STOP_ACTIVITY,0]
02-18 07:49:35.003 10129  5634  5634 I wm_on_destroy_called: [38264070,android.display.cts.ScreenOnActivity,performDestroy,0]
02-18 07:49:35.003 10129  5634  5634 D LifecycleMonitor: Lifecycle status change: android.display.cts.ScreenOnActivity@96ecd00 in: DESTROYED
02-18 07:49:35.003 10129  5634  5634 W WindowOnBackDispatcher: sendCancelIfRunning: isInProgress=falsecallback=android.view.ViewRootImpl$$ExternalSyntheticLambda11@307de1
02-18 07:49:35.003  1000  1475  4069 D CoreBackPreview: Window{20425fd u0 android.display.cts/android.display.cts.ScreenOnActivity}: Setting back callback null
02-18 07:49:35.005  1000  1475  4069 W InputManager-JNI: Input channel object '20425fd android.display.cts/android.display.cts.ScreenOnActivity (client)' was disposed without first being removed with the input manager!
02-18 07:49:35.008  1000  1475  4069 I wm_task_removed: [9,9,0,removeChild, last child = ActivityRecord{247dd06 u0 android.display.cts/.ScreenOnActivity t-1 f}} in Task{5f4c392 #9 type=standard A=10129:android.display.cts}]
02-18 07:49:35.012 10129  5634  5650 I TestRunner: run finished: 1 tests, 1 failed, 0 ignored
02-18 07:49:35.018  1000  1475  1628 W MagnificationConnectionManager: requestConnection duplicated request: connect=false, mConnectionState=DISCONNECTED
02-18 07:49:35.019  1000  1475  1628 D AccessibilityManagerService: restoreCurrentUserForTestAutomationIfNeededLocked(): ignoring because device doesn't support visible background users
02-18 07:49:35.020  1000  1475  1475 D BatterySaverPolicy: accessibility changed to false, updating policy.
02-18 07:49:35.020  1000  1475  1942 I ActivityManager: Force stopping android.display.cts appid=10129 user=0: finished inst
02-18 07:49:35.021  1000  1475  1942 E ActivityManager: Unable to freeze binder for 5634: -11
02-18 07:49:35.021  1000  1475  1776 D DisplayManagerService: Drop pending events for gone uid 10129
02-18 07:49:35.021  1000  1475  1942 I am_uid_stopped: 10129
02-18 07:49:35.050  1000  1942  1942 I binder  : 1475:1942 ioctl 400c620e 70cac0338c returned -11
02-18 07:49:35.050  1000  1942  1942 I binder  : 1475:1942 ioctl 400c620e 70cac0338c returned -11
02-18 07:49:35.022  1000  1475  1942 I ActivityManager: Killing 5634:android.display.cts/u0a129 (adj 0): stop android.display.cts due to finished inst
02-18 07:49:35.022 shell  5618  5618 I app_process: System.exit called, status: 0
02-18 07:49:35.022 shell  5618  5618 I AndroidRuntime: VM exiting with result code 0.
02-18 07:49:35.023  1000  1475  1942 I am_kill : [0,5634,android.display.cts,0,stop android.display.cts due to finished inst,178600]
02-18 07:49:35.025  root   720   720 W powerhal-libperfmgr: sched_setattr failed for thread 5669, err=3
02-18 07:49:35.025  root   720   720 W powerhal-libperfmgr: sched_setattr failed for thread 5670, err=3
02-18 07:49:35.025  root   720   720 W powerhal-libperfmgr: sched_setattr failed for thread 5654, err=3
02-18 07:49:35.039  1000   558   558 E BpTransactionCompletedListener: Failed to transact (-32)
02-18 07:49:35.044  1000  1475  5273 V ActivityManager: Got obituary of 5634:android.display.cts
02-18 07:49:35.045  1000  1475  1783 W ActivityManager: setHasOverlayUi called on unknown pid: 5634
02-18 07:49:35.069  1000   558   558 I binder_alloc: 5634: binder_alloc_buf, no vma
02-18 07:49:35.069  1000   558   558 I binder  : 558:558 transaction failed 29189/-3, size 160-8 line 3362
02-18 07:49:35.073  root  1786  1786 I binder  : undelivered TRANSACTION_COMPLETE
02-18 07:49:35.073  root  1786  1786 I binder  : undelivered transaction 171901, process died.
02-18 07:49:35.045  root   900   900 I Zygote  : Process 5634 exited due to signal 9 (Killed)
02-18 07:49:35.046  1000  1475  1841 I libprocessgroup: Removed cgroup /sys/fs/cgroup/uid_10129/pid_5634
02-18 07:49:35.198  1000  1475  1835 I ActivityManager: Force stopping android.display.cts appid=10129 user=-1: deletePackageX
02-18 07:49:35.198  1000  1475  1875 I AppsFilter: interaction: PackageSetting{b322126 com.android.microdroid.empty_payload/10110} -> PackageSetting{b2b7b94 android.display.cts/10129} BLOCKED
02-18 07:49:35.208  1017   544   544 I keystore2: system/security/keystore2/src/maintenance.rs:347 - clearNamespace(r#APP, nspace=10129)
02-18 07:49:35.236  1000  1475  1987 I commit_sys_config_file: [settings-2-0,8]
02-18 07:49:35.282  1000  1475  1875 I commit_sys_config_file: [package,23]
02-18 07:49:35.311  logd  5251  5251 I logd    : start watching /data/system/packages.list ...
02-18 07:49:35.287  1000  1475  1875 D PackageManager: Instant App installer not found with android.intent.action.INSTALL_INSTANT_APP_PACKAGE
02-18 07:49:35.288  1000  1475  1875 D PackageManager: Clear ephemeral installer activity
02-18 07:49:35.314  logd  5251  5251 I logd    : ReadPackageList, total packages: 133
02-18 07:49:35.298  1000  1475  4145 E TaskPersister: File error accessing recents directory (directory doesn't exist?).
02-18 07:49:35.300  1000  1475  1875 I ActivityManager: Force stopping android.display.cts appid=10129 user=0: pkg removed
02-18 07:49:35.300  1000  1475  1872 I commit_sys_config_file: [package-user-0,18]
02-18 07:49:35.307 10097  2997  2997 I force_gc: bg
02-18 07:49:35.312  1000  1475  4145 E TaskPersister: File error accessing recents directory (directory doesn't exist?).
02-18 07:49:35.316  1000  1475  2021 V StorageManagerService: Package android.display.cts does not have legacy storage
02-18 07:49:35.318 radio  3206  3206 D CarrierSvcBindHelper: onPackageRemoved: android.display.cts
02-18 07:49:35.319 radio  3206  3206 D CarrierSvcBindHelper: No carrier app for: 0
02-18 07:49:35.319 radio  3206  3206 D CarrierSvcBindHelper: No carrier app for: 1
02-18 07:49:35.320 radio  3206  3412 D EuiccConnector: handleMessage: E msg.what=1
02-18 07:49:35.320 radio  3206  3412 D EuiccConnector: processMsg: UnavailableState
02-18 07:49:35.321  1000  1475  1833 I CredManSysService: updateProvidersWhenPackageRemoved
02-18 07:49:35.321  1000  1475  1833 W CredManSysService: settings key is null
02-18 07:49:35.322 radio  3206  3412 W EuiccConnector: No valid EuiccService implementation found
02-18 07:49:35.322 radio  3206  3412 D EuiccConnector: handleMessage: X
02-18 07:49:35.322   nfc  3669  3669 I RegisteredComponentCache: New Components => 
02-18 07:49:35.322   nfc  3669  3669 I RegisteredComponentCache: ComponentInfo: ResolveInfo{13f7aeb com.android.apps.tag/.TagViewer m=0x108000 userHandle=UserHandle{0}}, techs: android.nfc.tech.Ndef, 
02-18 07:49:35.322   nfc  3669  3669 I RegisteredComponentCache: Removed Components => 
02-18 07:49:35.322   nfc  3669  3669 I RegisteredComponentCache: ComponentInfo: ResolveInfo{d4b9fce com.android.apps.tag/.TagViewer m=0x108000 userHandle=UserHandle{0}}, techs: android.nfc.tech.Ndef, 
02-18 07:49:35.328  1000  1475  1833 W MagnificationConnectionManager: requestConnection duplicated request: connect=false, mConnectionState=DISCONNECTED
02-18 07:49:35.341  1000  1475  1775 I sysui_multi_action: [757,803,799,window_time_0,802,1]
02-18 07:49:35.345 10115  3668  3668 W MediaProvider: WorkProfileOwnerApps cache is empty
02-18 07:49:35.345 10115  3668  3668 D PickerSyncLockManager: Trying to acquire lock com.android.providers.media.photopicker.sync.CloseableReentrantLock@ad455d[Unlocked]. Lock Name = CLOUD_PROVIDER_LOCK. Threads that may be waiting to acquire this lock = []
02-18 07:49:35.345 10115  3668  3668 D CloseableReentrantLock: Successfully acquired lock com.android.providers.media.photopicker.sync.CloseableReentrantLock@ad455d[Locked by thread main]. Lock Name = CLOUD_PROVIDER_LOCK. Threads that may be waiting to acquire this lock = []
02-18 07:49:35.345 10115  3668  3668 D CloseableReentrantLock: Successfully released lock com.android.providers.media.photopicker.sync.CloseableReentrantLock@ad455d[Unlocked]. Lock Name = CLOUD_PROVIDER_LOCK. Threads that may be waiting to acquire this lock = []
02-18 07:49:35.346 10097  2997  2997 D ControlsListingControllerImpl: ServiceConfig reloaded, count: 0
02-18 07:49:35.354  1000  1475  5701 W JobInfo : Job 'com.android.providers.media.module/com.android.providers.media.MediaService#-300' has a deadline with no functional constraints. The deadline won't improve job execution latency. Consider removing the deadline.
02-18 07:49:35.363  1000  1475  1835 I ActivityManager: Force stopping android.app.stubs appid=10130 user=-1: deletePackageX
02-18 07:49:35.365  1000  1475  2920 W WifiService: Couldn't get PackageInfo for package:android.display.cts
02-18 07:49:35.366  1000  1475  2920 D WifiService: Remove settings for package:android.display.cts
02-18 07:49:35.366  1000  1475  2920 D WifiConfigManager: Remove all networks for app ApplicationInfo{c9c448 android.display.cts}
02-18 07:49:35.366  1000  1475  2920 V WifiScanRequestProxy: Clearing scan request timestamps for uid=10129, packageName=android.display.cts
02-18 07:49:35.366  1000  1475  2002 I InputReader: Reconfiguring input devices, changes=KEYBOARD_LAYOUTS
02-18 07:49:35.370  1000  1475  1875 I AppsFilter: interaction: PackageSetting{b322126 com.android.microdroid.empty_payload/10110} -> PackageSetting{2e9b4bc android.app.stubs/10130} BLOCKED
02-18 07:49:35.371  1000  1475  1981 I RollbackManager: broadcast=ACTION_PACKAGE_FULLY_REMOVED pkg=android.display.cts
02-18 07:49:35.376 10092  3260  3260 D LauncherAppsCallbackImpl: package removed received android.display.cts
02-18 07:49:35.376 10092  3260  3320 D PackageUpdatedTask: Removing app icon: android.display.cts
02-18 07:49:35.377  1000  1475  2958 I commit_sys_config_file: [session_index,2]
02-18 07:49:35.377 10092  3260  3320 D PackageUpdatedTask: mAllAppsList.removePackage android.display.cts
02-18 07:49:35.377 10092  3260  3320 D ModelWriter: removing items from db . Reason: [removed because the corresponding package or component is removed. mOp=3 removedPackages=[android.display.cts] removedComponents=[]]
02-18 07:49:35.378  1000  1475  2958 I commit_sys_config_file: [blobs_index,1]
02-18 07:49:35.383  1000  1475  2920 D WifiConfigStore: Writing to stores completed in 13 ms.
02-18 07:49:35.384  1017   544   544 I keystore2: system/security/keystore2/src/maintenance.rs:347 - clearNamespace(r#APP, nspace=10130)
02-18 07:49:35.384  1000  1475  2920 I PasspointManager: No app ops listener found for android.display.cts
02-18 07:49:35.385  1000  1475  1875 I PermissionManager: Removing permission android.app.stubs.permission.TEST_GRANTED that used to be declared by android.app.stubs
02-18 07:49:35.385  1000  1475  1875 I PermissionManager: Removing permission android.app.stubs.DYNAMIC_RECEIVER_NOT_EXPORTED_PERMISSION that used to be declared by android.app.stubs
02-18 07:49:35.385  1000  1475  1875 I PermissionManager: Permission ownership changed. Updating all permissions.
02-18 07:49:35.403  1000  1475  1624 I system_server: Background concurrent mark compact GC freed 8134KB AllocSpace bytes, 17(356KB) LOS objects, 75% free, 21MB/85MB, paused 1.685ms,3.457ms total 111.287ms
02-18 07:49:35.407 10097  2997  3007 W ndroid.systemui: ApkAssets: Deleting an ApkAssets object '<empty> and /data/app/~~2nfZzf0IG2dTOgXPOyQbIg==/android.display.cts-9KGXYsrG7Wk5noWiM9c_ug==/base.apk' with 1 weak references
02-18 07:49:35.408  1000  1475  1626 W system_server: ApkAssets: Deleting an ApkAssets object '<empty> and /system/priv-app/InputDevices/InputDevices.apk' with 1 weak references
02-18 07:49:35.409  1000  1475  1626 W system_server: ApkAssets: Deleting an ApkAssets object '<empty> and /data/app/~~zEENLn-G2XJAoJtWjAnAiA==/android.app.stubs-zweMskAqbjoWfsDbQEdz1A==/base.apk' with 1 weak references
02-18 07:49:35.410  1000  1475  1626 W system_server: ApkAssets: Deleting an ApkAssets object '<empty> and /data/app/~~2nfZzf0IG2dTOgXPOyQbIg==/android.display.cts-9KGXYsrG7Wk5noWiM9c_ug==/base.apk' with 1 weak references
02-18 07:49:35.413  1000  1475  1626 I BpBinder: onLastStrongRef automatically unlinking death recipients: 
02-18 07:49:35.413  1000  1475  1875 I commit_sys_config_file: [package,11]
02-18 07:49:35.414  1000  1475  1626 W system_server: ApkAssets: Deleting an ApkAssets object '<empty> and /product/app/LatinIME/LatinIME.apk' with 1 weak references
02-18 07:49:35.414  1000  1475  3261 I dvm_lock_sample: [system_server,1,binder:1475_C,35,PackageManagerService.java,1209,com.android.server.pm.Computer com.android.server.pm.PackageManagerService.snapshotComputer(boolean),,0,null,7]
02-18 07:49:35.414   nfc  3669  3669 I RegisteredServicesCache: current user: 0, is managed profile : false
02-18 07:49:35.414   nfc  3669  3669 I RegisteredServicesCache: New Other Services => 
02-18 07:49:35.414  1000  1475  1942 I dvm_lock_sample: [system_server,1,binder:1475_3,29,PackageManagerService.java,1209,com.android.server.pm.Computer com.android.server.pm.PackageManagerService.snapshotComputer(boolean),-,1235,com.android.server.pm.Computer com.android.server.pm.PackageManagerService.snapshotComputer(boolean),5]
02-18 07:49:35.414   nfc  3669  3669 I RegisteredServicesCache: Removed Other Services => 
02-18 07:49:35.414  1000  1475  2920 W WifiService: Couldn't get PackageInfo for package:android.display.cts
02-18 07:49:35.414  1000  1475  2920 D WifiService: Remove settings for package:android.display.cts
02-18 07:49:35.414  1000  1475  2920 D WifiConfigManager: Remove all networks for app ApplicationInfo{5fdadf2 android.display.cts}
02-18 07:49:35.414  1000  1475  2920 V WifiScanRequestProxy: Clearing scan request timestamps for uid=10129, packageName=android.display.cts
02-18 07:49:35.443  logd  5251  5251 I logd    : start watching /data/system/packages.list ...
02-18 07:49:35.416  1000  1475  1782 I DropBoxManagerService: add tag=system_server_strictmode isTagEnabled=true flags=0x2
02-18 07:49:35.416  1000  1475  1626 W system_server: ApkAssets: Deleting an ApkAssets object '<empty> and /system_ext/app/AccessibilityMenu/AccessibilityMenu.apk' with 1 weak references
02-18 07:49:35.420  1000  1475  1875 D PackageManager: Instant App installer not found with android.intent.action.INSTALL_INSTANT_APP_PACKAGE
02-18 07:49:35.420  1000  1475  1875 D PackageManager: Clear ephemeral installer activity
