02-18 07:49:33.686 shell  5583  5583 D UiAutomationConnection: Created on user UserHandle{0}
02-18 07:49:33.687  1000  1475  1942 I ActivityManager: Force stopping android.display.cts appid=10129 user=0: start instr
02-18 07:49:33.689  1000  1475  1942 D GrammaticalInflection: The flag must be enabled to allow calling the API.
02-18 07:49:33.689  1000  1475  1942 I am_uid_running: 10129
02-18 07:49:33.691  1000  1475  1942 D CompatibilityChangeReporter: Compat change id reported: 135634846; UID 10129; state: DISABLED
02-18 07:49:33.692  1000  1475  1942 D CompatibilityChangeReporter: Compat change id reported: 177438394; UID 10129; state: DISABLED
02-18 07:49:33.692  1000  1475  1942 D CompatibilityChangeReporter: Compat change id reported: 135772972; UID 10129; state: DISABLED
02-18 07:49:33.692  1000  1475  1942 D CompatibilityChangeReporter: Compat change id reported: 135754954; UID 10129; state: ENABLED
02-18 07:49:33.694  1000  1475  1836 D CompatibilityChangeReporter: Compat change id reported: 143937733; UID 10129; state: ENABLED
02-18 07:49:33.697  1000  1475  1979 D CompatibilityChangeReporter: Compat change id reported: 265195908; UID 10129; state: ENABLED
02-18 07:49:33.708  root   900   900 D Zygote  : Forked child process 5598
02-18 07:49:33.709  1000  1475  1836 I am_proc_start: [0,5598,10129,android.display.cts,added application,android.display.cts]
02-18 07:49:33.709  1000  1475  1836 I ActivityManager: Start proc 5598:android.display.cts/u0a129 for added application android.display.cts
02-18 07:49:33.719 10129  5598  5598 I oid.display.cts: Using CollectorTypeCMC GC.
02-18 07:49:33.723 10129  5598  5598 E oid.display.cts: Not starting debugger since process cannot load the jdwp agent.
02-18 07:49:33.726 10129  5598  5598 D nativeloader: Load libframework-connectivity-tiramisu-jni.so using APEX ns com_android_tethering for caller /apex/com.android.tethering/javalib/framework-connectivity-t.jar: ok
02-18 07:49:33.730  1000  1475  1942 I am_proc_bound: [0,5598,android.display.cts]
02-18 07:49:33.734 10129  5598  5598 D CompatibilityChangeReporter: Compat change id reported: 171979766; UID 10129; state: ENABLED
02-18 07:49:33.734 10129  5598  5598 D CompatibilityChangeReporter: Compat change id reported: 242716250; UID 10129; state: ENABLED
02-18 07:49:33.736  1000  1475  1942 D CompatibilityChangeReporter: Compat change id reported: 170503758; UID 10129; state: ENABLED
02-18 07:49:33.737 10129  5598  5598 D ApplicationLoaders: Returning zygote-cached class loader: /system/framework/android.test.base.jar
02-18 07:49:33.739 10129  5598  5598 D nativeloader: Configuring clns-4 for other apk /system/framework/android.test.mock.jar. target_sdk_version=34, uses_libraries=ALL, library_path=/data/app/~~2nfZzf0IG2dTOgXPOyQbIg==/android.display.cts-9KGXYsrG7Wk5noWiM9c_ug==/lib/arm64:/data/app/~~2nfZzf0IG2dTOgXPOyQbIg==/android.display.cts-9KGXYsrG7Wk5noWiM9c_ug==/base.apk!/lib/arm64-v8a, permitted_path=/data:/mnt/expand:/data/user/0/android.display.cts
02-18 07:49:33.743 10129  5598  5598 D nativeloader: Configuring clns-5 for other apk /system/framework/android.test.runner.jar. target_sdk_version=34, uses_libraries=ALL, library_path=/data/app/~~2nfZzf0IG2dTOgXPOyQbIg==/android.display.cts-9KGXYsrG7Wk5noWiM9c_ug==/lib/arm64:/data/app/~~2nfZzf0IG2dTOgXPOyQbIg==/android.display.cts-9KGXYsrG7Wk5noWiM9c_ug==/base.apk!/lib/arm64-v8a, permitted_path=/data:/mnt/expand:/data/user/0/android.display.cts
02-18 07:49:33.745 10129  5598  5598 D ApplicationLoaders: Returning zygote-cached class loader: /system/framework/android.test.base.jar
02-18 07:49:33.746 10129  5598  5598 D nativeloader: Configuring clns-6 for other apk /data/app/~~2nfZzf0IG2dTOgXPOyQbIg==/android.display.cts-9KGXYsrG7Wk5noWiM9c_ug==/base.apk. target_sdk_version=34, uses_libraries=, library_path=/data/app/~~2nfZzf0IG2dTOgXPOyQbIg==/android.display.cts-9KGXYsrG7Wk5noWiM9c_ug==/lib/arm64:/data/app/~~2nfZzf0IG2dTOgXPOyQbIg==/android.display.cts-9KGXYsrG7Wk5noWiM9c_ug==/base.apk!/lib/arm64-v8a, permitted_path=/data:/mnt/expand:/data/user/0/android.display.cts
02-18 07:49:33.751 10129  5598  5598 V GraphicsEnvironment: Currently set values for:
02-18 07:49:33.751 10129  5598  5598 V GraphicsEnvironment:   angle_gl_driver_selection_pkgs=[]
02-18 07:49:33.751 10129  5598  5598 V GraphicsEnvironment:   angle_gl_driver_selection_values=[]
02-18 07:49:33.751 10129  5598  5598 V GraphicsEnvironment: Global.Settings values are invalid: number of packages: 0, number of values: 0
02-18 07:49:33.751 10129  5598  5598 V GraphicsEnvironment: Neither updatable production driver nor prerelease driver is supported.
02-18 07:49:33.754 10129  5598  5598 I MonitoringInstr: newApplication called!
02-18 07:49:33.754 10129  5598  5598 I MonitoringInstr: Instrumentation started!
02-18 07:49:33.755 10129  5598  5598 D AndroidJUnitRunner: Use the raw file system for managing file I/O.
02-18 07:49:33.758 10129  5598  5598 I AndroidJUnitRunner: onCreate Bundle[{testFile=/data/local/tmp/ajur/includes.txt, log=true, debug=false, timeout_msec=300000, newRunListenerMode=true, notAnnotation=android.platform.test.annotations.AsbSecurityTest,com.android.compatibility.common.util.CtsDownstreamingTest,android.platform.test.annotations.AppModeFull}]
02-18 07:49:33.758 10129  5598  5598 V TestEventClient: No service name argument was given (testDiscoveryService, testRunEventService or orchestratorService)
02-18 07:49:33.758 10129  5598  5615 D AndroidJUnitRunner: onStart is called.
02-18 07:49:33.759  1000  1475  1942 I am_uid_active: 10129
02-18 07:49:33.760 10129  5598  5598 I MonitoringInstr: No JSBridge.
02-18 07:49:33.763  1000  1475  1942 D CompatibilityChangeReporter: Compat change id reported: 161145287; UID 10129; state: ENABLED
02-18 07:49:33.764 10129  5598  5615 I InstrConnection: Could not send broadcast or register receiver (isolatedProcess?)
02-18 07:49:33.766 10129  5598  5615 D TestRequestBuilder: Skipping class path scanning and directly running [android.display.cts.DisplayTest]
02-18 07:49:33.777 10129  5598  5615 D TestExecutor: Adding listener androidx.test.internal.runner.listener.InstrumentationResultPrinter
02-18 07:49:33.787  1000  1475  1942 I ActivityManager: Force stopping android.display.cts appid=10129 user=0: finished inst
02-18 07:49:33.787  1000  1475  1942 E ActivityManager: Unable to freeze binder for 5598: -11
02-18 07:49:33.788  1000  1475  1942 I am_uid_stopped: 10129
02-18 07:49:33.788  1000  1475  1776 D DisplayManagerService: Drop pending events for gone uid 10129
02-18 07:49:33.817  1000  1942  1942 I binder  : 1475:1942 ioctl 400c620e 70cac0338c returned -11
02-18 07:49:33.788  1000  1475  1942 I ActivityManager: Killing 5598:android.display.cts/u0a129 (adj 0): stop android.display.cts due to finished inst
02-18 07:49:33.788 shell  5583  5583 I app_process: System.exit called, status: 0
02-18 07:49:33.788 shell  5583  5583 I AndroidRuntime: VM exiting with result code 0.
02-18 07:49:33.788  1000  1475  1942 I am_kill : [0,5598,android.display.cts,0,stop android.display.cts due to finished inst,112344]
02-18 07:49:33.817  1000  1942  1942 I binder  : 1475:1942 ioctl 400c620e 70cac0338c returned -11
02-18 07:49:33.863  root  1741  1741 I binder  : undelivered TRANSACTION_COMPLETE
02-18 07:49:33.863  root  1741  1741 I binder  : undelivered transaction 168835, process died.
02-18 07:49:33.834  1000  1475  1942 V ActivityManager: Got obituary of 5598:android.display.cts
02-18 07:49:33.835  root   900   900 I Zygote  : Process 5598 exited due to signal 9 (Killed)
02-18 07:49:33.835  1000  1475  1841 I libprocessgroup: Removed cgroup /sys/fs/cgroup/uid_10129/pid_5598
02-18 07:49:33.954 shell  5618  5618 D AndroidRuntime: >>>>>> START com.android.internal.os.RuntimeInit uid 2000 <<<<<<
02-18 07:49:33.959 shell  5618  5618 I AndroidRuntime: Using default boot image
02-18 07:49:33.959 shell  5618  5618 I AndroidRuntime: Leaving lock profiling enabled
02-18 07:49:33.961 shell  5618  5618 I app_process: Core platform API reporting enabled, enforcing=false
02-18 07:49:33.962 shell  5618  5618 I app_process: Using CollectorTypeCMC GC.
02-18 07:49:34.036 shell  5618  5618 D nativeloader: InitDefaultPublicLibraries for_preload=1: libandroid.so:libaaudio.so:libamidi.so:libbinder_ndk.so:libc.so:libcamera2ndk.so:libdl.so:libEGL.so:libGLESv1_CM.so:libGLESv2.so:libGLESv3.so:libicu.so:libicui18n.so:libicuuc.so:libjnigraphics.so:liblog.so:libmediandk.so:libm.so:libnativehelper.so:libnativewindow.so:libOpenMAXAL.so:libOpenSLES.so:libRS.so:libstdc++.so:libsync.so:libvulkan.so:libwebviewchromium_plat_support.so:libz.so
02-18 07:49:34.048 shell  5618  5618 D nativeloader: Load libicu_jni.so using APEX ns com_android_art for caller /apex/com.android.art/javalib/core-oj.jar: ok
02-18 07:49:34.048 shell  5618  5618 D app_process: Time zone APEX ICU file found: /apex/com.android.tzdata/etc/icu/icu_tzdata.dat
02-18 07:49:34.048 shell  5618  5618 D app_process: I18n APEX ICU file found: /apex/com.android.i18n/etc/icu/icudt72l.dat
02-18 07:49:34.049 shell  5618  5618 D nativeloader: Load libjavacore.so using APEX ns com_android_art for caller /apex/com.android.art/javalib/core-oj.jar: ok
02-18 07:49:34.050 shell  5618  5618 D nativeloader: Load libopenjdk.so using APEX ns com_android_art for caller /apex/com.android.art/javalib/core-oj.jar: ok
02-18 07:49:34.074 shell  5618  5618 D nativeloader: Load libframework-connectivity-tiramisu-jni.so using APEX ns com_android_tethering for caller /apex/com.android.tethering/javalib/framework-connectivity-t.jar: ok
02-18 07:49:34.075 shell  5618  5618 D AndroidRuntime: Calling main entry com.android.commands.am.Am
02-18 07:49:34.079 shell  5618  5618 D UiAutomationConnection: Created on user UserHandle{0}
02-18 07:49:34.080  1000  1475  3052 I ActivityManager: Force stopping android.display.cts appid=10129 user=0: start instr
02-18 07:49:34.081  1000  1475  3052 D GrammaticalInflection: The flag must be enabled to allow calling the API.
02-18 07:49:34.081  1000  1475  3052 I am_uid_running: 10129
02-18 07:49:34.082  1000  1475  3052 D CompatibilityChangeReporter: Compat change id reported: 135634846; UID 10129; state: DISABLED
02-18 07:49:34.082  1000  1475  3052 D CompatibilityChangeReporter: Compat change id reported: 177438394; UID 10129; state: DISABLED
02-18 07:49:34.082  1000  1475  3052 D CompatibilityChangeReporter: Compat change id reported: 135772972; UID 10129; state: DISABLED
02-18 07:49:34.082  1000  1475  3052 D CompatibilityChangeReporter: Compat change id reported: 135754954; UID 10129; state: ENABLED
02-18 07:49:34.082  1000  1475  1836 D CompatibilityChangeReporter: Compat change id reported: 143937733; UID 10129; state: ENABLED
02-18 07:49:34.097  root   900   900 D Zygote  : Forked child process 5634
02-18 07:49:34.099  1000  1475  1836 I am_proc_start: [0,5634,10129,android.display.cts,added application,android.display.cts]
02-18 07:49:34.099  1000  1475  1836 I ActivityManager: Start proc 5634:android.display.cts/u0a129 for added application android.display.cts
02-18 07:49:34.113 10129  5634  5634 I oid.display.cts: Using CollectorTypeCMC GC.
02-18 07:49:34.120 10129  5634  5634 E oid.display.cts: Not starting debugger since process cannot load the jdwp agent.
02-18 07:49:34.125 10129  5634  5634 D nativeloader: Load libframework-connectivity-tiramisu-jni.so using APEX ns com_android_tethering for caller /apex/com.android.tethering/javalib/framework-connectivity-t.jar: ok
02-18 07:49:34.130  1000  1475  3052 I am_proc_bound: [0,5634,android.display.cts]
02-18 07:49:34.133 10129  5634  5634 D CompatibilityChangeReporter: Compat change id reported: 171979766; UID 10129; state: ENABLED
02-18 07:49:34.133 10129  5634  5634 D CompatibilityChangeReporter: Compat change id reported: 242716250; UID 10129; state: ENABLED
02-18 07:49:34.138 10129  5634  5634 D ApplicationLoaders: Returning zygote-cached class loader: /system/framework/android.test.base.jar
02-18 07:49:34.142 10129  5634  5634 D nativeloader: Configuring clns-4 for other apk /system/framework/android.test.mock.jar. target_sdk_version=34, uses_libraries=ALL, library_path=/data/app/~~2nfZzf0IG2dTOgXPOyQbIg==/android.display.cts-9KGXYsrG7Wk5noWiM9c_ug==/lib/arm64:/data/app/~~2nfZzf0IG2dTOgXPOyQbIg==/android.display.cts-9KGXYsrG7Wk5noWiM9c_ug==/base.apk!/lib/arm64-v8a, permitted_path=/data:/mnt/expand:/data/user/0/android.display.cts
02-18 07:49:34.146 10129  5634  5634 D nativeloader: Configuring clns-5 for other apk /system/framework/android.test.runner.jar. target_sdk_version=34, uses_libraries=ALL, library_path=/data/app/~~2nfZzf0IG2dTOgXPOyQbIg==/android.display.cts-9KGXYsrG7Wk5noWiM9c_ug==/lib/arm64:/data/app/~~2nfZzf0IG2dTOgXPOyQbIg==/android.display.cts-9KGXYsrG7Wk5noWiM9c_ug==/base.apk!/lib/arm64-v8a, permitted_path=/data:/mnt/expand:/data/user/0/android.display.cts
02-18 07:49:34.148 10129  5634  5634 D ApplicationLoaders: Returning zygote-cached class loader: /system/framework/android.test.base.jar
02-18 07:49:34.149 10129  5634  5634 D nativeloader: Configuring clns-6 for other apk /data/app/~~2nfZzf0IG2dTOgXPOyQbIg==/android.display.cts-9KGXYsrG7Wk5noWiM9c_ug==/base.apk. target_sdk_version=34, uses_libraries=, library_path=/data/app/~~2nfZzf0IG2dTOgXPOyQbIg==/android.display.cts-9KGXYsrG7Wk5noWiM9c_ug==/lib/arm64:/data/app/~~2nfZzf0IG2dTOgXPOyQbIg==/android.display.cts-9KGXYsrG7Wk5noWiM9c_ug==/base.apk!/lib/arm64-v8a, permitted_path=/data:/mnt/expand:/data/user/0/android.display.cts
02-18 07:49:34.155 10129  5634  5634 V GraphicsEnvironment: Currently set values for:
02-18 07:49:34.155 10129  5634  5634 V GraphicsEnvironment:   angle_gl_driver_selection_pkgs=[]
02-18 07:49:34.155 10129  5634  5634 V GraphicsEnvironment:   angle_gl_driver_selection_values=[]
02-18 07:49:34.155 10129  5634  5634 V GraphicsEnvironment: Global.Settings values are invalid: number of packages: 0, number of values: 0
02-18 07:49:34.155 10129  5634  5634 V GraphicsEnvironment: Neither updatable production driver nor prerelease driver is supported.
02-18 07:49:34.159 10129  5634  5634 I MonitoringInstr: newApplication called!
02-18 07:49:34.159 10129  5634  5634 I MonitoringInstr: Instrumentation started!
02-18 07:49:34.159 10129  5634  5634 D AndroidJUnitRunner: Use the raw file system for managing file I/O.
02-18 07:49:34.162 10129  5634  5634 I AndroidJUnitRunner: onCreate Bundle[{testFile=/data/local/tmp/ajur/includes.txt, log=false, debug=false, timeout_msec=300000, newRunListenerMode=true, notAnnotation=android.platform.test.annotations.AsbSecurityTest,com.android.compatibility.common.util.CtsDownstreamingTest,android.platform.test.annotations.AppModeFull}]
02-18 07:49:34.163 10129  5634  5634 V TestEventClient: No service name argument was given (testDiscoveryService, testRunEventService or orchestratorService)
02-18 07:49:34.163 10129  5634  5650 D AndroidJUnitRunner: onStart is called.
02-18 07:49:34.164  1000  1475  3052 I am_uid_active: 10129
02-18 07:49:34.165 10129  5634  5634 I MonitoringInstr: No JSBridge.
02-18 07:49:34.168 10129  5634  5650 I InstrConnection: Could not send broadcast or register receiver (isolatedProcess?)
02-18 07:49:34.169 10129  5634  5650 D TestRequestBuilder: Skipping class path scanning and directly running [android.display.cts.DisplayTest]
02-18 07:49:34.176 10129  5634  5650 D TestExecutor: Adding listener androidx.test.internal.runner.listener.LogRunListener
02-18 07:49:34.176 10129  5634  5650 D TestExecutor: Adding listener androidx.test.internal.runner.listener.InstrumentationResultPrinter
02-18 07:49:34.176 10129  5634  5650 D TestExecutor: Adding listener androidx.test.internal.runner.listener.ActivityFinisherRunListener
02-18 07:49:34.176 10129  5634  5650 D TestExecutor: Adding listener androidx.test.internal.runner.listener.TraceRunListener
02-18 07:49:34.178 10129  5634  5650 I TestRunner: run started: 1 tests
02-18 07:49:34.179 10129  5634  5650 I TestRunner: started: testGetMetrics(android.display.cts.DisplayTest)
02-18 07:49:34.182 10129  5634  5650 I UiAutomation: Initialized for user 0 on display 0
02-18 07:49:34.184  1000  1475  3052 D AccessibilityManagerService: changeCurrentUserForTestAutomationIfNeededLocked(0): ignoring because device doesn't support visible background users
02-18 07:49:34.184  1000  1475  3052 I UiAutomationManager: Registering UiTestAutomationService (id=com.android.server.accessibility/UiAutomation) when called by user 0
02-18 07:49:34.187  1000  1475  3052 W MagnificationConnectionManager: requestConnection duplicated request: connect=false, mConnectionState=DISCONNECTED
02-18 07:49:34.189  1000  1475  1475 D BatterySaverPolicy: accessibility changed to true, updating policy.
02-18 07:49:34.189 10129  5634  5652 V UiAutomation: Init UiAutomation@f2ed5ef[id=3, displayId=0, flags=0]
02-18 07:49:34.195  1000  1475  5273 W ActivityTaskManager: Background activity start for android.display.cts allowed because SYSTEM_ALERT_WINDOW permission is granted.
02-18 07:49:34.195  1000  1475  5273 D CompatibilityChangeReporter: Compat change id reported: 265464455; UID 10129; state: DISABLED
02-18 07:49:34.195  1000  1475  5273 D CompatibilityChangeReporter: Compat change id reported: 310816437; UID 10129; state: DISABLED
02-18 07:49:34.196  1000  1475  5273 D CompatibilityChangeReporter: Compat change id reported: 265452344; UID 10129; state: DISABLED
02-18 07:49:34.196  1000  1475  5273 D CompatibilityChangeReporter: Compat change id reported: 266124927; UID 10129; state: DISABLED
02-18 07:49:34.196  1000  1475  5273 D CompatibilityChangeReporter: Compat change id reported: 265451093; UID 10129; state: DISABLED
02-18 07:49:34.196  1000  1475  5273 D CompatibilityChangeReporter: Compat change id reported: 265456536; UID 10129; state: DISABLED
02-18 07:49:34.196  1000  1475  5273 D CompatibilityChangeReporter: Compat change id reported: 255940284; UID 10129; state: DISABLED
02-18 07:49:34.196  1000  1475  5273 D CompatibilityChangeReporter: Compat change id reported: 236283604; UID 10129; state: DISABLED
02-18 07:49:34.196  1000  1475  5273 D CompatibilityChangeReporter: Compat change id reported: 263959004; UID 10129; state: DISABLED
02-18 07:49:34.196  1000  1475  5273 D CompatibilityChangeReporter: Compat change id reported: 264304459; UID 10129; state: DISABLED
02-18 07:49:34.196  1000  1475  5273 D CompatibilityChangeReporter: Compat change id reported: 264301586; UID 10129; state: DISABLED
02-18 07:49:34.196  1000  1475  5273 D CompatibilityChangeReporter: Compat change id reported: 254631730; UID 10129; state: DISABLED
02-18 07:49:34.196  1000  1475  5273 D CompatibilityChangeReporter: Compat change id reported: 273509367; UID 10129; state: DISABLED
02-18 07:49:34.196  1000  1475  5273 D CompatibilityChangeReporter: Compat change id reported: 263259275; UID 10129; state: DISABLED
02-18 07:49:34.197  1000  1475  5273 D CompatibilityChangeReporter: Compat change id reported: 174042980; UID 10129; state: DISABLED
02-18 07:49:34.197  1000  1475  5273 D CompatibilityChangeReporter: Compat change id reported: 174042936; UID 10129; state: DISABLED
02-18 07:49:34.197  1000  1475  5273 D CompatibilityChangeReporter: Compat change id reported: 181136395; UID 10129; state: DISABLED
02-18 07:49:34.198  1000  1475  5273 D CompatibilityChangeReporter: Compat change id reported: 194480991; UID 10129; state: ENABLED
02-18 07:49:34.199  1000  1475  5273 I wm_task_created: 9
02-18 07:49:34.200  1000  1475  5273 D CompatibilityChangeReporter: Compat change id reported: 184838306; UID 10129; state: DISABLED
02-18 07:49:34.200  1000  1475  5273 D CompatibilityChangeReporter: Compat change id reported: 185004937; UID 10129; state: DISABLED
02-18 07:49:34.200  1000  1475  5273 D CompatibilityChangeReporter: Compat change id reported: 197654537; UID 10129; state: ENABLED
02-18 07:49:34.200  1000  1475  5273 I wm_task_moved: [9,9,0,1,2]
02-18 07:49:34.200  1000  1475  5273 I wm_task_to_front: [0,9,0]
02-18 07:49:34.200  1000  1475  5273 I wm_create_task: [0,9,9,0]
02-18 07:49:34.200  1000  1475  5273 I wm_create_activity: [0,38264070,9,android.display.cts/.ScreenOnActivity,android.intent.action.MAIN,NULL,NULL,335544320]
02-18 07:49:34.200  1000  1475  5273 I wm_task_moved: [9,9,0,1,2]
02-18 07:49:34.201  1000  1475  5273 V SplashScreenExceptionList: SplashScreen checking exception for package android.display.cts (target sdk:34) -> false
02-18 07:49:34.201  1000  1475  5273 D CompatibilityChangeReporter: Compat change id reported: 205907456; UID 10129; state: ENABLED
02-18 07:49:34.201  1000  1475  5273 I wm_pause_activity: [0,144177922,com.android.launcher3/.uioverrides.QuickstepLauncher,userLeaving=true,pauseBackTasks]
02-18 07:49:34.202 10097  2997  3037 V WindowManagerShell: Transition requested (#8): android.os.BinderProxy@cd87a3d TransitionRequestInfo { type = OPEN, triggerTask = TaskInfo{userId=0 taskId=9 displayId=0 isRunning=true baseIntent=Intent { act=android.intent.action.MAIN flg=0x14000000 cmp=android.display.cts/.ScreenOnActivity } baseActivity=ComponentInfo{android.display.cts/android.display.cts.ScreenOnActivity} topActivity=ComponentInfo{android.display.cts/android.display.cts.ScreenOnActivity} origActivity=null realActivity=ComponentInfo{android.display.cts/android.display.cts.ScreenOnActivity} numActivities=1 lastActiveTime=76366 supportsMultiWindow=true resizeMode=1 isResizeable=true minWidth=-1 minHeight=-1 defaultMinSize=220 token=WCT{android.window.IWindowContainerToken$Stub$Proxy@598d232} topActivityType=1 pictureInPictureParams=null shouldDockBigOverlays=false launchIntoPipHostTaskId=-1 lastParentTaskIdBeforePip=-1 displayCutoutSafeInsets=Rect(0, 136 - 0, 0) topActivityInfo=ActivityInfo{6c8eb83 android.display.cts.ScreenOnActivity} launchCookies=[] positionInParent=Point(0, 0) parentTaskId=-1 isFocused=false isVisible=false isVisibleRequested=false isSleeping=false locusId=null displayAreaFeatureId=1 isTopActivityTransparent=false appCompatTaskInfo=AppCompatTaskInfo { topActivityInSizeCompat=false topActivityEligibleForLetterboxEducation= false isLetterboxDoubleTapEnabled= false topActivityEligibleForUserAspectRatioButton= false topActivityBoundsLetterboxed= false isFromLetterboxDoubleTap= false topActivityLetterboxVerticalPosition= -1 topActivityLetterboxHorizontalPosition= -1 topActivityLetterboxWidth=1080 topActivityLetterboxHeight=2400 isUserFullscreenOverrideEnabled=false isSystemFullscreenOverrideEnabled=false cameraCompatControlState=hidden}}, pipTask = null, remoteTransition = null, displayChange = null, flags = 0, debugId = 8 }
02-18 07:49:34.202 10092  3260  3260 I wm_on_top_resumed_lost_called: [144177922,com.android.launcher3.uioverrides.QuickstepLauncher,topStateChangedWhenResumed]
02-18 07:49:34.202  1000  1475  5273 I ActivityTaskManager: START u0 {act=android.intent.action.MAIN flg=0x14000000 cmp=android.display.cts/.ScreenOnActivity} with LAUNCH_MULTIPLE from uid 10129 (BAL_ALLOW_SAW_PERMISSION) result code=0
02-18 07:49:34.203 10092  3260  3260 W SplitSelectStateCtor: Missing session instanceIds
02-18 07:49:34.203 10092  3260  3260 D StatsLog: LAUNCHER_SPLIT_SELECTION_EXIT_INTERRUPTED
02-18 07:49:34.203 10092  3260  3260 I wm_on_paused_called: [144177922,com.android.launcher3.uioverrides.QuickstepLauncher,performPause,0]
02-18 07:49:34.204 10097  2997  3037 D WindowManagerShell: setLauncherKeepClearAreaHeight: visible=false, height=294
02-18 07:49:34.204 10097  2997  3056 D SplashScreenView: Build android.window.SplashScreenView{efddf7e V.E...... ......ID 0,0-0,0}
02-18 07:49:34.204 10097  2997  3056 D SplashScreenView: Icon: view: null drawable: null size: 0
02-18 07:49:34.204 10097  2997  3056 D SplashScreenView: Branding: view: android.view.View{5a4bcdf G.ED..... ......I. 0,0-0,0 #1020505 android:id/splashscreen_branding_view} drawable: null size w: 0 h: 0
02-18 07:49:34.205  1000  1475  4255 I wm_add_to_stopping: [0,144177922,com.android.launcher3/.uioverrides.QuickstepLauncher,makeInvisible]
02-18 07:49:34.205  1000  1475  4255 I wm_restart_activity: [0,38264070,9,android.display.cts/.ScreenOnActivity]
02-18 07:49:34.206  1000  1475  4255 I wm_set_resumed_activity: [0,android.display.cts/.ScreenOnActivity,minimalResumeActivityLocked - onActivityStateChanged]
02-18 07:49:34.206  1000  1475  1775 I sysui_multi_action: [757,803,799,window_time_0,802,7]
02-18 07:49:34.208  1000  1475  1820 I input_focus: [Requesting to set focus to null window,reason=UpdateInputWindows]
02-18 07:49:34.209  1000   558   558 I BpBinder: onLastStrongRef automatically unlinking death recipients: 
02-18 07:49:34.210  1000  1475  5273 D CoreBackPreview: Window{29ebc78 u0 Splash Screen android.display.cts}: Setting back callback OnBackInvokedCallbackInfo{mCallback=android.window.IOnBackInvokedCallback$Stub$Proxy@fb13542, mPriority=0, mIsAnimationCallback=false}
02-18 07:49:34.211 10129  5634  5654 D vulkan  : searching for layers in '/data/app/~~2nfZzf0IG2dTOgXPOyQbIg==/android.display.cts-9KGXYsrG7Wk5noWiM9c_ug==/base.apk!/lib/arm64-v8a'
02-18 07:49:34.214 10097  2997  3055 I viewroot_draw_event: [VRI[cts],reportDrawFinished seqId=0]
02-18 07:49:34.217  1000  1475  1775 V WindowManager: Sent Transition (#8) createdAt=02-18 07:49:34.198 via request=TransitionRequestInfo { type = OPEN, triggerTask = TaskInfo{userId=0 taskId=9 displayId=0 isRunning=true baseIntent=Intent { act=android.intent.action.MAIN flg=0x14000000 cmp=android.display.cts/.ScreenOnActivity } baseActivity=ComponentInfo{android.display.cts/android.display.cts.ScreenOnActivity} topActivity=ComponentInfo{android.display.cts/android.display.cts.ScreenOnActivity} origActivity=null realActivity=ComponentInfo{android.display.cts/android.display.cts.ScreenOnActivity} numActivities=1 lastActiveTime=76366 supportsMultiWindow=true resizeMode=1 isResizeable=true minWidth=-1 minHeight=-1 defaultMinSize=220 token=WCT{RemoteToken{94d57bc Task{5f4c392 #9 type=standard A=10129:android.display.cts}}} topActivityType=1 pictureInPictureParams=null shouldDockBigOverlays=false launchIntoPipHostTaskId=-1 lastParentTaskIdBeforePip=-1 displayCutoutSafeInsets=Rect(0, 136 - 0, 0) topActivityInfo=ActivityInfo{611d51d android.display.cts.ScreenOnActivity} launchCookies=[] positionInParent=Point(0, 0) parentTaskId=-1 isFocused=false isVisible=false isVisibleRequested=false isSleeping=false locusId=null displayAreaFeatureId=1 isTopActivityTransparent=false appCompatTaskInfo=AppCompatTaskInfo { topActivityInSizeCompat=false topActivityEligibleForLetterboxEducation= false isLetterboxDoubleTapEnabled= false topActivityEligibleForUserAspectRatioButton= false topActivityBoundsLetterboxed= false isFromLetterboxDoubleTap= false topActivityLetterboxVerticalPosition= -1 topActivityLetterboxHorizontalPosition= -1 topActivityLetterboxWidth=1080 topActivityLetterboxHeight=2400 isUserFullscreenOverrideEnabled=false isSystemFullscreenOverrideEnabled=false cameraCompatControlState=hidden}}, pipTask = null, remoteTransition = null, displayChange = null, flags = 0, debugId = 8 }
02-18 07:49:34.217  1000  1475  1775 V WindowManager:     startWCT=WindowContainerTransaction { changes = {} hops = [] errorCallbackToken=null taskFragmentOrganizer=null }
02-18 07:49:34.217  1000  1475  1775 V WindowManager:     info={id=8 t=OPEN f=0x0 trk=0 r=[0@Point(0, 0)] c=[
02-18 07:49:34.217  1000  1475  1775 V WindowManager:         {WCT{RemoteToken{94d57bc Task{5f4c392 #9 type=standard A=10129:android.display.cts}}} m=OPEN f=NONE leash=Surface(name=Task=9)/@0x621638e sb=Rect(0, 0 - 1080, 2400) eb=Rect(0, 0 - 1080, 2400) d=0},
02-18 07:49:34.217  1000  1475  1775 V WindowManager:         {WCT{RemoteToken{94c8e0 Task{c0bae35 #1 type=undefined}}} m=TO_BACK f=SHOW_WALLPAPER leash=Surface(name=Task=1)/@0x51f31c6 sb=Rect(0, 0 - 1080, 2400) eb=Rect(0, 0 - 1080, 2400) d=0}
02-18 07:49:34.217  1000  1475  1775 V WindowManager:     ]}
02-18 07:49:34.217 10097  2997  3037 V WindowManagerShell: onTransitionReady (#8) android.os.BinderProxy@cd87a3d: {id=8 t=OPEN f=0x0 trk=0 r=[0@Point(0, 0)] c=[{WCT{android.window.IWindowContainerToken$Stub$Proxy@80e0a30} m=OPEN f=NONE leash=Surface(name=Task=9)/@0xcc16cad sb=Rect(0, 0 - 1080, 2400) eb=Rect(0, 0 - 1080, 2400) d=0},{WCT{android.window.IWindowContainerToken$Stub$Proxy@63526a9} m=TO_BACK f=SHOW_WALLPAPER leash=Surface(name=Task=1)/@0x8462be2 sb=Rect(0, 0 - 1080, 2400) eb=Rect(0, 0 - 1080, 2400) d=0}]}
02-18 07:49:34.217 10097  2997  3037 V WindowManagerShell: Playing animation for (#8) android.os.BinderProxy@cd87a3d@0
02-18 07:49:34.217 10097  2997  3037 V WindowManagerShell:  try handler com.android.wm.shell.transition.DefaultMixedHandler@d7a5933
02-18 07:49:34.217 10097  2997  3037 V WindowManagerShell:  try handler com.android.wm.shell.keyguard.KeyguardTransitionHandler@4b7b4f0
02-18 07:49:34.217 10097  2997  3037 V WindowManagerShell:  try handler com.android.wm.shell.pip.PipTransition@cf95a69
02-18 07:49:34.217 10097  2997  3037 V WindowManagerShell:  try handler com.android.wm.shell.activityembedding.ActivityEmbeddingController@5edacee
02-18 07:49:34.217 10097  2997  3037 V WindowManagerShell:  try handler com.android.wm.shell.recents.RecentsTransitionHandler@ef7558f
02-18 07:49:34.217 10129  5634  5634 D LifecycleMonitor: Lifecycle status change: android.display.cts.ScreenOnActivity@96ecd00 in: PRE_ON_CREATE
02-18 07:49:34.217 10097  2997  3037 V ShellRecents: RecentsTransitionHandler.startAnimation: no controller found
02-18 07:49:34.217 10097  2997  3037 V WindowManagerShell:  try handler com.android.wm.shell.splitscreen.StageCoordinator@43dcc70
02-18 07:49:34.217 10097  2997  3037 V WindowManagerShell:  try handler com.android.wm.shell.transition.RemoteTransitionHandler@6fb301c
02-18 07:49:34.217 10097  2997  3037 V WindowManagerShell: Transition doesn't have explicit remote, search filters for match for {id=8 t=OPEN f=0x0 trk=0 r=[0@Point(0, 0)] c=[{WCT{android.window.IWindowContainerToken$Stub$Proxy@80e0a30} m=OPEN f=NONE leash=Surface(name=Task=9)/@0xcc16cad sb=Rect(0, 0 - 1080, 2400) eb=Rect(0, 0 - 1080, 2400) d=0},{WCT{android.window.IWindowContainerToken$Stub$Proxy@63526a9} m=TO_BACK f=SHOW_WALLPAPER leash=Surface(name=Task=1)/@0x8462be2 sb=Rect(0, 0 - 1080, 2400) eb=Rect(0, 0 - 1080, 2400) d=0}]}
02-18 07:49:34.217 10097  2997  3037 V WindowManagerShell:  Checking filter Pair{{types=[] flags=0x0] notFlags=0x100 checks=[{atype=home independent=true modes=[OPEN,TO_FRONT] flags=NONE mustBeTask=false order=TOP topActivity=ComponentInfo{com.android.launcher3/com.android.launcher3.uioverrides.QuickstepLauncher}},{atype=standard independent=true modes=[CLOSE,TO_BACK] flags=NONE mustBeTask=false order=ANY topActivity=null}]} RemoteTransition { remoteTransition = android.window.IRemoteTransition$Stub$Proxy@218cc83, appThread = android.app.IApplicationThread$Stub$Proxy@3312e00, debugName = QuickstepLaunchHome }}
02-18 07:49:34.217 10129  5634  5634 I wm_on_create_called: [38264070,android.display.cts.ScreenOnActivity,performCreate,0]
02-18 07:49:34.217 10097  2997  3037 V WindowManagerShell:  Delegate animation for (#8) to null
02-18 07:49:34.217 10097  2997  3037 V WindowManagerShell:  try handler com.android.wm.shell.transition.DefaultTransitionHandler@3443425
02-18 07:49:34.218 10097  2997  3037 V WindowManagerShell: start default transition animation, info = {id=8 t=OPEN f=0x0 trk=0 r=[0@Point(0, 0)] c=[{WCT{android.window.IWindowContainerToken$Stub$Proxy@80e0a30} m=OPEN f=NONE leash=Surface(name=Task=9)/@0xcc16cad sb=Rect(0, 0 - 1080, 2400) eb=Rect(0, 0 - 1080, 2400) d=0},{WCT{android.window.IWindowContainerToken$Stub$Proxy@63526a9} m=TO_BACK f=SHOW_WALLPAPER leash=Surface(name=Task=1)/@0x8462be2 sb=Rect(0, 0 - 1080, 2400) eb=Rect(0, 0 - 1080, 2400) d=0}]}
02-18 07:49:34.218 10097  2997  3037 V WindowManagerShell: loadAnimation: anim=android.view.animation.AnimationSet@61f242e animAttr=0x13 type=OPEN isEntrance=false
02-18 07:49:34.218 10097  2997  3037 V WindowManagerShell: loadAnimation: anim=android.view.animation.AnimationSet@1dc9bcf animAttr=0x12 type=OPEN isEntrance=true
02-18 07:49:34.218 10097  2997  3037 V WindowManagerShell:  animated by com.android.wm.shell.transition.DefaultTransitionHandler@3443425
02-18 07:49:34.218  1000  1475  5273 W UserManagerService: Requested status bar icon for non-badged user 0
02-18 07:49:34.220 10129  5634  5634 D CompatibilityChangeReporter: Compat change id reported: 279646685; UID 10129; state: DISABLED
02-18 07:49:34.225 10129  5634  5634 D LifecycleMonitor: Lifecycle status change: android.display.cts.ScreenOnActivity@96ecd00 in: CREATED
02-18 07:49:34.225 10129  5634  5634 D LifecycleMonitor: Lifecycle status change: android.display.cts.ScreenOnActivity@96ecd00 in: STARTED
02-18 07:49:34.225 10129  5634  5634 I wm_on_start_called: [38264070,android.display.cts.ScreenOnActivity,handleStartActivity,0]
02-18 07:49:34.226 10129  5634  5634 D CompatibilityChangeReporter: Compat change id reported: 210923482; UID 10129; state: ENABLED
02-18 07:49:34.226 10129  5634  5634 D CompatibilityChangeReporter: Compat change id reported: 63938206; UID 10129; state: DISABLED
02-18 07:49:34.226  1000  1475  2001 I input_focus: [Focus leaving 38676a7 com.android.launcher3/com.android.launcher3.uioverrides.QuickstepLauncher (server),reason=Waiting for window because NO_WINDOW]
02-18 07:49:34.227 10129  5634  5634 D LifecycleMonitor: Lifecycle status change: android.display.cts.ScreenOnActivity@96ecd00 in: RESUMED
02-18 07:49:34.227 10129  5634  5634 I wm_on_resume_called: [38264070,android.display.cts.ScreenOnActivity,RESUME_ACTIVITY,1]
02-18 07:49:34.228 10129  5634  5634 D CompatibilityChangeReporter: Compat change id reported: 237531167; UID 10129; state: DISABLED
02-18 07:49:34.232 10129  5634  5634 I wm_on_top_resumed_gained_called: [38264070,android.display.cts.ScreenOnActivity,topStateChangedWhenResumed]
02-18 07:49:34.237  1000  1475  4255 D CoreBackPreview: Window{20425fd u0 android.display.cts/android.display.cts.ScreenOnActivity}: Setting back callback OnBackInvokedCallbackInfo{mCallback=android.window.IOnBackInvokedCallback$Stub$Proxy@d7d0a9f, mPriority=0, mIsAnimationCallback=false}
02-18 07:49:34.241  1000  1475  1820 I input_focus: [Focus request 20425fd android.display.cts/android.display.cts.ScreenOnActivity,reason=UpdateInputWindows]
02-18 07:49:34.241  1000   558   614 W ServiceManagerCppClient: Permission failure: android.permission.ROTATE_SURFACE_FLINGER from uid=10129 pid=0
02-18 07:49:34.241  1000   558   615 W ServiceManagerCppClient: Permission failure: android.permission.ROTATE_SURFACE_FLINGER from uid=10129 pid=5634
02-18 07:49:34.241  1000   558   614 D PermissionCache: checking android.permission.ROTATE_SURFACE_FLINGER for uid=10129 => denied (155 us)
02-18 07:49:34.241  1000   558   615 D PermissionCache: checking android.permission.ROTATE_SURFACE_FLINGER for uid=10129 => denied (100 us)
02-18 07:49:34.242  1000   558   614 W ServiceManagerCppClient: Permission failure: android.permission.INTERNAL_SYSTEM_WINDOW from uid=10129 pid=0
02-18 07:49:34.242  1000   558   614 D PermissionCache: checking android.permission.INTERNAL_SYSTEM_WINDOW for uid=10129 => denied (68 us)
02-18 07:49:34.242  1000   558   615 W ServiceManagerCppClient: Permission failure: android.permission.INTERNAL_SYSTEM_WINDOW from uid=10129 pid=5634
02-18 07:49:34.272  1000   482   482 I servicemanager: Found android.hardware.graphics.allocator.IAllocator/default in device VINTF manifest.
02-18 07:49:34.242  1000   558   615 D PermissionCache: checking android.permission.INTERNAL_SYSTEM_WINDOW for uid=10129 => denied (76 us)
02-18 07:49:34.242  1000   558   614 D PermissionCache: checking android.permission.ACCESS_SURFACE_FLINGER for uid=10129 => granted (59 us)
02-18 07:49:34.242  1000   558   615 D PermissionCache: checking android.permission.ACCESS_SURFACE_FLINGER for uid=10129 => granted (61 us)
02-18 07:49:34.244  1000   483   483 I hwservicemanager: getTransport: Cannot find entry android.hardware.graphics.allocator@4.0::IAllocator/default in either framework or device VINTF manifest.
02-18 07:49:34.245  1000   564  5186 W gralloc4: Unable to set buffer name VRI[ScreenOnActivity]#0(BLAST Consumer)0: File name too long
02-18 07:49:34.246  1000   564  5186 W gralloc4: Unable to set buffer name VRI[ScreenOnActivity]#0(BLAST Consumer)0: File name too long
02-18 07:49:34.246  1000   564  5186 W gralloc4: Unable to set buffer name VRI[ScreenOnActivity]#0(BLAST Consumer)0: File name too long
02-18 07:49:34.274  1000   482   482 I servicemanager: Found android.hardware.graphics.allocator.IAllocator/default in device VINTF manifest.
02-18 07:49:34.247  1000   564  5186 W gralloc4: Unable to set buffer name VRI[ScreenOnActivity]#0(BLAST Consumer)0: File name too long
02-18 07:49:34.265 10129  5634  5634 I viewroot_draw_event: [VRI[ScreenOnActivity],reportDrawFinished seqId=0]
02-18 07:49:34.265  1000  1475  4255 W ServiceManagerCppClient: Permission failure: android.permission.ROTATE_SURFACE_FLINGER from uid=10129 pid=0
02-18 07:49:34.265  1000  1475  4255 D PermissionCache: checking android.permission.ROTATE_SURFACE_FLINGER for uid=10129 => denied (199 us)
02-18 07:49:34.265  1000  1475  4255 W ServiceManagerCppClient: Permission failure: android.permission.INTERNAL_SYSTEM_WINDOW from uid=10129 pid=0
02-18 07:49:34.265  1000  1475  4255 D PermissionCache: checking android.permission.INTERNAL_SYSTEM_WINDOW for uid=10129 => denied (60 us)
02-18 07:49:34.265  1000  1475  4255 D PermissionCache: checking android.permission.ACCESS_SURFACE_FLINGER for uid=10129 => granted (39 us)
02-18 07:49:34.267 10097  2997  3039 I jank_cuj_events_begin_request: [39,1771372174267629000,76432241654,76432241735,]
02-18 07:49:34.268  1000  1475  1775 I sysui_multi_action: [319,22,321,20,322,72,325,76,757,761,758,8,759,1,806,android.display.cts,871,android.display.cts.ScreenOnActivity,904,android.display.cts,905,0,1320,4,1321,4]
02-18 07:49:34.269  1000  1475  1775 I wm_activity_launch_time: [0,38264070,android.display.cts/.ScreenOnActivity,72]
02-18 07:49:34.269  1000  1475  1775 I ActivityTaskManager: Displayed android.display.cts/.ScreenOnActivity for user 0: +72ms
02-18 07:49:34.272  1000  1475  4255 I wm_set_keyguard_shown: [0,0,0,0,1,updateVisibility]
02-18 07:49:34.294  1000  1475  2001 I input_focus: [Focus entering 20425fd android.display.cts/android.display.cts.ScreenOnActivity (server),reason=Window became focusable. Previous reason: NOT_VISIBLE]
02-18 07:49:34.295  1000  1475  3052 D CompatibilityChangeReporter: Compat change id reported: 214016041; UID 10129; state: ENABLED
02-18 07:49:34.295  1000  1475  3052 I ImeTracker: android.display.cts:124f0aad: onRequestHide at ORIGIN_SERVER reason HIDE_UNSPECIFIED_WINDOW fromUser false
02-18 07:49:34.296  1000  1475  3052 I ImeTracker: android.display.cts:124f0aad: onCancelled at PHASE_SERVER_SHOULD_HIDE
02-18 07:49:34.398  1000  1475  1987 I commit_sys_config_file: [settings-2-0,11]
02-18 07:49:34.505 10097  2997  3037 V WindowManagerShell: Transition animation finished (aborted=false), notifying core (#8) android.os.BinderProxy@cd87a3d@0
02-18 07:49:34.508  1000  1475  1775 V WindowManager: Finish Transition (#8): created at 02-18 07:49:34.198 collect-started=0.031ms request-sent=3.778ms started=5.159ms ready=8.288ms sent=18.136ms finished=309.537ms
02-18 07:49:34.508  1000  1475  5273 V WindowManager: Loading animations: layout params pkg=com.android.launcher3 resId=0x10302fc
02-18 07:49:34.509  1000  1475  5273 V WindowManager: Loading animations: picked package=android
02-18 07:49:34.511 10092  3260  3260 D VRI[QuickstepLauncher]: visibilityChanged oldVisibility=true newVisibility=false
02-18 07:49:34.511  1000  1475  5273 I wm_set_keyguard_occluded: [1,0,0,setOccluded]
02-18 07:49:34.512 10097  2997  3012 D KeyguardService: setOccluded(true)
02-18 07:49:34.512 10097  2997  3012 D KeyguardViewMediator: setOccluded(true)
02-18 07:49:34.512 10097  2997  2997 D KeyguardViewMediator: handleSetOccluded(true)
02-18 07:49:34.512 10097  2997  2997 I sysui_keyguard: [1,0]
02-18 07:49:34.512 10097  2997  3037 V WindowManagerShell: Track 0 became idle
02-18 07:49:34.512 10097  2997  3037 V WindowManagerShell: All active transition animations finished
02-18 07:49:34.512 10097  2997  3039 I jank_cuj_events_cancel_request: [23,1771372174512346000,76676963781,76676964229]
02-18 07:49:34.512  1000  1475  1783 I wm_stop_activity: [0,144177922,com.android.launcher3/.uioverrides.QuickstepLauncher]
02-18 07:49:34.513  1000  1475  4255 W UserManagerService: Requested status bar icon for non-badged user 0
02-18 07:49:34.514  1000  1475  4255 W UserManagerService: Requested status bar icon for non-badged user 0
02-18 07:49:34.514 10097  2997  2997 I sysui_multi_action: [757,196,758,2,759,0]
02-18 07:49:34.514 10097  2997  2997 I sysui_status_bar_state: [0,0,1,0,0,1]
02-18 07:49:34.515 10097  2997  2997 D KeyguardViewMediator: KeyguardViewMediator queue processing message: SET_OCCLUDED
02-18 07:49:34.518  1000  1475  4066 W UserManagerService: Requested status bar icon for non-badged user 0
02-18 07:49:34.522  1000  1475  4066 I wm_wallpaper_surface: [0,0,null]
02-18 07:49:34.524 10092  3260  3260 I viewroot_draw_event: [VRI[QuickstepLauncher],Not drawing due to not visible]
02-18 07:49:34.525 10129  5634  5650 W SystemServiceRegistry: No service published for: hdmi_control
02-18 07:49:34.525 10092  3260  3260 D BaseDepthController: setSurface:
02-18 07:49:34.525 10092  3260  3260 D BaseDepthController: 	mWaitingOnSurfaceValidity: false
02-18 07:49:34.525 10092  3260  3260 D BaseDepthController: 	mSurface: null
02-18 07:49:34.526 10092  3260  3260 D BaseDepthController: mSurface is null and mCurrentBlur is: 0
02-18 07:49:34.527 10092  3260  3260 D StateManager: goToState - fromState: Normal, toState: Normal, partial trace:
02-18 07:49:34.527 10092  3260  3260 D StateManager: 	at com.android.launcher3.statemanager.StateManager.moveToRestState(StateManager.java:465)
02-18 07:49:34.527 10092  3260  3260 D StateManager: 	at com.android.launcher3.statemanager.StateManager.moveToRestState(StateManager.java:456)
02-18 07:49:34.527 10092  3260  3260 D StatsLog: LAUNCHER_ONSTOP
02-18 07:49:34.528 10092  3260  3260 I wm_on_stop_called: [144177922,com.android.launcher3.uioverrides.QuickstepLauncher,STOP_ACTIVITY_ITEM,3]
02-18 07:49:34.538 10097  2997  3039 I jank_cuj_events_end_request: [39,1771372174538482000,76703095210,76703095292]
02-18 07:49:34.542 10097  2997  3055 I viewroot_draw_event: [VRI[cts],Not drawing due to not visible]
02-18 07:49:34.542 10097  2997  3055 W WindowOnBackDispatcher: sendCancelIfRunning: isInProgress=falsecallback=android.view.ViewRootImpl$$ExternalSyntheticLambda11@814758a
02-18 07:49:34.543  1000  1475  5273 D CoreBackPreview: Window{29ebc78 u0 Splash Screen android.display.cts EXITING}: Setting back callback null
02-18 07:49:34.544  1000  1475  4255 W InputManager-JNI: Input channel object '29ebc78 Splash Screen android.display.cts (client)' was disposed without first being removed with the input manager!
02-18 07:49:34.551  1000  1475  1783 I OverlayDisplayAdapter: Showing overlay display device #1: name=Overlay #1, modes=[{width=181, height=161, densityDpi=214}, {width=182, height=162, densityDpi=214}], flags={secure=false, ownContentOnly=false, shouldShowSystemDecorations=false}
02-18 07:49:34.554  1000  1475  1776 D CompatibilityChangeReporter: Compat change id reported: 210923482; UID 1000; state: ENABLED
02-18 07:49:34.554  1000  1475  1776 D CompatibilityChangeReporter: Compat change id reported: 63938206; UID 1000; state: ENABLED
02-18 07:49:34.563  1000  1475  1776 D CompatibilityChangeReporter: Compat change id reported: 168419799; UID 1000; state: DISABLED
02-18 07:49:34.563  1000  1475  1776 D CompatibilityChangeReporter: Compat change id reported: 273564678; UID 1000; state: DISABLED
02-18 07:49:34.566  1000  1475  1776 D CoreBackPreview: Window{3bef402 u0 Overlay #1: 181x161, 214 dpi}: Setting back callback OnBackInvokedCallbackInfo{mCallback=android.window.WindowOnBackInvokedDispatcher$OnBackInvokedCallbackWrapper@84d2f8b, mPriority=0, mIsAnimationCallback=false}
02-18 07:49:34.572  1000   483   483 I hwservicemanager: getTransport: Cannot find entry android.hardware.graphics.allocator@4.0::IAllocator/default in either framework or device VINTF manifest.
02-18 07:49:34.573  1000   564  5186 W gralloc4: Unable to set buffer name VRI[Overlay #1: 181x161, 214 dpi]#0(BLAST Consumer)0: File name too long
02-18 07:49:34.573  1000  1475  1783 I DisplayDeviceRepository: Display device added: DisplayDeviceInfo{"Overlay #1": uniqueId="overlay:1", 181 x 161, modeId 3, renderFrameRate 90.0, defaultModeId 3, userPreferredModeId -1, supportedModes [{id=3, width=181, height=161, fps=90.0, vsync=90.0, alternativeRefreshRates=[], supportedHdrTypes=[]}, {id=4, width=182, height=162, fps=90.0, vsync=90.0, alternativeRefreshRates=[], supportedHdrTypes=[]}], colorMode 0, supportedColorModes [0], hdrCapabilities null, allmSupported false, gameContentTypeSupported false, density 214, 214.0 x 214.0 dpi, appVsyncOff 0, presDeadline 22611111, touch VIRTUAL, rotation 0, type OVERLAY, deviceProductInfo null, state ON, committedState UNKNOWN, frameRateOverride , brightnessMinimum 0.0, brightnessMaximum 0.0, brightnessDefault 0.0, hdrSdrRatio NaN, FLAG_PRESENTATION, FLAG_TRUSTED, installOrientation 0, displayShape DisplayShape{ spec=1451154587 displayWidth=181 displayHeight=161 physicalPixelDisplaySizeRatio=1.0 rotation=0 offsetX=0 offsetY=0 scale=1.0}}
02-18 07:49:34.573  1000   564  5186 W gralloc4: Unable to set buffer name VRI[Overlay #1: 181x161, 214 dpi]#0(BLAST Consumer)0: File name too long
02-18 07:49:34.575  1000  1475  1783 I LogicalDisplayMapper: Applying layout: [{dispId: 0(ON), displayGroupName: , addr: {port=0, model=0x401ceccbbbeef1}, mThermalBrightnessThrottlingMapId: null, mRefreshRateZoneId: null, mLeadDisplayId: -1, mLeadDisplayAddress: null, mThermalRefreshRateThrottlingMapId: null, mPowerThrottlingMapId: null}], Previous layout: [{dispId: 0(ON), displayGroupName: , addr: {port=0, model=0x401ceccbbbeef1}, mThermalBrightnessThrottlingMapId: null, mRefreshRateZoneId: null, mLeadDisplayId: -1, mLeadDisplayAddress: null, mThermalRefreshRateThrottlingMapId: null, mPowerThrottlingMapId: null}]
02-18 07:49:34.575  1000  1475  1783 I LogicalDisplayMapper: Setting new display group 0 for display 2, from previous group: null
02-18 07:49:34.575  1000   564  5186 W gralloc4: Unable to set buffer name VRI[Overlay #1: 181x161, 214 dpi]#0(BLAST Consumer)0: File name too long
02-18 07:49:34.576  1000   564  5186 W gralloc4: Unable to set buffer name VRI[Overlay #1: 181x161, 214 dpi]#0(BLAST Consumer)0: File name too long
02-18 07:49:34.577  1000  1475  1783 W BrightnessThrottler: DeviceConfig ThermalBrightnessThrottlingData is null
02-18 07:49:34.578  1000  1475  1783 W DisplayPowerController2[2]: Screen brightness nits configuration is unavailable; falling back
02-18 07:49:34.579  1000  1475  1775 D BrightnessThermalClamper: New thermal throttling status = 0
02-18 07:49:34.579  1000  1475  1866 D BrightnessPowerClamper: Power throttling data is missing for configuration data.
02-18 07:49:34.581  1000  1475  1820 I DisplayDevice: [2] Layerstack set to 2 for overlay:1
02-18 07:49:34.582  1000  1475  1866 V DisplayPowerController2[2]: Brightness [0.0] reason changing to: 'manual', previous reason: '0'.
02-18 07:49:34.582  1000  1475  1866 I DisplayPowerController2[2]: BrightnessEvent: disp=2, physDisp=overlay:1, displayState=ON, displayPolicy=BRIGHT, brt=0.0, initBrt=NaN, rcmdBrt=NaN, preBrt=NaN, lux=0.0, preLux=0.0, hbmMax=1.0, hbmMode=off, rbcStrength=-1, thrmMax=1.0, powerFactor=1.0, wasShortTermModelActive=false, flags=, reason=manual, autoBrightness=false, strategy=InvalidBrightnessStrategy, autoBrightnessMode=default
02-18 07:49:34.582 10097  2997  3060 D DisplayRepository: display with id=2 connected.
02-18 07:49:34.582 10097  2997  3070 D connectedDisplayIds: newValue: [0, 2]
02-18 07:49:34.583 10097  2997  3069 D allDisplayEvents: newValue: Added(displayId=2)
02-18 07:49:34.583 10097  2997  3070 D allDisplayEvents: newValue: Added(displayId=2)
02-18 07:49:34.584  1000  1475  1783 I InputManager-JNI: Viewport [0] to add: local:4619827677550801152, isActive: true
02-18 07:49:34.584  1000  1475  1783 I InputManager-JNI: Viewport [1] to add: overlay:1, isActive: true
02-18 07:49:34.585  1000  1475  2002 I InputReader: Reconfiguring input devices, changes=DISPLAY_INFO
02-18 07:49:34.585 10097  2997  2997 D DisplayRepository: combining enabled=[0], connectedExternalDisplayIds=[], ignored=[]
02-18 07:49:34.586 10097  2997  2997 D enabledDisplayIds: newValue: [0, 2]
02-18 07:49:34.586 10097  2997  2997 D DisplayRepository: combining enabled=[0, 2], connectedExternalDisplayIds=[], ignored=[]
02-18 07:49:34.589  1000  1475  4255 I wm_finish_activity: [0,38264070,9,android.display.cts/.ScreenOnActivity,app-request]
02-18 07:49:34.589  1000  1475  4255 I wm_task_moved: [1,1,0,1,2]
02-18 07:49:34.589  1000  1475  4255 I wm_task_moved: [7,1,0,1,2147483647]
02-18 07:49:34.589  1000  1475  4255 I wm_task_to_front: [0,7,0]
02-18 07:49:34.589  1000  1475  4255 I wm_focused_root_task: [0,0,1,9,finish-top adjustFocusToNextFocusableTask]
02-18 07:49:34.590  1000  1475  4255 I wm_pause_activity: [0,38264070,android.display.cts/.ScreenOnActivity,userLeaving=false,finish]
