02-17 23:49:28.844 radio  1133  1299 I RIL     : [EmergencyNumberUpdater_1] UpdateEmergencyTypeAndRouting() found entry emergency number: 119, card state: RIL_CARDSTATE_PRESENT, voice regi state: NOT_REG_AND_NOT_SEARCHING, imsRegState: NOT_REGISTERED, mIsEmcLabTestMode: false, mEmcBearerSupported: false, conditions=[ NO_SIM ].
02-17 23:49:28.844 radio  1133  1299 I RIL     : [EmergencyNumberUpdater_1] UpdateEmergencyTypeAndRouting() found entry emergency number: 112, card state: RIL_CARDSTATE_PRESENT, voice regi state: NOT_REG_AND_NOT_SEARCHING, imsRegState: NOT_REGISTERED, mIsEmcLabTestMode: false, mEmcBearerSupported: false, conditions=[ ALWAYS ].
02-17 23:49:28.844 radio  1133  1299 I RIL     : [RilContext_1] OnUnsolicitedResponse 
02-17 23:49:28.844 radio  1133  1299 I RIL     : [RilContext_1] ProcessUnsolicitedResponse 
02-17 23:49:28.844 radio  1133  1299 I RILC-CommandInfo: getUnsolRespInfo found {unsolResponse=1102 halVer=00}
02-17 23:49:28.844 radio  1133  1299 D RILC-HIDL: currentEmergencyNumberListInd
02-17 23:49:28.844 radio  1133  1299 D RILC-AIDL_SERVICE: RadioVoiceIndicationHook::currentEmergencyNumberList mVoiceCb=0xb400006f895d1178
02-17 23:49:28.845 radio  1133  1299 I RILC    : RIL_SOCKET_2 UNSOLICITED:  UNSOL_EMERGENCY_NUMBER_LIST length:432
02-17 23:49:28.845 radio  1133  1299 V RIL     : RADIO_EXT::[RilExternalResponseListener] OnUnsolicitedResponse Filter out Unsolicited response=1102, channel=1
02-17 23:49:28.845 radio  1133  1299 I RIL     : [RilContext_1] OnUnsolicitedResponse 
02-17 23:49:28.845 radio  1133  1299 I RIL     : [RilContext_1] ProcessUnsolicitedResponse 
02-17 23:49:28.845 radio  1133  1299 V RIL     : RADIO::[RilResponseListener] OnUnsolicitedResponse Filter out Unsolicited response=20344
02-17 23:49:28.845 radio  1133  1299 D RIL_EXTERNAL: rilExternalRawIndication
02-17 23:49:28.845 radio  1133  1299 I RIL_EXTERNAL: [isFilteredIndication] clientId=0 name=PID(1108) indication=3058 isFiltered=false
02-17 23:49:28.845 radio  1133  1299 I RIL_EXTERNAL: [isFilteredIndication] clientId=1 name=GpsApi(1122) indication=3058 isFiltered=true
02-17 23:49:28.845 radio  1133  1299 I RIL_EXTERNAL: [isFilteredIndication] clientId=2 name=SeApi(963) indication=3058 isFiltered=true
02-17 23:49:28.845 radio  1133  1299 I RIL_EXTERNAL: [isFilteredIndication] clientId=3 name=unknown indication=3058 isFiltered=false
02-17 23:49:28.845 radio  1133  1299 I RIL_EXTERNAL: [isFilteredIndication] clientId=4 name=unknown indication=3058 isFiltered=false
02-17 23:49:28.845 radio  1133  1299 I RIL_EXTERNAL: [isFilteredIndication] clientId=5 name=unknown indication=3058 isFiltered=false
02-17 23:49:28.845 radio  1133  1299 I RIL_EXTERNAL: [isFilteredIndication] clientId=6 name=unknown indication=3058 isFiltered=false
02-17 23:49:28.845 radio  1133  1299 D RIL_EXTERNAL: rilExternalRawIndication
02-17 23:49:28.845 radio  1133  1299 D RIL_EXTERNAL: rilExternalRawIndication
02-17 23:49:28.845 radio  1133  1299 D RIL_EXTERNAL: rilExternalRawIndication
02-17 23:49:28.845  1000  1108  1125 D RILClient: [OemClient]IND: (clientId = 0, msgId = 3058, dataLength = 589, channel = 1)
02-17 23:49:28.845 radio  1133  1299 D RIL_EXTERNAL: rilExternalRawIndication
02-17 23:49:28.845 radio  1133  1299 D RIL_EXTERNAL: rilExternalRawIndication
02-17 23:49:28.845 radio  1133  1299 I RIL     : [RilContext_1] OnRequestComplete 
02-17 23:49:28.845 radio  1133  1299 I RIL     : [RilContext_1] ProcessSolicitedResponse Request ID=10903
02-17 23:49:28.847 radio  1133  1282 I RIL     : [NetworkService_0] DoQueryNetworkSelectionMode()
02-17 23:49:28.848 radio  1133  1282 I RIL     : [RilContext_0] Send 
02-17 23:49:28.848 radio  3206  3239 D RILJ    : Unsol response received; Sending ack to ril.cpp [PHONE1]
02-17 23:49:28.850 10090  3194  3194 I SHANNON_IMS: 0276 [NETW] #:PURP:# UNSOL {RILC_UNSOL_AIMS_EMERGENCY_NUMBER_LIST} : EmergencyNumberList : { number : 000  mcc : DEF  mnc : DEF  sources : 4  routing : 1 }{ number : 110  mcc : DEF  mnc : DEF  sources : 4  routing : 1 }{ number : 112  mcc : DEF  mnc : DEF  sources : 4  routing : 1 }{ number : 08  mcc : DEF  mnc : DEF  sources : 4  routing : 1 }{ number : 118  mcc : DEF  mnc : DEF  sources : 4  routing : 1 }{ number : 911  mcc : DEF  mnc : DEF  sources : 4  routing : 1 }{ number : 999  mcc : DEF  mnc : DEF  sources : 4  routing : 1 }{ number : 119  mcc : DEF  mnc : DEF  sources : 4  routing : 1 }  (NetworkAdaptor$AdaptorChannel%onMessage:306)
02-17 23:49:28.850 radio  3206  3239 D RILJ    : [UNSL]< UNSOL_EMERGENCY_NUMBER_LIST [[EmergencyNumber: 112, countryIso=, mnc=DEF, src=mdm , routing=unknown, categories=, urns=], [EmergencyNumber: 911, countryIso=, mnc=DEF, src=mdm , routing=unknown, categories=, urns=], [EmergencyNumber: 000, countryIso=, mnc=DEF, src=mdm , routing=unknown, categories=, urns=], [EmergencyNumber: 08, countryIso=, mnc=DEF, src=mdm , routing=unknown, categories=, urns=], [EmergencyNumber: 110, countryIso=, mnc=DEF, src=mdm , routing=unknown, categories=, urns=], [EmergencyNumber: 999, countryIso=, mnc=DEF, src=mdm , routing=unknown, categories=, urns=], [EmergencyNumber: 118, countryIso=, mnc=DEF, src=mdm , routing=unknown, categories=, urns=], [EmergencyNumber: 119, countryIso=, mnc=DEF, src=mdm , routing=unknown, categories=, urns=], [EmergencyNumber: 112, countryIso=, mnc=, src=mdm , routing=unknown, categories=, urns=]] [PHONE1]
02-17 23:49:28.850 radio  3206  3206 D EmergencyNumberTracker: [0]notifyEmergencyNumberList(): notified
02-17 23:49:28.850 10090  3194  3194 D SHANNON_IMS: 0277 [HELP] Unsol {RILC_UNSOL_AIMS_EMERGENCY_NUMBER_LIST} received  [SLID:0  Active:true] (ImsRilHelper%onHandleUnsolicitedResponse:306)
02-17 23:49:28.850 radio  1133  1282 V RIL     : [RilContext_0] RecordRequestHistory token=0x00C5
02-17 23:49:28.850 radio  3206  3206 D EmergencyNumberTracker: [1]updateRadioEmergencyNumberListAndNotify(): receiving [[EmergencyNumber: 000, countryIso=, mnc=DEF, src=mdm , routing=unknown, categories=, urns=], [EmergencyNumber: 08, countryIso=, mnc=DEF, src=mdm , routing=unknown, categories=, urns=], [EmergencyNumber: 110, countryIso=, mnc=DEF, src=mdm , routing=unknown, categories=, urns=], [EmergencyNumber: 112, countryIso=, mnc=, src=mdm , routing=unknown, categories=, urns=], [EmergencyNumber: 112, countryIso=, mnc=DEF, src=mdm , routing=unknown, categories=, urns=], [EmergencyNumber: 118, countryIso=, mnc=DEF, src=mdm , routing=unknown, categories=, urns=], [EmergencyNumber: 119, countryIso=, mnc=DEF, src=mdm , routing=unknown, categories=, urns=], [EmergencyNumber: 911, countryIso=, mnc=DEF, src=mdm , routing=unknown, categories=, urns=], [EmergencyNumber: 999, countryIso=, mnc=DEF, src=mdm , routing=unknown, categories=, urns=]]
02-17 23:49:28.851 radio  1133  1282 I RIL     : [RilContext_0] Send 
02-17 23:49:28.851 radio  1133  1282 V RIL     : [/dev/umts_ipc0][TX] SIT_GET_NTW_MODE, REQ, 12 bytes, Token(0x00c5)
02-17 23:49:28.851 radio  1133  1282 V RIL     :  00 00 03 07 0c 00 c5 00   00 00 00 00
02-17 23:49:28.851 10090  3194  3194 I SHANNON_IMS: 0278 [NETW] #:PURP:# UNSOL {RILC_UNSOL_AIMS_EMERGENCY_NUMBER_LIST} : EmergencyNumberList : { number : 000  mcc : DEF  mnc : DEF  sources : 4  routing : 1 }{ number : 110  mcc : DEF  mnc : DEF  sources : 4  routing : 1 }{ number : 112  mcc : DEF  mnc : DEF  sources : 4  routing : 1 }{ number : 08  mcc : DEF  mnc : DEF  sources : 4  routing : 1 }{ number : 118  mcc : DEF  mnc : DEF  sources : 4  routing : 1 }{ number : 911  mcc : DEF  mnc : DEF  sources : 4  routing : 1 }{ number : 999  mcc : DEF  mnc : DEF  sources : 4  routing : 1 }{ number : 119  mcc : DEF  mnc : DEF  sources : 4  routing : 1 }  (NetworkAdaptor$AdaptorChannel%onMessage:306)
02-17 23:49:28.851 10090  3194  3194 D SHANNON_IMS: 0279 [HELP] Unsol {RILC_UNSOL_AIMS_EMERGENCY_NUMBER_LIST} received  [SLID:1  Active:true] (ImsRilHelper%onHandleUnsolicitedResponse:306)
02-17 23:49:28.854 radio  1133  1294 V RIL     : [/dev/umts_ipc0][RX] SIT_GET_NTW_MODE, RSP, 16 bytes, Token(0x00c5), OK(RCM_E_SUCCESS)
02-17 23:49:28.854 radio  1133  1294 V RIL     :  01 00 03 07 10 00 c5 00   00 00 00 00 00 00 00 00  
02-17 23:49:28.854 radio  1133  1294 I RIL     : [RilContext_0] ProcessModemData 
02-17 23:49:28.854 radio  1133  1294 V RIL     : WaitList::Find() found record : token=0x00C5 SrcService ID =5 DestService ID=5 Result Id=4010
02-17 23:49:28.854 radio  1133  1294 V RIL     : [RilContext_0] SendMessage RCM Response Routing : Type=0001, RCM ID=0x0703 Service ID=5 Message ID=4010
02-17 23:49:28.854 radio  1133  1294 V RIL     : [ServiceMgr] msg(0xb400006e195cd320) msgId=4010 svc=NetworkService_0(5) direction=Response
02-17 23:49:28.855 radio  1133  1282 I RIL     : [NetworkService_0] OnQueryNetworkSelectionModeDone()
02-17 23:49:28.855 radio  1133  1282 V RIL     : NetworkSelectionMode=Automatic(0x00)
02-17 23:49:28.855 radio  1133  1282 I RIL     : [RilContext_0] OnRequestComplete 
02-17 23:49:28.855 radio  1133  1282 I RIL     : [RilContext_0] ProcessSolicitedResponse Request ID=45
02-17 23:49:28.855 radio  1133  1282 D RILC    : RequestComplete, RIL_SOCKET_1
02-17 23:49:28.855 radio  1133  1282 E RILC    : Calling responseFunction() for token 153
02-17 23:49:28.855 radio  1133  1282 D RILC-HIDL: HidlHalNetworkResponse::getNetworkSelectionModeResponse: serial 153
02-17 23:49:28.855 radio  1133  1282 D RILC-AIDL_SERVICE: RadioNetworkResponseHook::getNetworkSelectionModeResponse mNetworkCb=0xb400006f895cf1d8
02-17 23:49:28.855 radio  1133  1282 V RIL     : [RilContext_0] RemoveRequestHistory  token=0x00C5
02-17 23:49:28.855 radio  1133  1282 I RIL     : [NetworkService_0] DataRegistrationStateHandler OnRequest()
02-17 23:49:28.855 radio  1133  1282 I RIL     : [RilContext_0] Send 
02-17 23:49:28.855 radio  1133  1282 V RIL     : [RilContext_0] RecordRequestHistory token=0x00C6
02-17 23:49:28.855 radio  1133  1282 I RIL     : [RilContext_0] Send 
02-17 23:49:28.855 radio  1133  1282 V RIL     : [/dev/umts_ipc0][TX] SIT_GET_PS_REG_STATE, REQ, 12 bytes, Token(0x00c6)
02-17 23:49:28.855 radio  1133  1282 V RIL     :  00 00 01 07 0c 00 c6 00   00 00 00 00
02-17 23:49:28.856 radio  3206  3239 D RILJ    : [0153]< QUERY_NETWORK_SELECTION_MODE {0} [PHONE0]
02-17 23:49:28.856 radio  3206  3206 D SST     : [0] EVENT_POLL_STATE_NETWORK_SELECTION_MODE
02-17 23:49:28.858 radio  1133  1294 V RIL     : [/dev/umts_ipc0][RX] SIT_GET_PS_REG_STATE, RSP, 86 bytes, Token(0x00c6), OK(RCM_E_SUCCESS)
02-17 23:49:28.858 radio  1133  1294 V RIL     :  01 00 01 07 56 00 c6 00   00 00 00 00 14 00 00 0e  
02-17 23:49:28.858 radio  1133  1294 V RIL     :  00 00 00 00 00 00 00 00   00 7a 91 00 00 38 01 00  
02-17 23:49:28.858 radio  1133  1294 V RIL     :  00 23 27 35 03 00 00 00   00 00 00 00 00 00 01 4b  
02-17 23:49:28.858 radio  1133  1294 V RIL     :  00 00 00 00 00 00 00 00   00 00 00 00 00 00 00 00  
02-17 23:49:28.858 radio  1133  1294 V RIL     :  00 00 00 00 00 00 00 00   00 00 00 00 00 00 02 00  
02-17 23:49:28.858 radio  1133  1294 V RIL     :  00 00 00 00 00 00
02-17 23:49:28.858 radio  1133  1294 I RIL     : [RilContext_0] ProcessModemData 
02-17 23:49:28.858 radio  1133  1294 V RIL     : WaitList::Find() found record : token=0x00C6 SrcService ID =5 DestService ID=5 Result Id=4003
02-17 23:49:28.858 radio  1133  1294 V RIL     : [RilContext_0] SendMessage RCM Response Routing : Type=0001, RCM ID=0x0701 Service ID=5 Message ID=4003
02-17 23:49:28.858 radio  1133  1294 V RIL     : [ServiceMgr] msg(0xb400006e195d0500) msgId=4003 svc=NetworkService_0(5) direction=Response
02-17 23:49:28.860 radio  1133  1282 I RIL     : [NetworkService_0] DataRegistrationStateHandler OnResponse()
02-17 23:49:28.862 radio  1133  1282 I RIL     : [NetworkService_0] getCarrierId() carrier_id = 2147483647
02-17 23:49:28.862 radio  1133  1282 I RIL     : [NetworkService_0] Data RegState=REGISTRED_EMERGENCY_ONLY(0x14), RAT=RADIO_TECH_LTE(0x0e), RejectCause=0
02-17 23:49:28.862 radio  1133  1282 V RIL     : Data Registration State{VoLTE=0,EMC=1,EMC_NR=true)}
02-17 23:49:28.862 radio  1133  1282 E RIL     : Data Registration State{VoLTE=0,EMC=1(true)}
02-17 23:49:28.862 radio  1133  1282 I RIL     : [EmergencyNumberManager_0] SetEmcBearerSupported() EMC Bearer is changed: true.
02-17 23:49:28.862 radio  1133  1282 I RIL     : [EmergencyNumberUpdater_0] UpdateEmergencyTypeAndRouting() found entry emergency number: 112, card state: RIL_CARDSTATE_ABSENT, voice regi state: NOT_REG_AND_NOT_SEARCHING, imsRegState: NOT_REGISTERED, mIsEmcLabTestMode: false, mEmcBearerSupported: true, conditions=[ ALWAYS ].
02-17 23:49:28.862 radio  1133  1282 I RIL     : [EmergencyNumberUpdater_0] UpdateEmergencyTypeAndRouting() found entry emergency number: 911, card state: RIL_CARDSTATE_ABSENT, voice regi state: NOT_REG_AND_NOT_SEARCHING, imsRegState: NOT_REGISTERED, mIsEmcLabTestMode: false, mEmcBearerSupported: true, conditions=[ ALWAYS ].
02-17 23:49:28.862 radio  1133  1282 I RIL     : [EmergencyNumberUpdater_0] UpdateEmergencyTypeAndRouting() found entry emergency number: 000, card state: RIL_CARDSTATE_ABSENT, voice regi state: NOT_REG_AND_NOT_SEARCHING, imsRegState: NOT_REGISTERED, mIsEmcLabTestMode: false, mEmcBearerSupported: true, conditions=[ NO_SIM ].
02-17 23:49:28.862 radio  1133  1282 I RIL     : [EmergencyNumberUpdater_0] UpdateEmergencyTypeAndRouting() found entry emergency number: 08, card state: RIL_CARDSTATE_ABSENT, voice regi state: NOT_REG_AND_NOT_SEARCHING, imsRegState: NOT_REGISTERED, mIsEmcLabTestMode: false, mEmcBearerSupported: true, conditions=[ NO_SIM ].
02-17 23:49:28.863 radio  1133  1282 I RIL     : [EmergencyNumberUpdater_0] UpdateEmergencyTypeAndRouting() found entry emergency number: 110, card state: RIL_CARDSTATE_ABSENT, voice regi state: NOT_REG_AND_NOT_SEARCHING, imsRegState: NOT_REGISTERED, mIsEmcLabTestMode: false, mEmcBearerSupported: true, conditions=[ NO_SIM ].
02-17 23:49:28.863 radio  1133  1282 I RIL     : [EmergencyNumberUpdater_0] UpdateEmergencyTypeAndRouting() found entry emergency number: 999, card state: RIL_CARDSTATE_ABSENT, voice regi state: NOT_REG_AND_NOT_SEARCHING, imsRegState: NOT_REGISTERED, mIsEmcLabTestMode: false, mEmcBearerSupported: true, conditions=[ NO_SIM ].
02-17 23:49:28.863 radio  1133  1282 I RIL     : [EmergencyNumberUpdater_0] UpdateEmergencyTypeAndRouting() found entry emergency number: 118, card state: RIL_CARDSTATE_ABSENT, voice regi state: NOT_REG_AND_NOT_SEARCHING, imsRegState: NOT_REGISTERED, mIsEmcLabTestMode: false, mEmcBearerSupported: true, conditions=[ NO_SIM ].
02-17 23:49:28.863 radio  1133  1282 I RIL     : [EmergencyNumberUpdater_0] UpdateEmergencyTypeAndRouting() found entry emergency number: 119, card state: RIL_CARDSTATE_ABSENT, voice regi state: NOT_REG_AND_NOT_SEARCHING, imsRegState: NOT_REGISTERED, mIsEmcLabTestMode: false, mEmcBearerSupported: true, conditions=[ NO_SIM ].
02-17 23:49:28.863 radio  1133  1282 I RIL     : [EmergencyNumberUpdater_0] UpdateEmergencyTypeAndRouting() found entry emergency number: 112, card state: RIL_CARDSTATE_ABSENT, voice regi state: NOT_REG_AND_NOT_SEARCHING, imsRegState: NOT_REGISTERED, mIsEmcLabTestMode: false, mEmcBearerSupported: true, conditions=[ ALWAYS ].
02-17 23:49:28.863 radio  1133  1282 I RIL     : [EmergencyNumberUpdater_0] UpdateEmergencyTypeAndRouting() found entry emergency number: 911, card state: RIL_CARDSTATE_ABSENT, voice regi state: NOT_REG_AND_NOT_SEARCHING, imsRegState: NOT_REGISTERED, mIsEmcLabTestMode: false, mEmcBearerSupported: true, conditions=[ ALWAYS ].
02-17 23:49:28.863 radio  1133  1282 I RIL     : [EmergencyNumberUpdater_0] UpdateEmergencyTypeAndRouting() found entry emergency number: 110, card state: RIL_CARDSTATE_ABSENT, voice regi state: NOT_REG_AND_NOT_SEARCHING, imsRegState: NOT_REGISTERED, mIsEmcLabTestMode: false, mEmcBearerSupported: true, conditions=[ UI_ONLY BOTH_NOT_REGI ].
02-17 23:49:28.863 radio  1133  1282 I RIL     : [EmergencyNumberUpdater_0] UpdateEmergencyTypeAndRouting() found entry emergency number: 119, card state: RIL_CARDSTATE_ABSENT, voice regi state: NOT_REG_AND_NOT_SEARCHING, imsRegState: NOT_REGISTERED, mIsEmcLabTestMode: false, mEmcBearerSupported: true, conditions=[ UI_ONLY BOTH_NOT_REGI ].
02-17 23:49:28.863 radio  1133  1282 I RIL     : [EmergencyNumberUpdater_0] UpdateEmergencyTypeAndRouting() found entry emergency number: 112, card state: RIL_CARDSTATE_ABSENT, voice regi state: NOT_REG_AND_NOT_SEARCHING, imsRegState: NOT_REGISTERED, mIsEmcLabTestMode: false, mEmcBearerSupported: true, conditions=[ ALWAYS ].
02-17 23:49:28.863 radio  1133  1282 I RIL     : [RilContext_0] OnUnsolicitedResponse 
02-17 23:49:28.863 radio  1133  1282 I RIL     : [RilContext_0] ProcessUnsolicitedResponse 
02-17 23:49:28.863 radio  1133  1282 I RILC-CommandInfo: getUnsolRespInfo found {unsolResponse=1102 halVer=00}
02-17 23:49:28.863 radio  1133  1282 D RILC-HIDL: currentEmergencyNumberListInd
02-17 23:49:28.863 radio  1133  1282 D RILC-AIDL_SERVICE: RadioVoiceIndicationHook::currentEmergencyNumberList mVoiceCb=0xb400006f895ce0a8
02-17 23:49:28.863 radio  1133  1282 I RILC    : RIL_SOCKET_1 UNSOLICITED:  UNSOL_EMERGENCY_NUMBER_LIST length:624
02-17 23:49:28.864 radio  1133  1282 V RIL     : RADIO_EXT::[RilExternalResponseListener] OnUnsolicitedResponse Filter out Unsolicited response=1102, channel=0
02-17 23:49:28.864 radio  1133  1282 I RIL     : [RilContext_0] OnUnsolicitedResponse 
02-17 23:49:28.864 radio  1133  1282 I RIL     : [RilContext_0] ProcessUnsolicitedResponse 
02-17 23:49:28.864 radio  1133  1282 V RIL     : RADIO::[RilResponseListener] OnUnsolicitedResponse Filter out Unsolicited response=20344
02-17 23:49:28.864 radio  1133  1282 D RIL_EXTERNAL: rilExternalRawIndication
02-17 23:49:28.864 radio  1133  1282 I RIL_EXTERNAL: [isFilteredIndication] clientId=0 name=PID(1108) indication=3058 isFiltered=false
02-17 23:49:28.864 radio  1133  1282 I RIL_EXTERNAL: [isFilteredIndication] clientId=1 name=GpsApi(1122) indication=3058 isFiltered=true
02-17 23:49:28.864 radio  1133  1282 I RIL_EXTERNAL: [isFilteredIndication] clientId=2 name=SeApi(963) indication=3058 isFiltered=true
02-17 23:49:28.864 radio  1133  1282 I RIL_EXTERNAL: [isFilteredIndication] clientId=3 name=unknown indication=3058 isFiltered=false
02-17 23:49:28.864 radio  1133  1282 I RIL_EXTERNAL: [isFilteredIndication] clientId=4 name=unknown indication=3058 isFiltered=false
02-17 23:49:28.864 radio  1133  1282 I RIL_EXTERNAL: [isFilteredIndication] clientId=5 name=unknown indication=3058 isFiltered=false
02-17 23:49:28.864 radio  1133  1282 I RIL_EXTERNAL: [isFilteredIndication] clientId=6 name=unknown indication=3058 isFiltered=false
02-17 23:49:28.864 radio  1133  1282 D RIL_EXTERNAL: rilExternalRawIndication
02-17 23:49:28.864 radio  1133  1282 D RIL_EXTERNAL: rilExternalRawIndication
02-17 23:49:28.864 radio  1133  1282 D RIL_EXTERNAL: rilExternalRawIndication
02-17 23:49:28.864 radio  1133  1282 D RIL_EXTERNAL: rilExternalRawIndication
02-17 23:49:28.864 radio  1133  1282 D RIL_EXTERNAL: rilExternalRawIndication
02-17 23:49:28.864 radio  1133  1282 V RIL     : WriteVolteEmcServiceStatus overallCardState=0x00000002
02-17 23:49:28.864 radio  1133  1282 V RIL     : RIL_UNSOL_OEM_IMS_SUPPORT_SERVICE={RilSocketId=0 VoLTE Available=0 Emergency Call Available=1 RadioTech=14}
02-17 23:49:28.864  1000  1108  1125 D RILClient: [OemClient]IND: (clientId = 0, msgId = 3058, dataLength = 849, channel = 0)
02-17 23:49:28.864 radio  1133  1282 I RIL     : [RilContext_0] OnUnsolicitedResponse 
02-17 23:49:28.864 radio  1133  1282 I RIL     : [RilContext_0] ProcessUnsolicitedResponse 
02-17 23:49:28.864 radio  1133  1282 V RIL     : RADIO::[RilResponseListener] OnUnsolicitedResponse Filter out Unsolicited response=20105
02-17 23:49:28.864 radio  1133  1282 D RIL_EXTERNAL: rilExternalRawIndication
02-17 23:49:28.864 radio  1133  1282 I RIL_EXTERNAL: [isFilteredIndication] clientId=0 name=PID(1108) indication=3005 isFiltered=false
02-17 23:49:28.864 radio  1133  1282 I RIL_EXTERNAL: [isFilteredIndication] clientId=1 name=GpsApi(1122) indication=3005 isFiltered=true
02-17 23:49:28.864 radio  1133  1282 I RIL_EXTERNAL: [isFilteredIndication] clientId=2 name=SeApi(963) indication=3005 isFiltered=true
02-17 23:49:28.864 radio  1133  1282 I RIL_EXTERNAL: [isFilteredIndication] clientId=3 name=unknown indication=3005 isFiltered=false
02-17 23:49:28.864 radio  1133  1282 I RIL_EXTERNAL: [isFilteredIndication] clientId=4 name=unknown indication=3005 isFiltered=false
02-17 23:49:28.864 radio  1133  1282 I RIL_EXTERNAL: [isFilteredIndication] clientId=5 name=unknown indication=3005 isFiltered=false
02-17 23:49:28.864 radio  1133  1282 I RIL_EXTERNAL: [isFilteredIndication] clientId=6 name=unknown indication=3005 isFiltered=false
02-17 23:49:28.864 radio  1133  1282 D RIL_EXTERNAL: rilExternalRawIndication
02-17 23:49:28.864 radio  1133  1282 D RIL_EXTERNAL: rilExternalRawIndication
02-17 23:49:28.865  1000  1108  1125 D RILClient: [OemClient]IND: (clientId = 0, msgId = 3005, dataLength = 17, channel = 0)
02-17 23:49:28.865 radio  1133  1282 D RIL_EXTERNAL: rilExternalRawIndication
02-17 23:49:28.865 radio  1133  1282 D RIL_EXTERNAL: rilExternalRawIndication
02-17 23:49:28.865 radio  1133  1282 D RIL_EXTERNAL: rilExternalRawIndication
02-17 23:49:28.866 radio  3206  3239 D RILJ    : Unsol response received; Sending ack to ril.cpp [PHONE0]
02-17 23:49:28.866 radio  3206  3239 D RILJ    : [UNSL]< UNSOL_EMERGENCY_NUMBER_LIST [[EmergencyNumber: 112, countryIso=, mnc=DEF, src=mdm , routing=unknown, categories=, urns=], [EmergencyNumber: 911, countryIso=, mnc=DEF, src=mdm , routing=unknown, categories=, urns=], [EmergencyNumber: 000, countryIso=, mnc=DEF, src=mdm , routing=unknown, categories=, urns=], [EmergencyNumber: 08, countryIso=, mnc=DEF, src=mdm , routing=unknown, categories=, urns=], [EmergencyNumber: 110, countryIso=, mnc=DEF, src=mdm , routing=unknown, categories=, urns=], [EmergencyNumber: 999, countryIso=, mnc=DEF, src=mdm , routing=unknown, categories=, urns=], [EmergencyNumber: 118, countryIso=, mnc=DEF, src=mdm , routing=unknown, categories=, urns=], [EmergencyNumber: 119, countryIso=, mnc=DEF, src=mdm , routing=unknown, categories=, urns=], [EmergencyNumber: 112, countryIso=tw, mnc=01, src=mdm , routing=unknown, categories=, urns=], [EmergencyNumber: 911, countryIso=tw, mnc=01, src=mdm , routing=unknown, categories=, urns=], [EmergencyNumber: 110, countryIso=tw, mnc=01, src=mdm , routing=unknown, categories=, urns=], [EmergencyNumber: 119, countryIso=tw, mnc=01, src=mdm , routing=unknown, categories=, urns=], [EmergencyNumber: 112, countryIso=, mnc=, src=mdm , routing=unknown, categories=, urns=]] [PHONE0]
02-17 23:49:28.866 radio  1133  1282 V RIL     : [DataRegStateResultBuilder] Build for HAL_VERSION_CODE(2,0)
02-17 23:49:28.866 radio  1133  1282 I RIL     : [RilContext_0] OnRequestComplete 
02-17 23:49:28.866 radio  1133  1282 I RIL     : [RilContext_0] ProcessSolicitedResponse Request ID=21
02-17 23:49:28.866 radio  1133  1282 I RIL     : [0] hasChanged(true)
02-17 23:49:28.866 radio  1133  1282 I RIL     :     hasOperatorNumericChanged:0
02-17 23:49:28.866 radio  1133  1282 I RIL     :     hasVoiceRegStateChanged:0
02-17 23:49:28.866 radio  1133  1282 I RIL     :     hasVoiceRadioTechChanged:0
02-17 23:49:28.866 radio  1133  1282 I RIL     :     hasDataRegStateChanged:0
02-17 23:49:28.866 radio  1133  1282 I RIL     :     hasLteVopsStatusChanged:1
02-17 23:49:28.866 radio  1133  1282 I RIL     :     hasNrStatusChanged:0
02-17 23:49:28.867 radio  1133  1282 V RIL     : [0] OldState={mVoiceRegState=NOT_REG_AND_NOT_SEARCHING,mDataRegState=NOT_REG_AND_NOT_SEARCHING,mOperatorNumeric=,mOperatorAlphaLong=,mOperatorAlphaShort=,mOperatorNumericRaw=46601,mOperatorAlphaLongRaw=Far EasTone,mOperatorAlphaShort=RawFET,mIsManualNetworkSelection=0,mVoiceRadioTechnology=UNKNOWN,mDataRadioTechnology=UNKNOWN,mIsUsingCarrierAggregation=0,mIsEmergencyOnly=0,mChannelNumber=0,mNrFrequencyRange=0,mNrStatus=0,mLteVopsInfo.isVopsSupported=0,mLteVopsInfo.isEmcBearerSupported=0,mNrIndicators.isEndcAvailable=0,mNrIndicators.isDcNrRestricted=0,mNrIndicators.isNrAvailable=0} 
02-17 23:49:28.867 radio  1133  1282 V RIL     :       NewState={mVoiceRegState=NOT_REG_AND_NOT_SEARCHING,mDataRegState=NOT_REG_AND_NOT_SEARCHING,mOperatorNumeric=,mOperatorAlphaLong=,mOperatorAlphaShort=,mOperatorNumericRaw=46601,mOperatorAlphaLongRaw=Far EasTone,mOperatorAlphaShort=RawFET,mIsManualNetworkSelection=0,mVoiceRadioTechnology=UNKNOWN,mDataRadioTechnology=LTE,mIsUsingCarrierAggregation=0,mIsEmergencyOnly=0,mChannelNumber=0,mNrFrequencyRange=0,mNrStatus=0,mLteVopsInf
02-17 23:49:28.867 radio  1133  1282 I RIL     : [RilContext_0] BroadcastSystemMessage 
02-17 23:49:28.867 radio  1133  1286 V RIL     : [GpsService]OnServiceStateChanged(0 -> 14)
02-17 23:49:28.867 radio  1133  1286 I RIL     : [RilContext_0] OnUnsolicitedResponse 
02-17 23:49:28.867 radio  1133  1282 D RILC    : RequestComplete, RIL_SOCKET_1
02-17 23:49:28.867 radio  1133  1286 I RIL     : [RilContext_0] ProcessUnsolicitedResponse 
02-17 23:49:28.867 radio  1133  1282 E RILC    : Calling responseFunction() for token 154
02-17 23:49:28.867 radio  1133  1286 V RIL     : RADIO::[RilResponseListener] OnUnsolicitedResponse Filter out Unsolicited response=20415
02-17 23:49:28.867 radio  1133  1286 D RIL_EXTERNAL: rilExternalRawIndication
02-17 23:49:28.867 radio  1133  1286 I RIL_EXTERNAL: [isFilteredIndication] clientId=0 name=PID(1108) indication=4022 isFiltered=false
02-17 23:49:28.867 radio  1133  1282 D RILC-HIDL: HidlHalNetworkResponse_1_6::getDataRegistrationStateResponse_1_6: serial 154
02-17 23:49:28.867 radio  1133  1286 I RIL_EXTERNAL: [isFilteredIndication] clientId=1 name=GpsApi(1122) indication=4022 isFiltered=false
02-17 23:49:28.867 radio  1133  1286 I RIL_EXTERNAL: [isFilteredIndication] clientId=2 name=SeApi(963) indication=4022 isFiltered=true
02-17 23:49:28.867 radio  1133  1286 I RIL_EXTERNAL: [isFilteredIndication] clientId=3 name=unknown indication=4022 isFiltered=false
02-17 23:49:28.867 radio  1133  1286 I RIL_EXTERNAL: [isFilteredIndication] clientId=4 name=unknown indication=4022 isFiltered=false
02-17 23:49:28.867 radio  1133  1282 D RILC-AIDL_SERVICE: RadioNetworkResponseHook::getDataRegistrationStateResponse_1_6 mNetworkCb=0xb400006f895cf1d8
02-17 23:49:28.867 radio  1133  1286 I RIL_EXTERNAL: [isFilteredIndication] clientId=5 name=unknown indication=4022 isFiltered=false
02-17 23:49:28.867 radio  1133  1286 I RIL_EXTERNAL: [isFilteredIndication] clientId=6 name=unknown indication=4022 isFiltered=false
02-17 23:49:28.867 radio  1133  1286 D RIL_EXTERNAL: rilExternalRawIndication
02-17 23:49:28.867 10090  3194  3194 I SHANNON_IMS: 0280 [NETW] #:PURP:# UNSOL {RILC_UNSOL_AIMS_EMERGENCY_NUMBER_LIST} : EmergencyNumberList : { number : 000  mcc : DEF  mnc : DEF  sources : 4  routing : 1 }{ number : 110  mcc : DEF  mnc : DEF  sources : 4  routing : 1 }{ number : 112  mcc : DEF  mnc : DEF  sources : 4  routing : 1 }{ number : 08  mcc : DEF  mnc : DEF  sources : 4  routing : 1 }{ number : 118  mcc : DEF  mnc : DEF  sources : 4  routing : 1 }{ number : 911  mcc : DEF  mnc : DEF  sources : 4  routing : 1 }{ number : 999  mcc : DEF  mnc : DEF  sources : 4  routing : 1 }{ number : 119  mcc : DEF  mnc : DEF  sources : 4  routing : 1 }  (NetworkAdaptor$AdaptorChannel%onMessage:306)
02-17 23:49:28.867 radio  1133  1286 D RIL_EXTERNAL: rilExternalRawIndication
02-17 23:49:28.867 radio  1133  1282 V RIL     : [RilContext_0] RemoveRequestHistory  token=0x00C6
02-17 23:49:28.867 radio  1133  1286 D RIL_EXTERNAL: rilExternalRawIndication
02-17 23:49:28.867 radio  1133  1282 I RIL     : [NetworkService_0] VoiceRegistrationStateHandler OnRequest()
02-17 23:49:28.867 radio  1133  1286 D RIL_EXTERNAL: rilExternalRawIndication
02-17 23:49:28.867 radio  1133  1282 I RIL     : [RilContext_0] Send 
02-17 23:49:28.867  1000  1108  1125 D RILClient: [OemClient]IND: (clientId = 0, msgId = 4022, dataLength = 8, channel = 0)
02-17 23:49:28.867 radio  1133  1282 V RIL     : [RilContext_0] RecordRequestHistory token=0x00C7
02-17 23:49:28.867 radio  1133  1286 D RIL_EXTERNAL: rilExternalRawIndication
02-17 23:49:28.867 radio  1133  1282 I RIL     : [RilContext_0] Send 
02-17 23:49:28.867 radio  1133  1286 D RIL_EXTERNAL: rilExternalRawIndication
02-17 23:49:28.867   gps  1122  2066 D RILClient: [OemClient]IND: (clientId = 1, msgId = 4022, dataLength = 8, channel = 0)
02-17 23:49:28.867 radio  1133  1282 V RIL     : [/dev/umts_ipc0][TX] SIT_GET_CS_REG_STATE, REQ, 12 bytes, Token(0x00c7)
02-17 23:49:28.867 radio  1133  1282 V RIL     :  00 00 00 07 0c 00 c7 00   00 00 00 00
02-17 23:49:28.867   gps  1122  2066 I LibSITRil-Gps: SITRilClient__OnUnsolicitedResponse() msgId(4022), data(0x0x797419a0d0), length(8)
02-17 23:49:28.867   gps  1122  2066 I LibSITRil-Gps: SITRilClient__OnUnsolicitedResponse() RILC_UNSOL_GPS_CAMPING_ON_LTE = 4022
02-17 23:49:28.868 10090  3194  3194 D SHANNON_IMS: 0281 [HELP] Unsol {RILC_UNSOL_AIMS_EMERGENCY_NUMBER_LIST} received  [SLID:0  Active:true] (ImsRilHelper%onHandleUnsolicitedResponse:306)
02-17 23:49:28.868 radio  3206  3206 D EmergencyNumberTracker: [0]updateRadioEmergencyNumberListAndNotify(): receiving [[EmergencyNumber: 000, countryIso=, mnc=DEF, src=mdm , routing=unknown, categories=, urns=], [EmergencyNumber: 08, countryIso=, mnc=DEF, src=mdm , routing=unknown, categories=, urns=], [EmergencyNumber: 110, countryIso=, mnc=DEF, src=mdm , routing=unknown, categories=, urns=], [EmergencyNumber: 110, countryIso=tw, mnc=01, src=mdm , routing=unknown, categories=, urns=], [EmergencyNumber: 112, countryIso=, mnc=, src=mdm , routing=unknown, categories=, urns=], [EmergencyNumber: 112, countryIso=, mnc=DEF, src=mdm , routing=unknown, categories=, urns=], [EmergencyNumber: 112, countryIso=tw, mnc=01, src=mdm , routing=unknown, categories=, urns=], [EmergencyNumber: 118, countryIso=, mnc=DEF, src=mdm , routing=unknown, categories=, urns=], [EmergencyNumber: 119, countryIso=, mnc=DEF, src=mdm , routing=unknown, categories=, urns=], [EmergencyNumber: 119, countryIso=tw, mnc=01, src=mdm , routing=unknown, categories=, urns=], [EmergencyNumber: 911, countryIso=, mnc=DEF, src=mdm , routing=unknown, categories=, urns=], [EmergencyNumber: 911, countryIso=tw, mnc=01, src=mdm , routing=unknown, categories=, urns=], [EmergencyNumber: 999, countryIso=, mnc=DEF, src=mdm , routing=unknown, categories=, urns=]]
02-17 23:49:28.869 10090  3194  3194 I SHANNON_IMS: 0282 [NETW] #:PURP:# UNSOL {RILC_UNSOL_IMS_SUPPORT_SERVICE} : VoPS : 0  EMC : 1  SIM_IDX : 0  RAT : 14  REG_STATE : 20  CELL_ID : 53815075  LAC/TAC : 37242  (NetworkAdaptor$AdaptorChannel%onMessage:306)
02-17 23:49:28.869 10090  3194  3194 I SHANNON_IMS: 0283 [CONN] #:ORNG:# supportService [VoPS : 0/ EMC : 1/ RAT_INFO : 14/ REG_STATE : 20/ CELL_ID : 53815075/ LAC-TAC Info : 37242]  [SLID:0 ] (ImsConnectivityMgr$RegistrationListener%supportService:2840)
02-17 23:49:28.869 radio  3206  3570 D NRM-C-0 : onRequestNetworkRegistrationInfoComplete result: 0, info: NetworkRegistrationInfo{ domain=PS transportType=WWAN registrationState=EMERGENCY networkRegistrationState=EMERGENCY roamingType=NOT_ROAMING accessNetworkTechnology=LTE rejectCause=0 emergencyEnabled=true availableServices=[EMERGENCY] cellIdentity=CellIdentityLte:{ mCi=53815075 mPci=0 mTac=37242 mEarfcn=0 mBands=[1] mBandwidth=1400 mMcc=466 mMnc=01 mAlphaLong=Far EasTone mAlphaShort=FET mAdditionalPlmns={} mCsgInfo=null} voiceSpecificInfo=null dataSpecificInfo=android.telephony.DataSpecificRegistrationInfo :{ maxDataCalls = 16 isDcNrRestricted = false isNrAvailable = false isEnDcAvailable = false mLteAttachResultType = 0 mLteAttachExtraInfo = 0 LteVopsSupportInfo :  mVopsSupport = 3 mEmcBearerSupport = 2 } nrState=NONE rRplmn= isUsingCarrierAggregation=false isNonTerrestrialNetwork=TERRESTRIAL}
02-17 23:49:28.869 10090  3194  3194 D SHANNON_IMS: 0284 [CONN] RAT is changed and IMS_TSIP_RETRY_TIMER is not running so resetting mBlockImsRegiByBPLMNProcedure flagRAT_UNKNOWN to RAT_LTE (ImsConnectivityMgr$RegistrationListener%supportService:2852)
02-17 23:49:28.869 radio  3206  3206 D SST     : [0] handlePollStateResultMessage: PS cellular. NetworkRegistrationInfo{ domain=PS transportType=WWAN registrationState=EMERGENCY networkRegistrationState=EMERGENCY roamingType=NOT_ROAMING accessNetworkTechnology=LTE rejectCause=0 emergencyEnabled=true availableServices=[EMERGENCY] cellIdentity=CellIdentityLte:{ mCi=53815075 mPci=0 mTac=37242 mEarfcn=0 mBands=[1] mBandwidth=1400 mMcc=466 mMnc=01 mAlphaLong=Far EasTone mAlphaShort=FET mAdditionalPlmns={} mCsgInfo=null} voiceSpecificInfo=null dataSpecificInfo=android.telephony.DataSpecificRegistrationInfo :{ maxDataCalls = 16 isDcNrRestricted = false isNrAvailable = false isEnDcAvailable = false mLteAttachResultType = 0 mLteAttachExtraInfo = 0 LteVopsSupportInfo :  mVopsSupport = 3 mEmcBearerSupport = 2 } nrState=NONE rRplmn= isUsingCarrierAggregation=false isNonTerrestrialNetwork=TERRESTRIAL}
02-17 23:49:28.871 radio  1133  1294 V RIL     : [/dev/umts_ipc0][RX] SIT_GET_CS_REG_STATE, RSP, 88 bytes, Token(0x00c7), OK(RCM_E_SUCCESS)
02-17 23:49:28.871 radio  1133  1294 V RIL     :  01 00 00 07 58 00 c7 00   00 00 00 00 03 00 0e 00  
02-17 23:49:28.871 radio  1133  1294 V RIL     :  00 00 00 00 00 00 00 00   7a 91 00 00 38 01 00 00  
02-17 23:49:28.871 radio  1133  1294 V RIL     :  23 27 35 03 00 00 00 00   00 00 00 00 00 00 00 00  
02-17 23:49:28.871 radio  1133  1294 V RIL     :  00 00 00 00 00 00 00 00   00 00 00 00 00 00 00 00  
02-17 23:49:28.871 radio  1133  1294 V RIL     :  4b 00 00 00 00 00 00 00   00 00 00 00 00 00 00 00  
02-17 23:49:28.871 radio  1133  1294 V RIL     :  00 00 00 00 00 00 00 00  
02-17 23:49:28.871 radio  1133  1294 I RIL     : [RilContext_0] ProcessModemData 
02-17 23:49:28.871 radio  1133  1294 V RIL     : WaitList::Find() found record : token=0x00C7 SrcService ID =5 DestService ID=5 Result Id=4001
02-17 23:49:28.871 radio  1133  1294 V RIL     : [RilContext_0] SendMessage RCM Response Routing : Type=0001, RCM ID=0x0700 Service ID=5 Message ID=4001
02-17 23:49:28.871 radio  1133  1294 V RIL     : [ServiceMgr] msg(0xb400006e195cf690) msgId=4001 svc=NetworkService_0(5) direction=Response
02-17 23:49:28.871 radio  1133  1282 I RIL     : [NetworkService_0] VoiceRegistrationStateHandler OnResponse()
02-17 23:49:28.871 radio  1133  1282 V RIL     : [NetworkService_0] Check target operator=400
02-17 23:49:28.873 10090  3194  3194 W SHANNON_IMS: 0285 [SIM#] Invalid sub id : -1   with slot id : 0 (SubscriptionWrapper%getSubId:55)
02-17 23:49:28.873 10090  3194  3194 D SHANNON_IMS: 0286 [CONF] updateRcsCarrierConfigItems, subId : -1 (RcsSettings%updateRcsCarrierConfigItems:78)
02-17 23:49:28.874 radio  1133  1282 I RIL     : [NetworkService_0] Voice RegState=DENIED_EMERGENCY_ONLY(0x0d), RAT=RADIO_TECH_LTE(0x0e), RejectCause=0
02-17 23:49:28.874 radio  1133  1282 V RIL     : [VoiceRegStateResultBuilder] Build for HAL_VERSION_CODE(1,6)
02-17 23:49:28.874 radio  1133  1282 I RIL     : [RilContext_0] OnRequestComplete 
02-17 23:49:28.874 radio  1133  1282 I RIL     : [RilContext_0] ProcessSolicitedResponse Request ID=20
02-17 23:49:28.874 radio  1133  1282 I RIL     : [RilContext_0] BroadcastSystemMessage 
02-17 23:49:28.874 radio  1133  1282 V RIL     : [RilContext_0] ProcessNetworkServiceState Broadcast System Message : MSG_SYSTEM_VOICE_REGISTRTION_STATE_CHANGED
02-17 23:49:28.874 radio  1133  1282 I RIL     : [0] hasChanged(true)
02-17 23:49:28.874 radio  1133  1282 I RIL     :     hasOperatorNumericChanged:0
02-17 23:49:28.874 radio  1133  1282 I RIL     :     hasVoiceRegStateChanged:1
02-17 23:49:28.874 radio  1133  1282 I RIL     :     hasVoiceRadioTechChanged:1
02-17 23:49:28.874 radio  1133  1282 I RIL     :     hasDataRegStateChanged:0
02-17 23:49:28.874 radio  1133  1282 I RIL     :     hasLteVopsStatusChanged:0
02-17 23:49:28.874 radio  1133  1282 I RIL     :     hasNrStatusChanged:0
02-17 23:49:28.874 radio  1133  1282 V RIL     : [0] OldState={mVoiceRegState=NOT_REG_AND_NOT_SEARCHING,mDataRegState=NOT_REG_AND_NOT_SEARCHING,mOperatorNumeric=,mOperatorAlphaLong=,mOperatorAlphaShort=,mOperatorNumericRaw=46601,mOperatorAlphaLongRaw=Far EasTone,mOperatorAlphaShort=RawFET,mIsManualNetworkSelection=0,mVoiceRadioTechnology=UNKNOWN,mDataRadioTechnology=LTE,mIsUsingCarrierAggregation=0,mIsEmergencyOnly=0,mChannelNumber=0,mNrFrequencyRange=0,mNrStatus=0,mLteVopsInfo.isVopsSupported=0,mLteVopsInfo.isEmcBearerSupported=1,mNrIndicators.isEndcAvailable=0,mNrIndicators.isDcNrRestricted=0,mNrIndicators.isNrAvailable=0} 
02-17 23:49:28.874 radio  1133  1282 V RIL     :       NewState={mVoiceRegState=REG_DENIED_AND_EMERGENCY_AVAILABLE,mDataRegState=NOT_REG_AND_NOT_SEARCHING,mOperatorNumeric=,mOperatorAlphaLong=,mOperatorAlphaShort=,mOperatorNumericRaw=46601,mOperatorAlphaLongRaw=Far EasTone,mOperatorAlphaShort=RawFET,mIsManualNetworkSelection=0,mVoiceRadioTechnology=LTE,mDataRadioTechnology=LTE,mIsUsingCarrierAggregation=0,mIsEmergencyOnly=0,mChannelNumber=0,mNrFrequencyRange=0,mNrStatus=0,mLteVopsIn
02-17 23:49:28.874 radio  1133  1282 I RIL     : [RilContext_0] BroadcastSystemMessage 
02-17 23:49:28.874 radio  1133  1282 D RILC    : RequestComplete, RIL_SOCKET_1
02-17 23:49:28.874 radio  1133  1282 E RILC    : Calling responseFunction() for token 155
02-17 23:49:28.874 radio  1133  1282 D RILC-HIDL: HidlHalNetworkResponse_1_6::getVoiceRegistrationStateResponse_1_6: serial 155
02-17 23:49:28.874 radio  1133  1282 D RILC-AIDL_SERVICE: RadioNetworkResponseHook::getVoiceRegistrationStateResponse_1_6 mNetworkCb=0xb400006f895cf1d8
02-17 23:49:28.874 radio  3206  3239 D RILJ    : [0154]< DATA_REGISTRATION_STATE RegStateResult{regState: REG_EM, rat: LTE, reasonForDenial: NONE, cellIdentity: CellIdentity.lte(CellIdentityLte{mcc: 466, mnc: 01, ci: 53815075, pci: 0, tac: 37242, earfcn: 0, operatorNames: OperatorInfo{alphaLong: Far EasTone, alphaShort: FET, operatorNumeric: , status: 0}, bandwidth: 1400, additionalPlmns: [], csgInfo: null, bands: [BAND_1]}), registeredPlmn: , accessTechnologySpecificInfo: AccessTechnologySpecificInfo.eutranInfo(EutranRegistrationInfo{lteVopsInfo: LteVopsInfo{isVopsSupported: false, isEmcBearerSupported: true}, nrIndicators: NrIndicators{isEndcAvailable: false, isDcNrRestricted: false, isNrAvailable: false}, lteAttachResultType: 0, extraInfo: 0})} [PHONE0]
02-17 23:49:28.874 radio  1133  1282 V RIL     : [RilContext_0] RemoveRequestHistory  token=0x00C7
02-17 23:49:28.874 radio  1133  1282 V RIL     : gsm.sim.operator.numeric [0]= [1]=
02-17 23:49:28.874 radio  1133  1282 V RIL     : GetOppositeRilContext Get RilContext(1)
02-17 23:49:28.874 radio  1133  1282 V RIL     : [RilContext_0] GetRilContext socket_id:1
02-17 23:49:28.874 radio  1133  1282 V RIL     : [RilContext_0] GetRilContext return socketid(1)'s RilContext
02-17 23:49:28.874 radio  1133  1282 V RIL     : [RilContext_1] GetService return service(3)
02-17 23:49:28.874 radio  1133  1282 V RIL     : GetOppositeRilContext Get RilContext(1)
02-17 23:49:28.874 radio  1133  1282 V RIL     : [RilContext_0] GetRilContext socket_id:1
02-17 23:49:28.874 radio  1133  1282 V RIL     : [RilContext_0] GetRilContext return socketid(1)'s RilContext
02-17 23:49:28.874 radio  1133  1282 V RIL     : [RilContext_1] GetService return service(3)
02-17 23:49:28.875 radio  1133  1282 V RIL     : GetOppositeRilContext Get RilContext(1)
02-17 23:49:28.875 radio  1133  1282 V RIL     : [RilContext_0] GetRilContext socket_id:1
02-17 23:49:28.875 radio  1133  1282 V RIL     : [RilContext_0] GetRilContext return socketid(1)'s RilContext
02-17 23:49:28.875 radio  1133  1282 V RIL     : [RilContext_1] GetService return service(3)
02-17 23:49:28.875 radio  1133  1282 I RIL     : [DbEccInfoLoader_0] LoadDbEccInfo() SIM DB ECC ID:        , hasPresence: false, last DB ECC ID: DEFAULT_DB_ECC
02-17 23:49:28.875 radio  1133  1282 I RIL     : [DbEccInfoLoader_0] LoadDbEccInfo() NET DB ECC ID: 46601  , hasPresence: true , last DB ECC ID: 46601
02-17 23:49:28.875 radio  1133  1282 I RIL     : [EmergencyNumberUpdater_0] UpdateEmergencyTypeAndRouting() found entry emergency number: 112, card state: RIL_CARDSTATE_ABSENT, voice regi state: REG_DENIED_AND_EMERGENCY_AVAILABLE, imsRegState: NOT_REGISTERED, mIsEmcLabTestMode: false, mEmcBearerSupported: true, conditions=[ ALWAYS ].
02-17 23:49:28.875 radio  1133  1282 I RIL     : [EmergencyNumberUpdater_0] UpdateEmergencyTypeAndRouting() found entry emergency number: 911, card state: RIL_CARDSTATE_ABSENT, voice regi state: REG_DENIED_AND_EMERGENCY_AVAILABLE, imsRegState: NOT_REGISTERED, mIsEmcLabTestMode: false, mEmcBearerSupported: true, conditions=[ ALWAYS ].
02-17 23:49:28.875 radio  1133  1282 I RIL     : [EmergencyNumberUpdater_0] UpdateEmergencyTypeAndRouting() found entry emergency number: 000, card state: RIL_CARDSTATE_ABSENT, voice regi state: REG_DENIED_AND_EMERGENCY_AVAILABLE, imsRegState: NOT_REGISTERED, mIsEmcLabTestMode: false, mEmcBearerSupported: true, conditions=[ NO_SIM ].
02-17 23:49:28.875 radio  1133  1282 I RIL     : [EmergencyNumberUpdater_0] UpdateEmergencyTypeAndRouting() found entry emergency number: 08, card state: RIL_CARDSTATE_ABSENT, voice regi state: REG_DENIED_AND_EMERGENCY_AVAILABLE, imsRegState: NOT_REGISTERED, mIsEmcLabTestMode: false, mEmcBearerSupported: true, conditions=[ NO_SIM ].
02-17 23:49:28.875 radio  1133  1282 I RIL     : [EmergencyNumberUpdater_0] UpdateEmergencyTypeAndRouting() found entry emergency number: 110, card state: RIL_CARDSTATE_ABSENT, voice regi state: REG_DENIED_AND_EMERGENCY_AVAILABLE, imsRegState: NOT_REGISTERED, mIsEmcLabTestMode: false, mEmcBearerSupported: true, conditions=[ NO_SIM ].
02-17 23:49:28.875 radio  1133  1282 I RIL     : [EmergencyNumberUpdater_0] UpdateEmergencyTypeAndRouting() found entry emergency number: 999, card state: RIL_CARDSTATE_ABSENT, voice regi state: REG_DENIED_AND_EMERGENCY_AVAILABLE, imsRegState: NOT_REGISTERED, mIsEmcLabTestMode: false, mEmcBearerSupported: true, conditions=[ NO_SIM ].
02-17 23:49:28.875 radio  1133  1282 I RIL     : [EmergencyNumberUpdater_0] UpdateEmergencyTypeAndRouting() found entry emergency number: 118, card state: RIL_CARDSTATE_ABSENT, voice regi state: REG_DENIED_AND_EMERGENCY_AVAILABLE, imsRegState: NOT_REGISTERED, mIsEmcLabTestMode: false, mEmcBearerSupported: true, conditions=[ NO_SIM ].
02-17 23:49:28.875 radio  1133  1282 I RIL     : [EmergencyNumberUpdater_0] UpdateEmergencyTypeAndRouting() found entry emergency number: 119, card state: RIL_CARDSTATE_ABSENT, voice regi state: REG_DENIED_AND_EMERGENCY_AVAILABLE, imsRegState: NOT_REGISTERED, mIsEmcLabTestMode: false, mEmcBearerSupported: true, conditions=[ NO_SIM ].
02-17 23:49:28.875 radio  1133  1282 I RIL     : [EmergencyNumberUpdater_0] UpdateEmergencyTypeAndRouting() found entry emergency number: 112, card state: RIL_CARDSTATE_ABSENT, voice regi state: REG_DENIED_AND_EMERGENCY_AVAILABLE, imsRegState: NOT_REGISTERED, mIsEmcLabTestMode: false, mEmcBearerSupported: true, conditions=[ ALWAYS ].
02-17 23:49:28.875 radio  1133  1282 I RIL     : [EmergencyNumberUpdater_0] UpdateEmergencyTypeAndRouting() found entry emergency number: 911, card state: RIL_CARDSTATE_ABSENT, voice regi state: REG_DENIED_AND_EMERGENCY_AVAILABLE, imsRegState: NOT_REGISTERED, mIsEmcLabTestMode: false, mEmcBearerSupported: true, conditions=[ ALWAYS ].
02-17 23:49:28.875 radio  1133  1282 I RIL     : [EmergencyNumberUpdater_0] UpdateEmergencyTypeAndRouting() found entry emergency number: 110, card state: RIL_CARDSTATE_ABSENT, voice regi state: REG_DENIED_AND_EMERGENCY_AVAILABLE, imsRegState: NOT_REGISTERED, mIsEmcLabTestMode: false, mEmcBearerSupported: true, conditions=[ UI_ONLY BOTH_NOT_REGI ].
02-17 23:49:28.875 radio  1133  1282 I RIL     : [EmergencyNumberUpdater_0] UpdateEmergencyTypeAndRouting() found entry emergency number: 119, card state: RIL_CARDSTATE_ABSENT, voice regi state: REG_DENIED_AND_EMERGENCY_AVAILABLE, imsRegState: NOT_REGISTERED, mIsEmcLabTestMode: false, mEmcBearerSupported: true, conditions=[ UI_ONLY BOTH_NOT_REGI ].
02-17 23:49:28.875 radio  1133  1282 I RIL     : [EmergencyNumberUpdater_0] UpdateEmergencyTypeAndRouting() found entry emergency number: 112, card state: RIL_CARDSTATE_ABSENT, voice regi state: REG_DENIED_AND_EMERGENCY_AVAILABLE, imsRegState: NOT_REGISTERED, mIsEmcLabTestMode: false, mEmcBearerSupported: true, conditions=[ ALWAYS ].
02-17 23:49:28.875 radio  1133  1282 I RIL     : [RilContext_0] OnUnsolicitedResponse 
02-17 23:49:28.875 radio  1133  1282 I RIL     : [RilContext_0] ProcessUnsolicitedResponse 
02-17 23:49:28.875 radio  1133  1282 I RILC-CommandInfo: getUnsolRespInfo found {unsolResponse=1102 halVer=00}
02-17 23:49:28.875 radio  1133  1282 D RILC-HIDL: currentEmergencyNumberListInd
02-17 23:49:28.875 radio  1133  1282 D RILC-AIDL_SERVICE: RadioVoiceIndicationHook::currentEmergencyNumberList mVoiceCb=0xb400006f895ce0a8
02-17 23:49:28.875 radio  1133  1282 I RILC    : RIL_SOCKET_1 UNSOLICITED:  UNSOL_EMERGENCY_NUMBER_LIST length:624
02-17 23:49:28.875 radio  1133  1282 V RIL     : RADIO_EXT::[RilExternalResponseListener] OnUnsolicitedResponse Filter out Unsolicited response=1102, channel=0
02-17 23:49:28.875 radio  1133  1282 I RIL     : [RilContext_0] OnUnsolicitedResponse 
02-17 23:49:28.875 radio  1133  1282 I RIL     : [RilContext_0] ProcessUnsolicitedResponse 
02-17 23:49:28.875 radio  1133  1282 V RIL     : RADIO::[RilResponseListener] OnUnsolicitedResponse Filter out Unsolicited response=20344
02-17 23:49:28.875 radio  1133  1282 D RIL_EXTERNAL: rilExternalRawIndication
02-17 23:49:28.875 radio  1133  1282 I RIL_EXTERNAL: [isFilteredIndication] clientId=0 name=PID(1108) indication=3058 isFiltered=false
02-17 23:49:28.875 radio  1133  1282 I RIL_EXTERNAL: [isFilteredIndication] clientId=1 name=GpsApi(1122) indication=3058 isFiltered=true
02-17 23:49:28.875 radio  1133  1282 I RIL_EXTERNAL: [isFilteredIndication] clientId=2 name=SeApi(963) indication=3058 isFiltered=true
02-17 23:49:28.876 radio  1133  1282 I RIL_EXTERNAL: [isFilteredIndication] clientId=3 name=unknown indication=3058 isFiltered=false
02-17 23:49:28.876 radio  1133  1282 I RIL_EXTERNAL: [isFilteredIndication] clientId=4 name=unknown indication=3058 isFiltered=false
02-17 23:49:28.876 radio  1133  1282 I RIL_EXTERNAL: [isFilteredIndication] clientId=5 name=unknown indication=3058 isFiltered=false
02-17 23:49:28.876 radio  1133  1282 I RIL_EXTERNAL: [isFilteredIndication] clientId=6 name=unknown indication=3058 isFiltered=false
02-17 23:49:28.876 radio  1133  1282 D RIL_EXTERNAL: rilExternalRawIndication
02-17 23:49:28.876 radio  1133  1282 D RIL_EXTERNAL: rilExternalRawIndication
02-17 23:49:28.876 radio  1133  1282 D RIL_EXTERNAL: rilExternalRawIndication
02-17 23:49:28.876 radio  1133  1282 D RIL_EXTERNAL: rilExternalRawIndication
02-17 23:49:28.876  1000  1108  1125 D RILClient: [OemClient]IND: (clientId = 0, msgId = 3058, dataLength = 849, channel = 0)
02-17 23:49:28.876 radio  1133  1282 D RIL_EXTERNAL: rilExternalRawIndication
02-17 23:49:28.876 radio  1133  1282 V RIL     : GetOppositeRilContext Get RilContext(1)
02-17 23:49:28.876 radio  1133  1282 V RIL     : [RilContext_0] GetRilContext socket_id:1
02-17 23:49:28.876 radio  1133  1282 V RIL     : [RilContext_0] GetRilContext return socketid(1)'s RilContext
02-17 23:49:28.876 radio  1133  1282 V RIL     : [ServiceMgr] msg(0xb400006e195d2e90) msgId=5223 svc=NetworkService_1(5) direction=Request
02-17 23:49:28.876 radio  1133  1277 V RIL     : [CsService_0] OnVoiceRegistrationStateChanged  regState=13
02-17 23:49:28.876 radio  3206  3239 D RILJ    : [0155]< VOICE_REGISTRATION_STATE RegStateResult{regState: REG_DENIED_EM, rat: LTE, reasonForDenial: NONE, cellIdentity: CellIdentity.lte(CellIdentityLte{mcc: 466, mnc: 01, ci: 53815075, pci: 0, tac: 37242, earfcn: 0, operatorNames: OperatorInfo{alphaLong: Far EasTone, alphaShort: FET, operatorNumeric: , status: 0}, bandwidth: 1400, additionalPlmns: [], csgInfo: null, bands: [BAND_1]}), registeredPlmn: , accessTechnologySpecificInfo: AccessTechnologySpecificInfo.eutranInfo(EutranRegistrationInfo{lteVopsInfo: LteVopsInfo{isVopsSupported: false, isEmcBearerSupported: false}, nrIndicators: NrIndicators{isEndcAvailable: false, isDcNrRestricted: false, isNrAvailable: false}, lteAttachResultType: 0, extraInfo: 0})} [PHONE0]
02-17 23:49:28.876 radio  1133  1286 V RIL     : [GpsService]OnServiceStateChanged(14 -> 14)
02-17 23:49:28.876 radio  3206  3570 I AnomalyReporter: reportAnomaly: Received anomaly event report with eventId= 62ed270f-e139-418a-a427-8bcc1bca8f21 and description= RIL Missing Reg Fail Reason
02-17 23:49:28.877 10090  3194  3194 D SHANNON_IMS: 0287 [CONF] unable to read from CarrierConfig (RcsSettings%updateRcsCarrierConfigItems:80)
02-17 23:49:28.877 10090  3194  3194 D SHANNON_IMS: 0288 [CONN] #:ORNG:# supportService: CellConnectivity updated  [SLID:0 ] (ImsConnectivityMgr$RegistrationListener%supportService:2882)
02-17 23:49:28.877 10090  3194  3194 I SHANNON_IMS: 0289 [CONN] update Cell Location Info, slotId: 0 [com.shannon.imsservice.conn.ImsConnectivityMgr$RegistrationListener@92dac2d] (ImsConnectivityMgr$RegistrationListener%updateCellLocation:2912)
02-17 23:49:28.877 10090  3194  3194 I SHANNON_IMS: 0290 [CONN] Ignore RAT_UNKNOWN or not connected [com.shannon.imsservice.conn.ImsConnectivityMgr$RegistrationListener@92dac2d] (ImsConnectivityMgr$RegistrationListener%updateCellLocation:2915)
02-17 23:49:28.877 10090  3194  3194 D SHANNON_IMS: 0291 [CONN] supportService for SlotID: 0, WiFi Registered State (RegistrationSynchronizer%supportService:215)
02-17 23:49:28.878 10090  3194  3194 D SHANNON_IMS: 0292 [HELP] Unsol {RILC_UNSOL_IMS_SUPPORT_SERVICE} received  [SLID:0  Active:true] (ImsRilHelper%onHandleUnsolicitedResponse:306)
