02-21 12:55:21.502  1000  1498  1498 I thermal_changed: [quiet_therm,-1,27.127001,0,0]
02-21 12:55:21.502  1000  1498  1498 I thermal_changed: [VIRTUAL-SKIN-CHARGE,-1,28.566427,0,0]
02-21 12:55:21.502  1000  1498  1498 I thermal_changed: [BCL_AUDIO_BAACL,6,1.000000,0,0]
02-21 12:55:21.502  1000  1498  1498 I thermal_changed: [USB-MINUS-NEUTRAL,-1,-2.402000,0,0]
02-21 12:55:21.502  1000  1498  1498 I thermal_changed: [VIRTUAL-SKIN,3,28.634901,0,0]
02-21 12:55:21.502  1000  1498  1498 I thermal_changed: [vdroop1,6,0.000000,0,0]
02-21 12:55:21.502  1000  1498  1498 I thermal_changed: [VIRTUAL-USB-THROTTLING,4,0.000000,0,0]
02-21 12:55:21.502  1000  1498  1498 I thermal_changed: [qi_therm,-1,33.820004,0,0]
02-21 12:55:21.502  1000  1498  1498 I thermal_changed: [ocp_gpu,7,0.000000,0,0]
02-21 12:55:21.502  1000  1498  1498 I thermal_changed: [smpl_gm,6,0.000000,0,0]
02-21 12:55:21.502  1000  1498  1498 I thermal_changed: [vdroop2,6,0.000000,0,0]
02-21 12:55:21.502  1000  1498  1498 I thermal_changed: [disp_therm,-1,26.284000,0,0]
02-21 12:55:21.502  1000  1498  1498 I thermal_changed: [batoilo,7,0.000000,0,0]
02-21 12:55:21.502  1000  1498  1498 I thermal_changed: [usb_pwr_therm,-1,26.120001,0,0]
02-21 12:55:21.530  1000  1498  1498 I am_uid_running: 10097
02-21 12:55:21.536  1000  1498  1785 I am_proc_start: [0,2929,10097,com.android.systemui,service,{com.android.systemui/com.android.systemui.wallpapers.ImageWallpaper}]
02-21 12:55:21.540  1000  1498  2917 I am_uid_running: 10103
02-21 12:55:21.546  1000  1498  1785 I am_proc_start: [0,2945,10103,com.android.permissioncontroller,service,{com.android.permissioncontroller/com.android.permissioncontroller.permission.service.PermissionControllerServiceImpl}]
02-21 12:55:21.547  1000  1498  1782 I am_proc_bound: [0,2929,com.android.systemui]
02-21 12:55:21.552  1000  1498  1782 I am_uid_active: 10097
02-21 12:55:21.555  1000  1498  1782 I am_proc_bound: [0,2945,com.android.permissioncontroller]
02-21 12:55:21.626  1000  1498  1879 I am_uid_active: 10103
02-21 12:55:21.629  1000  1498  1922 I commit_sys_config_file: [settings-2-0,3]
02-21 12:55:21.651  1000  1498  1922 I commit_sys_config_file: [settings-0-0,1]
02-21 12:55:21.653  1000  1498  1922 I commit_sys_config_file: [settings-1-0,2]
02-21 12:55:21.661  1000  1498  1879 I wm_task_created: 2
02-21 12:55:21.662  1000  1498  1782 I wm_task_created: 3
02-21 12:55:21.665  1000  1498  1879 I wm_task_created: 4
02-21 12:55:21.698  1000  1498  1609 I wm_task_removed: [3,3,0,reParentTask:sanitizeAndApplyHierarchyOp]
02-21 12:55:21.698  1000  1498  1609 I wm_task_moved: [3,2,0,1,2147483647]
02-21 12:55:21.698  1000  1498  1609 I wm_task_removed: [4,4,0,reParentTask:sanitizeAndApplyHierarchyOp]
02-21 12:55:21.699  1000  1498  1609 I wm_task_moved: [4,2,0,1,2147483647]
02-21 12:55:21.703 10097  2929  2966 I viewroot_draw_event: [VRI[ShellDropTarget],Not drawing due to not visible]
02-21 12:55:21.892  1000  1498  1922 I commit_sys_config_file: [settings-0-0,1]
02-21 12:55:21.923  1000  1498  1922 I commit_sys_config_file: [settings-2-0,0]
02-21 12:55:21.959  1000  1498  2851 I commit_sys_config_file: [net-policy,1]
02-21 12:55:21.967  1000  1498  2849 I netstats_mobile_sample: [0,0,0,0,0,0,0,0,1771649721967]
02-21 12:55:21.967  1000  1498  2849 I netstats_wifi_sample: [0,0,0,0,0,0,0,0,1771649721967]
02-21 12:55:21.969  1000  1498  2849 I netstats_mobile_sample: [0,0,0,0,0,0,0,0,1771649721969]
02-21 12:55:21.969  1000  1498  2849 I netstats_wifi_sample: [0,0,0,0,0,0,0,0,1771649721969]
02-21 12:55:22.067  1000  1498  1783 I netstats_mobile_sample: [0,0,0,0,0,0,0,0,1771649722067]
02-21 12:55:22.067  1000  1498  1783 I netstats_wifi_sample: [0,0,0,0,0,0,0,0,1771649722067]
02-21 12:55:22.067  1000  1498  1498 I am_uid_running: 1073
02-21 12:55:22.070  1000  1498  1783 I netstats_mobile_sample: [0,0,0,0,0,0,0,0,1771649722070]
02-21 12:55:22.070  1000  1498  1783 I netstats_wifi_sample: [0,0,0,0,0,0,0,0,1771649722070]
02-21 12:55:22.072  1000  1498  1785 I am_proc_start: [0,3066,1073,com.android.networkstack.process,service,{com.android.networkstack/com.android.server.NetworkStackService}]
02-21 12:55:22.075  1000  1498  1498 I ssm_user_starting: 0
02-21 12:55:22.078  1000  1498  1783 I netstats_mobile_sample: [0,0,0,0,0,0,0,0,1771649722078]
02-21 12:55:22.078  1000  1498  1783 I netstats_wifi_sample: [0,0,0,0,0,0,0,0,1771649722078]
02-21 12:55:22.083  1000  1498  3009 I am_proc_bound: [0,3066,com.android.networkstack.process]
02-21 12:55:22.084  1000  1498  3009 I am_uid_active: 1073
02-21 12:55:22.088  1000  1498  1783 I netstats_mobile_sample: [0,0,0,0,0,0,0,0,1771649722088]
02-21 12:55:22.088  1000  1498  1783 I netstats_wifi_sample: [0,0,0,0,0,0,0,0,1771649722088]
02-21 12:55:22.091  1000  1498  1783 I netstats_mobile_sample: [0,0,0,0,0,0,0,0,1771649722091]
02-21 12:55:22.091  1000  1498  1783 I netstats_wifi_sample: [0,0,0,0,0,0,0,0,1771649722091]
02-21 12:55:22.094  1000  1498  1783 I netstats_mobile_sample: [0,0,0,0,0,0,0,0,1771649722094]
02-21 12:55:22.094  1000  1498  1783 I netstats_wifi_sample: [0,0,0,0,0,0,0,0,1771649722094]
02-21 12:55:22.101  1000  1498  3009 I sysui_multi_action: [757,1243,758,4,806,com.android.settings.intelligence,1241,android.permission.POST_NOTIFICATIONS]
02-21 12:55:22.113  1000  1498  2992 I sysui_multi_action: [757,856,758,1,806,com.android.networkstack,857,connected_note_loud,858,4]
02-21 12:55:22.113  1000  1498  2992 I sysui_multi_action: [757,856,758,1,806,com.android.networkstack,857,connected_note,858,3]
02-21 12:55:22.121  1000  1498  3009 I sysui_multi_action: [757,856,758,1,806,com.android.networkstack.tethering,857,TETHERING_STATUS,858,2]
02-21 12:55:22.123  1000  1498  2992 I sysui_multi_action: [757,1243,758,4,806,com.android.gallery3d,1241,android.permission.ACCESS_MEDIA_LOCATION]
02-21 12:55:22.124  1000  1498  2992 I sysui_multi_action: [757,1243,758,4,806,com.android.gallery3d,1241,android.permission.WRITE_EXTERNAL_STORAGE]
02-21 12:55:22.125  1000  1498  2992 I sysui_multi_action: [757,1243,758,4,806,com.android.gallery3d,1241,android.permission.READ_MEDIA_VIDEO]
02-21 12:55:22.125  1000  1498  2992 I sysui_multi_action: [757,1243,758,4,806,com.android.gallery3d,1241,android.permission.READ_MEDIA_AUDIO]
02-21 12:55:22.126  1000  1498  3009 I sysui_multi_action: [757,1243,758,4,806,com.android.gallery3d,1241,android.permission.READ_MEDIA_IMAGES]
02-21 12:55:22.128  1000  1498  2992 I sysui_multi_action: [757,1243,758,4,806,com.android.gallery3d,1241,android.permission.READ_EXTERNAL_STORAGE]
02-21 12:55:22.129  1000  1498  2992 I sysui_multi_action: [757,1243,758,4,806,com.android.gallery3d,1241,android.permission.READ_MEDIA_VISUAL_USER_SELECTED]
02-21 12:55:22.124  1073  3066  3066 I auditd  : type=1400 audit(0.0:4): avc:  granted  { read } for  comm="rkstack.process" name="psched" dev="proc" ino=4026531994 scontext=u:r:network_stack:s0 tcontext=u:object_r:proc_net:s0 tclass=file
02-21 12:55:22.124  1073  3066  3066 I auditd  : type=1400 audit(0.0:5): avc:  granted  { read open } for  comm="rkstack.process" path="/proc/3066/net/psched" dev="proc" ino=4026531994 scontext=u:r:network_stack:s0 tcontext=u:object_r:proc_net:s0 tclass=file
02-21 12:55:22.124  1073  3066  3066 I auditd  : type=1400 audit(0.0:6): avc:  granted  { getattr } for  comm="rkstack.process" path="/proc/3066/net/psched" dev="proc" ino=4026531994 scontext=u:r:network_stack:s0 tcontext=u:object_r:proc_net:s0 tclass=file
02-21 12:55:22.174  1000  1498  1922 I commit_sys_config_file: [settings-0-0,1]
02-21 12:55:22.179  1000  1498  1922 I commit_sys_config_file: [settings-2-0,0]
02-21 12:55:22.218  1000  1498  3009 I sysui_multi_action: [757,1243,758,4,806,org.chromium.webview_shell,1241,android.permission.ACCESS_FINE_LOCATION]
02-21 12:55:22.225  1000  1498  1942 I am_uid_running: 1002
02-21 12:55:22.228  1000  1498  1767 I commit_sys_config_file: [notification-policy,1]
02-21 12:55:22.230  1000  1498  1498 I um_user_visibility_changed: [0,1]
02-21 12:55:22.230  1000  1498  1785 I am_proc_start: [0,3092,1002,com.android.bluetooth,service,{com.android.bluetooth/com.android.bluetooth.btservice.AdapterService}]
02-21 12:55:22.231  1000  1498  1498 I am_uid_running: 1068
02-21 12:55:22.232  1000  1498  1498 I am_uid_running: 10089
02-21 12:55:22.233  1000  1498  1498 I am_uid_running: 10096
02-21 12:55:22.234  1000  1498  1498 I am_uid_running: 1001
02-21 12:55:22.242  1000  1498  1498 I wm_task_created: 5
02-21 12:55:22.242  1000  1498  1498 I wm_task_moved: [5,1,0,1,2147483647]
02-21 12:55:22.243  1000  1498  1498 I wm_task_moved: [1,1,0,1,1]
02-21 12:55:22.243  1000  1498  1498 I wm_create_task: [0,5,1,0]
02-21 12:55:22.243  1000  1498  1498 I wm_create_activity: [0,139707635,5,com.android.settings/.FallbackHome,android.intent.action.MAIN,NULL,NULL,276824320]
02-21 12:55:22.243  1000  1498  1498 I wm_task_moved: [1,1,0,1,1]
02-21 12:55:22.243  1000  1498  1498 I wm_task_moved: [5,1,0,1,2147483647]
02-21 12:55:22.243  1000  1498  1498 I wm_task_to_front: [0,5,0]
02-21 12:55:22.246  1000  1498  1498 I uc_send_user_broadcast: [0,android.intent.action.USER_STARTED]
02-21 12:55:22.247  1000  1498  1498 I uc_send_user_broadcast: [0,android.intent.action.USER_STARTING]
02-21 12:55:22.248  1000  1498  1498 I uc_send_user_broadcast: [0,android.intent.action.USER_FOREGROUND]
02-21 12:55:22.248  1000  1498  1498 I uc_send_user_broadcast: [0,android.intent.action.USER_SWITCHED]
02-21 12:55:22.249  1000  1498  1785 I am_proc_start: [0,3099,1068,com.android.se,added application,com.android.se]
02-21 12:55:22.249  1000  1498  3009 I am_proc_bound: [0,3092,com.android.bluetooth]
02-21 12:55:22.256  1000  1498  1782 I am_proc_bound: [0,3099,com.android.se]
02-21 12:55:22.258  1000  1498  1782 I am_uid_active: 1068
02-21 12:55:22.259  1000  1498  1785 I am_proc_start: [0,3120,10089,com.shannon.rcsservice,added application,com.shannon.rcsservice]
02-21 12:55:22.267  1000  1498  1782 I am_proc_bound: [0,3120,com.shannon.rcsservice]
02-21 12:55:22.268  1000  1498  1782 I am_uid_active: 10089
02-21 12:55:22.272  1000  1498  3009 I am_uid_active: 1002
02-21 12:55:22.280  1000  1498  1785 I am_proc_start: [0,3141,10096,com.shannon.imsservice,added application,com.shannon.imsservice]
02-21 12:55:22.286  1000  1498  1785 I am_proc_start: [0,3148,1001,com.android.phone,added application,com.android.phone]
02-21 12:55:22.292  1000  1498  1785 I am_proc_start: [0,3162,1000,com.android.settings,top-activity,{com.android.settings/com.android.settings.FallbackHome}]
02-21 12:55:22.293  1000  1498  3009 I am_proc_bound: [0,3141,com.shannon.imsservice]
02-21 12:55:22.294  1000  1498  3009 I am_uid_active: 10096
02-21 12:55:22.303  1000  1498  3009 I am_proc_bound: [0,3148,com.android.phone]
02-21 12:55:22.305  1000  1498  3009 I am_uid_active: 1001
02-21 12:55:22.315  1000  1498  1782 I am_proc_bound: [0,3162,com.android.settings]
02-21 12:55:22.326  1000  1498  1498 I notification_cancel_all: [1000,1498,android,0,0,0,20,NULL]
02-21 12:55:22.327  1000  1498  1498 I notification_cancel_all: [1000,1498,android,0,0,0,20,NULL]
02-21 12:55:22.327  1000  1498  1498 I notification_cancel_all: [1000,1498,android,0,0,0,20,NULL]
02-21 12:55:22.335  1000  1498  1782 I am_uid_running: 10094
02-21 12:55:22.350  1000  1498  1785 I am_proc_start: [0,3193,10094,com.android.launcher3,service,{com.android.launcher3/com.android.quickstep.TouchInteractionService}]
02-21 12:55:22.359  1000  1498  2996 I am_proc_bound: [0,3193,com.android.launcher3]
02-21 12:55:22.381  1000  1498  1782 I wm_restart_activity: [0,139707635,5,com.android.settings/.FallbackHome]
02-21 12:55:22.382  1000  1498  1782 I wm_set_resumed_activity: [0,com.android.settings/.FallbackHome,minimalResumeActivityLocked - onActivityStateChanged]
02-21 12:55:22.404  1000  3162  3162 I wm_on_create_called: [139707635,com.android.settings.FallbackHome,performCreate,11]
02-21 12:55:22.405  1000  3162  3162 I wm_on_start_called: [139707635,com.android.settings.FallbackHome,handleStartActivity,0]
02-21 12:55:22.406  1000  3162  3162 I wm_on_resume_called: [139707635,com.android.settings.FallbackHome,RESUME_ACTIVITY,0]
02-21 12:55:22.407 10094  3193  3221 I jank_cuj_events_cancel_request: [-1,1771649722401484000,24578832001,24578832123]
02-21 12:55:22.408  1000  1498  1608 I am_uid_active: 10094
02-21 12:55:22.423  1000  3162  3162 I wm_on_top_resumed_gained_called: [139707635,com.android.settings.FallbackHome,topStateChangedWhenResumed]
02-21 12:55:22.426  1000  1498  1922 I commit_sys_config_file: [settings-0-0,3]
02-21 12:55:22.434  1000  1498  1769 I input_focus: [Focus request 3b88329 com.android.settings/com.android.settings.FallbackHome,reason=UpdateInputWindows]
02-21 12:55:22.452  1000  3162  3162 I viewroot_draw_event: [VRI[FallbackHome],reportDrawFinished seqId=0]
02-21 12:55:22.453  1000  1498  1768 I boot_progress_enable_screen: 24630
02-21 12:55:22.454  1000  1498  1768 I screen_toggled: 1
02-21 12:55:22.470 10097  2929  3189 I viewroot_draw_event: [VRI[ScreenDecorHwcOverlay],reportDrawFinished seqId=0]
02-21 12:55:22.472 10097  2929  3189 I viewroot_draw_event: [VRI[ScreenDecorOverlay],Not drawing due to not visible]
02-21 12:55:22.474 10097  2929  3189 I viewroot_draw_event: [VRI[ScreenDecorOverlayBottom],Not drawing due to not visible]
02-21 12:55:22.478  1000  1498  1922 I commit_sys_config_file: [settings-2-0,3]
02-21 12:55:22.479  1000  1498  1765 I sysui_multi_action: [319,219,322,217,325,24,757,761,758,7,759,2,806,com.android.settings,871,com.android.settings.FallbackHome,905,0,945,79,1320,4,1321,23]
02-21 12:55:22.479  1000  1498  1765 I wm_activity_launch_time: [0,139707635,com.android.settings/.FallbackHome,217]
02-21 12:55:22.619 10097  2929  3302 I sysui_multi_action: [757,213,758,4,759,-1]
02-21 12:55:22.652  1000  1498  1608 I configuration_changed: 536871936
02-21 12:55:22.671  1000  3162  3162 I viewroot_draw_event: [VRI[FallbackHome],reportDrawFinished seqId=0]
02-21 12:55:22.681  1000  3162  3162 I viewroot_draw_event: [VRI[FallbackHome],reportDrawFinished seqId=0]
02-21 12:55:22.714  1000  1498  1782 I sysui_multi_action: [757,856,758,1,806,com.android.systemui,857,ALR,858,4]
02-21 12:55:22.714  1000  1498  1782 I sysui_multi_action: [757,856,758,1,806,com.android.systemui,857,INS,858,1]
02-21 12:55:22.714  1000  1498  1782 I sysui_multi_action: [757,856,758,1,806,com.android.systemui,857,STP,858,3]
02-21 12:55:22.714  1000  1498  1782 I sysui_multi_action: [757,856,758,1,806,com.android.systemui,857,DSK,858,2]
02-21 12:55:22.714  1000  1498  1782 I sysui_multi_action: [757,856,758,1,806,com.android.systemui,857,SCN_HEADSUP,858,4]
02-21 12:55:22.714  1000  1498  1782 I sysui_multi_action: [757,856,758,1,806,com.android.systemui,857,BAT,858,5]
02-21 12:55:22.714  1000  1498  1782 I sysui_multi_action: [757,856,758,1,806,com.android.systemui,857,HNT,858,3]
02-21 12:55:22.734 10097  2929  3302 I sysui_multi_action: [757,213,758,4,759,2]
02-21 12:55:22.735  1000  1498  1922 I commit_sys_config_file: [settings-2-0,8]
02-21 12:55:22.752  1000  1498  2991 I commit_sys_config_file: [overlays,0]
02-21 12:55:22.759  1000  1498  1765 I configuration_changed: -2147483648
02-21 12:55:22.785 10097  2929  2929 I viewroot_draw_event: [VRI[NavigationBar0],reportDrawFinished seqId=0]
02-21 12:55:22.786  1000  1498  1765 I wm_relaunch_resume_activity: [0,139707635,5,com.android.settings/.FallbackHome,80000000]
02-21 12:55:22.788  1000  3162  3162 I wm_on_top_resumed_lost_called: [139707635,com.android.settings.FallbackHome,pausing]
02-21 12:55:22.788  1000  1498  1784 I am_uid_running: 10109
02-21 12:55:22.788  1000  3162  3162 I wm_on_paused_called: [139707635,com.android.settings.FallbackHome,performPause,0]
02-21 12:55:22.789  1000  3162  3162 I wm_on_stop_called: [139707635,com.android.settings.FallbackHome,handleRelaunchActivity,1]
02-21 12:55:22.792  1000  3162  3162 I wm_on_destroy_called: [139707635,com.android.settings.FallbackHome,performDestroy,2]
02-21 12:55:22.794  1000  1498  1785 I am_proc_start: [0,3334,10109,com.android.cellbroadcastreceiver.module,broadcast,{com.android.cellbroadcastreceiver.module/com.android.cellbroadcastreceiver.CellBroadcastReceiver}]
02-21 12:55:22.795  1000  1498  1769 I input_focus: [Requesting to set focus to null window,reason=UpdateInputWindows]
02-21 12:55:22.801  1000  3162  3162 I wm_on_create_called: [139707635,com.android.settings.FallbackHome,performCreate,3]
02-21 12:55:22.801  1000  3162  3162 I wm_on_start_called: [139707635,com.android.settings.FallbackHome,handleStartActivity,0]
02-21 12:55:22.801  1000  3162  3162 I wm_on_resume_called: [139707635,com.android.settings.FallbackHome,RESUME_ACTIVITY,0]
02-21 12:55:22.801  1000  3162  3162 I wm_on_top_resumed_gained_called: [139707635,com.android.settings.FallbackHome,topWhenResuming]
02-21 12:55:22.803  1000  3162  3335 I jank_cuj_events_cancel_request: [81,1771649722801681000,24979028250,24979028331]
02-21 12:55:22.803  1000  3162  3335 I jank_cuj_events_end_request: [81,1771649722801717000,24979063528,24979063569]
02-21 12:55:22.803  1000  3162  3335 I jank_cuj_events_cancel_request: [81,1771649722801961000,24979307953,24979308075]
02-21 12:55:22.803  1000  3162  3335 I jank_cuj_events_end_request: [81,1771649722801965000,24979311860,24979311900]
02-21 12:55:22.808  1000  1498  1769 I input_focus: [Focus request 8cec3bd com.android.settings/com.android.settings.FallbackHome,reason=UpdateInputWindows]
02-21 12:55:22.812  1000  3162  3162 I viewroot_draw_event: [VRI[FallbackHome],reportDrawFinished seqId=0]
02-21 12:55:22.816  1000  1498  1922 I commit_sys_config_file: [settings-1-0,4]
02-21 12:55:22.822  1000  1498  1608 I am_proc_bound: [0,3334,com.android.cellbroadcastreceiver.module]
02-21 12:55:22.824  1000  1498  1609 I sysui_multi_action: [757,127,758,2]
02-21 12:55:22.824  1000  1498  1609 I notification_panel_hidden: 
02-21 12:55:22.828  1000  1498  1498 I sysui_multi_action: [757,856,758,1,806,com.android.server.telecom,857,TelecomMissedCalls,858,3]
02-21 12:55:22.828  1000  1498  1498 I sysui_multi_action: [757,856,758,1,806,com.android.server.telecom,857,TelecomIncomingCalls,858,5]
02-21 12:55:22.828  1000  1498  1498 I sysui_multi_action: [757,856,758,1,806,com.android.server.telecom,857,TelecomCallBlocking,858,2]
02-21 12:55:22.828  1000  1498  1498 I sysui_multi_action: [757,856,758,1,806,com.android.server.telecom,857,TelecomBackgroundAudioProcessing,858,2]
02-21 12:55:22.828  1000  1498  1498 I sysui_multi_action: [757,856,758,1,806,com.android.server.telecom,857,TelecomDisconnectedCalls,858,3]
02-21 12:55:22.829  1000  1498  1498 I sysui_multi_action: [757,856,758,1,806,com.android.server.telecom,857,TelecomInCallServiceCrash,858,3]
02-21 12:55:22.830  1000  1498  1498 I sysui_multi_action: [757,856,758,1,806,com.android.server.telecom,857,TelecomCallStreaming,858,3]
02-21 12:55:22.835 10097  2929  2929 I viewroot_draw_event: [VRI[NotificationShade],Not drawing due to not visible]
02-21 12:55:22.860  1000  1498  2991 I am_uid_running: 10044
02-21 12:55:22.875  1000  1498  1785 I am_proc_start: [0,3371,10044,com.android.cellbroadcastreceiver,content provider,{com.android.cellbroadcastreceiver/com.android.cellbroadcastreceiver.LegacyCellBroadcastContentProvider}]
02-21 12:55:22.891 10097  2929  2929 I viewroot_draw_event: [VRI[StatusBar],reportDrawFinished seqId=0]
02-21 12:55:22.898  1000  1498  1498 I notification_cancel_all: [1000,1498,com.android.cts.priv.ctsshim,0,0,0,7,NULL]
02-21 12:55:22.898  1000  1498  1498 I notification_cancel_all: [1000,1498,com.android.adservices.api,0,0,0,7,NULL]
02-21 12:55:22.898  1000  1498  1498 I notification_cancel_all: [1000,1498,com.android.quicksearchbox,0,0,0,7,NULL]
02-21 12:55:22.898  1000  1498  1498 I notification_cancel_all: [1000,1498,com.android.contacts,0,0,0,7,NULL]
02-21 12:55:22.900  1000  1498  1498 I notification_cancel_all: [1000,1498,com.android.camera2,0,0,0,7,NULL]
02-21 12:55:22.900  1000  1498  1498 I notification_cancel_all: [1000,1498,com.android.webview,0,0,0,7,NULL]
02-21 12:55:22.900  1000  1498  1498 I notification_cancel_all: [1000,1498,com.android.gallery3d,0,0,0,7,NULL]
02-21 12:55:22.900  1000  1498  1498 I notification_cancel_all: [1000,1498,com.android.inputmethod.latin,0,0,0,7,NULL]
02-21 12:55:22.900  1000  1498  1498 I notification_cancel_all: [1000,1498,org.chromium.webview_shell,0,0,0,7,NULL]
02-21 12:55:22.900  1000  1498  1498 I notification_cancel_all: [1000,1498,com.android.dreams.phototable,0,0,0,7,NULL]
02-21 12:55:22.900  1000  1498  1498 I notification_cancel_all: [1000,1498,com.android.cts.ctsshim,0,0,0,7,NULL]
02-21 12:55:22.900  1000  1498  1498 I notification_cancel_all: [1000,1498,com.android.wallpaper,0,0,0,7,NULL]
02-21 12:55:22.900  1000  1498  1498 I notification_cancel_all: [1000,1498,com.android.music,0,0,0,7,NULL]
02-21 12:55:22.900  1000  1498  1498 I notification_cancel_all: [1000,1498,com.android.deskclock,0,0,0,7,NULL]
02-21 12:55:22.900  1000  1498  1609 I am_proc_bound: [0,3371,com.android.cellbroadcastreceiver]
02-21 12:55:22.902  1000  1498  1498 I notification_cancel_all: [1000,1498,com.android.systemui,0,0,0,20,NULL]
02-21 12:55:22.916 10097  2929  3189 I viewroot_draw_event: [VRI[ScreenDecorHwcOverlay],reportDrawFinished seqId=0]
02-21 12:55:22.937  1000  1498  2849 I netstats_mobile_sample: [0,0,0,0,0,0,0,0,1771649722936]
02-21 12:55:22.937  1000  1498  2849 I netstats_wifi_sample: [0,0,0,0,0,0,0,0,1771649722936]
02-21 12:55:22.942  1000  1498  1785 I am_proc_start: [0,3402,1000,com.google.android.iwlan,service,{com.google.android.iwlan/com.google.android.iwlan.IwlanDataService}]
02-21 12:55:22.943 10097  2929  3189 I viewroot_draw_event: [VRI[ScreenDecorHwcOverlay],reportDrawFinished seqId=0]
02-21 12:55:22.944  1000  1498  1813 I commit_sys_config_file: [package-user-0,3]
02-21 12:55:22.960  1000  1498  1609 I am_proc_bound: [0,3402,com.google.android.iwlan]
02-21 12:55:22.964  1000  1498  1813 I commit_sys_config_file: [package-user-0,3]
02-21 12:55:22.966  1000  1498  1813 I commit_sys_config_file: [package-user-0,3]
02-21 12:55:22.966  1000  1498  1767 I commit_sys_config_file: [notification-policy,3]
02-21 12:55:22.973  1000  1498  1813 I commit_sys_config_file: [package-user-0,4]
02-21 12:55:22.977  1000  1498  1813 I commit_sys_config_file: [package-user-0,7]
02-21 12:55:22.979  1000  1498  3009 I sysui_multi_action: [757,856,758,1,806,com.android.bluetooth,857,opp_notification_channel,858,4]
02-21 12:55:22.981  1000  1498  1813 I commit_sys_config_file: [package-user-0,9]
02-21 12:55:22.982  1000  1498  1498 I sysui_multi_action: [757,859,758,6,806,android,860,safety_center_channels]
02-21 12:55:22.983  1000  1498  1498 I sysui_multi_action: [757,856,758,1,806,android,857,safety_center_information,858,2]
02-21 12:55:22.983  1000  1498  1498 I sysui_multi_action: [757,856,758,1,806,android,857,safety_center_recommendation,858,3]
02-21 12:55:22.984  1000  1498  1498 I sysui_multi_action: [757,856,758,1,806,android,857,safety_center_critical_warning,858,4]
02-21 12:55:22.991  1000  1498  1813 I commit_sys_config_file: [package-user-0,19]
02-21 12:55:22.993 10097  2929  3189 I viewroot_draw_event: [VRI[ScreenDecorHwcOverlay],reportDrawFinished seqId=0]
02-21 12:55:23.004 10097  2929  3189 I viewroot_draw_event: [VRI[ScreenDecorHwcOverlay],reportDrawFinished seqId=0]
02-21 12:55:23.004  1000  1498  1813 I commit_sys_config_file: [package-user-0,30]
02-21 12:55:23.007  1000  1498  1498 I notification_cancel_all: [1002,3092,com.android.bluetooth,0,0,32832,9,NULL]
02-21 12:55:23.013  1000  1498  1498 I notification_enqueue: [1000,1498,android,32,NULL,-1,Notification(channel=USB shortcut=null contentView=null vibrate=null sound=null tick defaults=0x0 flags=0x802 color=0x00000000 vis=PUBLIC),0]
02-21 12:55:23.019  1000  1498  1813 I commit_sys_config_file: [package-user-0,43]
02-21 12:55:23.022  1000  1498  1498 I sysui_multi_action: [757,1501,758,1,793,32,794,0,795,32,796,32,806,android,857,USB,858,1,947,0,1500,0]
02-21 12:55:23.022  1000  1498  1498 I sysui_multi_action: [757,804,799,note_interruptive,801,0,802,1]
02-21 12:55:23.031  1000  1498  1783 I service_manager_slow: [10,location]
02-21 12:55:23.037 10097  2929  3189 I viewroot_draw_event: [VRI[ScreenDecorHwcOverlay],reportDrawFinished seqId=0]
02-21 12:55:23.039  1000  1498  1813 I commit_sys_config_file: [package-user-0,53]
02-21 12:55:23.041  1002  3092  3279 I liblog  : 296
02-21 12:55:23.041  1002  3092  3279 I liblog  : 4
02-21 12:55:23.041  1002  3092  3279 I liblog  : 1
02-21 12:55:23.049 10097  2929  3189 I viewroot_draw_event: [VRI[ScreenDecorHwcOverlay],reportDrawFinished seqId=0]
02-21 12:55:23.052  1000  1498  1922 I commit_sys_config_file: [settings-2-0,1]
02-21 12:55:23.064  1000  1498  1922 I commit_sys_config_file: [settings-0-0,6]
02-21 12:55:23.099 10097  2929  2929 I viewroot_draw_event: [VRI[Wired Charging Animation],reportDrawFinished seqId=0]
02-21 12:55:23.102  1000   556   614 I sf_stop_bootanim: 25279
02-21 12:55:23.102  1000  1498  1768 I wm_boot_animation_done: 25279
02-21 12:55:23.113  1000  1498  1938 I input_focus: [Focus entering 8cec3bd com.android.settings/com.android.settings.FallbackHome (server),reason=Window became focusable. Previous reason: NO_WINDOW]
02-21 12:55:23.115  1000  1498  1608 I am_uid_running: 10087
02-21 12:55:23.118  1000  1498  2996 I sysui_multi_action: [757,856,758,1,806,com.android.phone,857,sms,858,4]
02-21 12:55:23.118  1000  1498  2996 I sysui_multi_action: [757,856,758,1,806,com.android.phone,857,wfc,858,2]
02-21 12:55:23.118  1000  1498  2996 I sysui_multi_action: [757,856,758,1,806,com.android.phone,857,simHighPriority,858,4]
02-21 12:55:23.118  1000  1498  2996 I sysui_multi_action: [757,856,758,1,806,com.android.phone,857,alert,858,3]
02-21 12:55:23.118  1000  1498  2996 I sysui_multi_action: [757,856,758,1,806,com.android.phone,857,mobileDataAlertNew,858,2]
02-21 12:55:23.118  1000  1498  2996 I sysui_multi_action: [757,856,758,1,806,com.android.phone,857,sim,858,2]
02-21 12:55:23.118  1000  1498  2996 I sysui_multi_action: [757,856,758,1,806,com.android.phone,857,callForwardNew,858,3]
02-21 12:55:23.121 radio  3148  3316 I dvm_lock_sample: [com.android.phone,0,DeviceStateHelperThread,425,PhoneFactory.java,382,com.android.internal.telephony.Phone[] com.android.internal.telephony.PhoneFactory.getPhones(),-,486,com.android.internal.telephony.CommandsInterface[] com.android.internal.telephony.PhoneFactory.getCommandsInterfaces(),85]
02-21 12:55:23.130  1000  1498  1785 I am_proc_start: [0,3470,10087,com.android.inputmethod.latin,service,{com.android.inputmethod.latin/com.android.inputmethod.latin.LatinIME}]
02-21 12:55:23.160  1000  1498  3444 I am_proc_bound: [0,3470,com.android.inputmethod.latin]
02-21 12:55:23.177  1000  1498  1608 I am_uid_active: 10087
02-21 12:55:23.240  1000  1498  1609 I commit_sys_config_file: [input-subtypes,32]
02-21 12:55:23.246  1000  1498  1767 I commit_sys_config_file: [notification-policy,17]
02-21 12:55:23.254 radio  3148  3148 I service_manager_stats: [100,38,25432]
02-21 12:55:23.285 10087  3470  3470 I viewroot_draw_event: [VRI[InputMethod],Not drawing due to not visible]
02-21 12:55:23.339  1000  1498  1922 I commit_sys_config_file: [settings-2-0,4]
02-21 12:55:23.393  1000  1498  1767 I commit_sys_config_file: [jobs,1]
02-21 12:55:23.494  1000  1498  1498 I notification_enqueue: [1000,1498,android,26,NULL,-1,Notification(channel=DEVELOPER_IMPORTANT shortcut=null contentView=null vibrate=null sound=null tick defaults=0x0 flags=0x802 color=0x00000000 vis=PUBLIC),0]
02-21 12:55:23.495  1000  1498  1498 I sysui_multi_action: [757,1501,758,1,793,3,794,0,795,3,796,26,806,android,857,DEVELOPER_IMPORTANT,858,4,947,0,1500,0]
02-21 12:55:23.495  1000  1498  1498 I sysui_multi_action: [757,804,799,note_interruptive,801,0,802,1]
02-21 12:55:23.497  1000  1498  1498 I sysui_multi_action: [757,1501,758,1,793,5,794,0,795,5,796,26,806,android,857,DEVELOPER_IMPORTANT,858,4,947,0,1500,0,1688,1]
02-21 12:55:23.497  1000  1498  1498 I sysui_multi_action: [757,804,799,note_interruptive,801,0,802,1]
02-21 12:55:23.497  1000  1498  1498 I sysui_multi_action: [757,199,758,1,759,2,793,5,794,0,795,5,796,26,806,android,857,DEVELOPER_IMPORTANT,858,4,947,0,1500,0,1688,1]
02-21 12:55:23.497  1000  1498  1498 I notification_alert: [-1|android|26|null|1000,0,1,0,0]
02-21 12:55:23.503  1000  1498  1498 I notification_autogrouped: -1|android|26|null|1000
02-21 12:55:23.503  1000  1498  1498 I notification_autogrouped: -1|android|32|null|1000
02-21 12:55:23.503  1000  1498  1498 I notification_enqueue: [1000,1498,android,2147483647,ranker_group,-1,Notification(channel=DEVELOPER_IMPORTANT shortcut=null contentView=null vibrate=null sound=null defaults=0x0 flags=0x702 color=0x00000000 groupKey=ranker_group vis=PRIVATE),0]
02-21 12:55:23.507  1000  1498  2869 I notification_adjusted: [-1|android|26|null|1000,key_group_key,ranker_group]
02-21 12:55:23.507  1000  1498  2869 I notification_adjusted: [-1|android|32|null|1000,key_group_key,ranker_group]
02-21 12:55:23.516  1000  1498  1768 I uc_finish_user_boot: 0
02-21 12:55:23.516  1000  1498  1768 I am_user_state_changed: [0,1]
02-21 12:55:23.519  1000  1498  1768 I uc_send_user_broadcast: [0,android.intent.action.LOCKED_BOOT_COMPLETED]
02-21 12:55:23.520  1000  1498  1768 I uc_finish_user_unlocking: 0
02-21 12:55:23.523  1000  1498  1785 I am_proc_start: [0,3527,10118,android.ext.services,on-hold,]
02-21 12:55:23.526  1000  1498  1784 I am_uid_running: 10119
02-21 12:55:23.534  1000  1498  1785 I am_proc_start: [0,3538,10119,com.android.devicelockcontroller,broadcast,{com.android.devicelockcontroller/com.android.devicelockcontroller.receivers.RecordBootTimestampReceiver}]
02-21 12:55:23.544  1000  1498  1609 I am_proc_bound: [0,3527,android.ext.services]
02-21 12:55:23.551  1000  1498  1609 I am_proc_bound: [0,3538,com.android.devicelockcontroller]
02-21 12:55:23.561  1000  1498  1609 I am_uid_active: 10118
02-21 12:55:23.578  1000  1498  1609 I am_uid_active: 10119
02-21 12:55:23.597 radio  3148  3148 I gsm_service_state_change: [1,1,1,1]
02-21 12:55:23.605 radio  3148  3148 I gsm_service_state_change: [1,1,1,1]
02-21 12:55:23.621  1000  1498  1608 I am_uid_running: 10093
02-21 12:55:23.630  1000  1498  1785 I am_proc_start: [0,3574,10093,com.android.carrierconfig,service,{com.android.carrierconfig/com.android.carrierconfig.DefaultCarrierConfigService}]
02-21 12:55:23.662  1000  1498  2999 I am_proc_bound: [0,3574,com.android.carrierconfig]
02-21 12:55:23.680  1000  1498  2999 I am_uid_active: 10093
02-21 12:55:23.686  1000  1498  1922 I commit_sys_config_file: [settings-0-0,13]
02-21 12:55:23.692  1000  1498  1765 I am_user_state_changed: [0,2]
02-21 12:55:23.693  1000  1498  1784 I ssm_user_unlocking: 0
02-21 12:55:23.697  1000  1498  3601 I am_uid_running: 10037
02-21 12:55:23.699  1000  1498  1922 I commit_sys_config_file: [settings-2-0,7]
02-21 12:55:23.707  1000  1498  1785 I am_proc_start: [0,3602,10037,android.process.acore,content provider,{com.android.providers.blockednumber/com.android.providers.blockednumber.BlockedNumberProvider}]
02-21 12:55:23.720  1000  1498  1957 I am_uid_running: 10105
02-21 12:55:23.733  1000  1498  1785 I am_proc_start: [0,3621,10105,com.android.providers.media.module,service,{com.android.providers.media.module/com.android.providers.media.fuse.ExternalStorageServiceImpl}]
02-21 12:55:23.748  1000  1498  1784 I uc_finish_user_unlocked: 0
02-21 12:55:23.748  1000  1498  1784 I am_user_state_changed: [0,3]
02-21 12:55:23.758  1000  1498  1766 I configuration_changed: 32
02-21 12:55:23.763  1000  1498  1767 I commit_sys_config_file: [notification-policy,3]
02-21 12:55:23.771  1000  1498  2999 I am_proc_bound: [0,3602,android.process.acore]
02-21 12:55:23.773  1000  3162  3162 I viewroot_draw_event: [VRI[FallbackHome],reportDrawFinished seqId=0]
02-21 12:55:23.782 10097  2929  2929 I viewroot_draw_event: [VRI[NavigationBar0],reportDrawFinished seqId=0]
02-21 12:55:23.785  1000  1498  1784 I am_uid_running: 1027
02-21 12:55:23.787  1000  1498  2996 I am_proc_bound: [0,3621,com.android.providers.media.module]
02-21 12:55:23.790 10097  2929  3189 I viewroot_draw_event: [VRI[ScreenDecorHwcOverlay],reportDrawFinished seqId=0]
02-21 12:55:23.791 10097  2929  2929 I viewroot_draw_event: [VRI[StatusBar],reportDrawFinished seqId=0]
02-21 12:55:23.792  1000  1498  1784 I uc_send_user_broadcast: [0,android.intent.action.USER_UNLOCKED]
02-21 12:55:23.793 10097  2929  2929 I viewroot_draw_event: [VRI[Wired Charging Animation],reportDrawFinished seqId=0]
02-21 12:55:23.801  1000  1498  1784 I uc_send_user_broadcast: [0,android.intent.action.PRE_BOOT_COMPLETED]
02-21 12:55:23.802  1000  1498  1784 I am_pre_boot: [0,com.android.documentsui]
02-21 12:55:23.803  1000  1498  1785 I am_proc_start: [0,3649,1027,com.android.nfc,added application,com.android.nfc]
02-21 12:55:23.803  1000  1498  1498 I notification_enqueue: [1000,1498,android,13,PreBootBroadcaster,0,Notification(channel=UPDATES shortcut=null contentView=null vibrate=null sound=null tick defaults=0x0 flags=0x802 color=0x00000000 vis=PUBLIC),0]
02-21 12:55:23.810  1000  1498  1784 I am_uid_running: 10073
02-21 12:55:23.813  1000  1498  3444 I wm_finish_activity: [0,139707635,5,com.android.settings/.FallbackHome,app-request]
02-21 12:55:23.814  1000  1498  3444 I wm_pause_activity: [0,139707635,com.android.settings/.FallbackHome,userLeaving=false,finish]
02-21 12:55:23.815  1000  3162  3162 I wm_on_top_resumed_lost_called: [139707635,com.android.settings.FallbackHome,topStateChangedWhenResumed]
02-21 12:55:23.817  1000  3162  3162 I wm_on_paused_called: [139707635,com.android.settings.FallbackHome,performPause,0]
02-21 12:55:23.822  1000  1498  1609 I wm_task_created: 6
02-21 12:55:23.822  1000  1498  1609 I wm_task_moved: [6,1,0,1,2147483647]
02-21 12:55:23.823  1000  1498  1609 I wm_task_moved: [1,1,0,1,1]
02-21 12:55:23.823  1000  1498  1609 I wm_create_task: [0,6,1,0]
02-21 12:55:23.823  1000  1498  1609 I wm_create_activity: [0,196637698,6,com.android.provision/.DefaultActivity,android.intent.action.MAIN,NULL,NULL,276824320]
02-21 12:55:23.823  1000  1498  1609 I wm_task_moved: [1,1,0,1,1]
02-21 12:55:23.823  1000  1498  1609 I wm_task_moved: [6,1,0,1,2147483647]
02-21 12:55:23.823  1000  1498  1609 I wm_task_to_front: [0,6,0]
02-21 12:55:23.825  1000  1498  1608 I am_uid_running: 10085
02-21 12:55:23.827  1000  1498  1768 I am_uid_running: 10091
02-21 12:55:23.831  1000  1498  1765 I sysui_multi_action: [757,803,799,window_time_0,802,16]
02-21 12:55:23.834   nfc  3649  3649 I service_manager_slow: [10,activity]
02-21 12:55:23.834  1000  1498  1938 I input_focus: [Focus leaving 8cec3bd com.android.settings/com.android.settings.FallbackHome (server),reason=NO_WINDOW]
02-21 12:55:23.834  1000  1498  1609 I am_proc_bound: [0,3649,com.android.nfc]
02-21 12:55:23.857  1000  1498  1609 I am_uid_active: 1027
02-21 12:55:23.860  1000  1498  1785 I am_proc_start: [0,3671,10073,com.android.imsserviceentitlement,broadcast,{com.android.imsserviceentitlement/com.android.imsserviceentitlement.ImsEntitlementReceiver}]
02-21 12:55:23.870  1000  1498  1785 I am_proc_start: [0,3690,10085,com.android.music,service,{com.android.music/com.android.music.MediaPlaybackService}]
02-21 12:55:23.878  1000  1498  1609 I am_proc_bound: [0,3671,com.android.imsserviceentitlement]
02-21 12:55:23.887  1000  1498  1609 I am_proc_bound: [0,3690,com.android.music]
02-21 12:55:23.926  1000  1498  1785 I am_proc_start: [0,3709,10091,com.android.provision,top-activity,{com.android.provision/com.android.provision.DefaultActivity}]
02-21 12:55:23.927  1000  1498  1922 I commit_sys_config_file: [settings-2-0,1]
02-21 12:55:23.931  1000  1498  2991 I dvm_lock_sample: [system_server,1,binder:1498_5,35,ActivityManagerService.java,14325,android.content.Intent com.android.server.am.ActivityManagerService.registerReceiverWithFeature(android.app.IApplicationThread, java.lang.String, java.lang.String, java.lang.String, android.content.IIntentReceiver, android.content.IntentFilter, java.lang.String, int, int),OomAdjuster.java,609,boolean com.android.server.am.OomAdjuster.updateOomAdjLocked(com.android.server.am.ProcessRecord, int),7]
02-21 12:55:23.939  1000  1498  1608 I am_proc_bound: [0,3709,com.android.provision]
02-21 12:55:23.941  1000  1498  1608 I am_uid_active: 10091
02-21 12:55:23.947  1000  1498  3444 I wm_restart_activity: [0,196637698,6,com.android.provision/.DefaultActivity]
02-21 12:55:23.971  1000  1498  3444 I wm_set_resumed_activity: [0,com.android.provision/.DefaultActivity,minimalResumeActivityLocked - onActivityStateChanged]
02-21 12:55:23.974  1000  1498  1785 I am_proc_start: [0,3741,1000,com.android.keychain,service,{com.android.keychain/com.android.keychain.KeyChainService}]
02-21 12:55:23.979  1000  1498  1784 I dvm_lock_sample: [system_server,1,ActivityManager,36,BroadcastQueueModernImpl.java,336,boolean com.android.server.am.BroadcastQueueModernImpl.lambda$new$0(android.os.Message),,0,null,7]
02-21 12:55:23.979  1000  1498  3742 I dvm_lock_sample: [system_server,1,binder:1498_E,32,ActivityManagerService.java,14527,android.content.Intent com.android.server.am.ActivityManagerService.registerReceiverWithFeature(android.app.IApplicationThread, java.lang.String, java.lang.String, java.lang.String, android.content.IIntentReceiver, android.content.IntentFilter, java.lang.String, int, int),,0,null,6]
02-21 12:55:23.981  1000  1498  2998 I am_uid_active: 10085
02-21 12:55:23.982  1000  1498  2992 I am_proc_bound: [0,3741,com.android.keychain]
02-21 12:55:23.985  1000  1498  1784 I am_uid_running: 10046
02-21 12:55:23.987  1000  1498  1784 I am_wtf  : [0,1498,system_server,-1,SystemServiceRegistry,No service published for: face]
02-21 12:55:23.987  1000  1498  1784 I am_wtf  : [0,1498,system_server,-1,SystemServiceRegistry,Manager wrapper not available: face]
02-21 12:55:23.996  1000  1498  2993 I wm_finish_activity: [0,196637698,6,com.android.provision/.DefaultActivity,app-request]
02-21 12:55:23.997  1000  1498  2993 I wm_pause_activity: [0,196637698,com.android.provision/.DefaultActivity,userLeaving=false,finish]
02-21 12:55:23.998 10091  3709  3709 I wm_on_create_called: [196637698,com.android.provision.DefaultActivity,performCreate,6]
02-21 12:55:23.998  1000  1498  1768 I sysui_multi_action: [757,1144,758,7,806,com.android.provision,871,com.android.provision.DefaultActivity]
02-21 12:55:24.005  1000  1498  1785 I am_proc_start: [0,3788,10046,com.android.documentsui,broadcast,{com.android.documentsui/com.android.documentsui.PreBootReceiver}]
02-21 12:55:24.014  1000  1498  1922 I commit_sys_config_file: [settings-0-0,19]
02-21 12:55:24.016  1000  1498  2992 I wm_task_created: 7
02-21 12:55:24.020  1000  1498  1498 I sysui_multi_action: [757,1501,758,1,793,217,794,0,795,217,796,13,797,PreBootBroadcaster,806,android,857,UPDATES,858,2,947,0,1500,0,1688,1]
02-21 12:55:24.020  1000  1498  1498 I sysui_multi_action: [757,804,799,note_interruptive,801,0,802,1]
02-21 12:55:24.024  1000  1498  2992 I wm_task_moved: [7,1,0,1,2147483647]
02-21 12:55:24.026  1000  1498  2992 I wm_task_moved: [1,1,0,1,1]
02-21 12:55:24.026  1000  1498  2992 I wm_create_task: [0,7,1,0]
02-21 12:55:24.026  1000  1498  2992 I wm_create_activity: [0,28307478,7,com.android.launcher3/.uioverrides.QuickstepLauncher,android.intent.action.MAIN,NULL,NULL,268435712]
02-21 12:55:24.026  1000  1498  2992 I wm_task_moved: [1,1,0,1,1]
02-21 12:55:24.026  1000  1498  2992 I wm_task_moved: [7,1,0,1,2147483647]
02-21 12:55:24.026  1000  1498  2992 I wm_task_to_front: [0,7,0]
02-21 12:55:24.036  1000  1498  2992 I wm_restart_activity: [0,28307478,7,com.android.launcher3/.uioverrides.QuickstepLauncher]
02-21 12:55:24.036  1000  1498  2992 I wm_set_resumed_activity: [0,com.android.launcher3/.uioverrides.QuickstepLauncher,minimalResumeActivityLocked - onActivityStateChanged]
02-21 12:55:24.037  1000  1498  1765 I sysui_multi_action: [757,803,799,window_time_0,802,0]
02-21 12:55:24.038  1000  1498  1608 I sysui_multi_action: [757,1243,758,4,806,com.shannon.imsservice,1241,android.permission.ACCESS_FINE_LOCATION]
02-21 12:55:24.048  1000  1498  1608 I sysui_multi_action: [757,1243,758,4,806,com.shannon.imsservice,1241,android.permission.ACCESS_BACKGROUND_LOCATION]
02-21 12:55:24.058  1000  1498  1608 I sysui_multi_action: [757,1243,758,4,806,com.shannon.imsservice,1241,android.permission.CAMERA]
02-21 12:55:24.061  1000  1498  2992 I am_proc_bound: [0,3788,com.android.documentsui]
02-21 12:55:24.071  1000  1498  2999 I sysui_multi_action: [757,1243,758,4,806,com.shannon.rcsservice,1241,android.permission.ACCESS_FINE_LOCATION]
02-21 12:55:24.078  1000  1498  2999 I sysui_multi_action: [757,1243,758,4,806,com.shannon.rcsservice,1241,android.permission.CAMERA]
02-21 12:55:24.090  1000  1498  2992 I sysui_multi_action: [757,856,758,1,806,com.android.providers.media.module,857,native_transcode_alert_channel,858,4]
02-21 12:55:24.091  1000  1498  2996 I sysui_multi_action: [757,856,758,1,806,com.android.providers.media.module,857,native_transcode_progress_channel,858,2]
02-21 12:55:24.094  1000  1498  2999 I sysui_multi_action: [757,1243,758,4,806,com.shannon.rcsservice,1241,android.permission.WRITE_CONTACTS]
02-21 12:55:24.107  1000  1498  2998 I am_uid_active: 10037
02-21 12:55:24.125  1000  1498  1785 I am_proc_start: [0,3853,10096,.ShannonImsService,content provider,{com.shannon.imsservice/com.shannon.imsservice.util.contentprovider.ImsContentProvider}]
02-21 12:55:24.168  1000  1498  1785 I am_proc_start: [0,3884,10089,com.shannon.rcsservice:shannonrcsservice,content provider,{com.shannon.rcsservice/com.shannon.rcsservice.configuration.ConfProvider}]
02-21 12:55:24.189  1000  1498  1608 I am_proc_bound: [0,3853,.ShannonImsService]
02-21 12:55:24.191  1000  1498  1922 I commit_sys_config_file: [settings-2-0,22]
02-21 12:55:24.222  1000  1498  1608 I wm_set_requested_orientation: [5,com.android.launcher3/.uioverrides.QuickstepLauncher]
02-21 12:55:24.222  1000  1498  3742 I am_proc_bound: [0,3884,com.shannon.rcsservice:shannonrcsservice]
02-21 12:55:24.225 10094  3193  3193 I wm_on_create_called: [28307478,com.android.launcher3.uioverrides.QuickstepLauncher,performCreate,153]
02-21 12:55:24.225 10094  3193  3193 I wm_on_start_called: [28307478,com.android.launcher3.uioverrides.QuickstepLauncher,handleStartActivity,0]
02-21 12:55:24.226 10094  3193  3193 I wm_on_resume_called: [28307478,com.android.launcher3.uioverrides.QuickstepLauncher,RESUME_ACTIVITY,1]
02-21 12:55:24.239  1000  1498  1608 I am_uid_active: 10105
02-21 12:55:24.246  1000  1498  1784 I am_wtf  : [0,1498,system_server,-1,ActivityManager,Sending non-protected broadcast com.gsma.services.rcs.action.SERVICE_UP from system 3120:com.shannon.rcsservice/u0a89 pkg com.shannon.rcsservice]
02-21 12:55:24.248 10094  3193  3193 I wm_on_top_resumed_gained_called: [28307478,com.android.launcher3.uioverrides.QuickstepLauncher,topStateChangedWhenResumed]
02-21 12:55:24.264  1000  1498  1769 I input_focus: [Focus request f90a277 com.android.launcher3/com.android.launcher3.uioverrides.QuickstepLauncher,reason=UpdateInputWindows]
02-21 12:55:24.275 10094  3193  3193 I viewroot_draw_event: [VRI[QuickstepLauncher],Canceling draw. cancelDueToPreDrawListener=true cancelDueToSync=false]
02-21 12:55:24.283  1000  1498  1608 I am_uid_running: 10041
02-21 12:55:24.291  1000  1498  1785 I am_proc_start: [0,3942,10041,android.process.media,content provider,{com.android.providers.downloads/com.android.providers.downloads.DownloadStorageProvider}]
02-21 12:55:24.316  1000  1498  2998 I am_proc_bound: [0,3942,android.process.media]
02-21 12:55:24.340  1000  1498  1608 I am_uid_active: 10046
02-21 12:55:24.342  1000  1498  1784 I am_uid_running: 10078
02-21 12:55:24.343  1000  1498  1767 I commit_sys_config_file: [notification-policy,1]
02-21 12:55:24.348  1000  1498  1765 I am_pre_boot: [0,com.android.managedprovisioning]
02-21 12:55:24.350  1000  1498  1498 I notification_enqueue: [1000,1498,android,13,PreBootBroadcaster,0,Notification(channel=UPDATES shortcut=null contentView=null vibrate=null sound=null tick defaults=0x0 flags=0x802 color=0x00000000 vis=PUBLIC),1]
02-21 12:55:24.351  1000  1498  1785 I am_proc_start: [0,3972,10078,com.android.quicksearchbox,broadcast,{com.android.quicksearchbox/com.android.quicksearchbox.SearchWidgetProvider}]
02-21 12:55:24.369 10094  3193  3193 I viewroot_draw_event: [VRI[QuickstepLauncher],Draw frame after cancel]
02-21 12:55:24.373 10097  2929  2929 I sysui_multi_action: [757,803,799,note_peek,802,1]
02-21 12:55:24.376 10097  2929  2929 I sysui_heads_up_status: [-1|android|26|null|1000,1]
02-21 12:55:24.377  1000  1498  1609 I sysui_multi_action: [757,127,758,1]
02-21 12:55:24.377  1000  1498  1609 I sysui_multi_action: [757,804,799,note_load,801,1,802,1]
02-21 12:55:24.377  1000  1498  1609 I notification_panel_revealed: 1
02-21 12:55:24.379  1000  1498  2998 I am_proc_bound: [0,3972,com.android.quicksearchbox]
02-21 12:55:24.379 10094  3193  3193 I viewroot_draw_event: [VRI[QuickstepLauncher],reportDrawFinished seqId=0]
02-21 12:55:24.384  1000  1498  1768 I wm_destroy_activity: [0,139707635,5,com.android.settings/.FallbackHome,finish-transit]
02-21 12:55:24.385  1000  1498  1768 I wm_destroy_activity: [0,196637698,6,com.android.provision/.DefaultActivity,finish-transit]
02-21 12:55:24.387 10091  3709  3709 I wm_on_destroy_called: [196637698,com.android.provision.DefaultActivity,performDestroy,0]
02-21 12:55:24.388  1000  3162  3162 I wm_on_stop_called: [139707635,com.android.settings.FallbackHome,LIFECYCLER_STOP_ACTIVITY,0]
02-21 12:55:24.390  1000  1498  2992 I wm_task_removed: [6,1,0,removeChild, last child = ActivityRecord{bb87402 u0 com.android.provision/.DefaultActivity t-1 f}} in Task{a99a549 #6 type=undefined A=10091:com.android.provision}]
02-21 12:55:24.400  1000  3162  3162 I wm_on_destroy_called: [139707635,com.android.settings.FallbackHome,performDestroy,10]
02-21 12:55:24.400  1000  1498  1765 I sysui_multi_action: [319,371,322,369,325,26,757,761,758,8,759,2,806,com.android.launcher3,871,com.android.launcher3.uioverrides.QuickstepLauncher,905,0,1320,4,1321,23]
02-21 12:55:24.403  1000  1498  1922 I commit_sys_config_file: [settings-2-0,5]
02-21 12:55:24.404  1000  1498  1765 I wm_activity_launch_time: [0,28307478,com.android.launcher3/.uioverrides.QuickstepLauncher,369]
02-21 12:55:24.411  1000  1498  1938 I input_focus: [Focus entering f90a277 com.android.launcher3/com.android.launcher3.uioverrides.QuickstepLauncher (server),reason=Window became focusable. Previous reason: NOT_VISIBLE]
02-21 12:55:24.413 10097  2929  2969 I jank_cuj_events_begin_request: [12,1771649724411525000,26588872977,26588873140,]
02-21 12:55:24.426  1000  1498  2998 I sysui_multi_action: [757,856,758,1,806,com.android.mtp,857,device_notification_channel,858,2]
02-21 12:55:24.430  1000  1498  3742 I am_uid_running: 10074
02-21 12:55:24.431 10097  2929  2929 I viewroot_draw_event: [VRI[NotificationShade],Start draw after previous draw not visible]
02-21 12:55:24.444 10097  2929  2929 I viewroot_draw_event: [VRI[NotificationShade],reportDrawFinished seqId=0]
02-21 12:55:24.455  1000  1498  1769 I wm_wallpaper_surface: [0,1,Window{f90a277 u0 com.android.launcher3/com.android.launcher3.uioverrides.QuickstepLauncher}]
02-21 12:55:24.480  1000  1498  1785 I am_proc_start: [0,3995,10074,com.android.contacts,content provider,{com.android.contacts/com.android.contacts.sdn.SdnProvider}]
02-21 12:55:24.498  1000  1498  2999 I am_proc_bound: [0,3995,com.android.contacts]
02-21 12:55:24.532  1000  1498  1784 I am_uid_running: 10048
02-21 12:55:24.547  1000  1498  1879 I am_uid_active: 10041
02-21 12:55:24.553  1000  1498  1785 I am_proc_start: [0,4019,10048,com.android.managedprovisioning,broadcast,{com.android.managedprovisioning/com.android.managedprovisioning.ota.PreBootListener}]
02-21 12:55:24.576  1000  1498  1609 I am_uid_running: 10052
02-21 12:55:24.596  1000  1498  1785 I am_proc_start: [0,4035,10052,com.android.externalstorage,content provider,{com.android.externalstorage/com.android.externalstorage.ExternalStorageProvider}]
02-21 12:55:24.614  1000  1498  2996 I am_proc_bound: [0,4019,com.android.managedprovisioning]
02-21 12:55:24.620  1000  1498  2992 I sysui_multi_action: [757,856,758,1,806,com.shannon.imsservice,857,com.shannon.imsservice,858,2]
02-21 12:55:24.623  1000  1498  2999 I am_uid_active: 10074
02-21 12:55:24.626  1000  1498  3009 I dvm_lock_sample: [system_server,1,binder:1498_B,6,ContentService.java,410,void com.android.server.content.ContentService.unregisterContentObserver(android.database.IContentObserver),-,413,void com.android.server.content.ContentService.unregisterContentObserver(android.database.IContentObserver),1]
02-21 12:55:24.638  1000  1498  3009 I wm_task_removed: [5,1,0,removeChild, last child = ActivityRecord{853c4f3 u0 com.android.settings/.FallbackHome t-1 f}} in Task{87a04ba #5 type=undefined A=1000:com.android.settings.FallbackHome}]
02-21 12:55:24.646  1000  1498  2999 I am_proc_bound: [0,4035,com.android.externalstorage]
02-21 12:55:24.682  1000  1498  1767 I commit_sys_config_file: [notification-policy,6]
02-21 12:55:24.686 10046  3788  3924 I dvm_lock_sample: [com.android.documentsui,0,pool-2-thread-3,416,ProvidersCache.java,644,void com.android.documentsui.roots.ProvidersCache$MultiProviderUpdateTask.handleDocumentsProvider(android.content.pm.ProviderInfo, com.android.documentsui.base.UserId),-,647,void com.android.documentsui.roots.ProvidersCache$MultiProviderUpdateTask.handleDocumentsProvider(android.content.pm.ProviderInfo, com.android.documentsui.base.UserId),83]
