02-21 12:57:30.058 radio  3148  3148 D NitzStateMachineImpl: doTimeZoneDetection: countryIsoCode=null, nitzSignal=null, suggestion=TelephonyTimeZoneSuggestion{mSlotIndex=1, mZoneId='null', mMatchType=0, mQuality=0, mDebugInfo=[getTimeZoneSuggestion: nitzSignal=null, countryIsoCode=null, Detection reason=handleCountryUnavailable]}, reason=handleCountryUnavailable
02-21 12:57:30.059 radio  3148  3148 D LocaleTracker-1: Can't get cell info. Try again in 128 secs.
02-21 12:57:31.667  1000  1498  1784 I am_uid_idle: 10039
02-21 12:57:31.672  1000  1498  1784 I am_uid_idle: 10084
02-21 12:57:31.678  1000  1498  1784 I am_uid_idle: 10119
02-21 12:57:31.697  1000  1498  1784 I am_uid_idle: 10120
02-21 12:57:31.700  1000  1498  1784 I am_uid_idle: 10047
02-21 12:57:51.731  1000  1498  1608 I battery_status: [5,2,1,2,Li-ion]
02-21 12:57:52.806 radio  1116  1286 V RIL     : [/dev/umts_ipc0][RX] SIT_IND_BARRING_INFO_CHANGED, IND, 413 bytes
02-21 12:57:52.806 radio  1116  1286 V RIL     :  02 00 4b 07 9d 01 00 00   02 34 36 36 30 31 23 21  
02-21 12:57:52.806 radio  1116  1286 V RIL     :  27 35 03 38 01 00 00 91   7a 00 00 b2 0c 00 00 00  
02-21 12:57:52.806 radio  1116  1286 V RIL     :  00 00 00 00 00 00 00 00   00 00 00 00 00 00 00 00  
02-21 12:57:52.806 radio  1116  1286 V RIL     :  00 00 00 00 00 00 00 00   00 00 00 00 00 00 00 00  
02-21 12:57:52.806 radio  1116  1286 V RIL     :  00 00 00 00 00 00 00 00   00 00 00 00 00 00 00 00  
02-21 12:57:52.806 radio  1116  1286 V RIL     :  00 00 00 00 00 00 00 00   00 00 00 00 00 00 00 00  
02-21 12:57:52.806 radio  1116  1286 V RIL     :  00 00 00 00 00 00 00 00   00 00 00 00 00 00 00 00  
02-21 12:57:52.806 radio  1116  1286 V RIL     :  00 00 00 00 00 00 00 00   00 00 00 00 00 00 00 00  
02-21 12:57:52.806 radio  1116  1286 V RIL     :  00 00 00 00 00 00 00 00   00 00 00 00 00 00 00 00  
02-21 12:57:52.806 radio  1116  1286 V RIL     :  00 00 00 00 00 00 00 00   00 00 00 00 00 00 00 00  
02-21 12:57:52.807 radio  1116  1286 V RIL     :  00 00 00 00 00 00 00 00   00 00 00 00 00 00 00 00  
02-21 12:57:52.807 radio  1116  1286 V RIL     :  00 00 00 00 00 00 00 00   00 00 00 00 00 00 00 00  
02-21 12:57:52.807 radio  1116  1286 V RIL     :  00 00 00 00 00 00 00 00   00 00 00 00 00 00 00 00  
02-21 12:57:52.807 radio  1116  1286 V RIL     :  00 00 00 00 00 00 00 00   00 00 00 00 00 00 00 00  
02-21 12:57:52.807 radio  1116  1286 V RIL     :  00 00 00 00 00 00 00 00   00 00 00 00 00 00 00 00  
02-21 12:57:52.807 radio  1116  1286 V RIL     :  00 00 00 00 00 00 00 00   00 00 00 00 00 00 00 00  
02-21 12:57:52.807 radio  1116  1286 V RIL     :  00 00 00 00 00 00 00 00   00 00 00 00 00 00 00 00  
02-21 12:57:52.807 radio  1116  1286 V RIL     :  00 00 00 00 00 00 00 00   00 00 00 00 00 00 00 00  
02-21 12:57:52.807 radio  1116  1286 V RIL     :  00 00 07 00 00 00 08 00   00 00 00 00 00 00 00 00  
02-21 12:57:52.807 radio  1116  1286 V RIL     :  00 00 00 00 00 00 00 03   00 00 00 00 00 00 00 64  
02-21 12:57:52.808 radio  1116  1286 V RIL     :  00 00 00 00 00 00 00 00   04 00 00 00 00 00 00 00  
02-21 12:57:52.808 radio  1116  1286 V RIL     :  64 00 00 00 00 00 00 00   00 06 00 00 00 00 00 00  
02-21 12:57:52.808 radio  1116  1286 V RIL     :  00 ff 00 00 00 00 00 00   00 00 07 00 00 00 00 00  
02-21 12:57:52.808 radio  1116  1286 V RIL     :  00 00 ff 00 00 00 00 00   00 00 00 e9 03 00 00 00  
02-21 12:57:52.808 radio  1116  1286 V RIL     :  00 00 00 ff 00 00 00 00   00 00 00 00 ea 03 00 00  
02-21 12:57:52.808 radio  1116  1286 V RIL     :  00 00 00 00 ff 00 00 00   00 00 00 00 00
02-21 12:57:52.808 radio  1116  1286 I RIL     : [RilContext_0] ProcessModemData 
02-21 12:57:52.808 radio  1116  1286 V RIL     : [RilContext_0] SendMessage RCM Response Routing : Type=0002, RCM ID=0x074B Service ID=5 Message ID=4114
02-21 12:57:52.809 radio  1116  1286 V RIL     : [ServiceMgr] msg(0xb400007a6238a180) msgId=4114 svc=NetworkService_0(5) direction=Response
02-21 12:57:52.810 radio  1116  1274 I RIL     : [NetworkService_0] BarringInfoChangedHandler OnIndication()
02-21 12:57:52.811 radio  1116  1274 V RIL     : RilProperty Dump:
02-21 12:57:52.811 radio  1116  1274 V RIL     : <CellIdentity,4>
02-21 12:57:52.811 radio  1116  1274 V RIL     : <CellInfo,4>
02-21 12:57:52.811 radio  1116  1274 V RIL     : <SignalStrength,4>
02-21 12:57:52.811 radio  1116  1274 V RIL     : <dds,0>
02-21 12:57:52.811 radio  1116  1274 V RIL     : <type,rilapp>
02-21 12:57:52.811 radio  1116  1274 V RIL     : <vendor.ril.app.overall.fake.net.conn.presence,0>
02-21 12:57:52.812 radio  1116  1274 V RIL     : <vendor.ril.app.overall.fake.sim.presence,0>
02-21 12:57:52.812 radio  1116  1274 V RIL     : <vendor.ril.app.overall.net.conn.presence,1>
02-21 12:57:52.812 radio  1116  1274 V RIL     : <vendor.ril.app.ps.active_sim,1>
02-21 12:57:52.812 radio  1116  1274 V RIL     : <vendor.ril.app.sim.overall_cardstate,2>
02-21 12:57:52.812 radio  1116  1274 V RIL     : <vendor.ril.app.target_carrier,400>
02-21 12:57:52.812 radio  1116  1274 V RIL     : [NetworkService_0] BarringInfoChangedHandler OnIndication() cellIdentityVer=4
02-21 12:57:52.812 radio  1116  1274 I RIL     : ProtocolBarringInfos:: 7 BarringInfos
02-21 12:57:52.812 radio  1116  1274 V RIL     : [0] RIL_BarringServiceType=8 BarringType=0 barringFactor=0 barringTimeSeconds=0 isBarred=0
02-21 12:57:52.813 radio  1116  1274 V RIL     : [1] RIL_BarringServiceType=3 BarringType=0 barringFactor=100 barringTimeSeconds=0 isBarred=0
02-21 12:57:52.813 radio  1116  1274 V RIL     : [2] RIL_BarringServiceType=4 BarringType=0 barringFactor=100 barringTimeSeconds=0 isBarred=0
02-21 12:57:52.813 radio  1116  1274 V RIL     : [3] RIL_BarringServiceType=6 BarringType=0 barringFactor=255 barringTimeSeconds=0 isBarred=0
02-21 12:57:52.813 radio  1116  1274 V RIL     : [4] RIL_BarringServiceType=7 BarringType=0 barringFactor=255 barringTimeSeconds=0 isBarred=0
02-21 12:57:52.813 radio  1116  1274 V RIL     : [5] RIL_BarringServiceType=1001 BarringType=0 barringFactor=255 barringTimeSeconds=0 isBarred=0
02-21 12:57:52.813 radio  1116  1274 V RIL     : [6] RIL_BarringServiceType=1002 BarringType=0 barringFactor=255 barringTimeSeconds=0 isBarred=0
02-21 12:57:52.813 radio  1116  1274 I RIL     : [RilContext_0] OnUnsolicitedResponse 
02-21 12:57:52.813 radio  1116  1274 I RIL     : [RilContext_0] ProcessUnsolicitedResponse 
02-21 12:57:52.814 radio  1116  1274 I RILC-CommandInfo: getUnsolRespInfo found {unsolResponse=1023 halVer=00}
02-21 12:57:52.821 radio  1116  1274 D RILC-HIDL: HidlHalNetworkIndication::restrictedStateChangedInd
02-21 12:57:52.821 radio  1116  1274 D RILC-HIDL: restrictedStateChangedInd: state 0
02-21 12:57:52.821 radio  1116  1274 D RILC-AIDL_SERVICE: RadioNetworkIndicationHook::restrictedStateChanged mNetworkCb=0xb4000079f23859c8
02-21 12:57:52.824 radio  1116  1274 I RILC    : RIL_SOCKET_1 UNSOLICITED: UNSOL_RESTRICTED_STATE_CHANGED length:4
02-21 12:57:52.825 radio  1116  1274 V RIL     : RADIO_EXT::[RilExternalResponseListener] OnUnsolicitedResponse Filter out Unsolicited response=1023, channel=0
02-21 12:57:52.825 radio  1116  1274 I RIL     : [RilContext_0] OnUnsolicitedResponse 
02-21 12:57:52.825 radio  1116  1274 I RIL     : [RilContext_0] ProcessUnsolicitedResponse 
02-21 12:57:52.825 radio  1116  1274 I RILC-CommandInfo: getUnsolRespInfo found {unsolResponse=1105 halVer=00}
02-21 12:57:52.825 radio  1116  1274 D RILC-HIDL: HidlHalNetworkIndication::barringInfoChangedInd
02-21 12:57:52.825 radio  1116  1274 D RILC-AIDL_SERVICE: RadioNetworkIndicationHook::barringInfoChanged mNetworkCb=0xb4000079f23859c8
02-21 12:57:52.826 radio  1116  1274 I RILC    : RIL_SOCKET_1 UNSOLICITED: UNSOL_BARRING_INFO_CHANGED length:336
02-21 12:57:52.826 radio  1116  1274 V RIL     : RADIO_EXT::[RilExternalResponseListener] OnUnsolicitedResponse Filter out Unsolicited response=1105, channel=0
02-21 12:57:52.826 radio  1116  1274 I RIL     : [RilContext_0] OnUnsolicitedResponse 
02-21 12:57:52.826 radio  1116  1274 I RIL     : [RilContext_0] ProcessUnsolicitedResponse 
02-21 12:57:52.826 radio  1116  1274 V RIL     : RADIO::[RilResponseListener] OnUnsolicitedResponse Filter out Unsolicited response=20119
02-21 12:57:52.826 radio  1116  1274 D RIL_EXTERNAL: rilExternalRawIndication
02-21 12:57:52.826 radio  1116  1274 I RIL_EXTERNAL: [isFilteredIndication] clientId=0 name=PID(1091) indication=2015 isFiltered=false
02-21 12:57:52.826 radio  1116  1274 I RIL_EXTERNAL: [isFilteredIndication] clientId=1 name=GpsApi(1110) indication=2015 isFiltered=true
02-21 12:57:52.826 radio  1116  1274 I RIL_EXTERNAL: [isFilteredIndication] clientId=2 name=SeApi(933) indication=2015 isFiltered=true
02-21 12:57:52.826 radio  1116  1274 I RIL_EXTERNAL: [isFilteredIndication] clientId=3 name=unknown indication=2015 isFiltered=false
02-21 12:57:52.827 radio  1116  1274 I RIL_EXTERNAL: [isFilteredIndication] clientId=4 name=unknown indication=2015 isFiltered=false
02-21 12:57:52.827 radio  1116  1274 I RIL_EXTERNAL: [isFilteredIndication] clientId=5 name=unknown indication=2015 isFiltered=false
02-21 12:57:52.827 radio  1116  1274 I RIL_EXTERNAL: [isFilteredIndication] clientId=6 name=unknown indication=2015 isFiltered=false
02-21 12:57:52.827 radio  1116  1274 D RIL_EXTERNAL: rilExternalRawIndication
02-21 12:57:52.827 radio  1116  1274 D RIL_EXTERNAL: rilExternalRawIndication
02-21 12:57:52.827 radio  1116  1274 D RIL_EXTERNAL: rilExternalRawIndication
02-21 12:57:52.828 radio  1116  1274 D RIL_EXTERNAL: rilExternalRawIndication
02-21 12:57:52.828 radio  1116  1274 D RIL_EXTERNAL: rilExternalRawIndication
02-21 12:57:52.837 radio  3148  3319 D RILJ    : Unsol response received; Sending ack to ril.cpp [PHONE0]
02-21 12:57:52.838 radio  3148  3148 D SST     : [0] EVENT_RESTRICTED_STATE_CHANGED
02-21 12:57:52.838 radio  3148  3148 D SST     : [0] onRestrictedStateChanged: E rs Restricted State CS: none PS:false
02-21 12:57:52.838 radio  3148  3148 D SST     : [0] onRestrictedStateChanged: new rs Restricted State CS: none PS:false
02-21 12:57:52.838 radio  3148  3148 D SST     : [0] onRestrictedStateChanged: X rs Restricted State CS: none PS:false
02-21 12:57:52.840 radio  3148  3319 D RILJ    : Unsol response received; Sending ack to ril.cpp [PHONE0]
02-21 12:57:52.841 radio  3148  3148 D GsmCdmaPhone: [0] Event BarringInfoChanged Received
02-21 12:57:53.915 radio  1116  1286 V RIL     : [/dev/umts_ipc0][RX] SIT_IND_SIGNAL_STRENGTH, IND, 206 bytes
02-21 12:57:53.915 radio  1116  1286 V RIL     :  02 00 06 09 ce 00 00 00   04 00 00 00 00 00 00 00  
02-21 12:57:53.915 radio  1116  1286 V RIL     :  00 00 00 00 00 00 00 00   00 00 00 00 00 00 00 00  
02-21 12:57:53.915 radio  1116  1286 V RIL     :  00 00 00 00 00 00 00 00   00 00 00 00 00 00 00 00  
02-21 12:57:53.915 radio  1116  1286 V RIL     :  00 00 00 00 00 00 00 00   00 00 00 00 00 00 00 00  
02-21 12:57:53.915 radio  1116  1286 V RIL     :  00 00 00 00 00 00 0f 00   00 00 6a 00 00 00 0d 00  
02-21 12:57:53.915 radio  1116  1286 V RIL     :  00 00 f6 ff ff ff 01 00   00 00 00 00 00 00 00 00  
02-21 12:57:53.915 radio  1116  1286 V RIL     :  00 00 00 00 00 00 00 00   00 00 00 00 00 00 00 00  
02-21 12:57:53.915 radio  1116  1286 V RIL     :  00 00 00 00 00 00 00 00   00 00 00 00 00 00 00 00  
02-21 12:57:53.915 radio  1116  1286 V RIL     :  00 00 00 00 00 00 00 00   00 00 00 00 00 00 00 00  
02-21 12:57:53.915 radio  1116  1286 V RIL     :  00 00 00 00 00 00 00 00   00 00 00 00 00 00 00 00  
02-21 12:57:53.916 radio  1116  1286 V RIL     :  00 00 00 00 00 00 00 00   00 00 00 00 00 00 00 00  
02-21 12:57:53.916 radio  1116  1286 V RIL     :  00 00 00 00 00 00 00 00   00 00 00 00 00 00 00 00  
02-21 12:57:53.916 radio  1116  1286 V RIL     :  00 00 00 00 00 00 00 00   00 00 00 00 00 00
02-21 12:57:53.916 radio  1116  1286 I RIL     : [RilContext_0] ProcessModemData 
02-21 12:57:53.916 radio  1116  1286 V RIL     : [RilContext_0] SendMessage RCM Response Routing : Type=0002, RCM ID=0x0906 Service ID=4 Message ID=5024
02-21 12:57:53.917 radio  1116  1286 V RIL     : [ServiceMgr] msg(0xb400007a6238a490) msgId=5024 svc=MiscService_0(4) direction=Response
02-21 12:57:53.917 radio  1116  1273 I RIL     : MiscService_0::OnHandleUnsolicitedResponse()
02-21 12:57:53.918 radio  1116  1273 I RIL     : [MiscService_0] OnUnsolSignalStrength()
02-21 12:57:53.918 radio  1116  1273 I RIL     : SignalStrengthAdapterFactory::GetSignalStrengthAdapter ssVer=4
02-21 12:57:53.918 radio  1116  1273 I RIL     : [RilContext_0] OnUnsolicitedResponse 
02-21 12:57:53.918 radio  1116  1273 I RIL     : [RilContext_0] ProcessUnsolicitedResponse 
02-21 12:57:53.918 radio  1116  1273 I RILC-CommandInfo: getUnsolRespInfo found {unsolResponse=1009 halVer=00}
02-21 12:57:53.920 radio  1116  1273 D RILC-HIDL: currentSignalStrengthInd_1_6
02-21 12:57:53.920 radio  1116  1273 D RILC-AIDL_SERVICE: RadioNetworkIndicationHook::currentSignalStrength_1_6 mNetworkCb=0xb4000079f23859c8
02-21 12:57:53.921 radio  1116  1273 I RILC    : RIL_SOCKET_1 UNSOLICITED: UNSOL_SIGNAL_STRENGTH length:200
02-21 12:57:53.921 radio  1116  1273 V RIL     : RADIO_EXT::[RilExternalResponseListener] OnUnsolicitedResponse Filter out Unsolicited response=1009, channel=0
02-21 12:57:53.929 radio  3148  3319 D RILJ    : Unsol response received; Sending ack to ril.cpp [PHONE0]
02-21 12:59:38.155 radio  3148  3148 D RILJ    : [0193]> GET_CELL_INFO_LIST [PHONE1]
02-21 12:59:38.156 radio  1116  1116 D RILC    : getCellInfoList_1_6: serial 193
02-21 12:59:38.157 radio  1116  1116 I RILC-CommandInfo: getCommandInfo found {request=109 halVer=16}
02-21 12:59:38.157 radio  1116  1116 V RIL     : [RilContext_1] SendMessage RIL Request Routing : RCM ID=109 Service ID=5 Message ID=4036 delayMillis=0
02-21 12:59:38.158 radio  1116  1116 V RIL     : [ServiceMgr] msg(0xb400007a62388eb0) msgId=4036 svc=NetworkService_1(5) direction=Request
02-21 12:59:38.159 radio  1116  1291 I RIL     : [NetworkService_1] GetCellInfoListHandler OnRequest()
02-21 12:59:38.159 radio  1116  1291 I RIL     : [RilContext_1] Send 
02-21 12:59:38.159 radio  1116  1291 V RIL     : [RilContext_1] RecordRequestHistory token=0x00DA
02-21 12:59:38.159 radio  1116  1291 I RIL     : [RilContext_1] Send 
02-21 12:59:38.159 radio  1116  1291 V RIL     : [/dev/umts_ipc1][TX] SIT_GET_CELL_INFO_LIST, REQ, 12 bytes, Token(0x00da)
02-21 12:59:38.159 radio  1116  1291 V RIL     :  00 00 0c 07 0c 00 da 00   00 00 00 00
02-21 12:59:38.221 radio  1116  1304 V RIL     : [/dev/umts_ipc1][RX] SIT_GET_CELL_INFO_LIST, RSP, 16 bytes, Token(0x00da), OK(RCM_E_SUCCESS)
02-21 12:59:38.221 radio  1116  1304 V RIL     :  01 00 0c 07 10 00 da 00   00 00 00 00 00 00 00 00  
02-21 12:59:38.221 radio  1116  1304 I RIL     : [RilContext_1] ProcessModemData 
02-21 12:59:38.221 radio  1116  1304 V RIL     : WaitList::Find() found record : token=0x00DA SrcService ID =5 DestService ID=5 Result Id=4036
02-21 12:59:38.221 radio  1116  1304 V RIL     : [RilContext_1] SendMessage RCM Response Routing : Type=0001, RCM ID=0x070C Service ID=5 Message ID=4036
02-21 12:59:38.221 radio  1116  1304 V RIL     : [ServiceMgr] msg(0xb400007a6238a180) msgId=4036 svc=NetworkService_1(5) direction=Response
02-21 12:59:38.222 radio  1116  1291 I RIL     : [NetworkService_1] GetCellInfoListHandler OnResponse()
02-21 12:59:38.222 radio  1116  1291 I RIL     : CellInfoAdapterFactory::GetCellInfoListAdapter cellInfoVersion=4
02-21 12:59:38.223 radio  1116  1291 I RIL     : mCellInfoNum=0
02-21 12:59:38.223 radio  1116  1291 I RIL     : [RilContext_1] OnRequestComplete 
02-21 12:59:38.223 radio  1116  1291 I RIL     : [RilContext_1] ProcessSolicitedResponse Request ID=109
02-21 12:59:38.223 radio  1116  1291 D RILC    : RequestComplete, RIL_SOCKET_2
02-21 12:59:38.223 radio  1116  1291 E RILC    : Calling responseFunction() for token 193
02-21 12:59:38.223 radio  1116  1291 D RILC-HIDL: HidlHalNetworkResponse_1_6::getCellInfoListResponse_1_6: serial 193
02-21 12:59:38.223 radio  1116  1291 D RILC-AIDL_SERVICE: RadioNetworkResponseHook::getCellInfoListResponse_1_6 mNetworkCb=0xb4000079f23881a8
02-21 12:59:38.224 radio  1116  1291 V RIL     : [RilContext_1] RemoveRequestHistory  token=0x00DA
02-21 12:59:38.225 radio  3148  3319 D RILJ    : [0193]< GET_CELL_INFO_LIST [] [PHONE1]
02-21 12:59:38.229 radio  3148  3148 D LocaleTracker-1: processCellInfo: cell info=[]
02-21 12:59:38.229 radio  3148  3148 D LocaleTracker-1: updateLocale: countryIso = , countryIsoDebugInfo = empty as default
02-21 12:59:38.229 radio  3148  3148 D LocaleTracker-1: updateLocale: timeZoneCountryIso = , timeZoneCountryIsoDebugInfo = empty as default
02-21 12:59:38.229 radio  3148  3148 D NitzStateMachineImpl: handleCountryUnavailable: mLatestNitzSignal=null
02-21 12:59:38.229 radio  3148  3148 D NitzStateMachineImpl: doTimeZoneDetection: countryIsoCode=null, nitzSignal=null, suggestion=TelephonyTimeZoneSuggestion{mSlotIndex=1, mZoneId='null', mMatchType=0, mQuality=0, mDebugInfo=[getTimeZoneSuggestion: nitzSignal=null, countryIsoCode=null, Detection reason=handleCountryUnavailable]}, reason=handleCountryUnavailable
02-21 12:59:38.230 radio  3148  3148 D LocaleTracker-1: processCellInfo: cell info=[]
02-21 12:59:38.230 radio  3148  3148 D LocaleTracker-1: updateLocale: countryIso = , countryIsoDebugInfo = empty as default
02-21 12:59:38.230 radio  3148  3148 D LocaleTracker-1: updateLocale: timeZoneCountryIso = , timeZoneCountryIsoDebugInfo = empty as default
02-21 12:59:38.230 radio  3148  3148 D NitzStateMachineImpl: handleCountryUnavailable: mLatestNitzSignal=null
02-21 12:59:38.230 radio  3148  3148 D NitzStateMachineImpl: doTimeZoneDetection: countryIsoCode=null, nitzSignal=null, suggestion=TelephonyTimeZoneSuggestion{mSlotIndex=1, mZoneId='null', mMatchType=0, mQuality=0, mDebugInfo=[getTimeZoneSuggestion: nitzSignal=null, countryIsoCode=null, Detection reason=handleCountryUnavailable]}, reason=handleCountryUnavailable
02-21 12:59:38.231 radio  3148  3148 D LocaleTracker-1: Can't get cell info. Try again in 256 secs.
02-21 13:01:06.499 radio  3148  3148 D RILJ    : [0194]> GET_ACTIVITY_INFO [PHONE0]
02-21 13:01:06.501 radio  1116  1116 D RILC-AIDL_SERVICE: RadioModemProxy::getModemActivityInfo: serial 194
02-21 13:01:06.501 radio  1116  1116 D RILC-AIDL_SERVICE: ModemActivityInfoCommand::onRequest: serial 194
02-21 13:01:06.502 radio  1116  1116 V RIL     : [RilContext_0] SendMessage RIL Request Routing : RCM ID=135 Service ID=4 Message ID=5082 delayMillis=0
02-21 13:01:06.502 radio  1116  1116 V RIL     : [ServiceMgr] msg(0xb400007a6238a180) msgId=5082 svc=MiscService_0(4) direction=Request
02-21 13:01:06.503 radio  1116  1273 I RIL     : [MiscService_0] GetActivityInfotHandler OnRequest()
02-21 13:01:06.503 radio  1116  1273 I RIL     : [RilContext_0] Send 
02-21 13:01:06.503 radio  1116  1273 V RIL     : [RilContext_0] RecordRequestHistory token=0x00DB
02-21 13:01:06.503 radio  1116  1273 I RIL     : [RilContext_0] Send 
02-21 13:01:06.503 radio  1116  1273 V RIL     : [/dev/umts_ipc0][TX] SIT_GET_ACTIVITY_INFO, REQ, 12 bytes, Token(0x00db)
02-21 13:01:06.503 radio  1116  1273 V RIL     :  00 00 0c 09 0c 00 db 00   00 00 00 00
02-21 13:01:06.562 radio  1116  1286 V RIL     : [/dev/umts_ipc0][RX] SIT_GET_ACTIVITY_INFO, RSP, 140 bytes, Token(0x00db), OK(RCM_E_SUCCESS)
02-21 13:01:06.562 radio  1116  1286 V RIL     :  01 00 0c 09 8c 00 db 00   00 00 00 00 8b 38 04 00  
02-21 13:01:06.562 radio  1116  1286 V RIL     :  5f 2a 00 00 00 00 00 00   00 00 00 00 00 00 00 00  
02-21 13:01:06.562 radio  1116  1286 V RIL     :  00 00 00 00 00 00 00 00   7c 34 00 00 00 00 00 00  
02-21 13:01:06.562 radio  1116  1286 V RIL     :  00 00 00 00 00 00 00 00   00 00 00 00 00 00 00 00  
02-21 13:01:06.562 radio  1116  1286 V RIL     :  ba 9a 00 00 00 00 00 00   00 00 00 00 00 00 00 00  
02-21 13:01:06.562 radio  1116  1286 V RIL     :  00 00 00 00 00 00 00 00   94 39 00 00 00 00 00 00  
02-21 13:01:06.562 radio  1116  1286 V RIL     :  00 00 00 00 00 00 00 00   00 00 00 00 00 00 00 00  
02-21 13:01:06.562 radio  1116  1286 V RIL     :  00 00 00 00 00 00 00 00   00 00 00 00 00 00 00 00  
02-21 13:01:06.562 radio  1116  1286 V RIL     :  00 00 00 00 00 00 00 00   00 00 00 00
02-21 13:01:06.563 radio  1116  1286 I RIL     : [RilContext_0] ProcessModemData 
02-21 13:01:06.563 radio  1116  1286 V RIL     : WaitList::Find() found record : token=0x00DB SrcService ID =4 DestService ID=4 Result Id=5082
02-21 13:01:06.563 radio  1116  1286 V RIL     : [RilContext_0] SendMessage RCM Response Routing : Type=0001, RCM ID=0x090C Service ID=4 Message ID=5082
02-21 13:01:06.563 radio  1116  1286 V RIL     : [ServiceMgr] msg(0xb400007a62388eb0) msgId=5082 svc=MiscService_0(4) direction=Response
02-21 13:01:06.563 radio  1116  1273 I RIL     : [MiscService_0] GetActivityInfotHandler OnResponse()
02-21 13:01:06.564 radio  1116  1273 I RIL     : [RilContext_0] OnRequestComplete 
02-21 13:01:06.564 radio  1116  1273 I RIL     : [RilContext_0] ProcessSolicitedResponse Request ID=135
02-21 13:01:06.564 radio  1116  1273 D RILC    : RequestComplete, RIL_SOCKET_1
02-21 13:01:06.564 radio  1116  1273 E RILC    : Calling responseFunction() for token 194
02-21 13:01:06.564 radio  1116  1273 D RILC-AIDL_SERVICE: ModemActivityInfoCommand::onResponse: serial 194
02-21 13:01:06.564 radio  1116  1273 V RIL     : [RilContext_0] RemoveRequestHistory  token=0x00DB
02-21 13:01:06.568 radio  3148  3319 D RILJ    : [0194]< GET_ACTIVITY_INFO ModemActivityInfo{ mTimestamp=368744 mSleepTimeMs=276619 mIdleTimeMs=10847 mActivityStatsTechSpecificInfo=[{mRat=GERAN,mFrequencyRange=UNKNOWN,mTxTimeMs[]=[0, 0, 0, 0, 0],mRxTimeMs=13436}, {mRat=UTRAN,mFrequencyRange=UNKNOWN,mTxTimeMs[]=[0, 0, 0, 0, 0],mRxTimeMs=39610}, {mRat=EUTRAN,mFrequencyRange=UNKNOWN,mTxTimeMs[]=[0, 0, 0, 0, 0],mRxTimeMs=14740}, {mRat=NGRAN,mFrequencyRange=HIGH,mTxTimeMs[]=[0, 0, 0, 0, 0],mRxTimeMs=0}, {mRat=NGRAN,mFrequencyRange=MMWAVE,mTxTimeMs[]=[0, 0, 0, 0, 0],mRxTimeMs=0}]} [PHONE0]
02-21 13:03:54.258 radio  3148  3148 D RILJ    : [0195]> GET_CELL_INFO_LIST [PHONE1]
02-21 13:03:54.258 radio  1116  1116 D RILC    : getCellInfoList_1_6: serial 195
02-21 13:03:54.258 radio  1116  1116 I RILC-CommandInfo: getCommandInfo found {request=109 halVer=16}
02-21 13:03:54.259 radio  1116  1116 V RIL     : [RilContext_1] SendMessage RIL Request Routing : RCM ID=109 Service ID=5 Message ID=4036 delayMillis=0
02-21 13:03:54.259 radio  1116  1116 V RIL     : [ServiceMgr] msg(0xb400007a62388eb0) msgId=4036 svc=NetworkService_1(5) direction=Request
02-21 13:03:54.259 radio  1116  1291 I RIL     : [NetworkService_1] GetCellInfoListHandler OnRequest()
02-21 13:03:54.259 radio  1116  1291 I RIL     : [RilContext_1] Send 
02-21 13:03:54.259 radio  1116  1291 V RIL     : [RilContext_1] RecordRequestHistory token=0x00DC
02-21 13:03:54.259 radio  1116  1291 I RIL     : [RilContext_1] Send 
02-21 13:03:54.260 radio  1116  1291 V RIL     : [/dev/umts_ipc1][TX] SIT_GET_CELL_INFO_LIST, REQ, 12 bytes, Token(0x00dc)
02-21 13:03:54.260 radio  1116  1291 V RIL     :  00 00 0c 07 0c 00 dc 00   00 00 00 00
02-21 13:03:54.320 radio  1116  1304 V RIL     : [/dev/umts_ipc1][RX] SIT_GET_CELL_INFO_LIST, RSP, 16 bytes, Token(0x00dc), OK(RCM_E_SUCCESS)
02-21 13:03:54.320 radio  1116  1304 V RIL     :  01 00 0c 07 10 00 dc 00   00 00 00 00 00 00 00 00  
02-21 13:03:54.321 radio  1116  1304 I RIL     : [RilContext_1] ProcessModemData 
02-21 13:03:54.321 radio  1116  1304 V RIL     : WaitList::Find() found record : token=0x00DC SrcService ID =5 DestService ID=5 Result Id=4036
02-21 13:03:54.321 radio  1116  1304 V RIL     : [RilContext_1] SendMessage RCM Response Routing : Type=0001, RCM ID=0x070C Service ID=5 Message ID=4036
02-21 13:03:54.321 radio  1116  1304 V RIL     : [ServiceMgr] msg(0xb400007a62389930) msgId=4036 svc=NetworkService_1(5) direction=Response
02-21 13:03:54.322 radio  1116  1291 I RIL     : [NetworkService_1] GetCellInfoListHandler OnResponse()
02-21 13:03:54.323 radio  1116  1291 I RIL     : CellInfoAdapterFactory::GetCellInfoListAdapter cellInfoVersion=4
02-21 13:03:54.323 radio  1116  1291 I RIL     : mCellInfoNum=0
02-21 13:03:54.323 radio  1116  1291 I RIL     : [RilContext_1] OnRequestComplete 
02-21 13:03:54.323 radio  1116  1291 I RIL     : [RilContext_1] ProcessSolicitedResponse Request ID=109
02-21 13:03:54.323 radio  1116  1291 D RILC    : RequestComplete, RIL_SOCKET_2
02-21 13:03:54.323 radio  1116  1291 E RILC    : Calling responseFunction() for token 195
02-21 13:03:54.324 radio  1116  1291 D RILC-HIDL: HidlHalNetworkResponse_1_6::getCellInfoListResponse_1_6: serial 195
02-21 13:03:54.324 radio  1116  1291 D RILC-AIDL_SERVICE: RadioNetworkResponseHook::getCellInfoListResponse_1_6 mNetworkCb=0xb4000079f23881a8
02-21 13:03:54.325 radio  3148  3319 D RILJ    : [0195]< GET_CELL_INFO_LIST [] [PHONE1]
02-21 13:03:54.326 radio  1116  1291 V RIL     : [RilContext_1] RemoveRequestHistory  token=0x00DC
02-21 13:03:54.329 radio  3148  3148 D LocaleTracker-1: processCellInfo: cell info=[]
02-21 13:03:54.329 radio  3148  3148 D LocaleTracker-1: updateLocale: countryIso = , countryIsoDebugInfo = empty as default
02-21 13:03:54.329 radio  3148  3148 D LocaleTracker-1: updateLocale: timeZoneCountryIso = , timeZoneCountryIsoDebugInfo = empty as default
02-21 13:03:54.329 radio  3148  3148 D NitzStateMachineImpl: handleCountryUnavailable: mLatestNitzSignal=null
02-21 13:03:54.330 radio  3148  3148 D NitzStateMachineImpl: doTimeZoneDetection: countryIsoCode=null, nitzSignal=null, suggestion=TelephonyTimeZoneSuggestion{mSlotIndex=1, mZoneId='null', mMatchType=0, mQuality=0, mDebugInfo=[getTimeZoneSuggestion: nitzSignal=null, countryIsoCode=null, Detection reason=handleCountryUnavailable]}, reason=handleCountryUnavailable
02-21 13:03:54.330 radio  3148  3148 D LocaleTracker-1: processCellInfo: cell info=[]
02-21 13:03:54.330 radio  3148  3148 D LocaleTracker-1: updateLocale: countryIso = , countryIsoDebugInfo = empty as default
02-21 13:03:54.330 radio  3148  3148 D LocaleTracker-1: updateLocale: timeZoneCountryIso = , timeZoneCountryIsoDebugInfo = empty as default
02-21 13:03:54.331 radio  3148  3148 D NitzStateMachineImpl: handleCountryUnavailable: mLatestNitzSignal=null
02-21 13:03:54.331 radio  3148  3148 D NitzStateMachineImpl: doTimeZoneDetection: countryIsoCode=null, nitzSignal=null, suggestion=TelephonyTimeZoneSuggestion{mSlotIndex=1, mZoneId='null', mMatchType=0, mQuality=0, mDebugInfo=[getTimeZoneSuggestion: nitzSignal=null, countryIsoCode=null, Detection reason=handleCountryUnavailable]}, reason=handleCountryUnavailable
02-21 13:03:54.331 radio  3148  3148 D LocaleTracker-1: Can't get cell info. Try again in 512 secs.
02-21 13:05:23.361 radio  3148  3148 D LocaleTracker-1: Operator numeric changes to ""
02-21 13:05:23.363 radio  3148  3148 D LocaleTracker-1: updateLocale: countryIso = , countryIsoDebugInfo = empty as default
02-21 13:05:23.363 radio  3148  3148 D LocaleTracker-1: updateLocale: timeZoneCountryIso = , timeZoneCountryIsoDebugInfo = empty as default
02-21 13:05:23.364 radio  3148  3148 D NitzStateMachineImpl: handleCountryUnavailable: mLatestNitzSignal=null
02-21 13:05:23.364 radio  3148  3148 D NitzStateMachineImpl: doTimeZoneDetection: countryIsoCode=null, nitzSignal=null, suggestion=TelephonyTimeZoneSuggestion{mSlotIndex=1, mZoneId='null', mMatchType=0, mQuality=0, mDebugInfo=[getTimeZoneSuggestion: nitzSignal=null, countryIsoCode=null, Detection reason=handleCountryUnavailable]}, reason=handleCountryUnavailable
02-21 13:05:24.015  1000  1498  1783 I commit_sys_config_file: [sync-status,25]
02-21 13:06:26.038 radio  3148  3148 D RILJ    : [0196]> GET_CELL_INFO_LIST [PHONE0]
02-21 13:06:26.039 radio  1116  1116 D RILC    : getCellInfoList_1_6: serial 196
02-21 13:06:26.040 radio  1116  1116 I RILC-CommandInfo: getCommandInfo found {request=109 halVer=16}
02-21 13:06:26.040 radio  1116  1116 V RIL     : [RilContext_0] SendMessage RIL Request Routing : RCM ID=109 Service ID=5 Message ID=4036 delayMillis=0
02-21 13:06:26.041 radio  1116  1116 V RIL     : [ServiceMgr] msg(0xb400007a62389930) msgId=4036 svc=NetworkService_0(5) direction=Request
02-21 13:06:26.042 radio  1116  1274 I RIL     : [NetworkService_0] GetCellInfoListHandler OnRequest()
02-21 13:06:26.042 radio  1116  1274 I RIL     : [RilContext_0] Send 
02-21 13:06:26.042 radio  1116  1274 V RIL     : [RilContext_0] RecordRequestHistory token=0x00DD
02-21 13:06:26.042 radio  1116  1274 I RIL     : [RilContext_0] Send 
02-21 13:06:26.043 radio  1116  1274 V RIL     : [/dev/umts_ipc0][TX] SIT_GET_CELL_INFO_LIST, REQ, 12 bytes, Token(0x00dd)
02-21 13:06:26.043 radio  1116  1274 V RIL     :  00 00 0c 07 0c 00 dd 00   00 00 00 00
02-21 13:06:26.101 radio  1116  1286 W RIL     : rcm_len(1280) of 070C is over buffer size(1024). Print minimum data
02-21 13:06:26.101 radio  1116  1286 V RIL     : [/dev/umts_ipc0][RX] SIT_GET_CELL_INFO_LIST, RSP, 1280 bytes, Token(0x00dd), OK(RCM_E_SUCCESS)
02-21 13:06:26.101 radio  1116  1286 V RIL     :  01 00 0c 07 00 05 dd 00   00 00 00 00 04 00 00 00  
02-21 13:06:26.101 radio  1116  1286 V RIL     :  02 01 01 34 36 36 30 31   23 21 27 35 03 38 01 00  
02-21 13:06:26.101 radio  1116  1286 I RIL     : [RilContext_0] ProcessModemData 
02-21 13:06:26.101 radio  1116  1286 V RIL     : WaitList::Find() found record : token=0x00DD SrcService ID =5 DestService ID=5 Result Id=4036
02-21 13:06:26.102 radio  1116  1286 V RIL     : [RilContext_0] SendMessage RCM Response Routing : Type=0001, RCM ID=0x070C Service ID=5 Message ID=4036
02-21 13:06:26.102 radio  1116  1286 V RIL     : [ServiceMgr] msg(0xb400007a62388eb0) msgId=4036 svc=NetworkService_0(5) direction=Response
02-21 13:06:26.103 radio  1116  1274 I RIL     : [NetworkService_0] GetCellInfoListHandler OnResponse()
02-21 13:06:26.103 radio  1116  1274 I RIL     : CellInfoAdapterFactory::GetCellInfoListAdapter cellInfoVersion=4
02-21 13:06:26.103 radio  1116  1274 I RIL     : mCellInfoNum=4
02-21 13:06:26.103 radio  1116  1274 I RIL     : [0] RIL_CELL_INFO_TYPE_LTE
02-21 13:06:26.103 radio  1116  1274 I RIL     : [1] RIL_CELL_INFO_TYPE_LTE
02-21 13:06:26.103 radio  1116  1274 I RIL     : [2] RIL_CELL_INFO_TYPE_LTE
02-21 13:06:26.104 radio  1116  1274 I RIL     : [3] RIL_CELL_INFO_TYPE_LTE
02-21 13:06:26.104 radio  1116  1274 I RIL     : [RilContext_0] OnRequestComplete 
02-21 13:06:26.104 radio  1116  1274 I RIL     : [RilContext_0] ProcessSolicitedResponse Request ID=109
02-21 13:06:26.104 radio  1116  1274 D RILC    : RequestComplete, RIL_SOCKET_1
02-21 13:06:26.104 radio  1116  1274 E RILC    : Calling responseFunction() for token 196
02-21 13:06:26.104 radio  1116  1274 D RILC-HIDL: HidlHalNetworkResponse_1_6::getCellInfoListResponse_1_6: serial 196
02-21 13:06:26.105 radio  1116  1274 D RILC-AIDL_SERVICE: RadioNetworkResponseHook::getCellInfoListResponse_1_6 mNetworkCb=0xb4000079f2385c88
02-21 13:06:26.106 radio  1116  1274 V RIL     : [RilContext_0] RemoveRequestHistory  token=0x00DD
02-21 13:06:26.111 radio  3148  3148 D LocaleTracker-0: processCellInfo: cell info=[CellInfoLte:{mRegistered=YES mTimeStamp=688284992522ns mCellConnectionStatus=1 CellIdentityLte:{ mCi=53815073 mPci=312 mTac=37242 mEarfcn=3250 mBands=[7] mBandwidth=20000 mMcc=466 mMnc=01 mAlphaLong= mAlphaShort= mAdditionalPlmns={} mCsgInfo=null} CellSignalStrengthLte: rssi=-51 rsrp=-101 rsrq=-11 rssnr=-1 cqiTableIndex=2147483647 cqi=2147483647 ta=0 level=2 parametersUseForLevel=1 android.telephony.CellConfigLte :{ isEndcAvailable = false }}, CellInfoLte:{mRegistered=NO mTimeStamp=688284992522ns mCellConnectionStatus=0 CellIdentityLte:{ mCi=2147483647 mPci=318 mTac=2147483647 mEarfcn=3250 mBands=[] mBandwidth=2147483647 mMcc=null mMnc=null mAlphaLong= mAlphaShort= mAdditionalPlmns={} mCsgInfo=null} CellSignalStrengthLte: rssi=2147483647 rsrp=-106 rsrq=-16 rssnr=-6 cqiTableIndex=2147483647 cqi=0 ta=0 level=1 parametersUseForLevel=1 android.telephony.CellConfigLte :{ isEndcAvailable = false }}, CellInfoLte:{mRegistered=NO mTimeStamp=688284992522ns mCellConnectionStatus=0 CellIdentityLte:{ mCi=2147483647 mPci=39 mTac=2147483647 mEarfcn=3250 mBands=[] mBandwidth=2147483647 mMcc=null mMnc=null mAlphaLong= mAlphaShort= mAdditionalPlmns={} mCsgInfo=null} CellSignalStrengthLte: rssi=2147483647 rsrp=-106 rsrq=-18 rssnr=-8 cqiTableIndex=2147483647 cqi=0 ta=0 level=1 parametersUseForLevel=1 android.telephony.CellConfigLte :{ isEndcAvailable = false }}, CellInfoLte:{mRegistered=NO mTimeStamp=688284992522ns mCellConnectionStatus=0 CellIdentityLte:{ mCi=2147483647 mPci=277 mTac=2147483647 mEarfcn=3250 mBands=[] mBandwidth=2147483647 mMcc=null mMnc=null mAlphaLong= mAlphaShort= mAdditionalPlmns={} mCsgInfo=null} CellSignalStrengthLte: rssi=2147483647 rsrp=-106 rsrq=-16 rssnr=-6 cqiTableIndex=2147483647 cqi=0 ta=0 level=1 parametersUseForLevel=1 android.telephony.CellConfigLte :{ isEndcAvailable = false }}]
02-21 13:06:26.111 radio  3148  3148 D LocaleTracker-0: updateLocale: countryIso = tw, countryIsoDebugInfo = OperatorNumeric(46601): MccTable.geoCountryCodeForMccMnc("MccMnc{mcc='466', mnc='01'}")
02-21 13:06:26.111 radio  3148  3148 D LocaleTracker-0: updateLocale: timeZoneCountryIso = tw, timeZoneCountryIsoDebugInfo = OperatorNumeric(46601): MccTable.geoCountryCodeForMccMnc("MccMnc{mcc='466', mnc='01'}")
02-21 13:06:26.111 radio  3148  3148 D NitzStateMachineImpl: handleCountryDetected: countryIsoCode=tw, mLatestNitzSignal=null
02-21 13:06:26.113 radio  3148  3319 D RILJ    : [0196]< GET_CELL_INFO_LIST [CellInfoLte:{mRegistered=YES mTimeStamp=688284992522ns mCellConnectionStatus=1 CellIdentityLte:{ mCi=53815073 mPci=312 mTac=37242 mEarfcn=3250 mBands=[7] mBandwidth=20000 mMcc=466 mMnc=01 mAlphaLong= mAlphaShort= mAdditionalPlmns={} mCsgInfo=null} CellSignalStrengthLte: rssi=-51 rsrp=-101 rsrq=-11 rssnr=-1 cqiTableIndex=2147483647 cqi=2147483647 ta=0 level=2 parametersUseForLevel=1 android.telephony.CellConfigLte :{ isEndcAvailable = false }}, CellInfoLte:{mRegistered=NO mTimeStamp=688284992522ns mCellConnectionStatus=0 CellIdentityLte:{ mCi=2147483647 mPci=318 mTac=2147483647 mEarfcn=3250 mBands=[] mBandwidth=2147483647 mMcc=null mMnc=null mAlphaLong= mAlphaShort= mAdditionalPlmns={} mCsgInfo=null} CellSignalStrengthLte: rssi=2147483647 rsrp=-106 rsrq=-16 rssnr=-6 cqiTableIndex=2147483647 cqi=0 ta=0 level=1 parametersUseForLevel=1 android.telephony.CellConfigLte :{ isEndcAvailable = false }}, CellInfoLte:{mRegistered=NO mTimeStamp=688284992522ns mCellConnectionStatus=0 CellIdentityLte:{ mCi=2147483647 mPci=39 mTac=2147483647 mEarfcn=3250 mBands=[] mBandwidth=2147483647 mMcc=null mMnc=null mAlphaLong= mAlphaShort= mAdditionalPlmns={} mCsgInfo=null} CellSignalStrengthLte: rssi=2147483647 rsrp=-106 rsrq=-18 rssnr=-8 cqiTableIndex=2147483647 cqi=0 ta=0 level=1 parametersUseForLevel=1 android.telephony.CellConfigLte :{ isEndcAvailable = false }}, CellInfoLte:{mRegistered=NO mTimeStamp=688284992522ns mCellConnectionStatus=0 CellIdentityLte:{ mCi=2147483647 mPci=277 mTac=2147483647 mEarfcn=3250 mBands=[] mBandwidth=2147483647 mMcc=null mMnc=null mAlphaLong= mAlphaShort= mAdditionalPlmns={} mCsgInfo=null} CellSignalStrengthLte: rssi=2147483647 rsrp=-106 rsrq=-16 rssnr=-6 cqiTableIndex=2147483647 cqi=0 ta=0 level=1 parametersUseForLevel=1 android.telephony.CellConfigLte :{ isEndcAvailable = false }}] [PHONE0]
02-21 13:12:26.381 radio  3148  3148 D RILJ    : [0197]> GET_CELL_INFO_LIST [PHONE1]
02-21 13:12:26.382 radio  1116  1116 D RILC    : getCellInfoList_1_6: serial 197
02-21 13:12:26.382 radio  1116  1116 I RILC-CommandInfo: getCommandInfo found {request=109 halVer=16}
02-21 13:12:26.383 radio  1116  1116 V RIL     : [RilContext_1] SendMessage RIL Request Routing : RCM ID=109 Service ID=5 Message ID=4036 delayMillis=0
02-21 13:12:26.383 radio  1116  1116 V RIL     : [ServiceMgr] msg(0xb400007a6238a180) msgId=4036 svc=NetworkService_1(5) direction=Request
02-21 13:12:26.384 radio  1116  1291 I RIL     : [NetworkService_1] GetCellInfoListHandler OnRequest()
02-21 13:12:26.384 radio  1116  1291 I RIL     : [RilContext_1] Send 
02-21 13:12:26.384 radio  1116  1291 V RIL     : [RilContext_1] RecordRequestHistory token=0x00DE
02-21 13:12:26.384 radio  1116  1291 I RIL     : [RilContext_1] Send 
02-21 13:12:26.384 radio  1116  1291 V RIL     : [/dev/umts_ipc1][TX] SIT_GET_CELL_INFO_LIST, REQ, 12 bytes, Token(0x00de)
02-21 13:12:26.384 radio  1116  1291 V RIL     :  00 00 0c 07 0c 00 de 00   00 00 00 00
02-21 13:12:26.447 radio  1116  1304 V RIL     : [/dev/umts_ipc1][RX] SIT_GET_CELL_INFO_LIST, RSP, 16 bytes, Token(0x00de), OK(RCM_E_SUCCESS)
02-21 13:12:26.447 radio  1116  1304 V RIL     :  01 00 0c 07 10 00 de 00   00 00 00 00 00 00 00 00  
02-21 13:12:26.447 radio  1116  1304 I RIL     : [RilContext_1] ProcessModemData 
02-21 13:12:26.448 radio  1116  1304 V RIL     : WaitList::Find() found record : token=0x00DE SrcService ID =5 DestService ID=5 Result Id=4036
02-21 13:12:26.448 radio  1116  1304 V RIL     : [RilContext_1] SendMessage RCM Response Routing : Type=0001, RCM ID=0x070C Service ID=5 Message ID=4036
02-21 13:12:26.448 radio  1116  1304 V RIL     : [ServiceMgr] msg(0xb400007a62388eb0) msgId=4036 svc=NetworkService_1(5) direction=Response
02-21 13:12:26.449 radio  1116  1291 I RIL     : [NetworkService_1] GetCellInfoListHandler OnResponse()
02-21 13:12:26.449 radio  1116  1291 I RIL     : CellInfoAdapterFactory::GetCellInfoListAdapter cellInfoVersion=4
02-21 13:12:26.449 radio  1116  1291 I RIL     : mCellInfoNum=0
02-21 13:12:26.449 radio  1116  1291 I RIL     : [RilContext_1] OnRequestComplete 
02-21 13:12:26.450 radio  1116  1291 I RIL     : [RilContext_1] ProcessSolicitedResponse Request ID=109
02-21 13:12:26.450 radio  1116  1291 D RILC    : RequestComplete, RIL_SOCKET_2
02-21 13:12:26.450 radio  1116  1291 E RILC    : Calling responseFunction() for token 197
02-21 13:12:26.450 radio  1116  1291 D RILC-HIDL: HidlHalNetworkResponse_1_6::getCellInfoListResponse_1_6: serial 197
02-21 13:12:26.450 radio  1116  1291 D RILC-AIDL_SERVICE: RadioNetworkResponseHook::getCellInfoListResponse_1_6 mNetworkCb=0xb4000079f23881a8
02-21 13:12:26.452 radio  3148  3319 D RILJ    : [0197]< GET_CELL_INFO_LIST [] [PHONE1]
02-21 13:12:26.453 radio  1116  1291 V RIL     : [RilContext_1] RemoveRequestHistory  token=0x00DE
02-21 13:12:26.457 radio  3148  3148 D LocaleTracker-1: processCellInfo: cell info=[]
02-21 13:12:26.458 radio  3148  3148 D LocaleTracker-1: updateLocale: countryIso = , countryIsoDebugInfo = empty as default
02-21 13:12:26.458 radio  3148  3148 D LocaleTracker-1: updateLocale: timeZoneCountryIso = , timeZoneCountryIsoDebugInfo = empty as default
02-21 13:12:26.458 radio  3148  3148 D NitzStateMachineImpl: handleCountryUnavailable: mLatestNitzSignal=null
02-21 13:12:26.458 radio  3148  3148 D NitzStateMachineImpl: doTimeZoneDetection: countryIsoCode=null, nitzSignal=null, suggestion=TelephonyTimeZoneSuggestion{mSlotIndex=1, mZoneId='null', mMatchType=0, mQuality=0, mDebugInfo=[getTimeZoneSuggestion: nitzSignal=null, countryIsoCode=null, Detection reason=handleCountryUnavailable]}, reason=handleCountryUnavailable
02-21 13:12:26.459 radio  3148  3148 D LocaleTracker-1: processCellInfo: cell info=[]
02-21 13:12:26.459 radio  3148  3148 D LocaleTracker-1: updateLocale: countryIso = , countryIsoDebugInfo = empty as default
02-21 13:12:26.459 radio  3148  3148 D LocaleTracker-1: updateLocale: timeZoneCountryIso = , timeZoneCountryIsoDebugInfo = empty as default
02-21 13:12:26.459 radio  3148  3148 D NitzStateMachineImpl: handleCountryUnavailable: mLatestNitzSignal=null
02-21 13:12:26.459 radio  3148  3148 D NitzStateMachineImpl: doTimeZoneDetection: countryIsoCode=null, nitzSignal=null, suggestion=TelephonyTimeZoneSuggestion{mSlotIndex=1, mZoneId='null', mMatchType=0, mQuality=0, mDebugInfo=[getTimeZoneSuggestion: nitzSignal=null, countryIsoCode=null, Detection reason=handleCountryUnavailable]}, reason=handleCountryUnavailable
02-21 13:12:26.460 radio  3148  3148 D LocaleTracker-1: Can't get cell info. Try again in 600 secs.
02-21 13:13:22.877  1000  1498  2871 I storage_state: [41217664-9172-527a-b3d5-edabb50a7d69,0,0,115902672896,118015217664]
02-21 13:15:24.184  1000  1498  1783 I am_meminfo: [1648128000,3564580864,37203968,514740224,818357248]
02-21 13:15:24.205  1000  1498  1783 I am_pss  : [3193,10094,com.android.launcher3,71264256,56979456,0,229392384,2,5,18]
02-21 13:15:24.222  1000  1498  1783 I am_pss  : [3092,1002,com.android.bluetooth,29912064,26013696,0,148492288,2,0,15]
02-21 13:15:24.243  1000  1498  1783 I am_pss  : [3162,1000,com.android.settings,34958336,24338432,5521408,157216768,2,19,17]
02-21 13:15:24.259  1000  1498  1783 I am_pss  : [3538,10119,com.android.devicelockcontroller,8492032,679936,5214208,114163712,2,19,14]
02-21 13:15:24.276  1000  1498  1783 I am_pss  : [3334,10109,com.android.cellbroadcastreceiver.module,19445760,14553088,2162688,129683456,2,19,16]
02-21 13:15:24.297  1000  1498  1783 I am_pss  : [4072,10039,com.android.providers.calendar,7479296,385024,4513792,114077696,2,19,17]
02-21 13:15:24.309  1000  1498  1783 I am_pss  : [4115,10047,com.android.statementservice,10318848,3051520,4603904,115695616,2,19,11]
02-21 13:15:24.322  1000  1498  1783 I am_pss  : [4396,10120,com.android.rkpdapp,8627200,3297280,2760704,115380224,2,19,11]
02-21 13:15:24.340  1000  1498  1783 I am_pss  : [3621,10105,com.android.providers.media.module,28483584,23322624,0,150339584,2,0,16]
02-21 13:15:24.359  1000  1498  1783 I am_pss  : [2945,10103,com.android.permissioncontroller,25563136,18808832,0,145297408,2,6,17]
02-21 13:15:24.372  1000  1498  1783 I am_pss  : [4172,10084,com.android.calendar,8247296,1404928,4186112,114028544,2,19,11]
02-21 13:15:24.387  1000  1498  1783 I am_pss  : [3788,10046,com.android.documentsui,15810560,4009984,7774208,125235200,2,19,13]
02-21 13:15:24.404  1000  1498  1783 I am_pss  : [3602,10037,android.process.acore,12599296,1937408,7036928,122986496,2,19,13]
02-21 13:15:24.417  1000  1498  1783 I am_pss  : [3942,10041,android.process.media,8859648,1306624,4734976,114864128,2,19,11]
02-21 13:15:24.431  1000  1498  1783 I am_pss  : [4442,1000,com.android.localtransport,5533696,118784,3272704,105275392,2,19,12]
02-21 13:15:24.445  1000  1498  1783 I am_pss  : [3995,10074,com.android.contacts,9976832,4259840,3514368,110706688,2,19,13]
02-21 13:15:24.459  1000  1498  1783 I am_pss  : [4414,2000,com.android.shell,5767168,417792,3272704,104497152,2,19,11]
02-21 13:15:24.476  1000  1498  1783 I am_pss  : [4334,10083,com.android.messaging,12813312,4804608,5419008,117706752,2,19,13]
02-21 13:15:24.490  1000  1498  1783 I am_pss  : [4380,10036,com.android.packageinstaller,7660544,2064384,3518464,106029056,2,19,12]
02-21 13:15:24.503  1000  1498  1783 I am_pss  : [4363,10110,com.android.ondevicepersonalization.services,5784576,110592,3551232,104402944,2,19,11]
02-21 13:15:24.517  1000  1498  1783 I am_pss  : [4035,10052,com.android.externalstorage,5815296,98304,3358720,109301760,2,19,12]
02-21 13:15:24.529  1000  1498  1783 I am_pss  : [4318,10045,com.android.intentresolver,7289856,1888256,3346432,104988672,2,19,12]
02-21 13:15:24.544  1000  1498  1783 I am_pss  : [4286,1000,com.android.dynsystem:dynsystem,5779456,151552,3317760,104783872,2,19,11]
02-21 13:15:24.556  1000  1498  1783 I am_pss  : [4268,1000,com.android.dynsystem,5569536,94208,3325952,103903232,2,19,11]
02-21 13:15:24.569  1000  1498  1783 I am_pss  : [4230,10079,com.android.camera2,6918144,106496,3547136,107417600,2,19,11]
02-21 13:15:24.581  1000  1498  1783 I am_pss  : [4226,10118,android.ext.services,8187904,3665920,0,113291264,2,5,10]
02-21 13:15:24.595  1000  1498  1783 I am_pss  : [4090,10059,com.android.printspooler,5797888,356352,3301376,105574400,2,19,12]
02-21 13:15:24.609  1000  1498  1783 I am_pss  : [4199,10118,.adservices,8354816,98304,3776512,109998080,2,19,12]
02-21 13:15:24.625  1000  1498  1783 I am_pss  : [3671,10073,com.android.imsserviceentitlement,8675328,2908160,3620864,108421120,2,19,13]
02-21 13:15:24.638  1000  1498  1783 I am_pss  : [3371,10044,com.android.cellbroadcastreceiver,6684672,733184,3633152,110362624,2,19,12]
02-21 13:15:24.648  1000  1498  1783 I am_pss  : [4019,10048,com.android.managedprovisioning,9171968,2867200,4128768,109309952,2,19,9]
02-21 13:15:24.658  1000  1498  1783 I am_pss  : [3574,10093,com.android.carrierconfig,5596160,155648,3248128,105996288,2,19,8]
02-21 13:15:24.674  1000  1498  1783 I am_pss  : [3470,10087,com.android.inputmethod.latin,15672320,11755520,0,137138176,2,7,15]
02-21 13:15:24.688  1000  1498  1783 I am_pss  : [4139,10071,com.android.traceur,6658048,978944,3584000,105488384,2,19,12]
02-21 13:15:24.700  1000  1498  1783 I am_pss  : [3741,1000,com.android.keychain,9145344,3686400,3346432,108318720,2,19,11]
02-21 13:15:24.714  1000  1498  1783 I am_pss  : [3972,10078,com.android.quicksearchbox,6146048,483328,3416064,105852928,2,19,11]
02-21 13:15:24.729  1000  1498  1783 I am_pss  : [3709,10091,com.android.provision,9025536,188416,4853760,120242176,2,19,12]
02-21 13:15:24.746  1000  1498  1783 I am_pss  : [3884,10089,com.shannon.rcsservice:shannonrcsservice,9493504,200704,4743168,117215232,2,19,15]
02-21 13:15:24.759  1000  1498  1783 I am_pss  : [3853,10096,.ShannonImsService,7604224,126976,3772416,113795072,2,19,11]
02-21 13:15:24.774  1000  1498  1783 I am_pss  : [3690,10085,com.android.music,5778432,401408,3182592,104853504,2,19,13]
02-21 13:15:24.792  1000  1498  1783 I am_pss  : [3649,1027,com.android.nfc,14161920,10342400,0,129646592,2,0,16]
02-21 13:15:24.810  1000  1498  1783 I am_pss  : [3402,1000,com.google.android.iwlan,6723584,4358144,0,112214016,2,6,14]
02-21 13:15:24.836  1000  1498  1783 I am_pss  : [3148,1001,com.android.phone,35534848,28061696,0,164208640,2,0,21]
02-21 13:15:24.850  1000  1498  1783 I am_pss  : [3141,10096,com.shannon.imsservice,12321792,8073216,0,125210624,2,0,12]
02-21 13:15:24.865  1000  1498  1783 I am_pss  : [3120,10089,com.shannon.rcsservice,12293120,7434240,0,125267968,2,0,12]
02-21 13:15:24.881  1000  1498  1783 I am_pss  : [3099,1068,com.android.se,6497280,4096000,0,111927296,2,0,13]
02-21 13:15:24.895  1000  1498  1783 I am_pss  : [3066,1073,com.android.networkstack.process,10518528,7606272,0,122056704,2,0,13]
02-21 13:15:24.935  1000  1498  1783 I am_pss  : [2929,10097,com.android.systemui,174451712,156676096,0,345051136,2,5,34]
02-21 13:15:24.985  1000  1498  1783 I am_pss  : [1498,1000,system,220473344,151785472,0,495497216,2,0,46]
02-21 13:16:26.208 radio  3148  3148 D RILJ    : [0198]> GET_CELL_INFO_LIST [PHONE0]
02-21 13:16:26.209 radio  1116  1116 D RILC    : getCellInfoList_1_6: serial 198
02-21 13:16:26.210 radio  1116  1116 I RILC-CommandInfo: getCommandInfo found {request=109 halVer=16}
02-21 13:16:26.211 radio  1116  1116 V RIL     : [RilContext_0] SendMessage RIL Request Routing : RCM ID=109 Service ID=5 Message ID=4036 delayMillis=0
02-21 13:16:26.211 radio  1116  1116 V RIL     : [ServiceMgr] msg(0xb400007a62388eb0) msgId=4036 svc=NetworkService_0(5) direction=Request
02-21 13:16:26.211 radio  1116  1274 I RIL     : [NetworkService_0] GetCellInfoListHandler OnRequest()
02-21 13:16:26.211 radio  1116  1274 I RIL     : [RilContext_0] Send 
02-21 13:16:26.211 radio  1116  1274 V RIL     : [RilContext_0] RecordRequestHistory token=0x00DF
02-21 13:16:26.212 radio  1116  1274 I RIL     : [RilContext_0] Send 
02-21 13:16:26.212 radio  1116  1274 V RIL     : [/dev/umts_ipc0][TX] SIT_GET_CELL_INFO_LIST, REQ, 12 bytes, Token(0x00df)
02-21 13:16:26.212 radio  1116  1274 V RIL     :  00 00 0c 07 0c 00 df 00   00 00 00 00
02-21 13:16:26.271 radio  1116  1286 W RIL     : rcm_len(1280) of 070C is over buffer size(1024). Print minimum data
02-21 13:16:26.272 radio  1116  1286 V RIL     : [/dev/umts_ipc0][RX] SIT_GET_CELL_INFO_LIST, RSP, 1280 bytes, Token(0x00df), OK(RCM_E_SUCCESS)
02-21 13:16:26.272 radio  1116  1286 V RIL     :  01 00 0c 07 00 05 df 00   00 00 00 00 04 00 00 00  
02-21 13:16:26.272 radio  1116  1286 V RIL     :  02 01 01 34 36 36 30 31   23 21 27 35 03 38 01 00  
02-21 13:16:26.272 radio  1116  1286 I RIL     : [RilContext_0] ProcessModemData 
02-21 13:16:26.272 radio  1116  1286 V RIL     : WaitList::Find() found record : token=0x00DF SrcService ID =5 DestService ID=5 Result Id=4036
02-21 13:16:26.272 radio  1116  1286 V RIL     : [RilContext_0] SendMessage RCM Response Routing : Type=0001, RCM ID=0x070C Service ID=5 Message ID=4036
02-21 13:16:26.272 radio  1116  1286 V RIL     : [ServiceMgr] msg(0xb400007a6238a180) msgId=4036 svc=NetworkService_0(5) direction=Response
02-21 13:16:26.273 radio  1116  1274 I RIL     : [NetworkService_0] GetCellInfoListHandler OnResponse()
02-21 13:16:26.274 radio  1116  1274 I RIL     : CellInfoAdapterFactory::GetCellInfoListAdapter cellInfoVersion=4
02-21 13:16:26.274 radio  1116  1274 I RIL     : mCellInfoNum=4
02-21 13:16:26.274 radio  1116  1274 I RIL     : [0] RIL_CELL_INFO_TYPE_LTE
02-21 13:16:26.274 radio  1116  1274 I RIL     : [1] RIL_CELL_INFO_TYPE_LTE
02-21 13:16:26.274 radio  1116  1274 I RIL     : [2] RIL_CELL_INFO_TYPE_LTE
02-21 13:16:26.274 radio  1116  1274 I RIL     : [3] RIL_CELL_INFO_TYPE_LTE
02-21 13:16:26.274 radio  1116  1274 I RIL     : [RilContext_0] OnRequestComplete 
02-21 13:16:26.275 radio  1116  1274 I RIL     : [RilContext_0] ProcessSolicitedResponse Request ID=109
02-21 13:16:26.275 radio  1116  1274 D RILC    : RequestComplete, RIL_SOCKET_1
02-21 13:16:26.275 radio  1116  1274 E RILC    : Calling responseFunction() for token 198
02-21 13:16:26.275 radio  1116  1274 D RILC-HIDL: HidlHalNetworkResponse_1_6::getCellInfoListResponse_1_6: serial 198
02-21 13:16:26.275 radio  1116  1274 D RILC-AIDL_SERVICE: RadioNetworkResponseHook::getCellInfoListResponse_1_6 mNetworkCb=0xb4000079f2385c88
02-21 13:16:26.276 radio  1116  1274 V RIL     : [RilContext_0] RemoveRequestHistory  token=0x00DF
