02-21 22:28:18.739   nfc  3649  3649 I RegisteredServicesCache: Removed Other Services => 
02-21 22:28:18.739  1000  1498  1898 I commit_sys_config_file: [overlays,1]
02-21 22:28:18.740 10103  2945  2945 I SafetyLabelChangedBroadcastReceiver: received broadcast packageName: androidx.test.services, current user: UserHandle{0}, packageChangeEvent: NEW_INSTALL, intent user: UserHandle{0}
02-21 22:28:18.748   nfc  3649  3649 I RegisteredServicesCache: New Services => 
02-21 22:28:18.748   nfc  3649  3649 I RegisteredServicesCache: Removed Services => 
02-21 22:28:18.750  1068  3099  3119 D SecureElementService: getReaders() for com.android.nfc
02-21 22:28:18.751 radio  3148  3333 D EuiccConnector: handleMessage: E msg.what=1
02-21 22:28:18.751 radio  3148  3333 D EuiccConnector: processMsg: UnavailableState
02-21 22:28:18.752 radio  3148  3333 W EuiccConnector: No valid EuiccService implementation found
02-21 22:28:18.752 radio  3148  3333 D EuiccConnector: handleMessage: X
02-21 22:28:18.754  1068  3099  3119 I SecureElement-AccessControlEnforcer: getAccessRule() appCert = 27196e386b875e76adf700e7ea84e4c6eee33dfa
02-21 22:28:18.754  1068  3099  3119 I SecureElement-AccessControlEnforcer: getAccessRule() appCert = c8a2e9bccf597c2fb6dc66bee293fc13f2fc47ec77bc6b2b0d52c11f51192ab8
02-21 22:28:18.755  1068  3099  3119 I SecureElement-AccessRuleCache: findAccessRule() not found
02-21 22:28:18.755  1068  3099  3119 I SecureElement-AccessControlEnforcer: getAccessRule() appCert = 27196e386b875e76adf700e7ea84e4c6eee33dfa
02-21 22:28:18.756  1068  3099  3119 I SecureElement-AccessControlEnforcer: getAccessRule() appCert = c8a2e9bccf597c2fb6dc66bee293fc13f2fc47ec77bc6b2b0d52c11f51192ab8
02-21 22:28:18.756  1068  3099  3119 I SecureElement-AccessRuleCache: findAccessRule() not found
02-21 22:28:18.756 radio  3148  3468 D ImsResolver: maybeAddedImsService, packageName: androidx.test.services
02-21 22:28:18.756 10103  2945  4477 I PermissionControllerServiceImpl: Updating user sensitive for uid 10133
02-21 22:28:18.757 radio  3148  3148 E VvmPkgInstalledRcvr: cannot create TelephonyManager from ComponentInfo{com.android.phone/com.android.services.telephony.TelephonyConnectionService}, E, UserHandle{0}
02-21 22:28:18.758  1068  3099  3119 I SecureElement-Terminal-SIM2: isNfcEventAllowed: No access rules for checking.
02-21 22:28:18.761   nfc  3649  3649 I RegisteredComponentCache: New Components => 
02-21 22:28:18.761   nfc  3649  3649 I RegisteredComponentCache: ComponentInfo: ResolveInfo{3a29deb com.android.apps.tag/.TagViewer m=0x108000 userHandle=UserHandle{0}}, techs: android.nfc.tech.Ndef, 
02-21 22:28:18.761   nfc  3649  3649 I RegisteredComponentCache: Removed Components => 
02-21 22:28:18.761   nfc  3649  3649 I RegisteredComponentCache: ComponentInfo: ResolveInfo{4fdbbcd com.android.apps.tag/.TagViewer m=0x108000 userHandle=UserHandle{0}}, techs: android.nfc.tech.Ndef, 
02-21 22:28:18.762 radio  3148  3148 D CarrierSvcBindHelper: onPackageModified: androidx.test.services
02-21 22:28:18.762  1000  1498  1783 W VoiceInteractionManager: no available voice recognition services found for user 0
02-21 22:28:18.762 radio  3148  3148 D CarrierSvcBindHelper: No carrier app for: 0
02-21 22:28:18.763 radio  3148  3148 D CarrierSvcBindHelper: No carrier app for: 1
02-21 22:28:18.763   nfc  3649  3649 I RegisteredServicesCache: current user: 0, is managed profile : false
02-21 22:28:18.763   nfc  3649  3649 I RegisteredServicesCache: New Other Services => 
02-21 22:28:18.763   nfc  3649  3649 I RegisteredServicesCache: Removed Other Services => 
02-21 22:28:18.765  1000  1498  1783 W MagnificationConnectionManager: requestConnection duplicated request: connect=false, mConnectionState=DISCONNECTED
02-21 22:28:18.765   nfc  3649  3649 I RegisteredServicesCache: New Services => 
02-21 22:28:18.766   nfc  3649  3649 I RegisteredServicesCache: Removed Services => 
02-21 22:28:18.766 10094  3193  3249 D PackageUpdatedTask: mAllAppsList.addPackage androidx.test.services
02-21 22:28:18.766  1000  1498  1783 W PackageManager: Failed registering loading progress callback. Package is fully loaded.
02-21 22:28:18.767  1000  1498  1939 I InputReader: Reconfiguring input devices, changes=KEYBOARD_LAYOUTS
02-21 22:28:18.768  1000  1498  1783 W VoiceInteractionManager: no available voice recognition services found for user 0
02-21 22:28:18.768  1068  3099  3119 D SecureElementService: getReaders() for com.android.nfc
02-21 22:28:18.770  1068  3099  3119 I SecureElement-AccessControlEnforcer: getAccessRule() appCert = 27196e386b875e76adf700e7ea84e4c6eee33dfa
02-21 22:28:18.770  1068  3099  3119 I SecureElement-AccessControlEnforcer: getAccessRule() appCert = c8a2e9bccf597c2fb6dc66bee293fc13f2fc47ec77bc6b2b0d52c11f51192ab8
02-21 22:28:18.770  1068  3099  3119 I SecureElement-AccessRuleCache: findAccessRule() not found
02-21 22:28:18.771  1068  3099  3119 I SecureElement-AccessControlEnforcer: getAccessRule() appCert = 27196e386b875e76adf700e7ea84e4c6eee33dfa
02-21 22:28:18.771  1068  3099  3119 I SecureElement-AccessControlEnforcer: getAccessRule() appCert = c8a2e9bccf597c2fb6dc66bee293fc13f2fc47ec77bc6b2b0d52c11f51192ab8
02-21 22:28:18.771  1068  3099  3119 I SecureElement-AccessRuleCache: findAccessRule() not found
02-21 22:28:18.772  1000  1498  1783 W MagnificationConnectionManager: requestConnection duplicated request: connect=false, mConnectionState=DISCONNECTED
02-21 22:28:18.773  1068  3099  3139 I SecureElement-Terminal-SIM2: isNfcEventAllowed: No access rules for checking.
02-21 22:28:18.783 10094  3193  3249 D PackageUpdatedTask: mAllAppsList.updatePackage androidx.test.services
02-21 22:28:18.786 radio  3148  3468 D ImsResolver: maybeAddedImsService, packageName: androidx.test.services
02-21 22:28:18.811  1000  1498  1601 I system_server: Background concurrent mark compact GC freed 8253KB AllocSpace bytes, 36(720KB) LOS objects, 75% free, 18MB/74MB, paused 1.553ms,2.772ms total 104.271ms
02-21 22:28:18.815  1000  1498  1603 W system_server: ApkAssets: Deleting an ApkAssets object '<empty> and /system_ext/app/AccessibilityMenu/AccessibilityMenu.apk' with 1 weak references
02-21 22:28:18.815  1000  1498  1603 W system_server: ApkAssets: Deleting an ApkAssets object '<empty> and /product/app/LatinIME/LatinIME.apk' with 1 weak references
02-21 22:28:18.907 10105  3621  3651 D MediaGrants: Removed 0 media_grants for 0 user for [androidx.test.services]. Reason: Mode changed: android:read_external_storage
02-21 22:28:18.978  1000  1498  1879 I commit_sys_config_file: [appops_accesses,8]
02-21 22:28:19.220 10097  2929  2929 D ControlsListingControllerImpl: ServiceConfig reloaded, count: 0
02-21 22:28:19.222 10097  2929  2929 D ControlsListingControllerImpl: ServiceConfig reloaded, count: 0
02-21 22:28:19.234 shell  2266  2266 D AndroidRuntime: >>>>>> START com.android.internal.os.RuntimeInit uid 2000 <<<<<<
02-21 22:28:19.240 shell  2266  2266 I AndroidRuntime: Using default boot image
02-21 22:28:19.240 shell  2266  2266 I AndroidRuntime: Leaving lock profiling enabled
02-21 22:28:19.243 shell  2266  2266 I app_process: Core platform API reporting enabled, enforcing=false
02-21 22:28:19.243 shell  2266  2266 I app_process: Using CollectorTypeCMC GC.
02-21 22:28:19.260  1000  1498  1925 I RoleService: Granting default roles...
02-21 22:28:19.316 shell  2266  2266 D nativeloader: InitDefaultPublicLibraries for_preload=1: libandroid.so:libaaudio.so:libamidi.so:libbinder_ndk.so:libc.so:libcamera2ndk.so:libdl.so:libEGL.so:libGLESv1_CM.so:libGLESv2.so:libGLESv3.so:libicu.so:libicui18n.so:libicuuc.so:libjnigraphics.so:liblog.so:libmediandk.so:libm.so:libnativehelper.so:libnativewindow.so:libOpenMAXAL.so:libOpenSLES.so:libRS.so:libstdc++.so:libsync.so:libvulkan.so:libwebviewchromium_plat_support.so:libz.so
02-21 22:28:19.333 shell  2266  2266 D nativeloader: Load libicu_jni.so using APEX ns com_android_art for caller /apex/com.android.art/javalib/core-oj.jar: ok
02-21 22:28:19.333 shell  2266  2266 D app_process: Time zone APEX ICU file found: /apex/com.android.tzdata/etc/icu/icu_tzdata.dat
02-21 22:28:19.334 shell  2266  2266 D app_process: I18n APEX ICU file found: /apex/com.android.i18n/etc/icu/icudt72l.dat
02-21 22:28:19.336 shell  2266  2266 D nativeloader: Load libjavacore.so using APEX ns com_android_art for caller /apex/com.android.art/javalib/core-oj.jar: ok
02-21 22:28:19.337 shell  2266  2266 D nativeloader: Load libopenjdk.so using APEX ns com_android_art for caller /apex/com.android.art/javalib/core-oj.jar: ok
02-21 22:28:19.364 shell  2266  2266 D nativeloader: Load libframework-connectivity-tiramisu-jni.so using APEX ns com_android_tethering for caller /apex/com.android.tethering/javalib/framework-connectivity-t.jar: ok
02-21 22:28:19.364 shell  2266  2266 D AndroidRuntime: Calling main entry com.android.commands.am.Am
02-21 22:28:19.367 shell  2266  2266 D UiAutomationConnection: Created on user UserHandle{0}
02-21 22:28:19.367  1000  1498  1609 I ActivityManager: Force stopping android.display.cts appid=10131 user=0: start instr
02-21 22:28:19.368  1000  1498  1609 D GrammaticalInflection: The flag must be enabled to allow calling the API.
02-21 22:28:19.368  1000  1498  1609 I am_uid_running: 10131
02-21 22:28:19.368  1000  1498  1609 D CompatibilityChangeReporter: Compat change id reported: 135634846; UID 10131; state: DISABLED
02-21 22:28:19.368  1000  1498  1609 D CompatibilityChangeReporter: Compat change id reported: 177438394; UID 10131; state: DISABLED
02-21 22:28:19.368  1000  1498  1609 D CompatibilityChangeReporter: Compat change id reported: 135772972; UID 10131; state: DISABLED
02-21 22:28:19.368  1000  1498  1609 D CompatibilityChangeReporter: Compat change id reported: 135754954; UID 10131; state: ENABLED
02-21 22:28:19.369  1000  1498  1785 D CompatibilityChangeReporter: Compat change id reported: 143937733; UID 10131; state: ENABLED
02-21 22:28:19.369  1000  1498  1914 D CompatibilityChangeReporter: Compat change id reported: 265195908; UID 10131; state: ENABLED
02-21 22:28:19.374  root   898   898 D Zygote  : Forked child process 2281
02-21 22:28:19.375  1000  1498  1785 I am_proc_start: [0,2281,10131,android.display.cts,added application,android.display.cts]
02-21 22:28:19.375  1000  1498  1785 I ActivityManager: Start proc 2281:android.display.cts/u0a131 for added application android.display.cts
02-21 22:28:19.381 10131  2281  2281 I oid.display.cts: Using CollectorTypeCMC GC.
02-21 22:28:19.384 10131  2281  2281 E oid.display.cts: Not starting debugger since process cannot load the jdwp agent.
02-21 22:28:19.385 10131  2281  2281 D nativeloader: Load libframework-connectivity-tiramisu-jni.so using APEX ns com_android_tethering for caller /apex/com.android.tethering/javalib/framework-connectivity-t.jar: ok
02-21 22:28:19.388  1000  1498  2195 I am_proc_bound: [0,2281,android.display.cts]
02-21 22:28:19.391 10131  2281  2281 D CompatibilityChangeReporter: Compat change id reported: 171979766; UID 10131; state: ENABLED
02-21 22:28:19.391 10131  2281  2281 D CompatibilityChangeReporter: Compat change id reported: 242716250; UID 10131; state: ENABLED
02-21 22:28:19.392  1000  1498  2195 D CompatibilityChangeReporter: Compat change id reported: 170503758; UID 10131; state: ENABLED
02-21 22:28:19.394 10131  2281  2281 D ApplicationLoaders: Returning zygote-cached class loader: /system/framework/android.test.base.jar
02-21 22:28:19.396 10131  2281  2281 D nativeloader: Configuring clns-4 for other apk /system/framework/android.test.mock.jar. target_sdk_version=34, uses_libraries=ALL, library_path=/data/app/~~0coQQytW7YH59R5Wt8aPHQ==/android.display.cts-TA_vYnOpsV2aA8_XugILZg==/lib/arm64:/data/app/~~0coQQytW7YH59R5Wt8aPHQ==/android.display.cts-TA_vYnOpsV2aA8_XugILZg==/base.apk!/lib/arm64-v8a, permitted_path=/data:/mnt/expand:/data/user/0/android.display.cts
02-21 22:28:19.399 10131  2281  2281 D nativeloader: Configuring clns-5 for other apk /system/framework/android.test.runner.jar. target_sdk_version=34, uses_libraries=ALL, library_path=/data/app/~~0coQQytW7YH59R5Wt8aPHQ==/android.display.cts-TA_vYnOpsV2aA8_XugILZg==/lib/arm64:/data/app/~~0coQQytW7YH59R5Wt8aPHQ==/android.display.cts-TA_vYnOpsV2aA8_XugILZg==/base.apk!/lib/arm64-v8a, permitted_path=/data:/mnt/expand:/data/user/0/android.display.cts
02-21 22:28:19.401 10131  2281  2281 D ApplicationLoaders: Returning zygote-cached class loader: /system/framework/android.test.base.jar
02-21 22:28:19.402 10131  2281  2281 D nativeloader: Configuring clns-6 for other apk /data/app/~~0coQQytW7YH59R5Wt8aPHQ==/android.display.cts-TA_vYnOpsV2aA8_XugILZg==/base.apk. target_sdk_version=34, uses_libraries=, library_path=/data/app/~~0coQQytW7YH59R5Wt8aPHQ==/android.display.cts-TA_vYnOpsV2aA8_XugILZg==/lib/arm64:/data/app/~~0coQQytW7YH59R5Wt8aPHQ==/android.display.cts-TA_vYnOpsV2aA8_XugILZg==/base.apk!/lib/arm64-v8a, permitted_path=/data:/mnt/expand:/data/user/0/android.display.cts
02-21 22:28:19.407 10131  2281  2281 V GraphicsEnvironment: Currently set values for:
02-21 22:28:19.407 10131  2281  2281 V GraphicsEnvironment:   angle_gl_driver_selection_pkgs=[]
02-21 22:28:19.407 10131  2281  2281 V GraphicsEnvironment:   angle_gl_driver_selection_values=[]
02-21 22:28:19.407 10131  2281  2281 V GraphicsEnvironment: Global.Settings values are invalid: number of packages: 0, number of values: 0
02-21 22:28:19.407 10131  2281  2281 V GraphicsEnvironment: Neither updatable production driver nor prerelease driver is supported.
02-21 22:28:19.410 10131  2281  2281 I MonitoringInstr: newApplication called!
02-21 22:28:19.410 10131  2281  2281 I MonitoringInstr: Instrumentation started!
02-21 22:28:19.411 10131  2281  2281 D AndroidJUnitRunner: Use the test storage service for managing file I/O.
02-21 22:28:19.413  1000  1498  1782 D GrammaticalInflection: The flag must be enabled to allow calling the API.
02-21 22:28:19.414  1000  1498  1782 I am_uid_running: 10133
02-21 22:28:19.414  1000  1498  1782 D CompatibilityChangeReporter: Compat change id reported: 135634846; UID 10133; state: DISABLED
02-21 22:28:19.414  1000  1498  1782 D CompatibilityChangeReporter: Compat change id reported: 177438394; UID 10133; state: DISABLED
02-21 22:28:19.414  1000  1498  1782 D CompatibilityChangeReporter: Compat change id reported: 135772972; UID 10133; state: DISABLED
02-21 22:28:19.414  1000  1498  1782 D CompatibilityChangeReporter: Compat change id reported: 135754954; UID 10133; state: ENABLED
02-21 22:28:19.415  1000  1498  1785 D CompatibilityChangeReporter: Compat change id reported: 143937733; UID 10133; state: ENABLED
02-21 22:28:19.421  root   898   898 D Zygote  : Forked child process 2297
02-21 22:28:19.421  1000  1498  1785 I am_proc_start: [0,2297,10133,androidx.test.services,content provider,{androidx.test.services/androidx.test.services.storage.provider.TestDataContentProvider}]
02-21 22:28:19.421  1000  1498  1785 I ActivityManager: Start proc 2297:androidx.test.services/u0a133 for content provider {androidx.test.services/androidx.test.services.storage.provider.TestDataContentProvider}
02-21 22:28:19.435 10133  2297  2297 I x.test.services: Late-enabling -Xcheck:jni
02-21 22:28:19.467 10133  2297  2297 I x.test.services: Using CollectorTypeCMC GC.
02-21 22:28:19.472 shell  1024  1035 I adbd    : jdwp connection from 2297
02-21 22:28:19.475 10133  2297  2297 D nativeloader: Load libframework-connectivity-tiramisu-jni.so using APEX ns com_android_tethering for caller /apex/com.android.tethering/javalib/framework-connectivity-t.jar: ok
02-21 22:28:19.480  1000  1498  1609 I am_proc_bound: [0,2297,androidx.test.services]
02-21 22:28:19.483  1000  1498  1914 D CompatibilityChangeReporter: Compat change id reported: 265195908; UID 10133; state: ENABLED
02-21 22:28:19.486 10133  2297  2297 D CompatibilityChangeReporter: Compat change id reported: 171979766; UID 10133; state: DISABLED
02-21 22:28:19.486 10133  2297  2297 D CompatibilityChangeReporter: Compat change id reported: 242716250; UID 10133; state: DISABLED
02-21 22:28:19.490  1000  1498  1609 D CompatibilityChangeReporter: Compat change id reported: 170503758; UID 10133; state: DISABLED
02-21 22:28:19.493 10133  2297  2297 W ziparchive: Unable to open '/data/app/~~RsUn2PxghcSGOOjtoVKm-A==/androidx.test.services-c7xMdbdiQzfArnzCzK9yuQ==/base.dm': No such file or directory
02-21 22:28:19.493 10133  2297  2297 W ziparchive: Unable to open '/data/app/~~RsUn2PxghcSGOOjtoVKm-A==/androidx.test.services-c7xMdbdiQzfArnzCzK9yuQ==/base.dm': No such file or directory
02-21 22:28:19.518 10133  2297  2297 D nativeloader: Configuring clns-4 for other apk /data/app/~~RsUn2PxghcSGOOjtoVKm-A==/androidx.test.services-c7xMdbdiQzfArnzCzK9yuQ==/base.apk. target_sdk_version=30, uses_libraries=, library_path=/data/app/~~RsUn2PxghcSGOOjtoVKm-A==/androidx.test.services-c7xMdbdiQzfArnzCzK9yuQ==/lib/arm64, permitted_path=/data:/mnt/expand:/data/user/0/androidx.test.services
02-21 22:28:19.526 10133  2297  2297 V GraphicsEnvironment: Currently set values for:
02-21 22:28:19.526 10133  2297  2297 V GraphicsEnvironment:   angle_gl_driver_selection_pkgs=[]
02-21 22:28:19.526 10133  2297  2297 V GraphicsEnvironment:   angle_gl_driver_selection_values=[]
02-21 22:28:19.526 10133  2297  2297 V GraphicsEnvironment: Global.Settings values are invalid: number of packages: 0, number of values: 0
02-21 22:28:19.526 10133  2297  2297 V GraphicsEnvironment: Neither updatable production driver nor prerelease driver is supported.
02-21 22:28:19.531 10133  2297  2297 I MultiDex: VM with version 2.1.0 has multidex support
02-21 22:28:19.531 10133  2297  2297 I MultiDex: Installing application
02-21 22:28:19.531 10133  2297  2297 I MultiDex: VM has multidex support, MultiDex support library is disabled.
02-21 22:28:19.532 10133  2297  2297 D CompatibilityChangeReporter: Compat change id reported: 183155436; UID 10133; state: DISABLED
02-21 22:28:19.545 10133  2297  2312 I AbstractFileContentProvider: file '/storage/emulated/0/googletest/test_runfiles/data/local/tmp/ajur/includes.txt': found
02-21 22:28:19.550  1000  1498  1609 D CompatibilityChangeReporter: Compat change id reported: 149924527; UID 10133; state: ENABLED
02-21 22:28:19.551  1000  1498  1609 D CompatibilityChangeReporter: Compat change id reported: 132649864; UID 10133; state: DISABLED
02-21 22:28:19.556 10133  2297  2312 I AbstractFileContentProvider: file '/storage/emulated/0/googletest/test_runfiles/data/local/tmp/ajur/excludes.txt': found
02-21 22:28:19.558 10131  2281  2281 I AndroidJUnitRunner: onCreate Bundle[{testFile=/data/local/tmp/ajur/includes.txt, notTestFile=/data/local/tmp/ajur/excludes.txt, log=true, debug=false, timeout_msec=300000, useTestStorageService=true, newRunListenerMode=true, notAnnotation=com.android.compatibility.common.util.CtsDownstreamingTest,android.platform.test.annotations.AsbSecurityTest,android.platform.test.annotations.AppModeInstant}]
02-21 22:28:19.558 10131  2281  2281 V TestEventClient: No service name argument was given (testDiscoveryService, testRunEventService or orchestratorService)
02-21 22:28:19.559 10131  2281  2314 D AndroidJUnitRunner: onStart is called.
02-21 22:28:19.559  1000  1498  1609 I am_uid_active: 10131
02-21 22:28:19.560  1000  1498  1609 I am_uid_active: 10133
02-21 22:28:19.561 10131  2281  2281 I MonitoringInstr: No JSBridge.
02-21 22:28:19.564  1000  1498  1609 D CompatibilityChangeReporter: Compat change id reported: 161145287; UID 10131; state: ENABLED
02-21 22:28:19.565 10131  2281  2314 I InstrConnection: Could not send broadcast or register receiver (isolatedProcess?)
02-21 22:28:19.568 10131  2281  2314 D TestRequestBuilder: Skipping class path scanning and directly running [android.display.cts.DisplayTest]
02-21 22:28:19.575 10133  2297  2312 I AbstractFileContentProvider: file '/storage/emulated/0/googletest/test_runfiles/data/local/tmp/ajur/includes.txt': found
02-21 22:28:19.582 10133  2297  2312 I AbstractFileContentProvider: file '/storage/emulated/0/googletest/test_runfiles/data/local/tmp/ajur/excludes.txt': found
02-21 22:28:19.595 10131  2281  2314 D TestExecutor: Adding listener androidx.test.internal.runner.listener.InstrumentationResultPrinter
02-21 22:28:19.607  1000  1498  1609 I ActivityManager: Force stopping android.display.cts appid=10131 user=0: finished inst
02-21 22:28:19.607  1000  1498  1609 E ActivityManager: Unable to freeze binder for 2281: -11
02-21 22:28:19.607  1000  1498  1609 I am_uid_stopped: 10131
02-21 22:28:19.608  1000  1498  1766 D DisplayManagerService: Drop pending events for gone uid 10131
02-21 22:28:19.608  1000  1498  1609 I ActivityManager: Killing 2281:android.display.cts/u0a131 (adj 0): stop android.display.cts due to finished inst
02-21 22:28:19.627  1000  1609  1609 I binder  : 1498:1609 ioctl 400c620e 76cbd1f38c returned -11
02-21 22:28:19.627  1000  1609  1609 I binder  : 1498:1609 ioctl 400c620e 76cbd1f38c returned -11
02-21 22:28:19.608  1000  1498  1609 I am_kill : [0,2281,android.display.cts,0,stop android.display.cts due to finished inst,112400]
02-21 22:28:19.609 shell  2266  2266 I app_process: System.exit called, status: 0
02-21 22:28:19.609 shell  2266  2266 I AndroidRuntime: VM exiting with result code 0.
02-21 22:28:19.610  1000  1498  1609 I ActivityManager: Killing 4414:com.android.shell/2000 (adj 985): empty #17
02-21 22:28:19.610  1000  1498  1609 I am_kill : [0,4414,com.android.shell,985,empty #17,100164]
02-21 22:28:19.653  1000  1498  1609 I am_proc_died: [0,4414,com.android.shell,985,19]
02-21 22:28:19.673  root 31703 31703 I binder  : undelivered transaction 338507, process died.
02-21 22:28:19.654  1000  1498  1609 I am_uid_stopped: 2000
02-21 22:28:19.654  root   898   898 I Zygote  : Process 4414 exited due to signal 9 (Killed)
02-21 22:28:19.655  1000  1498  1766 D DisplayManagerService: Drop pending events for gone uid 2000
02-21 22:28:19.673  root 31703 31703 I binder  : undelivered transaction 338935, process died.
02-21 22:28:19.673  root 31703 31703 I binder  : undelivered transaction 369203, process died.
02-21 22:28:19.673  root 31703 31703 I binder  : undelivered transaction 369806, process died.
02-21 22:28:19.673  root 31703 31703 I binder  : undelivered transaction 388565, process died.
02-21 22:28:19.673  root 31703 31703 I binder  : undelivered transaction 389745, process died.
02-21 22:28:19.673  root 31703 31703 I binder  : undelivered transaction 120839, process died.
02-21 22:28:19.675  1000  1498  1609 V ActivityManager: Got obituary of 2281:android.display.cts
02-21 22:28:19.675  root   898   898 I Zygote  : Process 2281 exited due to signal 9 (Killed)
02-21 22:28:19.675  1000  1498  1786 I libprocessgroup: Removed cgroup /sys/fs/cgroup/uid_10131/pid_2281
02-21 22:28:19.676  1000  1498  1786 I libprocessgroup: Removed cgroup /sys/fs/cgroup/uid_2000/pid_4414
02-21 22:28:19.694  root 31769 31769 I binder  : undelivered TRANSACTION_COMPLETE
02-21 22:28:19.694  root 31769 31769 I binder  : undelivered transaction 408627, process died.
02-21 22:28:19.813 shell  2318  2318 D AndroidRuntime: >>>>>> START com.android.internal.os.RuntimeInit uid 2000 <<<<<<
02-21 22:28:19.817 shell  2318  2318 I AndroidRuntime: Using default boot image
02-21 22:28:19.817 shell  2318  2318 I AndroidRuntime: Leaving lock profiling enabled
02-21 22:28:19.820 shell  2318  2318 I app_process: Core platform API reporting enabled, enforcing=false
02-21 22:28:19.820 shell  2318  2318 I app_process: Using CollectorTypeCMC GC.
02-21 22:28:19.888 shell  2318  2318 D nativeloader: InitDefaultPublicLibraries for_preload=1: libandroid.so:libaaudio.so:libamidi.so:libbinder_ndk.so:libc.so:libcamera2ndk.so:libdl.so:libEGL.so:libGLESv1_CM.so:libGLESv2.so:libGLESv3.so:libicu.so:libicui18n.so:libicuuc.so:libjnigraphics.so:liblog.so:libmediandk.so:libm.so:libnativehelper.so:libnativewindow.so:libOpenMAXAL.so:libOpenSLES.so:libRS.so:libstdc++.so:libsync.so:libvulkan.so:libwebviewchromium_plat_support.so:libz.so
02-21 22:28:19.908 shell  2318  2318 D nativeloader: Load libicu_jni.so using APEX ns com_android_art for caller /apex/com.android.art/javalib/core-oj.jar: ok
02-21 22:28:19.908 shell  2318  2318 D app_process: Time zone APEX ICU file found: /apex/com.android.tzdata/etc/icu/icu_tzdata.dat
02-21 22:28:19.908 shell  2318  2318 D app_process: I18n APEX ICU file found: /apex/com.android.i18n/etc/icu/icudt72l.dat
02-21 22:28:19.909 shell  2318  2318 D nativeloader: Load libjavacore.so using APEX ns com_android_art for caller /apex/com.android.art/javalib/core-oj.jar: ok
02-21 22:28:19.910 shell  2318  2318 D nativeloader: Load libopenjdk.so using APEX ns com_android_art for caller /apex/com.android.art/javalib/core-oj.jar: ok
02-21 22:28:19.933 shell  2318  2318 D nativeloader: Load libframework-connectivity-tiramisu-jni.so using APEX ns com_android_tethering for caller /apex/com.android.tethering/javalib/framework-connectivity-t.jar: ok
02-21 22:28:19.933 shell  2318  2318 D AndroidRuntime: Calling main entry com.android.commands.am.Am
02-21 22:28:19.937 shell  2318  2318 D UiAutomationConnection: Created on user UserHandle{0}
02-21 22:28:19.938  1000  1498  1609 I ActivityManager: Force stopping android.display.cts appid=10131 user=0: start instr
02-21 22:28:19.939  1000  1498  1609 D GrammaticalInflection: The flag must be enabled to allow calling the API.
02-21 22:28:19.940  1000  1498  1609 I am_uid_running: 10131
02-21 22:28:19.940  1000  1498  1609 D CompatibilityChangeReporter: Compat change id reported: 135634846; UID 10131; state: DISABLED
02-21 22:28:19.940  1000  1498  1609 D CompatibilityChangeReporter: Compat change id reported: 177438394; UID 10131; state: DISABLED
02-21 22:28:19.941  1000  1498  1609 D CompatibilityChangeReporter: Compat change id reported: 135772972; UID 10131; state: DISABLED
02-21 22:28:19.941  1000  1498  1609 D CompatibilityChangeReporter: Compat change id reported: 135754954; UID 10131; state: ENABLED
02-21 22:28:19.941  1000  1498  1785 D CompatibilityChangeReporter: Compat change id reported: 143937733; UID 10131; state: ENABLED
02-21 22:28:19.948  root   898   898 D Zygote  : Forked child process 2333
02-21 22:28:19.949  1000  1498  1785 I am_proc_start: [0,2333,10131,android.display.cts,added application,android.display.cts]
02-21 22:28:19.949  1000  1498  1785 I ActivityManager: Start proc 2333:android.display.cts/u0a131 for added application android.display.cts
02-21 22:28:19.965 10131  2333  2333 I oid.display.cts: Using CollectorTypeCMC GC.
02-21 22:28:19.975 10131  2333  2333 E oid.display.cts: Not starting debugger since process cannot load the jdwp agent.
02-21 22:28:19.979 10131  2333  2333 D nativeloader: Load libframework-connectivity-tiramisu-jni.so using APEX ns com_android_tethering for caller /apex/com.android.tethering/javalib/framework-connectivity-t.jar: ok
02-21 22:28:19.984  1000  1498  1609 I am_proc_bound: [0,2333,android.display.cts]
02-21 22:28:19.987 10131  2333  2333 D CompatibilityChangeReporter: Compat change id reported: 171979766; UID 10131; state: ENABLED
02-21 22:28:19.987 10131  2333  2333 D CompatibilityChangeReporter: Compat change id reported: 242716250; UID 10131; state: ENABLED
02-21 22:28:19.990 10131  2333  2333 D ApplicationLoaders: Returning zygote-cached class loader: /system/framework/android.test.base.jar
02-21 22:28:19.992 10131  2333  2333 D nativeloader: Configuring clns-4 for other apk /system/framework/android.test.mock.jar. target_sdk_version=34, uses_libraries=ALL, library_path=/data/app/~~0coQQytW7YH59R5Wt8aPHQ==/android.display.cts-TA_vYnOpsV2aA8_XugILZg==/lib/arm64:/data/app/~~0coQQytW7YH59R5Wt8aPHQ==/android.display.cts-TA_vYnOpsV2aA8_XugILZg==/base.apk!/lib/arm64-v8a, permitted_path=/data:/mnt/expand:/data/user/0/android.display.cts
02-21 22:28:19.995 10131  2333  2333 D nativeloader: Configuring clns-5 for other apk /system/framework/android.test.runner.jar. target_sdk_version=34, uses_libraries=ALL, library_path=/data/app/~~0coQQytW7YH59R5Wt8aPHQ==/android.display.cts-TA_vYnOpsV2aA8_XugILZg==/lib/arm64:/data/app/~~0coQQytW7YH59R5Wt8aPHQ==/android.display.cts-TA_vYnOpsV2aA8_XugILZg==/base.apk!/lib/arm64-v8a, permitted_path=/data:/mnt/expand:/data/user/0/android.display.cts
02-21 22:28:19.997 10131  2333  2333 D ApplicationLoaders: Returning zygote-cached class loader: /system/framework/android.test.base.jar
02-21 22:28:19.998 10131  2333  2333 D nativeloader: Configuring clns-6 for other apk /data/app/~~0coQQytW7YH59R5Wt8aPHQ==/android.display.cts-TA_vYnOpsV2aA8_XugILZg==/base.apk. target_sdk_version=34, uses_libraries=, library_path=/data/app/~~0coQQytW7YH59R5Wt8aPHQ==/android.display.cts-TA_vYnOpsV2aA8_XugILZg==/lib/arm64:/data/app/~~0coQQytW7YH59R5Wt8aPHQ==/android.display.cts-TA_vYnOpsV2aA8_XugILZg==/base.apk!/lib/arm64-v8a, permitted_path=/data:/mnt/expand:/data/user/0/android.display.cts
02-21 22:28:20.004 10131  2333  2333 V GraphicsEnvironment: Currently set values for:
02-21 22:28:20.004 10131  2333  2333 V GraphicsEnvironment:   angle_gl_driver_selection_pkgs=[]
02-21 22:28:20.004 10131  2333  2333 V GraphicsEnvironment:   angle_gl_driver_selection_values=[]
02-21 22:28:20.004 10131  2333  2333 V GraphicsEnvironment: Global.Settings values are invalid: number of packages: 0, number of values: 0
02-21 22:28:20.004 10131  2333  2333 V GraphicsEnvironment: Neither updatable production driver nor prerelease driver is supported.
02-21 22:28:20.007 10131  2333  2333 I MonitoringInstr: newApplication called!
02-21 22:28:20.007 10131  2333  2333 I MonitoringInstr: Instrumentation started!
02-21 22:28:20.007 10131  2333  2333 D AndroidJUnitRunner: Use the test storage service for managing file I/O.
02-21 22:28:20.012 10133  2297  2311 I AbstractFileContentProvider: file '/storage/emulated/0/googletest/test_runfiles/data/local/tmp/ajur/includes.txt': found
02-21 22:28:20.016 10133  2297  2311 I AbstractFileContentProvider: file '/storage/emulated/0/googletest/test_runfiles/data/local/tmp/ajur/excludes.txt': found
02-21 22:28:20.017 10131  2333  2333 I AndroidJUnitRunner: onCreate Bundle[{testFile=/data/local/tmp/ajur/includes.txt, notTestFile=/data/local/tmp/ajur/excludes.txt, log=false, debug=false, timeout_msec=300000, useTestStorageService=true, newRunListenerMode=true, notAnnotation=com.android.compatibility.common.util.CtsDownstreamingTest,android.platform.test.annotations.AsbSecurityTest,android.platform.test.annotations.AppModeInstant}]
02-21 22:28:20.018 10131  2333  2333 V TestEventClient: No service name argument was given (testDiscoveryService, testRunEventService or orchestratorService)
02-21 22:28:20.018 10131  2333  2349 D AndroidJUnitRunner: onStart is called.
02-21 22:28:20.019  1000  1498  1782 I am_uid_active: 10131
02-21 22:28:20.019 10131  2333  2333 I MonitoringInstr: No JSBridge.
02-21 22:28:20.021 10131  2333  2349 I InstrConnection: Could not send broadcast or register receiver (isolatedProcess?)
02-21 22:28:20.023 10131  2333  2349 D TestRequestBuilder: Skipping class path scanning and directly running [android.display.cts.DisplayTest]
02-21 22:28:20.026 10133  2297  2311 I AbstractFileContentProvider: file '/storage/emulated/0/googletest/test_runfiles/data/local/tmp/ajur/includes.txt': found
02-21 22:28:20.030 10133  2297  2311 I AbstractFileContentProvider: file '/storage/emulated/0/googletest/test_runfiles/data/local/tmp/ajur/excludes.txt': found
02-21 22:28:20.036 10131  2333  2349 D TestExecutor: Adding listener androidx.test.internal.runner.listener.LogRunListener
02-21 22:28:20.036 10131  2333  2349 D TestExecutor: Adding listener androidx.test.internal.runner.listener.InstrumentationResultPrinter
02-21 22:28:20.036 10131  2333  2349 D TestExecutor: Adding listener androidx.test.internal.runner.listener.ActivityFinisherRunListener
02-21 22:28:20.036 10131  2333  2349 D TestExecutor: Adding listener androidx.test.internal.runner.listener.TraceRunListener
02-21 22:28:20.038 10131  2333  2349 I TestRunner: run started: 1 tests
02-21 22:28:20.039 10131  2333  2349 I TestRunner: started: testGetSupportedModesOnDefaultDisplay(android.display.cts.DisplayTest)
02-21 22:28:20.041 10131  2333  2349 I UiAutomation: Initialized for user 0 on display 0
02-21 22:28:20.043  1000  1498  1782 D AccessibilityManagerService: changeCurrentUserForTestAutomationIfNeededLocked(0): ignoring because device doesn't support visible background users
02-21 22:28:20.043  1000  1498  1782 I UiAutomationManager: Registering UiTestAutomationService (id=com.android.server.accessibility/UiAutomation) when called by user 0
02-21 22:28:20.045  1000  1498  1782 W MagnificationConnectionManager: requestConnection duplicated request: connect=false, mConnectionState=DISCONNECTED
02-21 22:28:20.047  1000  1498  1498 D BatterySaverPolicy: accessibility changed to true, updating policy.
02-21 22:28:20.049 10131  2333  2351 V UiAutomation: Init UiAutomation@fb027ba[id=8, displayId=0, flags=0]
02-21 22:28:20.056  1000  1498  3443 W ActivityTaskManager: Background activity start for android.display.cts allowed because SYSTEM_ALERT_WINDOW permission is granted.
02-21 22:28:20.057  1000  1498  3443 D CompatibilityChangeReporter: Compat change id reported: 265464455; UID 10131; state: DISABLED
02-21 22:28:20.057  1000  1498  3443 D CompatibilityChangeReporter: Compat change id reported: 310816437; UID 10131; state: DISABLED
02-21 22:28:20.057  1000  1498  3443 D CompatibilityChangeReporter: Compat change id reported: 265452344; UID 10131; state: DISABLED
02-21 22:28:20.057  1000  1498  3443 D CompatibilityChangeReporter: Compat change id reported: 266124927; UID 10131; state: DISABLED
02-21 22:28:20.058  1000  1498  3443 D CompatibilityChangeReporter: Compat change id reported: 265451093; UID 10131; state: DISABLED
02-21 22:28:20.058  1000  1498  3443 D CompatibilityChangeReporter: Compat change id reported: 265456536; UID 10131; state: DISABLED
02-21 22:28:20.058  1000  1498  3443 D CompatibilityChangeReporter: Compat change id reported: 255940284; UID 10131; state: DISABLED
02-21 22:28:20.058  1000  1498  3443 D CompatibilityChangeReporter: Compat change id reported: 236283604; UID 10131; state: DISABLED
02-21 22:28:20.058  1000  1498  3443 D CompatibilityChangeReporter: Compat change id reported: 263959004; UID 10131; state: DISABLED
02-21 22:28:20.059  1000  1498  3443 D CompatibilityChangeReporter: Compat change id reported: 264304459; UID 10131; state: DISABLED
02-21 22:28:20.059  1000  1498  3443 D CompatibilityChangeReporter: Compat change id reported: 264301586; UID 10131; state: DISABLED
02-21 22:28:20.059  1000  1498  3443 D CompatibilityChangeReporter: Compat change id reported: 254631730; UID 10131; state: DISABLED
02-21 22:28:20.059  1000  1498  3443 D CompatibilityChangeReporter: Compat change id reported: 273509367; UID 10131; state: DISABLED
02-21 22:28:20.059  1000  1498  3443 D CompatibilityChangeReporter: Compat change id reported: 263259275; UID 10131; state: DISABLED
02-21 22:28:20.060  1000  1498  3443 D CompatibilityChangeReporter: Compat change id reported: 174042980; UID 10131; state: DISABLED
02-21 22:28:20.060  1000  1498  3443 D CompatibilityChangeReporter: Compat change id reported: 174042936; UID 10131; state: DISABLED
02-21 22:28:20.060  1000  1498  3443 D CompatibilityChangeReporter: Compat change id reported: 181136395; UID 10131; state: DISABLED
02-21 22:28:20.062  1000  1498  3443 D CompatibilityChangeReporter: Compat change id reported: 194480991; UID 10131; state: ENABLED
02-21 22:28:20.064  1000  1498  3443 I wm_task_created: 10
02-21 22:28:20.066  1000  1498  3443 D CompatibilityChangeReporter: Compat change id reported: 184838306; UID 10131; state: DISABLED
02-21 22:28:20.066  1000  1498  3443 D CompatibilityChangeReporter: Compat change id reported: 185004937; UID 10131; state: DISABLED
02-21 22:28:20.066  1000  1498  3443 D CompatibilityChangeReporter: Compat change id reported: 197654537; UID 10131; state: ENABLED
02-21 22:28:20.066  1000  1498  3443 I wm_task_moved: [10,10,0,1,2]
02-21 22:28:20.066  1000  1498  3443 I wm_task_to_front: [0,10,0]
02-21 22:28:20.066  1000  1498  3443 I wm_create_task: [0,10,10,0]
02-21 22:28:20.066  1000  1498  3443 I wm_create_activity: [0,229870774,10,android.display.cts/.ScreenOnActivity,android.intent.action.MAIN,NULL,NULL,335544320]
02-21 22:28:20.067  1000  1498  3443 I wm_task_moved: [10,10,0,1,2]
02-21 22:28:20.067  1000  1498  3443 V SplashScreenExceptionList: SplashScreen checking exception for package android.display.cts (target sdk:34) -> false
02-21 22:28:20.067  1000  1498  3443 D CompatibilityChangeReporter: Compat change id reported: 205907456; UID 10131; state: ENABLED
02-21 22:28:20.067  1000  1498  3443 I wm_pause_activity: [0,28307478,com.android.launcher3/.uioverrides.QuickstepLauncher,userLeaving=true,pauseBackTasks]
02-21 22:28:20.069 10097  2929  2966 V WindowManagerShell: Transition requested (#14): android.os.BinderProxy@7567909 TransitionRequestInfo { type = OPEN, triggerTask = TaskInfo{userId=0 taskId=10 displayId=0 isRunning=true baseIntent=Intent { act=android.intent.action.MAIN flg=0x14000000 cmp=android.display.cts/.ScreenOnActivity } baseActivity=ComponentInfo{android.display.cts/android.display.cts.ScreenOnActivity} topActivity=ComponentInfo{android.display.cts/android.display.cts.ScreenOnActivity} origActivity=null realActivity=ComponentInfo{android.display.cts/android.display.cts.ScreenOnActivity} numActivities=1 lastActiveTime=34402245 supportsMultiWindow=true resizeMode=1 isResizeable=true minWidth=-1 minHeight=-1 defaultMinSize=220 token=WCT{android.window.IWindowContainerToken$Stub$Proxy@ea8770e} topActivityType=1 pictureInPictureParams=null shouldDockBigOverlays=false launchIntoPipHostTaskId=-1 lastParentTaskIdBeforePip=-1 displayCutoutSafeInsets=Rect(0, 136 - 0, 0) topActivityInfo=ActivityInfo{4d5252f android.display.cts.ScreenOnActivity} launchCookies=[] positionInParent=Point(0, 0) parentTaskId=-1 isFocused=false isVisible=false isVisibleRequested=false isSleeping=false locusId=null displayAreaFeatureId=1 isTopActivityTransparent=false appCompatTaskInfo=AppCompatTaskInfo { topActivityInSizeCompat=false topActivityEligibleForLetterboxEducation= false isLetterboxDoubleTapEnabled= false topActivityEligibleForUserAspectRatioButton= false topActivityBoundsLetterboxed= false isFromLetterboxDoubleTap= false topActivityLetterboxVerticalPosition= -1 topActivityLetterboxHorizontalPosition= -1 topActivityLetterboxWidth=1080 topActivityLetterboxHeight=2400 isUserFullscreenOverrideEnabled=false isSystemFullscreenOverrideEnabled=false cameraCompatControlState=hidden}}, pipTask = null, remoteTransition = null, displayChange = null, flags = 0, debugId = 14 }
02-21 22:28:20.069 10094  3193  3193 I wm_on_top_resumed_lost_called: [28307478,com.android.launcher3.uioverrides.QuickstepLauncher,topStateChangedWhenResumed]
02-21 22:28:20.070  1000  1498  3443 I ActivityTaskManager: START u0 {act=android.intent.action.MAIN flg=0x14000000 cmp=android.display.cts/.ScreenOnActivity} with LAUNCH_MULTIPLE from uid 10131 (BAL_ALLOW_SAW_PERMISSION) result code=0
02-21 22:28:20.070 10097  2929  2974 D SplashScreenView: Build android.window.SplashScreenView{d649cc5 V.E...... ......ID 0,0-0,0}
02-21 22:28:20.070 10097  2929  2974 D SplashScreenView: Icon: view: null drawable: null size: 0
02-21 22:28:20.070 10097  2929  2974 D SplashScreenView: Branding: view: android.view.View{f8f61a G.ED..... ......I. 0,0-0,0 #1020505 android:id/splashscreen_branding_view} drawable: null size w: 0 h: 0
02-21 22:28:20.071 10094  3193  3193 W SplitSelectStateCtor: Missing session instanceIds
02-21 22:28:20.071 10094  3193  3193 D StatsLog: LAUNCHER_SPLIT_SELECTION_EXIT_INTERRUPTED
02-21 22:28:20.071 10094  3193  3193 I wm_on_paused_called: [28307478,com.android.launcher3.uioverrides.QuickstepLauncher,performPause,1]
02-21 22:28:20.071 10097  2929  2966 D WindowManagerShell: setLauncherKeepClearAreaHeight: visible=false, height=294
02-21 22:28:20.072  1000  1498  1609 I wm_add_to_stopping: [0,28307478,com.android.launcher3/.uioverrides.QuickstepLauncher,makeInvisible]
02-21 22:28:20.072  1000  1498  1609 I wm_restart_activity: [0,229870774,10,android.display.cts/.ScreenOnActivity]
02-21 22:28:20.073  1000  1498  1609 I wm_set_resumed_activity: [0,android.display.cts/.ScreenOnActivity,minimalResumeActivityLocked - onActivityStateChanged]
02-21 22:28:20.073  1000  1498  1765 I sysui_multi_action: [757,803,799,window_time_0,802,32]
02-21 22:28:20.076  1000  1498  1769 I input_focus: [Requesting to set focus to null window,reason=UpdateInputWindows]
02-21 22:28:20.077 10131  2333  2353 D vulkan  : searching for layers in '/data/app/~~0coQQytW7YH59R5Wt8aPHQ==/android.display.cts-TA_vYnOpsV2aA8_XugILZg==/base.apk!/lib/arm64-v8a'
02-21 22:28:20.080  1000   556   556 I BpBinder: onLastStrongRef automatically unlinking death recipients: 
02-21 22:28:20.081 10131  2333  2333 D LifecycleMonitor: Lifecycle status change: android.display.cts.ScreenOnActivity@a9ecf3f in: PRE_ON_CREATE
02-21 22:28:20.081 10131  2333  2333 I wm_on_create_called: [229870774,android.display.cts.ScreenOnActivity,performCreate,0]
02-21 22:28:20.082  1000  1498  1879 D CoreBackPreview: Window{54f84a8 u0 Splash Screen android.display.cts}: Setting back callback OnBackInvokedCallbackInfo{mCallback=android.window.IOnBackInvokedCallback$Stub$Proxy@43ca8ec, mPriority=0, mIsAnimationCallback=false}
02-21 22:28:20.084 10097  2929  2973 I viewroot_draw_event: [VRI[cts],reportDrawFinished seqId=0]
02-21 22:28:20.085 10131  2333  2333 D CompatibilityChangeReporter: Compat change id reported: 279646685; UID 10131; state: DISABLED
02-21 22:28:20.086  1000  1498  1938 I input_focus: [Focus leaving f90a277 com.android.launcher3/com.android.launcher3.uioverrides.QuickstepLauncher (server),reason=Waiting for window because NO_WINDOW]
02-21 22:28:20.086 10097  2929  2966 V WindowManagerShell: onTransitionReady (#14) android.os.BinderProxy@7567909: {id=14 t=OPEN f=0x0 trk=0 r=[0@Point(0, 0)] c=[{WCT{android.window.IWindowContainerToken$Stub$Proxy@65fb81f} m=OPEN f=NONE leash=Surface(name=Task=10)/@0x14bb740 sb=Rect(0, 0 - 1080, 2400) eb=Rect(0, 0 - 1080, 2400) d=0},{WCT{android.window.IWindowContainerToken$Stub$Proxy@7d5076c} m=TO_BACK f=SHOW_WALLPAPER leash=Surface(name=Task=1)/@0xa92b679 sb=Rect(0, 0 - 1080, 2400) eb=Rect(0, 0 - 1080, 2400) d=0}]}
02-21 22:28:20.086 10097  2929  2966 V WindowManagerShell: Playing animation for (#14) android.os.BinderProxy@7567909@0
02-21 22:28:20.086 10097  2929  2966 V WindowManagerShell:  try handler com.android.wm.shell.transition.DefaultMixedHandler@7c68ea0
02-21 22:28:20.086 10097  2929  2966 V WindowManagerShell:  try handler com.android.wm.shell.keyguard.KeyguardTransitionHandler@ebfaa59
02-21 22:28:20.086 10097  2929  2966 V WindowManagerShell:  try handler com.android.wm.shell.pip.PipTransition@758d61e
02-21 22:28:20.086 10097  2929  2966 V WindowManagerShell:  try handler com.android.wm.shell.activityembedding.ActivityEmbeddingController@b447eff
02-21 22:28:20.086 10097  2929  2966 V WindowManagerShell:  try handler com.android.wm.shell.recents.RecentsTransitionHandler@315f4cc
02-21 22:28:20.086 10097  2929  2966 V ShellRecents: RecentsTransitionHandler.startAnimation: no controller found
02-21 22:28:20.086 10097  2929  2966 V WindowManagerShell:  try handler com.android.wm.shell.splitscreen.StageCoordinator@4ad9476
02-21 22:28:20.086 10097  2929  2966 V WindowManagerShell:  try handler com.android.wm.shell.transition.RemoteTransitionHandler@2b79315
02-21 22:28:20.086 10097  2929  2966 V WindowManagerShell: Transition doesn't have explicit remote, search filters for match for {id=14 t=OPEN f=0x0 trk=0 r=[0@Point(0, 0)] c=[{WCT{android.window.IWindowContainerToken$Stub$Proxy@65fb81f} m=OPEN f=NONE leash=Surface(name=Task=10)/@0x14bb740 sb=Rect(0, 0 - 1080, 2400) eb=Rect(0, 0 - 1080, 2400) d=0},{WCT{android.window.IWindowContainerToken$Stub$Proxy@7d5076c} m=TO_BACK f=SHOW_WALLPAPER leash=Surface(name=Task=1)/@0xa92b679 sb=Rect(0, 0 - 1080, 2400) eb=Rect(0, 0 - 1080, 2400) d=0}]}
02-21 22:28:20.086 10097  2929  2966 V WindowManagerShell:  Checking filter Pair{{types=[] flags=0x0] notFlags=0x100 checks=[{atype=home independent=true modes=[OPEN,TO_FRONT] flags=NONE mustBeTask=false order=TOP topActivity=ComponentInfo{com.android.launcher3/com.android.launcher3.uioverrides.QuickstepLauncher}},{atype=standard independent=true modes=[CLOSE,TO_BACK] flags=NONE mustBeTask=false order=ANY topActivity=null}]} RemoteTransition { remoteTransition = android.window.IRemoteTransition$Stub$Proxy@8f3d7cc, appThread = android.app.IApplicationThread$Stub$Proxy@f5b3a15, debugName = QuickstepLaunchHome }}
02-21 22:28:20.086 10097  2929  2966 V WindowManagerShell:  Delegate animation for (#14) to null
02-21 22:28:20.086 10097  2929  2966 V WindowManagerShell:  try handler com.android.wm.shell.transition.DefaultTransitionHandler@e38362a
02-21 22:28:20.086 10097  2929  2966 V WindowManagerShell: start default transition animation, info = {id=14 t=OPEN f=0x0 trk=0 r=[0@Point(0, 0)] c=[{WCT{android.window.IWindowContainerToken$Stub$Proxy@65fb81f} m=OPEN f=NONE leash=Surface(name=Task=10)/@0x14bb740 sb=Rect(0, 0 - 1080, 2400) eb=Rect(0, 0 - 1080, 2400) d=0},{WCT{android.window.IWindowContainerToken$Stub$Proxy@7d5076c} m=TO_BACK f=SHOW_WALLPAPER leash=Surface(name=Task=1)/@0xa92b679 sb=Rect(0, 0 - 1080, 2400) eb=Rect(0, 0 - 1080, 2400) d=0}]}
02-21 22:28:20.087  1000  1498  1765 V WindowManager: Sent Transition (#14) createdAt=02-21 22:28:20.063 via request=TransitionRequestInfo { type = OPEN, triggerTask = TaskInfo{userId=0 taskId=10 displayId=0 isRunning=true baseIntent=Intent { act=android.intent.action.MAIN flg=0x14000000 cmp=android.display.cts/.ScreenOnActivity } baseActivity=ComponentInfo{android.display.cts/android.display.cts.ScreenOnActivity} topActivity=ComponentInfo{android.display.cts/android.display.cts.ScreenOnActivity} origActivity=null realActivity=ComponentInfo{android.display.cts/android.display.cts.ScreenOnActivity} numActivities=1 lastActiveTime=34402245 supportsMultiWindow=true resizeMode=1 isResizeable=true minWidth=-1 minHeight=-1 defaultMinSize=220 token=WCT{RemoteToken{3c167d8 Task{263be42 #10 type=standard A=10131:android.display.cts}}} topActivityType=1 pictureInPictureParams=null shouldDockBigOverlays=false launchIntoPipHostTaskId=-1 lastParentTaskIdBeforePip=-1 displayCutoutSafeInsets=Rect(0, 136 - 0, 0) topActivityInfo=ActivityInfo{72a4c8d android.display.cts.ScreenOnActivity} launchCookies=[] positionInParent=Point(0, 0) parentTaskId=-1 isFocused=false isVisible=false isVisibleRequested=false isSleeping=false locusId=null displayAreaFeatureId=1 isTopActivityTransparent=false appCompatTaskInfo=AppCompatTaskInfo { topActivityInSizeCompat=false topActivityEligibleForLetterboxEducation= false isLetterboxDoubleTapEnabled= false topActivityEligibleForUserAspectRatioButton= false topActivityBoundsLetterboxed= false isFromLetterboxDoubleTap= false topActivityLetterboxVerticalPosition= -1 topActivityLetterboxHorizontalPosition= -1 topActivityLetterboxWidth=1080 topActivityLetterboxHeight=2400 isUserFullscreenOverrideEnabled=false isSystemFullscreenOverrideEnabled=false cameraCompatControlState=hidden}}, pipTask = null, remoteTransition = null, displayChange = null, flags = 0, debugId = 14 }
02-21 22:28:20.087 10097  2929  2966 V WindowManagerShell: loadAnimation: anim=android.view.animation.AnimationSet@77f4135 animAttr=0x13 type=OPEN isEntrance=false
02-21 22:28:20.087  1000  1498  1765 V WindowManager:     startWCT=WindowContainerTransaction { changes = {} hops = [] errorCallbackToken=null taskFragmentOrganizer=null }
02-21 22:28:20.087 10097  2929  2966 V WindowManagerShell: loadAnimation: anim=android.view.animation.AnimationSet@b0b19ca animAttr=0x12 type=OPEN isEntrance=true
02-21 22:28:20.087  1000  1498  1765 V WindowManager:     info={id=14 t=OPEN f=0x0 trk=0 r=[0@Point(0, 0)] c=[
02-21 22:28:20.087  1000  1498  1765 V WindowManager:         {WCT{RemoteToken{3c167d8 Task{263be42 #10 type=standard A=10131:android.display.cts}}} m=OPEN f=NONE leash=Surface(name=Task=10)/@0xbb3574a sb=Rect(0, 0 - 1080, 2400) eb=Rect(0, 0 - 1080, 2400) d=0},
02-21 22:28:20.087  1000  1498  1765 V WindowManager:         {WCT{RemoteToken{e8cef0 Task{b726dea #1 type=undefined}}} m=TO_BACK f=SHOW_WALLPAPER leash=Surface(name=Task=1)/@0xea2207d sb=Rect(0, 0 - 1080, 2400) eb=Rect(0, 0 - 1080, 2400) d=0}
02-21 22:28:20.087  1000  1498  1765 V WindowManager:     ]}
02-21 22:28:20.087 10097  2929  2966 V WindowManagerShell:  animated by com.android.wm.shell.transition.DefaultTransitionHandler@e38362a
02-21 22:28:20.087  1000  1498  1879 W UserManagerService: Requested status bar icon for non-badged user 0
02-21 22:28:20.092 10131  2333  2333 D LifecycleMonitor: Lifecycle status change: android.display.cts.ScreenOnActivity@a9ecf3f in: CREATED
02-21 22:28:20.092 10131  2333  2333 D LifecycleMonitor: Lifecycle status change: android.display.cts.ScreenOnActivity@a9ecf3f in: STARTED
02-21 22:28:20.092 10131  2333  2333 I wm_on_start_called: [229870774,android.display.cts.ScreenOnActivity,handleStartActivity,0]
02-21 22:28:20.093 10131  2333  2333 D CompatibilityChangeReporter: Compat change id reported: 210923482; UID 10131; state: ENABLED
02-21 22:28:20.093 10131  2333  2333 D CompatibilityChangeReporter: Compat change id reported: 63938206; UID 10131; state: DISABLED
02-21 22:28:20.094 10131  2333  2333 D LifecycleMonitor: Lifecycle status change: android.display.cts.ScreenOnActivity@a9ecf3f in: RESUMED
02-21 22:28:20.094 10131  2333  2333 I wm_on_resume_called: [229870774,android.display.cts.ScreenOnActivity,RESUME_ACTIVITY,0]
02-21 22:28:20.095 10131  2333  2333 D CompatibilityChangeReporter: Compat change id reported: 237531167; UID 10131; state: DISABLED
02-21 22:28:20.100 10131  2333  2333 I wm_on_top_resumed_gained_called: [229870774,android.display.cts.ScreenOnActivity,topStateChangedWhenResumed]
