02-21 22:27:41.950  root  1154  1154 D AOC     : A3:MSG: tmd3719_device.cc, 3814: USF: TMD3719: [PROX]Adjusted baseline[0]: 147.014483, Lux: 218.110099, IR: -.022073
02-21 22:27:41.951  root  1154  1154 D AOC     : A3:MSG: tmd3719_device.cc, 3816: USF: TMD3719: [PROX]max: -.904693, min: -4.523513, std_dev: 1.500284, var: 2.250852
02-21 22:27:41.955  1000   939  1698 I sensor-suez: Vendor atom [id = 100133] reported.
02-21 22:27:41.964  1000  1498  1922 I commit_sys_config_file: [settings-0-0,15]
02-21 22:27:43.183  1000  1498  1805 V DisplayPowerController2[0]: Brightness [0.05] reason changing to: 'manual [ dim ]', previous reason: 'manual'.
02-21 22:27:43.183  1000  1498  1805 I DisplayPowerController2[0]: BrightnessEvent: disp=0, physDisp=local:4619827677550801152, displayState=ON, displayPolicy=DIM, brt=0.05, initBrt=0.17429718, rcmdBrt=NaN, preBrt=NaN, lux=0.0, preLux=0.0, hbmMax=0.5, hbmMode=off, rbcStrength=50, thrmMax=1.0, powerFactor=1.0, wasShortTermModelActive=false, flags=, reason=manual [ dim ], autoBrightness=false, strategy=InvalidBrightnessStrategy, autoBrightnessMode=default
02-21 22:27:43.184  1000  1498  1805 I sysui_multi_action: [757,1696,758,6,759,2]
02-21 22:27:43.188  1000   558   682 I hwc-display: path=drm, id=0, level=712, nits=174.576981, brightness=0.173270, DimmingOn=1, Hbm=0, LhbmOn=0, OpRate=0
02-21 22:27:43.210  root   254   254 I panel-samsung-s6e3fc3-p10 1c2c0000.drmdsim.0: req: 712, br: 712
02-21 22:27:43.221  root   254   254 I panel-samsung-s6e3fc3-p10 1c2c0000.drmdsim.0: req: 686, br: 686
02-21 22:27:43.200  1000   558   682 I hwc-display: path=drm, id=0, level=686, nits=168.186462, brightness=0.166854, DimmingOn=1, Hbm=0, LhbmOn=0, OpRate=0
02-21 22:27:43.211  1000   558   682 I hwc-display: path=drm, id=0, level=661, nits=162.062469, brightness=0.160705, DimmingOn=1, Hbm=0, LhbmOn=0, OpRate=0
02-21 22:27:43.232  root   254   254 I panel-samsung-s6e3fc3-p10 1c2c0000.drmdsim.0: req: 661, br: 661
02-21 22:27:43.222  1000   558   682 I hwc-display: path=drm, id=0, level=637, nits=156.209793, brightness=0.154829, DimmingOn=1, Hbm=0, LhbmOn=0, OpRate=0
02-21 22:27:43.243  root   254   254 I panel-samsung-s6e3fc3-p10 1c2c0000.drmdsim.0: req: 637, br: 637
02-21 22:27:43.233  1000   558   682 I hwc-display: path=drm, id=0, level=614, nits=150.606873, brightness=0.149204, DimmingOn=1, Hbm=0, LhbmOn=0, OpRate=0
02-21 22:27:43.254  root   254   254 I panel-samsung-s6e3fc3-p10 1c2c0000.drmdsim.0: req: 614, br: 614
02-21 22:27:43.244  1000   558   682 I hwc-display: path=drm, id=0, level=592, nits=145.245148, brightness=0.143820, DimmingOn=1, Hbm=0, LhbmOn=0, OpRate=0
02-21 22:27:43.265  root   254   254 I panel-samsung-s6e3fc3-p10 1c2c0000.drmdsim.0: req: 592, br: 592
02-21 22:27:43.256  1000   558   682 I hwc-display: path=drm, id=0, level=571, nits=140.112473, brightness=0.138667, DimmingOn=1, Hbm=0, LhbmOn=0, OpRate=0
02-21 22:27:43.277  root   254   254 I panel-samsung-s6e3fc3-p10 1c2c0000.drmdsim.0: req: 571, br: 571
02-21 22:27:43.265  1000   558   682 I hwc-display: path=drm, id=0, level=550, nits=135.192596, brightness=0.133728, DimmingOn=1, Hbm=0, LhbmOn=0, OpRate=0
02-21 22:27:43.286  root   254   254 I panel-samsung-s6e3fc3-p10 1c2c0000.drmdsim.0: req: 550, br: 550
02-21 22:27:43.277  1000   558   682 I hwc-display: path=drm, id=0, level=531, nits=130.491760, brightness=0.129008, DimmingOn=1, Hbm=0, LhbmOn=0, OpRate=0
02-21 22:27:43.298  root   254   254 I panel-samsung-s6e3fc3-p10 1c2c0000.drmdsim.0: req: 531, br: 531
02-21 22:27:43.288  1000   558   682 I hwc-display: path=drm, id=0, level=513, nits=125.990990, brightness=0.124489, DimmingOn=1, Hbm=0, LhbmOn=0, OpRate=0
02-21 22:27:43.309  root   254   254 I panel-samsung-s6e3fc3-p10 1c2c0000.drmdsim.0: req: 513, br: 513
02-21 22:27:43.300  1000   558   682 I hwc-display: path=drm, id=0, level=495, nits=121.684242, brightness=0.120165, DimmingOn=1, Hbm=0, LhbmOn=0, OpRate=0
02-21 22:27:43.321  root   254   254 I panel-samsung-s6e3fc3-p10 1c2c0000.drmdsim.0: req: 495, br: 495
02-21 22:27:43.310  1000   558   682 I hwc-display: path=drm, id=0, level=478, nits=117.564667, brightness=0.116029, DimmingOn=1, Hbm=0, LhbmOn=0, OpRate=0
02-21 22:27:43.331  root   254   254 I panel-samsung-s6e3fc3-p10 1c2c0000.drmdsim.0: req: 478, br: 478
02-21 22:27:43.321  1000   558   682 I hwc-display: path=drm, id=0, level=462, nits=113.620163, brightness=0.112068, DimmingOn=1, Hbm=0, LhbmOn=0, OpRate=0
02-21 22:27:43.341  root   254   254 I panel-samsung-s6e3fc3-p10 1c2c0000.drmdsim.0: req: 462, br: 462
02-21 22:27:43.333  1000   558   682 I hwc-display: path=drm, id=0, level=446, nits=109.847137, brightness=0.108280, DimmingOn=1, Hbm=0, LhbmOn=0, OpRate=0
02-21 22:27:43.354  root   254   254 I panel-samsung-s6e3fc3-p10 1c2c0000.drmdsim.0: req: 446, br: 446
02-21 22:27:43.343  1000   558   682 I hwc-display: path=drm, id=0, level=432, nits=106.237656, brightness=0.104656, DimmingOn=1, Hbm=0, LhbmOn=0, OpRate=0
02-21 22:27:43.364  root   254   254 I panel-samsung-s6e3fc3-p10 1c2c0000.drmdsim.0: req: 432, br: 432
02-21 22:27:43.355  1000   558   682 I hwc-display: path=drm, id=0, level=417, nits=102.781563, brightness=0.101186, DimmingOn=1, Hbm=0, LhbmOn=0, OpRate=0
02-21 22:27:43.375  root   254   254 I panel-samsung-s6e3fc3-p10 1c2c0000.drmdsim.0: req: 417, br: 417
02-21 22:27:43.366  1000   558   682 I hwc-display: path=drm, id=0, level=404, nits=99.474358, brightness=0.097866, DimmingOn=1, Hbm=0, LhbmOn=0, OpRate=0
02-21 22:27:43.387  root   254   254 I panel-samsung-s6e3fc3-p10 1c2c0000.drmdsim.0: req: 404, br: 404
02-21 22:27:43.377  1000   558   682 I hwc-display: path=drm, id=0, level=391, nits=96.306870, brightness=0.094686, DimmingOn=1, Hbm=0, LhbmOn=0, OpRate=0
02-21 22:27:43.382  root  1154  1154 D AOC     : A3:MSG: tmd3719_device.cc, 4582: USF: TMD3719: dbv:391 leakage:0.000000 refresh_rate:90 status:1 op_hz:120 [1]
02-21 22:27:43.398  root   254   254 I panel-samsung-s6e3fc3-p10 1c2c0000.drmdsim.0: req: 391, br: 391
02-21 22:27:43.388  1000   558   682 I hwc-display: path=drm, id=0, level=378, nits=93.271820, brightness=0.091638, DimmingOn=1, Hbm=0, LhbmOn=0, OpRate=0
02-21 22:27:43.409  root   254   254 I panel-samsung-s6e3fc3-p10 1c2c0000.drmdsim.0: req: 378, br: 378
02-21 22:27:43.400  1000   558   682 I hwc-display: path=drm, id=0, level=367, nits=90.369301, brightness=0.088724, DimmingOn=1, Hbm=0, LhbmOn=0, OpRate=0
02-21 22:27:43.421  root   254   254 I panel-samsung-s6e3fc3-p10 1c2c0000.drmdsim.0: req: 367, br: 367
02-21 22:27:43.411  1000   558   682 I hwc-display: path=drm, id=0, level=355, nits=87.592880, brightness=0.085937, DimmingOn=1, Hbm=0, LhbmOn=0, OpRate=0
02-21 22:27:43.432  root   254   254 I panel-samsung-s6e3fc3-p10 1c2c0000.drmdsim.0: req: 355, br: 355
02-21 22:27:43.421  1000   558   682 I hwc-display: path=drm, id=0, level=344, nits=84.935028, brightness=0.083268, DimmingOn=1, Hbm=0, LhbmOn=0, OpRate=0
02-21 22:27:43.442  root   254   254 I panel-samsung-s6e3fc3-p10 1c2c0000.drmdsim.0: req: 344, br: 344
02-21 22:27:43.432  1000   558   682 I hwc-display: path=drm, id=0, level=334, nits=82.351463, brightness=0.080674, DimmingOn=1, Hbm=0, LhbmOn=0, OpRate=0
02-21 22:27:43.453  root   254   254 I panel-samsung-s6e3fc3-p10 1c2c0000.drmdsim.0: req: 334, br: 334
02-21 22:27:43.444  1000   558   682 I hwc-display: path=drm, id=0, level=323, nits=79.807861, brightness=0.078120, DimmingOn=1, Hbm=0, LhbmOn=0, OpRate=0
02-21 22:27:43.465  root   254   254 I panel-samsung-s6e3fc3-p10 1c2c0000.drmdsim.0: req: 323, br: 323
02-21 22:27:43.455  1000   558   682 I hwc-display: path=drm, id=0, level=313, nits=77.308540, brightness=0.075611, DimmingOn=1, Hbm=0, LhbmOn=0, OpRate=0
02-21 22:27:43.476  root   254   254 I panel-samsung-s6e3fc3-p10 1c2c0000.drmdsim.0: req: 313, br: 313
02-21 22:27:43.467  1000   558   682 I hwc-display: path=drm, id=0, level=303, nits=74.849274, brightness=0.073142, DimmingOn=1, Hbm=0, LhbmOn=0, OpRate=0
02-21 22:27:43.487  root   254   254 I panel-samsung-s6e3fc3-p10 1c2c0000.drmdsim.0: req: 303, br: 303
02-21 22:27:43.477  1000   558   682 I hwc-display: path=drm, id=0, level=293, nits=72.429947, brightness=0.070713, DimmingOn=1, Hbm=0, LhbmOn=0, OpRate=0
02-21 22:27:43.497  root   254   254 I panel-samsung-s6e3fc3-p10 1c2c0000.drmdsim.0: req: 293, br: 293
02-21 22:27:43.482  root  1154  1154 D AOC     : A3:MSG: tmd3719_device.cc, 4582: USF: TMD3719: dbv:293 leakage:0.000000 refresh_rate:90 status:1 op_hz:120 [1]
02-21 22:27:43.488  1000   558   682 I hwc-display: path=drm, id=0, level=283, nits=70.049263, brightness=0.068323, DimmingOn=1, Hbm=0, LhbmOn=0, OpRate=0
02-21 22:27:43.509  root   254   254 I panel-samsung-s6e3fc3-p10 1c2c0000.drmdsim.0: req: 283, br: 283
02-21 22:27:43.499  1000   558   682 I hwc-display: path=drm, id=0, level=274, nits=67.713867, brightness=0.065978, DimmingOn=1, Hbm=0, LhbmOn=0, OpRate=0
02-21 22:27:43.520  root   254   254 I panel-samsung-s6e3fc3-p10 1c2c0000.drmdsim.0: req: 274, br: 274
02-21 22:27:43.511  1000   558   682 I hwc-display: path=drm, id=0, level=264, nits=65.418541, brightness=0.063673, DimmingOn=1, Hbm=0, LhbmOn=0, OpRate=0
02-21 22:27:43.532  root   254   254 I panel-samsung-s6e3fc3-p10 1c2c0000.drmdsim.0: req: 264, br: 264
02-21 22:27:43.521  1000   558   682 I hwc-display: path=drm, id=0, level=255, nits=63.164566, brightness=0.061410, DimmingOn=1, Hbm=0, LhbmOn=0, OpRate=0
02-21 22:27:43.542  root   254   254 I panel-samsung-s6e3fc3-p10 1c2c0000.drmdsim.0: req: 255, br: 255
02-21 22:27:43.533  1000   558   682 I hwc-display: path=drm, id=0, level=246, nits=60.950451, brightness=0.059187, DimmingOn=1, Hbm=0, LhbmOn=0, OpRate=0
02-21 22:27:43.554  root   254   254 I panel-samsung-s6e3fc3-p10 1c2c0000.drmdsim.0: req: 246, br: 246
02-21 22:27:43.544  1000   558   682 I hwc-display: path=drm, id=0, level=237, nits=58.775620, brightness=0.057004, DimmingOn=1, Hbm=0, LhbmOn=0, OpRate=0
02-21 22:27:43.565  root   254   254 I panel-samsung-s6e3fc3-p10 1c2c0000.drmdsim.0: req: 237, br: 237
02-21 22:27:43.555  1000   558   682 I hwc-display: path=drm, id=0, level=228, nits=56.643642, brightness=0.054863, DimmingOn=1, Hbm=0, LhbmOn=0, OpRate=0
02-21 22:27:43.576  root   254   254 I panel-samsung-s6e3fc3-p10 1c2c0000.drmdsim.0: req: 228, br: 228
02-21 22:27:43.566  1000   558   682 I hwc-display: path=drm, id=0, level=220, nits=54.552986, brightness=0.052764, DimmingOn=1, Hbm=0, LhbmOn=0, OpRate=0
02-21 22:27:43.587  root   254   254 I panel-samsung-s6e3fc3-p10 1c2c0000.drmdsim.0: req: 220, br: 220
02-21 22:27:43.597  root   254   254 I panel-samsung-s6e3fc3-p10 1c2c0000.drmdsim.0: req: 211, br: 211
02-21 22:27:43.577  1000   558   682 I hwc-display: path=drm, id=0, level=211, nits=52.504154, brightness=0.050707, DimmingOn=1, Hbm=0, LhbmOn=0, OpRate=0
02-21 22:27:43.588  1000   558   682 I hwc-display: path=drm, id=0, level=208, nits=51.799995, brightness=0.050000, DimmingOn=1, Hbm=0, LhbmOn=0, OpRate=0
02-21 22:27:43.609  root   254   254 I panel-samsung-s6e3fc3-p10 1c2c0000.drmdsim.0: req: 208, br: 208
02-21 22:27:44.087  1000  1498  1922 I commit_sys_config_file: [settings-2-0,5]
02-21 22:27:44.090 10097  2929  2929 D CentralSurfaces: mUserSetupObserver - DeviceProvisionedListener called for current user
02-21 22:27:44.090 10094  3193  3193 D b/254119092: destroyExistingTaskbar: null
02-21 22:27:44.090 10094  3193  3193 D b/254119092: mActivity and mContext agree taskbarIsPresent=false
02-21 22:27:44.090  1000  1498  3009 I LockSettingsService: Executing shell command 'get-disabled'; callingPid=895, callingUid=2000
02-21 22:27:44.090 10094  3193  3193 D b/254119092: recreateTaskbar: isTaskbarEnabled=false [dp != null (i.e. mUserUnlocked)]=true FLAG_HIDE_NAVBAR_WINDOW=false dp.isTaskbarPresent=false
02-21 22:27:44.090 10094  3193  3193 D b/254119092: mActivity and mContext agree taskbarIsPresent=false
02-21 22:27:44.094  1000  1498   991 D ActivityManager: sync unfroze 3538 com.android.devicelockcontroller for 6
02-21 22:27:44.095  1000  1498  1923 I am_unfreeze: [3538,com.android.devicelockcontroller,6]
02-21 22:27:44.095  1000  1498   991 I am_uid_active: 10119
02-21 22:27:44.096  1000  1498  2853 V WifiService: onReceive: MODE_CHANGED_ACTION: intent=Intent { act=android.location.MODE_CHANGED flg=0x50000010 (has extras) }
02-21 22:27:44.096  1000  1498  2913 V WifiAwareStateManager: onReceive: MODE_CHANGED_ACTION: intent=Intent { act=android.location.MODE_CHANGED flg=0x50000010 (has extras) }
02-21 22:27:44.096 10119  3538  3538 D DeviceLockControllerService: onCreate
02-21 22:27:44.096  1000  1498  2913 I WifiService: getWifiEnabledState uid=1000 state=1
02-21 22:27:44.096  1000  1498  2913 D WifiAwareStateManager: enableUsage(): while Wi-Fi is disabled - ignoring
02-21 22:27:44.097  1000  1498  2853 D WifiNative: mIsLocationModeEnabled true mLastLocationModeEnabledTimeMs 23572
02-21 22:27:44.097  1000  1498   991 I DeviceLockControllerConnectorImpl: Binding com.android.devicelockcontroller/.DeviceLockControllerService
02-21 22:27:44.097  1000  1498  1498 V RttServiceImpl: onReceive: MODE_CHANGED_ACTION: intent=Intent { act=android.location.MODE_CHANGED flg=0x50000010 (has extras) }
02-21 22:27:44.097  1000  1498  1498 I DeviceLockControllerConnectorImpl: Connected to com.android.devicelockcontroller/.DeviceLockControllerService
02-21 22:27:44.098  1080   916   962 D CHRE    : @ 34388.968: Posting setting change: setting type 0 enabled 1
02-21 22:27:44.099  1080   916   962 D CHRE    : @ 34388.969: Setting changed callback called for setting 0 enabled 1
02-21 22:27:44.100  1000  1498  4112 I DeviceLockServiceImpl: User set up complete reported for: UserHandle{0}
02-21 22:27:44.129  1000  1498  1783 W PinnerService: Could not find pinlist.meta for "/system_ext/priv-app/Launcher3QuickStep/Launcher3QuickStep.apk": pinning as blob
02-21 22:27:44.138  1000  1498  1782 I LockSettingsService: Executing shell command 'get-disabled'; callingPid=1049, callingUid=2000
02-21 22:27:44.142  1000  1498  1766 D AutofillUI: destroySaveUiUiThread(): already destroyed
02-21 22:27:44.142  1000  1498  1783 D AutofillManagerServiceImpl: Reset component for user 0:null
02-21 22:27:44.145  1000  1498  1766 D AutofillUI: destroySaveUiUiThread(): already destroyed
02-21 22:27:44.145  1000  1498  1783 D AutofillManagerServiceImpl: Reset component for user 0:null
02-21 22:27:44.145  1000  1498  1783 D FieldClassificationStrategy: reset(): service is not bound. Do nothing.
02-21 22:27:44.161  1000  1498  1938 I input_interaction: Interaction with: 2c0dee2 NotificationShade (server), PointerEventDispatcher0 (server), 
02-21 22:27:44.163 10097  2929  2969 I jank_cuj_events_begin_request: [0,1771684064163008000,34366340355349,33946656791151,Collapse]
02-21 22:27:44.173 10097  2929  2929 D ZenModeController: Added callback class com.android.systemui.qs.tiles.DndTile$3
02-21 22:27:44.173 10097  2929  2929 D ZenModeController: Removed callback class com.android.systemui.qs.tiles.DndTile$3
02-21 22:27:44.229  1000  1498  3009 I wm_set_keyguard_shown: [0,1,0,1,0,keyguardGoingAway]
02-21 22:27:44.230  1000  1498  3009 D ActivityTaskManager: Top Process State changed to PROCESS_STATE_TOP
02-21 22:27:44.230 10097  2929  2966 V WindowManagerShell: Transition requested (#10): android.os.BinderProxy@1b64633 TransitionRequestInfo { type = TO_BACK, triggerTask = null, pipTask = null, remoteTransition = null, displayChange = null, flags = 262, debugId = 10 }
02-21 22:27:44.232  1000  1498  3009 I wm_set_resumed_activity: [0,com.android.launcher3/.uioverrides.QuickstepLauncher,resumeTopActivity - onActivityStateChanged]
02-21 22:27:44.232  1000  1498  3009 I wm_resume_activity: [0,28307478,7,com.android.launcher3/.uioverrides.QuickstepLauncher]
02-21 22:27:44.235 10094  3193  3193 I wm_on_restart_called: [28307478,com.android.launcher3.uioverrides.QuickstepLauncher,performRestart,0]
02-21 22:27:44.236 10094  3193  3193 I wm_on_start_called: [28307478,com.android.launcher3.uioverrides.QuickstepLauncher,handleStartActivity,1]
02-21 22:27:44.237 10094  3193  3193 I wm_on_resume_called: [28307478,com.android.launcher3.uioverrides.QuickstepLauncher,RESUME_ACTIVITY,0]
02-21 22:27:44.237 10094  3193  3193 I wm_on_top_resumed_gained_called: [28307478,com.android.launcher3.uioverrides.QuickstepLauncher,topWhenResuming]
02-21 22:27:44.237 10094  3193  3193 D StatsLog: LAUNCHER_ONRESUME
02-21 22:27:44.237 10097  2929  2929 I KeyguardTransitionRepository: STARTED transition: TransitionStep(from=LOCKSCREEN, to=GONE, value=0.0, transitionState=STARTED, ownerName=FromLockscreenTransitionInteractor)
02-21 22:27:44.239 10097  2929  2966 D WindowManagerShell: setLauncherKeepClearAreaHeight: visible=false, height=294
02-21 22:27:44.240 10097  2929  2966 D WindowManagerShell: setLauncherKeepClearAreaHeight: visible=true, height=294
02-21 22:27:44.241 10097  2929  2929 I KeyguardTransitionRepository: Duplicate call to start the transition, rejecting: TransitionInfo(ownerName=FromLockscreenTransitionInteractor, from=LOCKSCREEN, to=GONE, animated)
02-21 22:27:44.244 10094  3193  3193 I viewroot_draw_event: [VRI[QuickstepLauncher],Start draw after previous draw not visible]
02-21 22:27:44.244 10094  3193  3193 D BaseDepthController: setSurface:
02-21 22:27:44.244 10094  3193  3193 D BaseDepthController: 	mWaitingOnSurfaceValidity: false
02-21 22:27:44.244 10094  3193  3193 D BaseDepthController: 	mSurface: Surface(name=com.android.launcher3/com.android.launcher3.uioverrides.QuickstepLauncher)/@0x3708a83
02-21 22:27:44.246  1000   557  3274 W gralloc4: Unable to set buffer name VRI[QuickstepLauncher]#2(BLAST Consumer)2: File name too long
02-21 22:27:44.247  1000   557  3274 W gralloc4: Unable to set buffer name VRI[QuickstepLauncher]#2(BLAST Consumer)2: File name too long
02-21 22:27:44.248  1000   557  3274 W gralloc4: Unable to set buffer name VRI[QuickstepLauncher]#2(BLAST Consumer)2: File name too long
02-21 22:27:44.249  1000   557  3274 W gralloc4: Unable to set buffer name VRI[QuickstepLauncher]#2(BLAST Consumer)2: File name too long
02-21 22:27:44.252 10094  3193  3193 I viewroot_draw_event: [VRI[QuickstepLauncher],reportDrawFinished seqId=0]
02-21 22:27:44.260  1000   556   556 I BpBinder: onLastStrongRef automatically unlinking death recipients: 
02-21 22:27:44.261  1000  1498  1765 V WindowManager: Sent Transition (#10) createdAt=02-21 22:27:44.229 via request=TransitionRequestInfo { type = TO_BACK, triggerTask = null, pipTask = null, remoteTransition = null, displayChange = null, flags = 262, debugId = 10 }
02-21 22:27:44.261  1000  1498  1765 V WindowManager:     startWCT=WindowContainerTransaction { changes = {} hops = [] errorCallbackToken=null taskFragmentOrganizer=null }
02-21 22:27:44.261  1000  1498  1765 V WindowManager:     info={id=10 t=TO_BACK f=0x106 trk=0 r=[0@Point(0, 0)] c=[
02-21 22:27:44.261  1000  1498  1765 V WindowManager:         {WCT{RemoteToken{e8cef0 Task{b726dea #1 type=undefined}}} m=TO_FRONT f=SHOW_WALLPAPER p=WCT{RemoteToken{286e8f1 DefaultTaskDisplayArea@122761315}} leash=Surface(name=Task=1)/@0xea2207d sb=Rect(0, 0 - 1080, 2400) eb=Rect(0, 0 - 1080, 2400) d=0},
02-21 22:27:44.261  1000  1498  1765 V WindowManager:         {WCT{RemoteToken{286e8f1 DefaultTaskDisplayArea@122761315}} m=TO_FRONT f=SHOW_WALLPAPER leash=Surface(name=DefaultTaskDisplayArea)/@0x69636d4 sb=Rect(0, 0 - 1080, 2400) eb=Rect(0, 0 - 1080, 2400) d=0}
02-21 22:27:44.261  1000  1498  1765 V WindowManager:     ]}
02-21 22:27:44.261 10097  2929  2966 V WindowManagerShell: onTransitionReady (#10) android.os.BinderProxy@1b64633: {id=10 t=TO_BACK f=0x106 trk=0 r=[0@Point(0, 0)] c=[{WCT{android.window.IWindowContainerToken$Stub$Proxy@eaa91c} m=TO_FRONT f=SHOW_WALLPAPER p=WCT{android.window.IWindowContainerToken$Stub$Proxy@b18b925} leash=Surface(name=Task=1)/@0x1f8f69 sb=Rect(0, 0 - 1080, 2400) eb=Rect(0, 0 - 1080, 2400) d=0},{WCT{android.window.IWindowContainerToken$Stub$Proxy@98e4afa} m=TO_FRONT f=SHOW_WALLPAPER leash=Surface(name=DefaultTaskDisplayArea)/@0xf583dee sb=Rect(0, 0 - 1080, 2400) eb=Rect(0, 0 - 1080, 2400) d=0}]}
02-21 22:27:44.261 10097  2929  2966 V WindowManagerShell: Playing animation for (#10) android.os.BinderProxy@1b64633@0
02-21 22:27:44.261 10097  2929  2966 V WindowManagerShell:  try handler com.android.wm.shell.transition.DefaultMixedHandler@7c68ea0
02-21 22:27:44.261 10097  2929  2966 V WindowManagerShell:  try handler com.android.wm.shell.keyguard.KeyguardTransitionHandler@ebfaa59
02-21 22:27:44.261 10097  2929  2966 V WindowManagerShell: start keyguard going-away transition, info = {id=10 t=TO_BACK f=0x106 trk=0 r=[0@Point(0, 0)] c=[{WCT{android.window.IWindowContainerToken$Stub$Proxy@eaa91c} m=TO_FRONT f=SHOW_WALLPAPER p=WCT{android.window.IWindowContainerToken$Stub$Proxy@b18b925} leash=Surface(name=Task=1)/@0x1f8f69 sb=Rect(0, 0 - 1080, 2400) eb=Rect(0, 0 - 1080, 2400) d=0},{WCT{android.window.IWindowContainerToken$Stub$Proxy@98e4afa} m=TO_FRONT f=SHOW_WALLPAPER leash=Surface(name=DefaultTaskDisplayArea)/@0xf583dee sb=Rect(0, 0 - 1080, 2400) eb=Rect(0, 0 - 1080, 2400) d=0}]}
02-21 22:27:44.261 10097  2929  2966 D KeyguardService: Starts IRemoteAnimationRunner: info={id=10 t=TO_BACK f=0x106 trk=0 r=[0@Point(0, 0)] c=[{WCT{android.window.IWindowContainerToken$Stub$Proxy@eaa91c} m=TO_FRONT f=SHOW_WALLPAPER p=WCT{android.window.IWindowContainerToken$Stub$Proxy@b18b925} leash=Surface(name=Task=1)/@0x1f8f69 sb=Rect(0, 0 - 1080, 2400) eb=Rect(0, 0 - 1080, 2400) d=0},{WCT{android.window.IWindowContainerToken$Stub$Proxy@98e4afa} m=TO_FRONT f=SHOW_WALLPAPER leash=Surface(name=DefaultTaskDisplayArea)/@0xf583dee sb=Rect(0, 0 - 1080, 2400) eb=Rect(0, 0 - 1080, 2400) d=0}]}
02-21 22:27:44.262 10097  2929  2969 I jank_cuj_events_cancel_request: [23,1771684064262781000,34366440128543,33946756564507]
02-21 22:27:44.262 10097  2929  2966 V WindowManagerShell:  animated by com.android.wm.shell.keyguard.KeyguardTransitionHandler@ebfaa59
02-21 22:27:44.263 10097  2929  2929 D KeyguardViewMediator: handleStartKeyguardExitAnimation startTime=0 fadeoutDuration=0
02-21 22:27:44.263 10097  2929  2969 I jank_cuj_events_begin_request: [29,1771684064263165000,34366440512861,33946756948906,DismissPanel]
02-21 22:27:44.263 10097  2929  2929 D KeyguardUnlock: playCannedUnlockAnimation
02-21 22:27:44.263 10097  2929  2929 D KeyguardUnlock: playCannedUnlockAnimation, surfaceBehindEntryAnimator#start
02-21 22:27:44.263 10097  2929  2969 I jank_cuj_events_cancel_request: [0,1771684064263679000,34366441026777,33946757462944]
02-21 22:27:44.265 10097  2929  2929 D ProxSensor: [FalsingCollector] unregistering sensor listener
02-21 22:27:44.265 10097  2929  2929 D KeyguardViewMediator: KeyguardViewMediator queue processing message: START_KEYGUARD_EXIT_ANIM
02-21 22:27:44.266  1000   939  1572 D usf_sensor_hal: proximity: Enter Activate. Enable = 0.
02-21 22:27:44.267  root  1154  1154 D AOC     : A3:MSG: usf_sensor.cc, 1685: USF: Received stop sampling request for TMD3719 Proximity (active:0).
02-21 22:27:44.268  root  1154  1154 D AOC     : A3:MSG: tmd3719_sensor.cc, 327: USF: TMD3719: Report new active state:0
02-21 22:27:44.269  root  1154  1154 D AOC     : A3:MSG: tmd3719_device.cc, 420: USF: TMD3719: StopSampling(type:0 err:0): client_count P/A+fakeA:0/1+0
02-21 22:27:44.269  1000   939  1015 I usf_sensor_hal: Received REPORT_SENSOR_ACTIVE_STATE_CHANGES event from 'TMD3719 Proximity' with new state:kInactive!
02-21 22:27:44.269  1000   558   682 D hwc-display: setMinIdleRefreshRate requester 0, fps 0
02-21 22:27:44.269  1000   558   682 I hwc-display: ExynosPrimaryDisplay::setMinIdleRefreshRate() writes min_vrefresh(0) to the sysfs node
02-21 22:27:44.270  1000   558   682 I hwc-display: setRefreshRateThrottleNanos() requester(0) set delay to 0ns
02-21 22:27:44.270  1000   558   682 I hwc-display: setDisplayIdleDelayNanos() writes idle_delay_ms(0) to the sysfs node (0x0)
02-21 22:27:44.272  1000   939  1698 I sensor-suez: Vendor atom [id = 100133] reported.
02-21 22:27:44.273  1000  1498  1609 W UserManagerService: Requested status bar icon for non-badged user 0
02-21 22:27:44.278  1000  1498  3009 I sysui_multi_action: [757,127,758,2]
02-21 22:27:44.278  1000  1498  3009 I notification_panel_hidden: 
02-21 22:27:44.279  1000  1498  3009 I sysui_multi_action: [757,128,758,2,793,1152679,794,8100,795,1152679,796,26,798,0,806,android,857,DEVELOPER_IMPORTANT,858,4,946,ranker_group,947,0,1395,1,1500,8100,1688,1]
02-21 22:27:44.279  1000  1498  3009 I notification_visibility: [-1|android|26|null|1000,0,1152679,1152679,0,0]
02-21 22:27:44.288  1000  1498  1922 I commit_sys_config_file: [settings-0-0,5]
02-21 22:27:44.293  1000  1498  1922 I commit_sys_config_file: [settings-2-0,2]
02-21 22:27:44.428  1000  1498  1767 I commit_sys_config_file: [package-session,10]
02-21 22:27:44.430  1000  1498  1767 I commit_sys_config_file: [package-session,2]
02-21 22:27:44.436  1000  1498  1895 I commit_sys_config_file: [package-session,3]
02-21 22:27:44.461  1000  1498  1947 W PackageParsing: No actions in intent-filter at /data/app/vmdl1258122968.tmp/base.apk Binary XML file line #81
02-21 22:27:44.461  1000  1498  1947 W PackageParsing: No actions in intent-filter at /data/app/vmdl1258122968.tmp/base.apk Binary XML file line #89
02-21 22:27:44.462  1000  1498  1947 W PackageParsing: No actions in intent-filter at /data/app/vmdl1258122968.tmp/base.apk Binary XML file line #97
02-21 22:27:44.467  1000  1498  1947 W RuleEvaluation: Integrity rule files are not available.
02-21 22:27:44.467  1000  1498  1818 I PackageManager: Integrity check passed for file:///data/app/vmdl1258122968.tmp
02-21 22:27:44.470  1000  1498  1767 I commit_sys_config_file: [package-session,3]
02-21 22:27:44.474  1000  1498  1818 W PackageParsing: No actions in intent-filter at /data/app/vmdl1258122968.tmp/base.apk Binary XML file line #81
02-21 22:27:44.475  1000  1498  1818 W PackageParsing: No actions in intent-filter at /data/app/vmdl1258122968.tmp/base.apk Binary XML file line #89
02-21 22:27:44.475  1000  1498  1818 W PackageParsing: No actions in intent-filter at /data/app/vmdl1258122968.tmp/base.apk Binary XML file line #97
02-21 22:27:44.532  1000  1498  1818 I commit_sys_config_file: [package,20]
02-21 22:27:44.532  1000  1498  1818 D PackageManager: Instant App installer not found with android.intent.action.INSTALL_INSTANT_APP_PACKAGE
02-21 22:27:44.532  1000  1498  1818 D PackageManager: Clear ephemeral installer activity
02-21 22:27:44.551  logd   443   443 I logd    : start watching /data/system/packages.list ...
02-21 22:27:44.552  logd   443   443 I logd    : ReadPackageList, total packages: 133
02-21 22:27:44.533  1000  1498  1498 I dvm_lock_sample: [system_server,1,main,49,PackageManagerService.java,1222,com.android.server.pm.Computer com.android.server.pm.PackageManagerService.snapshotComputer(boolean),-,7441,void com.android.server.pm.PackageManagerService.forEachPackageSetting(java.util.function.Consumer),9]
02-21 22:27:44.545 10097  2929  2929 D KeyguardUnlock: surfaceBehindEntryAnimator#onAnimationEnd
02-21 22:27:44.545 10097  2929  2929 D KeyguardViewMediator: exitKeyguardAndFinishSurfaceBehindRemoteAnimation
02-21 22:27:44.545 10097  2929  2969 I jank_cuj_events_end_request: [29,1771684064545393000,34366722740888,33947039177015]
02-21 22:27:44.547  1000  1498  1813 I commit_sys_config_file: [package-user-0,15]
02-21 22:27:44.551  artd 32294 32448 I artd    : Merge skipped because there are no existing profiles
02-21 22:27:44.553  artd 32294 32448 I artd    : Dex parent of /data/app/~~w53LlNE4d7K1-D49Lap0_Q==/android.display.cts-_4g9qYzxxvFcaF0hjKN43g==/base.apk is not writable: Permission denied
02-21 22:27:44.553  artd 32294 32448 I artd    : GetBestInfo checking odex in dalvik-cache (/data/dalvik-cache/arm64/data@app@~~w53LlNE4d7K1-D49Lap0_Q==@android.display.cts-_4g9qYzxxvFcaF0hjKN43g==@base.apk@classes.dex)
02-21 22:27:44.554  artd 32294 32448 I artd    : Loading /data/dalvik-cache/arm64/data@app@~~w53LlNE4d7K1-D49Lap0_Q==@android.display.cts-_4g9qYzxxvFcaF0hjKN43g==@base.apk@classes.dex with executable: 0
02-21 22:27:44.554  artd 32294 32448 I artd    : OatFileAssistant test for existing oat file /data/dalvik-cache/arm64/data@app@~~w53LlNE4d7K1-D49Lap0_Q==@android.display.cts-_4g9qYzxxvFcaF0hjKN43g==@base.apk@classes.dex: File /data/dalvik-cache/arm64/data@app@~~w53LlNE4d7K1-D49Lap0_Q==@android.display.cts-_4g9qYzxxvFcaF0hjKN43g==@base.apk@classes.vdex does not exist.
02-21 22:27:44.554  artd 32294 32448 I artd    : GetBestInfo checking odex next to the dex file (/data/app/~~w53LlNE4d7K1-D49Lap0_Q==/android.display.cts-_4g9qYzxxvFcaF0hjKN43g==/oat/arm64/base.odex)
02-21 22:27:44.554  artd 32294 32448 I artd    : Loading /data/app/~~w53LlNE4d7K1-D49Lap0_Q==/android.display.cts-_4g9qYzxxvFcaF0hjKN43g==/oat/arm64/base.odex with executable: 0
02-21 22:27:44.554  artd 32294 32448 I artd    : OatFileAssistant test for existing oat file /data/app/~~w53LlNE4d7K1-D49Lap0_Q==/android.display.cts-_4g9qYzxxvFcaF0hjKN43g==/oat/arm64/base.odex: File /data/app/~~w53LlNE4d7K1-D49Lap0_Q==/android.display.cts-_4g9qYzxxvFcaF0hjKN43g==/oat/arm64/base.vdex does not exist.
02-21 22:27:44.554  artd 32294 32448 I artd    : GetBestInfo checking vdex in dalvik-cache (/data/dalvik-cache/arm64/data@app@~~w53LlNE4d7K1-D49Lap0_Q==@android.display.cts-_4g9qYzxxvFcaF0hjKN43g==@base.apk@classes.vdex)
02-21 22:27:44.554  artd 32294 32448 I artd    : unable to open vdex file /data/dalvik-cache/arm64/data@app@~~w53LlNE4d7K1-D49Lap0_Q==@android.display.cts-_4g9qYzxxvFcaF0hjKN43g==@base.apk@classes.vdex: File /data/dalvik-cache/arm64/data@app@~~w53LlNE4d7K1-D49Lap0_Q==@android.display.cts-_4g9qYzxxvFcaF0hjKN43g==@base.apk@classes.vdex does not exist.
02-21 22:27:44.554  artd 32294 32448 I artd    : OatFileAssistant test for existing oat file /data/dalvik-cache/arm64/data@app@~~w53LlNE4d7K1-D49Lap0_Q==@android.display.cts-_4g9qYzxxvFcaF0hjKN43g==@base.apk@classes.vdex: File /data/dalvik-cache/arm64/data@app@~~w53LlNE4d7K1-D49Lap0_Q==@android.display.cts-_4g9qYzxxvFcaF0hjKN43g==@base.apk@classes.vdex does not exist.
02-21 22:27:44.554  artd 32294 32448 I artd    : GetBestInfo checking vdex next to the dex file (/data/app/~~w53LlNE4d7K1-D49Lap0_Q==/android.display.cts-_4g9qYzxxvFcaF0hjKN43g==/oat/arm64/base.vdex)
02-21 22:27:44.554  artd 32294 32448 I artd    : unable to open vdex file /data/app/~~w53LlNE4d7K1-D49Lap0_Q==/android.display.cts-_4g9qYzxxvFcaF0hjKN43g==/oat/arm64/base.vdex: File /data/app/~~w53LlNE4d7K1-D49Lap0_Q==/android.display.cts-_4g9qYzxxvFcaF0hjKN43g==/oat/arm64/base.vdex does not exist.
02-21 22:27:44.554  artd 32294 32448 I artd    : OatFileAssistant test for existing oat file /data/app/~~w53LlNE4d7K1-D49Lap0_Q==/android.display.cts-_4g9qYzxxvFcaF0hjKN43g==/oat/arm64/base.vdex: File /data/app/~~w53LlNE4d7K1-D49Lap0_Q==/android.display.cts-_4g9qYzxxvFcaF0hjKN43g==/oat/arm64/base.vdex does not exist.
02-21 22:27:44.554  artd 32294 32448 I artd    : GetBestInfo checking dm (/data/app/~~w53LlNE4d7K1-D49Lap0_Q==/android.display.cts-_4g9qYzxxvFcaF0hjKN43g==/base.dm)
02-21 22:27:44.554  artd 32294 32448 W ziparchive: Unable to open '/data/app/~~w53LlNE4d7K1-D49Lap0_Q==/android.display.cts-_4g9qYzxxvFcaF0hjKN43g==/base.dm': No such file or directory
02-21 22:27:44.554  artd 32294 32448 I artd    : OatFileAssistant test for existing oat file /data/app/~~w53LlNE4d7K1-D49Lap0_Q==/android.display.cts-_4g9qYzxxvFcaF0hjKN43g==/base.dm: I/O error
02-21 22:27:44.554  artd 32294 32448 I artd    : GetBestInfo checking dm (/data/app/~~w53LlNE4d7K1-D49Lap0_Q==/android.display.cts-_4g9qYzxxvFcaF0hjKN43g==/base.dm)
02-21 22:27:44.554  artd 32294 32448 W ziparchive: Unable to open '/data/app/~~w53LlNE4d7K1-D49Lap0_Q==/android.display.cts-_4g9qYzxxvFcaF0hjKN43g==/base.dm': No such file or directory
02-21 22:27:44.554  artd 32294 32448 I artd    : OatFileAssistant test for existing oat file /data/app/~~w53LlNE4d7K1-D49Lap0_Q==/android.display.cts-_4g9qYzxxvFcaF0hjKN43g==/base.dm: I/O error
02-21 22:27:44.555  artd 32294 32448 I artd    : GetBestInfo no usable artifacts
02-21 22:27:44.561 10097  2929  2929 D KeyguardViewMediator: onKeyguardExitRemoteAnimationFinished#hideKeyguardViewAfterRemoteAnimation
02-21 22:27:44.561  artd 32294 32448 I artd    : Running dex2oat: /apex/com.android.art/bin/art_exec --drop-capabilities --set-task-profile=Dex2OatBootComplete --set-priority=background --keep-fds=7:8:9:10:11:12:13:14:15 -- /apex/com.android.art/bin/dex2oat64 --zip-fd=7 --zip-location=/data/app/~~w53LlNE4d7K1-D49Lap0_Q==/android.display.cts-_4g9qYzxxvFcaF0hjKN43g==/base.apk --oat-fd=8 --oat-location=/data/app/~~w53LlNE4d7K1-D49Lap0_Q==/android.display.cts-_4g9qYzxxvFcaF0hjKN43g==/oat/arm64/base.odex --output-vdex-fd=9 --swap-fd=10 --class-loader-context-fds=11:12:13:14:15 --class-loader-context=PCL[]{PCL[/system/framework/android.test.runner.jar]{PCL[/system/framework/android.test.base.jar]#PCL[/system/framework/android.test.mock.jar]}#PCL[/system/framework/android.test.base.jar]#PCL[/system/framework/android.test.mock.jar]} --classpath-dir=/data/app/~~w53LlNE4d7K1-D49Lap0_Q==/android.display.cts-_4g9qYzxxvFcaF0hjKN43g== --instruction-set=arm64 --instruction-set-features=default --instruction-set-variant=cortex-a55 --compiler-filter=verify --compilation-reason=install --compact-dex-level=none --max-image-block-size=524288 --resolve-startup-const-strings=true --generate-mini-debug-info --runtime-arg -Xtarget-sdk-version:34 --runtime-arg -Xhidden-api-policy:enabled --runtime-arg -Xms64m --runtime-arg -Xmx512m --comments=app-name:android.display.cts,app-version-name:14,app-version-code:34,art-version:350090000
02-21 22:27:44.561  artd 32294 32448 I artd    : Opened FDs: 7:/data/app/~~w53LlNE4d7K1-D49Lap0_Q==/android.display.cts-_4g9qYzxxvFcaF0hjKN43g==/base.apk 8:/data/app/~~w53LlNE4d7K1-D49Lap0_Q==/android.display.cts-_4g9qYzxxvFcaF0hjKN43g==/oat/arm64/base.odex.pTzoGI.tmp 9:/data/app/~~w53LlNE4d7K1-D49Lap0_Q==/android.display.cts-_4g9qYzxxvFcaF0hjKN43g==/oat/arm64/base.vdex.kxFMVZ.tmp 10:/data/app/~~w53LlNE4d7K1-D49Lap0_Q==/android.display.cts-_4g9qYzxxvFcaF0hjKN43g==/oat/arm64/base.odex.swap.2OyDdM.tmp 11:/system/framework/android.test.mock.jar 12:/system/framework/android.test.base.jar 13:/system/framework/android.test.runner.jar 14:/system/framework/android.test.mock.jar 15:/system/framework/android.test.base.jar 
02-21 22:27:44.562 10097  2929  3012 D KeyguardViewMediator: updateActivityLockScreenState(false, false)
02-21 22:27:44.562  1000  1498  3009 I wm_set_keyguard_shown: [0,0,0,1,0,setKeyguardShown]
02-21 22:27:44.566 10097  2929  2929 D CentralSurfaces: !shouldBeKeyguard mStatusBarStateController.isKeyguardRequested() false keyguardForDozing false wakeAndUnlocking false isWakingAndOccluded false
02-21 22:27:44.566 10097  2929  2929 D CentralSurfaces: hideKeyguardImpl false
02-21 22:27:44.566 10097  2929  2929 D SbStateController: setState: requested state SHADE!= upcomingState: KEYGUARD. This usually means the status bar state transition was interrupted before the upcoming state could be applied.
02-21 22:27:44.567 10094  3193  3193 I OverviewComponentObserver: updateOverviewTargets: mIsHomeDisabled=false, isDefaultHomeNull=false, mIsDefaultHome=true
02-21 22:27:44.567  1000  1498  3009 W UserManagerService: Requested status bar icon for non-badged user 0
02-21 22:27:44.567 radio  3148  3148 D CarrierKeyDownloadManager: device unlocked, isRequiredToHandleUnlock = false, slotIndex = -1
02-21 22:27:44.567 radio  3148  3148 D CarrierKeyDownloadManager: device unlocked, isRequiredToHandleUnlock = false, slotIndex = -1
02-21 22:27:44.568  1000  1498  2853 V WifiDialogManager: Received action: android.intent.action.USER_PRESENT
02-21 22:27:44.569 10097  2929  2929 I sysui_multi_action: [757,111,758,2]
02-21 22:27:44.569  1041   971 31619 D AudioFlinger: AUDIO_OUTPUT_FLAG_FAST denied: sharedBuffer=0xb400006dbd41d310 frameCount=0 mFrameCount=480 format=0x1 mFormat=0x5 isLinear=1 channelMask=0x3 sampleRate=44100 mSampleRate=48000 hasFastMixer=1 tid=1146 fastTrackAvailMask=0xfe
02-21 22:27:44.587  root     0     0 E         : [    C4] exynos5-hsi2c 10970000.hsi2c: HSI2C Error Interrupt occurred(IS:0x00000400, TR:0x00080001)
02-21 22:27:44.587  root     0     0 E         : [    C4] exynos5-hsi2c 10970000.hsi2c: HSI2C NO ACK occurred
02-21 22:27:44.587   nfc  3968  3968 E exynos5-hsi2c 10970000.hsi2c: ack was not received at write
02-21 22:27:44.587   nfc  3968  3968 I exynos5-hsi2c 10970000.hsi2c: exynos5_i2c_set_timing IPCLK = 199680000 OP_CLK = 400000 DIV = 31 Timing FS1 = 0x1F0FF00 TIMING FS2 = 0x30003E0 TIMING FS3 = 0x1F0000
02-21 22:27:44.587   nfc  3968  3968 E st21nfc i2c-st21nfc: st21nfc_dev_write : i2c_master_send returned -6
02-21 22:27:44.570 10097  2929  2929 I sysui_multi_action: [757,196,758,2,759,0]
02-21 22:27:44.570 10097  2929  2929 I sysui_status_bar_state: [0,0,0,0,0,1]
02-21 22:27:44.571 10097  2929  2929 D FpsUnlockTracker: onUnlockedStage: fpsAuthenticated=false
02-21 22:27:44.571 10097  2929  2929 D KeyguardService: Finish IRemoteAnimationRunner.
02-21 22:27:44.571 10097  2929  2966 V WindowManagerShell: Transition animation finished (aborted=false), notifying core (#10) android.os.BinderProxy@1b64633@0
02-21 22:27:44.572  1000  1498  3009 D SystemServerTiming: getUserSwitchability-0
02-21 22:27:44.572  1000  1498  3009 D SystemServerTiming: TM.isInCall
02-21 22:27:44.573  1000  1498  4480 I wm_set_keyguard_occluded: [0,0,0,setOccluded]
02-21 22:27:44.573  1000  1498  3009 V SystemServerTiming: TM.isInCall took to complete: 0ms
02-21 22:27:44.573  1000  1498  3009 D SystemServerTiming: hasUserRestriction-DISALLOW_USER_SWITCH
02-21 22:27:44.573  1000  1498  3009 V SystemServerTiming: hasUserRestriction-DISALLOW_USER_SWITCH took to complete: 0ms
02-21 22:27:44.573  1000  1498  3009 D SystemServerTiming: getInt-ALLOW_USER_SWITCHING_WHEN_SYSTEM_USER_LOCKED
02-21 22:27:44.573  1000  1498  3009 V SystemServerTiming: getInt-ALLOW_USER_SWITCHING_WHEN_SYSTEM_USER_LOCKED took to complete: 0ms
02-21 22:27:44.573  1000  1498  3009 D SystemServerTiming: isUserUnlocked-USER_SYSTEM
02-21 22:27:44.573  1000  1498  3009 V SystemServerTiming: isUserUnlocked-USER_SYSTEM took to complete: 0ms
02-21 22:27:44.573  1000  1498  3009 V SystemServerTiming: getUserSwitchability-0 took to complete: 0ms
02-21 22:27:44.573 10097  2929  2966 V WindowManagerShell: Track 0 became idle
02-21 22:27:44.573 10097  2929  2966 V WindowManagerShell: All active transition animations finished
02-21 22:27:44.573  1000  1498  1765 V WindowManager: Finish Transition (#10): created at 02-21 22:27:44.229 collect-started=0.118ms request-sent=0.251ms started=5.81ms ready=5.793ms sent=30.508ms finished=342.517ms
02-21 22:27:44.574  1000  1498  1879 D FingerprintProvider/default: Starting watchdog for fingerprint
02-21 22:27:44.575 10097  2929 32736 D KeyguardService: setOccluded(false)
02-21 22:27:44.575 10097  2929 32736 D KeyguardViewMediator: setOccluded(false)
02-21 22:27:44.576  1041   971 31619 D audioserver: logFgsApiBegin: FGS Logger Transaction failed, -129
02-21 22:27:44.577  1041   909   344 D audio_hw_output_stream: update stream 1 active 1 gain 0.040626
02-21 22:27:44.578  1000  1498  2998 E AppOps  : Operation not found: uid=1041 pkg=audioserver(null) op=WAKE_LOCK
02-21 22:27:44.578  1041   909 29989 D audio_hw: prepare low-latency-playback
02-21 22:27:44.578  1041   909 29989 D audio_hw_soundtrigger: st_uc_monitor:uc:low-latency-playback active
02-21 22:27:44.578  1041   909 29989 D audio_hw: low-latency-playback:
02-21 22:27:44.578  1041   909 29989 D audio_hw: rx:
02-21 22:27:44.578  1041   909 29989 D audio_hw:   #0: OUT_SPEAKER_BE_CFG 0
02-21 22:27:44.578  1041   909 29989 W audio_hw_35l41: cs35l41_amp_common_event: ret: 0, event: 1, state: 2, device: 4
02-21 22:27:44.578  1041   909 29989 D audio_route: Apply path: speaker
02-21 22:27:44.581 10097  2929  2929 D LocalImageResolver: Couldn't use ImageDecoder for drawable, falling back to non-resized load.
02-21 22:27:44.598  1041 29989 29989 I cs35l41 spi7.0: cs35l41_bp_current_limit_put: value 2500
02-21 22:27:44.598  1041 29989 29989 I cs35l41 spi7.1: cs35l41_bp_current_limit_put: value 2500
02-21 22:27:44.599  1041 29989 29989 I cs35l41 spi7.0: cs35l41_hibernate event 0x1 hibernate state 0
02-21 22:27:44.599  1041 29989 29989 I cs35l41 spi7.0: cs35l41_exit_hibernate: hibernate state 0
02-21 22:27:44.599  1041 29989 29989 I cs35l41 spi7.0: cs35l41_dsp_load_ev: event: 2 halo_booted: 1
02-21 22:27:44.600  1041 29989 29989 I cs35l41 spi7.0: main amp event 2
02-21 22:27:44.602  1041 29989 29989 I cs35l41 spi7.1: cs35l41_hibernate event 0x1 hibernate state 0
02-21 22:27:44.602  1041 29989 29989 I cs35l41 spi7.1: cs35l41_exit_hibernate: hibernate state 0
02-21 22:27:44.602  1041 29989 29989 I cs35l41 spi7.1: cs35l41_dsp_load_ev: event: 2 halo_booted: 1
02-21 22:27:44.604  1041 29989 29989 I cs35l41 spi7.1: main amp event 2
02-21 22:27:44.585  1041   909 29989 D audio_hw_aoc_route: speaker 1
02-21 22:27:44.605  1041 29989 29989 I alsa    : aoc_path_put: set ep 8 hw_id 0x7 enable 1 chip 000000003fcff60c
02-21 22:27:44.585  1041   909 29989 D audio_route: Apply path: hostless-ulC spk-vi
02-21 22:27:44.587  artd  1151  1151 W dex2oat64: Mismatch between dex2oat instruction set features to use (ISA: Arm64 Feature string: -a53,crc,lse,fp16,dotprod,-sve) and those from CPP defines (ISA: Arm64 Feature string: -a53,crc,-lse,fp16,dotprod,-sve) for the command line:
02-21 22:27:44.587  artd  1151  1151 W dex2oat64: /apex/com.android.art/bin/dex2oat64 --zip-fd=7 --zip-location=/data/app/~~w53LlNE4d7K1-D49Lap0_Q==/android.display.cts-_4g9qYzxxvFcaF0hjKN43g==/base.apk --oat-fd=8 --oat-location=/data/app/~~w53LlNE4d7K1-D49Lap0_Q==/android.display.cts-_4g9qYzxxvFcaF0hjKN43g==/oat/arm64/base.odex --output-vdex-fd=9 --swap-fd=10 --class-loader-context-fds=11:12:13:14:15 --class-loader-context=PCL[]{PCL[/system/framework/android.test.runner.jar]{PCL[/system/framework/android.test.base.jar]#PCL[/system/framework/android.test.mock.jar]}#PCL[/system/framework/android.test.base.jar]#PCL[/system/framework/android.test.mock.jar]} --classpath-dir=/data/app/~~w53LlNE4d7K1-D49Lap0_Q==/android.display.cts-_4g9qYzxxvFcaF0hjKN43g== --instruction-set=arm64 --instruction-set-features=default --instruction-set-variant=cortex-a55 --compiler-filter=verify --compilation-reason=install --compact-dex-level=none --max-image-block-size=524288 --resolve-startup-const-strings=true --generate-mini-debug-info --runtime-arg -Xtarget-sdk-version:34 --runtime-arg -Xhidden-api-policy:enabled --runtime-arg -Xms64m --runtime-arg -Xmx512m --comments=app-name:android.display.cts,app-version-name:14,app-version-code:34,art-version:350090000
02-21 22:27:44.587  artd  1151  1151 I dex2oat64: /apex/com.android.art/bin/dex2oat64 --output-vdex-fd=9 --class-loader-context-fds=11:12:13:14:15 --class-loader-context=PCL[]{PCL[/system/framework/android.test.runner.jar]{PCL[/system/framework/android.test.base.jar]#PCL[/system/framework/android.test.mock.jar]}#PCL[/system/framework/android.test.base.jar]#PCL[/system/framework/android.test.mock.jar]} --classpath-dir=/data/app/~~w53LlNE4d7K1-D49Lap0_Q==/android.display.cts-_4g9qYzxxvFcaF0hjKN43g== --compiler-filter=verify --compilation-reason=install --compact-dex-level=none --max-image-block-size=524288 --resolve-startup-const-strings=true --generate-mini-debug-info --comments=app-name:android.display.cts,app-version-name:14,app-version-code:34,art-version:350090000
02-21 22:27:44.587  1041   909 29989 W audio_hw_35l41: cs35l41_amp_common_event: ret: 0, event: 2, state: 3, device: 4
02-21 22:27:44.587  1041   909 29989 D audio_hw_soundtrigger: st_comm_aud_event_monitor:codec dev:4 active
02-21 22:27:44.607  1041 29989 29989 I alsa    : be_prepare: dai TDM_0_TX id 0xc0000007
02-21 22:27:44.607  1041 29989 29989 I alsa    : aoc_path_put: set ep 1 hw_id 0x6 enable 1 chip 000000003fcff60c
02-21 22:27:44.607  1041 29989 29989 I alsa    : bind: src:1 - sink:0!
02-21 22:27:44.607  1041 29989 29989 I alsa    : alsa-aoc cmd [output] id 0x010f, size 11, cntr 98
02-21 22:27:44.610  1041 29989 29989 I alsa    : audio_playback1 supports interrupt-driven
02-21 22:27:44.610  1041 29989 29989 I alsa    : be_prepare: dai TDM_0_RX id 0x80000006
02-21 22:27:44.611  1041 29989 29989 I alsa    : alsa-aoc cmd [output] id 0x00ce, size 28, cntr 99
02-21 22:27:44.587  1041   909 29989 I audio_hw_aoc: Mode Ambient is already selected
02-21 22:27:44.587  1041   909  1631 D audio_hw_waves_cust_action_battery: UpdateThrottleState: 2->1 T
02-21 22:27:44.587  1041   909 29989 D audio_route: Apply path: low-latency-playbackP
02-21 22:27:44.587  1041   909  1631 D audio_hw_waves_cust_action_battery: UpdateThrottleState: update tuning!
02-21 22:27:44.588  1041   909 29989 D audio_hw_aoc_route: low-latency-playbackP 1
02-21 22:27:44.588  1041   909 29989 D audio_route: Apply path: speaker-post
02-21 22:27:44.589  1000  1498  1768 I user_activity_timeout_override: -1
02-21 22:27:44.590  1041   909 29989 D audio_hw_aoc_route: speaker-post 1
02-21 22:27:44.590  root  1154  1154 D AOC     : F1:MSG: controller.cc, 275: AudioOutCtrl: cmd ID: 0x010f, tag: 0x61 [cntr = 93]
02-21 22:27:44.590  root  1154  1154 D AOC     : F1:Source 1 mastered by sink 0
02-21 22:27:44.590  root  1154  1154 D AOC     : F1:AT Map:2 (LL:0), 1 EPs active, Power: Yes, Config: No
02-21 22:27:44.590  root  1154  1154 D AOC     : F1:Mixer 0 configuration changed: (2)
02-21 22:27:44.590  root  1154  1154 D AOC     : F1:Sink 0 Configuration changed: ULL (enabled)
02-21 22:27:44.590  root  1154  1154 D AOC     : F1:AHWSinkSPKR started: 48 samples (32-bit,2 ch,48 kHz) block 384 ts_en 0
02-21 22:27:44.590  root  1154  1154 D AOC     : F1:[AHWSinkSPKR] DL resync B: 0, A:0. wo: 0, target offset: 3264 (align 0) -> ro:0
02-21 22:27:44.590  root  1154  1154 D AOC     : F1:ERR: mix_creator.cc, 136: Source CHP is not registered with AHWSinkSPKR
02-21 22:27:44.590  root  1154  1154 D AOC     : F1:Speaker TDM Started with Clk: 6144 KHz, FS: 48 KHz, Slots: 4 (4 ch used) DMA:1+2
02-21 22:27:44.590  root  1154  1154 D AOC     : F1:MSG: controller.cc, 899: AudioOutCtrl: ipc: audio_output_co, cmd ID: 0x010f, tag: 0x61, rc: 0
02-21 22:27:44.590  root  1154  1154 D AOC     : F1:[AHWSinkSPKR] mix overrun by 3840
02-21 22:27:44.590  root  1154  1154 D AOC     : H0:Mixer AMixSPKR: 480 samples (0002/0002) (ON SC)
02-21 22:27:44.590  root  1154  1154 D AOC     : H0:	 1: 0x4e41a8
02-21 22:27:44.590  root  1154  1154 D AOC     : H0:AMixSPKR PostProcessing Config: WAVES
02-21 22:27:44.590  root  1154  1154 D AOC     : H0:Mixer configuration updated
02-21 22:27:44.590  root  1154  1154 D AOC     : H0:[Idle Tracker] long no idle:[0] average between idle:[4.678521ms] max no idle:[21.841596ms]
02-21 22:27:44.590  root  1154  1154 D AOC     : H0:Mixer state changed
02-21 22:27:44.591  1000  1498  1805 V DisplayPowerController2[0]: Brightness [0.17429718] reason changing to: 'manual', previous reason: 'manual [ dim ]'.
02-21 22:27:44.591  1000  1498  1805 I DisplayPowerController2[0]: BrightnessEvent: disp=0, physDisp=local:4619827677550801152, displayState=ON, displayPolicy=BRIGHT, brt=0.17429718, initBrt=0.05, rcmdBrt=NaN, preBrt=NaN, lux=0.0, preLux=0.0, hbmMax=0.5, hbmMode=off, rbcStrength=50, thrmMax=1.0, powerFactor=1.0, wasShortTermModelActive=false, flags=, reason=manual, autoBrightness=false, strategy=InvalidBrightnessStrategy, autoBrightnessMode=default
02-21 22:27:44.591  1000  1498  1805 I sysui_multi_action: [757,1696,758,6,759,3]
02-21 22:27:44.591  1000  1498  1769 I input_focus: [Focus request f90a277 com.android.launcher3/com.android.launcher3.uioverrides.QuickstepLauncher,reason=UpdateInputWindows]
02-21 22:27:44.592  1041   909 29989 D audio_hw_waves: waves_usecase_event: low-latency-playback start
02-21 22:27:44.592  1041   909 29989 D audio_hw_waves: waves_usecase_event: trigger to update tuning when first track is running.
02-21 22:27:44.592  1041   909 29989 D audio_hw_waves: update_sink_info_from_usecases: sink 1 VOL/Stream update 0.000000(4294967295) -> 0.040626(1)
02-21 22:27:44.592  root  1154  1154 D AOC     : F1:MSG: controller.cc, 275: AudioOutCtrl: cmd ID: 0x00ce, tag: 0x62 [cntr = 94]
02-21 22:27:44.592  root  1154  1154 D AOC     : F1:MSG: controller_audio_output.cc, 1788: audio_playback1 set default threshold 11520
02-21 22:27:44.592  root  1154  1154 D AOC     : F1:MSG: controller.cc, 899: AudioOutCtrl: ipc: audio_output_co, cmd ID: 0x012b, tag: 0x0c, rc: 0
02-21 22:27:44.593  1041   909 29989 D audio_hw_waves: send_waves_tuning: instance_id = 1, tuning_id = 2
02-21 22:27:44.593  1041   909 29989 D audio_hw_aoc: aoc_send_rtc_mixer_tuning: block_id = 16, comp_id = 2
02-21 22:27:44.594  root  1154  1154 D AOC     : F1:MSG: controller.cc, 275: AudioOutCtrl: cmd ID: 0x00d5, tag: 0x09 [cntr = 95]
02-21 22:27:44.596  root  1154  1154 D AOC     : H0:MSG: controller.cc, 899: AudOutCtrlH0: ipc: C-AO-H0, cmd ID: 0x00d5, tag: 0x17, rc: 0
02-21 22:27:44.596  root  1154  1154 D AOC     : F1:MSG: controller.cc, 899: AudioOutCtrl: ipc: audio_output_tu, cmd ID: 0x00d5, tag: 0x17, rc: 0
02-21 22:27:44.597  root  1154  1154 D AOC     : F1:MSG: controller.cc, 275: AudioOutCtrl: cmd ID: 0x00c9, tag: 0x63 [cntr = 96]
02-21 22:27:44.597  root  1154  1154 D AOC     : F1:MSG: controller.cc, 899: AudioOutCtrl: ipc: audio_output_co, cmd ID: 0x00c9, tag: 0x63, rc: 0
02-21 22:27:44.616  1041 29989 29989 I alsa    : alsa-aoc cmd [output] id 0x00c9, size 10, cntr 100
02-21 22:27:44.605 10097  2929  2929 D ShadeCarrierGroup: ignoring old pipeline callback because new mobile icon is enabled
02-21 22:27:44.605  1000  1498  2998 W UserManagerService: Requested status bar icon for non-badged user 0
02-21 22:27:44.606  1000   558   682 I hwc-display: path=drm, id=0, level=215, nits=53.516670, brightness=0.051724, DimmingOn=1, Hbm=0, LhbmOn=0, OpRate=0
