02-21 12:55:24.694 10046  3788  3922 I dvm_lock_sample: [com.android.documentsui,0,pool-2-thread-1,424,ProvidersCache.java,644,void com.android.documentsui.roots.ProvidersCache$MultiProviderUpdateTask.handleDocumentsProvider(android.content.pm.ProviderInfo, com.android.documentsui.base.UserId),-,647,void com.android.documentsui.roots.ProvidersCache$MultiProviderUpdateTask.handleDocumentsProvider(android.content.pm.ProviderInfo, com.android.documentsui.base.UserId),84]
02-21 12:55:24.722  1000  1498  1879 I am_uid_active: 10048
02-21 12:55:24.795 10094  3193  3221 I jank_cuj_events_end_request: [80,1771649724795769000,26973119844,26973120047]
02-21 12:55:24.799  1000  1498  2996 I sysui_multi_action: [757,856,758,1,806,com.android.providers.downloads,857,active,858,1]
02-21 12:55:24.800  1000  1498  2996 I sysui_multi_action: [757,856,758,1,806,com.android.providers.downloads,857,waiting,858,3]
02-21 12:55:24.800  1000  1498  1879 I sysui_multi_action: [757,856,758,1,806,com.android.providers.downloads,857,complete,858,3]
02-21 12:55:24.802  1000  1498  1879 I force_gc: Binder
02-21 12:55:24.832  1000  1498  1765 I am_pre_boot: [0,com.android.providers.calendar]
02-21 12:55:24.832  1000  1498  1784 I am_uid_running: 10039
02-21 12:55:24.835  1000  1498  1498 I notification_enqueue: [1000,1498,android,13,PreBootBroadcaster,0,Notification(channel=UPDATES shortcut=null contentView=null vibrate=null sound=null tick defaults=0x0 flags=0x802 color=0x00000000 vis=PUBLIC),1]
02-21 12:55:24.841  1000  1498  1785 I am_proc_start: [0,4072,10039,com.android.providers.calendar,broadcast,{com.android.providers.calendar/com.android.providers.calendar.CalendarUpgradeReceiver}]
02-21 12:55:24.851 10097  2929  2969 I jank_cuj_events_end_request: [12,1771649724851426000,27028773449,27028773531]
02-21 12:55:24.863  1000  1498  2996 I am_proc_bound: [0,4072,com.android.providers.calendar]
02-21 12:55:24.885  1000  1498  1783 I am_uid_running: 10059
02-21 12:55:24.888  1000  1498  2999 I sysui_multi_action: [757,128,758,1,793,1396,794,0,795,1396,796,26,798,0,806,android,857,DEVELOPER_IMPORTANT,858,4,946,ranker_group,947,0,1395,3,1500,1391,1688,1]
02-21 12:55:24.888  1000  1498  2999 I sysui_multi_action: [757,1501,758,1,793,1396,794,0,795,1396,796,26,806,android,857,DEVELOPER_IMPORTANT,858,4,946,ranker_group,947,0,1500,0,1688,1]
02-21 12:55:24.888  1000  1498  2999 I sysui_multi_action: [757,804,799,note_interruptive,801,0,802,1]
02-21 12:55:24.888  1000  1498  2999 I sysui_multi_action: [757,804,799,note_freshness,801,1396,802,1]
02-21 12:55:24.888  1000  1498  2999 I notification_visibility: [-1|android|26|null|1000,1,1396,1396,0,0]
02-21 12:55:24.904  1000  1498  1879 I am_uid_active: 10039
02-21 12:55:24.906  1000  1498  1785 I am_proc_start: [0,4090,10059,com.android.printspooler,service,{com.android.printspooler/com.android.printspooler.model.PrintSpoolerService}]
02-21 12:55:24.912 10039  4072  4072 I [4000]  : 5
02-21 12:55:24.914  1000  1498  1765 I am_pre_boot: [0,com.android.providers.contacts]
02-21 12:55:24.916  1000  1498  1498 I notification_enqueue: [1000,1498,android,13,PreBootBroadcaster,0,Notification(channel=UPDATES shortcut=null contentView=null vibrate=null sound=null tick defaults=0x0 flags=0x802 color=0x00000000 vis=PUBLIC),1]
02-21 12:55:24.923  1000  1498  1879 I am_proc_bound: [0,4090,com.android.printspooler]
02-21 12:55:24.925 10037  3602  3602 I [4100]  : 5
02-21 12:55:24.926  1000  1498  1765 I am_pre_boot: [0,com.android.providers.media.module]
02-21 12:55:24.929  1000  1498  1498 I notification_enqueue: [1000,1498,android,13,PreBootBroadcaster,0,Notification(channel=UPDATES shortcut=null contentView=null vibrate=null sound=null tick defaults=0x0 flags=0x802 color=0x00000000 vis=PUBLIC),1]
02-21 12:55:24.929  1000  1498  1765 I am_pre_boot: [0,com.android.settings]
02-21 12:55:24.936  1000  1498  1498 I notification_enqueue: [1000,1498,android,13,PreBootBroadcaster,0,Notification(channel=UPDATES shortcut=null contentView=null vibrate=null sound=null tick defaults=0x0 flags=0x802 color=0x00000000 vis=PUBLIC),1]
02-21 12:55:24.941  1000  1498  2996 I am_uid_active: 10059
02-21 12:55:24.943  1000  1498  1765 I uc_finish_user_unlocked_completed: 0
02-21 12:55:24.943  1000  1498  1784 I ssm_user_unlocked: 0
02-21 12:55:24.943  1000  1498  1498 I sysui_multi_action: [757,128,758,5,759,8,793,1140,794,0,795,593,796,13,797,PreBootBroadcaster,806,android,857,UPDATES,858,2,947,0,1500,593,1688,1]
02-21 12:55:24.943  1000  1498  1498 I notification_canceled: [0|android|13|PreBootBroadcaster|1000,8,1140,593,0,-1,-1,NULL]
02-21 12:55:24.946  1000  1498  1765 I uc_send_user_broadcast: [0,android.intent.action.BOOT_COMPLETED]
02-21 12:55:24.946  1000  1498  2996 I sysui_multi_action: [757,856,758,1,806,com.android.printspooler,857,PRINT_PROGRESS,858,2]
02-21 12:55:24.946  1000  1498  2996 I sysui_multi_action: [757,856,758,1,806,com.android.printspooler,857,PRINT_FAILURES,858,3]
02-21 12:55:24.959  1000  1498  1784 I am_uid_running: 10047
02-21 12:55:24.968  1000  1498  1785 I am_proc_start: [0,4115,10047,com.android.statementservice,broadcast,{com.android.statementservice/com.android.statementservice.domain.DomainVerificationReceiverV1}]
02-21 12:55:24.984  1000  1498  1879 I am_proc_bound: [0,4115,com.android.statementservice]
02-21 12:55:24.985  1000  1498  1879 I am_uid_active: 10047
02-21 12:55:25.002  1000  1498  1783 I service_manager_slow: [20,location]
02-21 12:55:25.015  1000  1498  1784 I am_uid_running: 10071
02-21 12:55:25.024  1000  1498  1785 I am_proc_start: [0,4139,10071,com.android.traceur,broadcast,{com.android.traceur/com.android.traceur.Receiver}]
02-21 12:55:25.045  1000  1498  1879 I am_proc_bound: [0,4139,com.android.traceur]
02-21 12:55:25.051  1000  1498  1767 I commit_sys_config_file: [notification-policy,2]
02-21 12:55:25.073  1000  1498  2992 I am_uid_active: 10071
02-21 12:55:25.084  1000  1498  2992 I sysui_multi_action: [757,856,758,1,806,com.android.traceur,857,trace-is-being-recorded,858,4]
02-21 12:55:25.085  1000  1498  2992 I sysui_multi_action: [757,856,758,1,806,com.android.traceur,857,system-tracing,858,4]
02-21 12:55:25.094  1000  1498  1784 I am_uid_running: 10084
02-21 12:55:25.103  1000  1498  1784 I am_uid_active: 10109
02-21 12:55:25.106  1000  1498  1785 I am_proc_start: [0,4172,10084,com.android.calendar,broadcast,{com.android.calendar/com.android.calendar.UpgradeReceiver}]
02-21 12:55:25.123  1000  1498  2999 I am_proc_bound: [0,4172,com.android.calendar]
02-21 12:55:25.126  1000  1498  2992 I sysui_multi_action: [757,856,758,1,806,com.android.contacts,857,DEFAULT_CHANNEL,858,2]
02-21 12:55:25.127  1000  1498  1818 I am_uid_stopped: 10118
02-21 12:55:25.128  1000  1498  1818 I am_kill : [0,3527,android.ext.services,100,change android.ext.services,120768]
02-21 12:55:25.128  1000  1498  4171 I dropbox_file_copy: [/sys/fs/pstore/console-ramoops-0,-195982,SYSTEM_LAST_KMSG]
02-21 12:55:25.129  1000  1498  1818 I am_schedule_service_restart: [0,android.ext.services/.notification.Assistant,1000]
02-21 12:55:25.135  1000  1498  4171 I commit_sys_config_file: [log-files,2]
02-21 12:55:25.142  1000  1498  1784 I am_uid_active: 10073
02-21 12:55:25.173  1000  1498  2996 I am_uid_active: 10084
02-21 12:55:25.174  1000  1498  1784 I am_uid_running: 10118
02-21 12:55:25.183  1000  1498  1785 I am_proc_start: [0,4199,10118,.adservices,broadcast,{android.ext.services/com.android.adservices.service.common.AdExtBootCompletedReceiver}]
02-21 12:55:25.211  1000  1498  2999 I am_proc_bound: [0,4199,.adservices]
02-21 12:55:25.212  1000  1498  2999 I am_uid_active: 10118
02-21 12:55:25.267  1000  1498  1785 I am_proc_start: [0,4226,10118,android.ext.services,service,{android.ext.services/android.ext.services.autofill.InlineSuggestionRenderServiceImpl}]
02-21 12:55:25.272  1000  1498  1784 I am_uid_running: 10079
02-21 12:55:25.283  1000  1498  1785 I am_proc_start: [0,4230,10079,com.android.camera2,broadcast,{com.android.camera2/com.android.camera.SetActivitiesCameraReceiver}]
02-21 12:55:25.301  1000  1498  2999 I am_proc_bound: [0,4226,android.ext.services]
02-21 12:55:25.336  1000  1498  1782 I am_proc_bound: [0,4230,com.android.camera2]
02-21 12:55:25.342  1000  1498  1767 I commit_sys_config_file: [notification-policy,7]
02-21 12:55:25.357  1000  1498  1922 I commit_sys_config_file: [settings-2-0,11]
02-21 12:55:25.386  1000  1498  1498 I notification_cancel_all: [10079,4230,com.android.camera2,0,0,32832,9,NULL]
02-21 12:55:25.389  1000  1498  3443 I am_uid_active: 10079
02-21 12:55:25.398  1000  1498  1785 I am_proc_start: [0,4268,1000,com.android.dynsystem,broadcast,{com.android.dynsystem/com.android.dynsystem.BootCompletedReceiver}]
02-21 12:55:25.420  1000  1498  2999 I am_proc_bound: [0,4268,com.android.dynsystem]
02-21 12:55:25.438  1000  1498  1784 I am_uid_running: 10122
02-21 12:55:25.447  1000  1498  1785 I am_proc_start: [0,4285,10122,com.android.healthconnect.controller,broadcast,{com.android.healthconnect.controller/com.android.healthconnect.controller.safetycenter.SafetySourceBroadcastReceiver}]
02-21 12:55:25.461  1000  1498  1785 I am_proc_start: [0,4286,1000,com.android.dynsystem:dynsystem,service,{com.android.dynsystem/com.android.dynsystem.DynamicSystemInstallationService}]
02-21 12:55:25.475  1000  1498  1608 I am_proc_bound: [0,4285,com.android.healthconnect.controller]
02-21 12:55:25.480  1000  1498  4222 I am_proc_bound: [0,4286,com.android.dynsystem:dynsystem]
02-21 12:55:25.502  1000  1498  4222 I sysui_multi_action: [757,856,758,1,806,com.android.dynsystem,857,com.android.dynsystem,858,2]
02-21 12:55:25.525  1000  1498  2999 I am_uid_active: 10122
02-21 12:55:25.527  1000  1498  1784 I am_uid_running: 10045
02-21 12:55:25.537  1000  1498  1785 I am_proc_start: [0,4318,10045,com.android.intentresolver,broadcast,{com.android.intentresolver/com.android.intentresolver.v2.ChooserSelector}]
02-21 12:55:25.545  1000  1498  1818 I am_uid_stopped: 10122
02-21 12:55:25.545  1000  1498  1818 I am_kill : [0,4285,com.android.healthconnect.controller,0,change com.android.healthconnect.controller,106332]
02-21 12:55:25.559  1000  1498  4222 I am_proc_bound: [0,4318,com.android.intentresolver]
02-21 12:55:25.577  1000  1498  4222 I am_uid_active: 10045
02-21 12:55:25.578  1000  1498  1784 I am_uid_running: 10083
02-21 12:55:25.587  1000  1498  1785 I am_proc_start: [0,4334,10083,com.android.messaging,broadcast,{com.android.messaging/com.android.messaging.receiver.BootAndPackageReplacedReceiver}]
02-21 12:55:25.615  1000  1498  3747 I am_proc_bound: [0,4334,com.android.messaging]
02-21 12:55:25.675  1000  1498  3747 I am_uid_active: 10083
02-21 12:55:25.677  1000  1498  1784 I am_uid_running: 10110
02-21 12:55:25.685  1000  1498  1785 I am_proc_start: [0,4363,10110,com.android.ondevicepersonalization.services,broadcast,{com.android.ondevicepersonalization.services/com.android.ondevicepersonalization.services.OnDevicePersonalizationBroadcastReceiver}]
02-21 12:55:25.715  1000  1498  3747 I am_proc_bound: [0,4363,com.android.ondevicepersonalization.services]
02-21 12:55:25.734  1000  1498  2998 I am_uid_active: 10110
02-21 12:55:25.734  1000  1498  1784 I am_uid_running: 10036
02-21 12:55:25.743  1000  1498  1785 I am_proc_start: [0,4380,10036,com.android.packageinstaller,broadcast,{com.android.packageinstaller/com.android.packageinstaller.common.TemporaryFileManager}]
02-21 12:55:25.756  1000  1498  1782 I am_proc_bound: [0,4380,com.android.packageinstaller]
02-21 12:55:25.756  1000  1498  1767 I commit_sys_config_file: [jobs,2]
02-21 12:55:25.757  1000  1498  1767 I commit_sys_config_file: [jobs,1]
02-21 12:55:25.758  1000  1498  1767 I commit_sys_config_file: [jobs,1]
02-21 12:55:25.776  1000  1498  4222 I am_uid_active: 10036
02-21 12:55:25.777  1000  1498  1784 I am_uid_running: 10120
02-21 12:55:25.786  1000  1498  1767 I commit_sys_config_file: [notification-policy,28]
02-21 12:55:25.792  1000  1498  1785 I am_proc_start: [0,4396,10120,com.android.rkpdapp,broadcast,{com.android.rkpdapp/com.android.rkpdapp.BootReceiver}]
02-21 12:55:25.815  1000  1498  2998 I am_proc_bound: [0,4396,com.android.rkpdapp]
02-21 12:55:25.843  1000  1498  2998 I am_uid_active: 10120
02-21 12:55:25.843  1000  1498  1784 I am_uid_running: 2000
02-21 12:55:25.854  1000  1498  1785 I am_proc_start: [0,4414,2000,com.android.shell,broadcast,{com.android.shell/com.android.shell.HeapDumpReceiver}]
02-21 12:55:25.869  1000  1498  2998 I am_proc_bound: [0,4414,com.android.shell]
02-21 12:55:25.888  1000  1498  2998 I am_uid_active: 2000
02-21 12:55:26.821  1000  1498  3629 I backup_transport_lifecycle: [com.android.localtransport/.LocalTransportService,1]
02-21 12:55:26.837  1000  1498  1785 I am_proc_start: [0,4442,1000,com.android.localtransport,service,{com.android.localtransport/com.android.localtransport.LocalTransportService}]
02-21 12:55:26.866  1000  1498  4222 I am_proc_bound: [0,4442,com.android.localtransport]
02-21 12:55:26.885  1000  1498  1498 I backup_transport_connection: [com.android.localtransport/.LocalTransportService,1]
02-21 12:55:26.888  1000  1498  3629 I backup_transport_lifecycle: [com.android.localtransport/.LocalTransportService,0]
02-21 12:55:26.888  1000  1498  3629 I backup_transport_connection: [com.android.localtransport/.LocalTransportService,0]
02-21 12:55:26.927  1000  1498  1922 I commit_sys_config_file: [settings-0-0,3]
02-21 12:55:26.929  1000  1498  1922 I commit_sys_config_file: [settings-2-0,3]
02-21 12:55:27.970  1000  1498  2900 I sysui_multi_action: [757,1717,758,1,759,0]
02-21 12:55:27.970  1000  1498  2900 I sysui_multi_action: [757,1717,758,2,759,0]
02-21 12:55:27.971  1000  1498  2900 I sysui_multi_action: [757,1717,758,3,759,0]
02-21 12:55:29.957  1000  1498  1784 I ssm_user_completed_event: [0,2]
02-21 12:55:30.031  1000  1498  1784 I am_wtf  : [0,1498,system_server,-1,Binder,Outgoing transactions from this process must be FLAG_ONEWAY]
02-21 12:55:30.077 10097  2929  2929 I sysui_heads_up_status: [-1|android|26|null|1000,0]
02-21 12:55:30.091 10097  2929  2969 I jank_cuj_events_begin_request: [13,1771649730091668000,32269015883,32269016046,]
02-21 12:55:30.167 10097  2929  2969 I jank_cuj_events_cancel_request: [13,1771649730167615000,32344963068,32344963393]
02-21 12:55:30.200 10097  2929  3002 I viewroot_draw_event: [VRI[NotificationShade],Transaction not synced due to no frame drawn]
02-21 12:55:30.203  1000  1498  1782 I sysui_multi_action: [757,127,758,2]
02-21 12:55:30.203  1000  1498  1782 I notification_panel_hidden: 
02-21 12:55:30.204  1000  1498  1782 I sysui_multi_action: [757,128,758,2,793,6712,794,5316,795,6712,796,26,798,1,806,android,857,DEVELOPER_IMPORTANT,858,4,946,ranker_group,947,0,1395,3,1500,5316,1688,1]
02-21 12:55:30.204  1000  1498  1782 I notification_visibility: [-1|android|26|null|1000,0,6712,6712,0,1]
02-21 12:55:30.220 10097  2929  2929 I viewroot_draw_event: [VRI[NotificationShade],Not drawing due to not visible]
02-21 12:55:30.250  1000  1498  1922 I commit_sys_config_file: [settings-1-0,19]
02-21 12:55:31.518  1000  1498  1818 I commit_sys_config_file: [package,33]
02-21 12:55:31.525  1000  1498  1813 I commit_sys_config_file: [package-user-0,6]
02-21 12:55:31.636  1000  1498  2923 I service_manager_stats: [470,233,10547]
02-21 12:55:31.704  1000  1498  2923 I service_manager_slow: [17,user]
02-21 12:55:31.745  1000  1498  2923 I service_manager_slow: [28,user]
02-21 12:55:32.195  1000  1498  4496 I commit_sys_config_file: [appops_accesses,7]
02-21 12:55:34.028  1000  1498  1923 I am_freeze: [3690,com.android.music]
02-21 12:55:34.058  1000  1498  1923 I am_compact: [3690,com.android.music,ANON,102208,49036,52392,0,-3108,0,-3108,3108,28,SOME,0,999,19,4,-1172]
02-21 12:55:34.342  1000  1498  1923 I am_freeze: [3709,com.android.provision]
02-21 12:55:34.376  1000  1498  1923 I am_compact: [3709,com.android.provision,ANON,120252,65756,53664,0,-4740,0,-4740,4740,33,SOME,0,999,19,1176,-932]
02-21 12:55:34.969  1000  1498  1923 I am_freeze: [3972,com.android.quicksearchbox]
02-21 12:55:34.998  1000  1498  1923 I am_compact: [3972,com.android.quicksearchbox,ANON,103392,50004,52608,0,-3336,0,-3336,3336,28,SOME,0,999,19,2108,-836]
02-21 12:55:35.174  1000  1498  1923 I am_freeze: [3574,com.android.carrierconfig]
02-21 12:55:35.204  1000  1498  1923 I am_compact: [3574,com.android.carrierconfig,ANON,104396,51228,52384,0,-3188,0,-3188,3172,29,SOME,0,999,19,2944,-680]
02-21 12:55:35.380  1000  1498  1923 I am_freeze: [4090,com.android.printspooler]
02-21 12:55:35.408  1000  1498  1923 I am_compact: [4090,com.android.printspooler,ANON,103264,50056,52432,0,-3656,-424,-3232,3224,27,SOME,0,975,19,3624,-804]
02-21 12:55:39.880  1000  1498  1923 I am_freeze: [3371,com.android.cellbroadcastreceiver]
02-21 12:55:39.911  1000  1498  1923 I am_compact: [3371,com.android.cellbroadcastreceiver,ANON,108380,55048,52548,0,-3588,-24,-3564,3548,30,SOME,0,995,19,4428,-848]
02-21 12:55:41.780  1000  1498  1923 I am_freeze: [4035,com.android.externalstorage]
02-21 12:55:41.807  1000  1498  1923 I am_compact: [4035,com.android.externalstorage,ANON,108472,55192,52464,0,-3320,-16,-3304,3280,27,SOME,0,945,19,5276,-824]
02-21 12:55:51.580  1000  1498  2876 I volume_changed: [3,8,3,25,AS.AudioService]
02-21 12:55:51.582  1000  1498  2876 I volume_changed: [3,8,3,25,AS.AudioService]
02-21 12:55:51.584  1000  1498  2876 I volume_changed: [3,8,6,25,AS.AudioService]
02-21 12:55:51.585  1000  1498  2876 I volume_changed: [3,8,3,25,AS.AudioService]
02-21 12:55:51.587  1000  1498  2876 I volume_changed: [3,8,3,25,AS.AudioService]
02-21 12:55:51.821  1000  1498  1922 I commit_sys_config_file: [settings-0-0,30]
02-21 12:55:52.333  1000  1498  1922 I commit_sys_config_file: [settings-1-0,16]
02-21 12:55:54.408  1000  1498  1923 I am_freeze: [3788,com.android.documentsui]
02-21 12:55:54.481  1000  1498  1923 I am_compact: [3788,com.android.documentsui,ANON,125688,69464,55256,0,-7736,-104,-7632,7592,71,SOME,0,905,19,6100,-1992]
02-21 12:55:55.086  1000  1498  1923 I am_freeze: [4139,com.android.traceur]
02-21 12:55:55.118  1000  1498  1923 I am_compact: [4139,com.android.traceur,ANON,106996,53456,52764,0,-5560,-2044,-3516,3500,31,SOME,0,999,19,8092,-900]
02-21 12:55:55.119  1000  1498  1923 I am_freeze: [3334,com.android.cellbroadcastreceiver.module]
02-21 12:55:55.143  1000  1498  1923 I am_compact: [3334,com.android.cellbroadcastreceiver.module,ANON,127112,72644,53488,0,-7692,-2572,-5120,5048,24,SOME,0,995,19,8992,-1196]
02-21 12:55:55.152  1000  1498  1923 I am_freeze: [3671,com.android.imsserviceentitlement]
02-21 12:55:55.173  1000  1498  1923 I am_compact: [3671,com.android.imsserviceentitlement,ANON,107900,54404,52660,0,-3576,0,-3576,3536,20,SOME,0,985,19,10188,-900]
02-21 12:55:55.182  1000  1498  1923 I am_freeze: [4019,com.android.managedprovisioning]
02-21 12:55:55.204  1000  1498  1923 I am_compact: [4019,com.android.managedprovisioning,ANON,107700,53928,52956,0,-4180,-100,-4080,4032,23,SOME,0,999,19,11088,-996]
02-21 12:55:55.278  1000  1498  1923 I am_freeze: [4172,com.android.calendar]
02-21 12:55:55.304  1000  1498  1923 I am_compact: [4172,com.android.calendar,ANON,106744,53228,52732,0,-3620,0,-3620,3604,26,SOME,0,999,19,12084,-888]
02-21 12:55:55.304  1000  1498  1923 I am_freeze: [4199,.adservices]
02-21 12:55:55.305  1000  1498  1923 I am_freeze: [4072,com.android.providers.calendar]
02-21 12:55:55.324  1000  1498  1923 I am_compact: [4199,.adservices,ANON,110004,56428,52764,0,-4444,-716,-3728,3688,19,SOME,0,985,19,12972,-900]
02-21 12:55:55.345  1000  1498  1923 I am_compact: [4072,com.android.providers.calendar,ANON,111852,57764,53240,0,-4284,-16,-4268,4252,20,SOME,0,915,19,13872,-1076]
02-21 12:55:55.352  1000  1498  1923 I am_freeze: [4115,com.android.statementservice]
02-21 12:55:55.378  1000  1498  1923 I am_compact: [4115,com.android.statementservice,ANON,116948,60228,55428,0,-7188,-60,-7128,7048,26,SOME,0,975,19,14948,-1984]
02-21 12:55:55.395  1000  1498  1923 I am_freeze: [4230,com.android.camera2]
02-21 12:55:55.419  1000  1498  1923 I am_compact: [4230,com.android.camera2,ANON,104552,51092,52680,0,-3488,0,-3488,3464,23,SOME,0,965,19,16932,-804]
02-21 12:55:55.446  1000  1498  1923 I am_freeze: [3162,com.android.settings]
02-21 12:55:55.476  1000  1498  1923 I am_compact: [3162,com.android.settings,ANON,156752,100408,55256,0,-7464,0,-7464,7392,29,SOME,0,905,19,17736,-1812]
02-21 12:55:55.477  1000  1498  1923 I am_freeze: [4442,com.android.localtransport]
02-21 12:55:55.477  1000  1498  1923 I am_freeze: [4286,com.android.dynsystem:dynsystem]
02-21 12:55:55.478  1000  1498  1923 I am_freeze: [4268,com.android.dynsystem]
02-21 12:55:55.478  1000  1498  1923 I am_freeze: [3741,com.android.keychain]
02-21 12:55:55.497  1000  1498  1923 I am_compact: [4442,com.android.localtransport,ANON,102884,49860,52208,0,-3256,-16,-3240,3200,18,SOME,0,915,19,19548,-816]
02-21 12:55:55.514  1000  1498  1923 I am_compact: [4286,com.android.dynsystem:dynsystem,ANON,102144,49112,52220,0,-3280,0,-3280,3240,17,SOME,0,955,19,20364,-816]
02-21 12:55:55.531  1000  1498  1923 I am_compact: [4268,com.android.dynsystem,ANON,101248,48148,52288,0,-3288,0,-3288,3248,17,SOME,0,965,19,21180,-812]
02-21 12:55:55.548  1000  1498  1923 I am_compact: [3741,com.android.keychain,ANON,107092,53944,52336,0,-3316,0,-3316,3268,16,SOME,0,999,19,21992,-832]
02-21 12:55:55.587  1000  1498  1923 I am_freeze: [4318,com.android.intentresolver]
02-21 12:55:55.611  1000  1498  1923 I am_compact: [4318,com.android.intentresolver,ANON,102676,49340,52560,0,-3396,-112,-3284,3268,23,SOME,0,955,19,22824,-808]
02-21 12:55:55.683  1000  1498  1923 I am_freeze: [4334,com.android.messaging]
02-21 12:55:55.708  1000  1498  1923 I am_compact: [4334,com.android.messaging,ANON,116492,61612,54008,0,-5300,0,-5300,5292,24,SOME,0,925,19,23632,-1464]
02-21 12:55:55.742  1000  1498  1923 I am_freeze: [4363,com.android.ondevicepersonalization.services]
02-21 12:55:55.768  1000  1498  1923 I am_compact: [4363,com.android.ondevicepersonalization.services,ANON,105092,51868,52408,0,-4868,-1360,-3508,3468,26,SOME,0,945,19,25096,-864]
02-21 12:55:55.785  1000  1498  1923 I am_freeze: [4380,com.android.packageinstaller]
02-21 12:55:55.805  1000  1498  1923 I am_compact: [4380,com.android.packageinstaller,ANON,104256,51012,52432,0,-3540,-64,-3476,3436,20,SOME,0,935,19,25960,-892]
02-21 12:55:55.852  1000  1498  1923 I am_freeze: [4396,com.android.rkpdapp]
02-21 12:55:55.881  1000  1498  1923 I am_compact: [4396,com.android.rkpdapp,ANON,114760,58500,55156,0,-7868,-1016,-6852,6804,29,SOME,0,935,19,26852,-1856]
02-21 12:55:55.896  1000  1498  1923 I am_freeze: [4414,com.android.shell]
02-21 12:55:55.917  1000  1498  1923 I am_compact: [4414,com.android.shell,ANON,103416,50240,52364,0,-3256,-20,-3236,3196,20,SOME,0,925,19,28708,-736]
02-21 12:55:57.844  1000  1498  1923 I am_unfreeze: [3162,com.android.settings,3]
02-21 12:56:06.478  1000  1498  4480 I battery_level: [100,4426,248]
02-21 12:56:07.274  1000  1498  2849 I netstats_mobile_sample: [0,0,0,0,0,0,0,0,1771649767273]
02-21 12:56:07.274  1000  1498  2849 I netstats_wifi_sample: [0,0,0,0,0,0,0,0,1771649767273]
02-21 12:56:07.940  1000  1498  1923 I am_freeze: [3162,com.android.settings]
02-21 12:56:11.518 radio  3148  3148 I gsm_service_state_change: [1,1,1,1]
02-21 12:56:11.519 radio  3148  3148 I gsm_rat_switched_new: [53815075,0,14]
02-21 12:56:11.595  1000  1498  1923 I am_unfreeze: [3334,com.android.cellbroadcastreceiver.module,3]
02-21 12:56:11.643  1000  1498  1923 I am_unfreeze: [4072,com.android.providers.calendar,3]
02-21 12:56:11.645  1000  1498  1923 I am_unfreeze: [4172,com.android.calendar,3]
02-21 12:56:11.657  1000  1498  1923 I am_unfreeze: [4396,com.android.rkpdapp,3]
02-21 12:56:11.664  1000  1498  1923 I am_unfreeze: [4115,com.android.statementservice,3]
02-21 12:56:16.820  1000  1498  1805 I sysui_multi_action: [757,1696,758,6,759,2]
02-21 12:56:21.329  1000  1498  2871 I storage_state: [41217664-9172-527a-b3d5-edabb50a7d69,0,0,115973746688,118015217664]
02-21 12:56:21.685  1000  1498  1923 I am_freeze: [3602,android.process.acore]
02-21 12:56:21.686  1000  1498  1923 I am_freeze: [3942,android.process.media]
02-21 12:56:21.688  1000  1498  1923 I am_freeze: [3995,com.android.contacts]
02-21 12:56:21.689  1000  1498  1923 I am_freeze: [3884,com.shannon.rcsservice:shannonrcsservice]
02-21 12:56:21.690  1000  1498  1923 I am_freeze: [3853,.ShannonImsService]
02-21 12:56:21.726  1000  1498  1923 I am_compact: [3602,android.process.acore,ANON,123568,67888,54588,0,-7024,-72,-6952,6872,35,SOME,0,915,19,28720,-1060]
02-21 12:56:21.750  1000  1498  1923 I am_compact: [3942,android.process.media,ANON,114148,60040,53260,0,-4748,-76,-4672,4624,23,SOME,0,925,19,29780,-1096]
02-21 12:56:21.769  1000  1498  1923 I am_compact: [3995,com.android.contacts,ANON,109768,56460,52484,0,-3472,0,-3472,3432,19,SOME,0,935,19,30876,-928]
02-21 12:56:21.790  1000  1498  1923 I am_compact: [3884,com.shannon.rcsservice:shannonrcsservice,ANON,117308,63552,52896,0,-4688,0,-4688,4632,20,SOME,0,999,19,31804,-1120]
02-21 12:56:21.808  1000  1498  1923 I am_compact: [3853,.ShannonImsService,ANON,111904,58648,52420,0,-3732,0,-3732,3684,18,SOME,0,999,19,32924,-932]
02-21 12:56:21.809  1000  1498  1923 I am_freeze: [3334,com.android.cellbroadcastreceiver.module]
02-21 12:56:22.904  1000  1498  1784 I am_uid_idle: 10044
02-21 12:56:23.830  1000  1498  1805 I power_sleep_requested: 0
02-21 12:56:23.930  1000  1498  1805 I sysui_multi_action: [757,1696,758,6,759,0]
02-21 12:56:24.015  1000  1498  1784 I am_uid_idle: 10085
02-21 12:56:24.134 10097  2929  2969 I jank_cuj_events_end_request: [55,1771649784133773000,86311127930,86311128784]
02-21 12:56:24.336  1000  1498  1784 I am_uid_idle: 10091
02-21 12:56:24.358  1000  1498  1805 I wm_pause_activity: [0,28307478,com.android.launcher3/.uioverrides.QuickstepLauncher,userLeaving=false,sleep]
02-21 12:56:24.358 10094  3193  3193 I wm_on_top_resumed_lost_called: [28307478,com.android.launcher3.uioverrides.QuickstepLauncher,topStateChangedWhenResumed]
02-21 12:56:24.368 10094  3193  3193 I wm_on_paused_called: [28307478,com.android.launcher3.uioverrides.QuickstepLauncher,performPause,1]
02-21 12:56:24.368  1000  1498  2999 I wm_add_to_stopping: [0,28307478,com.android.launcher3/.uioverrides.QuickstepLauncher,completePauseLocked]
02-21 12:56:24.370  1000  1498  1765 I sysui_multi_action: [757,803,799,window_time_0,802,60]
02-21 12:56:24.372  1000  1498  1768 I wm_stop_activity: [0,28307478,com.android.launcher3/.uioverrides.QuickstepLauncher]
02-21 12:56:24.372  1000  1498  1769 I input_focus: [Requesting to set focus to null window,reason=UpdateInputWindows]
02-21 12:56:24.373  1000  1498  1769 I wm_wallpaper_surface: [0,0,Window{f90a277 u0 com.android.launcher3/com.android.launcher3.uioverrides.QuickstepLauncher}]
02-21 12:56:24.384  1000  1498  1784 I am_uid_idle: 10078
02-21 12:56:24.396 10094  3193  3193 I viewroot_draw_event: [VRI[QuickstepLauncher],Not drawing due to not visible]
02-21 12:56:24.402 10094  3193  3193 I wm_on_stop_called: [28307478,com.android.launcher3.uioverrides.QuickstepLauncher,STOP_ACTIVITY_ITEM,5]
--------- beginning of radio
02-21 12:56:24.501 radio  1116  1286 V RIL     : [/dev/umts_ipc0][RX] SIT_GET_PS_REG_STATE, RSP, 86 bytes, Token(0x00d4), OK(RCM_E_SUCCESS)
02-21 12:56:24.501 radio  1116  1286 V RIL     :  01 00 01 07 56 00 d4 00   00 00 00 00 14 00 00 0e  
02-21 12:56:24.501 radio  1116  1286 V RIL     :  00 00 00 00 00 00 00 00   00 7a 91 00 00 15 01 00  
02-21 12:56:24.501 radio  1116  1286 V RIL     :  00 23 27 35 03 00 00 00   00 00 00 00 00 00 01 0e  
02-21 12:56:24.501 radio  1116  1286 V RIL     :  06 00 00 00 00 00 00 00   00 00 00 00 00 00 00 00  
02-21 12:56:24.501 radio  1116  1286 V RIL     :  00 00 00 00 00 00 00 00   00 00 00 00 00 00 02 00  
02-21 12:56:24.501 radio  1116  1286 V RIL     :  00 00 00 00 00 00
02-21 12:56:24.501 radio  1116  1286 I RIL     : [RilContext_0] ProcessModemData 
02-21 12:56:24.501 radio  1116  1286 V RIL     : WaitList::Find() found record : token=0x00D4 SrcService ID =5 DestService ID=5 Result Id=4003
02-21 12:56:24.501 radio  1116  1286 V RIL     : [RilContext_0] SendMessage RCM Response Routing : Type=0001, RCM ID=0x0701 Service ID=5 Message ID=4003
02-21 12:56:24.501 radio  1116  1286 V RIL     : [ServiceMgr] msg(0xb400007a62388c10) msgId=4003 svc=NetworkService_0(5) direction=Response
02-21 12:56:24.504 radio  1116  1291 I RIL     : [NetworkService_1] Voice RegState=NOT_REGISTERED(0x00), RAT=RADIO_TECH_UNKNOWN(0x00), RejectCause=0
02-21 12:56:24.504 radio  1116  1291 V RIL     : [VoiceRegStateResultBuilder] Build for HAL_VERSION_CODE(1,6)
02-21 12:56:24.504 radio  1116  1291 I RIL     : [RilContext_1] OnRequestComplete 
02-21 12:56:24.504 radio  1116  1291 I RIL     : [RilContext_1] ProcessSolicitedResponse Request ID=20
02-21 12:56:24.504 radio  1116  1291 D RILC    : RequestComplete, RIL_SOCKET_2
02-21 12:56:24.504 radio  1116  1291 E RILC    : Calling responseFunction() for token 181
02-21 12:56:24.504 radio  1116  1291 D RILC-HIDL: HidlHalNetworkResponse_1_6::getVoiceRegistrationStateResponse_1_6: serial 181
02-21 12:56:24.505 radio  1116  1291 D RILC-AIDL_SERVICE: RadioNetworkResponseHook::getVoiceRegistrationStateResponse_1_6 mNetworkCb=0xb4000079f23881a8
02-21 12:56:24.505 radio  1116  1291 V RIL     : [RilContext_1] RemoveRequestHistory  token=0x00D3
02-21 12:56:24.505 radio  3148  3507 D CellularNetworkService: No access tech specific info passes for RegStateResult
02-21 12:56:24.505 radio  3148  3507 D NRM-C-1 : onRequestNetworkRegistrationInfoComplete result: 0, info: NetworkRegistrationInfo{ domain=CS transportType=WWAN registrationState=NOT_REG_OR_SEARCHING networkRegistrationState=NOT_REG_OR_SEARCHING roamingType=NOT_ROAMING accessNetworkTechnology=UNKNOWN rejectCause=0 emergencyEnabled=false availableServices=[] cellIdentity=null voiceSpecificInfo=VoiceSpecificRegistrationInfo { mCssSupported=false mRoamingIndicator=0 mSystemIsInPrl=0 mDefaultRoamingIndicator=0} dataSpecificInfo=null nrState=NONE rRplmn= isUsingCarrierAggregation=false isNonTerrestrialNetwork=TERRESTRIAL}
02-21 12:56:24.505 radio  1116  1274 I RIL     : [NetworkService_0] DataRegistrationStateHandler OnResponse()
02-21 12:56:24.505 radio  3148  3319 D RILJ    : [0181]< VOICE_REGISTRATION_STATE RegStateResult{regState: NOT_REG_MT_NOT_SEARCHING_OP, rat: UNKNOWN, reasonForDenial: NONE, cellIdentity: CellIdentity.noinit(false), registeredPlmn: , accessTechnologySpecificInfo: AccessTechnologySpecificInfo.noinit(false)} [PHONE1]
02-21 12:56:24.505 radio  3148  3148 D SST     : [1] Could not set ServiceState channel number. CellIdentity null
02-21 12:56:24.506 radio  3148  3148 D SST     : [1] handlePollStateResultMessage: CS cellular. NetworkRegistrationInfo{ domain=CS transportType=WWAN registrationState=NOT_REG_OR_SEARCHING networkRegistrationState=NOT_REG_OR_SEARCHING roamingType=NOT_ROAMING accessNetworkTechnology=UNKNOWN rejectCause=0 emergencyEnabled=false availableServices=[] cellIdentity=null voiceSpecificInfo=VoiceSpecificRegistrationInfo { mCssSupported=false mRoamingIndicator=0 mSystemIsInPrl=0 mDefaultRoamingIndicator=0} dataSpecificInfo=null nrState=NONE rRplmn= isUsingCarrierAggregation=false isNonTerrestrialNetwork=TERRESTRIAL}
02-21 12:56:24.506 radio  3148  3148 D SST     : [1] combinePsRegistrationStates: {mVoiceRegState=1(OUT_OF_SERVICE), mDataRegState=1(OUT_OF_SERVICE), mChannelNumber=-1, duplexMode()=0, mCellBandwidths=[], mOperatorAlphaLong=, mOperatorAlphaShort=, isManualNetworkSelection=false(automatic), getRilVoiceRadioTechnology=0(Unknown), getRilDataRadioTechnology=0(Unknown), mCssIndicator=unsupported, mNetworkId=-1, mSystemId=-1, mCdmaRoamingIndicator=-1, mCdmaDefaultRoamingIndicator=-1, mIsEmergencyOnly=false, isUsingCarrierAggregation=false, mArfcnRsrpBoost=0, mNetworkRegistrationInfos=[NetworkRegistrationInfo{ domain=PS transportType=WLAN registrationState=NOT_REG_SEARCHING networkRegistrationState=NOT_REG_SEARCHING roamingType=NOT_ROAMING accessNetworkTechnology=UNKNOWN rejectCause=0 emergencyEnabled=true availableServices=[DATA] cellIdentity=null voiceSpecificInfo=null dataSpecificInfo=null nrState=NONE rRplmn= isUsingCarrierAggregation=false isNonTerrestrialNetwork=TERRESTRIAL}, NetworkRegistrationInfo{ domain=PS transportType=WWAN registrationState=NOT_REG_OR_SEARCHING networkRegistrationState=NOT_REG_OR_SEARCHING roamingType=NOT_ROAMING accessNetworkTechnology=UNKNOWN rejectCause=0 emergencyEnabled=false availableServices=[] cellIdentity=null voiceSpecificInfo=null dataSpecificInfo=android.telephony.DataSpecificRegistrationInfo :{ maxDataCalls = 16 isDcNrRestricted = false isNrAvailable = false isEnDcAvailable = false mLteAttachResultType = 0 mLteAttachExtraInfo = 0 null } nrState=NONE rRplmn= isUsingCarrierAggregation=false isNonTerrestrialNetwork=TERRESTRIAL}, NetworkRegistrationInfo{ domain=CS transportType=WWAN registrationState=NOT_REG_OR_SEARCHING networkRegistrationState=NOT_REG_OR_SEARCHING roamingType=NOT_ROAMING accessNetworkTechnology=UNKNOWN rejectCause=0 emergencyEnabled=false availableServices=[] cellIdentity=null voiceSpecificInfo=VoiceSpecificRegistrationInfo { mCssSupported=false mRoamingIndicator=0 mSystemIsInPrl=0 mDefaultRoamingIndicator=0} dataSpecificInfo=null nrState=NONE rRplmn= isUsingCarrierAggregation=false isNonTerrestrialNetwork=TERRESTRIAL}], mNrFrequencyRange=0, mOperatorAlphaLongRaw=, mOperatorAlphaShortRaw=, mIsDataRoamingFromRegistration=false, mIsIwlanPreferred=false}
02-21 12:56:24.507 radio  3148  3148 D SatelliteController: getSatellitePlmnsForCarrier: carrierEnabledSatelliteFlag is disabled
02-21 12:56:24.507 radio  3148  3148 D SatelliteController: getSatellitePlmnsForCarrier: carrierEnabledSatelliteFlag is disabled
02-21 12:56:24.507 radio  3148  3148 D SST     : [1] Could not set ServiceState channel number. CellIdentity null
02-21 12:56:24.507 radio  1116  1274 I RIL     : [NetworkService_0] getCarrierId() carrier_id = 2147483647
02-21 12:56:24.507 radio  1116  1274 I RIL     : [NetworkService_0] Data RegState=REGISTRED_EMERGENCY_ONLY(0x14), RAT=RADIO_TECH_LTE(0x0e), RejectCause=0
02-21 12:56:24.507 radio  1116  1274 V RIL     : Data Registration State{VoLTE=0,EMC=1,EMC_NR=true)}
02-21 12:56:24.507 radio  1116  1274 E RIL     : Data Registration State{VoLTE=0,EMC=1(true)}
02-21 12:56:24.507 radio  3148  3148 D SST     : [1] Poll ServiceState done: oldSS={mVoiceRegState=1(OUT_OF_SERVICE), mDataRegState=1(OUT_OF_SERVICE), mChannelNumber=-1, duplexMode()=0, mCellBandwidths=[], mOperatorAlphaLong=, mOperatorAlphaShort=, isManualNetworkSelection=false(automatic), getRilVoiceRadioTechnology=0(Unknown), getRilDataRadioTechnology=0(Unknown), mCssIndicator=unsupported, mNetworkId=-1, mSystemId=-1, mCdmaRoamingIndicator=-1, mCdmaDefaultRoamingIndicator=-1, mIsEmergencyOnly=false, isUsingCarrierAggregation=false, mArfcnRsrpBoost=0, mNetworkRegistrationInfos=[NetworkRegistrationInfo{ domain=PS transportType=WLAN registrationState=NOT_REG_SEARCHING networkRegistrationState=NOT_REG_SEARCHING roamingType=NOT_ROAMING accessNetworkTechnology=UNKNOWN rejectCause=0 emergencyEnabled=true availableServices=[DATA] cellIdentity=null voiceSpecificInfo=null dataSpecificInfo=null nrState=NONE rRplmn= isUsingCarrierAggregation=false isNonTerrestrialNetwork=TERRESTRIAL}, NetworkRegistrationInfo{ domain=CS transportType=WWAN registrationState=NOT_REG_OR_SEARCHING networkRegistrationState=NOT_REG_OR_SEARCHING roamingType=NOT_ROAMING accessNetworkTechnology=UNKNOWN rejectCause=0 emergencyEnabled=false availableServices=[] cellIdentity=null voiceSpecificInfo=VoiceSpecificRegistrationInfo { mCssSupported=false mRoamingIndicator=0 mSystemIsInPrl=0 mDefaultRoamingIndicator=0} dataSpecificInfo=null nrState=NONE rRplmn= isUsingCarrierAggregation=false isNonTerrestrialNetwork=TERRESTRIAL}, NetworkRegistrationInfo{ domain=PS transportType=WWAN registrationState=NOT_REG_OR_SEARCHING networkRegistrationState=NOT_REG_OR_SEARCHING roamingType=NOT_ROAMING accessNetworkTechnology=UNKNOWN rejectCause=0 emergencyEnabled=false availableServices=[] cellIdentity=null voiceSpecificInfo=null dataSpecificInfo=android.telephony.DataSpecificRegistrationInfo :{ maxDataCalls = 16 isDcNrRestricted = false isNrAvailable = false isEnDcAvailable = false mLteAttachResultType = 0 mLteAttachExtraInfo = 0 null } nrState=NONE rRplmn= isUsingCarrierAggregation=false isNonTerrestrialNetwork=TERRESTRIAL}], mNrFrequencyRange=0, mOperatorAlphaLongRaw=, mOperatorAlphaShortRaw=, mIsDataRoamingFromRegistration=false, mIsIwlanPreferred=false}
02-21 12:56:24.507 radio  1116  1274 V RIL     : WriteVolteEmcServiceStatus overallCardState=0x00000002
02-21 12:56:24.507 radio  1116  1274 V RIL     : RIL_UNSOL_OEM_IMS_SUPPORT_SERVICE={RilSocketId=0 VoLTE Available=0 Emergency Call Available=1 RadioTech=14}
02-21 12:56:24.507 radio  1116  1274 I RIL     : [RilContext_0] OnUnsolicitedResponse 
02-21 12:56:24.507 radio  1116  1274 I RIL     : [RilContext_0] ProcessUnsolicitedResponse 
02-21 12:56:24.507 radio  1116  1274 V RIL     : RADIO::[RilResponseListener] OnUnsolicitedResponse Filter out Unsolicited response=20105
02-21 12:56:24.507 radio  1116  1274 D RIL_EXTERNAL: rilExternalRawIndication
02-21 12:56:24.507 radio  3148  3148 D SST     : [1] Poll ServiceState done: newSS={mVoiceRegState=1(OUT_OF_SERVICE), mDataRegState=1(OUT_OF_SERVICE), mChannelNumber=-1, duplexMode()=0, mCellBandwidths=[], mOperatorAlphaLong=, mOperatorAlphaShort=, isManualNetworkSelection=false(automatic), getRilVoiceRadioTechnology=0(Unknown), getRilDataRadioTechnology=0(Unknown), mCssIndicator=unsupported, mNetworkId=-1, mSystemId=-1, mCdmaRoamingIndicator=-1, mCdmaDefaultRoamingIndicator=-1, mIsEmergencyOnly=false, isUsingCarrierAggregation=false, mArfcnRsrpBoost=0, mNetworkRegistrationInfos=[NetworkRegistrationInfo{ domain=PS transportType=WLAN registrationState=NOT_REG_SEARCHING networkRegistrationState=NOT_REG_SEARCHING roamingType=NOT_ROAMING accessNetworkTechnology=UNKNOWN rejectCause=0 emergencyEnabled=true availableServices=[DATA] cellIdentity=null voiceSpecificInfo=null dataSpecificInfo=null nrState=NONE rRplmn= isUsingCarrierAggregation=false isNonTerrestrialNetwork=TERRESTRIAL}, NetworkRegistrationInfo{ domain=CS transportType=WWAN registrationState=NOT_REG_OR_SEARCHING networkRegistrationState=NOT_REG_OR_SEARCHING roamingType=NOT_ROAMING accessNetworkTechnology=UNKNOWN rejectCause=0 emergencyEnabled=false availableServices=[] cellIdentity=null voiceSpecificInfo=VoiceSpecificRegistrationInfo { mCssSupported=false mRoamingIndicator=0 mSystemIsInPrl=0 mDefaultRoamingIndicator=0} dataSpecificInfo=null nrState=NONE rRplmn= isUsingCarrierAggregation=false isNonTerrestrialNetwork=TERRESTRIAL}, NetworkRegistrationInfo{ domain=PS transportType=WWAN registrationState=NOT_REG_OR_SEARCHING networkRegistrationState=NOT_REG_OR_SEARCHING roamingType=NOT_ROAMING accessNetworkTechnology=UNKNOWN rejectCause=0 emergencyEnabled=false availableServices=[] cellIdentity=null voiceSpecificInfo=null dataSpecificInfo=android.telephony.DataSpecificRegistrationInfo :{ maxDataCalls = 16 isDcNrRestricted = false isNrAvailable = false isEnDcAvailable = false mLteAttachResultType = 0 mLteAttachExtraInfo = 0 null } nrState=NONE rRplmn= isUsingCarrierAggregation=false isNonTerrestrialNetwork=TERRESTRIAL}], mNrFrequencyRange=0, mOperatorAlphaLongRaw=, mOperatorAlphaShortRaw=, mIsDataRoamingFromRegistration=false, mIsIwlanPreferred=false}
02-21 12:56:24.507 radio  1116  1274 I RIL_EXTERNAL: [isFilteredIndication] clientId=0 name=PID(1091) indication=3005 isFiltered=false
02-21 12:56:24.507 radio  1116  1274 I RIL_EXTERNAL: [isFilteredIndication] clientId=1 name=GpsApi(1110) indication=3005 isFiltered=true
02-21 12:56:24.507 radio  3148  3148 D SST     : [1] Poll ServiceState done: oldMaxDataCalls=16 mNewMaxDataCalls=16 oldReasonDataDenied=0 mNewReasonDataDenied=0
02-21 12:56:24.507 radio  1116  1274 I RIL_EXTERNAL: [isFilteredIndication] clientId=2 name=SeApi(933) indication=3005 isFiltered=true
02-21 12:56:24.507 radio  1116  1274 I RIL_EXTERNAL: [isFilteredIndication] clientId=3 name=unknown indication=3005 isFiltered=false
02-21 12:56:24.507 radio  1116  1274 I RIL_EXTERNAL: [isFilteredIndication] clientId=4 name=unknown indication=3005 isFiltered=false
02-21 12:56:24.507 radio  1116  1274 I RIL_EXTERNAL: [isFilteredIndication] clientId=5 name=unknown indication=3005 isFiltered=false
02-21 12:56:24.507 radio  1116  1274 I RIL_EXTERNAL: [isFilteredIndication] clientId=6 name=unknown indication=3005 isFiltered=false
02-21 12:56:24.507 radio  1116  1274 D RIL_EXTERNAL: rilExternalRawIndication
02-21 12:56:24.508 radio  1116  1274 D RIL_EXTERNAL: rilExternalRawIndication
02-21 12:56:24.508 radio  1116  1274 D RIL_EXTERNAL: rilExternalRawIndication
02-21 12:56:24.508 radio  1116  1274 D RIL_EXTERNAL: rilExternalRawIndication
02-21 12:56:24.508 radio  1116  1274 D RIL_EXTERNAL: rilExternalRawIndication
02-21 12:56:24.508 radio  3148  3148 D SST     : [1] pollStateDone: hasRegistered = false hasDeregistered = false hasDataAttached = {1=false, 2=false} hasDataDetached = {1=false, 2=false} hasDataRegStateChanged = {1=false, 2=false} hasRilVoiceRadioTechnologyChanged = false hasRilDataRadioTechnologyChanged = {1=false, 2=false} hasDataTransportPreferenceChanged = false hasChanged = false hasVoiceRoamingOn = false hasVoiceRoamingOff = false hasDataRoamingOn =false hasDataRoamingOff = false hasLocationChanged = false has4gHandoff = false hasMultiApnSupport = false hasLostMultiApnSupport = false hasCssIndicatorChanged = false hasNrFrequencyRangeChanged = false hasNrStateChanged = false hasAirplaneModeOnlChanged = false
02-21 12:56:24.509 radio  1116  1274 V RIL     : [DataRegStateResultBuilder] Build for HAL_VERSION_CODE(2,0)
02-21 12:56:24.509 radio  1116  1274 I RIL     : [RilContext_0] OnRequestComplete 
02-21 12:56:24.509 radio  1116  1274 I RIL     : [RilContext_0] ProcessSolicitedResponse Request ID=21
02-21 12:56:24.510 radio  1116  1274 D RILC    : RequestComplete, RIL_SOCKET_1
02-21 12:56:24.510 radio  1116  1274 E RILC    : Calling responseFunction() for token 183
02-21 12:56:24.510 radio  1116  1274 D RILC-HIDL: HidlHalNetworkResponse_1_6::getDataRegistrationStateResponse_1_6: serial 183
02-21 12:56:24.510 radio  1116  1274 D RILC-AIDL_SERVICE: RadioNetworkResponseHook::getDataRegistrationStateResponse_1_6 mNetworkCb=0xb4000079f2385c88
02-21 12:56:24.511 radio  3148  3640 D RILJ    : [0183]< DATA_REGISTRATION_STATE RegStateResult{regState: REG_EM, rat: LTE, reasonForDenial: NONE, cellIdentity: CellIdentity.lte(CellIdentityLte{mcc: 466, mnc: 01, ci: 54069270, pci: 277, tac: 27242, earfcn: 1550, operatorNames: OperatorInfo{alphaLong: Far EasTone, alphaShort: FET, operatorNumeric: , status: 0}, bandwidth: 20000, additionalPlmns: [], csgInfo: null, bands: [BAND_3]}), registeredPlmn: , accessTechnologySpecificInfo: AccessTechnologySpecificInfo.eutranInfo(EutranRegistrationInfo{lteVopsInfo: LteVopsInfo{isVopsSupported: false, isEmcBearerSupported: true}, nrIndicators: NrIndicators{isEndcAvailable: false, isDcNrRestricted: false, isNrAvailable: false}, lteAttachResultType: 0, extraInfo: 0})} [PHONE0]
02-21 12:56:24.511 radio  1116  1274 V RIL     : [RilContext_0] RemoveRequestHistory  token=0x00D4
02-21 12:56:24.511 radio  1116  1274 I RIL     : [NetworkService_0] DoQueryNetworkSelectionMode()
02-21 12:56:24.511 radio  1116  1274 I RIL     : [RilContext_0] Send 
02-21 12:56:24.512 radio  1116  1274 V RIL     : [RilContext_0] RecordRequestHistory token=0x00D5
02-21 12:56:24.512 radio  1116  1274 I RIL     : [RilContext_0] Send 
02-21 12:56:24.513  1000  1498  1938 I input_focus: [Focus leaving f90a277 com.android.launcher3/com.android.launcher3.uioverrides.QuickstepLauncher (server),reason=NO_WINDOW]
02-21 12:56:24.514 radio  3148  3507 D NRM-C-0 : onRequestNetworkRegistrationInfoComplete result: 0, info: NetworkRegistrationInfo{ domain=PS transportType=WWAN registrationState=EMERGENCY networkRegistrationState=EMERGENCY roamingType=NOT_ROAMING accessNetworkTechnology=LTE rejectCause=0 emergencyEnabled=true availableServices=[EMERGENCY] cellIdentity=CellIdentityLte:{ mCi=54069270 mPci=277 mTac=27242 mEarfcn=1550 mBands=[3] mBandwidth=20000 mMcc=466 mMnc=01 mAlphaLong=Far EasTone mAlphaShort=FET mAdditionalPlmns={} mCsgInfo=null} voiceSpecificInfo=null dataSpecificInfo=android.telephony.DataSpecificRegistrationInfo :{ maxDataCalls = 16 isDcNrRestricted = false isNrAvailable = false isEnDcAvailable = false mLteAttachResultType = 0 mLteAttachExtraInfo = 0 LteVopsSupportInfo :  mVopsSupport = 3 mEmcBearerSupport = 2 } nrState=NONE rRplmn= isUsingCarrierAggregation=false isNonTerrestrialNetwork=TERRESTRIAL}
02-21 12:56:24.514 radio  3148  3148 D SST     : [0] handlePollStateResultMessage: PS cellular. NetworkRegistrationInfo{ domain=PS transportType=WWAN registrationState=EMERGENCY networkRegistrationState=EMERGENCY roamingType=NOT_ROAMING accessNetworkTechnology=LTE rejectCause=0 emergencyEnabled=true availableServices=[EMERGENCY] cellIdentity=CellIdentityLte:{ mCi=54069270 mPci=277 mTac=27242 mEarfcn=1550 mBands=[3] mBandwidth=20000 mMcc=466 mMnc=01 mAlphaLong=Far EasTone mAlphaShort=FET mAdditionalPlmns={} mCsgInfo=null} voiceSpecificInfo=null dataSpecificInfo=android.telephony.DataSpecificRegistrationInfo :{ maxDataCalls = 16 isDcNrRestricted = false isNrAvailable = false isEnDcAvailable = false mLteAttachResultType = 0 mLteAttachExtraInfo = 0 LteVopsSupportInfo :  mVopsSupport = 3 mEmcBearerSupport = 2 } nrState=NONE rRplmn= isUsingCarrierAggregation=false isNonTerrestrialNetwork=TERRESTRIAL}
02-21 12:56:24.516 radio  1116  1274 V RIL     : [/dev/umts_ipc0][TX] SIT_GET_NTW_MODE, REQ, 12 bytes, Token(0x00d5)
02-21 12:56:24.516 radio  1116  1274 V RIL     :  00 00 03 07 0c 00 d5 00   00 00 00 00
02-21 12:56:24.520 radio  1116  1286 V RIL     : [/dev/umts_ipc0][RX] SIT_GET_NTW_MODE, RSP, 16 bytes, Token(0x00d5), OK(RCM_E_SUCCESS)
02-21 12:56:24.520 radio  1116  1286 V RIL     :  01 00 03 07 10 00 d5 00   00 00 00 00 00 00 00 00  
02-21 12:56:24.520 radio  1116  1286 I RIL     : [RilContext_0] ProcessModemData 
02-21 12:56:24.520 radio  1116  1286 V RIL     : WaitList::Find() found record : token=0x00D5 SrcService ID =5 DestService ID=5 Result Id=4010
02-21 12:56:24.520 radio  1116  1286 V RIL     : [RilContext_0] SendMessage RCM Response Routing : Type=0001, RCM ID=0x0703 Service ID=5 Message ID=4010
02-21 12:56:24.520 radio  1116  1286 V RIL     : [ServiceMgr] msg(0xb400007a6238a490) msgId=4010 svc=NetworkService_0(5) direction=Response
02-21 12:56:24.520 radio  1116  1274 I RIL     : [NetworkService_0] OnQueryNetworkSelectionModeDone()
02-21 12:56:24.520 radio  1116  1274 V RIL     : NetworkSelectionMode=Automatic(0x00)
02-21 12:56:24.520 radio  1116  1274 I RIL     : [RilContext_0] OnRequestComplete 
02-21 12:56:24.520 radio  1116  1274 I RIL     : [RilContext_0] ProcessSolicitedResponse Request ID=45
02-21 12:56:24.520 radio  1116  1274 D RILC    : RequestComplete, RIL_SOCKET_1
02-21 12:56:24.520 radio  1116  1274 E RILC    : Calling responseFunction() for token 184
02-21 12:56:24.520 radio  1116  1274 D RILC-HIDL: HidlHalNetworkResponse::getNetworkSelectionModeResponse: serial 184
02-21 12:56:24.520 radio  1116  1274 D RILC-AIDL_SERVICE: RadioNetworkResponseHook::getNetworkSelectionModeResponse mNetworkCb=0xb4000079f2385c88
02-21 12:56:24.520 radio  1116  1274 V RIL     : [RilContext_0] RemoveRequestHistory  token=0x00D5
02-21 12:56:24.520 radio  1116  1274 I RIL     : [NetworkService_0] VoiceRegistrationStateHandler OnRequest()
02-21 12:56:24.520 radio  1116  1274 I RIL     : [RilContext_0] Send 
02-21 12:56:24.520 radio  1116  1274 V RIL     : [RilContext_0] RecordRequestHistory token=0x00D6
02-21 12:56:24.520 radio  1116  1274 I RIL     : [RilContext_0] Send 
02-21 12:56:24.520 radio  1116  1274 V RIL     : [/dev/umts_ipc0][TX] SIT_GET_CS_REG_STATE, REQ, 12 bytes, Token(0x00d6)
02-21 12:56:24.520 radio  1116  1274 V RIL     :  00 00 00 07 0c 00 d6 00   00 00 00 00
02-21 12:56:24.520  1000  1498  1765 I sysui_multi_action: [757,223,758,1]
02-21 12:56:24.521 radio  3148  3640 D RILJ    : [0184]< QUERY_NETWORK_SELECTION_MODE {0} [PHONE0]
02-21 12:56:24.523 radio  1116  1286 V RIL     : [/dev/umts_ipc0][RX] SIT_GET_CS_REG_STATE, RSP, 88 bytes, Token(0x00d6), OK(RCM_E_SUCCESS)
02-21 12:56:24.523 radio  1116  1286 V RIL     :  01 00 00 07 58 00 d6 00   00 00 00 00 03 00 0e 00  
02-21 12:56:24.523 radio  1116  1286 V RIL     :  00 00 00 00 00 00 00 00   7a 91 00 00 15 01 00 00  
02-21 12:56:24.523 radio  1116  1286 V RIL     :  23 27 35 03 00 00 00 00   00 00 00 00 00 00 00 00  
02-21 12:56:24.523 radio  1116  1286 V RIL     :  00 00 00 00 00 00 00 00   00 00 00 00 00 00 00 00  
02-21 12:56:24.523 radio  1116  1286 V RIL     :  0e 06 00 00 00 00 00 00   00 00 00 00 00 00 00 00  
02-21 12:56:24.523 radio  1116  1286 V RIL     :  00 00 00 00 00 00 00 00  
02-21 12:56:24.523 radio  1116  1286 I RIL     : [RilContext_0] ProcessModemData 
02-21 12:56:24.523 radio  1116  1286 V RIL     : WaitList::Find() found record : token=0x00D6 SrcService ID =5 DestService ID=5 Result Id=4001
02-21 12:56:24.523 radio  1116  1286 V RIL     : [RilContext_0] SendMessage RCM Response Routing : Type=0001, RCM ID=0x0700 Service ID=5 Message ID=4001
02-21 12:56:24.523 radio  1116  1286 V RIL     : [ServiceMgr] msg(0xb400007a6238d1a0) msgId=4001 svc=NetworkService_0(5) direction=Response
02-21 12:56:24.523 radio  1116  1274 I RIL     : [NetworkService_0] VoiceRegistrationStateHandler OnResponse()
02-21 12:56:24.523 radio  1116  1274 V RIL     : [NetworkService_0] Check target operator=400
02-21 12:56:24.523 radio  3148  3148 D SST     : [0] EVENT_POLL_STATE_NETWORK_SELECTION_MODE
