02-21 22:28:16.251  1000  1498  2906 I SdkSandboxManager: No SDKs used. Skipping SDK data reconcilation for CallingInfo{mUid=10131, mPackageName='android.display.cts, mAppProcessToken='null'}
02-21 22:28:16.253 radio  3148  3148 D CarrierSvcBindHelper: onPackageAdded: android.display.cts
02-21 22:28:16.254 radio  3148  3333 D EuiccConnector: handleMessage: E msg.what=1
02-21 22:28:16.254 radio  3148  3333 D EuiccConnector: processMsg: UnavailableState
02-21 22:28:16.254  1000  1498  1784 D ActivityManager: sync unfroze 32252 com.android.packageinstaller for 3
02-21 22:28:16.254  1000  1498  1923 I am_unfreeze: [32252,com.android.packageinstaller,3]
02-21 22:28:16.254 10103  2945  2945 I SafetyLabelChangedBroadcastReceiver: received broadcast packageName: android.display.cts, current user: UserHandle{0}, packageChangeEvent: NEW_INSTALL, intent user: UserHandle{0}
02-21 22:28:16.256 10103  2945   566 I PermissionControllerServiceImpl: Updating user sensitive for uid 10131
02-21 22:28:16.256   nfc  3649  3649 I RegisteredComponentCache: New Components => 
02-21 22:28:16.256   nfc  3649  3649 I RegisteredComponentCache: ComponentInfo: ResolveInfo{f9be569 com.android.apps.tag/.TagViewer m=0x108000 userHandle=UserHandle{0}}, techs: android.nfc.tech.Ndef, 
02-21 22:28:16.256   nfc  3649  3649 I RegisteredComponentCache: Removed Components => 
02-21 22:28:16.256   nfc  3649  3649 I RegisteredComponentCache: ComponentInfo: ResolveInfo{5848ea6 com.android.apps.tag/.TagViewer m=0x108000 userHandle=UserHandle{0}}, techs: android.nfc.tech.Ndef, 
02-21 22:28:16.257  1000  1498  1498 I notification_cancel_all: [1000,1498,android.display.cts,0,0,0,5,NULL]
02-21 22:28:16.257  1000  1498  1498 D TransparencyService: Not an update. Skipping...
02-21 22:28:16.259 radio  3148  3333 W EuiccConnector: No valid EuiccService implementation found
02-21 22:28:16.259 radio  3148  3333 D EuiccConnector: handleMessage: X
02-21 22:28:16.260   nfc  3649  3649 I RegisteredServicesCache: current user: 0, is managed profile : false
02-21 22:28:16.260   nfc  3649  3649 I RegisteredServicesCache: New Other Services => 
02-21 22:28:16.260   nfc  3649  3649 I RegisteredServicesCache: Removed Other Services => 
02-21 22:28:16.261  1000  1498  1939 I InputReader: Reconfiguring input devices, changes=KEYBOARD_LAYOUTS
02-21 22:28:16.262  1000  1498  1498 V BackupManagerConstants: getFullBackupIntervalMilliseconds(...) returns 86400000
02-21 22:28:16.262  1000  1498  1498 V BackupManagerConstants: getFullBackupRequiredNetworkType(...) returns 2
02-21 22:28:16.262  1000  1498  1498 V BackupManagerConstants: getFullBackupRequireCharging(...) returns true
02-21 22:28:16.262  1000  1498  1898 I commit_sys_config_file: [overlays,17]
02-21 22:28:16.263   nfc  3649  3649 I RegisteredServicesCache: New Services => 
02-21 22:28:16.263   nfc  3649  3649 I RegisteredServicesCache: Removed Services => 
02-21 22:28:16.267 radio  3148  3148 D CarrierSvcBindHelper: No carrier app for: 0
02-21 22:28:16.267 radio  3148  3148 D CarrierSvcBindHelper: No carrier app for: 1
02-21 22:28:16.274  1000  1498  1925 I RoleService: Granting default roles...
02-21 22:28:16.276  1068  3099  3119 D SecureElementService: getReaders() for com.android.nfc
02-21 22:28:16.277 radio  3148  3468 D ImsResolver: maybeAddedImsService, packageName: android.display.cts
02-21 22:28:16.278 radio  3148  3148 E VvmPkgInstalledRcvr: cannot create TelephonyManager from ComponentInfo{com.android.phone/com.android.services.telephony.TelephonyConnectionService}, E, UserHandle{0}
02-21 22:28:16.279  1068  3099  3119 I SecureElement-AccessControlEnforcer: getAccessRule() appCert = 27196e386b875e76adf700e7ea84e4c6eee33dfa
02-21 22:28:16.279  1068  3099  3119 I SecureElement-AccessControlEnforcer: getAccessRule() appCert = c8a2e9bccf597c2fb6dc66bee293fc13f2fc47ec77bc6b2b0d52c11f51192ab8
02-21 22:28:16.279  1068  3099  3119 I SecureElement-AccessRuleCache: findAccessRule() not found
02-21 22:28:16.280  1068  3099  3119 I SecureElement-AccessControlEnforcer: getAccessRule() appCert = 27196e386b875e76adf700e7ea84e4c6eee33dfa
02-21 22:28:16.280  1068  3099  3119 I SecureElement-AccessControlEnforcer: getAccessRule() appCert = c8a2e9bccf597c2fb6dc66bee293fc13f2fc47ec77bc6b2b0d52c11f51192ab8
02-21 22:28:16.280  1068  3099  3119 I SecureElement-AccessRuleCache: findAccessRule() not found
02-21 22:28:16.281  1068  3099  3119 I SecureElement-Terminal-SIM2: isNfcEventAllowed: No access rules for checking.
02-21 22:28:16.284  1000  1498  1498 I AppsFilter: interaction: PackageSetting{27161db com.android.microdroid.empty_payload/10107} -> PackageSetting{799478 android.display.cts/10131} BLOCKED
02-21 22:28:16.297 radio  3148  3148 D CarrierSvcBindHelper: onPackageModified: android.display.cts
02-21 22:28:16.297 radio  3148  3333 D EuiccConnector: handleMessage: E msg.what=1
02-21 22:28:16.297 radio  3148  3333 D EuiccConnector: processMsg: UnavailableState
02-21 22:28:16.297 radio  3148  3148 D CarrierSvcBindHelper: No carrier app for: 0
02-21 22:28:16.298 radio  3148  3148 D CarrierSvcBindHelper: No carrier app for: 1
02-21 22:28:16.302 radio  3148  3333 W EuiccConnector: No valid EuiccService implementation found
02-21 22:28:16.302 radio  3148  3333 D EuiccConnector: handleMessage: X
02-21 22:28:16.303   nfc  3649  3649 I RegisteredComponentCache: New Components => 
02-21 22:28:16.304   nfc  3649  3649 I RegisteredComponentCache: ComponentInfo: ResolveInfo{da61867 com.android.apps.tag/.TagViewer m=0x108000 userHandle=UserHandle{0}}, techs: android.nfc.tech.Ndef, 
02-21 22:28:16.304   nfc  3649  3649 I RegisteredComponentCache: Removed Components => 
02-21 22:28:16.304   nfc  3649  3649 I RegisteredComponentCache: ComponentInfo: ResolveInfo{f9be569 com.android.apps.tag/.TagViewer m=0x108000 userHandle=UserHandle{0}}, techs: android.nfc.tech.Ndef, 
02-21 22:28:16.306 10103  2945   572 I PermissionControllerServiceImpl: Updating user sensitive for uid 10131
02-21 22:28:16.308   nfc  3649  3649 I RegisteredServicesCache: current user: 0, is managed profile : false
02-21 22:28:16.308   nfc  3649  3649 I RegisteredServicesCache: New Other Services => 
02-21 22:28:16.308   nfc  3649  3649 I RegisteredServicesCache: Removed Other Services => 
02-21 22:28:16.312   nfc  3649  3649 I RegisteredServicesCache: New Services => 
02-21 22:28:16.312   nfc  3649  3649 I RegisteredServicesCache: Removed Services => 
02-21 22:28:16.316  1000  1498  1783 W VoiceInteractionManager: no available voice recognition services found for user 0
02-21 22:28:16.318  1068  3099  3119 D SecureElementService: getReaders() for com.android.nfc
02-21 22:28:16.319  1000  1498  1939 I InputReader: Reconfiguring input devices, changes=KEYBOARD_LAYOUTS
02-21 22:28:16.322  1000  1498  1783 W MagnificationConnectionManager: requestConnection duplicated request: connect=false, mConnectionState=DISCONNECTED
02-21 22:28:16.323 10094  3193  3249 D PackageUpdatedTask: mAllAppsList.updatePackage android.display.cts
02-21 22:28:16.324  1068  3099  3119 I SecureElement-AccessControlEnforcer: getAccessRule() appCert = 27196e386b875e76adf700e7ea84e4c6eee33dfa
02-21 22:28:16.324  1068  3099  3119 I SecureElement-AccessControlEnforcer: getAccessRule() appCert = c8a2e9bccf597c2fb6dc66bee293fc13f2fc47ec77bc6b2b0d52c11f51192ab8
02-21 22:28:16.324  1068  3099  3119 I SecureElement-AccessRuleCache: findAccessRule() not found
02-21 22:28:16.325  1068  3099  3119 I SecureElement-AccessControlEnforcer: getAccessRule() appCert = 27196e386b875e76adf700e7ea84e4c6eee33dfa
02-21 22:28:16.325  1068  3099  3119 I SecureElement-AccessControlEnforcer: getAccessRule() appCert = c8a2e9bccf597c2fb6dc66bee293fc13f2fc47ec77bc6b2b0d52c11f51192ab8
02-21 22:28:16.325  1068  3099  3119 I SecureElement-AccessRuleCache: findAccessRule() not found
02-21 22:28:16.326  1068  3099  3119 I SecureElement-Terminal-SIM2: isNfcEventAllowed: No access rules for checking.
02-21 22:28:16.328  1000  1498  1601 I system_server: Background concurrent mark compact GC freed 11MB AllocSpace bytes, 85(1692KB) LOS objects, 75% free, 19MB/78MB, paused 1.233ms,2.508ms total 100.094ms
02-21 22:28:16.329 radio  3148  3468 D ImsResolver: maybeAddedImsService, packageName: android.display.cts
02-21 22:28:16.335  1000  1498  1603 W system_server: ApkAssets: Deleting an ApkAssets object '<empty> and /system_ext/app/AccessibilityMenu/AccessibilityMenu.apk' with 1 weak references
02-21 22:28:16.335  1000  1498  1603 W system_server: ApkAssets: Deleting an ApkAssets object '<empty> and /product/app/LatinIME/LatinIME.apk' with 1 weak references
02-21 22:28:16.339  1000  1498   478 I commit_sys_config_file: [appops_accesses,4]
02-21 22:28:16.432  1000  1498  1922 I commit_sys_config_file: [settings-2-0,4]
02-21 22:28:16.608  1000  1498  1767 I commit_sys_config_file: [package-session,9]
02-21 22:28:16.611  1000  1498  1767 I commit_sys_config_file: [package-session,2]
02-21 22:28:16.619  1000  1498  1895 I commit_sys_config_file: [package-session,2]
02-21 22:28:16.646  1000  1498  1895 W NativeHelper: Ignoring abiOverride for multi arch application.
02-21 22:28:16.659  1000  1498  1947 W PackageParsing: Ignoring duplicate uses-permissions/uses-permissions-sdk-m: android.permission.CAMERA in package: android.app.stubs at: Binary XML file line #89
02-21 22:28:16.669  1000  1498  1947 W PackageParsing: No actions in intent-filter at /data/app/vmdl342848835.tmp/base.apk Binary XML file line #729
02-21 22:28:16.669  1000  1498  1947 W PackageParsing: No actions in intent-filter at /data/app/vmdl342848835.tmp/base.apk Binary XML file line #737
02-21 22:28:16.669  1000  1498  1947 W PackageParsing: No actions in intent-filter at /data/app/vmdl342848835.tmp/base.apk Binary XML file line #745
02-21 22:28:16.675  1000  1498  1947 W RuleEvaluation: Integrity rule files are not available.
02-21 22:28:16.676  1000  1498  1818 I PackageManager: Integrity check passed for file:///data/app/vmdl342848835.tmp
02-21 22:28:16.679  1000  1498  1767 I commit_sys_config_file: [package-session,2]
02-21 22:28:16.686  1000  1498  1818 W PackageParsing: Ignoring duplicate uses-permissions/uses-permissions-sdk-m: android.permission.CAMERA in package: android.app.stubs at: Binary XML file line #89
02-21 22:28:16.694  1000  1498  1818 W PackageParsing: No actions in intent-filter at /data/app/vmdl342848835.tmp/base.apk Binary XML file line #729
02-21 22:28:16.694  1000  1498  1818 W PackageParsing: No actions in intent-filter at /data/app/vmdl342848835.tmp/base.apk Binary XML file line #737
02-21 22:28:16.694  1000  1498  1818 W PackageParsing: No actions in intent-filter at /data/app/vmdl342848835.tmp/base.apk Binary XML file line #745
02-21 22:28:16.712  1000  1498  1818 I PermissionManager: Permission ownership changed. Updating all permissions.
02-21 22:28:16.795  1000  1498  1818 I sysui_multi_action: [757,1243,758,4,806,android.app.stubs,1241,android.permission.POST_NOTIFICATIONS]
02-21 22:28:16.796  1000  1498  1818 I sysui_multi_action: [757,1243,758,4,806,android.app.stubs,1241,android.permission.ACCESS_FINE_LOCATION]
02-21 22:28:16.796  1000  1498  1818 I sysui_multi_action: [757,1243,758,4,806,android.app.stubs,1241,android.permission.BODY_SENSORS]
02-21 22:28:16.796  1000  1498  1818 I sysui_multi_action: [757,1243,758,4,806,android.app.stubs,1241,android.permission.READ_EXTERNAL_STORAGE]
02-21 22:28:16.796  1000  1498  1818 I sysui_multi_action: [757,1243,758,4,806,android.app.stubs,1241,android.permission.ACCESS_COARSE_LOCATION]
02-21 22:28:16.797  1000  1498  1818 I sysui_multi_action: [757,1243,758,4,806,android.app.stubs,1241,android.permission.READ_PHONE_STATE]
02-21 22:28:16.797  1000  1498  1818 I sysui_multi_action: [757,1243,758,4,806,android.app.stubs,1241,android.permission.WRITE_CONTACTS]
02-21 22:28:16.797  1000  1498  1818 I sysui_multi_action: [757,1243,758,4,806,android.app.stubs,1241,android.permission.CAMERA]
02-21 22:28:16.797  1000  1498  1818 I sysui_multi_action: [757,1243,758,4,806,android.app.stubs,1241,android.permission.WRITE_EXTERNAL_STORAGE]
02-21 22:28:16.797  1000  1498  1818 I sysui_multi_action: [757,1243,758,4,806,android.app.stubs,1241,android.permission.RECORD_AUDIO]
02-21 22:28:16.797  1000  1498  1818 I sysui_multi_action: [757,1243,758,4,806,android.app.stubs,1241,android.permission.READ_CONTACTS]
02-21 22:28:16.845  logd   443   443 I logd    : start watching /data/system/packages.list ...
02-21 22:28:16.826  1000  1498  1818 I commit_sys_config_file: [package,25]
02-21 22:28:16.827  1000  1498  1818 D PackageManager: Instant App installer not found with android.intent.action.INSTALL_INSTANT_APP_PACKAGE
02-21 22:28:16.827  1000  1498  1818 D PackageManager: Clear ephemeral installer activity
02-21 22:28:16.831  1000  1498  1765 W system_server: Long monitor contention with owner main (1498) at com.android.server.pm.Computer com.android.server.pm.PackageManagerService.snapshotComputer(boolean)(PackageManagerService.java:1235) waiters=0 in com.android.server.pm.Computer com.android.server.pm.PackageManagerService.snapshotComputer(boolean) for 112ms
02-21 22:28:16.831  1000  1498  1498 W Looper  : Slow dispatch took 114ms main h=android.os.Handler c=null m=1
02-21 22:28:16.831  1000  1498  1765 I dvm_lock_sample: [system_server,0,android.fg,112,PackageManagerService.java,1209,com.android.server.pm.Computer com.android.server.pm.PackageManagerService.snapshotComputer(boolean),-,1235,com.android.server.pm.Computer com.android.server.pm.PackageManagerService.snapshotComputer(boolean),22]
02-21 22:28:16.835  1000  1498  1816 E AppOps  : Trying to set mode for unknown uid 10132.
02-21 22:28:16.836 10097  2929  2929 D ControlsListingControllerImpl: ServiceConfig reloaded, count: 0
02-21 22:28:16.839 10097  2929  2929 D ControlsListingControllerImpl: ServiceConfig reloaded, count: 0
02-21 22:28:16.841  1000  1498  1765 W Looper  : Slow dispatch took 124ms android.fg h=android.os.Handler c=<recycled PooledLambda@71af47e> m=0
02-21 22:28:16.865  logd   443   443 I logd    : ReadPackageList, total packages: 134
02-21 22:28:16.857  1000  1498  1813 I commit_sys_config_file: [package-user-0,30]
02-21 22:28:16.857  artd 32294 32294 I artd    : Merge skipped because there are no existing profiles
02-21 22:28:16.862  artd 32294 32294 I artd    : Dex parent of /data/app/~~4UOGbtnrV1KLQ1V5tdKnDA==/android.app.stubs-FHRTFdy-BZzzv4sa3baYoA==/base.apk is not writable: Permission denied
02-21 22:28:16.862  1000  1498  1765 V StorageManagerService: Package null does not have legacy storage
02-21 22:28:16.862  artd 32294 32294 I artd    : GetBestInfo checking odex in dalvik-cache (/data/dalvik-cache/arm64/data@app@~~4UOGbtnrV1KLQ1V5tdKnDA==@android.app.stubs-FHRTFdy-BZzzv4sa3baYoA==@base.apk@classes.dex)
02-21 22:28:16.862  artd 32294 32294 I artd    : Loading /data/dalvik-cache/arm64/data@app@~~4UOGbtnrV1KLQ1V5tdKnDA==@android.app.stubs-FHRTFdy-BZzzv4sa3baYoA==@base.apk@classes.dex with executable: 0
02-21 22:28:16.863  artd 32294 32294 I artd    : OatFileAssistant test for existing oat file /data/dalvik-cache/arm64/data@app@~~4UOGbtnrV1KLQ1V5tdKnDA==@android.app.stubs-FHRTFdy-BZzzv4sa3baYoA==@base.apk@classes.dex: File /data/dalvik-cache/arm64/data@app@~~4UOGbtnrV1KLQ1V5tdKnDA==@android.app.stubs-FHRTFdy-BZzzv4sa3baYoA==@base.apk@classes.vdex does not exist.
02-21 22:28:16.863  artd 32294 32294 I artd    : GetBestInfo checking odex next to the dex file (/data/app/~~4UOGbtnrV1KLQ1V5tdKnDA==/android.app.stubs-FHRTFdy-BZzzv4sa3baYoA==/oat/arm64/base.odex)
02-21 22:28:16.863  artd 32294 32294 I artd    : Loading /data/app/~~4UOGbtnrV1KLQ1V5tdKnDA==/android.app.stubs-FHRTFdy-BZzzv4sa3baYoA==/oat/arm64/base.odex with executable: 0
02-21 22:28:16.863  artd 32294 32294 I artd    : OatFileAssistant test for existing oat file /data/app/~~4UOGbtnrV1KLQ1V5tdKnDA==/android.app.stubs-FHRTFdy-BZzzv4sa3baYoA==/oat/arm64/base.odex: File /data/app/~~4UOGbtnrV1KLQ1V5tdKnDA==/android.app.stubs-FHRTFdy-BZzzv4sa3baYoA==/oat/arm64/base.vdex does not exist.
02-21 22:28:16.863  artd 32294 32294 I artd    : GetBestInfo checking vdex in dalvik-cache (/data/dalvik-cache/arm64/data@app@~~4UOGbtnrV1KLQ1V5tdKnDA==@android.app.stubs-FHRTFdy-BZzzv4sa3baYoA==@base.apk@classes.vdex)
02-21 22:28:16.863  artd 32294 32294 I artd    : unable to open vdex file /data/dalvik-cache/arm64/data@app@~~4UOGbtnrV1KLQ1V5tdKnDA==@android.app.stubs-FHRTFdy-BZzzv4sa3baYoA==@base.apk@classes.vdex: File /data/dalvik-cache/arm64/data@app@~~4UOGbtnrV1KLQ1V5tdKnDA==@android.app.stubs-FHRTFdy-BZzzv4sa3baYoA==@base.apk@classes.vdex does not exist.
02-21 22:28:16.863  artd 32294 32294 I artd    : OatFileAssistant test for existing oat file /data/dalvik-cache/arm64/data@app@~~4UOGbtnrV1KLQ1V5tdKnDA==@android.app.stubs-FHRTFdy-BZzzv4sa3baYoA==@base.apk@classes.vdex: File /data/dalvik-cache/arm64/data@app@~~4UOGbtnrV1KLQ1V5tdKnDA==@android.app.stubs-FHRTFdy-BZzzv4sa3baYoA==@base.apk@classes.vdex does not exist.
02-21 22:28:16.863  artd 32294 32294 I artd    : GetBestInfo checking vdex next to the dex file (/data/app/~~4UOGbtnrV1KLQ1V5tdKnDA==/android.app.stubs-FHRTFdy-BZzzv4sa3baYoA==/oat/arm64/base.vdex)
02-21 22:28:16.863  artd 32294 32294 I artd    : unable to open vdex file /data/app/~~4UOGbtnrV1KLQ1V5tdKnDA==/android.app.stubs-FHRTFdy-BZzzv4sa3baYoA==/oat/arm64/base.vdex: File /data/app/~~4UOGbtnrV1KLQ1V5tdKnDA==/android.app.stubs-FHRTFdy-BZzzv4sa3baYoA==/oat/arm64/base.vdex does not exist.
02-21 22:28:16.863  artd 32294 32294 I artd    : OatFileAssistant test for existing oat file /data/app/~~4UOGbtnrV1KLQ1V5tdKnDA==/android.app.stubs-FHRTFdy-BZzzv4sa3baYoA==/oat/arm64/base.vdex: File /data/app/~~4UOGbtnrV1KLQ1V5tdKnDA==/android.app.stubs-FHRTFdy-BZzzv4sa3baYoA==/oat/arm64/base.vdex does not exist.
02-21 22:28:16.863  artd 32294 32294 I artd    : GetBestInfo checking dm (/data/app/~~4UOGbtnrV1KLQ1V5tdKnDA==/android.app.stubs-FHRTFdy-BZzzv4sa3baYoA==/base.dm)
02-21 22:28:16.863  artd 32294 32294 W ziparchive: Unable to open '/data/app/~~4UOGbtnrV1KLQ1V5tdKnDA==/android.app.stubs-FHRTFdy-BZzzv4sa3baYoA==/base.dm': No such file or directory
02-21 22:28:16.863  artd 32294 32294 I artd    : OatFileAssistant test for existing oat file /data/app/~~4UOGbtnrV1KLQ1V5tdKnDA==/android.app.stubs-FHRTFdy-BZzzv4sa3baYoA==/base.dm: I/O error
02-21 22:28:16.863  artd 32294 32294 I artd    : GetBestInfo checking dm (/data/app/~~4UOGbtnrV1KLQ1V5tdKnDA==/android.app.stubs-FHRTFdy-BZzzv4sa3baYoA==/base.dm)
02-21 22:28:16.863  artd 32294 32294 W ziparchive: Unable to open '/data/app/~~4UOGbtnrV1KLQ1V5tdKnDA==/android.app.stubs-FHRTFdy-BZzzv4sa3baYoA==/base.dm': No such file or directory
02-21 22:28:16.863  artd 32294 32294 I artd    : OatFileAssistant test for existing oat file /data/app/~~4UOGbtnrV1KLQ1V5tdKnDA==/android.app.stubs-FHRTFdy-BZzzv4sa3baYoA==/base.dm: I/O error
02-21 22:28:16.863  artd 32294 32294 I artd    : GetBestInfo no usable artifacts
02-21 22:28:16.867 10105  3621  3651 D MediaGrants: Removed 0 media_grants for 0 user for [android.app.stubs]. Reason: Mode changed: android:read_external_storage
02-21 22:28:16.869  artd 32294 32295 I artd    : Running dex2oat: /apex/com.android.art/bin/art_exec --drop-capabilities --set-task-profile=Dex2OatBootComplete --set-priority=background --keep-fds=7:8:9:10:11:12:13:14:15:16 -- /apex/com.android.art/bin/dex2oat64 --zip-fd=7 --zip-location=/data/app/~~4UOGbtnrV1KLQ1V5tdKnDA==/android.app.stubs-FHRTFdy-BZzzv4sa3baYoA==/base.apk --oat-fd=8 --oat-location=/data/app/~~4UOGbtnrV1KLQ1V5tdKnDA==/android.app.stubs-FHRTFdy-BZzzv4sa3baYoA==/oat/arm64/base.odex --output-vdex-fd=9 --swap-fd=10 --class-loader-context-fds=11:12:13:14:15:16 --class-loader-context=PCL[]{PCL[/system/framework/android.test.runner.jar]{PCL[/system/framework/android.test.base.jar]#PCL[/system/framework/android.test.mock.jar]}#PCL[/system/framework/org.apache.http.legacy.jar]#PCL[/system/framework/android.test.base.jar]#PCL[/system/framework/android.test.mock.jar]} --classpath-dir=/data/app/~~4UOGbtnrV1KLQ1V5tdKnDA==/android.app.stubs-FHRTFdy-BZzzv4sa3baYoA== --instruction-set=arm64 --instruction-set-features=default --instruction-set-variant=cortex-a55 --compiler-filter=verify --compilation-reason=install --compact-dex-level=none --max-image-block-size=524288 --resolve-startup-const-strings=true --generate-mini-debug-info --runtime-arg -Xtarget-sdk-version:34 --runtime-arg -Xhidden-api-policy:enabled --runtime-arg -Xms64m --runtime-arg -Xmx512m --comments=app-name:android.app.stubs,app-version-name:14,app-version-code:34,art-version:350090000
02-21 22:28:16.869  artd 32294 32295 I artd    : Opened FDs: 7:/data/app/~~4UOGbtnrV1KLQ1V5tdKnDA==/android.app.stubs-FHRTFdy-BZzzv4sa3baYoA==/base.apk 8:/data/app/~~4UOGbtnrV1KLQ1V5tdKnDA==/android.app.stubs-FHRTFdy-BZzzv4sa3baYoA==/oat/arm64/base.odex.gzFyZr.tmp 9:/data/app/~~4UOGbtnrV1KLQ1V5tdKnDA==/android.app.stubs-FHRTFdy-BZzzv4sa3baYoA==/oat/arm64/base.vdex.PSEQNu.tmp 10:/data/app/~~4UOGbtnrV1KLQ1V5tdKnDA==/android.app.stubs-FHRTFdy-BZzzv4sa3baYoA==/oat/arm64/base.odex.swap.5ccg2i.tmp 11:/system/framework/android.test.mock.jar 12:/system/framework/android.test.base.jar 13:/system/framework/org.apache.http.legacy.jar 14:/system/framework/android.test.runner.jar 15:/system/framework/android.test.mock.jar 16:/system/framework/android.test.base.jar 
02-21 22:28:16.897  artd  2176  2176 W dex2oat64: Mismatch between dex2oat instruction set features to use (ISA: Arm64 Feature string: -a53,crc,lse,fp16,dotprod,-sve) and those from CPP defines (ISA: Arm64 Feature string: -a53,crc,-lse,fp16,dotprod,-sve) for the command line:
02-21 22:28:16.897  artd  2176  2176 W dex2oat64: /apex/com.android.art/bin/dex2oat64 --zip-fd=7 --zip-location=/data/app/~~4UOGbtnrV1KLQ1V5tdKnDA==/android.app.stubs-FHRTFdy-BZzzv4sa3baYoA==/base.apk --oat-fd=8 --oat-location=/data/app/~~4UOGbtnrV1KLQ1V5tdKnDA==/android.app.stubs-FHRTFdy-BZzzv4sa3baYoA==/oat/arm64/base.odex --output-vdex-fd=9 --swap-fd=10 --class-loader-context-fds=11:12:13:14:15:16 --class-loader-context=PCL[]{PCL[/system/framework/android.test.runner.jar]{PCL[/system/framework/android.test.base.jar]#PCL[/system/framework/android.test.mock.jar]}#PCL[/system/framework/org.apache.http.legacy.jar]#PCL[/system/framework/android.test.base.jar]#PCL[/system/framework/android.test.mock.jar]} --classpath-dir=/data/app/~~4UOGbtnrV1KLQ1V5tdKnDA==/android.app.stubs-FHRTFdy-BZzzv4sa3baYoA== --instruction-set=arm64 --instruction-set-features=default --instruction-set-variant=cortex-a55 --compiler-filter=verify --compilation-reason=install --compact-dex-level=none --max-image-block-size=524288 --resolve-startup-const-strings=true --generate-mini-debug-info --runtime-arg -Xtarget-sdk-version:34 --runtime-arg -Xhidden-api-policy:enabled --runtime-arg -Xms64m --runtime-arg -Xmx512m --comments=app-name:android.app.stubs,app-version-name:14,app-version-code:34,art-version:350090000
02-21 22:28:16.897  artd  2176  2176 I dex2oat64: /apex/com.android.art/bin/dex2oat64 --output-vdex-fd=9 --class-loader-context-fds=11:12:13:14:15:16 --class-loader-context=PCL[]{PCL[/system/framework/android.test.runner.jar]{PCL[/system/framework/android.test.base.jar]#PCL[/system/framework/android.test.mock.jar]}#PCL[/system/framework/org.apache.http.legacy.jar]#PCL[/system/framework/android.test.base.jar]#PCL[/system/framework/android.test.mock.jar]} --classpath-dir=/data/app/~~4UOGbtnrV1KLQ1V5tdKnDA==/android.app.stubs-FHRTFdy-BZzzv4sa3baYoA== --compiler-filter=verify --compilation-reason=install --compact-dex-level=none --max-image-block-size=524288 --resolve-startup-const-strings=true --generate-mini-debug-info --comments=app-name:android.app.stubs,app-version-name:14,app-version-code:34,art-version:350090000
02-21 22:28:17.007  artd  2176  2176 I dex2oat64: Using CollectorTypeCMC GC.
02-21 22:28:17.088  artd  2176  2181 W dex2oat64: Accessing hidden method Landroid/content/pm/PackageManager;->getAttentionServicePackageName()Ljava/lang/String; (blocked, linking, denied)
02-21 22:28:17.088  artd  2176  2181 W dex2oat64: Accessing hidden method Landroid/content/pm/PackageManager;->getSystemCaptionsServicePackageName()Ljava/lang/String; (blocked, linking, denied)
02-21 22:28:17.089  artd  2176  2181 W dex2oat64: Accessing hidden method Landroid/app/IActivityManager$Stub;->asInterface(Landroid/os/IBinder;)Landroid/app/IActivityManager; (max-target-r, linking, denied)
02-21 22:28:17.089  artd  2176  2181 W dex2oat64: Accessing hidden method Landroid/content/Context;->getIApplicationThread()Landroid/app/IApplicationThread; (max-target-o, linking, denied)
02-21 22:28:17.089  artd  2176  2181 W dex2oat64: Accessing hidden method Landroid/app/IActivityManager;->startService(Landroid/app/IApplicationThread;Landroid/content/Intent;Ljava/lang/String;ZLjava/lang/String;Ljava/lang/String;I)Landroid/content/ComponentName; (blocked, linking, denied)
02-21 22:28:17.089  artd  2176  2181 W dex2oat64: Accessing hidden method Landroid/app/IActivityManager$Stub;->asInterface(Landroid/os/IBinder;)Landroid/app/IActivityManager; (max-target-r, linking, denied)
02-21 22:28:17.089  artd  2176  2181 W dex2oat64: Accessing hidden method Landroid/content/Context;->getIApplicationThread()Landroid/app/IApplicationThread; (max-target-o, linking, denied)
02-21 22:28:17.089  artd  2176  2181 W dex2oat64: Accessing hidden method Landroid/app/IActivityManager;->startService(Landroid/app/IApplicationThread;Landroid/content/Intent;Ljava/lang/String;ZLjava/lang/String;Ljava/lang/String;I)Landroid/content/ComponentName; (blocked, linking, denied)
02-21 22:28:17.092  artd  2176  2182 W dex2oat64: Accessing hidden method Landroid/app/SearchManager;->isVisible()Z (max-target-r, linking, denied)
02-21 22:28:17.092  artd  2176  2176 W dex2oat64: Accessing hidden method Landroid/app/IActivityManager$Stub;->asInterface(Landroid/os/IBinder;)Landroid/app/IActivityManager; (max-target-r, linking, denied)
02-21 22:28:17.202  artd  2176  2180 W dex2oat64: Accessing hidden method Landroid/view/IWindowManager;->isRotationFrozen()Z (max-target-o, linking, denied)
02-21 22:28:17.202  artd  2176  2180 W dex2oat64: Accessing hidden method Landroid/view/IWindowManager;->closeSystemDialogs(Ljava/lang/String;)V (max-target-o, linking, denied)
02-21 22:28:17.203  artd  2176  2180 W dex2oat64: Accessing hidden method Landroid/os/ParcelableException;-><init>(Ljava/lang/Throwable;)V (max-target-o, linking, denied)
02-21 22:28:17.259  1000  1498  1925 I RoleService: Granting default roles...
02-21 22:28:17.329  artd  2176  2176 I dex2oat64: dex2oat took 434.084ms (856.719ms cpu) (threads: 8) arena alloc=0B (0B) java alloc=7495KB (7675344B) native alloc=2741KB (2807152B) free=1084KB (1110336B)
02-21 22:28:17.349  artd 32294 32295 I artd    : dex2oat returned code 0
02-21 22:28:17.352  1000  1498  1818 I ArtService: Dexopt result: [packageName = android.app.stubs] DexContainerFileDexoptResult{dexContainerFile=/data/app/~~4UOGbtnrV1KLQ1V5tdKnDA==/android.app.stubs-FHRTFdy-BZzzv4sa3baYoA==/base.apk, primaryAbi=true, abi=arm64-v8a, actualCompilerFilter=verify, status=PERFORMED, dex2oatWallTimeMillis=-419198, dex2oatCpuTimeMillis=890, sizeBytes=13402156, sizeBeforeBytes=0, extendedStatusFlags=[]}
02-21 22:28:17.353  1000  1498  1818 V BackupManagerService: [UserID:0] restoreAtInstall pkg=android.app.stubs token=9 restoreSet=0
02-21 22:28:17.353  1000  1498  1818 V BackupManagerService: [UserID:0] Finishing install immediately
02-21 22:28:17.355  1000  1498  1818 I AppsFilter: interaction: PackageSetting{27161db com.android.microdroid.empty_payload/10107} -> PackageSetting{3d592c4 android.app.stubs/10132} BLOCKED
02-21 22:28:17.357  1000  1498  1818 W MagnificationConnectionManager: requestConnection duplicated request: connect=false, mConnectionState=DISCONNECTED
02-21 22:28:17.359  1000  1498  1818 I unknown_sources_enabled: 1
02-21 22:28:17.359  1000  1498  1818 D PackageInstallerSession: Marking session 342848835 as applied
02-21 22:28:17.364  1000  1498  1767 I commit_sys_config_file: [package-session,3]
02-21 22:28:17.366 10094  3193  3249 D SessionCommitReceiver: Removing PromiseIcon for package: android.app.stubs, install reason: 0, alreadyAddedPromiseIcon: false
02-21 22:28:17.367  1000  1498  1818 D CompatibilityChangeReporter: Compat change id reported: 168419799; UID 10132; state: DISABLED
02-21 22:28:17.367  1000  1498  1818 D CompatibilityChangeReporter: Compat change id reported: 273564678; UID 10132; state: DISABLED
02-21 22:28:17.374 radio  3148  3148 D CarrierSvcBindHelper: onPackageAdded: android.app.stubs
02-21 22:28:17.374  1000  1498  2906 I SdkSandboxManager: No SDKs used. Skipping SDK data reconcilation for CallingInfo{mUid=10132, mPackageName='android.app.stubs, mAppProcessToken='null'}
02-21 22:28:17.375 radio  3148  3333 D EuiccConnector: handleMessage: E msg.what=1
02-21 22:28:17.375 radio  3148  3333 D EuiccConnector: processMsg: UnavailableState
02-21 22:28:17.376  1000  1498  1939 I InputReader: Reconfiguring input devices, changes=KEYBOARD_LAYOUTS
02-21 22:28:17.376 10103  2945   566 I PermissionControllerServiceImpl: Updating user sensitive for uid 10132
02-21 22:28:17.380 radio  3148  3333 W EuiccConnector: No valid EuiccService implementation found
02-21 22:28:17.380 radio  3148  3333 D EuiccConnector: handleMessage: X
02-21 22:28:17.380  1000  1498  1783 W VoiceInteractionManager: no available voice recognition services found for user 0
02-21 22:28:17.381 radio  3148  3148 D CarrierSvcBindHelper: No carrier app for: 0
02-21 22:28:17.381  1000  1498  1498 D TransparencyService: Not an update. Skipping...
02-21 22:28:17.382   nfc  3649  3649 I RegisteredComponentCache: New Components => 
02-21 22:28:17.382   nfc  3649  3649 I RegisteredComponentCache: ComponentInfo: ResolveInfo{4218fe3 com.android.apps.tag/.TagViewer m=0x108000 userHandle=UserHandle{0}}, techs: android.nfc.tech.Ndef, 
02-21 22:28:17.382   nfc  3649  3649 I RegisteredComponentCache: Removed Components => 
02-21 22:28:17.382   nfc  3649  3649 I RegisteredComponentCache: ComponentInfo: ResolveInfo{da61867 com.android.apps.tag/.TagViewer m=0x108000 userHandle=UserHandle{0}}, techs: android.nfc.tech.Ndef, 
02-21 22:28:17.382 radio  3148  3148 D CarrierSvcBindHelper: No carrier app for: 1
02-21 22:28:17.384  1000  1498  1898 I commit_sys_config_file: [overlays,5]
02-21 22:28:17.385  1000  1498  1783 W MagnificationConnectionManager: requestConnection duplicated request: connect=false, mConnectionState=DISCONNECTED
02-21 22:28:17.385  1000  1498  1895 I commit_sys_config_file: [package-session,16]
02-21 22:28:17.395 10094  3193  3249 D PackageUpdatedTask: mAllAppsList.addPackage android.app.stubs
02-21 22:28:17.395  1000  1498  1783 W PackageManager: Failed registering loading progress callback. Package is fully loaded.
02-21 22:28:17.396 10103  2945  2945 I SafetyLabelChangedBroadcastReceiver: received broadcast packageName: android.app.stubs, current user: UserHandle{0}, packageChangeEvent: NEW_INSTALL, intent user: UserHandle{0}
02-21 22:28:17.403  1000  1498  1498 V BackupManagerConstants: getFullBackupIntervalMilliseconds(...) returns 86400000
02-21 22:28:17.404   nfc  3649  3649 I RegisteredServicesCache: current user: 0, is managed profile : false
02-21 22:28:17.404   nfc  3649  3649 I RegisteredServicesCache: New Other Services => 
02-21 22:28:17.404   nfc  3649  3649 I RegisteredServicesCache: Removed Other Services => 
02-21 22:28:17.405  1000  1498  1498 V BackupManagerConstants: getFullBackupRequiredNetworkType(...) returns 2
02-21 22:28:17.405  1000  1498  1498 V BackupManagerConstants: getFullBackupRequireCharging(...) returns true
02-21 22:28:17.407 10094  3193  3193 D StatsLog: LAUNCHER_ALLAPPS_COUNT
02-21 22:28:17.409  1000  1498  1498 I notification_cancel_all: [1000,1498,android.app.stubs,0,0,0,5,NULL]
02-21 22:28:17.410   nfc  3649  3649 I RegisteredServicesCache: New Services => 
02-21 22:28:17.410   nfc  3649  3649 I RegisteredServicesCache: Removed Services => 
02-21 22:28:17.410  1000  1498  1498 I AppsFilter: interaction: PackageSetting{40449e com.android.microdroid.empty_payload/10107} -> PackageSetting{798b7f android.app.stubs/10132} BLOCKED
02-21 22:28:17.412 radio  3148  3468 D ImsResolver: maybeAddedImsService, packageName: android.app.stubs
02-21 22:28:17.413 radio  3148  3148 E VvmPkgInstalledRcvr: cannot create TelephonyManager from ComponentInfo{com.android.phone/com.android.services.telephony.TelephonyConnectionService}, E, UserHandle{0}
02-21 22:28:17.413 radio  3148  3333 D EuiccConnector: handleMessage: E msg.what=1
02-21 22:28:17.413 radio  3148  3333 D EuiccConnector: processMsg: UnavailableState
02-21 22:28:17.414 radio  3148  3333 W EuiccConnector: No valid EuiccService implementation found
02-21 22:28:17.414 radio  3148  3333 D EuiccConnector: handleMessage: X
02-21 22:28:17.415 radio  3148  3148 D CarrierSvcBindHelper: onPackageModified: android.app.stubs
02-21 22:28:17.415 radio  3148  3148 D CarrierSvcBindHelper: No carrier app for: 0
02-21 22:28:17.415 radio  3148  3148 D CarrierSvcBindHelper: No carrier app for: 1
02-21 22:28:17.417  1000  1498  1783 W VoiceInteractionManager: no available voice recognition services found for user 0
02-21 22:28:17.420  1000  1498  1939 I InputReader: Reconfiguring input devices, changes=KEYBOARD_LAYOUTS
02-21 22:28:17.421  1000  1498  1783 W MagnificationConnectionManager: requestConnection duplicated request: connect=false, mConnectionState=DISCONNECTED
02-21 22:28:17.426 10094  3193  3249 D PackageUpdatedTask: mAllAppsList.updatePackage android.app.stubs
02-21 22:28:17.428  1068  3099  3119 D SecureElementService: getReaders() for com.android.nfc
02-21 22:28:17.429  1068  3099  3119 I SecureElement-AccessControlEnforcer: getAccessRule() appCert = 27196e386b875e76adf700e7ea84e4c6eee33dfa
02-21 22:28:17.429  1068  3099  3119 I SecureElement-AccessControlEnforcer: getAccessRule() appCert = c8a2e9bccf597c2fb6dc66bee293fc13f2fc47ec77bc6b2b0d52c11f51192ab8
02-21 22:28:17.429  1068  3099  3119 I SecureElement-AccessRuleCache: findAccessRule() not found
02-21 22:28:17.430  1068  3099  3119 I SecureElement-AccessControlEnforcer: getAccessRule() appCert = 27196e386b875e76adf700e7ea84e4c6eee33dfa
02-21 22:28:17.430  1068  3099  3119 I SecureElement-AccessControlEnforcer: getAccessRule() appCert = c8a2e9bccf597c2fb6dc66bee293fc13f2fc47ec77bc6b2b0d52c11f51192ab8
02-21 22:28:17.430  1068  3099  3119 I SecureElement-AccessRuleCache: findAccessRule() not found
02-21 22:28:17.445  1068  3099  3119 I SecureElement-Terminal-SIM2: isNfcEventAllowed: No access rules for checking.
02-21 22:28:17.446 10094  3193  3193 D StatsLog: LAUNCHER_ALLAPPS_COUNT
02-21 22:28:17.449   nfc  3649  3649 I RegisteredComponentCache: New Components => 
02-21 22:28:17.449   nfc  3649  3649 I RegisteredComponentCache: ComponentInfo: ResolveInfo{7808cb1 com.android.apps.tag/.TagViewer m=0x108000 userHandle=UserHandle{0}}, techs: android.nfc.tech.Ndef, 
02-21 22:28:17.449   nfc  3649  3649 I RegisteredComponentCache: Removed Components => 
02-21 22:28:17.449   nfc  3649  3649 I RegisteredComponentCache: ComponentInfo: ResolveInfo{4218fe3 com.android.apps.tag/.TagViewer m=0x108000 userHandle=UserHandle{0}}, techs: android.nfc.tech.Ndef, 
02-21 22:28:17.456   nfc  3649  3649 I RegisteredServicesCache: current user: 0, is managed profile : false
02-21 22:28:17.456   nfc  3649  3649 I RegisteredServicesCache: New Other Services => 
02-21 22:28:17.456   nfc  3649  3649 I RegisteredServicesCache: Removed Other Services => 
02-21 22:28:17.461  1000  1498  1601 I system_server: Background concurrent mark compact GC freed 10MB AllocSpace bytes, 37(740KB) LOS objects, 75% free, 19MB/77MB, paused 1.507ms,2.676ms total 101.977ms
02-21 22:28:17.463  1000  1498  1603 W system_server: ApkAssets: Deleting an ApkAssets object '<empty> and /product/app/LatinIME/LatinIME.apk' with 1 weak references
02-21 22:28:17.463  1000  1498  1603 W system_server: ApkAssets: Deleting an ApkAssets object '<empty> and /system_ext/app/AccessibilityMenu/AccessibilityMenu.apk' with 1 weak references
02-21 22:28:17.464 radio  3148  3468 D ImsResolver: maybeAddedImsService, packageName: android.app.stubs
02-21 22:28:17.465  1000  1498  1603 W system_server: ApkAssets: Deleting an ApkAssets object '<empty> and /data/app/~~4UOGbtnrV1KLQ1V5tdKnDA==/android.app.stubs-FHRTFdy-BZzzv4sa3baYoA==/base.apk' with 2 weak references
02-21 22:28:17.465 10103  2945   566 I PermissionControllerServiceImpl: Updating user sensitive for uid 10132
02-21 22:28:17.467   nfc  3649  3649 I RegisteredServicesCache: New Services => 
02-21 22:28:17.467   nfc  3649  3649 I RegisteredServicesCache: Removed Services => 
02-21 22:28:17.468  1068  3099  3119 D SecureElementService: getReaders() for com.android.nfc
02-21 22:28:17.471  1068  3099  3119 I SecureElement-AccessControlEnforcer: getAccessRule() appCert = 27196e386b875e76adf700e7ea84e4c6eee33dfa
02-21 22:28:17.471  1068  3099  3119 I SecureElement-AccessControlEnforcer: getAccessRule() appCert = c8a2e9bccf597c2fb6dc66bee293fc13f2fc47ec77bc6b2b0d52c11f51192ab8
02-21 22:28:17.471  1068  3099  3119 I SecureElement-AccessRuleCache: findAccessRule() not found
02-21 22:28:17.472  1068  3099  3119 I SecureElement-AccessControlEnforcer: getAccessRule() appCert = 27196e386b875e76adf700e7ea84e4c6eee33dfa
02-21 22:28:17.472  1068  3099  3119 I SecureElement-AccessControlEnforcer: getAccessRule() appCert = c8a2e9bccf597c2fb6dc66bee293fc13f2fc47ec77bc6b2b0d52c11f51192ab8
02-21 22:28:17.472  1068  3099  3119 I SecureElement-AccessRuleCache: findAccessRule() not found
02-21 22:28:17.476  1068  3099  3119 I SecureElement-Terminal-SIM2: isNfcEventAllowed: No access rules for checking.
02-21 22:28:17.484  1000  1498  1609 I commit_sys_config_file: [appops_accesses,7]
02-21 22:28:17.489 10103  2945  2957 W ssioncontroller: Reducing the number of considered missed Gc histogram windows from 3394 to 100
02-21 22:28:17.532 shell  1024  1024 I auditd  : type=1400 audit(0.0:257): avc:  denied  { search } for  comm=73796E6320737663203231 name="oem" dev="dm-7" ino=43 scontext=u:r:adbd:s0 tcontext=u:object_r:oemfs:s0 tclass=dir permissive=0
02-21 22:28:17.532 shell  1024  1024 W /apex/com.android.adbd/bin/adbd: type=1400 audit(0.0:257): avc:  denied  { search } for  comm=73796E6320737663203231 name="oem" dev="dm-7" ino=43 scontext=u:r:adbd:s0 tcontext=u:object_r:oemfs:s0 tclass=dir permissive=0
02-21 22:28:17.881 10097  2929  2929 D ControlsListingControllerImpl: ServiceConfig reloaded, count: 0
02-21 22:28:17.883 10097  2929  2929 D ControlsListingControllerImpl: ServiceConfig reloaded, count: 0
02-21 22:28:17.888 shell  1024  1024 I auditd  : type=1400 audit(0.0:258): avc:  denied  { search } for  comm=73796E6320737663203231 name="oem" dev="dm-7" ino=43 scontext=u:r:adbd:s0 tcontext=u:object_r:oemfs:s0 tclass=dir permissive=0
02-21 22:28:17.888 shell  1024  1024 W /apex/com.android.adbd/bin/adbd: type=1400 audit(0.0:258): avc:  denied  { search } for  comm=73796E6320737663203231 name="oem" dev="dm-7" ino=43 scontext=u:r:adbd:s0 tcontext=u:object_r:oemfs:s0 tclass=dir permissive=0
02-21 22:28:17.888 shell  1024  1024 I auditd  : type=1400 audit(0.0:259): avc:  denied  { search } for  comm=73796E6320737663203231 name="oem" dev="dm-7" ino=43 scontext=u:r:adbd:s0 tcontext=u:object_r:oemfs:s0 tclass=dir permissive=0
02-21 22:28:17.888 shell  1024  1024 W /apex/com.android.adbd/bin/adbd: type=1400 audit(0.0:259): avc:  denied  { search } for  comm=73796E6320737663203231 name="oem" dev="dm-7" ino=43 scontext=u:r:adbd:s0 tcontext=u:object_r:oemfs:s0 tclass=dir permissive=0
02-21 22:28:17.888 shell  1024  1024 I auditd  : type=1400 audit(0.0:260): avc:  denied  { search } for  comm=73796E6320737663203231 name="oem" dev="dm-7" ino=43 scontext=u:r:adbd:s0 tcontext=u:object_r:oemfs:s0 tclass=dir permissive=0
02-21 22:28:17.888 shell  1024  1024 W /apex/com.android.adbd/bin/adbd: type=1400 audit(0.0:260): avc:  denied  { search } for  comm=73796E6320737663203231 name="oem" dev="dm-7" ino=43 scontext=u:r:adbd:s0 tcontext=u:object_r:oemfs:s0 tclass=dir permissive=0
02-21 22:28:17.892 shell  1024  1024 I auditd  : type=1400 audit(0.0:261): avc:  denied  { search } for  comm=73796E6320737663203231 name="oem" dev="dm-7" ino=43 scontext=u:r:adbd:s0 tcontext=u:object_r:oemfs:s0 tclass=dir permissive=0
02-21 22:28:17.892 shell  1024  1024 W /apex/com.android.adbd/bin/adbd: type=1400 audit(0.0:261): avc:  denied  { search } for  comm=73796E6320737663203231 name="oem" dev="dm-7" ino=43 scontext=u:r:adbd:s0 tcontext=u:object_r:oemfs:s0 tclass=dir permissive=0
02-21 22:28:17.892 shell  1024  1024 I auditd  : type=1400 audit(0.0:262): avc:  denied  { search } for  comm=73796E6320737663203231 name="oem" dev="dm-7" ino=43 scontext=u:r:adbd:s0 tcontext=u:object_r:oemfs:s0 tclass=dir permissive=0
02-21 22:28:17.892 shell  1024  1024 W /apex/com.android.adbd/bin/adbd: type=1400 audit(0.0:262): avc:  denied  { search } for  comm=73796E6320737663203231 name="oem" dev="dm-7" ino=43 scontext=u:r:adbd:s0 tcontext=u:object_r:oemfs:s0 tclass=dir permissive=0
02-21 22:28:17.896 shell  1024  1024 I auditd  : type=1400 audit(0.0:263): avc:  denied  { search } for  comm=73796E6320737663203231 name="oem" dev="dm-7" ino=43 scontext=u:r:adbd:s0 tcontext=u:object_r:oemfs:s0 tclass=dir permissive=0
02-21 22:28:17.896 shell  1024  1024 W /apex/com.android.adbd/bin/adbd: type=1400 audit(0.0:263): avc:  denied  { search } for  comm=73796E6320737663203231 name="oem" dev="dm-7" ino=43 scontext=u:r:adbd:s0 tcontext=u:object_r:oemfs:s0 tclass=dir permissive=0
02-21 22:28:17.900 shell  1024  1024 I auditd  : type=1400 audit(0.0:264): avc:  denied  { search } for  comm=73796E6320737663203231 name="oem" dev="dm-7" ino=43 scontext=u:r:adbd:s0 tcontext=u:object_r:oemfs:s0 tclass=dir permissive=0
02-21 22:28:17.900 shell  1024  1024 W /apex/com.android.adbd/bin/adbd: type=1400 audit(0.0:264): avc:  denied  { search } for  comm=73796E6320737663203231 name="oem" dev="dm-7" ino=43 scontext=u:r:adbd:s0 tcontext=u:object_r:oemfs:s0 tclass=dir permissive=0
02-21 22:28:17.900 shell  1024  1024 I auditd  : type=1400 audit(0.0:265): avc:  denied  { search } for  comm=73796E6320737663203231 name="oem" dev="dm-7" ino=43 scontext=u:r:adbd:s0 tcontext=u:object_r:oemfs:s0 tclass=dir permissive=0
02-21 22:28:17.900 shell  1024  1024 W /apex/com.android.adbd/bin/adbd: type=1400 audit(0.0:265): avc:  denied  { search } for  comm=73796E6320737663203231 name="oem" dev="dm-7" ino=43 scontext=u:r:adbd:s0 tcontext=u:object_r:oemfs:s0 tclass=dir permissive=0
02-21 22:28:17.912 10105  3621  3934 W MediaProvider: isAppCloneUserPair for user 0: false
02-21 22:28:17.913 10105  3621  3934 W MediaProvider: isAppCloneUserPair for user 0: false
02-21 22:28:17.914 10105  3621  3934 W MediaProvider: isAppCloneUserPair for user 0: false
02-21 22:28:17.915 10105  3621  3934 W MediaProvider: isAppCloneUserPair for user 0: false
02-21 22:28:17.915 10105  3621  3934 W MediaProvider: isAppCloneUserPair for user 0: false
02-21 22:28:17.916 10105  3621  3934 W MediaProvider: isAppCloneUserPair for user 0: false
02-21 22:28:17.916 10105  3621  3934 W MediaProvider: isAppCloneUserPair for user 0: false
02-21 22:28:18.007  root   276   276 W maxfg 06: 63FC FF:6336 1F:0855 05:083C 10:0854 35:083D 23:0874 4C:FFF6 4D:FFF7 45:021D 46:3200 0C:0007 3D:1408 28:262E 39:3C02 29:C613 0F:085B 4A:0868 09:DBD4 0A:FFFB 38:05FC 17:2F5C CC:4276000
02-21 22:28:18.032  1000   924   924 W healthd : battery l=100 v=4396 t=24.2 h=2 st=5 c=312 fc=4328000 cc=121 chg=u
02-21 22:28:18.018 10097  2929  4639 D PowerUI : can't show warning due to - plugged: true status unknown: false
02-21 22:28:18.233 shell  2228  2228 W audit   : audit_lost=236 audit_rate_limit=5 audit_backlog_limit=64
02-21 22:28:18.233 shell  2228  2228 E audit   : rate limit exceeded
02-21 22:28:18.221 10105  3621  3935 W MediaProvider: isAppCloneUserPair for user 0: false
02-21 22:28:18.534  1000  1498  1767 I commit_sys_config_file: [package-session,11]
02-21 22:28:18.536  1000  1498  1767 I commit_sys_config_file: [package-session,1]
02-21 22:28:18.547  1000  1498  1895 I commit_sys_config_file: [package-session,2]
02-21 22:28:18.581  1000  1498  1947 W RuleEvaluation: Integrity rule files are not available.
02-21 22:28:18.582  1000  1498  1818 I PackageManager: Integrity check passed for file:///data/app/vmdl781031103.tmp
02-21 22:28:18.587  1000  1498  1767 I commit_sys_config_file: [package-session,4]
02-21 22:28:18.638  1000  1498  1818 I sysui_multi_action: [757,1243,758,4,806,androidx.test.services,1241,android.permission.POST_NOTIFICATIONS]
02-21 22:28:18.638  1000  1498  1818 I sysui_multi_action: [757,1243,758,4,806,androidx.test.services,1241,android.permission.READ_MEDIA_VISUAL_USER_SELECTED]
02-21 22:28:18.639  1000  1498  1818 I sysui_multi_action: [757,1243,758,4,806,androidx.test.services,1241,android.permission.READ_EXTERNAL_STORAGE]
02-21 22:28:18.639  1000  1498  1818 I sysui_multi_action: [757,1243,758,4,806,androidx.test.services,1241,android.permission.READ_MEDIA_IMAGES]
02-21 22:28:18.639  1000  1498  1818 I sysui_multi_action: [757,1243,758,4,806,androidx.test.services,1241,android.permission.READ_MEDIA_AUDIO]
02-21 22:28:18.639  1000  1498  1818 I sysui_multi_action: [757,1243,758,4,806,androidx.test.services,1241,android.permission.READ_MEDIA_VIDEO]
02-21 22:28:18.640  1000  1498  1818 I sysui_multi_action: [757,1243,758,4,806,androidx.test.services,1241,android.permission.WRITE_EXTERNAL_STORAGE]
02-21 22:28:18.683  1000  1498  1818 I commit_sys_config_file: [package,36]
02-21 22:28:18.683  1000  1498  1818 D PackageManager: Instant App installer not found with android.intent.action.INSTALL_INSTANT_APP_PACKAGE
02-21 22:28:18.683  1000  1498  1818 D PackageManager: Clear ephemeral installer activity
02-21 22:28:18.702  logd   443   443 I logd    : start watching /data/system/packages.list ...
02-21 22:28:18.705  logd   443   443 I logd    : ReadPackageList, total packages: 135
02-21 22:28:18.688  1000  1498  1765 E AppOps  : Trying to set mode for unknown uid 10133.
02-21 22:28:18.688  1000  1498  1765 V StorageManagerService: Package null does not have legacy storage
02-21 22:28:18.694 10105  3621  3651 D MediaGrants: Removed 0 media_grants for 0 user for [androidx.test.services]. Reason: Mode changed: android:read_external_storage
02-21 22:28:18.696  1000  1498  1818 V BackupManagerService: [UserID:0] restoreAtInstall pkg=androidx.test.services token=a restoreSet=0
02-21 22:28:18.696  1000  1498  1818 V BackupManagerService: [UserID:0] Finishing install immediately
02-21 22:28:18.705  1000  1498  1818 W MagnificationConnectionManager: requestConnection duplicated request: connect=false, mConnectionState=DISCONNECTED
02-21 22:28:18.706  1000  1498  1818 I unknown_sources_enabled: 1
02-21 22:28:18.707  1000  1498  1818 D PackageInstallerSession: Marking session 781031103 as applied
02-21 22:28:18.711  1000  1498  1813 I commit_sys_config_file: [package-user-0,29]
02-21 22:28:18.712  1000  1498  1767 I commit_sys_config_file: [package-session,2]
02-21 22:28:18.715 10094  3193  3249 D SessionCommitReceiver: Removing PromiseIcon for package: androidx.test.services, install reason: 0, alreadyAddedPromiseIcon: false
02-21 22:28:18.716  1000  1498  1895 I commit_sys_config_file: [package-session,3]
02-21 22:28:18.718  1000  1498  1818 D CompatibilityChangeReporter: Compat change id reported: 168419799; UID 10133; state: DISABLED
02-21 22:28:18.718  1000  1498  1818 D CompatibilityChangeReporter: Compat change id reported: 273564678; UID 10133; state: DISABLED
02-21 22:28:18.721  1000  1498  1498 I notification_cancel_all: [1000,1498,androidx.test.services,0,0,0,5,NULL]
02-21 22:28:18.725 radio  3148  3148 D CarrierSvcBindHelper: onPackageAdded: androidx.test.services
02-21 22:28:18.725 radio  3148  3333 D EuiccConnector: handleMessage: E msg.what=1
02-21 22:28:18.726 radio  3148  3333 D EuiccConnector: processMsg: UnavailableState
02-21 22:28:18.726 radio  3148  3148 D CarrierSvcBindHelper: No carrier app for: 0
02-21 22:28:18.726 radio  3148  3333 W EuiccConnector: No valid EuiccService implementation found
02-21 22:28:18.726 radio  3148  3333 D EuiccConnector: handleMessage: X
02-21 22:28:18.726  1000  1498  2906 I SdkSandboxManager: No SDKs used. Skipping SDK data reconcilation for CallingInfo{mUid=10133, mPackageName='androidx.test.services, mAppProcessToken='null'}
02-21 22:28:18.727 radio  3148  3148 D CarrierSvcBindHelper: No carrier app for: 1
02-21 22:28:18.728  1000  1498  1498 D TransparencyService: Not an update. Skipping...
02-21 22:28:18.728   nfc  3649  3649 I RegisteredComponentCache: New Components => 
02-21 22:28:18.728   nfc  3649  3649 I RegisteredComponentCache: ComponentInfo: ResolveInfo{4fdbbcd com.android.apps.tag/.TagViewer m=0x108000 userHandle=UserHandle{0}}, techs: android.nfc.tech.Ndef, 
02-21 22:28:18.728   nfc  3649  3649 I RegisteredComponentCache: Removed Components => 
02-21 22:28:18.728   nfc  3649  3649 I RegisteredComponentCache: ComponentInfo: ResolveInfo{7808cb1 com.android.apps.tag/.TagViewer m=0x108000 userHandle=UserHandle{0}}, techs: android.nfc.tech.Ndef, 
02-21 22:28:18.729  1000  1498  1939 I InputReader: Reconfiguring input devices, changes=KEYBOARD_LAYOUTS
02-21 22:28:18.729 10103  2945  4477 I PermissionControllerServiceImpl: Updating user sensitive for uid 10133
02-21 22:28:18.732  1000  1498  1498 V BackupManagerConstants: getFullBackupIntervalMilliseconds(...) returns 86400000
02-21 22:28:18.732  1000  1498  1498 V BackupManagerConstants: getFullBackupRequiredNetworkType(...) returns 2
02-21 22:28:18.732  1000  1498  1498 V BackupManagerConstants: getFullBackupRequireCharging(...) returns true
02-21 22:28:18.739   nfc  3649  3649 I RegisteredServicesCache: current user: 0, is managed profile : false
02-21 22:28:18.739   nfc  3649  3649 I RegisteredServicesCache: New Other Services => 
