02-21 22:27:46.178  artd  1200  1200 I dex2oat64: dex2oat took 423.791ms (911.678ms cpu) (threads: 8) arena alloc=0B (0B) java alloc=7543KB (7724496B) native alloc=2741KB (2807104B) free=1084KB (1110384B)
02-21 22:27:46.192  artd 32294 32448 I artd    : dex2oat returned code 0
02-21 22:27:46.199  1000  1498  1818 I ArtService: Dexopt result: [packageName = android.app.stubs] DexContainerFileDexoptResult{dexContainerFile=/data/app/~~pbHb2eXJFU3ZkErAdhTnLQ==/android.app.stubs-o1IDzXEt18oO5bjjTywy1Q==/base.apk, primaryAbi=true, abi=arm64-v8a, actualCompilerFilter=verify, status=PERFORMED, dex2oatWallTimeMillis=-419214, dex2oatCpuTimeMillis=940, sizeBytes=13402156, sizeBeforeBytes=0, extendedStatusFlags=[]}
02-21 22:27:46.200  1000  1498  1818 V BackupManagerService: [UserID:0] restoreAtInstall pkg=android.app.stubs token=7 restoreSet=0
02-21 22:27:46.200  1000  1498  1818 V BackupManagerService: [UserID:0] Finishing install immediately
02-21 22:27:46.202  1000  1498  1818 I AppsFilter: interaction: PackageSetting{e27ca94 com.android.microdroid.empty_payload/10107} -> PackageSetting{b0fe646 android.app.stubs/10130} BLOCKED
02-21 22:27:46.203  1000  1498  1818 W MagnificationConnectionManager: requestConnection duplicated request: connect=false, mConnectionState=DISCONNECTED
02-21 22:27:46.204  1000  1498  1818 I unknown_sources_enabled: 1
02-21 22:27:46.204  1000  1498  1818 D PackageInstallerSession: Marking session 1026862175 as applied
02-21 22:27:46.209  1000  1498  1767 I commit_sys_config_file: [package-session,2]
02-21 22:27:46.210 10094  3193  3249 D SessionCommitReceiver: Removing PromiseIcon for package: android.app.stubs, install reason: 0, alreadyAddedPromiseIcon: false
02-21 22:27:46.211  1000  1498  1895 I commit_sys_config_file: [package-session,2]
02-21 22:27:46.214  1000  1498  1818 D CompatibilityChangeReporter: Compat change id reported: 168419799; UID 10130; state: DISABLED
02-21 22:27:46.214  1000  1498  1818 D CompatibilityChangeReporter: Compat change id reported: 273564678; UID 10130; state: DISABLED
02-21 22:27:46.217  1000  1498  1498 I notification_cancel_all: [1000,1498,android.app.stubs,0,0,0,5,NULL]
02-21 22:27:46.217  1000  1498  2906 I SdkSandboxManager: No SDKs used. Skipping SDK data reconcilation for CallingInfo{mUid=10130, mPackageName='android.app.stubs, mAppProcessToken='null'}
02-21 22:27:46.218 radio  3148  3148 D CarrierSvcBindHelper: onPackageAdded: android.app.stubs
02-21 22:27:46.219 radio  3148  3333 D EuiccConnector: handleMessage: E msg.what=1
02-21 22:27:46.219 radio  3148  3333 D EuiccConnector: processMsg: UnavailableState
02-21 22:27:46.219 radio  3148  3148 D CarrierSvcBindHelper: No carrier app for: 0
02-21 22:27:46.219 radio  3148  3148 D CarrierSvcBindHelper: No carrier app for: 1
02-21 22:27:46.220  1000  1498  1498 D TransparencyService: Not an update. Skipping...
02-21 22:27:46.220 10103  2945  4477 I PermissionControllerServiceImpl: Updating user sensitive for uid 10130
02-21 22:27:46.220   nfc  3649  3649 I RegisteredComponentCache: New Components => 
02-21 22:27:46.220   nfc  3649  3649 I RegisteredComponentCache: ComponentInfo: ResolveInfo{b81fb6f com.android.apps.tag/.TagViewer m=0x108000 userHandle=UserHandle{0}}, techs: android.nfc.tech.Ndef, 
02-21 22:27:46.221   nfc  3649  3649 I RegisteredComponentCache: Removed Components => 
02-21 22:27:46.221   nfc  3649  3649 I RegisteredComponentCache: ComponentInfo: ResolveInfo{b66eca2 com.android.apps.tag/.TagViewer m=0x108000 userHandle=UserHandle{0}}, techs: android.nfc.tech.Ndef, 
02-21 22:27:46.221  1000  1498  1498 V BackupManagerConstants: getFullBackupIntervalMilliseconds(...) returns 86400000
02-21 22:27:46.221  1000  1498  1498 V BackupManagerConstants: getFullBackupRequiredNetworkType(...) returns 2
02-21 22:27:46.221  1000  1498  1498 V BackupManagerConstants: getFullBackupRequireCharging(...) returns true
02-21 22:27:46.221  1000  1498  1923 D ActivityManager: freezing 4396 com.android.rkpdapp
02-21 22:27:46.222  1000  1498  1923 I am_freeze: [4396,com.android.rkpdapp]
02-21 22:27:46.223  1000  1498  1784 W ProcessStats: Tracking association SourceState{e7cde18 system/1000 ImpFg #1092} whose proc state 5 is better than process ProcessState{8339f82 com.android.permissioncontroller/10103 pkg=com.android.permissioncontroller} proc state 14 (258 skipped)
02-21 22:27:46.223 radio  3148  3333 W EuiccConnector: No valid EuiccService implementation found
02-21 22:27:46.223 radio  3148  3333 D EuiccConnector: handleMessage: X
02-21 22:27:46.225 10103  2945  2945 I SafetyLabelChangedBroadcastReceiver: received broadcast packageName: android.app.stubs, current user: UserHandle{0}, packageChangeEvent: NEW_INSTALL, intent user: UserHandle{0}
02-21 22:27:46.225  1000  1498  1898 I commit_sys_config_file: [overlays,2]
02-21 22:27:46.227  1000  1498  1939 I InputReader: Reconfiguring input devices, changes=KEYBOARD_LAYOUTS
02-21 22:27:46.231  1000  1498  1498 I AppsFilter: interaction: PackageSetting{4fdfac1 com.android.microdroid.empty_payload/10107} -> PackageSetting{4d0c266 android.app.stubs/10130} BLOCKED
02-21 22:27:46.235 radio  3148  3333 D EuiccConnector: handleMessage: E msg.what=1
02-21 22:27:46.235 radio  3148  3333 D EuiccConnector: processMsg: UnavailableState
02-21 22:27:46.236 10103  2945  4477 I PermissionControllerServiceImpl: Updating user sensitive for uid 10130
02-21 22:27:46.237 radio  3148  3333 W EuiccConnector: No valid EuiccService implementation found
02-21 22:27:46.237 radio  3148  3333 D EuiccConnector: handleMessage: X
02-21 22:27:46.242   nfc  3649  3649 I RegisteredServicesCache: current user: 0, is managed profile : false
02-21 22:27:46.242   nfc  3649  3649 I RegisteredServicesCache: New Other Services => 
02-21 22:27:46.242   nfc  3649  3649 I RegisteredServicesCache: Removed Other Services => 
02-21 22:27:46.246   nfc  3649  3649 I RegisteredServicesCache: New Services => 
02-21 22:27:46.246   nfc  3649  3649 I RegisteredServicesCache: Removed Services => 
02-21 22:27:46.249  1000  1498  1783 W VoiceInteractionManager: no available voice recognition services found for user 0
02-21 22:27:46.249 radio  3148  3468 D ImsResolver: maybeAddedImsService, packageName: android.app.stubs
02-21 22:27:46.250 radio  3148  3148 E VvmPkgInstalledRcvr: cannot create TelephonyManager from ComponentInfo{com.android.phone/com.android.services.telephony.TelephonyConnectionService}, E, UserHandle{0}
02-21 22:27:46.250   nfc  3649  3649 I RegisteredComponentCache: New Components => 
02-21 22:27:46.250   nfc  3649  3649 I RegisteredComponentCache: ComponentInfo: ResolveInfo{dd08b74 com.android.apps.tag/.TagViewer m=0x108000 userHandle=UserHandle{0}}, techs: android.nfc.tech.Ndef, 
02-21 22:27:46.250   nfc  3649  3649 I RegisteredComponentCache: Removed Components => 
02-21 22:27:46.250   nfc  3649  3649 I RegisteredComponentCache: ComponentInfo: ResolveInfo{b81fb6f com.android.apps.tag/.TagViewer m=0x108000 userHandle=UserHandle{0}}, techs: android.nfc.tech.Ndef, 
02-21 22:27:46.251  1000  1498  1783 W BroadcastLoopers: Found previously unknown looper Thread[android.bg,5,main]
02-21 22:27:46.253   nfc  3649  3649 I RegisteredServicesCache: current user: 0, is managed profile : false
02-21 22:27:46.253   nfc  3649  3649 I RegisteredServicesCache: New Other Services => 
02-21 22:27:46.253   nfc  3649  3649 I RegisteredServicesCache: Removed Other Services => 
02-21 22:27:46.255 radio  3148  3148 D CarrierSvcBindHelper: onPackageModified: android.app.stubs
02-21 22:27:46.255 radio  3148  3148 D CarrierSvcBindHelper: No carrier app for: 0
02-21 22:27:46.256 radio  3148  3148 D CarrierSvcBindHelper: No carrier app for: 1
02-21 22:27:46.257  1000  1498  1783 W MagnificationConnectionManager: requestConnection duplicated request: connect=false, mConnectionState=DISCONNECTED
02-21 22:27:46.257   nfc  3649  3649 I RegisteredServicesCache: New Services => 
02-21 22:27:46.257   nfc  3649  3649 I RegisteredServicesCache: Removed Services => 
02-21 22:27:46.259  1068  3099  3139 D SecureElementService: getReaders() for com.android.nfc
02-21 22:27:46.260  1000  1498  1783 W PackageManager: Failed registering loading progress callback. Package is fully loaded.
02-21 22:27:46.261 10094  3193  3249 D PackageUpdatedTask: mAllAppsList.addPackage android.app.stubs
02-21 22:27:46.261  1068  3099  3139 I SecureElement-AccessControlEnforcer: getAccessRule() appCert = 27196e386b875e76adf700e7ea84e4c6eee33dfa
02-21 22:27:46.261  1000  1498  1939 I InputReader: Reconfiguring input devices, changes=KEYBOARD_LAYOUTS
02-21 22:27:46.261  1068  3099  3139 I SecureElement-AccessControlEnforcer: getAccessRule() appCert = c8a2e9bccf597c2fb6dc66bee293fc13f2fc47ec77bc6b2b0d52c11f51192ab8
02-21 22:27:46.261  1000  1498  1783 W VoiceInteractionManager: no available voice recognition services found for user 0
02-21 22:27:46.261  1068  3099  3139 I SecureElement-AccessRuleCache: findAccessRule() not found
02-21 22:27:46.262  1068  3099  3139 I SecureElement-AccessControlEnforcer: getAccessRule() appCert = 27196e386b875e76adf700e7ea84e4c6eee33dfa
02-21 22:27:46.262  1068  3099  3139 I SecureElement-AccessControlEnforcer: getAccessRule() appCert = c8a2e9bccf597c2fb6dc66bee293fc13f2fc47ec77bc6b2b0d52c11f51192ab8
02-21 22:27:46.262  1068  3099  3139 I SecureElement-AccessRuleCache: findAccessRule() not found
02-21 22:27:46.265  1000  1498  1783 W MagnificationConnectionManager: requestConnection duplicated request: connect=false, mConnectionState=DISCONNECTED
02-21 22:27:46.266  1068  3099  3119 I SecureElement-Terminal-SIM2: isNfcEventAllowed: No access rules for checking.
02-21 22:27:46.267  1068  3099  3119 D SecureElementService: getReaders() for com.android.nfc
02-21 22:27:46.271 radio  3148  3468 D ImsResolver: maybeAddedImsService, packageName: android.app.stubs
02-21 22:27:46.274  1068  3099  3119 I SecureElement-AccessControlEnforcer: getAccessRule() appCert = 27196e386b875e76adf700e7ea84e4c6eee33dfa
02-21 22:27:46.275  1068  3099  3119 I SecureElement-AccessControlEnforcer: getAccessRule() appCert = c8a2e9bccf597c2fb6dc66bee293fc13f2fc47ec77bc6b2b0d52c11f51192ab8
02-21 22:27:46.275  1068  3099  3119 I SecureElement-AccessRuleCache: findAccessRule() not found
02-21 22:27:46.275  1068  3099  3119 I SecureElement-AccessControlEnforcer: getAccessRule() appCert = 27196e386b875e76adf700e7ea84e4c6eee33dfa
02-21 22:27:46.275  1000  1498  1923 I am_compact: [4396,com.android.rkpdapp,ANON,115228,62120,51904,1944,-4916,-996,-3920,3880,52,FULL,58058,915,19,29836,-456]
02-21 22:27:46.276  1068  3099  3119 I SecureElement-AccessControlEnforcer: getAccessRule() appCert = c8a2e9bccf597c2fb6dc66bee293fc13f2fc47ec77bc6b2b0d52c11f51192ab8
02-21 22:27:46.276  1068  3099  3119 I SecureElement-AccessRuleCache: findAccessRule() not found
02-21 22:27:46.277  1068  3099  3119 I SecureElement-Terminal-SIM2: isNfcEventAllowed: No access rules for checking.
02-21 22:27:46.281 10094  3193  3193 D StatsLog: LAUNCHER_ALLAPPS_COUNT
02-21 22:27:46.300 10094  3193  3249 D PackageUpdatedTask: mAllAppsList.updatePackage android.app.stubs
02-21 22:27:46.306  1000  1498  4480 I commit_sys_config_file: [appops_accesses,10]
02-21 22:27:46.310 10094  3193  3193 D StatsLog: LAUNCHER_ALLAPPS_COUNT
02-21 22:27:46.324  1000  1498  1601 I system_server: Background concurrent mark compact GC freed 12MB AllocSpace bytes, 43(924KB) LOS objects, 75% free, 17MB/70MB, paused 1.151ms,2.986ms total 119.590ms
02-21 22:27:46.325  1000  1498  1603 W system_server: ApkAssets: Deleting an ApkAssets object '<empty> and /system_ext/app/AccessibilityMenu/AccessibilityMenu.apk' with 1 weak references
02-21 22:27:46.326  1000  1498  1603 W system_server: ApkAssets: Deleting an ApkAssets object '<empty> and /product/app/LatinIME/LatinIME.apk' with 1 weak references
02-21 22:27:46.327  1000  1498  1603 W system_server: ApkAssets: Deleting an ApkAssets object '<empty> and /data/app/~~pbHb2eXJFU3ZkErAdhTnLQ==/android.app.stubs-o1IDzXEt18oO5bjjTywy1Q==/base.apk' with 2 weak references
02-21 22:27:46.356 shell  1024  1024 I auditd  : type=1400 audit(0.0:256): avc:  denied  { search } for  comm=73796E6320737663203231 name="oem" dev="dm-7" ino=43 scontext=u:r:adbd:s0 tcontext=u:object_r:oemfs:s0 tclass=dir permissive=0
02-21 22:27:46.356 shell  1024  1024 W /apex/com.android.adbd/bin/adbd: type=1400 audit(0.0:256): avc:  denied  { search } for  comm=73796E6320737663203231 name="oem" dev="dm-7" ino=43 scontext=u:r:adbd:s0 tcontext=u:object_r:oemfs:s0 tclass=dir permissive=0
02-21 22:27:46.718 10097  2929  2929 D ControlsListingControllerImpl: ServiceConfig reloaded, count: 0
02-21 22:27:46.719 10097  2929  2929 D ControlsListingControllerImpl: ServiceConfig reloaded, count: 0
02-21 22:27:46.746 shell  1249  1249 D AndroidRuntime: >>>>>> START com.android.internal.os.RuntimeInit uid 2000 <<<<<<
02-21 22:27:46.751 shell  1249  1249 I AndroidRuntime: Using default boot image
02-21 22:27:46.751 shell  1249  1249 I AndroidRuntime: Leaving lock profiling enabled
02-21 22:27:46.753 shell  1249  1249 I app_process: Core platform API reporting enabled, enforcing=false
02-21 22:27:46.753 shell  1249  1249 I app_process: Using CollectorTypeCMC GC.
02-21 22:27:46.821 shell  1249  1249 D nativeloader: InitDefaultPublicLibraries for_preload=1: libandroid.so:libaaudio.so:libamidi.so:libbinder_ndk.so:libc.so:libcamera2ndk.so:libdl.so:libEGL.so:libGLESv1_CM.so:libGLESv2.so:libGLESv3.so:libicu.so:libicui18n.so:libicuuc.so:libjnigraphics.so:liblog.so:libmediandk.so:libm.so:libnativehelper.so:libnativewindow.so:libOpenMAXAL.so:libOpenSLES.so:libRS.so:libstdc++.so:libsync.so:libvulkan.so:libwebviewchromium_plat_support.so:libz.so
02-21 22:27:46.840 shell  1249  1249 D nativeloader: Load libicu_jni.so using APEX ns com_android_art for caller /apex/com.android.art/javalib/core-oj.jar: ok
02-21 22:27:46.840 shell  1249  1249 D app_process: Time zone APEX ICU file found: /apex/com.android.tzdata/etc/icu/icu_tzdata.dat
02-21 22:27:46.840 shell  1249  1249 D app_process: I18n APEX ICU file found: /apex/com.android.i18n/etc/icu/icudt72l.dat
02-21 22:27:46.841 shell  1249  1249 D nativeloader: Load libjavacore.so using APEX ns com_android_art for caller /apex/com.android.art/javalib/core-oj.jar: ok
02-21 22:27:46.842 shell  1249  1249 D nativeloader: Load libopenjdk.so using APEX ns com_android_art for caller /apex/com.android.art/javalib/core-oj.jar: ok
02-21 22:27:46.868 shell  1249  1249 D nativeloader: Load libframework-connectivity-tiramisu-jni.so using APEX ns com_android_tethering for caller /apex/com.android.tethering/javalib/framework-connectivity-t.jar: ok
02-21 22:27:46.868 shell  1249  1249 D AndroidRuntime: Calling main entry com.android.commands.am.Am
02-21 22:27:46.872 shell  1249  1249 D UiAutomationConnection: Created on user UserHandle{0}
02-21 22:27:46.872  1000  1498  1782 I ActivityManager: Force stopping android.display.cts appid=10129 user=0: start instr
02-21 22:27:46.873  1000  1498  1782 D GrammaticalInflection: The flag must be enabled to allow calling the API.
02-21 22:27:46.873  1000  1498  1782 I am_uid_running: 10129
02-21 22:27:46.874  1000  1498  1782 D CompatibilityChangeReporter: Compat change id reported: 135634846; UID 10129; state: DISABLED
02-21 22:27:46.875  1000  1498  1782 D CompatibilityChangeReporter: Compat change id reported: 177438394; UID 10129; state: DISABLED
02-21 22:27:46.875  1000  1498  1782 D CompatibilityChangeReporter: Compat change id reported: 135772972; UID 10129; state: DISABLED
02-21 22:27:46.875  1000  1498  1782 D CompatibilityChangeReporter: Compat change id reported: 135754954; UID 10129; state: ENABLED
02-21 22:27:46.875  1000  1498  1785 D CompatibilityChangeReporter: Compat change id reported: 143937733; UID 10129; state: ENABLED
02-21 22:27:46.877  1000  1498  1914 D CompatibilityChangeReporter: Compat change id reported: 265195908; UID 10129; state: ENABLED
02-21 22:27:46.880  root   898   898 D Zygote  : Forked child process 1294
02-21 22:27:46.880  1000  1498  1785 I am_proc_start: [0,1294,10129,android.display.cts,added application,android.display.cts]
02-21 22:27:46.881  1000  1498  1785 I ActivityManager: Start proc 1294:android.display.cts/u0a129 for added application android.display.cts
02-21 22:27:46.896 10129  1294  1294 I oid.display.cts: Using CollectorTypeCMC GC.
02-21 22:27:46.899   nfc  3649  3649 I NfcDispatcher: no match
02-21 22:27:46.902 10129  1294  1294 E oid.display.cts: Not starting debugger since process cannot load the jdwp agent.
02-21 22:27:46.905 10129  1294  1294 D nativeloader: Load libframework-connectivity-tiramisu-jni.so using APEX ns com_android_tethering for caller /apex/com.android.tethering/javalib/framework-connectivity-t.jar: ok
02-21 22:27:46.908  1000  1498  1782 I am_proc_bound: [0,1294,android.display.cts]
02-21 22:27:46.912 10129  1294  1294 D CompatibilityChangeReporter: Compat change id reported: 171979766; UID 10129; state: ENABLED
02-21 22:27:46.912 10129  1294  1294 D CompatibilityChangeReporter: Compat change id reported: 242716250; UID 10129; state: ENABLED
02-21 22:27:46.913  1000  1498  1782 D CompatibilityChangeReporter: Compat change id reported: 170503758; UID 10129; state: ENABLED
02-21 22:27:46.915 10129  1294  1294 D ApplicationLoaders: Returning zygote-cached class loader: /system/framework/android.test.base.jar
02-21 22:27:46.918 10129  1294  1294 D nativeloader: Configuring clns-4 for other apk /system/framework/android.test.mock.jar. target_sdk_version=34, uses_libraries=ALL, library_path=/data/app/~~w53LlNE4d7K1-D49Lap0_Q==/android.display.cts-_4g9qYzxxvFcaF0hjKN43g==/lib/arm64:/data/app/~~w53LlNE4d7K1-D49Lap0_Q==/android.display.cts-_4g9qYzxxvFcaF0hjKN43g==/base.apk!/lib/arm64-v8a, permitted_path=/data:/mnt/expand:/data/user/0/android.display.cts
02-21 22:27:46.922 10129  1294  1294 D nativeloader: Configuring clns-5 for other apk /system/framework/android.test.runner.jar. target_sdk_version=34, uses_libraries=ALL, library_path=/data/app/~~w53LlNE4d7K1-D49Lap0_Q==/android.display.cts-_4g9qYzxxvFcaF0hjKN43g==/lib/arm64:/data/app/~~w53LlNE4d7K1-D49Lap0_Q==/android.display.cts-_4g9qYzxxvFcaF0hjKN43g==/base.apk!/lib/arm64-v8a, permitted_path=/data:/mnt/expand:/data/user/0/android.display.cts
02-21 22:27:46.924 10129  1294  1294 D ApplicationLoaders: Returning zygote-cached class loader: /system/framework/android.test.base.jar
02-21 22:27:46.926 10129  1294  1294 D nativeloader: Configuring clns-6 for other apk /data/app/~~w53LlNE4d7K1-D49Lap0_Q==/android.display.cts-_4g9qYzxxvFcaF0hjKN43g==/base.apk. target_sdk_version=34, uses_libraries=, library_path=/data/app/~~w53LlNE4d7K1-D49Lap0_Q==/android.display.cts-_4g9qYzxxvFcaF0hjKN43g==/lib/arm64:/data/app/~~w53LlNE4d7K1-D49Lap0_Q==/android.display.cts-_4g9qYzxxvFcaF0hjKN43g==/base.apk!/lib/arm64-v8a, permitted_path=/data:/mnt/expand:/data/user/0/android.display.cts
02-21 22:27:46.931 10129  1294  1294 V GraphicsEnvironment: Currently set values for:
02-21 22:27:46.931 10129  1294  1294 V GraphicsEnvironment:   angle_gl_driver_selection_pkgs=[]
02-21 22:27:46.931 10129  1294  1294 V GraphicsEnvironment:   angle_gl_driver_selection_values=[]
02-21 22:27:46.931 10129  1294  1294 V GraphicsEnvironment: Global.Settings values are invalid: number of packages: 0, number of values: 0
02-21 22:27:46.931 10129  1294  1294 V GraphicsEnvironment: Neither updatable production driver nor prerelease driver is supported.
02-21 22:27:46.935 10129  1294  1294 I MonitoringInstr: newApplication called!
02-21 22:27:46.935 10129  1294  1294 I MonitoringInstr: Instrumentation started!
02-21 22:27:46.936 10129  1294  1294 D AndroidJUnitRunner: Use the raw file system for managing file I/O.
02-21 22:27:46.939 10129  1294  1294 I AndroidJUnitRunner: onCreate Bundle[{testFile=/data/local/tmp/ajur/includes.txt, log=true, debug=false, timeout_msec=300000, newRunListenerMode=true, notAnnotation=android.platform.test.annotations.AsbSecurityTest,com.android.compatibility.common.util.CtsDownstreamingTest,android.platform.test.annotations.AppModeFull}]
02-21 22:27:46.939 10129  1294  1294 V TestEventClient: No service name argument was given (testDiscoveryService, testRunEventService or orchestratorService)
02-21 22:27:46.940 10129  1294  1324 D AndroidJUnitRunner: onStart is called.
02-21 22:27:46.940  1000  1498  1782 I am_uid_active: 10129
02-21 22:27:46.942 10129  1294  1294 I MonitoringInstr: No JSBridge.
02-21 22:27:46.944  1000  1498  1782 D CompatibilityChangeReporter: Compat change id reported: 161145287; UID 10129; state: ENABLED
02-21 22:27:46.945 10129  1294  1324 I InstrConnection: Could not send broadcast or register receiver (isolatedProcess?)
02-21 22:27:46.946 10129  1294  1324 D TestRequestBuilder: Skipping class path scanning and directly running [android.display.cts.DisplayTest]
02-21 22:27:46.951 10129  1294  1324 D TestExecutor: Adding listener androidx.test.internal.runner.listener.InstrumentationResultPrinter
02-21 22:27:46.956  1000  1498  1782 I ActivityManager: Force stopping android.display.cts appid=10129 user=0: finished inst
02-21 22:27:46.956  1000  1498  1782 E ActivityManager: Unable to freeze binder for 1294: -11
02-21 22:27:46.957  1000  1498  1782 I am_uid_stopped: 10129
02-21 22:27:46.976  1000  1782  1782 I binder  : 1498:1782 ioctl 400c620e 764d6dc38c returned -11
02-21 22:27:46.976  1000  1782  1782 I binder  : 1498:1782 ioctl 400c620e 764d6dc38c returned -11
02-21 22:27:46.957  1000  1498  1782 I ActivityManager: Killing 1294:android.display.cts/u0a129 (adj 0): stop android.display.cts due to finished inst
02-21 22:27:46.957  1000  1498  1766 D DisplayManagerService: Drop pending events for gone uid 10129
02-21 22:27:46.957  1000  1498  1782 I am_kill : [0,1294,android.display.cts,0,stop android.display.cts due to finished inst,112376]
02-21 22:27:46.958 shell  1249  1249 I app_process: System.exit called, status: 0
02-21 22:27:46.958 shell  1249  1249 I AndroidRuntime: VM exiting with result code 0.
02-21 22:27:47.008  root 31769 31769 I binder  : undelivered TRANSACTION_COMPLETE
02-21 22:27:46.988  1000  1498  1782 V ActivityManager: Got obituary of 1294:android.display.cts
02-21 22:27:47.008  root 31769 31769 I binder  : undelivered transaction 384963, process died.
02-21 22:27:46.989  root   898   898 I Zygote  : Process 1294 exited due to signal 9 (Killed)
02-21 22:27:46.990  1000  1498  1786 I libprocessgroup: Removed cgroup /sys/fs/cgroup/uid_10129/pid_1294
02-21 22:27:47.019  root  1154  1154 D AOC     : F1:[Idle Tracker] long no idle:[0] average between idle:[0.121162ms] max no idle:[19.528932ms]
02-21 22:27:47.123 shell  1329  1329 D AndroidRuntime: >>>>>> START com.android.internal.os.RuntimeInit uid 2000 <<<<<<
02-21 22:27:47.127 shell  1329  1329 I AndroidRuntime: Using default boot image
02-21 22:27:47.127 shell  1329  1329 I AndroidRuntime: Leaving lock profiling enabled
02-21 22:27:47.129 shell  1329  1329 I app_process: Core platform API reporting enabled, enforcing=false
02-21 22:27:47.129 shell  1329  1329 I app_process: Using CollectorTypeCMC GC.
02-21 22:27:47.193 shell  1329  1329 D nativeloader: InitDefaultPublicLibraries for_preload=1: libandroid.so:libaaudio.so:libamidi.so:libbinder_ndk.so:libc.so:libcamera2ndk.so:libdl.so:libEGL.so:libGLESv1_CM.so:libGLESv2.so:libGLESv3.so:libicu.so:libicui18n.so:libicuuc.so:libjnigraphics.so:liblog.so:libmediandk.so:libm.so:libnativehelper.so:libnativewindow.so:libOpenMAXAL.so:libOpenSLES.so:libRS.so:libstdc++.so:libsync.so:libvulkan.so:libwebviewchromium_plat_support.so:libz.so
02-21 22:27:47.200 shell  1329  1329 D nativeloader: Load libicu_jni.so using APEX ns com_android_art for caller /apex/com.android.art/javalib/core-oj.jar: ok
02-21 22:27:47.201 shell  1329  1329 D app_process: Time zone APEX ICU file found: /apex/com.android.tzdata/etc/icu/icu_tzdata.dat
02-21 22:27:47.201 shell  1329  1329 D app_process: I18n APEX ICU file found: /apex/com.android.i18n/etc/icu/icudt72l.dat
02-21 22:27:47.202 shell  1329  1329 D nativeloader: Load libjavacore.so using APEX ns com_android_art for caller /apex/com.android.art/javalib/core-oj.jar: ok
02-21 22:27:47.203 shell  1329  1329 D nativeloader: Load libopenjdk.so using APEX ns com_android_art for caller /apex/com.android.art/javalib/core-oj.jar: ok
02-21 22:27:47.225 shell  1329  1329 D nativeloader: Load libframework-connectivity-tiramisu-jni.so using APEX ns com_android_tethering for caller /apex/com.android.tethering/javalib/framework-connectivity-t.jar: ok
02-21 22:27:47.225 shell  1329  1329 D AndroidRuntime: Calling main entry com.android.commands.am.Am
02-21 22:27:47.229 shell  1329  1329 D UiAutomationConnection: Created on user UserHandle{0}
02-21 22:27:47.230  1000  1498  1782 I ActivityManager: Force stopping android.display.cts appid=10129 user=0: start instr
02-21 22:27:47.231  1000  1498  1782 D GrammaticalInflection: The flag must be enabled to allow calling the API.
02-21 22:27:47.231  1000  1498  1782 I am_uid_running: 10129
02-21 22:27:47.232  1000  1498  1782 D CompatibilityChangeReporter: Compat change id reported: 135634846; UID 10129; state: DISABLED
02-21 22:27:47.232  1000  1498  1782 D CompatibilityChangeReporter: Compat change id reported: 177438394; UID 10129; state: DISABLED
02-21 22:27:47.232  1000  1498  1782 D CompatibilityChangeReporter: Compat change id reported: 135772972; UID 10129; state: DISABLED
02-21 22:27:47.232  1000  1498  1782 D CompatibilityChangeReporter: Compat change id reported: 135754954; UID 10129; state: ENABLED
02-21 22:27:47.234  1000  1498  1785 D CompatibilityChangeReporter: Compat change id reported: 143937733; UID 10129; state: ENABLED
02-21 22:27:47.245  root   898   898 D Zygote  : Forked child process 1344
02-21 22:27:47.246  1000  1498  1785 I am_proc_start: [0,1344,10129,android.display.cts,added application,android.display.cts]
02-21 22:27:47.246  1000  1498  1785 I ActivityManager: Start proc 1344:android.display.cts/u0a129 for added application android.display.cts
02-21 22:27:47.261 10129  1344  1344 I oid.display.cts: Using CollectorTypeCMC GC.
02-21 22:27:47.266 10129  1344  1344 E oid.display.cts: Not starting debugger since process cannot load the jdwp agent.
02-21 22:27:47.269 10129  1344  1344 D nativeloader: Load libframework-connectivity-tiramisu-jni.so using APEX ns com_android_tethering for caller /apex/com.android.tethering/javalib/framework-connectivity-t.jar: ok
02-21 22:27:47.274  1000  1498  1782 I am_proc_bound: [0,1344,android.display.cts]
02-21 22:27:47.277 10129  1344  1344 D CompatibilityChangeReporter: Compat change id reported: 171979766; UID 10129; state: ENABLED
02-21 22:27:47.277 10129  1344  1344 D CompatibilityChangeReporter: Compat change id reported: 242716250; UID 10129; state: ENABLED
02-21 22:27:47.280 10129  1344  1344 D ApplicationLoaders: Returning zygote-cached class loader: /system/framework/android.test.base.jar
02-21 22:27:47.282 10129  1344  1344 D nativeloader: Configuring clns-4 for other apk /system/framework/android.test.mock.jar. target_sdk_version=34, uses_libraries=ALL, library_path=/data/app/~~w53LlNE4d7K1-D49Lap0_Q==/android.display.cts-_4g9qYzxxvFcaF0hjKN43g==/lib/arm64:/data/app/~~w53LlNE4d7K1-D49Lap0_Q==/android.display.cts-_4g9qYzxxvFcaF0hjKN43g==/base.apk!/lib/arm64-v8a, permitted_path=/data:/mnt/expand:/data/user/0/android.display.cts
02-21 22:27:47.286 10129  1344  1344 D nativeloader: Configuring clns-5 for other apk /system/framework/android.test.runner.jar. target_sdk_version=34, uses_libraries=ALL, library_path=/data/app/~~w53LlNE4d7K1-D49Lap0_Q==/android.display.cts-_4g9qYzxxvFcaF0hjKN43g==/lib/arm64:/data/app/~~w53LlNE4d7K1-D49Lap0_Q==/android.display.cts-_4g9qYzxxvFcaF0hjKN43g==/base.apk!/lib/arm64-v8a, permitted_path=/data:/mnt/expand:/data/user/0/android.display.cts
02-21 22:27:47.287 10129  1344  1344 D ApplicationLoaders: Returning zygote-cached class loader: /system/framework/android.test.base.jar
02-21 22:27:47.289 10129  1344  1344 D nativeloader: Configuring clns-6 for other apk /data/app/~~w53LlNE4d7K1-D49Lap0_Q==/android.display.cts-_4g9qYzxxvFcaF0hjKN43g==/base.apk. target_sdk_version=34, uses_libraries=, library_path=/data/app/~~w53LlNE4d7K1-D49Lap0_Q==/android.display.cts-_4g9qYzxxvFcaF0hjKN43g==/lib/arm64:/data/app/~~w53LlNE4d7K1-D49Lap0_Q==/android.display.cts-_4g9qYzxxvFcaF0hjKN43g==/base.apk!/lib/arm64-v8a, permitted_path=/data:/mnt/expand:/data/user/0/android.display.cts
02-21 22:27:47.295 10129  1344  1344 V GraphicsEnvironment: Currently set values for:
02-21 22:27:47.295 10129  1344  1344 V GraphicsEnvironment:   angle_gl_driver_selection_pkgs=[]
02-21 22:27:47.295 10129  1344  1344 V GraphicsEnvironment:   angle_gl_driver_selection_values=[]
02-21 22:27:47.295 10129  1344  1344 V GraphicsEnvironment: Global.Settings values are invalid: number of packages: 0, number of values: 0
02-21 22:27:47.295 10129  1344  1344 V GraphicsEnvironment: Neither updatable production driver nor prerelease driver is supported.
02-21 22:27:47.298 10129  1344  1344 I MonitoringInstr: newApplication called!
02-21 22:27:47.299 10129  1344  1344 I MonitoringInstr: Instrumentation started!
02-21 22:27:47.299 10129  1344  1344 D AndroidJUnitRunner: Use the raw file system for managing file I/O.
02-21 22:27:47.302 10129  1344  1344 I AndroidJUnitRunner: onCreate Bundle[{testFile=/data/local/tmp/ajur/includes.txt, log=false, debug=false, timeout_msec=300000, newRunListenerMode=true, notAnnotation=android.platform.test.annotations.AsbSecurityTest,com.android.compatibility.common.util.CtsDownstreamingTest,android.platform.test.annotations.AppModeFull}]
02-21 22:27:47.303 10129  1344  1344 V TestEventClient: No service name argument was given (testDiscoveryService, testRunEventService or orchestratorService)
02-21 22:27:47.303 10129  1344  1361 D AndroidJUnitRunner: onStart is called.
02-21 22:27:47.304  1000  1498  1782 I am_uid_active: 10129
02-21 22:27:47.305 10129  1344  1344 I MonitoringInstr: No JSBridge.
02-21 22:27:47.307 10129  1344  1361 I InstrConnection: Could not send broadcast or register receiver (isolatedProcess?)
02-21 22:27:47.308 10129  1344  1361 D TestRequestBuilder: Skipping class path scanning and directly running [android.display.cts.DisplayTest]
02-21 22:27:47.313 10129  1344  1361 D TestExecutor: Adding listener androidx.test.internal.runner.listener.LogRunListener
02-21 22:27:47.313 10129  1344  1361 D TestExecutor: Adding listener androidx.test.internal.runner.listener.InstrumentationResultPrinter
02-21 22:27:47.313 10129  1344  1361 D TestExecutor: Adding listener androidx.test.internal.runner.listener.ActivityFinisherRunListener
02-21 22:27:47.313 10129  1344  1361 D TestExecutor: Adding listener androidx.test.internal.runner.listener.TraceRunListener
02-21 22:27:47.315 10129  1344  1361 I TestRunner: run started: 1 tests
02-21 22:27:47.315 10129  1344  1361 I TestRunner: started: testGetSupportedModesOnDefaultDisplay(android.display.cts.DisplayTest)
02-21 22:27:47.317 10129  1344  1361 I UiAutomation: Initialized for user 0 on display 0
02-21 22:27:47.319  1000  1498  1782 D AccessibilityManagerService: changeCurrentUserForTestAutomationIfNeededLocked(0): ignoring because device doesn't support visible background users
02-21 22:27:47.319  1000  1498  1782 I UiAutomationManager: Registering UiTestAutomationService (id=com.android.server.accessibility/UiAutomation) when called by user 0
02-21 22:27:47.322  1000  1498  1782 W MagnificationConnectionManager: requestConnection duplicated request: connect=false, mConnectionState=DISCONNECTED
02-21 22:27:47.323  1000  1498  1498 D BatterySaverPolicy: accessibility changed to true, updating policy.
02-21 22:27:47.324 10129  1344  1363 V UiAutomation: Init UiAutomation@df7c66b[id=3, displayId=0, flags=0]
02-21 22:27:47.329  1000  1498  1782 W ActivityTaskManager: Background activity start for android.display.cts allowed because SYSTEM_ALERT_WINDOW permission is granted.
02-21 22:27:47.329  1000  1498  1782 D CompatibilityChangeReporter: Compat change id reported: 265464455; UID 10129; state: DISABLED
02-21 22:27:47.329  1000  1498  1782 D CompatibilityChangeReporter: Compat change id reported: 310816437; UID 10129; state: DISABLED
02-21 22:27:47.330  1000  1498  1782 D CompatibilityChangeReporter: Compat change id reported: 265452344; UID 10129; state: DISABLED
02-21 22:27:47.330  1000  1498  1782 D CompatibilityChangeReporter: Compat change id reported: 266124927; UID 10129; state: DISABLED
02-21 22:27:47.330  1000  1498  1782 D CompatibilityChangeReporter: Compat change id reported: 265451093; UID 10129; state: DISABLED
02-21 22:27:47.330  1000  1498  1782 D CompatibilityChangeReporter: Compat change id reported: 265456536; UID 10129; state: DISABLED
02-21 22:27:47.330  1000  1498  1782 D CompatibilityChangeReporter: Compat change id reported: 255940284; UID 10129; state: DISABLED
02-21 22:27:47.330  1000  1498  1782 D CompatibilityChangeReporter: Compat change id reported: 236283604; UID 10129; state: DISABLED
02-21 22:27:47.330  1000  1498  1782 D CompatibilityChangeReporter: Compat change id reported: 263959004; UID 10129; state: DISABLED
02-21 22:27:47.330  1000  1498  1782 D CompatibilityChangeReporter: Compat change id reported: 264304459; UID 10129; state: DISABLED
02-21 22:27:47.330  1000  1498  1782 D CompatibilityChangeReporter: Compat change id reported: 264301586; UID 10129; state: DISABLED
02-21 22:27:47.331  1000  1498  1782 D CompatibilityChangeReporter: Compat change id reported: 254631730; UID 10129; state: DISABLED
02-21 22:27:47.331  1000  1498  1782 D CompatibilityChangeReporter: Compat change id reported: 273509367; UID 10129; state: DISABLED
02-21 22:27:47.331  1000  1498  1782 D CompatibilityChangeReporter: Compat change id reported: 263259275; UID 10129; state: DISABLED
02-21 22:27:47.331  1000  1498  1782 D CompatibilityChangeReporter: Compat change id reported: 174042980; UID 10129; state: DISABLED
02-21 22:27:47.331  1000  1498  1782 D CompatibilityChangeReporter: Compat change id reported: 174042936; UID 10129; state: DISABLED
02-21 22:27:47.331  1000  1498  1782 D CompatibilityChangeReporter: Compat change id reported: 181136395; UID 10129; state: DISABLED
02-21 22:27:47.332  1000  1498  1782 D CompatibilityChangeReporter: Compat change id reported: 194480991; UID 10129; state: ENABLED
02-21 22:27:47.333  1000  1498  1782 I wm_task_created: 9
02-21 22:27:47.333  1000  1498  1782 D CompatibilityChangeReporter: Compat change id reported: 184838306; UID 10129; state: DISABLED
02-21 22:27:47.334  1000  1498  1782 D CompatibilityChangeReporter: Compat change id reported: 185004937; UID 10129; state: DISABLED
02-21 22:27:47.334  1000  1498  1782 D CompatibilityChangeReporter: Compat change id reported: 197654537; UID 10129; state: ENABLED
02-21 22:27:47.334  1000  1498  1782 I wm_task_moved: [9,9,0,1,2]
02-21 22:27:47.334  1000  1498  1782 I wm_task_to_front: [0,9,0]
02-21 22:27:47.334  1000  1498  1782 I wm_create_task: [0,9,9,0]
02-21 22:27:47.334  1000  1498  1782 I wm_create_activity: [0,63953874,9,android.display.cts/.ScreenOnActivity,android.intent.action.MAIN,NULL,NULL,335544320]
02-21 22:27:47.334  1000  1498  1782 I wm_task_moved: [9,9,0,1,2]
02-21 22:27:47.335  1000  1498  1782 V SplashScreenExceptionList: SplashScreen checking exception for package android.display.cts (target sdk:34) -> false
02-21 22:27:47.335  1000  1498  1782 D CompatibilityChangeReporter: Compat change id reported: 205907456; UID 10129; state: ENABLED
02-21 22:27:47.335  1000  1498  1782 I wm_pause_activity: [0,28307478,com.android.launcher3/.uioverrides.QuickstepLauncher,userLeaving=true,pauseBackTasks]
02-21 22:27:47.336  1000  1498  1782 I ActivityTaskManager: START u0 {act=android.intent.action.MAIN flg=0x14000000 cmp=android.display.cts/.ScreenOnActivity} with LAUNCH_MULTIPLE from uid 10129 (BAL_ALLOW_SAW_PERMISSION) result code=0
02-21 22:27:47.336 10094  3193  3193 I wm_on_top_resumed_lost_called: [28307478,com.android.launcher3.uioverrides.QuickstepLauncher,topStateChangedWhenResumed]
02-21 22:27:47.336 10097  2929  2966 V WindowManagerShell: Transition requested (#11): android.os.BinderProxy@c025842 TransitionRequestInfo { type = OPEN, triggerTask = TaskInfo{userId=0 taskId=9 displayId=0 isRunning=true baseIntent=Intent { act=android.intent.action.MAIN flg=0x14000000 cmp=android.display.cts/.ScreenOnActivity } baseActivity=ComponentInfo{android.display.cts/android.display.cts.ScreenOnActivity} topActivity=ComponentInfo{android.display.cts/android.display.cts.ScreenOnActivity} origActivity=null realActivity=ComponentInfo{android.display.cts/android.display.cts.ScreenOnActivity} numActivities=1 lastActiveTime=34369513 supportsMultiWindow=true resizeMode=1 isResizeable=true minWidth=-1 minHeight=-1 defaultMinSize=220 token=WCT{android.window.IWindowContainerToken$Stub$Proxy@8efe053} topActivityType=1 pictureInPictureParams=null shouldDockBigOverlays=false launchIntoPipHostTaskId=-1 lastParentTaskIdBeforePip=-1 displayCutoutSafeInsets=Rect(0, 136 - 0, 0) topActivityInfo=ActivityInfo{7adfd90 android.display.cts.ScreenOnActivity} launchCookies=[] positionInParent=Point(0, 0) parentTaskId=-1 isFocused=false isVisible=false isVisibleRequested=false isSleeping=false locusId=null displayAreaFeatureId=1 isTopActivityTransparent=false appCompatTaskInfo=AppCompatTaskInfo { topActivityInSizeCompat=false topActivityEligibleForLetterboxEducation= false isLetterboxDoubleTapEnabled= false topActivityEligibleForUserAspectRatioButton= false topActivityBoundsLetterboxed= false isFromLetterboxDoubleTap= false topActivityLetterboxVerticalPosition= -1 topActivityLetterboxHorizontalPosition= -1 topActivityLetterboxWidth=1080 topActivityLetterboxHeight=2400 isUserFullscreenOverrideEnabled=false isSystemFullscreenOverrideEnabled=false cameraCompatControlState=hidden}}, pipTask = null, remoteTransition = null, displayChange = null, flags = 0, debugId = 11 }
02-21 22:27:47.337 10094  3193  3193 W SplitSelectStateCtor: Missing session instanceIds
02-21 22:27:47.337 10094  3193  3193 D StatsLog: LAUNCHER_SPLIT_SELECTION_EXIT_INTERRUPTED
02-21 22:27:47.337 10094  3193  3193 I wm_on_paused_called: [28307478,com.android.launcher3.uioverrides.QuickstepLauncher,performPause,0]
02-21 22:27:47.338  1000  1498  1609 I wm_add_to_stopping: [0,28307478,com.android.launcher3/.uioverrides.QuickstepLauncher,makeInvisible]
02-21 22:27:47.338  1000  1498  1609 I wm_restart_activity: [0,63953874,9,android.display.cts/.ScreenOnActivity]
02-21 22:27:47.339  1000  1498  1609 I wm_set_resumed_activity: [0,android.display.cts/.ScreenOnActivity,minimalResumeActivityLocked - onActivityStateChanged]
02-21 22:27:47.339  1000  1498  1765 I sysui_multi_action: [757,803,799,window_time_0,802,7]
02-21 22:27:47.340  1000  1498  1769 I input_focus: [Requesting to set focus to null window,reason=UpdateInputWindows]
02-21 22:27:47.340 10097  2929  2966 D WindowManagerShell: setLauncherKeepClearAreaHeight: visible=false, height=294
02-21 22:27:47.342 10097  2929  2974 D SplashScreenView: Build android.window.SplashScreenView{a8e2eaf V.E...... ......ID 0,0-0,0}
02-21 22:27:47.342 10097  2929  2974 D SplashScreenView: Icon: view: null drawable: null size: 0
02-21 22:27:47.342 10097  2929  2974 D SplashScreenView: Branding: view: android.view.View{b1d62bc G.ED..... ......I. 0,0-0,0 #1020505 android:id/splashscreen_branding_view} drawable: null size w: 0 h: 0
02-21 22:27:47.344 10129  1344  1365 D vulkan  : searching for layers in '/data/app/~~w53LlNE4d7K1-D49Lap0_Q==/android.display.cts-_4g9qYzxxvFcaF0hjKN43g==/base.apk!/lib/arm64-v8a'
02-21 22:27:47.348 10129  1344  1344 D LifecycleMonitor: Lifecycle status change: android.display.cts.ScreenOnActivity@30e05e0 in: PRE_ON_CREATE
02-21 22:27:47.348 10129  1344  1344 I wm_on_create_called: [63953874,android.display.cts.ScreenOnActivity,performCreate,0]
02-21 22:27:47.351 10129  1344  1344 D CompatibilityChangeReporter: Compat change id reported: 279646685; UID 10129; state: DISABLED
02-21 22:27:47.353  1000   556   556 I BpBinder: onLastStrongRef automatically unlinking death recipients: 
02-21 22:27:47.354  1000  1498  1782 D CoreBackPreview: Window{3a2dd82 u0 Splash Screen android.display.cts}: Setting back callback OnBackInvokedCallbackInfo{mCallback=android.window.IOnBackInvokedCallback$Stub$Proxy@96dc85, mPriority=0, mIsAnimationCallback=false}
02-21 22:27:47.356 10129  1344  1344 D LifecycleMonitor: Lifecycle status change: android.display.cts.ScreenOnActivity@30e05e0 in: CREATED
02-21 22:27:47.356 10129  1344  1344 D LifecycleMonitor: Lifecycle status change: android.display.cts.ScreenOnActivity@30e05e0 in: STARTED
02-21 22:27:47.356 10129  1344  1344 I wm_on_start_called: [63953874,android.display.cts.ScreenOnActivity,handleStartActivity,0]
02-21 22:27:47.357 10129  1344  1344 D CompatibilityChangeReporter: Compat change id reported: 210923482; UID 10129; state: ENABLED
02-21 22:27:47.357 10097  2929  2973 I viewroot_draw_event: [VRI[cts],reportDrawFinished seqId=0]
02-21 22:27:47.357 10129  1344  1344 D CompatibilityChangeReporter: Compat change id reported: 63938206; UID 10129; state: DISABLED
02-21 22:27:47.359 10129  1344  1344 D LifecycleMonitor: Lifecycle status change: android.display.cts.ScreenOnActivity@30e05e0 in: RESUMED
02-21 22:27:47.359 10129  1344  1344 I wm_on_resume_called: [63953874,android.display.cts.ScreenOnActivity,RESUME_ACTIVITY,0]
02-21 22:27:47.359  1000  1498  1938 I input_focus: [Focus leaving f90a277 com.android.launcher3/com.android.launcher3.uioverrides.QuickstepLauncher (server),reason=Waiting for window because NO_WINDOW]
02-21 22:27:47.360  1000  1498  1765 V WindowManager: Sent Transition (#11) createdAt=02-21 22:27:47.332 via request=TransitionRequestInfo { type = OPEN, triggerTask = TaskInfo{userId=0 taskId=9 displayId=0 isRunning=true baseIntent=Intent { act=android.intent.action.MAIN flg=0x14000000 cmp=android.display.cts/.ScreenOnActivity } baseActivity=ComponentInfo{android.display.cts/android.display.cts.ScreenOnActivity} topActivity=ComponentInfo{android.display.cts/android.display.cts.ScreenOnActivity} origActivity=null realActivity=ComponentInfo{android.display.cts/android.display.cts.ScreenOnActivity} numActivities=1 lastActiveTime=34369513 supportsMultiWindow=true resizeMode=1 isResizeable=true minWidth=-1 minHeight=-1 defaultMinSize=220 token=WCT{RemoteToken{479173d Task{82be31e #9 type=standard A=10129:android.display.cts}}} topActivityType=1 pictureInPictureParams=null shouldDockBigOverlays=false launchIntoPipHostTaskId=-1 lastParentTaskIdBeforePip=-1 displayCutoutSafeInsets=Rect(0, 136 - 0, 0) topActivityInfo=ActivityInfo{3f2cb59 android.display.cts.ScreenOnActivity} launchCookies=[] positionInParent=Point(0, 0) parentTaskId=-1 isFocused=false isVisible=false isVisibleRequested=false isSleeping=false locusId=null displayAreaFeatureId=1 isTopActivityTransparent=false appCompatTaskInfo=AppCompatTaskInfo { topActivityInSizeCompat=false topActivityEligibleForLetterboxEducation= false isLetterboxDoubleTapEnabled= false topActivityEligibleForUserAspectRatioButton= false topActivityBoundsLetterboxed= false isFromLetterboxDoubleTap= false topActivityLetterboxVerticalPosition= -1 topActivityLetterboxHorizontalPosition= -1 topActivityLetterboxWidth=1080 topActivityLetterboxHeight=2400 isUserFullscreenOverrideEnabled=false isSystemFullscreenOverrideEnabled=false cameraCompatControlState=hidden}}, pipTask = null, remoteTransition = null, displayChange = null, flags = 0, debugId = 11 }
02-21 22:27:47.360  1000  1498  1765 V WindowManager:     startWCT=WindowContainerTransaction { changes = {} hops = [] errorCallbackToken=null taskFragmentOrganizer=null }
02-21 22:27:47.360  1000  1498  1765 V WindowManager:     info={id=11 t=OPEN f=0x0 trk=0 r=[0@Point(0, 0)] c=[
02-21 22:27:47.360  1000  1498  1765 V WindowManager:         {WCT{RemoteToken{479173d Task{82be31e #9 type=standard A=10129:android.display.cts}}} m=OPEN f=NONE leash=Surface(name=Task=9)/@0x6478aa6 sb=Rect(0, 0 - 1080, 2400) eb=Rect(0, 0 - 1080, 2400) d=0},
02-21 22:27:47.360  1000  1498  1765 V WindowManager:         {WCT{RemoteToken{e8cef0 Task{b726dea #1 type=undefined}}} m=TO_BACK f=SHOW_WALLPAPER leash=Surface(name=Task=1)/@0xea2207d sb=Rect(0, 0 - 1080, 2400) eb=Rect(0, 0 - 1080, 2400) d=0}
02-21 22:27:47.360  1000  1498  1765 V WindowManager:     ]}
02-21 22:27:47.360 10097  2929  2966 V WindowManagerShell: onTransitionReady (#11) android.os.BinderProxy@c025842: {id=11 t=OPEN f=0x0 trk=0 r=[0@Point(0, 0)] c=[{WCT{android.window.IWindowContainerToken$Stub$Proxy@6f1a3f9} m=OPEN f=NONE leash=Surface(name=Task=9)/@0xe6555f2 sb=Rect(0, 0 - 1080, 2400) eb=Rect(0, 0 - 1080, 2400) d=0},{WCT{android.window.IWindowContainerToken$Stub$Proxy@6edf3e} m=TO_BACK f=SHOW_WALLPAPER leash=Surface(name=Task=1)/@0xc818443 sb=Rect(0, 0 - 1080, 2400) eb=Rect(0, 0 - 1080, 2400) d=0}]}
02-21 22:27:47.360 10097  2929  2966 V WindowManagerShell: Playing animation for (#11) android.os.BinderProxy@c025842@0
02-21 22:27:47.360 10097  2929  2966 V WindowManagerShell:  try handler com.android.wm.shell.transition.DefaultMixedHandler@7c68ea0
02-21 22:27:47.360 10097  2929  2966 V WindowManagerShell:  try handler com.android.wm.shell.keyguard.KeyguardTransitionHandler@ebfaa59
02-21 22:27:47.360 10097  2929  2966 V WindowManagerShell:  try handler com.android.wm.shell.pip.PipTransition@758d61e
02-21 22:27:47.360 10097  2929  2966 V WindowManagerShell:  try handler com.android.wm.shell.activityembedding.ActivityEmbeddingController@b447eff
02-21 22:27:47.360 10097  2929  2966 V WindowManagerShell:  try handler com.android.wm.shell.recents.RecentsTransitionHandler@315f4cc
02-21 22:27:47.360 10097  2929  2966 V ShellRecents: RecentsTransitionHandler.startAnimation: no controller found
02-21 22:27:47.360 10097  2929  2966 V WindowManagerShell:  try handler com.android.wm.shell.splitscreen.StageCoordinator@4ad9476
02-21 22:27:47.360 10097  2929  2966 V WindowManagerShell:  try handler com.android.wm.shell.transition.RemoteTransitionHandler@2b79315
02-21 22:27:47.361 10097  2929  2966 V WindowManagerShell: Transition doesn't have explicit remote, search filters for match for {id=11 t=OPEN f=0x0 trk=0 r=[0@Point(0, 0)] c=[{WCT{android.window.IWindowContainerToken$Stub$Proxy@6f1a3f9} m=OPEN f=NONE leash=Surface(name=Task=9)/@0xe6555f2 sb=Rect(0, 0 - 1080, 2400) eb=Rect(0, 0 - 1080, 2400) d=0},{WCT{android.window.IWindowContainerToken$Stub$Proxy@6edf3e} m=TO_BACK f=SHOW_WALLPAPER leash=Surface(name=Task=1)/@0xc818443 sb=Rect(0, 0 - 1080, 2400) eb=Rect(0, 0 - 1080, 2400) d=0}]}
02-21 22:27:47.361 10097  2929  2966 V WindowManagerShell:  Checking filter Pair{{types=[] flags=0x0] notFlags=0x100 checks=[{atype=home independent=true modes=[OPEN,TO_FRONT] flags=NONE mustBeTask=false order=TOP topActivity=ComponentInfo{com.android.launcher3/com.android.launcher3.uioverrides.QuickstepLauncher}},{atype=standard independent=true modes=[CLOSE,TO_BACK] flags=NONE mustBeTask=false order=ANY topActivity=null}]} RemoteTransition { remoteTransition = android.window.IRemoteTransition$Stub$Proxy@8f3d7cc, appThread = android.app.IApplicationThread$Stub$Proxy@f5b3a15, debugName = QuickstepLaunchHome }}
02-21 22:27:47.361 10097  2929  2966 V WindowManagerShell:  Delegate animation for (#11) to null
02-21 22:27:47.361 10097  2929  2966 V WindowManagerShell:  try handler com.android.wm.shell.transition.DefaultTransitionHandler@e38362a
02-21 22:27:47.361 10097  2929  2966 V WindowManagerShell: start default transition animation, info = {id=11 t=OPEN f=0x0 trk=0 r=[0@Point(0, 0)] c=[{WCT{android.window.IWindowContainerToken$Stub$Proxy@6f1a3f9} m=OPEN f=NONE leash=Surface(name=Task=9)/@0xe6555f2 sb=Rect(0, 0 - 1080, 2400) eb=Rect(0, 0 - 1080, 2400) d=0},{WCT{android.window.IWindowContainerToken$Stub$Proxy@6edf3e} m=TO_BACK f=SHOW_WALLPAPER leash=Surface(name=Task=1)/@0xc818443 sb=Rect(0, 0 - 1080, 2400) eb=Rect(0, 0 - 1080, 2400) d=0}]}
02-21 22:27:47.361  1000  1498  1782 W UserManagerService: Requested status bar icon for non-badged user 0
02-21 22:27:47.361 10097  2929  2966 V WindowManagerShell: loadAnimation: anim=android.view.animation.AnimationSet@4dcf2ec animAttr=0x13 type=OPEN isEntrance=false
02-21 22:27:47.361 10129  1344  1344 D CompatibilityChangeReporter: Compat change id reported: 237531167; UID 10129; state: DISABLED
02-21 22:27:47.361 10097  2929  2966 V WindowManagerShell: loadAnimation: anim=android.view.animation.AnimationSet@f1c51d8 animAttr=0x12 type=OPEN isEntrance=true
02-21 22:27:47.362 10097  2929  2966 V WindowManagerShell:  animated by com.android.wm.shell.transition.DefaultTransitionHandler@e38362a
02-21 22:27:47.366 10129  1344  1344 I wm_on_top_resumed_gained_called: [63953874,android.display.cts.ScreenOnActivity,topStateChangedWhenResumed]
02-21 22:27:47.370  1000  1498  1782 D CoreBackPreview: Window{664ea39 u0 android.display.cts/android.display.cts.ScreenOnActivity}: Setting back callback OnBackInvokedCallbackInfo{mCallback=android.window.IOnBackInvokedCallback$Stub$Proxy@9dc4cfb, mPriority=0, mIsAnimationCallback=false}
02-21 22:27:47.374  1000  1498  1769 I input_focus: [Focus request 664ea39 android.display.cts/android.display.cts.ScreenOnActivity,reason=UpdateInputWindows]
02-21 22:27:47.374  1000   556   610 W ServiceManagerCppClient: Permission failure: android.permission.ROTATE_SURFACE_FLINGER from uid=10129 pid=0
02-21 22:27:47.374  1000   556   610 D PermissionCache: checking android.permission.ROTATE_SURFACE_FLINGER for uid=10129 => denied (174 us)
02-21 22:27:47.374  1000   556  1935 W ServiceManagerCppClient: Permission failure: android.permission.ROTATE_SURFACE_FLINGER from uid=10129 pid=1344
02-21 22:27:47.374  1000   556  1935 D PermissionCache: checking android.permission.ROTATE_SURFACE_FLINGER for uid=10129 => denied (182 us)
02-21 22:27:47.374  1000   556   610 W ServiceManagerCppClient: Permission failure: android.permission.INTERNAL_SYSTEM_WINDOW from uid=10129 pid=0
