
========== beginning of new [logcat] output ==========
--------- beginning of events
02-21 12:54:59.696  1000   481   481 I snet_event_log: [121035042,-1,]
02-21 12:54:59.699  1000   481   481 I auditd  : SELinux: Loaded service context from:
02-21 12:54:59.699  1000   481   481 I auditd  : 		/system/etc/selinux/plat_service_contexts
02-21 12:54:59.699  1000   481   481 I auditd  : 		/system_ext/etc/selinux/system_ext_service_contexts
02-21 12:54:59.699  1000   481   481 I auditd  : 		/product/etc/selinux/product_service_contexts
02-21 12:54:59.699  1000   481   481 I auditd  : 		/vendor/etc/selinux/vendor_service_contexts
01-01 08:00:00.116  logd   479   479 I auditd  : type=2000 audit(0.0:1): state=initialized audit_enabled=0 res=1
02-21 12:54:59.748  1000   483   483 I snet_event_log: [121035042,-1,]
02-21 12:54:58.992  logd   479   479 I auditd  : type=1403 audit(0.0:2): auid=4294967295 ses=4294967295 lsm=selinux res=1
02-21 12:54:58.992  logd   479   479 I auditd  : type=1404 audit(0.0:3): enforcing=1 old_enforcing=0 auid=4294967295 ses=4294967295 enabled=1 old-enabled=1 lsm=selinux res=1
02-21 12:55:00.198  1017   543   543 I auditd  : SELinux: Loaded keystore2 context from:
02-21 12:55:00.198  1017   543   543 I auditd  : 		/system/etc/selinux/plat_keystore2_key_contexts
02-21 12:55:02.811  root   729   729 I auditd  : SELinux: Loaded file context from:
02-21 12:55:02.811  root   729   729 I auditd  : 		/system/etc/selinux/plat_file_contexts
02-21 12:55:02.811  root   729   729 I auditd  : 		/system_ext/etc/selinux/system_ext_file_contexts
02-21 12:55:02.811  root   729   729 I auditd  : 		/product/etc/selinux/product_file_contexts
02-21 12:55:02.811  root   729   729 I auditd  : 		/vendor/etc/selinux/vendor_file_contexts
02-21 12:55:06.304  root   898   898 I boot_progress_start: 8481
02-21 12:55:06.590  root   898   898 I snet_event_log: [200284993,-1,]
02-21 12:55:06.857  root   898   898 I boot_progress_preload_start: 9034
02-21 12:55:07.708  root   898   898 I boot_progress_preload_end: 9886
02-21 12:55:08.041  1000  1498  1498 I system_server_start: [1,10210,10210]
02-21 12:55:08.043  1000  1498  1498 I boot_progress_system_run: 10220
02-21 12:55:08.293  1000  1498  1498 I rescue_note: [0,1,10469]
02-21 12:55:08.295  1000  1498  1783 I commit_sys_config_file: [batterystats,0]
02-21 12:55:08.298  1000  1498  1783 I commit_sys_config_file: [batterystats,0]
02-21 12:55:08.315  1000  1498  1783 I commit_sys_config_file: [display-state,1]
02-21 12:55:08.321  1000  1498  1498 I boot_progress_pms_start: 10498
02-21 12:55:08.339  1000  1498  1498 I pm_critical_info: No package manager settings file
02-21 12:55:08.340  1000  1498  1498 I boot_progress_pms_system_scan_start: 10517
02-21 12:55:08.454  1000  1498  1498 I service_manager_stats: [100,21,10631]
02-21 12:55:08.505  1000  1498  1498 I pm_critical_info: Adding duplicate shared id: 1000 name=android
02-21 12:55:08.513  1000  1498  1498 I pm_critical_info: Adding duplicate shared id: 1000 name=com.android.localtransport
02-21 12:55:08.517  1000  1498  1498 I pm_critical_info: Adding duplicate shared id: 1073 name=com.android.networkstack
02-21 12:55:08.521  1000  1498  1498 I pm_critical_info: Adding duplicate shared id: 1000 name=com.android.dynsystem
02-21 12:55:08.527  1000  1498  1498 I pm_critical_info: Adding duplicate shared id: 1001 name=com.android.mms.service
02-21 12:55:08.532  1000  1498  1498 I pm_critical_info: Adding duplicate app id: 10037 name=com.android.providers.contactkeys
02-21 12:55:08.539  1000  1498  1498 I pm_critical_info: Adding duplicate app id: 10039 name=com.android.providers.calendar
02-21 12:55:08.542  1000  1498  1498 I pm_critical_info: Adding duplicate app id: 10037 name=com.android.providers.userdictionary
02-21 12:55:08.546  1000  1498  1498 I pm_critical_info: Adding duplicate shared id: 1001 name=com.android.ons
02-21 12:55:08.549  1000  1498  1498 I pm_critical_info: Adding duplicate shared id: 1000 name=com.android.location.fused
02-21 12:55:08.553  1000  1498  1498 I pm_critical_info: Adding duplicate shared id: 1000 name=com.android.server.telecom
02-21 12:55:08.555  1000  1498  1498 I pm_critical_info: Adding duplicate shared id: 2000 name=com.android.shell
02-21 12:55:08.560  1000  1498  1498 I pm_critical_info: Adding duplicate shared id: 1001 name=com.android.phone
02-21 12:55:08.564  1000  1498  1498 I pm_critical_info: Adding duplicate app id: 10041 name=com.android.mtp
02-21 12:55:08.570  1000  1498  1498 I pm_critical_info: Adding duplicate app id: 10037 name=com.android.providers.blockednumber
02-21 12:55:08.573  1000  1498  1498 I pm_critical_info: Adding duplicate shared id: 1000 name=com.android.providers.settings
02-21 12:55:08.576  1000  1498  1498 I pm_critical_info: Adding duplicate shared id: 1000 name=com.android.inputdevices
02-21 12:55:08.578  1000  1498  1498 I pm_critical_info: Adding duplicate app id: 10037 name=com.android.calllogbackup
02-21 12:55:08.582  1000  1498  1498 I pm_critical_info: Adding duplicate app id: 10041 name=com.android.soundpicker
02-21 12:55:08.583  1000  1498  1498 I pm_critical_info: Adding duplicate shared id: 1001 name=com.android.providers.telephony
02-21 12:55:08.586  1000  1498  1498 I pm_critical_info: Adding duplicate app id: 10041 name=com.android.providers.media
02-21 12:55:08.588  1000  1498  1498 I pm_critical_info: Adding duplicate app id: 10041 name=com.android.providers.downloads.ui
02-21 12:55:08.591  1000  1498  1498 I pm_critical_info: Adding duplicate app id: 10037 name=com.android.providers.contacts
02-21 12:55:08.593  1000  1498  1498 I pm_critical_info: Adding duplicate shared id: 1027 name=com.android.nfc
02-21 12:55:08.594  1000  1498  1498 I pm_critical_info: Adding duplicate shared id: 1000 name=com.android.DeviceAsWebcam
02-21 12:55:08.595  1000  1498  1498 I pm_critical_info: Adding duplicate app id: 10041 name=com.android.providers.downloads
02-21 12:55:08.605  1000  1498  1498 I pm_critical_info: Adding duplicate shared id: 1068 name=com.android.se
02-21 12:55:08.616  1000  1498  1498 I pm_critical_info: Adding duplicate shared id: 1000 name=com.android.keychain
02-21 12:55:08.622  1000  1498  1498 I pm_critical_info: Adding duplicate shared id: 1001 name=com.android.stk
02-21 12:55:08.699  1000  1498  1498 I pm_critical_info: Adding duplicate shared id: 1000 name=com.google.android.iwlan
02-21 12:55:08.704  1000  1498  1498 I pm_critical_info: Adding duplicate app id: 10095 name=com.android.emergency
02-21 12:55:08.722  1000  1498  1498 I pm_critical_info: Adding duplicate app id: 10097 name=com.android.systemui
02-21 12:55:08.756  1000  1498  1498 I pm_critical_info: Adding duplicate shared id: 1000 name=com.android.settings
02-21 12:55:08.777  1000  1498  1498 I pm_critical_info: Adding duplicate app id: 10101 name=com.android.cts.ctsshim
02-21 12:55:08.838  1000  1498  1498 I pm_critical_info: Adding duplicate shared id: 1002 name=com.android.bluetooth
02-21 12:55:08.852  1000  1498  1498 I pm_critical_info: Adding duplicate shared id: 1073 name=com.android.cellbroadcastservice
02-21 12:55:09.020  1000  1498  1498 I pm_critical_info: Adding duplicate shared id: 1073 name=com.android.networkstack.tethering
02-21 12:55:09.098  1000  1498  1498 I boot_progress_pms_data_scan_start: 11275
02-21 12:55:09.102  1000  1498  1498 I boot_progress_pms_scan_end: 11279
02-21 12:55:09.160  1000  1498  1498 I commit_sys_config_file: [package,15]
02-21 12:55:09.160  1000  1498  1498 I boot_progress_pms_ready: 11337
02-21 12:55:09.165  1000  1498  1813 I commit_sys_config_file: [package-user-0,5]
02-21 12:55:09.172  1000  1498  1498 I am_uid_running: 1000
02-21 12:55:09.174  1000  1498  1498 I am_uid_active: 1000
02-21 12:55:09.227  root  1087  1087 I storaged_emmc_info: [ufs 310,1,1,1]
02-21 12:55:09.228  root  1087  1904 I storaged_disk_stats: [regular,0,11405,13267,3850,1857944,11672,6506,31789,843760,46714,0,8404,84303]
02-21 12:55:09.247  1000  1498  1498 I commit_sys_config_file: [overlays,1]
02-21 12:55:09.262  1000  1498  1608 I battery_status: [2,2,1,2,Li-ion]
02-21 12:55:09.263  1000  1498  1608 I battery_level: [99,4417,245]
02-21 12:55:09.338  1000  1498  1922 I commit_sys_config_file: [settings-1-0,0]
02-21 12:55:09.339  1000  1498  1922 I commit_sys_config_file: [settings-0-0,0]
02-21 12:55:09.340  1000  1498  1922 I commit_sys_config_file: [settings-2-0,1]
02-21 12:55:09.340  1000  1498  1922 I commit_sys_config_file: [settings-1-0,0]
02-21 12:55:09.411  1000  1498  1498 I wm_task_created: 1
02-21 12:55:09.415  1000  1498  1768 I sysui_multi_action: [757,1594,758,4,759,0,806,NULL]
02-21 12:55:09.425  1000  1498  1498 I commit_sys_config_file: [net-watchlist,1]
02-21 12:55:09.434  1000  1498  1784 I am_wtf  : [0,1498,system_server,-1,SystemServiceRegistry,No service published for: jobscheduler]
02-21 12:55:09.435  1000  1498  1784 I am_wtf  : [0,1498,system_server,-1,SystemServiceRegistry,Manager wrapper not available: jobscheduler]
02-21 12:55:09.448  1000  1498  1498 I configuration_changed: 536894968
02-21 12:55:09.449  1000  1498  1498 I sysui_multi_action: [757,1659,758,4,759,1,1660,0]
02-21 12:55:09.462  1000  1498  1767 I am_uid_running: 10118
02-21 12:55:09.628  1000  1498  1922 I commit_sys_config_file: [settings-0-0,1]
02-21 12:55:19.197  1000  1498  1818 I commit_sys_config_file: [package,22]
02-21 12:55:19.204  1000  1498  1813 I commit_sys_config_file: [package-user-0,6]
02-21 12:55:21.082  1000  1498  1498 I sysui_multi_action: [757,804,799,opt_dialog_num_dexopted,801,73,802,1]
02-21 12:55:21.083  1000  1498  1498 I sysui_multi_action: [757,804,799,opt_dialog_num_skipped,801,48,802,1]
02-21 12:55:21.083  1000  1498  1498 I sysui_multi_action: [757,804,799,opt_dialog_num_failed,801,0,802,1]
02-21 12:55:21.083  1000  1498  1498 I sysui_multi_action: [757,804,799,opt_dialog_num_total,801,121,802,1]
02-21 12:55:21.083  1000  1498  1498 I sysui_multi_action: [757,804,799,opt_dialog_time_s,801,11,802,1]
02-21 12:55:21.088  1000  1498  1498 I service_manager_stats: [184,41,12635]
02-21 12:55:21.107  1000  1498  1498 I device_idle: [0,boot]
02-21 12:55:21.107  1000  1498  1498 I device_idle_light: [0,boot]
02-21 12:55:21.214  1000  1498  1784 I am_wtf  : [0,1498,system_server,-1,SystemServiceRegistry,No service published for: jobscheduler]
02-21 12:55:21.214  1000  1498  1784 I am_wtf  : [0,1498,system_server,-1,SystemServiceRegistry,Manager wrapper not available: jobscheduler]
02-21 12:55:21.216  1000  1498  1784 I am_wtf  : [0,1498,system_server,-1,SystemServiceRegistry,No service published for: jobscheduler]
02-21 12:55:21.216  1000  1498  1784 I am_wtf  : [0,1498,system_server,-1,SystemServiceRegistry,Manager wrapper not available: jobscheduler]
02-21 12:55:21.216  1000  1498  1784 I am_wtf  : [0,1498,system_server,-1,SystemServiceRegistry,No service published for: jobscheduler]
02-21 12:55:21.217  1000  1498  1784 I am_wtf  : [0,1498,system_server,-1,SystemServiceRegistry,Manager wrapper not available: jobscheduler]
02-21 12:55:21.221  1000  1498  1498 I sysui_multi_action: [757,856,758,1,806,android,857,PHYSICAL_KEYBOARD,858,2]
02-21 12:55:21.221  1000  1498  1498 I sysui_multi_action: [757,856,758,1,806,android,857,SECURITY,858,2]
02-21 12:55:21.222  1000  1498  1498 I sysui_multi_action: [757,856,758,1,806,android,857,CAR_MODE,858,2]
02-21 12:55:21.222  1000  1498  1498 I sysui_multi_action: [757,856,758,1,806,android,857,ACCOUNT,858,2]
02-21 12:55:21.222  1000  1498  1498 I sysui_multi_action: [757,856,758,1,806,android,857,DEVELOPER,858,2]
02-21 12:55:21.222  1000  1498  1498 I sysui_multi_action: [757,856,758,1,806,android,857,DEVELOPER_IMPORTANT,858,4]
02-21 12:55:21.222  1000  1498  1498 I sysui_multi_action: [757,856,758,1,806,android,857,UPDATES,858,2]
02-21 12:55:21.222  1000  1498  1498 I sysui_multi_action: [757,856,758,1,806,android,857,NETWORK_STATUS,858,2]
02-21 12:55:21.222  1000  1498  1498 I sysui_multi_action: [757,856,758,1,806,android,857,NETWORK_ALERTS,858,4]
02-21 12:55:21.222  1000  1498  1498 I sysui_multi_action: [757,856,758,1,806,android,857,NETWORK_AVAILABLE,858,2]
02-21 12:55:21.222  1000  1498  1498 I sysui_multi_action: [757,856,758,1,806,android,857,VPN,858,2]
02-21 12:55:21.222  1000  1498  1498 I sysui_multi_action: [757,856,758,1,806,android,857,DEVICE_ADMIN_ALERTS,858,4]
02-21 12:55:21.222  1000  1498  1498 I sysui_multi_action: [757,856,758,1,806,android,857,ALERTS,858,3]
02-21 12:55:21.222  1000  1498  1498 I sysui_multi_action: [757,856,758,1,806,android,857,RETAIL_MODE,858,2]
02-21 12:55:21.222  1000  1498  1498 I sysui_multi_action: [757,856,758,1,806,android,857,USB,858,1]
02-21 12:55:21.222  1000  1498  1498 I sysui_multi_action: [757,856,758,1,806,android,857,FOREGROUND_SERVICE,858,2]
02-21 12:55:21.222  1000  1498  1498 I sysui_multi_action: [757,856,758,1,806,android,857,HEAVY_WEIGHT_APP,858,3]
02-21 12:55:21.222  1000  1498  1498 I sysui_multi_action: [757,856,758,1,806,android,857,SYSTEM_CHANGES_ALERTS,858,3]
02-21 12:55:21.222  1000  1498  1498 I sysui_multi_action: [757,856,758,1,806,android,857,DO_NOT_DISTURB,858,2]
02-21 12:55:21.222  1000  1498  1498 I sysui_multi_action: [757,856,758,1,806,android,857,ACCESSIBILITY_MAGNIFICATION,858,4]
02-21 12:55:21.222  1000  1498  1498 I sysui_multi_action: [757,856,758,1,806,android,857,ACCESSIBILITY_SECURITY_POLICY,858,2]
02-21 12:55:21.222  1000  1498  1498 I sysui_multi_action: [757,856,758,1,806,android,857,ABUSIVE_BACKGROUND_APPS,858,2]
02-21 12:55:21.225  1000  1498  2871 I storage_state: [41217664-9172-527a-b3d5-edabb50a7d69,0,0,116547497984,118015217664]
02-21 12:55:21.248  1000  1498  1784 I am_wtf  : [0,1498,system_server,-1,SystemServiceRegistry,No service published for: jobscheduler]
02-21 12:55:21.248  1000  1498  1784 I am_wtf  : [0,1498,system_server,-1,SystemServiceRegistry,Manager wrapper not available: jobscheduler]
02-21 12:55:21.265  1000  1498  2876 I stream_devices_changed: [4,0,2]
02-21 12:55:21.265  1000  1498  2876 I stream_devices_changed: [6,0,1]
02-21 12:55:21.266  1000  1498  2876 I stream_devices_changed: [3,0,2]
02-21 12:55:21.266  1000  1498  2876 I stream_devices_changed: [5,0,2]
02-21 12:55:21.268  1000  1498  2876 I stream_devices_changed: [2,0,2]
02-21 12:55:21.269  1000  1498  2876 I stream_devices_changed: [0,0,1]
02-21 12:55:21.273  1000  1498  1784 I am_wtf  : [0,1498,system_server,-1,Binder,Outgoing transactions from this process must be FLAG_ONEWAY]
02-21 12:55:21.383  1000  1498  1498 I configuration_changed: 512
02-21 12:55:21.394  1000  1498  2853 I sysui_multi_action: [757,856,758,1,806,android,857,APM_ALERTS,858,4]
02-21 12:55:21.401  1000  1498  1784 I am_wtf  : [0,1498,system_server,-1,SystemServiceRegistry,No service published for: face]
02-21 12:55:21.401  1000  1498  1784 I am_wtf  : [0,1498,system_server,-1,SystemServiceRegistry,Manager wrapper not available: face]
02-21 12:55:21.411  1000  1498  1498 I commit_sys_config_file: [package-session,1]
02-21 12:55:21.414  1000  1498  1922 I commit_sys_config_file: [settings-2-0,0]
02-21 12:55:21.416  1000  1498  1922 I commit_sys_config_file: [settings-0-0,1]
02-21 12:55:21.434  1000  1498  1498 I sysui_multi_action: [757,1243,758,4,806,com.android.dynsystem,1241,android.permission.POST_NOTIFICATIONS]
02-21 12:55:21.434  1000  1498  1498 I sysui_multi_action: [757,1243,758,4,806,com.android.server.telecom,1241,android.permission.READ_CALL_LOG]
02-21 12:55:21.434  1000  1498  1498 I sysui_multi_action: [757,1243,758,4,806,com.google.android.iwlan,1241,android.permission.ACCESS_FINE_LOCATION]
02-21 12:55:21.434  1000  1498  1498 I sysui_multi_action: [757,1243,758,4,806,com.android.settings,1241,android.permission.READ_PHONE_NUMBERS]
02-21 12:55:21.434  1000  1498  1498 I sysui_multi_action: [757,1243,758,4,806,com.android.settings,1241,android.permission.READ_MEDIA_VISUAL_USER_SELECTED]
02-21 12:55:21.434  1000  1498  1498 I sysui_multi_action: [757,1243,758,4,806,com.android.settings,1241,android.permission.BLUETOOTH_CONNECT]
02-21 12:55:21.435  1000  1498  1498 I sysui_multi_action: [757,1243,758,4,806,com.android.server.telecom,1241,android.permission.READ_EXTERNAL_STORAGE]
02-21 12:55:21.435  1000  1498  1498 I sysui_multi_action: [757,1243,758,4,806,com.google.android.iwlan,1241,android.permission.ACCESS_COARSE_LOCATION]
02-21 12:55:21.435  1000  1498  1498 I sysui_multi_action: [757,1243,758,4,806,com.google.android.iwlan,1241,android.permission.READ_PHONE_STATE]
02-21 12:55:21.435  1000  1498  1498 I sysui_multi_action: [757,1243,758,4,806,com.android.server.telecom,1241,android.permission.SEND_SMS]
02-21 12:55:21.435  1000  1498  1498 I sysui_multi_action: [757,1243,758,4,806,com.android.settings,1241,android.permission.CALL_PHONE]
02-21 12:55:21.435  1000  1498  1498 I sysui_multi_action: [757,1243,758,4,806,com.android.settings,1241,android.permission.READ_MEDIA_IMAGES]
02-21 12:55:21.435  1000  1498  1498 I sysui_multi_action: [757,1243,758,4,806,com.android.settings,1241,android.permission.WRITE_CONTACTS]
02-21 12:55:21.435  1000  1498  1498 I sysui_multi_action: [757,1243,758,4,806,com.android.DeviceAsWebcam,1241,android.permission.CAMERA]
02-21 12:55:21.435  1000  1498  1498 I sysui_multi_action: [757,1243,758,4,806,com.android.server.telecom,1241,android.permission.WRITE_CALL_LOG]
02-21 12:55:21.435  1000  1498  1498 I sysui_multi_action: [757,1243,758,4,806,com.android.settings,1241,android.permission.READ_MEDIA_AUDIO]
02-21 12:55:21.435  1000  1498  1498 I sysui_multi_action: [757,1243,758,4,806,com.android.settings,1241,android.permission.READ_MEDIA_VIDEO]
02-21 12:55:21.435  1000  1498  1498 I sysui_multi_action: [757,1243,758,4,806,com.android.settings,1241,android.permission.BLUETOOTH_ADVERTISE]
02-21 12:55:21.435  1000  1498  1498 I sysui_multi_action: [757,1243,758,4,806,android,1241,android.permission.GET_ACCOUNTS]
02-21 12:55:21.435  1000  1498  1498 I sysui_multi_action: [757,1243,758,4,806,com.android.settings,1241,android.permission.WRITE_EXTERNAL_STORAGE]
02-21 12:55:21.435  1000  1498  1498 I sysui_multi_action: [757,1243,758,4,806,android,1241,android.permission.READ_CONTACTS]
02-21 12:55:21.436  1000  1498  1498 I sysui_multi_action: [757,1243,758,4,806,com.android.location.fused,1241,android.permission.ACCESS_BACKGROUND_LOCATION]
02-21 12:55:21.436  1000  1498  1498 I sysui_multi_action: [757,1243,758,4,806,com.android.settings,1241,android.permission.BLUETOOTH_SCAN]
02-21 12:55:21.436  1000  1498  1498 I sysui_multi_action: [757,1243,758,4,806,com.android.mms.service,1241,android.permission.READ_SMS]
02-21 12:55:21.436  1000  1498  1498 I sysui_multi_action: [757,1243,758,4,806,com.android.stk,1241,android.permission.POST_NOTIFICATIONS]
02-21 12:55:21.436  1000  1498  1498 I sysui_multi_action: [757,1243,758,4,806,com.android.phone,1241,android.permission.READ_CALL_LOG]
02-21 12:55:21.436  1000  1498  1498 I sysui_multi_action: [757,1243,758,4,806,com.android.phone,1241,android.permission.ACCESS_FINE_LOCATION]
02-21 12:55:21.436  1000  1498  1498 I sysui_multi_action: [757,1243,758,4,806,com.android.providers.telephony,1241,android.permission.RECEIVE_SMS]
02-21 12:55:21.436  1000  1498  1498 I sysui_multi_action: [757,1243,758,4,806,com.android.phone,1241,android.permission.BLUETOOTH_CONNECT]
02-21 12:55:21.436  1000  1498  1498 I sysui_multi_action: [757,1243,758,4,806,com.android.providers.telephony,1241,android.permission.READ_EXTERNAL_STORAGE]
02-21 12:55:21.436  1000  1498  1498 I sysui_multi_action: [757,1243,758,4,806,com.android.phone,1241,android.permission.ACCESS_COARSE_LOCATION]
02-21 12:55:21.436  1000  1498  1498 I sysui_multi_action: [757,1243,758,4,806,com.android.mms.service,1241,android.permission.READ_PHONE_STATE]
02-21 12:55:21.436  1000  1498  1498 I sysui_multi_action: [757,1243,758,4,806,com.android.phone,1241,android.permission.SEND_SMS]
02-21 12:55:21.436  1000  1498  1498 I sysui_multi_action: [757,1243,758,4,806,com.android.phone,1241,android.permission.CALL_PHONE]
02-21 12:55:21.436  1000  1498  1498 I sysui_multi_action: [757,1243,758,4,806,com.android.phone,1241,android.permission.WRITE_CONTACTS]
02-21 12:55:21.437  1000  1498  1498 I sysui_multi_action: [757,1243,758,4,806,com.android.phone,1241,android.permission.WRITE_CALL_LOG]
02-21 12:55:21.437  1000  1498  1498 I sysui_multi_action: [757,1243,758,4,806,com.android.phone,1241,android.permission.USE_SIP]
02-21 12:55:21.437  1000  1498  1498 I sysui_multi_action: [757,1243,758,4,806,com.android.phone,1241,android.permission.GET_ACCOUNTS]
02-21 12:55:21.437  1000  1498  1498 I sysui_multi_action: [757,1243,758,4,806,com.android.providers.telephony,1241,android.permission.WRITE_EXTERNAL_STORAGE]
02-21 12:55:21.437  1000  1498  1498 I sysui_multi_action: [757,1243,758,4,806,com.android.phone,1241,android.permission.RECORD_AUDIO]
02-21 12:55:21.437  1000  1498  1498 I sysui_multi_action: [757,1243,758,4,806,com.android.phone,1241,android.permission.READ_CONTACTS]
02-21 12:55:21.437  1000  1498  1498 I sysui_multi_action: [757,1243,758,4,806,com.android.phone,1241,android.permission.BLUETOOTH_SCAN]
02-21 12:55:21.437  1000  1498  1498 I sysui_multi_action: [757,1243,758,4,806,com.android.phone,1241,com.android.voicemail.permission.ADD_VOICEMAIL]
02-21 12:55:21.437  1000  1498  1498 I sysui_multi_action: [757,1243,758,4,806,com.android.bluetooth,1241,android.permission.READ_SMS]
02-21 12:55:21.437  1000  1498  1498 I sysui_multi_action: [757,1243,758,4,806,com.android.bluetooth,1241,android.permission.POST_NOTIFICATIONS]
02-21 12:55:21.437  1000  1498  1498 I sysui_multi_action: [757,1243,758,4,806,com.android.bluetooth,1241,android.permission.READ_CALL_LOG]
02-21 12:55:21.437  1000  1498  1498 I sysui_multi_action: [757,1243,758,4,806,com.android.bluetooth,1241,android.permission.ACCESS_FINE_LOCATION]
02-21 12:55:21.437  1000  1498  1498 I sysui_multi_action: [757,1243,758,4,806,com.android.bluetooth,1241,android.permission.RECEIVE_SMS]
02-21 12:55:21.437  1000  1498  1498 I sysui_multi_action: [757,1243,758,4,806,com.android.bluetooth,1241,android.permission.BLUETOOTH_CONNECT]
02-21 12:55:21.437  1000  1498  1498 I sysui_multi_action: [757,1243,758,4,806,com.android.bluetooth,1241,android.permission.READ_EXTERNAL_STORAGE]
02-21 12:55:21.438  1000  1498  1498 I sysui_multi_action: [757,1243,758,4,806,com.android.bluetooth,1241,android.permission.ACCESS_COARSE_LOCATION]
02-21 12:55:21.438  1000  1498  1498 I sysui_multi_action: [757,1243,758,4,806,com.android.bluetooth,1241,android.permission.SEND_SMS]
02-21 12:55:21.438  1000  1498  1498 I sysui_multi_action: [757,1243,758,4,806,com.android.bluetooth,1241,android.permission.WRITE_CONTACTS]
02-21 12:55:21.438  1000  1498  1498 I sysui_multi_action: [757,1243,758,4,806,com.android.bluetooth,1241,android.permission.WRITE_CALL_LOG]
02-21 12:55:21.438  1000  1498  1498 I sysui_multi_action: [757,1243,758,4,806,com.android.bluetooth,1241,android.permission.BLUETOOTH_ADVERTISE]
02-21 12:55:21.438  1000  1498  1498 I sysui_multi_action: [757,1243,758,4,806,com.android.bluetooth,1241,android.permission.GET_ACCOUNTS]
02-21 12:55:21.438  1000  1498  1498 I sysui_multi_action: [757,1243,758,4,806,com.android.bluetooth,1241,android.permission.WRITE_EXTERNAL_STORAGE]
02-21 12:55:21.438  1000  1498  1498 I sysui_multi_action: [757,1243,758,4,806,com.android.bluetooth,1241,android.permission.READ_CONTACTS]
02-21 12:55:21.438  1000  1498  1498 I sysui_multi_action: [757,1243,758,4,806,com.android.bluetooth,1241,android.permission.BLUETOOTH_SCAN]
02-21 12:55:21.438  1000  1498  1498 I sysui_multi_action: [757,1243,758,4,806,com.android.nfc,1241,android.permission.POST_NOTIFICATIONS]
02-21 12:55:21.438  1000  1498  1498 I sysui_multi_action: [757,1243,758,4,806,com.android.nfc,1241,android.permission.BLUETOOTH_CONNECT]
02-21 12:55:21.438  1000  1498  1498 I sysui_multi_action: [757,1243,758,4,806,com.android.nfc,1241,android.permission.READ_EXTERNAL_STORAGE]
02-21 12:55:21.438  1000  1498  1498 I sysui_multi_action: [757,1243,758,4,806,com.android.nfc,1241,android.permission.WRITE_EXTERNAL_STORAGE]
02-21 12:55:21.438  1000  1498  1498 I sysui_multi_action: [757,1243,758,4,806,com.android.nfc,1241,android.permission.READ_CONTACTS]
02-21 12:55:21.438  1000  1498  1498 I sysui_multi_action: [757,1243,758,4,806,com.android.nfc,1241,android.permission.BLUETOOTH_SCAN]
02-21 12:55:21.438  1000  1498  1498 I sysui_multi_action: [757,1243,758,4,806,com.android.networkstack.tethering,1241,android.permission.POST_NOTIFICATIONS]
02-21 12:55:21.438  1000  1498  1498 I sysui_multi_action: [757,1243,758,4,806,com.android.networkstack,1241,android.permission.ACCESS_FINE_LOCATION]
02-21 12:55:21.438  1000  1498  1498 I sysui_multi_action: [757,1243,758,4,806,com.android.cellbroadcastservice,1241,android.permission.RECEIVE_SMS]
02-21 12:55:21.438  1000  1498  1498 I sysui_multi_action: [757,1243,758,4,806,com.android.networkstack.tethering,1241,android.permission.BLUETOOTH_CONNECT]
02-21 12:55:21.439  1000  1498  1498 I sysui_multi_action: [757,1243,758,4,806,com.android.networkstack,1241,android.permission.ACCESS_COARSE_LOCATION]
02-21 12:55:21.439  1000  1498  1498 I sysui_multi_action: [757,1243,758,4,806,com.android.networkstack.tethering,1241,android.permission.READ_PHONE_STATE]
02-21 12:55:21.439  1000  1498  1498 I sysui_multi_action: [757,1243,758,4,806,com.android.cellbroadcastservice,1241,android.permission.READ_CELL_BROADCASTS]
02-21 12:55:21.439  1000  1498  1498 I sysui_multi_action: [757,1243,758,4,806,com.android.shell,1241,android.permission.READ_SMS]
02-21 12:55:21.439  1000  1498  1498 I sysui_multi_action: [757,1243,758,4,806,com.android.shell,1241,android.permission.READ_CALENDAR]
02-21 12:55:21.439  1000  1498  1498 I sysui_multi_action: [757,1243,758,4,806,com.android.shell,1241,android.permission.POST_NOTIFICATIONS]
02-21 12:55:21.439  1000  1498  1498 I sysui_multi_action: [757,1243,758,4,806,com.android.shell,1241,android.permission.READ_CALL_LOG]
02-21 12:55:21.439  1000  1498  1498 I sysui_multi_action: [757,1243,758,4,806,com.android.shell,1241,android.permission.ACCESS_FINE_LOCATION]
02-21 12:55:21.439  1000  1498  1498 I sysui_multi_action: [757,1243,758,4,806,com.android.shell,1241,android.permission.ANSWER_PHONE_CALLS]
02-21 12:55:21.439  1000  1498  1498 I sysui_multi_action: [757,1243,758,4,806,com.android.shell,1241,android.permission.RECEIVE_WAP_PUSH]
02-21 12:55:21.439  1000  1498  1498 I sysui_multi_action: [757,1243,758,4,806,com.android.shell,1241,android.permission.BODY_SENSORS]
02-21 12:55:21.439  1000  1498  1498 I sysui_multi_action: [757,1243,758,4,806,com.android.shell,1241,android.permission.READ_PHONE_NUMBERS]
02-21 12:55:21.439  1000  1498  1498 I sysui_multi_action: [757,1243,758,4,806,com.android.shell,1241,android.permission.READ_MEDIA_VISUAL_USER_SELECTED]
02-21 12:55:21.439  1000  1498  1498 I sysui_multi_action: [757,1243,758,4,806,com.android.shell,1241,android.permission.NEARBY_WIFI_DEVICES]
02-21 12:55:21.439  1000  1498  1498 I sysui_multi_action: [757,1243,758,4,806,com.android.shell,1241,android.permission.RECEIVE_MMS]
02-21 12:55:21.439  1000  1498  1498 I sysui_multi_action: [757,1243,758,4,806,com.android.shell,1241,android.permission.RECEIVE_SMS]
02-21 12:55:21.439  1000  1498  1498 I sysui_multi_action: [757,1243,758,4,806,com.android.shell,1241,android.permission.BLUETOOTH_CONNECT]
02-21 12:55:21.439  1000  1498  1498 I sysui_multi_action: [757,1243,758,4,806,com.android.shell,1241,android.permission.READ_EXTERNAL_STORAGE]
02-21 12:55:21.440  1000  1498  1498 I sysui_multi_action: [757,1243,758,4,806,com.android.shell,1241,android.permission.ACCESS_COARSE_LOCATION]
02-21 12:55:21.440  1000  1498  1498 I sysui_multi_action: [757,1243,758,4,806,com.android.shell,1241,android.permission.READ_PHONE_STATE]
02-21 12:55:21.440  1000  1498  1498 I sysui_multi_action: [757,1243,758,4,806,com.android.shell,1241,android.permission.SEND_SMS]
02-21 12:55:21.440  1000  1498  1498 I sysui_multi_action: [757,1243,758,4,806,com.android.shell,1241,android.permission.CALL_PHONE]
02-21 12:55:21.440  1000  1498  1498 I sysui_multi_action: [757,1243,758,4,806,com.android.shell,1241,android.permission.WRITE_CONTACTS]
02-21 12:55:21.440  1000  1498  1498 I sysui_multi_action: [757,1243,758,4,806,com.android.shell,1241,android.permission.ACCEPT_HANDOVER]
02-21 12:55:21.440  1000  1498  1498 I sysui_multi_action: [757,1243,758,4,806,com.android.shell,1241,android.permission.CAMERA]
02-21 12:55:21.440  1000  1498  1498 I sysui_multi_action: [757,1243,758,4,806,com.android.shell,1241,android.permission.WRITE_CALENDAR]
02-21 12:55:21.440  1000  1498  1498 I sysui_multi_action: [757,1243,758,4,806,com.android.shell,1241,android.permission.WRITE_CALL_LOG]
02-21 12:55:21.440  1000  1498  1498 I sysui_multi_action: [757,1243,758,4,806,com.android.shell,1241,android.permission.USE_SIP]
02-21 12:55:21.440  1000  1498  1498 I sysui_multi_action: [757,1243,758,4,806,com.android.shell,1241,android.permission.PROCESS_OUTGOING_CALLS]
02-21 12:55:21.440  1000  1498  1498 I sysui_multi_action: [757,1243,758,4,806,com.android.shell,1241,android.permission.READ_CELL_BROADCASTS]
02-21 12:55:21.440  1000  1498  1498 I sysui_multi_action: [757,1243,758,4,806,com.android.shell,1241,android.permission.BLUETOOTH_ADVERTISE]
02-21 12:55:21.440  1000  1498  1498 I sysui_multi_action: [757,1243,758,4,806,com.android.shell,1241,android.permission.GET_ACCOUNTS]
02-21 12:55:21.440  1000  1498  1498 I sysui_multi_action: [757,1243,758,4,806,com.android.shell,1241,android.permission.WRITE_EXTERNAL_STORAGE]
02-21 12:55:21.440  1000  1498  1498 I sysui_multi_action: [757,1243,758,4,806,com.android.shell,1241,android.permission.UWB_RANGING]
02-21 12:55:21.440  1000  1498  1498 I sysui_multi_action: [757,1243,758,4,806,com.android.shell,1241,android.permission.ACTIVITY_RECOGNITION]
02-21 12:55:21.440  1000  1498  1498 I sysui_multi_action: [757,1243,758,4,806,com.android.shell,1241,android.permission.RECORD_AUDIO]
02-21 12:55:21.440  1000  1498  1498 I sysui_multi_action: [757,1243,758,4,806,com.android.shell,1241,android.permission.READ_CONTACTS]
02-21 12:55:21.440  1000  1498  1498 I sysui_multi_action: [757,1243,758,4,806,com.android.shell,1241,android.permission.ACCESS_BACKGROUND_LOCATION]
02-21 12:55:21.440  1000  1498  1498 I sysui_multi_action: [757,1243,758,4,806,com.android.shell,1241,android.permission.BLUETOOTH_SCAN]
02-21 12:55:21.440  1000  1498  1498 I sysui_multi_action: [757,1243,758,4,806,com.android.shell,1241,android.permission.ACCESS_MEDIA_LOCATION]
02-21 12:55:21.440  1000  1498  1498 I sysui_multi_action: [757,1243,758,4,806,com.android.shell,1241,com.android.voicemail.permission.ADD_VOICEMAIL]
02-21 12:55:21.441  1000  1498  1498 I sysui_multi_action: [757,1243,758,4,806,com.android.bips,1241,android.permission.POST_NOTIFICATIONS]
02-21 12:55:21.441  1000  1498  1498 I sysui_multi_action: [757,1243,758,4,806,com.android.packageinstaller,1241,android.permission.POST_NOTIFICATIONS]
02-21 12:55:21.441  1000  1498  1498 I sysui_multi_action: [757,1243,758,4,806,com.android.providers.contacts,1241,android.permission.READ_PHONE_STATE]
02-21 12:55:21.441  1000  1498  1498 I sysui_multi_action: [757,1243,758,4,806,com.android.providers.contacts,1241,android.permission.WRITE_CONTACTS]
02-21 12:55:21.441  1000  1498  1498 I sysui_multi_action: [757,1243,758,4,806,com.android.providers.contacts,1241,android.permission.GET_ACCOUNTS]
02-21 12:55:21.441  1000  1498  1498 I sysui_multi_action: [757,1243,758,4,806,com.android.providers.contacts,1241,android.permission.READ_CONTACTS]
02-21 12:55:21.441  1000  1498  1498 I sysui_multi_action: [757,1243,758,4,806,com.android.providers.calendar,1241,android.permission.READ_CALENDAR]
02-21 12:55:21.441  1000  1498  1498 I sysui_multi_action: [757,1243,758,4,806,com.android.providers.calendar,1241,android.permission.READ_EXTERNAL_STORAGE]
02-21 12:55:21.441  1000  1498  1498 I sysui_multi_action: [757,1243,758,4,806,com.android.providers.calendar,1241,android.permission.WRITE_CALENDAR]
02-21 12:55:21.441  1000  1498  1498 I sysui_multi_action: [757,1243,758,4,806,com.android.providers.calendar,1241,android.permission.GET_ACCOUNTS]
02-21 12:55:21.441  1000  1498  1498 I sysui_multi_action: [757,1243,758,4,806,com.android.providers.calendar,1241,android.permission.WRITE_EXTERNAL_STORAGE]
02-21 12:55:21.441  1000  1498  1498 I sysui_multi_action: [757,1243,758,4,806,com.android.providers.downloads,1241,android.permission.POST_NOTIFICATIONS]
02-21 12:55:21.441  1000  1498  1498 I sysui_multi_action: [757,1243,758,4,806,com.android.providers.downloads,1241,android.permission.READ_EXTERNAL_STORAGE]
02-21 12:55:21.441  1000  1498  1498 I sysui_multi_action: [757,1243,758,4,806,com.android.providers.downloads,1241,android.permission.WRITE_EXTERNAL_STORAGE]
02-21 12:55:21.441  1000  1498  1498 I sysui_multi_action: [757,1243,758,4,806,com.android.documentsui,1241,android.permission.POST_NOTIFICATIONS]
02-21 12:55:21.441  1000  1498  1498 I sysui_multi_action: [757,1243,758,4,806,com.android.statementservice,1241,android.permission.POST_NOTIFICATIONS]
02-21 12:55:21.441  1000  1498  1498 I sysui_multi_action: [757,1243,758,4,806,com.android.managedprovisioning,1241,android.permission.POST_NOTIFICATIONS]
02-21 12:55:21.441  1000  1498  1498 I sysui_multi_action: [757,1243,758,4,806,com.android.apps.tag,1241,android.permission.CALL_PHONE]
02-21 12:55:21.441  1000  1498  1498 I sysui_multi_action: [757,1243,758,4,806,com.android.apps.tag,1241,android.permission.READ_CONTACTS]
02-21 12:55:21.441  1000  1498  1498 I sysui_multi_action: [757,1243,758,4,806,com.android.sharedstoragebackup,1241,android.permission.READ_EXTERNAL_STORAGE]
02-21 12:55:21.442  1000  1498  1498 I sysui_multi_action: [757,1243,758,4,806,com.android.sharedstoragebackup,1241,android.permission.WRITE_EXTERNAL_STORAGE]
02-21 12:55:21.442  1000  1498  1498 I sysui_multi_action: [757,1243,758,4,806,com.android.externalstorage,1241,android.permission.READ_EXTERNAL_STORAGE]
02-21 12:55:21.442  1000  1498  1498 I sysui_multi_action: [757,1243,758,4,806,com.android.externalstorage,1241,android.permission.WRITE_EXTERNAL_STORAGE]
02-21 12:55:21.442  1000  1498  1498 I sysui_multi_action: [757,1243,758,4,806,com.android.printspooler,1241,android.permission.POST_NOTIFICATIONS]
02-21 12:55:21.442  1000  1498  1498 I sysui_multi_action: [757,1243,758,4,806,com.android.printspooler,1241,android.permission.ACCESS_FINE_LOCATION]
02-21 12:55:21.442  1000  1498  1498 I sysui_multi_action: [757,1243,758,4,806,com.android.printspooler,1241,android.permission.ACCESS_COARSE_LOCATION]
02-21 12:55:21.442  1000  1498  1498 I sysui_multi_action: [757,1243,758,4,806,com.android.carrierdefaultapp,1241,android.permission.POST_NOTIFICATIONS]
02-21 12:55:21.442  1000  1498  1498 I sysui_multi_action: [757,1243,758,4,806,com.android.egg,1241,android.permission.POST_NOTIFICATIONS]
02-21 12:55:21.442  1000  1498  1498 I sysui_multi_action: [757,1243,758,4,806,com.android.captiveportallogin,1241,android.permission.POST_NOTIFICATIONS]
02-21 12:55:21.442  1000  1498  1498 I sysui_multi_action: [757,1243,758,4,806,com.android.companiondevicemanager,1241,android.permission.ACCESS_FINE_LOCATION]
02-21 12:55:21.442  1000  1498  1498 I sysui_multi_action: [757,1243,758,4,806,com.android.companiondevicemanager,1241,android.permission.BLUETOOTH_CONNECT]
02-21 12:55:21.442  1000  1498  1498 I sysui_multi_action: [757,1243,758,4,806,com.android.companiondevicemanager,1241,android.permission.ACCESS_COARSE_LOCATION]
02-21 12:55:21.442  1000  1498  1498 I sysui_multi_action: [757,1243,758,4,806,com.android.companiondevicemanager,1241,android.permission.BLUETOOTH_ADVERTISE]
02-21 12:55:21.442  1000  1498  1498 I sysui_multi_action: [757,1243,758,4,806,com.android.companiondevicemanager,1241,android.permission.ACCESS_BACKGROUND_LOCATION]
02-21 12:55:21.442  1000  1498  1498 I sysui_multi_action: [757,1243,758,4,806,com.android.companiondevicemanager,1241,android.permission.BLUETOOTH_SCAN]
02-21 12:55:21.442  1000  1498  1498 I sysui_multi_action: [757,1243,758,4,806,com.android.bluetoothmidiservice,1241,android.permission.BLUETOOTH_CONNECT]
02-21 12:55:21.442  1000  1498  1498 I sysui_multi_action: [757,1243,758,4,806,com.android.bluetoothmidiservice,1241,android.permission.BLUETOOTH_ADVERTISE]
02-21 12:55:21.442  1000  1498  1498 I sysui_multi_action: [757,1243,758,4,806,com.android.bluetoothmidiservice,1241,android.permission.BLUETOOTH_SCAN]
02-21 12:55:21.442  1000  1498  1498 I sysui_multi_action: [757,1243,758,4,806,com.android.traceur,1241,android.permission.POST_NOTIFICATIONS]
02-21 12:55:21.443  1000  1498  1498 I sysui_multi_action: [757,1243,758,4,806,com.android.contacts,1241,android.permission.READ_CALL_LOG]
02-21 12:55:21.443  1000  1498  1498 I sysui_multi_action: [757,1243,758,4,806,com.android.contacts,1241,android.permission.READ_PHONE_STATE]
02-21 12:55:21.443  1000  1498  1498 I sysui_multi_action: [757,1243,758,4,806,com.android.contacts,1241,android.permission.CALL_PHONE]
02-21 12:55:21.443  1000  1498  1498 I sysui_multi_action: [757,1243,758,4,806,com.android.contacts,1241,android.permission.WRITE_CONTACTS]
02-21 12:55:21.443  1000  1498  1498 I sysui_multi_action: [757,1243,758,4,806,com.android.contacts,1241,android.permission.GET_ACCOUNTS]
02-21 12:55:21.443  1000  1498  1498 I sysui_multi_action: [757,1243,758,4,806,com.android.contacts,1241,android.permission.READ_CONTACTS]
02-21 12:55:21.443  1000  1498  1498 I sysui_multi_action: [757,1243,758,4,806,com.android.dialer,1241,android.permission.POST_NOTIFICATIONS]
02-21 12:55:21.443  1000  1498  1498 I sysui_multi_action: [757,1243,758,4,806,com.android.dialer,1241,android.permission.READ_CALL_LOG]
02-21 12:55:21.443  1000  1498  1498 I sysui_multi_action: [757,1243,758,4,806,com.android.dialer,1241,android.permission.READ_PHONE_STATE]
02-21 12:55:21.443  1000  1498  1498 I sysui_multi_action: [757,1243,758,4,806,com.android.dialer,1241,android.permission.SEND_SMS]
02-21 12:55:21.443  1000  1498  1498 I sysui_multi_action: [757,1243,758,4,806,com.android.dialer,1241,android.permission.CALL_PHONE]
02-21 12:55:21.443  1000  1498  1498 I sysui_multi_action: [757,1243,758,4,806,com.android.dialer,1241,android.permission.WRITE_CONTACTS]
02-21 12:55:21.443  1000  1498  1498 I sysui_multi_action: [757,1243,758,4,806,com.android.dialer,1241,android.permission.CAMERA]
02-21 12:55:21.443  1000  1498  1498 I sysui_multi_action: [757,1243,758,4,806,com.android.dialer,1241,android.permission.WRITE_CALL_LOG]
02-21 12:55:21.443  1000  1498  1498 I sysui_multi_action: [757,1243,758,4,806,com.android.dialer,1241,android.permission.PROCESS_OUTGOING_CALLS]
02-21 12:55:21.443  1000  1498  1498 I sysui_multi_action: [757,1243,758,4,806,com.android.dialer,1241,android.permission.GET_ACCOUNTS]
02-21 12:55:21.443  1000  1498  1498 I sysui_multi_action: [757,1243,758,4,806,com.android.dialer,1241,android.permission.READ_CONTACTS]
02-21 12:55:21.443  1000  1498  1498 I sysui_multi_action: [757,1243,758,4,806,com.android.dialer,1241,com.android.voicemail.permission.ADD_VOICEMAIL]
02-21 12:55:21.443  1000  1498  1498 I sysui_multi_action: [757,1243,758,4,806,com.android.camera2,1241,android.permission.CAMERA]
02-21 12:55:21.443  1000  1498  1498 I sysui_multi_action: [757,1243,758,4,806,com.android.camera2,1241,android.permission.RECORD_AUDIO]
02-21 12:55:21.443  1000  1498  1498 I sysui_multi_action: [757,1243,758,4,806,com.android.messaging,1241,android.permission.READ_SMS]
02-21 12:55:21.443  1000  1498  1498 I sysui_multi_action: [757,1243,758,4,806,com.android.messaging,1241,android.permission.POST_NOTIFICATIONS]
02-21 12:55:21.443  1000  1498  1498 I sysui_multi_action: [757,1243,758,4,806,com.android.messaging,1241,android.permission.READ_MEDIA_VISUAL_USER_SELECTED]
02-21 12:55:21.443  1000  1498  1498 I sysui_multi_action: [757,1243,758,4,806,com.android.messaging,1241,android.permission.RECEIVE_MMS]
02-21 12:55:21.444  1000  1498  1498 I sysui_multi_action: [757,1243,758,4,806,com.android.messaging,1241,android.permission.RECEIVE_SMS]
02-21 12:55:21.444  1000  1498  1498 I sysui_multi_action: [757,1243,758,4,806,com.android.messaging,1241,android.permission.READ_EXTERNAL_STORAGE]
02-21 12:55:21.444  1000  1498  1498 I sysui_multi_action: [757,1243,758,4,806,com.android.messaging,1241,android.permission.READ_PHONE_STATE]
02-21 12:55:21.444  1000  1498  1498 I sysui_multi_action: [757,1243,758,4,806,com.android.messaging,1241,android.permission.SEND_SMS]
02-21 12:55:21.444  1000  1498  1498 I sysui_multi_action: [757,1243,758,4,806,com.android.messaging,1241,android.permission.CALL_PHONE]
02-21 12:55:21.444  1000  1498  1498 I sysui_multi_action: [757,1243,758,4,806,com.android.messaging,1241,android.permission.READ_MEDIA_IMAGES]
02-21 12:55:21.444  1000  1498  1498 I sysui_multi_action: [757,1243,758,4,806,com.android.messaging,1241,android.permission.WRITE_CONTACTS]
02-21 12:55:21.444  1000  1498  1498 I sysui_multi_action: [757,1243,758,4,806,com.android.messaging,1241,android.permission.CAMERA]
02-21 12:55:21.444  1000  1498  1498 I sysui_multi_action: [757,1243,758,4,806,com.android.messaging,1241,android.permission.READ_MEDIA_AUDIO]
02-21 12:55:21.444  1000  1498  1498 I sysui_multi_action: [757,1243,758,4,806,com.android.messaging,1241,android.permission.READ_MEDIA_VIDEO]
02-21 12:55:21.444  1000  1498  1498 I sysui_multi_action: [757,1243,758,4,806,com.android.messaging,1241,android.permission.WRITE_EXTERNAL_STORAGE]
02-21 12:55:21.444  1000  1498  1498 I sysui_multi_action: [757,1243,758,4,806,com.android.messaging,1241,android.permission.RECORD_AUDIO]
02-21 12:55:21.444  1000  1498  1498 I sysui_multi_action: [757,1243,758,4,806,com.android.messaging,1241,android.permission.READ_CONTACTS]
02-21 12:55:21.444  1000  1498  1498 I sysui_multi_action: [757,1243,758,4,806,com.android.messaging,1241,android.permission.ACCESS_MEDIA_LOCATION]
02-21 12:55:21.444  1000  1498  1498 I sysui_multi_action: [757,1243,758,4,806,com.android.calendar,1241,android.permission.READ_CALENDAR]
02-21 12:55:21.444  1000  1498  1498 I sysui_multi_action: [757,1243,758,4,806,com.android.calendar,1241,android.permission.POST_NOTIFICATIONS]
02-21 12:55:21.444  1000  1498  1498 I sysui_multi_action: [757,1243,758,4,806,com.android.calendar,1241,android.permission.WRITE_CALENDAR]
02-21 12:55:21.444  1000  1498  1498 I sysui_multi_action: [757,1243,758,4,806,com.android.calendar,1241,android.permission.GET_ACCOUNTS]
02-21 12:55:21.444  1000  1498  1498 I sysui_multi_action: [757,1243,758,4,806,com.android.calendar,1241,android.permission.READ_CONTACTS]
02-21 12:55:21.444  1000  1498  1498 I sysui_multi_action: [757,1243,758,4,806,com.android.music,1241,android.permission.READ_MEDIA_VISUAL_USER_SELECTED]
02-21 12:55:21.444  1000  1498  1498 I sysui_multi_action: [757,1243,758,4,806,com.android.music,1241,android.permission.READ_EXTERNAL_STORAGE]
02-21 12:55:21.444  1000  1498  1498 I sysui_multi_action: [757,1243,758,4,806,com.android.music,1241,android.permission.READ_MEDIA_IMAGES]
02-21 12:55:21.445  1000  1498  1498 I sysui_multi_action: [757,1243,758,4,806,com.android.music,1241,android.permission.READ_MEDIA_AUDIO]
02-21 12:55:21.445  1000  1498  1498 I sysui_multi_action: [757,1243,758,4,806,com.android.music,1241,android.permission.READ_MEDIA_VIDEO]
02-21 12:55:21.445  1000  1498  1498 I sysui_multi_action: [757,1243,758,4,806,com.android.storagemanager,1241,android.permission.POST_NOTIFICATIONS]
02-21 12:55:21.445  1000  1498  1498 I sysui_multi_action: [757,1243,758,4,806,com.android.storagemanager,1241,android.permission.READ_EXTERNAL_STORAGE]
02-21 12:55:21.445  1000  1498  1498 I sysui_multi_action: [757,1243,758,4,806,com.android.storagemanager,1241,android.permission.WRITE_EXTERNAL_STORAGE]
02-21 12:55:21.445  1000  1498  1498 I sysui_multi_action: [757,1243,758,4,806,com.android.launcher3,1241,android.permission.POST_NOTIFICATIONS]
02-21 12:55:21.445  1000  1498  1498 I sysui_multi_action: [757,1243,758,4,806,com.android.emergency,1241,android.permission.READ_PHONE_STATE]
02-21 12:55:21.445  1000  1498  1498 I sysui_multi_action: [757,1243,758,4,806,com.android.emergency,1241,android.permission.CALL_PHONE]
02-21 12:55:21.445  1000  1498  1498 I sysui_multi_action: [757,1243,758,4,806,com.android.emergency,1241,android.permission.READ_CONTACTS]
02-21 12:55:21.445  1000  1498  1498 I sysui_multi_action: [757,1243,758,4,806,com.android.systemui,1241,android.permission.POST_NOTIFICATIONS]
02-21 12:55:21.445  1000  1498  1498 I sysui_multi_action: [757,1243,758,4,806,com.android.systemui,1241,android.permission.BLUETOOTH_CONNECT]
02-21 12:55:21.445  1000  1498  1498 I sysui_multi_action: [757,1243,758,4,806,com.android.systemui,1241,android.permission.READ_EXTERNAL_STORAGE]
02-21 12:55:21.445  1000  1498  1498 I sysui_multi_action: [757,1243,758,4,806,com.android.systemui,1241,android.permission.CAMERA]
02-21 12:55:21.445  1000  1498  1498 I sysui_multi_action: [757,1243,758,4,806,com.android.systemui,1241,android.permission.BLUETOOTH_ADVERTISE]
02-21 12:55:21.445  1000  1498  1498 I sysui_multi_action: [757,1243,758,4,806,com.android.systemui,1241,android.permission.GET_ACCOUNTS]
02-21 12:55:21.445  1000  1498  1498 I sysui_multi_action: [757,1243,758,4,806,com.android.systemui,1241,android.permission.RECORD_AUDIO]
02-21 12:55:21.445  1000  1498  1498 I sysui_multi_action: [757,1243,758,4,806,com.android.systemui,1241,android.permission.READ_CONTACTS]
02-21 12:55:21.445  1000  1498  1498 I sysui_multi_action: [757,1243,758,4,806,com.android.systemui,1241,android.permission.BLUETOOTH_SCAN]
02-21 12:55:21.445  1000  1498  1498 I sysui_multi_action: [757,1243,758,4,806,com.android.permissioncontroller,1241,android.permission.POST_NOTIFICATIONS]
02-21 12:55:21.445  1000  1498  1498 I sysui_multi_action: [757,1243,758,4,806,com.android.providers.media.module,1241,android.permission.POST_NOTIFICATIONS]
02-21 12:55:21.446  1000  1498  1498 I sysui_multi_action: [757,1243,758,4,806,com.android.providers.media.module,1241,android.permission.READ_EXTERNAL_STORAGE]
02-21 12:55:21.446  1000  1498  1498 I sysui_multi_action: [757,1243,758,4,806,com.android.providers.media.module,1241,android.permission.WRITE_EXTERNAL_STORAGE]
02-21 12:55:21.446  1000  1498  1498 I sysui_multi_action: [757,1243,758,4,806,com.android.cellbroadcastreceiver.module,1241,android.permission.READ_SMS]
02-21 12:55:21.446  1000  1498  1498 I sysui_multi_action: [757,1243,758,4,806,com.android.cellbroadcastreceiver.module,1241,android.permission.POST_NOTIFICATIONS]
02-21 12:55:21.446  1000  1498  1498 I sysui_multi_action: [757,1243,758,4,806,com.android.cellbroadcastreceiver.module,1241,android.permission.RECEIVE_SMS]
02-21 12:55:21.446  1000  1498  1498 I sysui_multi_action: [757,1243,758,4,806,com.android.cellbroadcastreceiver.module,1241,android.permission.BLUETOOTH_CONNECT]
02-21 12:55:21.446  1000  1498  1498 I sysui_multi_action: [757,1243,758,4,806,com.android.cellbroadcastreceiver.module,1241,android.permission.READ_CELL_BROADCASTS]
02-21 12:55:21.446  1000  1498  1498 I sysui_multi_action: [757,1243,758,4,806,android.ext.services,1241,android.permission.ACCESS_COARSE_LOCATION]
02-21 12:55:21.446  1000  1498  1498 I sysui_multi_action: [757,1243,758,4,806,com.android.devicelockcontroller,1241,android.permission.POST_NOTIFICATIONS]
02-21 12:55:21.448  1000  1498  1922 I commit_sys_config_file: [settings-1-0,1]
02-21 12:55:21.464  1000  1498  1767 I commit_sys_config_file: [notification-policy,1]
02-21 12:55:21.476  1000  1498  1498 I boot_progress_ams_ready: 23654
02-21 12:55:21.478  1000  1498  1498 I configuration_changed: 268435456
02-21 12:55:21.501  1000  1498  1498 I thermal_changed: [soft_ocp_cpu1,7,0.000000,0,0]
02-21 12:55:21.501  1000  1498  1498 I thermal_changed: [soft_ocp_cpu2,7,0.000000,0,0]
02-21 12:55:21.501  1000  1498  1498 I thermal_changed: [FLASH_LED_REDUCE,-1,0.000000,0,0]
02-21 12:55:21.501  1000  1498  1498 I thermal_changed: [ocp_tpu,7,0.000000,0,0]
02-21 12:55:21.501  1000  1498  1498 I thermal_changed: [gnss_tcxo_therm,-1,28.990002,0,0]
02-21 12:55:21.501  1000  1498  1498 I thermal_changed: [BCL_BATOILO_TPU_LOW_TEMP,7,0.000000,0,0]
02-21 12:55:21.501  1000  1498  1498 I thermal_changed: [BCL_TPU_LOW_TEMP,7,-247000.000000,0,0]
02-21 12:55:21.501  1000  1498  1498 I thermal_changed: [soc,8,1.000000,0,0]
02-21 12:55:21.501  1000  1498  1498 I thermal_changed: [battery,2,24.700001,0,0]
02-21 12:55:21.502  1000  1498  1498 I thermal_changed: [BCL_BATOILO_GPU,7,0.000000,0,0]
02-21 12:55:21.502  1000  1498  1498 I thermal_changed: [TPU,9,49.000004,0,0]
02-21 12:55:21.502  1000  1498  1498 I thermal_changed: [G3D,1,49.000004,0,0]
02-21 12:55:21.502  1000  1498  1498 I thermal_changed: [BIG,0,59.000004,0,0]
02-21 12:55:21.502  1000  1498  1498 I thermal_changed: [BCL_BATOILO_TPU,7,0.000000,0,0]
02-21 12:55:21.502  1000  1498  1498 I thermal_changed: [BCL_GPU_LOW_TEMP,7,-247000.000000,0,0]
02-21 12:55:21.502  1000  1498  1498 I thermal_changed: [LITTLE,0,58.000004,0,0]
02-21 12:55:21.502  1000  1498  1498 I thermal_changed: [BCL_BATOILO_GPU_LOW_TEMP,7,0.000000,0,0]
02-21 12:55:21.502  1000  1498  1498 I thermal_changed: [usb_pwr_therm2,-1,26.214001,0,0]
02-21 12:55:21.502  1000  1498  1498 I thermal_changed: [USB-MINUS-USB2,-1,-0.094000,0,0]
02-21 12:55:21.502  1000  1498  1498 I thermal_changed: [critical-battery-cell,6,0.000000,0,0]
02-21 12:55:21.502  1000  1498  1498 I thermal_changed: [MID,0,57.000004,0,0]
02-21 12:55:21.502  1000  1498  1498 I thermal_changed: [VIRTUAL-USB-UI,4,0.000000,0,0]
02-21 12:55:21.502  1000  1498  1498 I thermal_changed: [neutral_therm,-1,28.522001,0,0]
02-21 12:55:21.502  1000  1498  1498 I thermal_changed: [cellular-emergency,5,28.634901,0,0]
02-21 12:55:21.502  1000  1498  1498 I thermal_changed: [battery_cycle,6,121.000000,0,0]
