02-18 01:38:47.132  artd  1913  2024 I artd    : unable to open vdex file /data/dalvik-cache/arm64/data@app@~~FWveN_UMxJ_q85B7iSEO-g==@android.app.stubs-3x_geLDmtdt9XTYhDOX22g==@base.apk@classes.vdex: File /data/dalvik-cache/arm64/data@app@~~FWveN_UMxJ_q85B7iSEO-g==@android.app.stubs-3x_geLDmtdt9XTYhDOX22g==@base.apk@classes.vdex does not exist.
02-18 01:38:47.132  artd  1913  2024 I artd    : OatFileAssistant test for existing oat file /data/dalvik-cache/arm64/data@app@~~FWveN_UMxJ_q85B7iSEO-g==@android.app.stubs-3x_geLDmtdt9XTYhDOX22g==@base.apk@classes.vdex: File /data/dalvik-cache/arm64/data@app@~~FWveN_UMxJ_q85B7iSEO-g==@android.app.stubs-3x_geLDmtdt9XTYhDOX22g==@base.apk@classes.vdex does not exist.
02-18 01:38:47.132  artd  1913  2024 I artd    : GetBestInfo checking vdex next to the dex file (/data/app/~~FWveN_UMxJ_q85B7iSEO-g==/android.app.stubs-3x_geLDmtdt9XTYhDOX22g==/oat/arm64/base.vdex)
02-18 01:38:47.132  artd  1913  2024 I artd    : unable to open vdex file /data/app/~~FWveN_UMxJ_q85B7iSEO-g==/android.app.stubs-3x_geLDmtdt9XTYhDOX22g==/oat/arm64/base.vdex: File /data/app/~~FWveN_UMxJ_q85B7iSEO-g==/android.app.stubs-3x_geLDmtdt9XTYhDOX22g==/oat/arm64/base.vdex does not exist.
02-18 01:38:47.132  artd  1913  2024 I artd    : OatFileAssistant test for existing oat file /data/app/~~FWveN_UMxJ_q85B7iSEO-g==/android.app.stubs-3x_geLDmtdt9XTYhDOX22g==/oat/arm64/base.vdex: File /data/app/~~FWveN_UMxJ_q85B7iSEO-g==/android.app.stubs-3x_geLDmtdt9XTYhDOX22g==/oat/arm64/base.vdex does not exist.
02-18 01:38:47.132  artd  1913  2024 I artd    : GetBestInfo checking dm (/data/app/~~FWveN_UMxJ_q85B7iSEO-g==/android.app.stubs-3x_geLDmtdt9XTYhDOX22g==/base.dm)
02-18 01:38:47.132  artd  1913  2024 W ziparchive: Unable to open '/data/app/~~FWveN_UMxJ_q85B7iSEO-g==/android.app.stubs-3x_geLDmtdt9XTYhDOX22g==/base.dm': No such file or directory
02-18 01:38:47.132  artd  1913  2024 I artd    : OatFileAssistant test for existing oat file /data/app/~~FWveN_UMxJ_q85B7iSEO-g==/android.app.stubs-3x_geLDmtdt9XTYhDOX22g==/base.dm: I/O error
02-18 01:38:47.132  artd  1913  2024 I artd    : GetBestInfo checking dm (/data/app/~~FWveN_UMxJ_q85B7iSEO-g==/android.app.stubs-3x_geLDmtdt9XTYhDOX22g==/base.dm)
02-18 01:38:47.132  artd  1913  2024 W ziparchive: Unable to open '/data/app/~~FWveN_UMxJ_q85B7iSEO-g==/android.app.stubs-3x_geLDmtdt9XTYhDOX22g==/base.dm': No such file or directory
02-18 01:38:47.132  artd  1913  2024 I artd    : OatFileAssistant test for existing oat file /data/app/~~FWveN_UMxJ_q85B7iSEO-g==/android.app.stubs-3x_geLDmtdt9XTYhDOX22g==/base.dm: I/O error
02-18 01:38:47.132  artd  1913  2024 I artd    : GetBestInfo no usable artifacts
02-18 01:38:47.134 10094  2875  2875 D ControlsListingControllerImpl: ServiceConfig reloaded, count: 0
02-18 01:38:47.135 10094  2875  2875 D ControlsListingControllerImpl: ServiceConfig reloaded, count: 0
02-18 01:38:47.139  artd  1913  2024 I artd    : Running dex2oat: /apex/com.android.art/bin/art_exec --drop-capabilities --set-task-profile=Dex2OatBootComplete --set-priority=background --keep-fds=7:8:9:10:11:12:13:14:15:16 -- /apex/com.android.art/bin/dex2oat64 --zip-fd=7 --zip-location=/data/app/~~FWveN_UMxJ_q85B7iSEO-g==/android.app.stubs-3x_geLDmtdt9XTYhDOX22g==/base.apk --oat-fd=8 --oat-location=/data/app/~~FWveN_UMxJ_q85B7iSEO-g==/android.app.stubs-3x_geLDmtdt9XTYhDOX22g==/oat/arm64/base.odex --output-vdex-fd=9 --swap-fd=10 --class-loader-context-fds=11:12:13:14:15:16 --class-loader-context=PCL[]{PCL[/system/framework/android.test.runner.jar]{PCL[/system/framework/android.test.base.jar]#PCL[/system/framework/android.test.mock.jar]}#PCL[/system/framework/org.apache.http.legacy.jar]#PCL[/system/framework/android.test.base.jar]#PCL[/system/framework/android.test.mock.jar]} --classpath-dir=/data/app/~~FWveN_UMxJ_q85B7iSEO-g==/android.app.stubs-3x_geLDmtdt9XTYhDOX22g== --instruction-set=arm64 --instruction-set-features=default --instruction-set-variant=cortex-a55 --compiler-filter=verify --compilation-reason=install --compact-dex-level=none --max-image-block-size=524288 --resolve-startup-const-strings=true --generate-mini-debug-info --runtime-arg -Xtarget-sdk-version:34 --runtime-arg -Xhidden-api-policy:enabled --runtime-arg -Xms64m --runtime-arg -Xmx512m --comments=app-name:android.app.stubs,app-version-name:14,app-version-code:34,art-version:350090000
02-18 01:38:47.139  artd  1913  2024 I artd    : Opened FDs: 7:/data/app/~~FWveN_UMxJ_q85B7iSEO-g==/android.app.stubs-3x_geLDmtdt9XTYhDOX22g==/base.apk 8:/data/app/~~FWveN_UMxJ_q85B7iSEO-g==/android.app.stubs-3x_geLDmtdt9XTYhDOX22g==/oat/arm64/base.odex.r8m50z.tmp 9:/data/app/~~FWveN_UMxJ_q85B7iSEO-g==/android.app.stubs-3x_geLDmtdt9XTYhDOX22g==/oat/arm64/base.vdex.52DrOy.tmp 10:/data/app/~~FWveN_UMxJ_q85B7iSEO-g==/android.app.stubs-3x_geLDmtdt9XTYhDOX22g==/oat/arm64/base.odex.swap.xdDJyy.tmp 11:/system/framework/android.test.mock.jar 12:/system/framework/android.test.base.jar 13:/system/framework/org.apache.http.legacy.jar 14:/system/framework/android.test.runner.jar 15:/system/framework/android.test.mock.jar 16:/system/framework/android.test.base.jar 
02-18 01:38:47.191  artd  5456  5456 W dex2oat64: Mismatch between dex2oat instruction set features to use (ISA: Arm64 Feature string: -a53,crc,lse,fp16,dotprod,-sve) and those from CPP defines (ISA: Arm64 Feature string: -a53,crc,-lse,fp16,dotprod,-sve) for the command line:
02-18 01:38:47.191  artd  5456  5456 W dex2oat64: /apex/com.android.art/bin/dex2oat64 --zip-fd=7 --zip-location=/data/app/~~FWveN_UMxJ_q85B7iSEO-g==/android.app.stubs-3x_geLDmtdt9XTYhDOX22g==/base.apk --oat-fd=8 --oat-location=/data/app/~~FWveN_UMxJ_q85B7iSEO-g==/android.app.stubs-3x_geLDmtdt9XTYhDOX22g==/oat/arm64/base.odex --output-vdex-fd=9 --swap-fd=10 --class-loader-context-fds=11:12:13:14:15:16 --class-loader-context=PCL[]{PCL[/system/framework/android.test.runner.jar]{PCL[/system/framework/android.test.base.jar]#PCL[/system/framework/android.test.mock.jar]}#PCL[/system/framework/org.apache.http.legacy.jar]#PCL[/system/framework/android.test.base.jar]#PCL[/system/framework/android.test.mock.jar]} --classpath-dir=/data/app/~~FWveN_UMxJ_q85B7iSEO-g==/android.app.stubs-3x_geLDmtdt9XTYhDOX22g== --instruction-set=arm64 --instruction-set-features=default --instruction-set-variant=cortex-a55 --compiler-filter=verify --compilation-reason=install --compact-dex-level=none --max-image-block-size=524288 --resolve-startup-const-strings=true --generate-mini-debug-info --runtime-arg -Xtarget-sdk-version:34 --runtime-arg -Xhidden-api-policy:enabled --runtime-arg -Xms64m --runtime-arg -Xmx512m --comments=app-name:android.app.stubs,app-version-name:14,app-version-code:34,art-version:350090000
02-18 01:38:47.191  artd  5456  5456 I dex2oat64: /apex/com.android.art/bin/dex2oat64 --output-vdex-fd=9 --class-loader-context-fds=11:12:13:14:15:16 --class-loader-context=PCL[]{PCL[/system/framework/android.test.runner.jar]{PCL[/system/framework/android.test.base.jar]#PCL[/system/framework/android.test.mock.jar]}#PCL[/system/framework/org.apache.http.legacy.jar]#PCL[/system/framework/android.test.base.jar]#PCL[/system/framework/android.test.mock.jar]} --classpath-dir=/data/app/~~FWveN_UMxJ_q85B7iSEO-g==/android.app.stubs-3x_geLDmtdt9XTYhDOX22g== --compiler-filter=verify --compilation-reason=install --compact-dex-level=none --max-image-block-size=524288 --resolve-startup-const-strings=true --generate-mini-debug-info --comments=app-name:android.app.stubs,app-version-name:14,app-version-code:34,art-version:350090000
02-18 01:38:47.341  artd  5456  5456 I dex2oat64: Using CollectorTypeCMC GC.
02-18 01:38:47.418  artd  5456  5462 W dex2oat64: Accessing hidden method Landroid/content/pm/PackageManager;->getAttentionServicePackageName()Ljava/lang/String; (blocked, linking, denied)
02-18 01:38:47.418  artd  5456  5462 W dex2oat64: Accessing hidden method Landroid/content/pm/PackageManager;->getSystemCaptionsServicePackageName()Ljava/lang/String; (blocked, linking, denied)
02-18 01:38:47.418  artd  5456  5462 W dex2oat64: Accessing hidden method Landroid/app/IActivityManager$Stub;->asInterface(Landroid/os/IBinder;)Landroid/app/IActivityManager; (max-target-r, linking, denied)
02-18 01:38:47.418  artd  5456  5462 W dex2oat64: Accessing hidden method Landroid/content/Context;->getIApplicationThread()Landroid/app/IApplicationThread; (max-target-o, linking, denied)
02-18 01:38:47.418  artd  5456  5462 W dex2oat64: Accessing hidden method Landroid/app/IActivityManager;->startService(Landroid/app/IApplicationThread;Landroid/content/Intent;Ljava/lang/String;ZLjava/lang/String;Ljava/lang/String;I)Landroid/content/ComponentName; (blocked, linking, denied)
02-18 01:38:47.418  artd  5456  5462 W dex2oat64: Accessing hidden method Landroid/app/IActivityManager$Stub;->asInterface(Landroid/os/IBinder;)Landroid/app/IActivityManager; (max-target-r, linking, denied)
02-18 01:38:47.418  artd  5456  5462 W dex2oat64: Accessing hidden method Landroid/content/Context;->getIApplicationThread()Landroid/app/IApplicationThread; (max-target-o, linking, denied)
02-18 01:38:47.418  artd  5456  5462 W dex2oat64: Accessing hidden method Landroid/app/IActivityManager;->startService(Landroid/app/IApplicationThread;Landroid/content/Intent;Ljava/lang/String;ZLjava/lang/String;Ljava/lang/String;I)Landroid/content/ComponentName; (blocked, linking, denied)
02-18 01:38:47.421  artd  5456  5462 W dex2oat64: Accessing hidden method Landroid/app/SearchManager;->isVisible()Z (max-target-r, linking, denied)
02-18 01:38:47.422  artd  5456  5456 W dex2oat64: Accessing hidden method Landroid/app/IActivityManager$Stub;->asInterface(Landroid/os/IBinder;)Landroid/app/IActivityManager; (max-target-r, linking, denied)
02-18 01:38:47.447  1000  1650  1731 I pixel-thermal: usb_pwr_therm:28.99 raw data: usb_pwr_therm:28990 
02-18 01:38:47.465  1000  1650  1731 I pixel-thermal: VIRTUAL-USB-THROTTLING:0 raw data: USB-MINUS-NEUTRAL:-3294 USB-MINUS-USB2:-356 VIRTUAL-USB-THROTTLING:0 neutral_therm:32284 usb_pwr_therm:28990 usb_pwr_therm2:29346 
02-18 01:38:47.465  1000  1650  1731 I pixel-thermal: quiet_therm:29.68 raw data: quiet_therm:29680 
02-18 01:38:47.465  1000  1650  1731 I pixel-thermal: VIRTUAL-USB-UI:0 raw data: USB-MINUS-NEUTRAL:-3294 USB-MINUS-USB2:-356 VIRTUAL-USB-UI:0 usb_pwr_therm:28990 
02-18 01:38:47.465  1000  1650  1731 I pixel-thermal: Power rails total power: 2116.35 mW for 60396 ms
02-18 01:38:47.465  1000  1650  1731 I pixel-thermal: Power rails [S6M_LLDO1: 89.39 mW] [L7S_SENSORS: 2.64 mW] [S10M_VDD_TPU: 0.03 mW] [S5M_VDD_INT: 26.33 mW] [S2M_VDD_CPUCL2: 521.72 mW] [S1M_VDD_MIF: 134.63 mW] 
02-18 01:38:47.465  1000  1650  1731 I pixel-thermal: Power rails [S4M_VDD_CPUCL0: 306.30 mW] [VSYS_PWR_WLAN_BT: 15.45 mW] [VSYS_PWR_RFFE: 0.27 mW] [VSYS_PWR_MODEM: 264.73 mW] [VSYS_PWR_MMWAVE: 0.00 mW] [S3M_VDD_CPUCL1: 271.91 mW] 
02-18 01:38:47.465  1000  1650  1731 I pixel-thermal: Power rails [L2S_PLL_MIPI_UFS: 89.62 mW] [L14S_ALIVE: 0.03 mW] [S9S_VDD_AOC: 4.35 mW] [S4S_VDD2H_MEM: 63.88 mW] [L9S_GNSS_CORE: 0.29 mW] [S8S_VDD_G3D_L2: 3.96 mW] 
02-18 01:38:47.465  1000  1650  1731 I pixel-thermal: Power rails [S5S_VDDQ_MEM: 17.12 mW] [S2S_VDD_G3D: 17.85 mW] [S1S_VDD_CAM: 4.46 mW] [S8M_LLDO2: 44.82 mW] [L15M_VDD_SLC_M: 28.07 mW] [VSYS_PWR_DISPLAY: 208.51 mW] 
02-18 01:38:47.540  artd  5456  5463 W dex2oat64: Accessing hidden method Landroid/view/IWindowManager;->isRotationFrozen()Z (max-target-o, linking, denied)
02-18 01:38:47.540  artd  5456  5463 W dex2oat64: Accessing hidden method Landroid/view/IWindowManager;->closeSystemDialogs(Ljava/lang/String;)V (max-target-o, linking, denied)
02-18 01:38:47.540  artd  5456  5463 W dex2oat64: Accessing hidden method Landroid/os/ParcelableException;-><init>(Ljava/lang/Throwable;)V (max-target-o, linking, denied)
02-18 01:38:47.648  1000  1483  1876 I RoleService: Granting default roles...
02-18 01:38:47.681  artd  5456  5456 I dex2oat64: dex2oat took 493.426ms (979.887ms cpu) (threads: 8) arena alloc=0B (0B) java alloc=7531KB (7712208B) native alloc=2873KB (2942288B) free=1084KB (1110368B)
02-18 01:38:47.705  artd  1913  2024 I artd    : dex2oat returned code 0
02-18 01:38:47.712  1000  1483  1765 I ArtService: Dexopt result: [packageName = android.app.stubs] DexContainerFileDexoptResult{dexContainerFile=/data/app/~~FWveN_UMxJ_q85B7iSEO-g==/android.app.stubs-3x_geLDmtdt9XTYhDOX22g==/base.apk, primaryAbi=true, abi=arm64-v8a, actualCompilerFilter=verify, status=PERFORMED, dex2oatWallTimeMillis=565, dex2oatCpuTimeMillis=1030, sizeBytes=13402156, sizeBeforeBytes=0, extendedStatusFlags=[]}
02-18 01:38:47.713  1000  1483  1765 V BackupManagerService: [UserID:0] restoreAtInstall pkg=android.app.stubs token=7 restoreSet=0
02-18 01:38:47.713  1000  1483  1765 V BackupManagerService: [UserID:0] Finishing install immediately
02-18 01:38:47.715  1000  1483  1765 I AppsFilter: interaction: PackageSetting{dcec6b0 com.android.microdroid.empty_payload/10111} -> PackageSetting{1d31538 android.app.stubs/10130} BLOCKED
02-18 01:38:47.718  1000  1483  1765 W MagnificationConnectionManager: requestConnection duplicated request: connect=false, mConnectionState=DISCONNECTED
02-18 01:38:47.719  1000  1483  1765 I unknown_sources_enabled: 1
02-18 01:38:47.719  1000  1483  1765 D PackageInstallerSession: Marking session 1791054747 as applied
02-18 01:38:47.725  1000  1483  1717 I commit_sys_config_file: [package-session,3]
02-18 01:38:47.725  1000  1483  1734 D OomAdjuster: Not killing cached processes
02-18 01:38:47.726  1000  1483  1765 D CompatibilityChangeReporter: Compat change id reported: 168419799; UID 10130; state: DISABLED
02-18 01:38:47.726  1000  1483  1765 D CompatibilityChangeReporter: Compat change id reported: 273564678; UID 10130; state: DISABLED
02-18 01:38:47.726 10090  3150  3204 D SessionCommitReceiver: Removing PromiseIcon for package: android.app.stubs, install reason: 0, alreadyAddedPromiseIcon: false
02-18 01:38:47.726  1000  1483  1847 I commit_sys_config_file: [package-session,1]
02-18 01:38:47.729  1000  1483  1483 I notification_cancel_all: [1000,1483,android.app.stubs,0,0,0,5,NULL]
02-18 01:38:47.729  1000  1483  2854 I SdkSandboxManager: No SDKs used. Skipping SDK data reconcilation for CallingInfo{mUid=10130, mPackageName='android.app.stubs, mAppProcessToken='null'}
02-18 01:38:47.731 radio  3073  3073 D CarrierSvcBindHelper: onPackageAdded: android.app.stubs
02-18 01:38:47.731  1000  1483  1888 I InputReader: Reconfiguring input devices, changes=KEYBOARD_LAYOUTS
02-18 01:38:47.731 radio  3073  3073 D CarrierSvcBindHelper: No carrier app for: 0
02-18 01:38:47.732   nfc  3543  3543 I RegisteredComponentCache: New Components => 
02-18 01:38:47.732   nfc  3543  3543 I RegisteredComponentCache: ComponentInfo: ResolveInfo{c61b234 com.android.apps.tag/.TagViewer m=0x108000 userHandle=UserHandle{0}}, techs: android.nfc.tech.Ndef, 
02-18 01:38:47.732   nfc  3543  3543 I RegisteredComponentCache: Removed Components => 
02-18 01:38:47.732   nfc  3543  3543 I RegisteredComponentCache: ComponentInfo: ResolveInfo{8d06d4b com.android.apps.tag/.TagViewer m=0x108000 userHandle=UserHandle{0}}, techs: android.nfc.tech.Ndef, 
02-18 01:38:47.733  1000  1483  1483 D TransparencyService: Not an update. Skipping...
02-18 01:38:47.734 10123  2882  2882 I SafetyLabelChangedBroadcastReceiver: received broadcast packageName: android.app.stubs, current user: UserHandle{0}, packageChangeEvent: NEW_INSTALL, intent user: UserHandle{0}
02-18 01:38:47.735  1000  1483  1483 V BackupManagerConstants: getFullBackupIntervalMilliseconds(...) returns 86400000
02-18 01:38:47.735  1000  1483  1483 V BackupManagerConstants: getFullBackupRequiredNetworkType(...) returns 2
02-18 01:38:47.735  1000  1483  1483 V BackupManagerConstants: getFullBackupRequireCharging(...) returns true
02-18 01:38:47.737 radio  3073  3285 D EuiccConnector: handleMessage: E msg.what=1
02-18 01:38:47.737 radio  3073  3285 D EuiccConnector: processMsg: UnavailableState
02-18 01:38:47.737 radio  3073  3285 W EuiccConnector: No valid EuiccService implementation found
02-18 01:38:47.737 10123  2882  2910 I PermissionControllerServiceImpl: Updating user sensitive for uid 10130
02-18 01:38:47.737 radio  3073  3285 D EuiccConnector: handleMessage: X
02-18 01:38:47.738 radio  3073  3073 D CarrierSvcBindHelper: No carrier app for: 1
02-18 01:38:47.740  1000  1483  1850 I commit_sys_config_file: [overlays,2]
02-18 01:38:47.745  1000  1483  1483 I AppsFilter: interaction: PackageSetting{316efa5 com.android.microdroid.empty_payload/10111} -> PackageSetting{c667f7a android.app.stubs/10130} BLOCKED
02-18 01:38:47.748 10123  2882  2910 I PermissionControllerServiceImpl: Updating user sensitive for uid 10130
02-18 01:38:47.748 radio  3073  3285 D EuiccConnector: handleMessage: E msg.what=1
02-18 01:38:47.748 radio  3073  3285 D EuiccConnector: processMsg: UnavailableState
02-18 01:38:47.748 radio  3073  3285 W EuiccConnector: No valid EuiccService implementation found
02-18 01:38:47.749 radio  3073  3285 D EuiccConnector: handleMessage: X
02-18 01:38:47.754   nfc  3543  3543 I RegisteredServicesCache: current user: 0, is managed profile : false
02-18 01:38:47.754   nfc  3543  3543 I RegisteredServicesCache: New Other Services => 
02-18 01:38:47.754   nfc  3543  3543 I RegisteredServicesCache: Removed Other Services => 
02-18 01:38:47.755  1000  1483  1733 W MagnificationConnectionManager: requestConnection duplicated request: connect=false, mConnectionState=DISCONNECTED
02-18 01:38:47.756  1000  1483  1733 W BroadcastLoopers: Found previously unknown looper Thread[android.bg,5,main]
02-18 01:38:47.756   nfc  3543  3543 I RegisteredServicesCache: New Services => 
02-18 01:38:47.756   nfc  3543  3543 I RegisteredServicesCache: Removed Services => 
02-18 01:38:47.757  1000  1483  1733 W VoiceInteractionManager: no available voice recognition services found for user 0
02-18 01:38:47.758 10090  3150  3204 D PackageUpdatedTask: mAllAppsList.addPackage android.app.stubs
02-18 01:38:47.758  1000  1483  1733 W PackageManager: Failed registering loading progress callback. Package is fully loaded.
02-18 01:38:47.759   nfc  3543  3543 I RegisteredComponentCache: New Components => 
02-18 01:38:47.759   nfc  3543  3543 I RegisteredComponentCache: ComponentInfo: ResolveInfo{7d7f2f5 com.android.apps.tag/.TagViewer m=0x108000 userHandle=UserHandle{0}}, techs: android.nfc.tech.Ndef, 
02-18 01:38:47.759   nfc  3543  3543 I RegisteredComponentCache: Removed Components => 
02-18 01:38:47.759   nfc  3543  3543 I RegisteredComponentCache: ComponentInfo: ResolveInfo{c61b234 com.android.apps.tag/.TagViewer m=0x108000 userHandle=UserHandle{0}}, techs: android.nfc.tech.Ndef, 
02-18 01:38:47.762   nfc  3543  3543 I RegisteredServicesCache: current user: 0, is managed profile : false
02-18 01:38:47.762   nfc  3543  3543 I RegisteredServicesCache: New Other Services => 
02-18 01:38:47.762   nfc  3543  3543 I RegisteredServicesCache: Removed Other Services => 
02-18 01:38:47.764   nfc  3543  3543 I RegisteredServicesCache: New Services => 
02-18 01:38:47.764   nfc  3543  3543 I RegisteredServicesCache: Removed Services => 
02-18 01:38:47.765 radio  3073  3412 D ImsResolver: maybeAddedImsService, packageName: android.app.stubs
02-18 01:38:47.766 radio  3073  3073 E VvmPkgInstalledRcvr: cannot create TelephonyManager from ComponentInfo{com.android.phone/com.android.services.telephony.TelephonyConnectionService}, E, UserHandle{0}
02-18 01:38:47.766  1068  3040  3066 D SecureElementService: getReaders() for com.android.nfc
02-18 01:38:47.767  1068  3040  3066 I SecureElement-AccessControlEnforcer: getAccessRule() appCert = 27196e386b875e76adf700e7ea84e4c6eee33dfa
02-18 01:38:47.767  1068  3040  3066 I SecureElement-AccessControlEnforcer: getAccessRule() appCert = c8a2e9bccf597c2fb6dc66bee293fc13f2fc47ec77bc6b2b0d52c11f51192ab8
02-18 01:38:47.767  1068  3040  3066 I SecureElement-AccessRuleCache: findAccessRule() not found
02-18 01:38:47.767  1068  3040  3066 I SecureElement-AccessControlEnforcer: getAccessRule() appCert = 27196e386b875e76adf700e7ea84e4c6eee33dfa
02-18 01:38:47.767  1068  3040  3066 I SecureElement-AccessControlEnforcer: getAccessRule() appCert = c8a2e9bccf597c2fb6dc66bee293fc13f2fc47ec77bc6b2b0d52c11f51192ab8
02-18 01:38:47.767  1068  3040  3066 I SecureElement-AccessRuleCache: findAccessRule() not found
02-18 01:38:47.768  1068  3040  3066 I SecureElement-Terminal-SIM2: isNfcEventAllowed: No access rules for checking.
02-18 01:38:47.769  1000  1483  1733 W MagnificationConnectionManager: requestConnection duplicated request: connect=false, mConnectionState=DISCONNECTED
02-18 01:38:47.769  1068  3040  3066 D SecureElementService: getReaders() for com.android.nfc
02-18 01:38:47.770  1000  1483  1733 W VoiceInteractionManager: no available voice recognition services found for user 0
02-18 01:38:47.770 radio  3073  3073 D CarrierSvcBindHelper: onPackageModified: android.app.stubs
02-18 01:38:47.770  1068  3040  3066 I SecureElement-AccessControlEnforcer: getAccessRule() appCert = 27196e386b875e76adf700e7ea84e4c6eee33dfa
02-18 01:38:47.770  1068  3040  3066 I SecureElement-AccessControlEnforcer: getAccessRule() appCert = c8a2e9bccf597c2fb6dc66bee293fc13f2fc47ec77bc6b2b0d52c11f51192ab8
02-18 01:38:47.770 radio  3073  3073 D CarrierSvcBindHelper: No carrier app for: 0
02-18 01:38:47.770  1068  3040  3066 I SecureElement-AccessRuleCache: findAccessRule() not found
02-18 01:38:47.771 radio  3073  3073 D CarrierSvcBindHelper: No carrier app for: 1
02-18 01:38:47.771  1068  3040  3066 I SecureElement-AccessControlEnforcer: getAccessRule() appCert = 27196e386b875e76adf700e7ea84e4c6eee33dfa
02-18 01:38:47.771  1068  3040  3066 I SecureElement-AccessControlEnforcer: getAccessRule() appCert = c8a2e9bccf597c2fb6dc66bee293fc13f2fc47ec77bc6b2b0d52c11f51192ab8
02-18 01:38:47.771  1068  3040  3066 I SecureElement-AccessRuleCache: findAccessRule() not found
02-18 01:38:47.773  1068  3040  3066 I SecureElement-Terminal-SIM2: isNfcEventAllowed: No access rules for checking.
02-18 01:38:47.773  1000  1483  1888 I InputReader: Reconfiguring input devices, changes=KEYBOARD_LAYOUTS
02-18 01:38:47.777 10090  3150  3150 D StatsLog: LAUNCHER_ALLAPPS_COUNT
02-18 01:38:47.784 radio  3073  3412 D ImsResolver: maybeAddedImsService, packageName: android.app.stubs
02-18 01:38:47.786 10090  3150  3204 D PackageUpdatedTask: mAllAppsList.updatePackage android.app.stubs
02-18 01:38:47.794 10090  3150  3150 D StatsLog: LAUNCHER_ALLAPPS_COUNT
02-18 01:38:47.810  1000  1483  2934 I commit_sys_config_file: [appops_accesses,12]
02-18 01:38:47.823  1000  1483  1544 I system_server: Background concurrent mark compact GC freed 12MB AllocSpace bytes, 36(784KB) LOS objects, 75% free, 17MB/68MB, paused 1.090ms,2.550ms total 103.834ms
02-18 01:38:47.824  1000  1483  1547 W system_server: ApkAssets: Deleting an ApkAssets object '<empty> and /product/app/LatinIME/LatinIME.apk' with 1 weak references
02-18 01:38:47.828  1000  1483  1547 W system_server: ApkAssets: Deleting an ApkAssets object '<empty> and /system_ext/app/AccessibilityMenu/AccessibilityMenu.apk' with 1 weak references
02-18 01:38:47.828  1000  1483  1547 W system_server: ApkAssets: Deleting an ApkAssets object '<empty> and /data/app/~~FWveN_UMxJ_q85B7iSEO-g==/android.app.stubs-3x_geLDmtdt9XTYhDOX22g==/base.apk' with 2 weak references
02-18 01:38:47.848 shell  1035  1035 I auditd  : type=1400 audit(0.0:222): avc:  denied  { search } for  comm=73796E6320737663203231 name="oem" dev="dm-7" ino=43 scontext=u:r:adbd:s0 tcontext=u:object_r:oemfs:s0 tclass=dir permissive=0
02-18 01:38:47.848 shell  1035  1035 W /apex/com.android.adbd/bin/adbd: type=1400 audit(0.0:222): avc:  denied  { search } for  comm=73796E6320737663203231 name="oem" dev="dm-7" ino=43 scontext=u:r:adbd:s0 tcontext=u:object_r:oemfs:s0 tclass=dir permissive=0
02-18 01:38:47.989  root     8     8 I logbuffer_pcie0: [   90] D state: 0, LTSSM: 0
02-18 01:38:47.989  root     8     8 I logbuffer_pcie0: [   91] L0(0x11)
02-18 01:38:47.974 radio  1101  1269 V RIL     : [/dev/umts_ipc0][RX] SIT_IND_BARRING_INFO_CHANGED, IND, 413 bytes
02-18 01:38:47.974 radio  1101  1269 V RIL     :  02 00 4b 07 9d 01 00 00   02 34 36 36 30 31 23 21  
02-18 01:38:47.974 radio  1101  1269 V RIL     :  27 35 03 38 01 00 00 91   7a 00 00 b2 0c 00 00 00  
02-18 01:38:47.974 radio  1101  1269 V RIL     :  00 00 00 00 00 00 00 00   00 00 00 00 00 00 00 00  
02-18 01:38:47.974 radio  1101  1269 V RIL     :  00 00 00 00 00 00 00 00   00 00 00 00 00 00 00 00  
02-18 01:38:47.974 radio  1101  1269 V RIL     :  00 00 00 00 00 00 00 00   00 00 00 00 00 00 00 00  
02-18 01:38:47.974 radio  1101  1269 V RIL     :  00 00 00 00 00 00 00 00   00 00 00 00 00 00 00 00  
02-18 01:38:47.974 radio  1101  1269 V RIL     :  00 00 00 00 00 00 00 00   00 00 00 00 00 00 00 00  
02-18 01:38:47.974 radio  1101  1269 V RIL     :  00 00 00 00 00 00 00 00   00 00 00 00 00 00 00 00  
02-18 01:38:47.974 radio  1101  1269 V RIL     :  00 00 00 00 00 00 00 00   00 00 00 00 00 00 00 00  
02-18 01:38:47.974 radio  1101  1269 V RIL     :  00 00 00 00 00 00 00 00   00 00 00 00 00 00 00 00  
02-18 01:38:47.974 radio  1101  1269 V RIL     :  00 00 00 00 00 00 00 00   00 00 00 00 00 00 00 00  
02-18 01:38:47.974 radio  1101  1269 V RIL     :  00 00 00 00 00 00 00 00   00 00 00 00 00 00 00 00  
02-18 01:38:47.974 radio  1101  1269 V RIL     :  00 00 00 00 00 00 00 00   00 00 00 00 00 00 00 00  
02-18 01:38:47.974 radio  1101  1269 V RIL     :  00 00 00 00 00 00 00 00   00 00 00 00 00 00 00 00  
02-18 01:38:47.974 radio  1101  1269 V RIL     :  00 00 00 00 00 00 00 00   00 00 00 00 00 00 00 00  
02-18 01:38:47.974 radio  1101  1269 V RIL     :  00 00 00 00 00 00 00 00   00 00 00 00 00 00 00 00  
02-18 01:38:47.974 radio  1101  1269 V RIL     :  00 00 00 00 00 00 00 00   00 00 00 00 00 00 00 00  
02-18 01:38:47.974 radio  1101  1269 V RIL     :  00 00 00 00 00 00 00 00   00 00 00 00 00 00 00 00  
02-18 01:38:47.974 radio  1101  1269 V RIL     :  00 00 07 00 00 00 08 00   00 00 00 00 00 00 00 00  
02-18 01:38:47.974 radio  1101  1269 V RIL     :  00 00 00 00 00 00 00 03   00 00 00 00 00 00 00 64  
02-18 01:38:47.974 radio  1101  1269 V RIL     :  00 00 00 00 00 00 00 00   04 00 00 00 00 00 00 00  
02-18 01:38:47.974 radio  1101  1269 V RIL     :  64 00 00 00 00 00 00 00   00 06 00 00 00 00 00 00  
02-18 01:38:47.974 radio  1101  1269 V RIL     :  00 ff 00 00 00 00 00 00   00 00 07 00 00 00 00 00  
02-18 01:38:47.974 radio  1101  1269 V RIL     :  00 00 ff 00 00 00 00 00   00 00 00 e9 03 00 00 00  
02-18 01:38:47.974 radio  1101  1269 V RIL     :  00 00 00 ff 00 00 00 00   00 00 00 00 ea 03 00 00  
02-18 01:38:47.974 radio  1101  1269 V RIL     :  00 00 00 00 ff 00 00 00   00 00 00 00 00
02-18 01:38:47.974 radio  1101  1269 I RIL     : [RilContext_0] ProcessModemData 
02-18 01:38:47.974 radio  1101  1269 V RIL     : [RilContext_0] SendMessage RCM Response Routing : Type=0002, RCM ID=0x074B Service ID=5 Message ID=4114
02-18 01:38:47.974 radio  1101  1269 V RIL     : [ServiceMgr] msg(0xb400007c547efea0) msgId=4114 svc=NetworkService_0(5) direction=Response
02-18 01:38:47.974 radio  1101  1255 I RIL     : [NetworkService_0] BarringInfoChangedHandler OnIndication()
02-18 01:38:47.974 radio  1101  1255 V RIL     : RilProperty Dump:
02-18 01:38:47.974 radio  1101  1255 V RIL     : <CellIdentity,4>
02-18 01:38:47.974 radio  1101  1255 V RIL     : <CellInfo,4>
02-18 01:38:47.974 radio  1101  1255 V RIL     : <SignalStrength,4>
02-18 01:38:47.974 radio  1101  1255 V RIL     : <dds,0>
02-18 01:38:47.974 radio  1101  1255 V RIL     : <type,rilapp>
02-18 01:38:47.974 radio  1101  1255 V RIL     : <vendor.ril.app.overall.fake.net.conn.presence,0>
02-18 01:38:47.974 radio  1101  1255 V RIL     : <vendor.ril.app.overall.fake.sim.presence,0>
02-18 01:38:47.974 radio  1101  1255 V RIL     : <vendor.ril.app.overall.net.conn.presence,1>
02-18 01:38:47.975 radio  1101  1255 V RIL     : <vendor.ril.app.ps.active_sim,1>
02-18 01:38:47.975 radio  1101  1255 V RIL     : <vendor.ril.app.sim.overall_cardstate,2>
02-18 01:38:47.975 radio  1101  1255 V RIL     : <vendor.ril.app.target_carrier,400>
02-18 01:38:47.975 radio  1101  1255 V RIL     : [NetworkService_0] BarringInfoChangedHandler OnIndication() cellIdentityVer=4
02-18 01:38:47.975 radio  1101  1255 I RIL     : ProtocolBarringInfos:: 7 BarringInfos
02-18 01:38:47.975 radio  1101  1255 V RIL     : [0] RIL_BarringServiceType=8 BarringType=0 barringFactor=0 barringTimeSeconds=0 isBarred=0
02-18 01:38:47.975 radio  1101  1255 V RIL     : [1] RIL_BarringServiceType=3 BarringType=0 barringFactor=100 barringTimeSeconds=0 isBarred=0
02-18 01:38:47.975 radio  1101  1255 V RIL     : [2] RIL_BarringServiceType=4 BarringType=0 barringFactor=100 barringTimeSeconds=0 isBarred=0
02-18 01:38:47.975 radio  1101  1255 V RIL     : [3] RIL_BarringServiceType=6 BarringType=0 barringFactor=255 barringTimeSeconds=0 isBarred=0
02-18 01:38:47.975 radio  1101  1255 V RIL     : [4] RIL_BarringServiceType=7 BarringType=0 barringFactor=255 barringTimeSeconds=0 isBarred=0
02-18 01:38:47.975 radio  1101  1255 V RIL     : [5] RIL_BarringServiceType=1001 BarringType=0 barringFactor=255 barringTimeSeconds=0 isBarred=0
02-18 01:38:47.975 radio  1101  1255 V RIL     : [6] RIL_BarringServiceType=1002 BarringType=0 barringFactor=255 barringTimeSeconds=0 isBarred=0
02-18 01:38:47.975 radio  1101  1255 I RIL     : [RilContext_0] OnUnsolicitedResponse 
02-18 01:38:47.975 radio  1101  1255 I RIL     : [RilContext_0] ProcessUnsolicitedResponse 
02-18 01:38:47.975 radio  1101  1255 I RILC-CommandInfo: getUnsolRespInfo found {unsolResponse=1023 halVer=00}
02-18 01:38:47.976 radio  1101  1255 D RILC-HIDL: HidlHalNetworkIndication::restrictedStateChangedInd
02-18 01:38:47.976 radio  1101  1255 D RILC-HIDL: restrictedStateChangedInd: state 0
02-18 01:38:47.976 radio  1101  1255 D RILC-AIDL_SERVICE: RadioNetworkIndicationHook::restrictedStateChanged mNetworkCb=0xb400007d047ebfc8
02-18 01:38:47.976 radio  1101  1255 I RILC    : RIL_SOCKET_1 UNSOLICITED: UNSOL_RESTRICTED_STATE_CHANGED length:4
02-18 01:38:47.976 radio  1101  1255 V RIL     : RADIO_EXT::[RilExternalResponseListener] OnUnsolicitedResponse Filter out Unsolicited response=1023, channel=0
02-18 01:38:47.976 radio  1101  1255 I RIL     : [RilContext_0] OnUnsolicitedResponse 
02-18 01:38:47.976 radio  1101  1255 I RIL     : [RilContext_0] ProcessUnsolicitedResponse 
02-18 01:38:47.976 radio  1101  1255 I RILC-CommandInfo: getUnsolRespInfo found {unsolResponse=1105 halVer=00}
02-18 01:38:47.976 radio  1101  1255 D RILC-HIDL: HidlHalNetworkIndication::barringInfoChangedInd
02-18 01:38:47.977 radio  1101  1255 D RILC-AIDL_SERVICE: RadioNetworkIndicationHook::barringInfoChanged mNetworkCb=0xb400007d047ebfc8
02-18 01:38:47.977 radio  1101  1255 I RILC    : RIL_SOCKET_1 UNSOLICITED: UNSOL_BARRING_INFO_CHANGED length:336
02-18 01:38:47.977 radio  1101  1255 V RIL     : RADIO_EXT::[RilExternalResponseListener] OnUnsolicitedResponse Filter out Unsolicited response=1105, channel=0
02-18 01:38:47.977 radio  1101  1255 I RIL     : [RilContext_0] OnUnsolicitedResponse 
02-18 01:38:47.977 radio  1101  1255 I RIL     : [RilContext_0] ProcessUnsolicitedResponse 
02-18 01:38:47.977 radio  1101  1255 V RIL     : RADIO::[RilResponseListener] OnUnsolicitedResponse Filter out Unsolicited response=20119
02-18 01:38:47.977 radio  1101  1255 D RIL_EXTERNAL: rilExternalRawIndication
02-18 01:38:47.977 radio  1101  1255 I RIL_EXTERNAL: [isFilteredIndication] clientId=0 name=PID(1080) indication=2015 isFiltered=false
02-18 01:38:47.977 radio  1101  1255 I RIL_EXTERNAL: [isFilteredIndication] clientId=1 name=GpsApi(1094) indication=2015 isFiltered=true
02-18 01:38:47.977 radio  1101  1255 I RIL_EXTERNAL: [isFilteredIndication] clientId=2 name=SeApi(918) indication=2015 isFiltered=true
02-18 01:38:47.977 radio  1101  1255 I RIL_EXTERNAL: [isFilteredIndication] clientId=3 name=unknown indication=2015 isFiltered=false
02-18 01:38:47.977 radio  1101  1255 I RIL_EXTERNAL: [isFilteredIndication] clientId=4 name=unknown indication=2015 isFiltered=false
02-18 01:38:47.977 radio  1101  1255 I RIL_EXTERNAL: [isFilteredIndication] clientId=5 name=unknown indication=2015 isFiltered=false
02-18 01:38:47.977 radio  1101  1255 I RIL_EXTERNAL: [isFilteredIndication] clientId=6 name=unknown indication=2015 isFiltered=false
02-18 01:38:47.977 radio  1101  1255 D RIL_EXTERNAL: rilExternalRawIndication
02-18 01:38:47.977  1000  1080  1118 D RILClient: [OemClient]IND: (clientId = 0, msgId = 2015, dataLength = 148, channel = 0)
02-18 01:38:47.978 radio  1101  1255 D RIL_EXTERNAL: rilExternalRawIndication
02-18 01:38:47.978 radio  1101  1255 D RIL_EXTERNAL: rilExternalRawIndication
02-18 01:38:47.978 radio  1101  1255 D RIL_EXTERNAL: rilExternalRawIndication
02-18 01:38:47.978 radio  1101  1255 D RIL_EXTERNAL: rilExternalRawIndication
02-18 01:38:47.979 10089  3070  3070 D SHANNON_IMS: 0390 [HELP] Unsol {UNKNOWN} received  [SLID:0  Active:true] (ImsRilHelper%onHandleUnsolicitedResponse:306)
02-18 01:38:47.982 radio  3073  3135 D RILJ    : Unsol response received; Sending ack to ril.cpp [PHONE0]
02-18 01:38:47.983 radio  3073  3073 D SST     : [0] EVENT_RESTRICTED_STATE_CHANGED
02-18 01:38:47.983 radio  3073  3073 D SST     : [0] onRestrictedStateChanged: E rs Restricted State CS: none PS:false
02-18 01:38:47.983 radio  3073  3073 D SST     : [0] onRestrictedStateChanged: new rs Restricted State CS: none PS:false
02-18 01:38:47.983 radio  3073  3073 D SST     : [0] onRestrictedStateChanged: X rs Restricted State CS: none PS:false
02-18 01:38:47.984 radio  3073  3135 D RILJ    : Unsol response received; Sending ack to ril.cpp [PHONE0]
02-18 01:38:47.984 radio  3073  3073 D GsmCdmaPhone: [0] Event BarringInfoChanged Received
02-18 01:38:48.065  1000  1483  1746 I WifiService: getSupportedFeatures uid=1000 returns 1800000600000000
02-18 01:38:48.088  1002   881  1226 I bthal.flowcontrol: HciEventPreProcess: HCI Event 0xe Opcode 0xfd59 Length 22 unhandled by ControllerActivityWatcher
02-18 01:38:48.230 10094  2875  2875 D ControlsListingControllerImpl: ServiceConfig reloaded, count: 0
02-18 01:38:48.232 10094  2875  2875 D ControlsListingControllerImpl: ServiceConfig reloaded, count: 0
02-18 01:38:48.255 shell  5489  5489 D AndroidRuntime: >>>>>> START com.android.internal.os.RuntimeInit uid 2000 <<<<<<
02-18 01:38:48.260 shell  5489  5489 I AndroidRuntime: Using default boot image
02-18 01:38:48.260 shell  5489  5489 I AndroidRuntime: Leaving lock profiling enabled
02-18 01:38:48.262 shell  5489  5489 I app_process: Core platform API reporting enabled, enforcing=false
02-18 01:38:48.263 shell  5489  5489 I app_process: Using CollectorTypeCMC GC.
02-18 01:38:48.329 shell  5489  5489 D nativeloader: InitDefaultPublicLibraries for_preload=1: libandroid.so:libaaudio.so:libamidi.so:libbinder_ndk.so:libc.so:libcamera2ndk.so:libdl.so:libEGL.so:libGLESv1_CM.so:libGLESv2.so:libGLESv3.so:libicu.so:libicui18n.so:libicuuc.so:libjnigraphics.so:liblog.so:libmediandk.so:libm.so:libnativehelper.so:libnativewindow.so:libOpenMAXAL.so:libOpenSLES.so:libRS.so:libstdc++.so:libsync.so:libvulkan.so:libwebviewchromium_plat_support.so:libz.so
02-18 01:38:48.344 shell  5489  5489 D nativeloader: Load libicu_jni.so using APEX ns com_android_art for caller /apex/com.android.art/javalib/core-oj.jar: ok
02-18 01:38:48.344 shell  5489  5489 D app_process: Time zone APEX ICU file found: /apex/com.android.tzdata/etc/icu/icu_tzdata.dat
02-18 01:38:48.344 shell  5489  5489 D app_process: I18n APEX ICU file found: /apex/com.android.i18n/etc/icu/icudt72l.dat
02-18 01:38:48.345 shell  5489  5489 D nativeloader: Load libjavacore.so using APEX ns com_android_art for caller /apex/com.android.art/javalib/core-oj.jar: ok
02-18 01:38:48.346 shell  5489  5489 D nativeloader: Load libopenjdk.so using APEX ns com_android_art for caller /apex/com.android.art/javalib/core-oj.jar: ok
02-18 01:38:48.369 shell  5489  5489 D nativeloader: Load libframework-connectivity-tiramisu-jni.so using APEX ns com_android_tethering for caller /apex/com.android.tethering/javalib/framework-connectivity-t.jar: ok
02-18 01:38:48.369 shell  5489  5489 D AndroidRuntime: Calling main entry com.android.commands.am.Am
02-18 01:38:48.373 shell  5489  5489 D UiAutomationConnection: Created on user UserHandle{0}
02-18 01:38:48.374  1000  1483  5169 I ActivityManager: Force stopping android.display.cts appid=10129 user=0: start instr
02-18 01:38:48.375  1000  1483  5169 D GrammaticalInflection: The flag must be enabled to allow calling the API.
02-18 01:38:48.375  1000  1483  5169 I am_uid_running: 10129
02-18 01:38:48.376  1000  1483  5169 D CompatibilityChangeReporter: Compat change id reported: 135634846; UID 10129; state: DISABLED
02-18 01:38:48.377  1000  1483  5169 D CompatibilityChangeReporter: Compat change id reported: 177438394; UID 10129; state: DISABLED
02-18 01:38:48.377  1000  1483  5169 D CompatibilityChangeReporter: Compat change id reported: 135772972; UID 10129; state: DISABLED
02-18 01:38:48.377  1000  1483  5169 D CompatibilityChangeReporter: Compat change id reported: 135754954; UID 10129; state: ENABLED
02-18 01:38:48.378  1000  1483  1735 D CompatibilityChangeReporter: Compat change id reported: 143937733; UID 10129; state: ENABLED
02-18 01:38:48.379  1000  1483  1865 D CompatibilityChangeReporter: Compat change id reported: 265195908; UID 10129; state: ENABLED
02-18 01:38:48.392  root   867   867 D Zygote  : Forked child process 5504
02-18 01:38:48.393  1000  1483  1735 I am_proc_start: [0,5504,10129,android.display.cts,added application,android.display.cts]
02-18 01:38:48.393  1000  1483  1735 I ActivityManager: Start proc 5504:android.display.cts/u0a129 for added application android.display.cts
02-18 01:38:48.411 10129  5504  5504 I oid.display.cts: Using CollectorTypeCMC GC.
02-18 01:38:48.417 10129  5504  5504 E oid.display.cts: Not starting debugger since process cannot load the jdwp agent.
02-18 01:38:48.419 10129  5504  5504 D nativeloader: Load libframework-connectivity-tiramisu-jni.so using APEX ns com_android_tethering for caller /apex/com.android.tethering/javalib/framework-connectivity-t.jar: ok
02-18 01:38:48.423  1000  1483  5169 I am_proc_bound: [0,5504,android.display.cts]
02-18 01:38:48.427 10129  5504  5504 D CompatibilityChangeReporter: Compat change id reported: 171979766; UID 10129; state: ENABLED
02-18 01:38:48.427 10129  5504  5504 D CompatibilityChangeReporter: Compat change id reported: 242716250; UID 10129; state: ENABLED
02-18 01:38:48.429  1000  1483  5169 D CompatibilityChangeReporter: Compat change id reported: 170503758; UID 10129; state: ENABLED
02-18 01:38:48.431 10129  5504  5504 D ApplicationLoaders: Returning zygote-cached class loader: /system/framework/android.test.base.jar
02-18 01:38:48.434 10129  5504  5504 D nativeloader: Configuring clns-4 for other apk /system/framework/android.test.mock.jar. target_sdk_version=34, uses_libraries=ALL, library_path=/data/app/~~lQDTA9mESwlqWHgrZX8NxQ==/android.display.cts-OM0VZ46Pi_XJ0YQYO9HLgA==/lib/arm64:/data/app/~~lQDTA9mESwlqWHgrZX8NxQ==/android.display.cts-OM0VZ46Pi_XJ0YQYO9HLgA==/base.apk!/lib/arm64-v8a, permitted_path=/data:/mnt/expand:/data/user/0/android.display.cts
02-18 01:38:48.438 10129  5504  5504 D nativeloader: Configuring clns-5 for other apk /system/framework/android.test.runner.jar. target_sdk_version=34, uses_libraries=ALL, library_path=/data/app/~~lQDTA9mESwlqWHgrZX8NxQ==/android.display.cts-OM0VZ46Pi_XJ0YQYO9HLgA==/lib/arm64:/data/app/~~lQDTA9mESwlqWHgrZX8NxQ==/android.display.cts-OM0VZ46Pi_XJ0YQYO9HLgA==/base.apk!/lib/arm64-v8a, permitted_path=/data:/mnt/expand:/data/user/0/android.display.cts
02-18 01:38:48.440 10129  5504  5504 D ApplicationLoaders: Returning zygote-cached class loader: /system/framework/android.test.base.jar
02-18 01:38:48.442 10129  5504  5504 D nativeloader: Configuring clns-6 for other apk /data/app/~~lQDTA9mESwlqWHgrZX8NxQ==/android.display.cts-OM0VZ46Pi_XJ0YQYO9HLgA==/base.apk. target_sdk_version=34, uses_libraries=, library_path=/data/app/~~lQDTA9mESwlqWHgrZX8NxQ==/android.display.cts-OM0VZ46Pi_XJ0YQYO9HLgA==/lib/arm64:/data/app/~~lQDTA9mESwlqWHgrZX8NxQ==/android.display.cts-OM0VZ46Pi_XJ0YQYO9HLgA==/base.apk!/lib/arm64-v8a, permitted_path=/data:/mnt/expand:/data/user/0/android.display.cts
02-18 01:38:48.446 10129  5504  5504 V GraphicsEnvironment: Currently set values for:
02-18 01:38:48.446 10129  5504  5504 V GraphicsEnvironment:   angle_gl_driver_selection_pkgs=[]
02-18 01:38:48.446 10129  5504  5504 V GraphicsEnvironment:   angle_gl_driver_selection_values=[]
02-18 01:38:48.446 10129  5504  5504 V GraphicsEnvironment: Global.Settings values are invalid: number of packages: 0, number of values: 0
02-18 01:38:48.446 10129  5504  5504 V GraphicsEnvironment: Neither updatable production driver nor prerelease driver is supported.
02-18 01:38:48.451 10129  5504  5504 I MonitoringInstr: newApplication called!
02-18 01:38:48.451 10129  5504  5504 I MonitoringInstr: Instrumentation started!
02-18 01:38:48.452 10129  5504  5504 D AndroidJUnitRunner: Use the raw file system for managing file I/O.
02-18 01:38:48.455 10129  5504  5504 I AndroidJUnitRunner: onCreate Bundle[{testFile=/data/local/tmp/ajur/includes.txt, log=true, debug=false, timeout_msec=300000, newRunListenerMode=true, notAnnotation=android.platform.test.annotations.AsbSecurityTest,com.android.compatibility.common.util.CtsDownstreamingTest,android.platform.test.annotations.AppModeFull}]
02-18 01:38:48.455 10129  5504  5504 V TestEventClient: No service name argument was given (testDiscoveryService, testRunEventService or orchestratorService)
02-18 01:38:48.456 10129  5504  5521 D AndroidJUnitRunner: onStart is called.
02-18 01:38:48.456  1000  1483  5169 I am_uid_active: 10129
02-18 01:38:48.459 10129  5504  5504 I MonitoringInstr: No JSBridge.
02-18 01:38:48.462  1000  1483  5169 D CompatibilityChangeReporter: Compat change id reported: 161145287; UID 10129; state: ENABLED
02-18 01:38:48.463 10129  5504  5521 I InstrConnection: Could not send broadcast or register receiver (isolatedProcess?)
02-18 01:38:48.466 10129  5504  5521 D TestRequestBuilder: Skipping class path scanning and directly running [android.display.cts.DisplayTest]
02-18 01:38:48.478 10129  5504  5521 D TestExecutor: Adding listener androidx.test.internal.runner.listener.InstrumentationResultPrinter
02-18 01:38:48.491  1000  1483  5169 I ActivityManager: Force stopping android.display.cts appid=10129 user=0: finished inst
02-18 01:38:48.491  1000  1483  5169 E ActivityManager: Unable to freeze binder for 5504: -11
02-18 01:38:48.492  1000  1483  5169 I am_uid_stopped: 10129
02-18 01:38:48.492  1000  1483  1716 D DisplayManagerService: Drop pending events for gone uid 10129
02-18 01:38:48.493  1000  1483  5169 I ActivityManager: Killing 5504:android.display.cts/u0a129 (adj 0): stop android.display.cts due to finished inst
02-18 01:38:48.493  1000  1483  5169 I am_kill : [0,5504,android.display.cts,0,stop android.display.cts due to finished inst,111472]
02-18 01:38:48.493 shell  5489  5489 I app_process: System.exit called, status: 0
02-18 01:38:48.493 shell  5489  5489 I AndroidRuntime: VM exiting with result code 0.
02-18 01:38:48.523  1000  5169  5169 I binder  : 1483:5169 ioctl 400c620e 7290e7c38c returned -11
02-18 01:38:48.523  1000  5169  5169 I binder  : 1483:5169 ioctl 400c620e 7290e7c38c returned -11
02-18 01:38:48.550  1000  1483  5169 V ActivityManager: Got obituary of 5504:android.display.cts
02-18 01:38:48.550  1000  1483  1738 I libprocessgroup: Removed cgroup /sys/fs/cgroup/uid_10129/pid_5504
02-18 01:38:48.581  root   121   121 I binder  : undelivered TRANSACTION_COMPLETE
02-18 01:38:48.581  root   121   121 I binder  : undelivered transaction 169970, process died.
02-18 01:38:48.551  root   867   867 I Zygote  : Process 5504 exited due to signal 9 (Killed)
02-18 01:38:48.647 shell  5525  5525 D AndroidRuntime: >>>>>> START com.android.internal.os.RuntimeInit uid 2000 <<<<<<
02-18 01:38:48.651 shell  5525  5525 I AndroidRuntime: Using default boot image
02-18 01:38:48.651 shell  5525  5525 I AndroidRuntime: Leaving lock profiling enabled
02-18 01:38:48.653 shell  5525  5525 I app_process: Core platform API reporting enabled, enforcing=false
02-18 01:38:48.654 shell  5525  5525 I app_process: Using CollectorTypeCMC GC.
02-18 01:38:48.718 shell  5525  5525 D nativeloader: InitDefaultPublicLibraries for_preload=1: libandroid.so:libaaudio.so:libamidi.so:libbinder_ndk.so:libc.so:libcamera2ndk.so:libdl.so:libEGL.so:libGLESv1_CM.so:libGLESv2.so:libGLESv3.so:libicu.so:libicui18n.so:libicuuc.so:libjnigraphics.so:liblog.so:libmediandk.so:libm.so:libnativehelper.so:libnativewindow.so:libOpenMAXAL.so:libOpenSLES.so:libRS.so:libstdc++.so:libsync.so:libvulkan.so:libwebviewchromium_plat_support.so:libz.so
02-18 01:38:48.725 shell  5525  5525 D nativeloader: Load libicu_jni.so using APEX ns com_android_art for caller /apex/com.android.art/javalib/core-oj.jar: ok
02-18 01:38:48.725 shell  5525  5525 D app_process: Time zone APEX ICU file found: /apex/com.android.tzdata/etc/icu/icu_tzdata.dat
02-18 01:38:48.725 shell  5525  5525 D app_process: I18n APEX ICU file found: /apex/com.android.i18n/etc/icu/icudt72l.dat
02-18 01:38:48.726 shell  5525  5525 D nativeloader: Load libjavacore.so using APEX ns com_android_art for caller /apex/com.android.art/javalib/core-oj.jar: ok
02-18 01:38:48.727 shell  5525  5525 D nativeloader: Load libopenjdk.so using APEX ns com_android_art for caller /apex/com.android.art/javalib/core-oj.jar: ok
02-18 01:38:48.753 shell  5525  5525 D nativeloader: Load libframework-connectivity-tiramisu-jni.so using APEX ns com_android_tethering for caller /apex/com.android.tethering/javalib/framework-connectivity-t.jar: ok
02-18 01:38:48.753 shell  5525  5525 D AndroidRuntime: Calling main entry com.android.commands.am.Am
02-18 01:38:48.756 shell  5525  5525 D UiAutomationConnection: Created on user UserHandle{0}
02-18 01:38:48.757  1000  1483  5169 I ActivityManager: Force stopping android.display.cts appid=10129 user=0: start instr
02-18 01:38:48.758  1000  1483  5169 D GrammaticalInflection: The flag must be enabled to allow calling the API.
02-18 01:38:48.758  1000  1483  5169 I am_uid_running: 10129
02-18 01:38:48.758  1000  1483  5169 D CompatibilityChangeReporter: Compat change id reported: 135634846; UID 10129; state: DISABLED
02-18 01:38:48.758  1000  1483  5169 D CompatibilityChangeReporter: Compat change id reported: 177438394; UID 10129; state: DISABLED
02-18 01:38:48.758  1000  1483  5169 D CompatibilityChangeReporter: Compat change id reported: 135772972; UID 10129; state: DISABLED
02-18 01:38:48.758  1000  1483  5169 D CompatibilityChangeReporter: Compat change id reported: 135754954; UID 10129; state: ENABLED
02-18 01:38:48.759  1000  1483  1735 D CompatibilityChangeReporter: Compat change id reported: 143937733; UID 10129; state: ENABLED
02-18 01:38:48.771  root   867   867 D Zygote  : Forked child process 5540
02-18 01:38:48.771  1000  1483  1735 I am_proc_start: [0,5540,10129,android.display.cts,added application,android.display.cts]
02-18 01:38:48.771  1000  1483  1735 I ActivityManager: Start proc 5540:android.display.cts/u0a129 for added application android.display.cts
02-18 01:38:48.786 10129  5540  5540 I oid.display.cts: Using CollectorTypeCMC GC.
02-18 01:38:48.790 10129  5540  5540 E oid.display.cts: Not starting debugger since process cannot load the jdwp agent.
02-18 01:38:48.792 10129  5540  5540 D nativeloader: Load libframework-connectivity-tiramisu-jni.so using APEX ns com_android_tethering for caller /apex/com.android.tethering/javalib/framework-connectivity-t.jar: ok
02-18 01:38:48.795  1000  1483  5169 I am_proc_bound: [0,5540,android.display.cts]
02-18 01:38:48.798 10129  5540  5540 D CompatibilityChangeReporter: Compat change id reported: 171979766; UID 10129; state: ENABLED
02-18 01:38:48.798 10129  5540  5540 D CompatibilityChangeReporter: Compat change id reported: 242716250; UID 10129; state: ENABLED
02-18 01:38:48.801 10129  5540  5540 D ApplicationLoaders: Returning zygote-cached class loader: /system/framework/android.test.base.jar
02-18 01:38:48.804 10129  5540  5540 D nativeloader: Configuring clns-4 for other apk /system/framework/android.test.mock.jar. target_sdk_version=34, uses_libraries=ALL, library_path=/data/app/~~lQDTA9mESwlqWHgrZX8NxQ==/android.display.cts-OM0VZ46Pi_XJ0YQYO9HLgA==/lib/arm64:/data/app/~~lQDTA9mESwlqWHgrZX8NxQ==/android.display.cts-OM0VZ46Pi_XJ0YQYO9HLgA==/base.apk!/lib/arm64-v8a, permitted_path=/data:/mnt/expand:/data/user/0/android.display.cts
02-18 01:38:48.807 10129  5540  5540 D nativeloader: Configuring clns-5 for other apk /system/framework/android.test.runner.jar. target_sdk_version=34, uses_libraries=ALL, library_path=/data/app/~~lQDTA9mESwlqWHgrZX8NxQ==/android.display.cts-OM0VZ46Pi_XJ0YQYO9HLgA==/lib/arm64:/data/app/~~lQDTA9mESwlqWHgrZX8NxQ==/android.display.cts-OM0VZ46Pi_XJ0YQYO9HLgA==/base.apk!/lib/arm64-v8a, permitted_path=/data:/mnt/expand:/data/user/0/android.display.cts
02-18 01:38:48.809 10129  5540  5540 D ApplicationLoaders: Returning zygote-cached class loader: /system/framework/android.test.base.jar
02-18 01:38:48.810 10129  5540  5540 D nativeloader: Configuring clns-6 for other apk /data/app/~~lQDTA9mESwlqWHgrZX8NxQ==/android.display.cts-OM0VZ46Pi_XJ0YQYO9HLgA==/base.apk. target_sdk_version=34, uses_libraries=, library_path=/data/app/~~lQDTA9mESwlqWHgrZX8NxQ==/android.display.cts-OM0VZ46Pi_XJ0YQYO9HLgA==/lib/arm64:/data/app/~~lQDTA9mESwlqWHgrZX8NxQ==/android.display.cts-OM0VZ46Pi_XJ0YQYO9HLgA==/base.apk!/lib/arm64-v8a, permitted_path=/data:/mnt/expand:/data/user/0/android.display.cts
02-18 01:38:48.814 10129  5540  5540 V GraphicsEnvironment: Currently set values for:
02-18 01:38:48.815 10129  5540  5540 V GraphicsEnvironment:   angle_gl_driver_selection_pkgs=[]
