02-18 01:39:20.768 shell  6219  6219 D nativeloader: Load libopenjdk.so using APEX ns com_android_art for caller /apex/com.android.art/javalib/core-oj.jar: ok
02-18 01:39:20.769  1000  6221  6221 I securedpud.slider: starting securedpud
02-18 01:39:20.769  1000  6221  6221 I securedpud.slider: trusty dev: /dev/trusty-ipc-dev0
02-18 01:39:20.769  1000  6221  6221 I DMABUFHEAPS: Using DMA-BUF heap named: tui-secure
02-18 01:39:20.769  1000  6221  6221 E libtrusty: tipc_connect: can't connect to tipc service "com.android.trusty.secure_dpu" (err=107)
02-18 01:39:20.769  1000  6221  6221 E securedpud.slider: Failed to connect to: /dev/trusty-ipc-dev0
02-18 01:39:20.804  root     1     1 I init    : ... started service 'trusty_metricsd' has pid 6222
02-18 01:39:20.804  root     1     1 I init    : Service 'securedpud.slider' (pid 6221) exited with status 1
02-18 01:39:20.804  root     1     1 I init    : Sending signal 9 to service 'securedpud.slider' (pid 6221) process group...
02-18 01:39:20.805  root     1     1 I libprocessgroup: Removed cgroup /sys/fs/cgroup/uid_1000/pid_6221
02-18 01:39:20.805  root     1     1 E init    : process with updatable components 'securedpud.slider' exited 4 times in 4 minutes
02-18 01:39:20.806  root     1     1 I init    : processing action (sys.init.updatable_crashing=1) from (/system/etc/init/flags_health_check.rc:10)
02-18 01:39:20.807  root     1     1 I init    : starting service 'exec 53 (/system/bin/flags_health_check UPDATABLE_CRASHING)'...
02-18 01:39:20.812  root     1     1 I init    : ... started service 'exec 53 (/system/bin/flags_health_check UPDATABLE_CRASHING)' has pid 6234
02-18 01:39:20.812  root     1     1 I init    : SVC_EXEC service 'exec 53 (/system/bin/flags_health_check UPDATABLE_CRASHING)' pid 6234 (uid 1000 gid 1000+0 context default) started; waiting...
02-18 01:39:20.792 shell  6219  6219 D nativeloader: Load libframework-connectivity-tiramisu-jni.so using APEX ns com_android_tethering for caller /apex/com.android.tethering/javalib/framework-connectivity-t.jar: ok
02-18 01:39:20.792 shell  6219  6219 D AndroidRuntime: Calling main entry com.android.commands.am.Am
02-18 01:39:20.795 shell  6219  6219 D UiAutomationConnection: Created on user UserHandle{0}
02-18 01:39:20.796  1000  1483  3796 I ActivityManager: Force stopping android.display.cts appid=10131 user=0: start instr
02-18 01:39:20.796  1000  1483  3796 D GrammaticalInflection: The flag must be enabled to allow calling the API.
02-18 01:39:20.797  1000  1483  3796 I am_uid_running: 10131
02-18 01:39:20.797  1000  6234  6234 I flags_health_check: ServerConfigurableFlagsReset reset_mode value: 1
02-18 01:39:20.797  1000  1483  3796 D CompatibilityChangeReporter: Compat change id reported: 135634846; UID 10131; state: DISABLED
02-18 01:39:20.797  1000  6234  6234 I flags_health_check: ServerConfigurableFlagsReset updatable crashing detected, resetting flags.
02-18 01:39:20.797  1000  1483  3796 D CompatibilityChangeReporter: Compat change id reported: 177438394; UID 10131; state: DISABLED
02-18 01:39:20.797  1000  1483  3796 D CompatibilityChangeReporter: Compat change id reported: 135772972; UID 10131; state: DISABLED
02-18 01:39:20.797  1000  1483  3796 D CompatibilityChangeReporter: Compat change id reported: 135754954; UID 10131; state: ENABLED
02-18 01:39:20.798  1000  1483  1735 D CompatibilityChangeReporter: Compat change id reported: 143937733; UID 10131; state: ENABLED
02-18 01:39:20.799  1000  1483  1865 D CompatibilityChangeReporter: Compat change id reported: 265195908; UID 10131; state: ENABLED
02-18 01:39:20.800  1000  6222  6222 I trusty_metricsd: starting trusty_metricsd
02-18 01:39:20.800  1000  6222  6222 I trusty_metricsd: trusty dev: /dev/trusty-ipc-dev0
02-18 01:39:20.801  1000  6222  6222 E libtrusty: tipc_connect: can't connect to tipc service "com.android.frameworks.stats.trusty.metrics.istats_setter" (err=107)
02-18 01:39:20.801  1000  6222  6222 E RpcTrusty: Failed to connect to Trusty service. Error code: -107
02-18 01:39:20.801  1000  6222  6222 E RpcTrusty: Failed to set up Trusty client. Error: BAD_VALUE
02-18 01:39:20.801  1000  6222  6222 E trusty_metricsd: failed to connect TrustyMetricsPixel to Trusty: failed to connect to Trusty metrics TA: Transport endpoint is not connected
02-18 01:39:20.801  1000  6222  6222 W RefBase : RefBase: Explicit destruction, weak count = 0 (in 0xb400007f1985c0f8). Use sp<> to manage this object.
02-18 01:39:20.801  1000  6222  6222 W RefBase : CallStack::getCurrentInternal not linked, returning null
02-18 01:39:20.801  1000  6222  6222 W RefBase : CallStack::logStackInternal not linked
02-18 01:39:20.801  1000  6222  6222 E trusty_metricsd: failed to open Trusty metrics client
02-18 01:39:20.801  1000  6222  6222 E trusty_metricsd: trying to connect to Trusty metrics TA at old TIPC port
02-18 01:39:20.803  1000  6222  6222 E libtrusty: tipc_connect: can't connect to tipc service "com.android.trusty.metrics" (err=107)
02-18 01:39:20.803  1000  6222  6222 E trusty_metricsd: failed to open TrustyMetricsPixelTipc: failed to connect to Trusty metrics TA: Transport endpoint is not connected
02-18 01:39:20.803  1000  6222  6222 E trusty_metricsd: failed to open Trusty metrics client
02-18 01:39:20.836  root     1     1 I init    : Service 'trusty_metricsd' (pid 6222) exited with status 1
02-18 01:39:20.836  root     1     1 I init    : Sending signal 9 to service 'trusty_metricsd' (pid 6222) process group...
02-18 01:39:20.837  root     1     1 I libprocessgroup: Removed cgroup /sys/fs/cgroup/uid_1000/pid_6222
02-18 01:39:20.837  root     1     1 E init    : process with updatable components 'trusty_metricsd' exited 4 times in 4 minutes
02-18 01:39:20.839  root     1     1 I init    : Service 'exec 53 (/system/bin/flags_health_check UPDATABLE_CRASHING)' (pid 6234) exited with status 0 waiting took 0.028000 seconds
02-18 01:39:20.839  root     1     1 I init    : Sending signal 9 to service 'exec 53 (/system/bin/flags_health_check UPDATABLE_CRASHING)' (pid 6234) process group...
02-18 01:39:20.839  root     1     1 I libprocessgroup: Removed cgroup /sys/fs/cgroup/uid_1000/pid_6234
02-18 01:39:20.840  root     1     1 I init    : processing action (sys.init.updatable_crashing=1) from (/system/etc/init/flags_health_check.rc:10)
02-18 01:39:20.840  root     1     1 I init    : starting service 'exec 54 (/system/bin/flags_health_check UPDATABLE_CRASHING)'...
02-18 01:39:20.804  root   867   867 D Zygote  : Forked child process 6237
02-18 01:39:20.805  1000  1483  1735 I am_proc_start: [0,6237,10131,android.display.cts,added application,android.display.cts]
02-18 01:39:20.805  1000  1483  1735 I ActivityManager: Start proc 6237:android.display.cts/u0a131 for added application android.display.cts
02-18 01:39:20.811 10131  6237  6237 I oid.display.cts: Using CollectorTypeCMC GC.
02-18 01:39:20.814 10131  6237  6237 E oid.display.cts: Not starting debugger since process cannot load the jdwp agent.
02-18 01:39:20.845  root     1     1 I init    : ... started service 'exec 54 (/system/bin/flags_health_check UPDATABLE_CRASHING)' has pid 6238
02-18 01:39:20.845  root     1     1 I init    : SVC_EXEC service 'exec 54 (/system/bin/flags_health_check UPDATABLE_CRASHING)' pid 6238 (uid 1000 gid 1000+0 context default) started; waiting...
02-18 01:39:20.816 10131  6237  6237 D nativeloader: Load libframework-connectivity-tiramisu-jni.so using APEX ns com_android_tethering for caller /apex/com.android.tethering/javalib/framework-connectivity-t.jar: ok
02-18 01:39:20.819  1000  6238  6238 I flags_health_check: ServerConfigurableFlagsReset reset_mode value: 1
02-18 01:39:20.819  1000  6238  6238 I flags_health_check: ServerConfigurableFlagsReset updatable crashing detected, resetting flags.
02-18 01:39:20.819  1000  1483  1552 I am_proc_bound: [0,6237,android.display.cts]
02-18 01:39:20.822 10131  6237  6237 D CompatibilityChangeReporter: Compat change id reported: 171979766; UID 10131; state: ENABLED
02-18 01:39:20.822 10131  6237  6237 D CompatibilityChangeReporter: Compat change id reported: 242716250; UID 10131; state: ENABLED
02-18 01:39:20.853  root     1     1 I init    : Service 'exec 54 (/system/bin/flags_health_check UPDATABLE_CRASHING)' (pid 6238) exited with status 0 waiting took 0.009000 seconds
02-18 01:39:20.853  root     1     1 I init    : Sending signal 9 to service 'exec 54 (/system/bin/flags_health_check UPDATABLE_CRASHING)' (pid 6238) process group...
02-18 01:39:20.853  root     1     1 I libprocessgroup: Removed cgroup /sys/fs/cgroup/uid_1000/pid_6238
02-18 01:39:20.823  1000  1483  3796 D CompatibilityChangeReporter: Compat change id reported: 170503758; UID 10131; state: ENABLED
02-18 01:39:20.825 10131  6237  6237 D ApplicationLoaders: Returning zygote-cached class loader: /system/framework/android.test.base.jar
02-18 01:39:20.826 10131  6237  6237 D nativeloader: Configuring clns-4 for other apk /system/framework/android.test.mock.jar. target_sdk_version=34, uses_libraries=ALL, library_path=/data/app/~~nYzHRJ7zhDyRQOK_nOEKbA==/android.display.cts-Ye4yMl718T4Pn2uGNGgx6g==/lib/arm64:/data/app/~~nYzHRJ7zhDyRQOK_nOEKbA==/android.display.cts-Ye4yMl718T4Pn2uGNGgx6g==/base.apk!/lib/arm64-v8a, permitted_path=/data:/mnt/expand:/data/user/0/android.display.cts
02-18 01:39:20.829 10131  6237  6237 D nativeloader: Configuring clns-5 for other apk /system/framework/android.test.runner.jar. target_sdk_version=34, uses_libraries=ALL, library_path=/data/app/~~nYzHRJ7zhDyRQOK_nOEKbA==/android.display.cts-Ye4yMl718T4Pn2uGNGgx6g==/lib/arm64:/data/app/~~nYzHRJ7zhDyRQOK_nOEKbA==/android.display.cts-Ye4yMl718T4Pn2uGNGgx6g==/base.apk!/lib/arm64-v8a, permitted_path=/data:/mnt/expand:/data/user/0/android.display.cts
02-18 01:39:20.831 10131  6237  6237 D ApplicationLoaders: Returning zygote-cached class loader: /system/framework/android.test.base.jar
02-18 01:39:20.833 10131  6237  6237 D nativeloader: Configuring clns-6 for other apk /data/app/~~nYzHRJ7zhDyRQOK_nOEKbA==/android.display.cts-Ye4yMl718T4Pn2uGNGgx6g==/base.apk. target_sdk_version=34, uses_libraries=, library_path=/data/app/~~nYzHRJ7zhDyRQOK_nOEKbA==/android.display.cts-Ye4yMl718T4Pn2uGNGgx6g==/lib/arm64:/data/app/~~nYzHRJ7zhDyRQOK_nOEKbA==/android.display.cts-Ye4yMl718T4Pn2uGNGgx6g==/base.apk!/lib/arm64-v8a, permitted_path=/data:/mnt/expand:/data/user/0/android.display.cts
02-18 01:39:20.837 10131  6237  6237 V GraphicsEnvironment: Currently set values for:
02-18 01:39:20.837 10131  6237  6237 V GraphicsEnvironment:   angle_gl_driver_selection_pkgs=[]
02-18 01:39:20.837 10131  6237  6237 V GraphicsEnvironment:   angle_gl_driver_selection_values=[]
02-18 01:39:20.837 10131  6237  6237 V GraphicsEnvironment: Global.Settings values are invalid: number of packages: 0, number of values: 0
02-18 01:39:20.837 10131  6237  6237 V GraphicsEnvironment: Neither updatable production driver nor prerelease driver is supported.
02-18 01:39:20.840 10131  6237  6237 I MonitoringInstr: newApplication called!
02-18 01:39:20.841 10131  6237  6237 I MonitoringInstr: Instrumentation started!
02-18 01:39:20.841 10131  6237  6237 D AndroidJUnitRunner: Use the test storage service for managing file I/O.
02-18 01:39:20.844  1000  1483  1553 D GrammaticalInflection: The flag must be enabled to allow calling the API.
02-18 01:39:20.844  1000  1483  1553 I am_uid_running: 10133
02-18 01:39:20.844  1000  1483  1553 D CompatibilityChangeReporter: Compat change id reported: 135634846; UID 10133; state: DISABLED
02-18 01:39:20.844  1000  1483  1553 D CompatibilityChangeReporter: Compat change id reported: 177438394; UID 10133; state: DISABLED
02-18 01:39:20.844  1000  1483  1553 D CompatibilityChangeReporter: Compat change id reported: 135772972; UID 10133; state: DISABLED
02-18 01:39:20.844  1000  1483  1553 D CompatibilityChangeReporter: Compat change id reported: 135754954; UID 10133; state: ENABLED
02-18 01:39:20.845  1000  1483  1735 D CompatibilityChangeReporter: Compat change id reported: 143937733; UID 10133; state: ENABLED
02-18 01:39:20.853  root   867   867 D Zygote  : Forked child process 6254
02-18 01:39:20.853  1000  1483  1735 I am_proc_start: [0,6254,10133,androidx.test.services,content provider,{androidx.test.services/androidx.test.services.storage.provider.TestDataContentProvider}]
02-18 01:39:20.853  1000  1483  1735 I ActivityManager: Start proc 6254:androidx.test.services/u0a133 for content provider {androidx.test.services/androidx.test.services.storage.provider.TestDataContentProvider}
02-18 01:39:20.866 10133  6254  6254 I x.test.services: Late-enabling -Xcheck:jni
02-18 01:39:20.892 10133  6254  6254 I x.test.services: Using CollectorTypeCMC GC.
02-18 01:39:20.896 shell  1035  1072 I adbd    : jdwp connection from 6254
02-18 01:39:20.901 10133  6254  6254 D nativeloader: Load libframework-connectivity-tiramisu-jni.so using APEX ns com_android_tethering for caller /apex/com.android.tethering/javalib/framework-connectivity-t.jar: ok
02-18 01:39:20.907  1000  1483  1553 I am_proc_bound: [0,6254,androidx.test.services]
02-18 01:39:20.909  1000  1483  1865 D CompatibilityChangeReporter: Compat change id reported: 265195908; UID 10133; state: ENABLED
02-18 01:39:20.916 10133  6254  6254 D CompatibilityChangeReporter: Compat change id reported: 171979766; UID 10133; state: DISABLED
02-18 01:39:20.916 10133  6254  6254 D CompatibilityChangeReporter: Compat change id reported: 242716250; UID 10133; state: DISABLED
02-18 01:39:20.919  1000  1483  1553 D CompatibilityChangeReporter: Compat change id reported: 170503758; UID 10133; state: DISABLED
02-18 01:39:20.922 10133  6254  6254 W ziparchive: Unable to open '/data/app/~~OqXpHyBb4HvbhhZieuvfQg==/androidx.test.services-je0V3rvSFYAtrCmG8YQL3g==/base.dm': No such file or directory
02-18 01:39:20.922 10133  6254  6254 W ziparchive: Unable to open '/data/app/~~OqXpHyBb4HvbhhZieuvfQg==/androidx.test.services-je0V3rvSFYAtrCmG8YQL3g==/base.dm': No such file or directory
02-18 01:39:20.948 10133  6254  6254 D nativeloader: Configuring clns-4 for other apk /data/app/~~OqXpHyBb4HvbhhZieuvfQg==/androidx.test.services-je0V3rvSFYAtrCmG8YQL3g==/base.apk. target_sdk_version=30, uses_libraries=, library_path=/data/app/~~OqXpHyBb4HvbhhZieuvfQg==/androidx.test.services-je0V3rvSFYAtrCmG8YQL3g==/lib/arm64, permitted_path=/data:/mnt/expand:/data/user/0/androidx.test.services
02-18 01:39:20.957 10133  6254  6254 V GraphicsEnvironment: Currently set values for:
02-18 01:39:20.957 10133  6254  6254 V GraphicsEnvironment:   angle_gl_driver_selection_pkgs=[]
02-18 01:39:20.957 10133  6254  6254 V GraphicsEnvironment:   angle_gl_driver_selection_values=[]
02-18 01:39:20.957 10133  6254  6254 V GraphicsEnvironment: Global.Settings values are invalid: number of packages: 0, number of values: 0
02-18 01:39:20.957 10133  6254  6254 V GraphicsEnvironment: Neither updatable production driver nor prerelease driver is supported.
02-18 01:39:20.961 10133  6254  6254 I MultiDex: VM with version 2.1.0 has multidex support
02-18 01:39:20.962 10133  6254  6254 I MultiDex: Installing application
02-18 01:39:20.962 10133  6254  6254 I MultiDex: VM has multidex support, MultiDex support library is disabled.
02-18 01:39:20.963 10133  6254  6254 D CompatibilityChangeReporter: Compat change id reported: 183155436; UID 10133; state: DISABLED
02-18 01:39:20.976 10133  6254  6268 I AbstractFileContentProvider: file '/storage/emulated/0/googletest/test_runfiles/data/local/tmp/ajur/includes.txt': found
02-18 01:39:20.981  1000  1483  1553 D CompatibilityChangeReporter: Compat change id reported: 149924527; UID 10133; state: ENABLED
02-18 01:39:20.981  1000  1483  1553 D CompatibilityChangeReporter: Compat change id reported: 132649864; UID 10133; state: DISABLED
02-18 01:39:20.987 10133  6254  6268 I AbstractFileContentProvider: file '/storage/emulated/0/googletest/test_runfiles/data/local/tmp/ajur/excludes.txt': found
02-18 01:39:20.989 10131  6237  6237 I AndroidJUnitRunner: onCreate Bundle[{testFile=/data/local/tmp/ajur/includes.txt, notTestFile=/data/local/tmp/ajur/excludes.txt, log=true, debug=false, timeout_msec=300000, useTestStorageService=true, newRunListenerMode=true, notAnnotation=com.android.compatibility.common.util.CtsDownstreamingTest,android.platform.test.annotations.AsbSecurityTest,android.platform.test.annotations.AppModeInstant}]
02-18 01:39:20.989 10131  6237  6237 V TestEventClient: No service name argument was given (testDiscoveryService, testRunEventService or orchestratorService)
02-18 01:39:20.990 10131  6237  6270 D AndroidJUnitRunner: onStart is called.
02-18 01:39:20.990  1000  1483  1553 I am_uid_active: 10131
02-18 01:39:20.990  1000  1483  1553 I am_uid_active: 10133
02-18 01:39:20.993 10131  6237  6237 I MonitoringInstr: No JSBridge.
02-18 01:39:20.996  1000  1483  1553 D CompatibilityChangeReporter: Compat change id reported: 161145287; UID 10131; state: ENABLED
02-18 01:39:20.997 10131  6237  6270 I InstrConnection: Could not send broadcast or register receiver (isolatedProcess?)
02-18 01:39:20.999 10131  6237  6270 D TestRequestBuilder: Skipping class path scanning and directly running [android.display.cts.DisplayTest]
02-18 01:39:21.006 10133  6254  6268 I AbstractFileContentProvider: file '/storage/emulated/0/googletest/test_runfiles/data/local/tmp/ajur/includes.txt': found
02-18 01:39:21.013 10133  6254  6268 I AbstractFileContentProvider: file '/storage/emulated/0/googletest/test_runfiles/data/local/tmp/ajur/excludes.txt': found
02-18 01:39:21.025 10131  6237  6270 D TestExecutor: Adding listener androidx.test.internal.runner.listener.InstrumentationResultPrinter
02-18 01:39:21.036  1000  1483  1553 I ActivityManager: Force stopping android.display.cts appid=10131 user=0: finished inst
02-18 01:39:21.037  1000  1483  1553 E ActivityManager: Unable to freeze binder for 6237: -11
02-18 01:39:21.037  1000  1483  1553 I am_uid_stopped: 10131
02-18 01:39:21.068  1000  1553  1553 I binder  : 1483:1553 ioctl 400c620e 7325e7838c returned -11
02-18 01:39:21.068  1000  1553  1553 I binder  : 1483:1553 ioctl 400c620e 7325e7838c returned -11
02-18 01:39:21.038  1000  1483  1553 I ActivityManager: Killing 6237:android.display.cts/u0a131 (adj 0): stop android.display.cts due to finished inst
02-18 01:39:21.038  1000  1483  1716 D DisplayManagerService: Drop pending events for gone uid 10131
02-18 01:39:21.038  1000  1483  1553 I am_kill : [0,6237,android.display.cts,0,stop android.display.cts due to finished inst,112832]
02-18 01:39:21.038 shell  6219  6219 I app_process: System.exit called, status: 0
02-18 01:39:21.038 shell  6219  6219 I AndroidRuntime: VM exiting with result code 0.
02-18 01:39:21.087  root   123   123 I binder  : undelivered TRANSACTION_COMPLETE
02-18 01:39:21.087  root   123   123 I binder  : undelivered transaction 194470, process died.
02-18 01:39:21.055  1000  1483  1552 V ActivityManager: Got obituary of 6237:android.display.cts
02-18 01:39:21.056  root   867   867 I Zygote  : Process 6237 exited due to signal 9 (Killed)
02-18 01:39:21.067  1000  1483  1738 I libprocessgroup: Removed cgroup /sys/fs/cgroup/uid_10131/pid_6237
02-18 01:39:21.193 shell  6275  6275 D AndroidRuntime: >>>>>> START com.android.internal.os.RuntimeInit uid 2000 <<<<<<
02-18 01:39:21.198 shell  6275  6275 I AndroidRuntime: Using default boot image
02-18 01:39:21.198 shell  6275  6275 I AndroidRuntime: Leaving lock profiling enabled
02-18 01:39:21.200 shell  6275  6275 I app_process: Core platform API reporting enabled, enforcing=false
02-18 01:39:21.201 shell  6275  6275 I app_process: Using CollectorTypeCMC GC.
02-18 01:39:21.270 shell  6275  6275 D nativeloader: InitDefaultPublicLibraries for_preload=1: libandroid.so:libaaudio.so:libamidi.so:libbinder_ndk.so:libc.so:libcamera2ndk.so:libdl.so:libEGL.so:libGLESv1_CM.so:libGLESv2.so:libGLESv3.so:libicu.so:libicui18n.so:libicuuc.so:libjnigraphics.so:liblog.so:libmediandk.so:libm.so:libnativehelper.so:libnativewindow.so:libOpenMAXAL.so:libOpenSLES.so:libRS.so:libstdc++.so:libsync.so:libvulkan.so:libwebviewchromium_plat_support.so:libz.so
02-18 01:39:21.285 shell  6275  6275 D nativeloader: Load libicu_jni.so using APEX ns com_android_art for caller /apex/com.android.art/javalib/core-oj.jar: ok
02-18 01:39:21.285 shell  6275  6275 D app_process: Time zone APEX ICU file found: /apex/com.android.tzdata/etc/icu/icu_tzdata.dat
02-18 01:39:21.285 shell  6275  6275 D app_process: I18n APEX ICU file found: /apex/com.android.i18n/etc/icu/icudt72l.dat
02-18 01:39:21.287 shell  6275  6275 D nativeloader: Load libjavacore.so using APEX ns com_android_art for caller /apex/com.android.art/javalib/core-oj.jar: ok
02-18 01:39:21.287 shell  6275  6275 D nativeloader: Load libopenjdk.so using APEX ns com_android_art for caller /apex/com.android.art/javalib/core-oj.jar: ok
02-18 01:39:21.310 shell  6275  6275 D nativeloader: Load libframework-connectivity-tiramisu-jni.so using APEX ns com_android_tethering for caller /apex/com.android.tethering/javalib/framework-connectivity-t.jar: ok
02-18 01:39:21.310 shell  6275  6275 D AndroidRuntime: Calling main entry com.android.commands.am.Am
02-18 01:39:21.313 shell  6275  6275 D UiAutomationConnection: Created on user UserHandle{0}
02-18 01:39:21.314  1000  1483  1553 I ActivityManager: Force stopping android.display.cts appid=10131 user=0: start instr
02-18 01:39:21.315  1000  1483  1553 D GrammaticalInflection: The flag must be enabled to allow calling the API.
02-18 01:39:21.315  1000  1483  1553 I am_uid_running: 10131
02-18 01:39:21.316  1000  1483  1553 D CompatibilityChangeReporter: Compat change id reported: 135634846; UID 10131; state: DISABLED
02-18 01:39:21.316  1000  1483  1553 D CompatibilityChangeReporter: Compat change id reported: 177438394; UID 10131; state: DISABLED
02-18 01:39:21.316  1000  1483  1553 D CompatibilityChangeReporter: Compat change id reported: 135772972; UID 10131; state: DISABLED
02-18 01:39:21.316  1000  1483  1553 D CompatibilityChangeReporter: Compat change id reported: 135754954; UID 10131; state: ENABLED
02-18 01:39:21.316  1000  1483  1735 D CompatibilityChangeReporter: Compat change id reported: 143937733; UID 10131; state: ENABLED
02-18 01:39:21.323  root   867   867 D Zygote  : Forked child process 6290
02-18 01:39:21.323  1000  1483  1735 I am_proc_start: [0,6290,10131,android.display.cts,added application,android.display.cts]
02-18 01:39:21.323  1000  1483  1735 I ActivityManager: Start proc 6290:android.display.cts/u0a131 for added application android.display.cts
02-18 01:39:21.339 10131  6290  6290 I oid.display.cts: Using CollectorTypeCMC GC.
02-18 01:39:21.345 10131  6290  6290 E oid.display.cts: Not starting debugger since process cannot load the jdwp agent.
02-18 01:39:21.348 10131  6290  6290 D nativeloader: Load libframework-connectivity-tiramisu-jni.so using APEX ns com_android_tethering for caller /apex/com.android.tethering/javalib/framework-connectivity-t.jar: ok
02-18 01:39:21.354  1000  1483  1553 I am_proc_bound: [0,6290,android.display.cts]
02-18 01:39:21.356 10131  6290  6290 D CompatibilityChangeReporter: Compat change id reported: 171979766; UID 10131; state: ENABLED
02-18 01:39:21.356 10131  6290  6290 D CompatibilityChangeReporter: Compat change id reported: 242716250; UID 10131; state: ENABLED
02-18 01:39:21.359 10131  6290  6290 D ApplicationLoaders: Returning zygote-cached class loader: /system/framework/android.test.base.jar
02-18 01:39:21.361 10131  6290  6290 D nativeloader: Configuring clns-4 for other apk /system/framework/android.test.mock.jar. target_sdk_version=34, uses_libraries=ALL, library_path=/data/app/~~nYzHRJ7zhDyRQOK_nOEKbA==/android.display.cts-Ye4yMl718T4Pn2uGNGgx6g==/lib/arm64:/data/app/~~nYzHRJ7zhDyRQOK_nOEKbA==/android.display.cts-Ye4yMl718T4Pn2uGNGgx6g==/base.apk!/lib/arm64-v8a, permitted_path=/data:/mnt/expand:/data/user/0/android.display.cts
02-18 01:39:21.364 10131  6290  6290 D nativeloader: Configuring clns-5 for other apk /system/framework/android.test.runner.jar. target_sdk_version=34, uses_libraries=ALL, library_path=/data/app/~~nYzHRJ7zhDyRQOK_nOEKbA==/android.display.cts-Ye4yMl718T4Pn2uGNGgx6g==/lib/arm64:/data/app/~~nYzHRJ7zhDyRQOK_nOEKbA==/android.display.cts-Ye4yMl718T4Pn2uGNGgx6g==/base.apk!/lib/arm64-v8a, permitted_path=/data:/mnt/expand:/data/user/0/android.display.cts
02-18 01:39:21.365 10131  6290  6290 D ApplicationLoaders: Returning zygote-cached class loader: /system/framework/android.test.base.jar
02-18 01:39:21.367 10131  6290  6290 D nativeloader: Configuring clns-6 for other apk /data/app/~~nYzHRJ7zhDyRQOK_nOEKbA==/android.display.cts-Ye4yMl718T4Pn2uGNGgx6g==/base.apk. target_sdk_version=34, uses_libraries=, library_path=/data/app/~~nYzHRJ7zhDyRQOK_nOEKbA==/android.display.cts-Ye4yMl718T4Pn2uGNGgx6g==/lib/arm64:/data/app/~~nYzHRJ7zhDyRQOK_nOEKbA==/android.display.cts-Ye4yMl718T4Pn2uGNGgx6g==/base.apk!/lib/arm64-v8a, permitted_path=/data:/mnt/expand:/data/user/0/android.display.cts
02-18 01:39:21.371 10131  6290  6290 V GraphicsEnvironment: Currently set values for:
02-18 01:39:21.371 10131  6290  6290 V GraphicsEnvironment:   angle_gl_driver_selection_pkgs=[]
02-18 01:39:21.371 10131  6290  6290 V GraphicsEnvironment:   angle_gl_driver_selection_values=[]
02-18 01:39:21.371 10131  6290  6290 V GraphicsEnvironment: Global.Settings values are invalid: number of packages: 0, number of values: 0
02-18 01:39:21.371 10131  6290  6290 V GraphicsEnvironment: Neither updatable production driver nor prerelease driver is supported.
02-18 01:39:21.375 10131  6290  6290 I MonitoringInstr: newApplication called!
02-18 01:39:21.375 10131  6290  6290 I MonitoringInstr: Instrumentation started!
02-18 01:39:21.375 10131  6290  6290 D AndroidJUnitRunner: Use the test storage service for managing file I/O.
02-18 01:39:21.382 10133  6254  6274 I AbstractFileContentProvider: file '/storage/emulated/0/googletest/test_runfiles/data/local/tmp/ajur/includes.txt': found
02-18 01:39:21.387 10133  6254  6274 I AbstractFileContentProvider: file '/storage/emulated/0/googletest/test_runfiles/data/local/tmp/ajur/excludes.txt': found
02-18 01:39:21.389 10131  6290  6290 I AndroidJUnitRunner: onCreate Bundle[{testFile=/data/local/tmp/ajur/includes.txt, notTestFile=/data/local/tmp/ajur/excludes.txt, log=false, debug=false, timeout_msec=300000, useTestStorageService=true, newRunListenerMode=true, notAnnotation=com.android.compatibility.common.util.CtsDownstreamingTest,android.platform.test.annotations.AsbSecurityTest,android.platform.test.annotations.AppModeInstant}]
02-18 01:39:21.390 10131  6290  6290 V TestEventClient: No service name argument was given (testDiscoveryService, testRunEventService or orchestratorService)
02-18 01:39:21.390 10131  6290  6306 D AndroidJUnitRunner: onStart is called.
02-18 01:39:21.390  1000  1483  1553 I am_uid_active: 10131
02-18 01:39:21.391 10131  6290  6290 I MonitoringInstr: No JSBridge.
02-18 01:39:21.394 10131  6290  6306 I InstrConnection: Could not send broadcast or register receiver (isolatedProcess?)
02-18 01:39:21.395 10131  6290  6306 D TestRequestBuilder: Skipping class path scanning and directly running [android.display.cts.DisplayTest]
02-18 01:39:21.398 10133  6254  6274 I AbstractFileContentProvider: file '/storage/emulated/0/googletest/test_runfiles/data/local/tmp/ajur/includes.txt': found
02-18 01:39:21.405 10133  6254  6274 I AbstractFileContentProvider: file '/storage/emulated/0/googletest/test_runfiles/data/local/tmp/ajur/excludes.txt': found
02-18 01:39:21.418 10131  6290  6306 D TestExecutor: Adding listener androidx.test.internal.runner.listener.LogRunListener
02-18 01:39:21.418 10131  6290  6306 D TestExecutor: Adding listener androidx.test.internal.runner.listener.InstrumentationResultPrinter
02-18 01:39:21.418 10131  6290  6306 D TestExecutor: Adding listener androidx.test.internal.runner.listener.ActivityFinisherRunListener
02-18 01:39:21.418 10131  6290  6306 D TestExecutor: Adding listener androidx.test.internal.runner.listener.TraceRunListener
02-18 01:39:21.424 10131  6290  6306 I TestRunner: run started: 1 tests
02-18 01:39:21.425 10131  6290  6306 I TestRunner: started: testSetUserDisabledHdrTypesStoresDisabledFormatsInSettings(android.display.cts.DisplayTest)
02-18 01:39:21.429 10131  6290  6306 I UiAutomation: Initialized for user 0 on display 0
02-18 01:39:21.431  1000  1483  1553 D AccessibilityManagerService: changeCurrentUserForTestAutomationIfNeededLocked(0): ignoring because device doesn't support visible background users
02-18 01:39:21.431  1000  1483  1553 I UiAutomationManager: Registering UiTestAutomationService (id=com.android.server.accessibility/UiAutomation) when called by user 0
02-18 01:39:21.433  1000  1483  1553 W MagnificationConnectionManager: requestConnection duplicated request: connect=false, mConnectionState=DISCONNECTED
02-18 01:39:21.434  1000  1483  1483 D BatterySaverPolicy: accessibility changed to true, updating policy.
02-18 01:39:21.437 10131  6290  6308 V UiAutomation: Init UiAutomation@2dda7d1[id=8, displayId=0, flags=0]
02-18 01:39:21.442  1000  1483  3796 W ActivityTaskManager: Background activity start for android.display.cts allowed because SYSTEM_ALERT_WINDOW permission is granted.
02-18 01:39:21.442  1000  1483  3796 D CompatibilityChangeReporter: Compat change id reported: 265464455; UID 10131; state: DISABLED
02-18 01:39:21.442  1000  1483  3796 D CompatibilityChangeReporter: Compat change id reported: 310816437; UID 10131; state: DISABLED
02-18 01:39:21.442  1000  1483  3796 D CompatibilityChangeReporter: Compat change id reported: 265452344; UID 10131; state: DISABLED
02-18 01:39:21.442  1000  1483  3796 D CompatibilityChangeReporter: Compat change id reported: 266124927; UID 10131; state: DISABLED
02-18 01:39:21.443  1000  1483  3796 D CompatibilityChangeReporter: Compat change id reported: 265451093; UID 10131; state: DISABLED
02-18 01:39:21.443  1000  1483  3796 D CompatibilityChangeReporter: Compat change id reported: 265456536; UID 10131; state: DISABLED
02-18 01:39:21.443  1000  1483  3796 D CompatibilityChangeReporter: Compat change id reported: 255940284; UID 10131; state: DISABLED
02-18 01:39:21.443  1000  1483  3796 D CompatibilityChangeReporter: Compat change id reported: 236283604; UID 10131; state: DISABLED
02-18 01:39:21.443  1000  1483  3796 D CompatibilityChangeReporter: Compat change id reported: 263959004; UID 10131; state: DISABLED
02-18 01:39:21.443  1000  1483  3796 D CompatibilityChangeReporter: Compat change id reported: 264304459; UID 10131; state: DISABLED
02-18 01:39:21.443  1000  1483  3796 D CompatibilityChangeReporter: Compat change id reported: 264301586; UID 10131; state: DISABLED
02-18 01:39:21.443  1000  1483  3796 D CompatibilityChangeReporter: Compat change id reported: 254631730; UID 10131; state: DISABLED
02-18 01:39:21.443  1000  1483  3796 D CompatibilityChangeReporter: Compat change id reported: 273509367; UID 10131; state: DISABLED
02-18 01:39:21.443  1000  1483  3796 D CompatibilityChangeReporter: Compat change id reported: 263259275; UID 10131; state: DISABLED
02-18 01:39:21.443  1000  1483  3796 D CompatibilityChangeReporter: Compat change id reported: 174042980; UID 10131; state: DISABLED
02-18 01:39:21.443  1000  1483  3796 D CompatibilityChangeReporter: Compat change id reported: 174042936; UID 10131; state: DISABLED
02-18 01:39:21.444  1000  1483  3796 D CompatibilityChangeReporter: Compat change id reported: 181136395; UID 10131; state: DISABLED
02-18 01:39:21.445  1000  1483  3796 D CompatibilityChangeReporter: Compat change id reported: 194480991; UID 10131; state: ENABLED
02-18 01:39:21.445  1000  1483  3796 I wm_task_created: 10
02-18 01:39:21.446  1000  1483  3796 D CompatibilityChangeReporter: Compat change id reported: 184838306; UID 10131; state: DISABLED
02-18 01:39:21.446  1000  1483  3796 D CompatibilityChangeReporter: Compat change id reported: 185004937; UID 10131; state: DISABLED
02-18 01:39:21.447  1000  1483  3796 D CompatibilityChangeReporter: Compat change id reported: 197654537; UID 10131; state: ENABLED
02-18 01:39:21.447  1000  1483  3796 I wm_task_moved: [10,10,0,1,2]
02-18 01:39:21.447  1000  1483  3796 I wm_task_to_front: [0,10,0]
02-18 01:39:21.447  1000  1483  3796 I wm_create_task: [0,10,10,0]
02-18 01:39:21.447  1000  1483  3796 I wm_create_activity: [0,72943018,10,android.display.cts/.ScreenOnActivity,android.intent.action.MAIN,NULL,NULL,335544320]
02-18 01:39:21.447  1000  1483  3796 I wm_task_moved: [10,10,0,1,2]
02-18 01:39:21.447  1000  1483  3796 V SplashScreenExceptionList: SplashScreen checking exception for package android.display.cts (target sdk:34) -> false
02-18 01:39:21.447  1000  1483  3796 D CompatibilityChangeReporter: Compat change id reported: 205907456; UID 10131; state: ENABLED
02-18 01:39:21.448  1000  1483  3796 I wm_pause_activity: [0,129864166,com.android.launcher3/.uioverrides.QuickstepLauncher,userLeaving=true,pauseBackTasks]
02-18 01:39:21.449  1000  1483  3796 I ActivityTaskManager: START u0 {act=android.intent.action.MAIN flg=0x14000000 cmp=android.display.cts/.ScreenOnActivity} with LAUNCH_MULTIPLE from uid 10131 (BAL_ALLOW_SAW_PERMISSION) result code=0
02-18 01:39:21.449 10094  2875  2915 V WindowManagerShell: Transition requested (#12): android.os.BinderProxy@aaa180 TransitionRequestInfo { type = OPEN, triggerTask = TaskInfo{userId=0 taskId=10 displayId=0 isRunning=true baseIntent=Intent { act=android.intent.action.MAIN flg=0x14000000 cmp=android.display.cts/.ScreenOnActivity } baseActivity=ComponentInfo{android.display.cts/android.display.cts.ScreenOnActivity} topActivity=ComponentInfo{android.display.cts/android.display.cts.ScreenOnActivity} origActivity=null realActivity=ComponentInfo{android.display.cts/android.display.cts.ScreenOnActivity} numActivities=1 lastActiveTime=104629 supportsMultiWindow=true resizeMode=1 isResizeable=true minWidth=-1 minHeight=-1 defaultMinSize=220 token=WCT{android.window.IWindowContainerToken$Stub$Proxy@edbf3b9} topActivityType=1 pictureInPictureParams=null shouldDockBigOverlays=false launchIntoPipHostTaskId=-1 lastParentTaskIdBeforePip=-1 displayCutoutSafeInsets=Rect(0, 136 - 0, 0) topActivityInfo=ActivityInfo{1ff53fe android.display.cts.ScreenOnActivity} launchCookies=[] positionInParent=Point(0, 0) parentTaskId=-1 isFocused=false isVisible=false isVisibleRequested=false isSleeping=false locusId=null displayAreaFeatureId=1 isTopActivityTransparent=false appCompatTaskInfo=AppCompatTaskInfo { topActivityInSizeCompat=false topActivityEligibleForLetterboxEducation= false isLetterboxDoubleTapEnabled= false topActivityEligibleForUserAspectRatioButton= false topActivityBoundsLetterboxed= false isFromLetterboxDoubleTap= false topActivityLetterboxVerticalPosition= -1 topActivityLetterboxHorizontalPosition= -1 topActivityLetterboxWidth=1080 topActivityLetterboxHeight=2400 isUserFullscreenOverrideEnabled=false isSystemFullscreenOverrideEnabled=false cameraCompatControlState=hidden}}, pipTask = null, remoteTransition = null, displayChange = null, flags = 0, debugId = 12 }
02-18 01:39:21.449 10090  3150  3150 I wm_on_top_resumed_lost_called: [129864166,com.android.launcher3.uioverrides.QuickstepLauncher,topStateChangedWhenResumed]
02-18 01:39:21.450 10090  3150  3150 W SplitSelectStateCtor: Missing session instanceIds
02-18 01:39:21.450 10090  3150  3150 D StatsLog: LAUNCHER_SPLIT_SELECTION_EXIT_INTERRUPTED
02-18 01:39:21.450 10090  3150  3150 I wm_on_paused_called: [129864166,com.android.launcher3.uioverrides.QuickstepLauncher,performPause,0]
02-18 01:39:21.451 10094  2875  2915 D WindowManagerShell: setLauncherKeepClearAreaHeight: visible=false, height=294
02-18 01:39:21.451  1000  1483  5609 I wm_add_to_stopping: [0,129864166,com.android.launcher3/.uioverrides.QuickstepLauncher,makeInvisible]
02-18 01:39:21.451  1000  1483  5609 I wm_restart_activity: [0,72943018,10,android.display.cts/.ScreenOnActivity]
02-18 01:39:21.452  1000  1483  5609 I wm_set_resumed_activity: [0,android.display.cts/.ScreenOnActivity,minimalResumeActivityLocked - onActivityStateChanged]
02-18 01:39:21.453  1000  1483  1715 I sysui_multi_action: [757,803,799,window_time_0,802,31]
02-18 01:39:21.453  1000  1483  1719 I input_focus: [Requesting to set focus to null window,reason=UpdateInputWindows]
02-18 01:39:21.453 10094  2875  2921 D SplashScreenView: Build android.window.SplashScreenView{e7b60f1 V.E...... ......ID 0,0-0,0}
02-18 01:39:21.453 10094  2875  2921 D SplashScreenView: Icon: view: null drawable: null size: 0
02-18 01:39:21.453 10094  2875  2921 D SplashScreenView: Branding: view: android.view.View{d77e4d6 G.ED..... ......I. 0,0-0,0 #1020505 android:id/splashscreen_branding_view} drawable: null size w: 0 h: 0
02-18 01:39:21.459 10131  6290  6311 D vulkan  : searching for layers in '/data/app/~~nYzHRJ7zhDyRQOK_nOEKbA==/android.display.cts-Ye4yMl718T4Pn2uGNGgx6g==/base.apk!/lib/arm64-v8a'
02-18 01:39:21.461 10131  6290  6290 D LifecycleMonitor: Lifecycle status change: android.display.cts.ScreenOnActivity@28b720e in: PRE_ON_CREATE
02-18 01:39:21.461 10131  6290  6290 I wm_on_create_called: [72943018,android.display.cts.ScreenOnActivity,performCreate,0]
02-18 01:39:21.463 10131  6290  6290 D CompatibilityChangeReporter: Compat change id reported: 279646685; UID 10131; state: DISABLED
02-18 01:39:21.465  1000   552   552 I BpBinder: onLastStrongRef automatically unlinking death recipients: 
02-18 01:39:21.466  1000  1483  2931 D CoreBackPreview: Window{2b0d468 u0 Splash Screen android.display.cts}: Setting back callback OnBackInvokedCallbackInfo{mCallback=android.window.IOnBackInvokedCallback$Stub$Proxy@9ad0db2, mPriority=0, mIsAnimationCallback=false}
02-18 01:39:21.468 10131  6290  6290 D LifecycleMonitor: Lifecycle status change: android.display.cts.ScreenOnActivity@28b720e in: CREATED
02-18 01:39:21.468 10131  6290  6290 D LifecycleMonitor: Lifecycle status change: android.display.cts.ScreenOnActivity@28b720e in: STARTED
02-18 01:39:21.468 10131  6290  6290 I wm_on_start_called: [72943018,android.display.cts.ScreenOnActivity,handleStartActivity,0]
02-18 01:39:21.469 10131  6290  6290 D CompatibilityChangeReporter: Compat change id reported: 210923482; UID 10131; state: ENABLED
02-18 01:39:21.469 10131  6290  6290 D CompatibilityChangeReporter: Compat change id reported: 63938206; UID 10131; state: DISABLED
02-18 01:39:21.469 10094  2875  2920 I viewroot_draw_event: [VRI[cts],reportDrawFinished seqId=0]
02-18 01:39:21.471  1000  1483  1887 I input_focus: [Focus leaving 2bc8e0f com.android.launcher3/com.android.launcher3.uioverrides.QuickstepLauncher (server),reason=NO_WINDOW]
02-18 01:39:21.471 10131  6290  6290 D LifecycleMonitor: Lifecycle status change: android.display.cts.ScreenOnActivity@28b720e in: RESUMED
02-18 01:39:21.472 10131  6290  6290 I wm_on_resume_called: [72943018,android.display.cts.ScreenOnActivity,RESUME_ACTIVITY,0]
02-18 01:39:21.472  1000  1483  1715 V WindowManager: Sent Transition (#12) createdAt=02-18 01:39:21.445 via request=TransitionRequestInfo { type = OPEN, triggerTask = TaskInfo{userId=0 taskId=10 displayId=0 isRunning=true baseIntent=Intent { act=android.intent.action.MAIN flg=0x14000000 cmp=android.display.cts/.ScreenOnActivity } baseActivity=ComponentInfo{android.display.cts/android.display.cts.ScreenOnActivity} topActivity=ComponentInfo{android.display.cts/android.display.cts.ScreenOnActivity} origActivity=null realActivity=ComponentInfo{android.display.cts/android.display.cts.ScreenOnActivity} numActivities=1 lastActiveTime=104629 supportsMultiWindow=true resizeMode=1 isResizeable=true minWidth=-1 minHeight=-1 defaultMinSize=220 token=WCT{RemoteToken{6595d75 Task{819d276 #10 type=standard A=10131:android.display.cts}}} topActivityType=1 pictureInPictureParams=null shouldDockBigOverlays=false launchIntoPipHostTaskId=-1 lastParentTaskIdBeforePip=-1 displayCutoutSafeInsets=Rect(0, 136 - 0, 0) topActivityInfo=ActivityInfo{e200111 android.display.cts.ScreenOnActivity} launchCookies=[] positionInParent=Point(0, 0) parentTaskId=-1 isFocused=false isVisible=false isVisibleRequested=false isSleeping=false locusId=null displayAreaFeatureId=1 isTopActivityTransparent=false appCompatTaskInfo=AppCompatTaskInfo { topActivityInSizeCompat=false topActivityEligibleForLetterboxEducation= false isLetterboxDoubleTapEnabled= false topActivityEligibleForUserAspectRatioButton= false topActivityBoundsLetterboxed= false isFromLetterboxDoubleTap= false topActivityLetterboxVerticalPosition= -1 topActivityLetterboxHorizontalPosition= -1 topActivityLetterboxWidth=1080 topActivityLetterboxHeight=2400 isUserFullscreenOverrideEnabled=false isSystemFullscreenOverrideEnabled=false cameraCompatControlState=hidden}}, pipTask = null, remoteTransition = null, displayChange = null, flags = 0, debugId = 12 }
02-18 01:39:21.472  1000  1483  1715 V WindowManager:     startWCT=WindowContainerTransaction { changes = {} hops = [] errorCallbackToken=null taskFragmentOrganizer=null }
02-18 01:39:21.472  1000  1483  1715 V WindowManager:     info={id=12 t=OPEN f=0x0 trk=0 r=[0@Point(0, 0)] c=[
02-18 01:39:21.472  1000  1483  1715 V WindowManager:         {WCT{RemoteToken{6595d75 Task{819d276 #10 type=standard A=10131:android.display.cts}}} m=OPEN f=NONE leash=Surface(name=Task=10)/@0xab2ea5f sb=Rect(0, 0 - 1080, 2400) eb=Rect(0, 0 - 1080, 2400) d=0},
02-18 01:39:21.472  1000  1483  1715 V WindowManager:         {WCT{RemoteToken{f999a56 Task{ccb3971 #1 type=undefined}}} m=TO_BACK f=SHOW_WALLPAPER leash=Surface(name=Task=1)/@0x9658177 sb=Rect(0, 0 - 1080, 2400) eb=Rect(0, 0 - 1080, 2400) d=0}
02-18 01:39:21.472  1000  1483  1715 V WindowManager:     ]}
02-18 01:39:21.473 10094  2875  2915 V WindowManagerShell: onTransitionReady (#12) android.os.BinderProxy@aaa180: {id=12 t=OPEN f=0x0 trk=0 r=[0@Point(0, 0)] c=[{WCT{android.window.IWindowContainerToken$Stub$Proxy@8c3886b} m=OPEN f=NONE leash=Surface(name=Task=10)/@0xd7281dc sb=Rect(0, 0 - 1080, 2400) eb=Rect(0, 0 - 1080, 2400) d=0},{WCT{android.window.IWindowContainerToken$Stub$Proxy@c93dfc8} m=TO_BACK f=SHOW_WALLPAPER leash=Surface(name=Task=1)/@0x97a82e5 sb=Rect(0, 0 - 1080, 2400) eb=Rect(0, 0 - 1080, 2400) d=0}]}
02-18 01:39:21.473 10094  2875  2915 V WindowManagerShell: Playing animation for (#12) android.os.BinderProxy@aaa180@0
02-18 01:39:21.473 10094  2875  2915 V WindowManagerShell:  try handler com.android.wm.shell.transition.DefaultMixedHandler@c39af70
02-18 01:39:21.473 10094  2875  2915 V WindowManagerShell:  try handler com.android.wm.shell.keyguard.KeyguardTransitionHandler@8a402e9
02-18 01:39:21.473 10094  2875  2915 V WindowManagerShell:  try handler com.android.wm.shell.pip.PipTransition@fee6b6e
02-18 01:39:21.473 10094  2875  2915 V WindowManagerShell:  try handler com.android.wm.shell.activityembedding.ActivityEmbeddingController@253720f
02-18 01:39:21.473 10094  2875  2915 V WindowManagerShell:  try handler com.android.wm.shell.recents.RecentsTransitionHandler@e2529c
02-18 01:39:21.473 10094  2875  2915 V ShellRecents: RecentsTransitionHandler.startAnimation: no controller found
02-18 01:39:21.473 10094  2875  2915 V WindowManagerShell:  try handler com.android.wm.shell.splitscreen.StageCoordinator@1339f98
02-18 01:39:21.473 10094  2875  2915 V WindowManagerShell:  try handler com.android.wm.shell.transition.RemoteTransitionHandler@630e4a5
02-18 01:39:21.473 10094  2875  2915 V WindowManagerShell: Transition doesn't have explicit remote, search filters for match for {id=12 t=OPEN f=0x0 trk=0 r=[0@Point(0, 0)] c=[{WCT{android.window.IWindowContainerToken$Stub$Proxy@8c3886b} m=OPEN f=NONE leash=Surface(name=Task=10)/@0xd7281dc sb=Rect(0, 0 - 1080, 2400) eb=Rect(0, 0 - 1080, 2400) d=0},{WCT{android.window.IWindowContainerToken$Stub$Proxy@c93dfc8} m=TO_BACK f=SHOW_WALLPAPER leash=Surface(name=Task=1)/@0x97a82e5 sb=Rect(0, 0 - 1080, 2400) eb=Rect(0, 0 - 1080, 2400) d=0}]}
02-18 01:39:21.473 10094  2875  2915 V WindowManagerShell:  Checking filter Pair{{types=[] flags=0x0] notFlags=0x100 checks=[{atype=home independent=true modes=[OPEN,TO_FRONT] flags=NONE mustBeTask=false order=TOP topActivity=ComponentInfo{com.android.launcher3/com.android.launcher3.uioverrides.QuickstepLauncher}},{atype=standard independent=true modes=[CLOSE,TO_BACK] flags=NONE mustBeTask=false order=ANY topActivity=null}]} RemoteTransition { remoteTransition = android.window.IRemoteTransition$Stub$Proxy@3b6ba32, appThread = android.app.IApplicationThread$Stub$Proxy@634b383, debugName = QuickstepLaunchHome }}
02-18 01:39:21.473 10094  2875  2915 V WindowManagerShell:  Delegate animation for (#12) to null
02-18 01:39:21.473 10094  2875  2915 V WindowManagerShell:  try handler com.android.wm.shell.transition.DefaultTransitionHandler@519d07a
02-18 01:39:21.473 10094  2875  2915 V WindowManagerShell: start default transition animation, info = {id=12 t=OPEN f=0x0 trk=0 r=[0@Point(0, 0)] c=[{WCT{android.window.IWindowContainerToken$Stub$Proxy@8c3886b} m=OPEN f=NONE leash=Surface(name=Task=10)/@0xd7281dc sb=Rect(0, 0 - 1080, 2400) eb=Rect(0, 0 - 1080, 2400) d=0},{WCT{android.window.IWindowContainerToken$Stub$Proxy@c93dfc8} m=TO_BACK f=SHOW_WALLPAPER leash=Surface(name=Task=1)/@0x97a82e5 sb=Rect(0, 0 - 1080, 2400) eb=Rect(0, 0 - 1080, 2400) d=0}]}
02-18 01:39:21.473 10094  2875  2915 V WindowManagerShell: loadAnimation: anim=android.view.animation.AnimationSet@5d56861 animAttr=0x13 type=OPEN isEntrance=false
02-18 01:39:21.473 10131  6290  6290 D CompatibilityChangeReporter: Compat change id reported: 237531167; UID 10131; state: DISABLED
02-18 01:39:21.473 10094  2875  2915 V WindowManagerShell: loadAnimation: anim=android.view.animation.AnimationSet@db12f86 animAttr=0x12 type=OPEN isEntrance=true
02-18 01:39:21.473 10094  2875  2915 V WindowManagerShell:  animated by com.android.wm.shell.transition.DefaultTransitionHandler@519d07a
02-18 01:39:21.474  1000  1483  1552 W UserManagerService: Requested status bar icon for non-badged user 0
02-18 01:39:21.478 10131  6290  6290 I wm_on_top_resumed_gained_called: [72943018,android.display.cts.ScreenOnActivity,topStateChangedWhenResumed]
02-18 01:39:21.482  1000  1483  2931 D CoreBackPreview: Window{7f22544 u0 android.display.cts/android.display.cts.ScreenOnActivity}: Setting back callback OnBackInvokedCallbackInfo{mCallback=android.window.IOnBackInvokedCallback$Stub$Proxy@58e51b0, mPriority=0, mIsAnimationCallback=false}
02-18 01:39:21.486  1000  1483  1719 I input_focus: [Focus request 7f22544 android.display.cts/android.display.cts.ScreenOnActivity,reason=UpdateInputWindows]
02-18 01:39:21.487  1000   552  3266 W ServiceManagerCppClient: Permission failure: android.permission.ROTATE_SURFACE_FLINGER from uid=10131 pid=0
02-18 01:39:21.487  1000   552   678 W ServiceManagerCppClient: Permission failure: android.permission.ROTATE_SURFACE_FLINGER from uid=10131 pid=6290
02-18 01:39:21.487  1000   552   678 D PermissionCache: checking android.permission.ROTATE_SURFACE_FLINGER for uid=10131 => denied (169 us)
02-18 01:39:21.487  1000   552  3266 D PermissionCache: checking android.permission.ROTATE_SURFACE_FLINGER for uid=10131 => denied (246 us)
02-18 01:39:21.487  1000   552   678 W ServiceManagerCppClient: Permission failure: android.permission.INTERNAL_SYSTEM_WINDOW from uid=10131 pid=6290
02-18 01:39:21.487  1000   552   678 D PermissionCache: checking android.permission.INTERNAL_SYSTEM_WINDOW for uid=10131 => denied (148 us)
02-18 01:39:21.487  1000   552  3266 W ServiceManagerCppClient: Permission failure: android.permission.INTERNAL_SYSTEM_WINDOW from uid=10131 pid=0
02-18 01:39:21.487  1000   552  3266 D PermissionCache: checking android.permission.INTERNAL_SYSTEM_WINDOW for uid=10131 => denied (188 us)
02-18 01:39:21.487  1000   552   678 D PermissionCache: checking android.permission.ACCESS_SURFACE_FLINGER for uid=10131 => granted (127 us)
02-18 01:39:21.487  1000   552  3266 D PermissionCache: checking android.permission.ACCESS_SURFACE_FLINGER for uid=10131 => granted (135 us)
02-18 01:39:21.521  1000   478   478 I servicemanager: Found android.hardware.graphics.allocator.IAllocator/default in device VINTF manifest.
02-18 01:39:21.491  1000   479   479 I hwservicemanager: getTransport: Cannot find entry android.hardware.graphics.allocator@4.0::IAllocator/default in either framework or device VINTF manifest.
02-18 01:39:21.492  1000   553  3304 W gralloc4: Unable to set buffer name VRI[ScreenOnActivity]#0(BLAST Consumer)0: File name too long
02-18 01:39:21.493  1000   553  3304 W gralloc4: Unable to set buffer name VRI[ScreenOnActivity]#0(BLAST Consumer)0: File name too long
02-18 01:39:21.495  1000   553  3304 W gralloc4: Unable to set buffer name VRI[ScreenOnActivity]#0(BLAST Consumer)0: File name too long
02-18 01:39:21.523  1000   478   478 I servicemanager: Found android.hardware.graphics.allocator.IAllocator/default in device VINTF manifest.
02-18 01:39:21.495  1000   553  3304 W gralloc4: Unable to set buffer name VRI[ScreenOnActivity]#0(BLAST Consumer)0: File name too long
02-18 01:39:21.510 10131  6290  6290 I viewroot_draw_event: [VRI[ScreenOnActivity],reportDrawFinished seqId=0]
02-18 01:39:21.511  1000  1483  1552 W ServiceManagerCppClient: Permission failure: android.permission.ROTATE_SURFACE_FLINGER from uid=10131 pid=0
02-18 01:39:21.511  1000  1483  1552 D PermissionCache: checking android.permission.ROTATE_SURFACE_FLINGER for uid=10131 => denied (149 us)
02-18 01:39:21.511  1000  1483  1552 W ServiceManagerCppClient: Permission failure: android.permission.INTERNAL_SYSTEM_WINDOW from uid=10131 pid=0
02-18 01:39:21.511  1000  1483  1552 D PermissionCache: checking android.permission.INTERNAL_SYSTEM_WINDOW for uid=10131 => denied (45 us)
02-18 01:39:21.511  1000  1483  1552 D PermissionCache: checking android.permission.ACCESS_SURFACE_FLINGER for uid=10131 => granted (26 us)
02-18 01:39:21.513 10094  2875  2917 I jank_cuj_events_begin_request: [39,1771349961512966000,104693598683,104693598845,]
