02-18 01:38:50.163   nfc  3543  3543 I RegisteredServicesCache: New Other Services => 
02-18 01:38:50.163   nfc  3543  3543 I RegisteredServicesCache: Removed Other Services => 
02-18 01:38:50.167  1000  1483  2797 I commit_sys_config_file: [net-policy,1]
02-18 01:38:50.167 10123  2882  2882 D PersistedStoragePackageUninstalledReceiver: Received android.intent.action.PACKAGE_FULLY_REMOVED for android.display.cts for u0
02-18 01:38:50.169  1000  1483  1547 W system_server: ApkAssets: Deleting an ApkAssets object '<empty> and /data/app/~~lQDTA9mESwlqWHgrZX8NxQ==/android.display.cts-OM0VZ46Pi_XJ0YQYO9HLgA==/base.apk' with 1 weak references
02-18 01:38:50.169  1000  1483  1547 W system_server: ApkAssets: Deleting an ApkAssets object '<empty> and /product/app/LatinIME/LatinIME.apk' with 1 weak references
02-18 01:38:50.170  1000  1483  1547 W system_server: ApkAssets: Deleting an ApkAssets object '<empty> and /system_ext/app/AccessibilityMenu/AccessibilityMenu.apk' with 1 weak references
02-18 01:38:50.170  1000  1483  1547 W system_server: ApkAssets: Deleting an ApkAssets object '<empty> and /system/priv-app/InputDevices/InputDevices.apk' with 1 weak references
02-18 01:38:50.171   nfc  3543  3543 I RegisteredServicesCache: New Services => 
02-18 01:38:50.171   nfc  3543  3543 I RegisteredServicesCache: Removed Services => 
02-18 01:38:50.171  1000  1483  2795 W BestClock: java.time.DateTimeException: Missing network time fix
02-18 01:38:50.173  1000  1483  2799 W WifiService: Couldn't get PackageInfo for package:android.app.stubs
02-18 01:38:50.173  1000  1483  2799 D WifiService: Remove settings for package:android.app.stubs
02-18 01:38:50.173  1000  1483  2799 D WifiConfigManager: Remove all networks for app ApplicationInfo{e1d94ef android.app.stubs}
02-18 01:38:50.173  1000  1483  2799 V WifiScanRequestProxy: Clearing scan request timestamps for uid=10130, packageName=android.app.stubs
02-18 01:38:50.173 10090  3150  3150 D LauncherAppsCallbackImpl: package removed received android.app.stubs
02-18 01:38:50.173 10090  3150  3204 D PackageUpdatedTask: Removing app icon: android.app.stubs
02-18 01:38:50.174  1000  1483  1867 I RollbackManager: broadcast=ACTION_PACKAGE_FULLY_REMOVED pkg=android.app.stubs
02-18 01:38:50.175 10090  3150  3204 D PackageUpdatedTask: mAllAppsList.removePackage android.app.stubs
02-18 01:38:50.175 10090  3150  3204 D ModelWriter: removing items from db . Reason: [removed because the corresponding package or component is removed. mOp=3 removedPackages=[android.app.stubs] removedComponents=[]]
02-18 01:38:50.175 10090  3150  3150 D StatsLog: LAUNCHER_ALLAPPS_COUNT
02-18 01:38:50.175  1000  1483  1888 I InputReader: Reconfiguring input devices, changes=KEYBOARD_LAYOUTS
02-18 01:38:50.176  1000  1483  2838 I commit_sys_config_file: [session_index,2]
02-18 01:38:50.178  1068  3040  3068 D SecureElementService: getReaders() for com.android.nfc
02-18 01:38:50.178  1000  1483  2838 I commit_sys_config_file: [blobs_index,1]
02-18 01:38:50.178  root   866   896 I netd    : tetherGetStats() -> {[]} <0.65ms>
02-18 01:38:50.179  1068  3040  3068 I SecureElement-AccessControlEnforcer: getAccessRule() appCert = 27196e386b875e76adf700e7ea84e4c6eee33dfa
02-18 01:38:50.179  1068  3040  3068 I SecureElement-AccessControlEnforcer: getAccessRule() appCert = c8a2e9bccf597c2fb6dc66bee293fc13f2fc47ec77bc6b2b0d52c11f51192ab8
02-18 01:38:50.179  1068  3040  3068 I SecureElement-AccessRuleCache: findAccessRule() not found
02-18 01:38:50.179  1000  1483  2799 D WifiConfigStore: Writing to stores completed in 6 ms.
02-18 01:38:50.179  1000  1483  2795 W BestClock: java.time.DateTimeException: Missing network time fix
02-18 01:38:50.179  1000  1483  2795 I netstats_mobile_sample: [0,0,0,0,0,0,0,0,1771349930179]
02-18 01:38:50.179  1000  1483  2799 I PasspointManager: No app ops listener found for android.app.stubs
02-18 01:38:50.179  1000  1483  2795 I netstats_wifi_sample: [0,0,0,0,0,0,0,0,1771349930179]
02-18 01:38:50.179  1068  3040  3068 I SecureElement-AccessControlEnforcer: getAccessRule() appCert = 27196e386b875e76adf700e7ea84e4c6eee33dfa
02-18 01:38:50.179  1000  1483  2799 W WifiService: Couldn't get PackageInfo for package:android.app.stubs
02-18 01:38:50.179  1000  1483  2799 D WifiService: Remove settings for package:android.app.stubs
02-18 01:38:50.179  1000  1483  2799 D WifiConfigManager: Remove all networks for app ApplicationInfo{f8ee2e2 android.app.stubs}
02-18 01:38:50.179  1000  1483  2799 V WifiScanRequestProxy: Clearing scan request timestamps for uid=10130, packageName=android.app.stubs
02-18 01:38:50.179  1068  3040  3068 I SecureElement-AccessControlEnforcer: getAccessRule() appCert = c8a2e9bccf597c2fb6dc66bee293fc13f2fc47ec77bc6b2b0d52c11f51192ab8
02-18 01:38:50.180  1068  3040  3068 I SecureElement-AccessRuleCache: findAccessRule() not found
02-18 01:38:50.181  1068  3040  3068 I SecureElement-Terminal-SIM2: isNfcEventAllowed: No access rules for checking.
02-18 01:38:50.183  1000  1483  2799 D WifiConfigStore: Writing to stores completed in 3 ms.
02-18 01:38:50.183  1000  1483  2799 I PasspointManager: No app ops listener found for android.app.stubs
02-18 01:38:50.194 10105  3526  4017 I MediaProvider: Begin Intent { act=android.intent.action.PACKAGE_FULLY_REMOVED dat=package: flg=0x5000010 cmp=com.android.providers.media.module/com.android.providers.media.MediaService (has extras) }
02-18 01:38:50.194 10105  3526  4017 D MediaProvider: Deleted 0 Android/media items belonging to android.app.stubs on /data/user/0/com.android.providers.media.module/databases/external.db
02-18 01:38:50.194 10105  3526  4017 I FuseDaemon: Successfully deleted rows in leveldb for owner_id:  and ownerPackageIdentifier: android.app.stubs::0
02-18 01:38:50.200 10105  3526  4017 D MediaGrants: Removed 0 media_grants for 0 user for [android.app.stubs]. Reason: Package orphaned
02-18 01:38:50.200 10105  3526  4017 I MediaProvider: End Intent { act=android.intent.action.PACKAGE_FULLY_REMOVED dat=package: flg=0x5000010 cmp=com.android.providers.media.module/com.android.providers.media.MediaService (has extras) }
02-18 01:38:50.203  1000  1483  1553 D SafetySourceDataValidat: No cert check requested for package com.android.permissioncontroller
02-18 01:38:50.209 10123  2882  2882 D PersistedStoragePackageUninstalledReceiver: Received android.intent.action.PACKAGE_FULLY_REMOVED for android.app.stubs for u0
02-18 01:38:50.215  1000  1483  1483 I Telecom : CarModeTracker: Package android.app.stubs is not tracked.: SSH.oR@AIA
02-18 01:38:50.215  1000  1483  1483 I Telecom : InCallController: updateCarModeForConnections: car mode apps: : SSH.oR@AIA
02-18 01:38:50.215  1000  1483  1483 I Telecom : InCallController: update carmode current:UserHandle{0} parent:null: SSH.oR@AIA
02-18 01:38:50.218  1000  1483  1483 I notification_cancel_all: [1000,1483,android.app.stubs,0,0,0,5,NULL]
02-18 01:38:50.220  1000  1483  1483 I ConditionProviders: Disallowing condition provider android.app.stubs (userSet: true)
02-18 01:38:50.221  1000  1483  2795 W BestClock: java.time.DateTimeException: Missing network time fix
02-18 01:38:50.221  1000  1483  2797 I commit_sys_config_file: [net-policy,3]
02-18 01:38:50.223  root   866   896 I netd    : tetherGetStats() -> {[]} <1.06ms>
02-18 01:38:50.224  1000  1483  2795 W BestClock: java.time.DateTimeException: Missing network time fix
02-18 01:38:50.224  1000  1483  2795 I netstats_mobile_sample: [0,0,0,0,0,0,0,0,1771349930224]
02-18 01:38:50.224  1000  1483  2795 I netstats_wifi_sample: [0,0,0,0,0,0,0,0,1771349930224]
02-18 01:38:50.234 10105  3526  3942 W MediaProvider: isAppCloneUserPair for user 0: false
02-18 01:38:50.238  1000  1483  1873 I commit_sys_config_file: [settings-2-0,2]
02-18 01:38:50.309  1000  1483  1873 I commit_sys_config_file: [settings-0-0,3]
02-18 01:38:50.342 10105  3526  4562 I MediaProvider: Deleted 1 0 0 0 0 0 0 items on external_primary due to com.android.shell
02-18 01:38:50.375  1000  1483  1717 I commit_sys_config_file: [notification-policy,7]
02-18 01:38:50.506 10087  3411  3442 I LatinIME:LogUtils: Dictionary info: dictionary = main:en ; version = 54 ; date = 1414726273
02-18 01:38:50.691  root     1     1 I init    : starting service 'securedpud.slider'...
02-18 01:38:50.702  root     1     1 I init    : ... started service 'securedpud.slider' has pid 5675
02-18 01:38:50.702  root     1     1 I init    : starting service 'trusty_metricsd'...
02-18 01:38:50.708  root     1     1 I init    : ... started service 'trusty_metricsd' has pid 5676
02-18 01:38:50.693  1000  5675  5675 I securedpud.slider: starting securedpud
02-18 01:38:50.693  1000  5675  5675 I securedpud.slider: trusty dev: /dev/trusty-ipc-dev0
02-18 01:38:50.693  1000  5675  5675 I DMABUFHEAPS: Using DMA-BUF heap named: tui-secure
02-18 01:38:50.695  1000  5675  5675 E libtrusty: tipc_connect: can't connect to tipc service "com.android.trusty.secure_dpu" (err=107)
02-18 01:38:50.695  1000  5675  5675 E securedpud.slider: Failed to connect to: /dev/trusty-ipc-dev0
02-18 01:38:50.728  root     1     1 I init    : Service 'securedpud.slider' (pid 5675) exited with status 1
02-18 01:38:50.728  root     1     1 I init    : Sending signal 9 to service 'securedpud.slider' (pid 5675) process group...
02-18 01:38:50.728  root     1     1 I libprocessgroup: Removed cgroup /sys/fs/cgroup/uid_1000/pid_5675
02-18 01:38:50.728  root     1     1 E init    : process with updatable components 'securedpud.slider' exited 4 times in 4 minutes
02-18 01:38:50.700  1000  5676  5676 I trusty_metricsd: starting trusty_metricsd
02-18 01:38:50.700  1000  5676  5676 I trusty_metricsd: trusty dev: /dev/trusty-ipc-dev0
02-18 01:38:50.730  root     1     1 I init    : processing action (sys.init.updatable_crashing=1) from (/system/etc/init/flags_health_check.rc:10)
02-18 01:38:50.730  root     1     1 I init    : starting service 'exec 41 (/system/bin/flags_health_check UPDATABLE_CRASHING)'...
02-18 01:38:50.732  root     1     1 I init    : ... started service 'exec 41 (/system/bin/flags_health_check UPDATABLE_CRASHING)' has pid 5680
02-18 01:38:50.732  root     1     1 I init    : SVC_EXEC service 'exec 41 (/system/bin/flags_health_check UPDATABLE_CRASHING)' pid 5680 (uid 1000 gid 1000+0 context default) started; waiting...
02-18 01:38:50.704  1000  5676  5676 E libtrusty: tipc_connect: can't connect to tipc service "com.android.frameworks.stats.trusty.metrics.istats_setter" (err=107)
02-18 01:38:50.704  1000  5676  5676 E RpcTrusty: Failed to connect to Trusty service. Error code: -107
02-18 01:38:50.704  1000  5676  5676 E RpcTrusty: Failed to set up Trusty client. Error: BAD_VALUE
02-18 01:38:50.704  1000  5676  5676 E trusty_metricsd: failed to connect TrustyMetricsPixel to Trusty: failed to connect to Trusty metrics TA: Transport endpoint is not connected
02-18 01:38:50.704  1000  5676  5676 W RefBase : RefBase: Explicit destruction, weak count = 0 (in 0xb400007564dfa1d8). Use sp<> to manage this object.
02-18 01:38:50.704  1000  5676  5676 W RefBase : CallStack::getCurrentInternal not linked, returning null
02-18 01:38:50.704  1000  5676  5676 W RefBase : CallStack::logStackInternal not linked
02-18 01:38:50.704  1000  5676  5676 E trusty_metricsd: failed to open Trusty metrics client
02-18 01:38:50.704  1000  5676  5676 E trusty_metricsd: trying to connect to Trusty metrics TA at old TIPC port
02-18 01:38:50.705  1000  5676  5676 E libtrusty: tipc_connect: can't connect to tipc service "com.android.trusty.metrics" (err=107)
02-18 01:38:50.705  1000  5676  5676 E trusty_metricsd: failed to open TrustyMetricsPixelTipc: failed to connect to Trusty metrics TA: Transport endpoint is not connected
02-18 01:38:50.705  1000  5676  5676 E trusty_metricsd: failed to open Trusty metrics client
02-18 01:38:50.737  root     1     1 I init    : Service 'trusty_metricsd' (pid 5676) exited with status 1
02-18 01:38:50.737  root     1     1 I init    : Sending signal 9 to service 'trusty_metricsd' (pid 5676) process group...
02-18 01:38:50.737  root     1     1 I libprocessgroup: Removed cgroup /sys/fs/cgroup/uid_1000/pid_5676
02-18 01:38:50.737  root     1     1 E init    : process with updatable components 'trusty_metricsd' exited 4 times in 4 minutes
02-18 01:38:50.714  1000  5680  5680 I flags_health_check: ServerConfigurableFlagsReset reset_mode value: 1
02-18 01:38:50.714  1000  5680  5680 I flags_health_check: ServerConfigurableFlagsReset updatable crashing detected, resetting flags.
02-18 01:38:50.750  root     1     1 I init    : Service 'exec 41 (/system/bin/flags_health_check UPDATABLE_CRASHING)' (pid 5680) exited with status 0 waiting took 0.018000 seconds
02-18 01:38:50.750  root     1     1 I init    : Sending signal 9 to service 'exec 41 (/system/bin/flags_health_check UPDATABLE_CRASHING)' (pid 5680) process group...
02-18 01:38:50.750  root     1     1 I libprocessgroup: Removed cgroup /sys/fs/cgroup/uid_1000/pid_5680
02-18 01:38:50.750  root     1     1 I init    : processing action (sys.init.updatable_crashing=1) from (/system/etc/init/flags_health_check.rc:10)
02-18 01:38:50.750  root     1     1 I init    : starting service 'exec 42 (/system/bin/flags_health_check UPDATABLE_CRASHING)'...
02-18 01:38:50.752  root     1     1 I init    : ... started service 'exec 42 (/system/bin/flags_health_check UPDATABLE_CRASHING)' has pid 5681
02-18 01:38:50.752  root     1     1 I init    : SVC_EXEC service 'exec 42 (/system/bin/flags_health_check UPDATABLE_CRASHING)' pid 5681 (uid 1000 gid 1000+0 context default) started; waiting...
02-18 01:38:50.728  1000  5681  5681 I flags_health_check: ServerConfigurableFlagsReset reset_mode value: 1
02-18 01:38:50.728  1000  5681  5681 I flags_health_check: ServerConfigurableFlagsReset updatable crashing detected, resetting flags.
02-18 01:38:50.765  root     1     1 I init    : Service 'exec 42 (/system/bin/flags_health_check UPDATABLE_CRASHING)' (pid 5681) exited with status 0 waiting took 0.013000 seconds
02-18 01:38:50.765  root     1     1 I init    : Sending signal 9 to service 'exec 42 (/system/bin/flags_health_check UPDATABLE_CRASHING)' (pid 5681) process group...
02-18 01:38:50.766  root     1     1 I libprocessgroup: Removed cgroup /sys/fs/cgroup/uid_1000/pid_5681
02-18 01:38:50.747 10105  3526  3941 W MediaProvider: isAppCloneUserPair for user 0: false
02-18 01:38:50.901 10105  3526  3942 I MediaProvider: Deleted 1 0 0 0 0 0 0 items on external_primary due to com.android.shell
02-18 01:38:51.000  artd  1913  2024 I artd    : Dex parent of /data/app/~~UXVZFhDNV4u55o3J_HoOeA==/com.android.tradefed.utils.wifi-33qvfme5yNDmR9c1Gyx_9g==/base.apk is not writable: Permission denied
02-18 01:38:51.000  artd  1913  2024 I artd    : GetBestInfo checking odex in dalvik-cache (/data/dalvik-cache/arm64/data@app@~~UXVZFhDNV4u55o3J_HoOeA==@com.android.tradefed.utils.wifi-33qvfme5yNDmR9c1Gyx_9g==@base.apk@classes.dex)
02-18 01:38:51.001  artd  1913  2024 I artd    : Loading /data/dalvik-cache/arm64/data@app@~~UXVZFhDNV4u55o3J_HoOeA==@com.android.tradefed.utils.wifi-33qvfme5yNDmR9c1Gyx_9g==@base.apk@classes.dex with executable: 0
02-18 01:38:51.001  artd  1913  2024 I artd    : OatFileAssistant test for existing oat file /data/dalvik-cache/arm64/data@app@~~UXVZFhDNV4u55o3J_HoOeA==@com.android.tradefed.utils.wifi-33qvfme5yNDmR9c1Gyx_9g==@base.apk@classes.dex: File /data/dalvik-cache/arm64/data@app@~~UXVZFhDNV4u55o3J_HoOeA==@com.android.tradefed.utils.wifi-33qvfme5yNDmR9c1Gyx_9g==@base.apk@classes.vdex does not exist.
02-18 01:38:51.001  artd  1913  2024 I artd    : GetBestInfo checking odex next to the dex file (/data/app/~~UXVZFhDNV4u55o3J_HoOeA==/com.android.tradefed.utils.wifi-33qvfme5yNDmR9c1Gyx_9g==/oat/arm64/base.odex)
02-18 01:38:51.001  artd  1913  2024 I artd    : Loading /data/app/~~UXVZFhDNV4u55o3J_HoOeA==/com.android.tradefed.utils.wifi-33qvfme5yNDmR9c1Gyx_9g==/oat/arm64/base.odex with executable: 0
02-18 01:38:51.002  artd  1913  2024 I artd    : Successfully loaded /data/app/~~UXVZFhDNV4u55o3J_HoOeA==/com.android.tradefed.utils.wifi-33qvfme5yNDmR9c1Gyx_9g==/oat/arm64/base.odex with executable: 0
02-18 01:38:51.003  artd  1913  2024 I artd    : /data/app/~~UXVZFhDNV4u55o3J_HoOeA==/com.android.tradefed.utils.wifi-33qvfme5yNDmR9c1Gyx_9g==/oat/arm64/base.odex is kOatUpToDate with filter verify
02-18 01:38:51.181 shell  5695  5695 D AndroidRuntime: >>>>>> START com.android.internal.os.RuntimeInit uid 2000 <<<<<<
02-18 01:38:51.186 shell  5695  5695 I AndroidRuntime: Using default boot image
02-18 01:38:51.186 shell  5695  5695 I AndroidRuntime: Leaving lock profiling enabled
02-18 01:38:51.188 shell  5695  5695 I app_process: Core platform API reporting enabled, enforcing=false
02-18 01:38:51.189 shell  5695  5695 I app_process: Using CollectorTypeCMC GC.
02-18 01:38:51.260 shell  5695  5695 D nativeloader: InitDefaultPublicLibraries for_preload=1: libandroid.so:libaaudio.so:libamidi.so:libbinder_ndk.so:libc.so:libcamera2ndk.so:libdl.so:libEGL.so:libGLESv1_CM.so:libGLESv2.so:libGLESv3.so:libicu.so:libicui18n.so:libicuuc.so:libjnigraphics.so:liblog.so:libmediandk.so:libm.so:libnativehelper.so:libnativewindow.so:libOpenMAXAL.so:libOpenSLES.so:libRS.so:libstdc++.so:libsync.so:libvulkan.so:libwebviewchromium_plat_support.so:libz.so
02-18 01:38:51.271 shell  5695  5695 D nativeloader: Load libicu_jni.so using APEX ns com_android_art for caller /apex/com.android.art/javalib/core-oj.jar: ok
02-18 01:38:51.271 shell  5695  5695 D app_process: Time zone APEX ICU file found: /apex/com.android.tzdata/etc/icu/icu_tzdata.dat
02-18 01:38:51.271 shell  5695  5695 D app_process: I18n APEX ICU file found: /apex/com.android.i18n/etc/icu/icudt72l.dat
02-18 01:38:51.272 shell  5695  5695 D nativeloader: Load libjavacore.so using APEX ns com_android_art for caller /apex/com.android.art/javalib/core-oj.jar: ok
02-18 01:38:51.273 shell  5695  5695 D nativeloader: Load libopenjdk.so using APEX ns com_android_art for caller /apex/com.android.art/javalib/core-oj.jar: ok
02-18 01:38:51.296 shell  5695  5695 D nativeloader: Load libframework-connectivity-tiramisu-jni.so using APEX ns com_android_tethering for caller /apex/com.android.tethering/javalib/framework-connectivity-t.jar: ok
02-18 01:38:51.296 shell  5695  5695 D AndroidRuntime: Calling main entry com.android.commands.am.Am
02-18 01:38:51.301 shell  5695  5695 D UiAutomationConnection: Created on user UserHandle{0}
02-18 01:38:51.302  1000  1483  3796 I ActivityManager: Force stopping com.android.tradefed.utils.wifi appid=10126 user=0: start instr
02-18 01:38:51.303  1000  1483  3796 D GrammaticalInflection: The flag must be enabled to allow calling the API.
02-18 01:38:51.304  1000  1483  3796 I am_uid_running: 10126
02-18 01:38:51.305  1000  1483  3796 D CompatibilityChangeReporter: Compat change id reported: 135634846; UID 10126; state: DISABLED
02-18 01:38:51.306  1000  1483  3796 D CompatibilityChangeReporter: Compat change id reported: 177438394; UID 10126; state: DISABLED
02-18 01:38:51.306  1000  1483  3796 D CompatibilityChangeReporter: Compat change id reported: 135772972; UID 10126; state: DISABLED
02-18 01:38:51.306  1000  1483  3796 D CompatibilityChangeReporter: Compat change id reported: 135754954; UID 10126; state: ENABLED
02-18 01:38:51.307  1000  1483  1735 D CompatibilityChangeReporter: Compat change id reported: 143937733; UID 10126; state: ENABLED
02-18 01:38:51.308  1000  1483  1865 D CompatibilityChangeReporter: Compat change id reported: 265195908; UID 10126; state: ENABLED
02-18 01:38:51.317  root   867   867 D Zygote  : Forked child process 5709
02-18 01:38:51.317  1000  1483  1735 I am_proc_start: [0,5709,10126,com.android.tradefed.utils.wifi,added application,com.android.tradefed.utils.wifi]
02-18 01:38:51.317  1000  1483  1735 I ActivityManager: Start proc 5709:com.android.tradefed.utils.wifi/u0a126 for added application com.android.tradefed.utils.wifi
02-18 01:38:51.334 10126  5709  5709 I efed.utils.wifi: Using CollectorTypeCMC GC.
02-18 01:38:51.339 10126  5709  5709 E efed.utils.wifi: Not starting debugger since process cannot load the jdwp agent.
02-18 01:38:51.344 10126  5709  5709 D nativeloader: Load libframework-connectivity-tiramisu-jni.so using APEX ns com_android_tethering for caller /apex/com.android.tethering/javalib/framework-connectivity-t.jar: ok
02-18 01:38:51.349  1000  1483  3796 I am_proc_bound: [0,5709,com.android.tradefed.utils.wifi]
02-18 01:38:51.349  1000  1483  3796 D CompatibilityChangeReporter: Compat change id reported: 168419799; UID 10126; state: DISABLED
02-18 01:38:51.349  1000  1483  3796 D CompatibilityChangeReporter: Compat change id reported: 273564678; UID 10126; state: DISABLED
02-18 01:38:51.352 10126  5709  5709 D CompatibilityChangeReporter: Compat change id reported: 171979766; UID 10126; state: ENABLED
02-18 01:38:51.352 10126  5709  5709 D CompatibilityChangeReporter: Compat change id reported: 242716250; UID 10126; state: DISABLED
02-18 01:38:51.356  1000  1483  3796 D CompatibilityChangeReporter: Compat change id reported: 170503758; UID 10126; state: ENABLED
02-18 01:38:51.359 10126  5709  5709 D ApplicationLoaders: Returning zygote-cached class loader: /system/framework/android.test.base.jar
02-18 01:38:51.361 10126  5709  5709 D nativeloader: Configuring clns-4 for other apk /system/framework/android.test.mock.jar. target_sdk_version=31, uses_libraries=ALL, library_path=/data/app/~~UXVZFhDNV4u55o3J_HoOeA==/com.android.tradefed.utils.wifi-33qvfme5yNDmR9c1Gyx_9g==/lib/arm64, permitted_path=/data:/mnt/expand:/data/user/0/com.android.tradefed.utils.wifi
02-18 01:38:51.363 10126  5709  5709 D ApplicationLoaders: Returning zygote-cached class loader: /system/framework/android.test.base.jar
02-18 01:38:51.364 10126  5709  5709 D nativeloader: Configuring clns-5 for other apk /system/framework/android.test.runner.jar. target_sdk_version=31, uses_libraries=ALL, library_path=/data/app/~~UXVZFhDNV4u55o3J_HoOeA==/com.android.tradefed.utils.wifi-33qvfme5yNDmR9c1Gyx_9g==/lib/arm64, permitted_path=/data:/mnt/expand:/data/user/0/com.android.tradefed.utils.wifi
02-18 01:38:51.367 10126  5709  5709 D nativeloader: Configuring clns-6 for other apk /data/app/~~UXVZFhDNV4u55o3J_HoOeA==/com.android.tradefed.utils.wifi-33qvfme5yNDmR9c1Gyx_9g==/base.apk. target_sdk_version=31, uses_libraries=, library_path=/data/app/~~UXVZFhDNV4u55o3J_HoOeA==/com.android.tradefed.utils.wifi-33qvfme5yNDmR9c1Gyx_9g==/lib/arm64, permitted_path=/data:/mnt/expand:/data/user/0/com.android.tradefed.utils.wifi
02-18 01:38:51.372 10126  5709  5709 V GraphicsEnvironment: Currently set values for:
02-18 01:38:51.372 10126  5709  5709 V GraphicsEnvironment:   angle_gl_driver_selection_pkgs=[]
02-18 01:38:51.372 10126  5709  5709 V GraphicsEnvironment:   angle_gl_driver_selection_values=[]
02-18 01:38:51.372 10126  5709  5709 V GraphicsEnvironment: Global.Settings values are invalid: number of packages: 0, number of values: 0
02-18 01:38:51.372 10126  5709  5709 V GraphicsEnvironment: Neither updatable production driver nor prerelease driver is supported.
02-18 01:38:51.375 10126  5709  5709 I UiAutomation: Initialized for user 0 on display 0
02-18 01:38:51.377  1000  1483  3796 D AccessibilityManagerService: changeCurrentUserForTestAutomationIfNeededLocked(0): ignoring because device doesn't support visible background users
02-18 01:38:51.377  1000  1483  3796 I UiAutomationManager: Registering UiTestAutomationService (id=com.android.server.accessibility/UiAutomation) when called by user 0
02-18 01:38:51.378  1000  1483  3796 W MagnificationConnectionManager: requestConnection duplicated request: connect=false, mConnectionState=DISCONNECTED
02-18 01:38:51.380  1000  1483  1483 D BatterySaverPolicy: accessibility changed to true, updating policy.
02-18 01:38:51.380 10126  5709  5724 V UiAutomation: Init UiAutomation@ae99ffe[id=4, displayId=0, flags=0]
02-18 01:38:51.382  1000  1483  3796 I am_uid_active: 10126
02-18 01:38:51.385  1000  1483  3796 I WifiService: getVerboseLoggingLevel uid=10126
02-18 01:38:51.388  root   866  5727 I resolv  : GetAddrInfoHandler::run: {0 0 0 983040 10126 0}
02-18 01:38:51.389 10126  5709  5725 E WifiConnector: Failed to open connection to check connectivity
02-18 01:38:51.391  1000  1483  3796 W MagnificationConnectionManager: requestConnection duplicated request: connect=false, mConnectionState=DISCONNECTED
02-18 01:38:51.391  1000  1483  3796 D AccessibilityManagerService: restoreCurrentUserForTestAutomationIfNeededLocked(): ignoring because device doesn't support visible background users
02-18 01:38:51.392  1000  1483  3796 I ActivityManager: Force stopping com.android.tradefed.utils.wifi appid=10126 user=0: finished inst
02-18 01:38:51.423  root   248   248 E gs101-devfreq 17000020.devfreq_int: failed get frequency from CAL
02-18 01:38:51.424  1000  3796  3796 I binder  : 1483:3796 ioctl 400c620e 72b702238c returned -11
02-18 01:38:51.424  1000  3796  3796 I binder  : 1483:3796 ioctl 400c620e 72b702238c returned -11
02-18 01:38:51.393  1000  1483  3796 E ActivityManager: Unable to freeze binder for 5709: -11
02-18 01:38:51.393  1000  1483  1483 D BatterySaverPolicy: accessibility changed to false, updating policy.
02-18 01:38:51.394  1000  1483  1716 D DisplayManagerService: Drop pending events for gone uid 10126
02-18 01:38:51.394 shell  5695  5695 I app_process: System.exit called, status: 0
02-18 01:38:51.394 shell  5695  5695 I AndroidRuntime: VM exiting with result code 0.
02-18 01:38:51.395  1000  1483  3796 I am_uid_stopped: 10126
02-18 01:38:51.396  1000  1483  3796 I ActivityManager: Killing 5709:com.android.tradefed.utils.wifi/u0a126 (adj 0): stop com.android.tradefed.utils.wifi due to finished inst
02-18 01:38:51.396  1000  1483  3796 I am_kill : [0,5709,com.android.tradefed.utils.wifi,0,stop com.android.tradefed.utils.wifi due to finished inst,103548]
02-18 01:38:51.414  1000  1483  3796 V ActivityManager: Got obituary of 5709:com.android.tradefed.utils.wifi
02-18 01:38:51.414  root   867   867 I Zygote  : Process 5709 exited due to signal 9 (Killed)
02-18 01:38:51.445  root   144   144 I binder  : undelivered TRANSACTION_COMPLETE
02-18 01:38:51.445  root   144   144 I binder  : undelivered transaction 178644, process died.
02-18 01:38:51.423  1000  1483  1738 I libprocessgroup: Removed cgroup /sys/fs/cgroup/uid_10126/pid_5709
02-18 01:38:51.599  1000  1483  1873 I commit_sys_config_file: [settings-2-0,20]
02-18 01:38:51.798  1000  1483  1765 I commit_sys_config_file: [package,33]
02-18 01:38:51.828  logd  5149  5149 I logd    : start watching /data/system/packages.list ...
02-18 01:38:51.830  logd  5149  5149 I logd    : ReadPackageList, total packages: 132
02-18 01:38:51.808  1000  1483  1762 I commit_sys_config_file: [package-user-0,10]
02-18 01:38:52.052  1000  1483  2867 W FileUtils: Failed to chmod(AtomicFile[/data/system_de/0/system/game-manager-service.xml]): android.system.ErrnoException: chmod failed: ENOENT (No such file or directory)
02-18 01:38:52.948  1000  1483  1874 D ActivityManager: freezing 3287 com.android.cellbroadcastreceiver.module
02-18 01:38:52.950  1000  1483  1874 I am_freeze: [3287,com.android.cellbroadcastreceiver.module]
02-18 01:38:52.979  1000  1483  1874 I am_compact: [3287,com.android.cellbroadcastreceiver.module,ANON,125416,73000,51408,2320,-4864,-1796,-3068,3036,28,FULL,57029,925,19,26748,-308]
02-18 01:38:54.315  root   249   249 I logbuffer_pcie0: [   92] D state: 0, LTSSM: 0
02-18 01:38:54.316  root   249   249 I logbuffer_pcie0: [   93] L0(0x11)
02-18 01:38:54.352  1000  1089  1157 D DMD     : Flush DMD buffer, size=2097542
02-18 01:38:55.381  root   991   991 I s3c2410-wdt 10070000.watchdog_cl1: Watchdog cluster 1 keepalive!, old_wtcnt = 774f, wtcnt = cc8c
02-18 01:38:55.702  root     1     1 I init    : starting service 'securedpud.slider'...
02-18 01:38:55.718  root     1     1 I init    : ... started service 'securedpud.slider' has pid 5729
02-18 01:38:55.718  root     1     1 I init    : starting service 'trusty_metricsd'...
02-18 01:38:55.724  root     1     1 I init    : ... started service 'trusty_metricsd' has pid 5730
02-18 01:38:55.708  1000  5730  5730 I trusty_metricsd: starting trusty_metricsd
02-18 01:38:55.708  1000  5730  5730 I trusty_metricsd: trusty dev: /dev/trusty-ipc-dev0
02-18 01:38:55.709  1000  5729  5729 I securedpud.slider: starting securedpud
02-18 01:38:55.709  1000  5729  5729 I securedpud.slider: trusty dev: /dev/trusty-ipc-dev0
02-18 01:38:55.709  1000  5729  5729 I DMABUFHEAPS: Using DMA-BUF heap named: tui-secure
02-18 01:38:55.710  1000  5729  5729 E libtrusty: tipc_connect: can't connect to tipc service "com.android.trusty.secure_dpu" (err=107)
02-18 01:38:55.710  1000  5730  5730 E libtrusty: tipc_connect: can't connect to tipc service "com.android.frameworks.stats.trusty.metrics.istats_setter" (err=107)
02-18 01:38:55.710  1000  5730  5730 E RpcTrusty: Failed to connect to Trusty service. Error code: -107
02-18 01:38:55.710  1000  5729  5729 E securedpud.slider: Failed to connect to: /dev/trusty-ipc-dev0
02-18 01:38:55.710  1000  5730  5730 E RpcTrusty: Failed to set up Trusty client. Error: BAD_VALUE
02-18 01:38:55.710  1000  5730  5730 E trusty_metricsd: failed to connect TrustyMetricsPixel to Trusty: failed to connect to Trusty metrics TA: Transport endpoint is not connected
02-18 01:38:55.710  1000  5730  5730 W RefBase : RefBase: Explicit destruction, weak count = 0 (in 0xb40000762dbdd9b8). Use sp<> to manage this object.
02-18 01:38:55.710  1000  5730  5730 W RefBase : CallStack::getCurrentInternal not linked, returning null
02-18 01:38:55.743  root     1     1 I init    : Service 'securedpud.slider' (pid 5729) exited with status 1
02-18 01:38:55.743  root     1     1 I init    : Sending signal 9 to service 'securedpud.slider' (pid 5729) process group...
02-18 01:38:55.744  root     1     1 I libprocessgroup: Removed cgroup /sys/fs/cgroup/uid_1000/pid_5729
02-18 01:38:55.744  root     1     1 E init    : process with updatable components 'securedpud.slider' exited 4 times in 4 minutes
02-18 01:38:55.710  1000  5730  5730 E trusty_metricsd: failed to open Trusty metrics client
02-18 01:38:55.710  1000  5730  5730 E trusty_metricsd: trying to connect to Trusty metrics TA at old TIPC port
02-18 01:38:55.711  1000  5730  5730 E libtrusty: tipc_connect: can't connect to tipc service "com.android.trusty.metrics" (err=107)
02-18 01:38:55.711  1000  5730  5730 E trusty_metricsd: failed to open TrustyMetricsPixelTipc: failed to connect to Trusty metrics TA: Transport endpoint is not connected
02-18 01:38:55.711  1000  5730  5730 E trusty_metricsd: failed to open Trusty metrics client
02-18 01:38:55.749  root     1     1 I init    : Service 'trusty_metricsd' (pid 5730) exited with status 1
02-18 01:38:55.749  root     1     1 I init    : Sending signal 9 to service 'trusty_metricsd' (pid 5730) process group...
02-18 01:38:55.750  root     1     1 I libprocessgroup: Removed cgroup /sys/fs/cgroup/uid_1000/pid_5730
02-18 01:38:55.750  root     1     1 E init    : process with updatable components 'trusty_metricsd' exited 4 times in 4 minutes
02-18 01:38:55.755  root     1     1 I init    : processing action (sys.init.updatable_crashing=1) from (/system/etc/init/flags_health_check.rc:10)
02-18 01:38:55.756  root     1     1 I init    : starting service 'exec 43 (/system/bin/flags_health_check UPDATABLE_CRASHING)'...
02-18 01:38:55.762  root     1     1 I init    : ... started service 'exec 43 (/system/bin/flags_health_check UPDATABLE_CRASHING)' has pid 5731
02-18 01:38:55.762  root     1     1 I init    : SVC_EXEC service 'exec 43 (/system/bin/flags_health_check UPDATABLE_CRASHING)' pid 5731 (uid 1000 gid 1000+0 context default) started; waiting...
02-18 01:38:55.741  1000  5731  5731 I flags_health_check: ServerConfigurableFlagsReset reset_mode value: 1
02-18 01:38:55.741  1000  5731  5731 I flags_health_check: ServerConfigurableFlagsReset updatable crashing detected, resetting flags.
02-18 01:38:55.777  root     1     1 I init    : Service 'exec 43 (/system/bin/flags_health_check UPDATABLE_CRASHING)' (pid 5731) exited with status 0 waiting took 0.017000 seconds
02-18 01:38:55.777  root     1     1 I init    : Sending signal 9 to service 'exec 43 (/system/bin/flags_health_check UPDATABLE_CRASHING)' (pid 5731) process group...
02-18 01:38:55.778  root     1     1 I libprocessgroup: Removed cgroup /sys/fs/cgroup/uid_1000/pid_5731
02-18 01:38:55.779  root     1     1 I init    : processing action (sys.init.updatable_crashing=1) from (/system/etc/init/flags_health_check.rc:10)
02-18 01:38:55.780  root     1     1 I init    : starting service 'exec 44 (/system/bin/flags_health_check UPDATABLE_CRASHING)'...
02-18 01:38:55.788  root     1     1 I init    : ... started service 'exec 44 (/system/bin/flags_health_check UPDATABLE_CRASHING)' has pid 5732
02-18 01:38:55.788  root     1     1 I init    : SVC_EXEC service 'exec 44 (/system/bin/flags_health_check UPDATABLE_CRASHING)' pid 5732 (uid 1000 gid 1000+0 context default) started; waiting...
02-18 01:38:55.774  1000  5732  5732 I flags_health_check: ServerConfigurableFlagsReset reset_mode value: 1
02-18 01:38:55.775  1000  5732  5732 I flags_health_check: ServerConfigurableFlagsReset updatable crashing detected, resetting flags.
02-18 01:38:55.814  root     1     1 I init    : Service 'exec 44 (/system/bin/flags_health_check UPDATABLE_CRASHING)' (pid 5732) exited with status 0 waiting took 0.028000 seconds
02-18 01:38:55.815  root     1     1 I init    : Sending signal 9 to service 'exec 44 (/system/bin/flags_health_check UPDATABLE_CRASHING)' (pid 5732) process group...
02-18 01:38:55.815  root     1     1 I libprocessgroup: Removed cgroup /sys/fs/cgroup/uid_1000/pid_5732
02-18 01:38:56.702 10105  3526  4562 W MediaProvider: isAppCloneUserPair for user 0: false
02-18 01:38:56.863 10105  3526  3941 I MediaProvider: Deleted 1 0 0 0 0 0 0 items on external_primary due to com.android.shell
02-18 01:38:56.974  artd  1913  2024 I artd    : Dex parent of /data/app/~~UXVZFhDNV4u55o3J_HoOeA==/com.android.tradefed.utils.wifi-33qvfme5yNDmR9c1Gyx_9g==/base.apk is not writable: Permission denied
02-18 01:38:56.974  artd  1913  2024 I artd    : GetBestInfo checking odex in dalvik-cache (/data/dalvik-cache/arm64/data@app@~~UXVZFhDNV4u55o3J_HoOeA==@com.android.tradefed.utils.wifi-33qvfme5yNDmR9c1Gyx_9g==@base.apk@classes.dex)
02-18 01:38:56.974  artd  1913  2024 I artd    : Loading /data/dalvik-cache/arm64/data@app@~~UXVZFhDNV4u55o3J_HoOeA==@com.android.tradefed.utils.wifi-33qvfme5yNDmR9c1Gyx_9g==@base.apk@classes.dex with executable: 0
02-18 01:38:56.974  artd  1913  2024 I artd    : OatFileAssistant test for existing oat file /data/dalvik-cache/arm64/data@app@~~UXVZFhDNV4u55o3J_HoOeA==@com.android.tradefed.utils.wifi-33qvfme5yNDmR9c1Gyx_9g==@base.apk@classes.dex: File /data/dalvik-cache/arm64/data@app@~~UXVZFhDNV4u55o3J_HoOeA==@com.android.tradefed.utils.wifi-33qvfme5yNDmR9c1Gyx_9g==@base.apk@classes.vdex does not exist.
02-18 01:38:56.974  artd  1913  2024 I artd    : GetBestInfo checking odex next to the dex file (/data/app/~~UXVZFhDNV4u55o3J_HoOeA==/com.android.tradefed.utils.wifi-33qvfme5yNDmR9c1Gyx_9g==/oat/arm64/base.odex)
02-18 01:38:56.974  artd  1913  2024 I artd    : Loading /data/app/~~UXVZFhDNV4u55o3J_HoOeA==/com.android.tradefed.utils.wifi-33qvfme5yNDmR9c1Gyx_9g==/oat/arm64/base.odex with executable: 0
02-18 01:38:56.975  artd  1913  2024 I artd    : Successfully loaded /data/app/~~UXVZFhDNV4u55o3J_HoOeA==/com.android.tradefed.utils.wifi-33qvfme5yNDmR9c1Gyx_9g==/oat/arm64/base.odex with executable: 0
02-18 01:38:56.975  artd  1913  2024 I artd    : /data/app/~~UXVZFhDNV4u55o3J_HoOeA==/com.android.tradefed.utils.wifi-33qvfme5yNDmR9c1Gyx_9g==/oat/arm64/base.odex is kOatUpToDate with filter verify
02-18 01:38:57.146 shell  5756  5756 D AndroidRuntime: >>>>>> START com.android.internal.os.RuntimeInit uid 2000 <<<<<<
02-18 01:38:57.151 shell  5756  5756 I AndroidRuntime: Using default boot image
02-18 01:38:57.151 shell  5756  5756 I AndroidRuntime: Leaving lock profiling enabled
02-18 01:38:57.153 shell  5756  5756 I app_process: Core platform API reporting enabled, enforcing=false
02-18 01:38:57.153 shell  5756  5756 I app_process: Using CollectorTypeCMC GC.
02-18 01:38:57.216 shell  5756  5756 D nativeloader: InitDefaultPublicLibraries for_preload=1: libandroid.so:libaaudio.so:libamidi.so:libbinder_ndk.so:libc.so:libcamera2ndk.so:libdl.so:libEGL.so:libGLESv1_CM.so:libGLESv2.so:libGLESv3.so:libicu.so:libicui18n.so:libicuuc.so:libjnigraphics.so:liblog.so:libmediandk.so:libm.so:libnativehelper.so:libnativewindow.so:libOpenMAXAL.so:libOpenSLES.so:libRS.so:libstdc++.so:libsync.so:libvulkan.so:libwebviewchromium_plat_support.so:libz.so
02-18 01:38:57.223 shell  5756  5756 D nativeloader: Load libicu_jni.so using APEX ns com_android_art for caller /apex/com.android.art/javalib/core-oj.jar: ok
02-18 01:38:57.224 shell  5756  5756 D app_process: Time zone APEX ICU file found: /apex/com.android.tzdata/etc/icu/icu_tzdata.dat
02-18 01:38:57.224 shell  5756  5756 D app_process: I18n APEX ICU file found: /apex/com.android.i18n/etc/icu/icudt72l.dat
02-18 01:38:57.225 shell  5756  5756 D nativeloader: Load libjavacore.so using APEX ns com_android_art for caller /apex/com.android.art/javalib/core-oj.jar: ok
02-18 01:38:57.226 shell  5756  5756 D nativeloader: Load libopenjdk.so using APEX ns com_android_art for caller /apex/com.android.art/javalib/core-oj.jar: ok
02-18 01:38:57.248 shell  5756  5756 D nativeloader: Load libframework-connectivity-tiramisu-jni.so using APEX ns com_android_tethering for caller /apex/com.android.tethering/javalib/framework-connectivity-t.jar: ok
02-18 01:38:57.248 shell  5756  5756 D AndroidRuntime: Calling main entry com.android.commands.am.Am
02-18 01:38:57.251 shell  5756  5756 D UiAutomationConnection: Created on user UserHandle{0}
02-18 01:38:57.252  1000  1483  3796 I ActivityManager: Force stopping com.android.tradefed.utils.wifi appid=10126 user=0: start instr
02-18 01:38:57.253  1000  1483  3796 D OomAdjuster: Not killing cached processes
02-18 01:38:57.253  1000  1483  3796 W ProcessStats: Tracking association SourceState{cbc4c90 com.android.phone/1001 ImpFg #841} whose proc state 5 is better than process ProcessState{89b9bb6 com.google.android.iwlan/1000 pkg=com.google.android.iwlan} proc state 14 (372 skipped)
02-18 01:38:57.253  1000  1483  3796 D GrammaticalInflection: The flag must be enabled to allow calling the API.
02-18 01:38:57.254  1000  1483  3796 I am_uid_running: 10126
02-18 01:38:57.254  1000  1483  3796 D CompatibilityChangeReporter: Compat change id reported: 135634846; UID 10126; state: DISABLED
02-18 01:38:57.254  1000  1483  3796 D CompatibilityChangeReporter: Compat change id reported: 177438394; UID 10126; state: DISABLED
02-18 01:38:57.254  1000  1483  3796 D CompatibilityChangeReporter: Compat change id reported: 135772972; UID 10126; state: DISABLED
02-18 01:38:57.254  1000  1483  3796 D CompatibilityChangeReporter: Compat change id reported: 135754954; UID 10126; state: ENABLED
02-18 01:38:57.256  1000  1483  1735 D CompatibilityChangeReporter: Compat change id reported: 143937733; UID 10126; state: ENABLED
02-18 01:38:57.256  1000  1483  1865 D CompatibilityChangeReporter: Compat change id reported: 265195908; UID 10126; state: ENABLED
02-18 01:38:57.267  root   867   867 D Zygote  : Forked child process 5770
02-18 01:38:57.268  1000  1483  1735 I am_proc_start: [0,5770,10126,com.android.tradefed.utils.wifi,added application,com.android.tradefed.utils.wifi]
02-18 01:38:57.268  1000  1483  1735 I ActivityManager: Start proc 5770:com.android.tradefed.utils.wifi/u0a126 for added application com.android.tradefed.utils.wifi
02-18 01:38:57.284 10126  5770  5770 I efed.utils.wifi: Using CollectorTypeCMC GC.
02-18 01:38:57.289 10126  5770  5770 E efed.utils.wifi: Not starting debugger since process cannot load the jdwp agent.
02-18 01:38:57.293 10126  5770  5770 D nativeloader: Load libframework-connectivity-tiramisu-jni.so using APEX ns com_android_tethering for caller /apex/com.android.tethering/javalib/framework-connectivity-t.jar: ok
02-18 01:38:57.300  1000  1483  3796 I am_proc_bound: [0,5770,com.android.tradefed.utils.wifi]
02-18 01:38:57.301  1000  1483  3796 D CompatibilityChangeReporter: Compat change id reported: 168419799; UID 10126; state: DISABLED
02-18 01:38:57.301  1000  1483  3796 D CompatibilityChangeReporter: Compat change id reported: 273564678; UID 10126; state: DISABLED
02-18 01:38:57.304 10126  5770  5770 D CompatibilityChangeReporter: Compat change id reported: 171979766; UID 10126; state: ENABLED
02-18 01:38:57.305 10126  5770  5770 D CompatibilityChangeReporter: Compat change id reported: 242716250; UID 10126; state: DISABLED
02-18 01:38:57.308  1000  1483  3796 D CompatibilityChangeReporter: Compat change id reported: 170503758; UID 10126; state: ENABLED
02-18 01:38:57.309 10126  5770  5770 D ApplicationLoaders: Returning zygote-cached class loader: /system/framework/android.test.base.jar
02-18 01:38:57.313 10126  5770  5770 D nativeloader: Configuring clns-4 for other apk /system/framework/android.test.mock.jar. target_sdk_version=31, uses_libraries=ALL, library_path=/data/app/~~UXVZFhDNV4u55o3J_HoOeA==/com.android.tradefed.utils.wifi-33qvfme5yNDmR9c1Gyx_9g==/lib/arm64, permitted_path=/data:/mnt/expand:/data/user/0/com.android.tradefed.utils.wifi
02-18 01:38:57.315 10126  5770  5770 D ApplicationLoaders: Returning zygote-cached class loader: /system/framework/android.test.base.jar
02-18 01:38:57.317 10126  5770  5770 D nativeloader: Configuring clns-5 for other apk /system/framework/android.test.runner.jar. target_sdk_version=31, uses_libraries=ALL, library_path=/data/app/~~UXVZFhDNV4u55o3J_HoOeA==/com.android.tradefed.utils.wifi-33qvfme5yNDmR9c1Gyx_9g==/lib/arm64, permitted_path=/data:/mnt/expand:/data/user/0/com.android.tradefed.utils.wifi
02-18 01:38:57.321 10126  5770  5770 D nativeloader: Configuring clns-6 for other apk /data/app/~~UXVZFhDNV4u55o3J_HoOeA==/com.android.tradefed.utils.wifi-33qvfme5yNDmR9c1Gyx_9g==/base.apk. target_sdk_version=31, uses_libraries=, library_path=/data/app/~~UXVZFhDNV4u55o3J_HoOeA==/com.android.tradefed.utils.wifi-33qvfme5yNDmR9c1Gyx_9g==/lib/arm64, permitted_path=/data:/mnt/expand:/data/user/0/com.android.tradefed.utils.wifi
02-18 01:38:57.327 10126  5770  5770 V GraphicsEnvironment: Currently set values for:
02-18 01:38:57.327 10126  5770  5770 V GraphicsEnvironment:   angle_gl_driver_selection_pkgs=[]
02-18 01:38:57.327 10126  5770  5770 V GraphicsEnvironment:   angle_gl_driver_selection_values=[]
02-18 01:38:57.327 10126  5770  5770 V GraphicsEnvironment: Global.Settings values are invalid: number of packages: 0, number of values: 0
02-18 01:38:57.327 10126  5770  5770 V GraphicsEnvironment: Neither updatable production driver nor prerelease driver is supported.
02-18 01:38:57.333 10126  5770  5770 I UiAutomation: Initialized for user 0 on display 0
02-18 01:38:57.335  1000  1483  3796 D AccessibilityManagerService: changeCurrentUserForTestAutomationIfNeededLocked(0): ignoring because device doesn't support visible background users
02-18 01:38:57.335  1000  1483  3796 I UiAutomationManager: Registering UiTestAutomationService (id=com.android.server.accessibility/UiAutomation) when called by user 0
02-18 01:38:57.338  1000  1483  3796 W MagnificationConnectionManager: requestConnection duplicated request: connect=false, mConnectionState=DISCONNECTED
02-18 01:38:57.340  1000  1483  1483 D BatterySaverPolicy: accessibility changed to true, updating policy.
02-18 01:38:57.342 10126  5770  5786 V UiAutomation: Init UiAutomation@ae99ffe[id=5, displayId=0, flags=0]
02-18 01:38:57.345  1000  1483  3796 I am_uid_active: 10126
02-18 01:38:57.349  1000  1483  2931 I WifiService: getVerboseLoggingLevel uid=10126
02-18 01:38:57.351  root   866  5789 I resolv  : GetAddrInfoHandler::run: {0 0 0 983040 10126 0}
02-18 01:38:57.352 10126  5770  5787 E WifiConnector: Failed to open connection to check connectivity
02-18 01:38:57.353  1000  1483  2931 W MagnificationConnectionManager: requestConnection duplicated request: connect=false, mConnectionState=DISCONNECTED
02-18 01:38:57.353  1000  1483  2931 D AccessibilityManagerService: restoreCurrentUserForTestAutomationIfNeededLocked(): ignoring because device doesn't support visible background users
02-18 01:38:57.355  1000  1483  3796 I ActivityManager: Force stopping com.android.tradefed.utils.wifi appid=10126 user=0: finished inst
02-18 01:38:57.355  1000  1483  1483 D BatterySaverPolicy: accessibility changed to false, updating policy.
02-18 01:38:57.355  1000  1483  3796 E ActivityManager: Unable to freeze binder for 5770: -11
02-18 01:38:57.356  1000  1483  3796 I am_uid_stopped: 10126
02-18 01:38:57.357 shell  5756  5756 I app_process: System.exit called, status: 0
02-18 01:38:57.357 shell  5756  5756 I AndroidRuntime: VM exiting with result code 0.
02-18 01:38:57.357  1000  1483  3796 I ActivityManager: Killing 5770:com.android.tradefed.utils.wifi/u0a126 (adj 0): stop com.android.tradefed.utils.wifi due to finished inst
02-18 01:38:57.358  1000  1483  1716 D DisplayManagerService: Drop pending events for gone uid 10126
02-18 01:38:57.358  1000  1483  3796 I am_kill : [0,5770,com.android.tradefed.utils.wifi,0,stop com.android.tradefed.utils.wifi due to finished inst,103424]
02-18 01:38:57.387  1000  3796  3796 I binder  : 1483:3796 ioctl 400c620e 72b702238c returned -11
02-18 01:38:57.387  1000  3796  3796 I binder  : 1483:3796 ioctl 400c620e 72b702238c returned -11
02-18 01:38:57.391  1000  1483  3796 V ActivityManager: Got obituary of 5770:com.android.tradefed.utils.wifi
02-18 01:38:57.422  root   129   129 I binder  : undelivered TRANSACTION_COMPLETE
02-18 01:38:57.422  root   129   129 I binder  : undelivered transaction 180633, process died.
02-18 01:38:57.391  1000  1483  1738 I libprocessgroup: Removed cgroup /sys/fs/cgroup/uid_10126/pid_5770
02-18 01:38:57.392  root   867   867 I Zygote  : Process 5770 exited due to signal 9 (Killed)
02-18 01:38:57.553  1000  1483  1873 I commit_sys_config_file: [settings-2-0,14]
02-18 01:38:57.751  1000  1483  1874 D ActivityManager: freezing 4324 com.android.packageinstaller
02-18 01:38:57.752  1000  1483  1874 I am_freeze: [4324,com.android.packageinstaller]
02-18 01:39:00.110  1000  1483  2817 I storage_state: [41217664-9172-527a-b3d5-edabb50a7d69,0,0,115974258688,118015217664]
02-18 01:39:00.171  1000  1483  1874 D ActivityManager: freezing 3581 com.android.documentsui
02-18 01:39:00.177  1000  1483  1874 I am_freeze: [3581,com.android.documentsui]
02-18 01:39:00.226  1000  1483  1874 D ActivityManager: freezing 3918 android.process.media
02-18 01:39:00.227  1000  1483  1874 I am_freeze: [3918,android.process.media]
02-18 01:39:00.234 10123  2882  2910 I PermissionControllerServiceImpl: Updating user sensitive for user 0
02-18 01:39:00.282  1000  1483  1874 I am_compact: [3918,android.process.media,ANON,116148,61940,53340,0,-4832,-76,-4756,4700,53,SOME,0,905,19,27056,-1108]
02-18 01:39:00.348 radio  3073  4424 D SatelliteController: requestIsSatelliteSupported: oemEnabledSatelliteFlag is disabled
02-18 01:39:00.351 10094  2875  2942 E DeviceBasedSatelliteRepo: Exception when checking for satellite support. Assuming it is not supported for this device.
02-18 01:39:00.351 10094  2875  2942 E DeviceBasedSatelliteRepo: android.telephony.satellite.SatelliteManager$SatelliteException
02-18 01:39:00.351 10094  2875  2942 E DeviceBasedSatelliteRepo: 	at android.telephony.satellite.SatelliteManager$5.lambda$onReceiveResult$4(SatelliteManager.java:750)
02-18 01:39:00.351 10094  2875  2942 E DeviceBasedSatelliteRepo: 	at android.telephony.satellite.SatelliteManager$5$$ExternalSyntheticLambda0.runOrThrow(D8$$SyntheticClass:0)
02-18 01:39:00.351 10094  2875  2942 E DeviceBasedSatelliteRepo: 	at android.os.Binder.withCleanCallingIdentity(Binder.java:550)
02-18 01:39:00.351 10094  2875  2942 E DeviceBasedSatelliteRepo: 	at android.telephony.satellite.SatelliteManager$5.lambda$onReceiveResult$5(SatelliteManager.java:749)
02-18 01:39:00.351 10094  2875  2942 E DeviceBasedSatelliteRepo: 	at android.telephony.satellite.SatelliteManager$5$$ExternalSyntheticLambda5.run(D8$$SyntheticClass:0)
02-18 01:39:00.351 10094  2875  2942 E DeviceBasedSatelliteRepo: 	at java.util.concurrent.Executors$RunnableAdapter.call(Executors.java:487)
02-18 01:39:00.351 10094  2875  2942 E DeviceBasedSatelliteRepo: 	at java.util.concurrent.FutureTask.run(FutureTask.java:264)
02-18 01:39:00.351 10094  2875  2942 E DeviceBasedSatelliteRepo: 	at java.util.concurrent.ScheduledThreadPoolExecutor$ScheduledFutureTask.run(ScheduledThreadPoolExecutor.java:307)
02-18 01:39:00.351 10094  2875  2942 E DeviceBasedSatelliteRepo: 	at java.util.concurrent.ThreadPoolExecutor.runWorker(ThreadPoolExecutor.java:1145)
02-18 01:39:00.351 10094  2875  2942 E DeviceBasedSatelliteRepo: 	at java.util.concurrent.ThreadPoolExecutor$Worker.run(ThreadPoolExecutor.java:644)
02-18 01:39:00.351 10094  2875  2942 E DeviceBasedSatelliteRepo: 	at java.lang.Thread.run(Thread.java:1012)
02-18 01:39:00.674  1017   540  4587 I keystore2: system/security/keystore2/watchdog/src/lib.rs:319 - Watchdog thread idle -> terminating. Have a great day.
02-18 01:39:00.712  root     1     1 I init    : starting service 'securedpud.slider'...
02-18 01:39:00.733  root     1     1 I init    : ... started service 'securedpud.slider' has pid 5793
02-18 01:39:00.734  root     1     1 I init    : starting service 'trusty_metricsd'...
02-18 01:39:00.742  root     1     1 I init    : ... started service 'trusty_metricsd' has pid 5794
02-18 01:39:00.730  1000  5793  5793 I securedpud.slider: starting securedpud
02-18 01:39:00.730  1000  5793  5793 I securedpud.slider: trusty dev: /dev/trusty-ipc-dev0
02-18 01:39:00.730  1000  5793  5793 I DMABUFHEAPS: Using DMA-BUF heap named: tui-secure
