02-18 01:38:43.432  1000  1483  1873 I commit_sys_config_file: [settings-0-0,8]
02-18 01:38:43.986 10089  3070  3961 W SHANNON_IMS: 0381 [CONN] Timer IMS_SUPPORT_SERVICE_TIMER expired (ConnectionTimer$ConnectionTimerTask%run:70)
02-18 01:38:43.987 10089  3070  3961 W SHANNON_IMS: 0382 [SIM#] Invalid sub id : -1   with slot id : 0 (SubscriptionWrapper%getSubId:55)
02-18 01:38:43.988 10089  3070  3961 D SHANNON_IMS: 0383 [CONF] updateRcsCarrierConfigItems, subId : -1 (RcsSettings%updateRcsCarrierConfigItems:78)
02-18 01:38:43.988 10089  3070  3961 D SHANNON_IMS: 0384 [CONF] unable to read from CarrierConfig (RcsSettings%updateRcsCarrierConfigItems:80)
02-18 01:38:43.988 10089  3070  3961 D SHANNON_IMS: 0385 [CONN] triggerRegistering by SUPPORT [SLID:0] (ImsConnectivityMgr%triggerRegistering:3669)
02-18 01:38:43.989 10089  3070  3961 W SHANNON_IMS: 0386 [SIM#] Invalid sub id : -1   with slot id : 0 (SubscriptionWrapper%getSubId:55)
02-18 01:38:43.989 10089  3070  3961 D SHANNON_IMS: 0387 [CONF] updateRcsCarrierConfigItems, subId : -1 (RcsSettings%updateRcsCarrierConfigItems:78)
02-18 01:38:43.989 10089  3070  3961 D SHANNON_IMS: 0388 [CONF] unable to read from CarrierConfig (RcsSettings%updateRcsCarrierConfigItems:80)
02-18 01:38:43.990 10089  3070  3961 D SHANNON_IMS: 0389 [CONN] triggerRegistering() stopped by: !mConnectivityRuleMgr.isConnectionEnabled() (ImsConnectivityMgr%isTriggerRegisteringReturnCondition:3592)
02-18 01:38:45.127  1000  1483  1874 D ActivityManager: freezing 3713 android.process.acore
02-18 01:38:45.128  1000  1483  1874 I am_freeze: [3713,android.process.acore]
02-18 01:38:45.129  1000  1483  1874 D ActivityManager: freezing 4001 com.android.contacts
02-18 01:38:45.129  1000  1483  1874 I am_freeze: [4001,com.android.contacts]
02-18 01:38:45.130  1000  1483  1874 D ActivityManager: freezing 3900 .ShannonImsService
02-18 01:38:45.130  1000  1483  1874 I am_freeze: [3900,.ShannonImsService]
02-18 01:38:45.131  1000  1483  1874 D ActivityManager: freezing 3854 com.shannon.rcsservice:shannonrcsservice
02-18 01:38:45.131  1000  1483  1874 I am_freeze: [3854,com.shannon.rcsservice:shannonrcsservice]
02-18 01:38:45.186  1000  1483  1874 I am_compact: [3713,android.process.acore,ANON,126288,69336,55880,0,-8160,-72,-8088,7992,55,SOME,0,925,19,22200,-1724]
02-18 01:38:45.206  1000  1483  1874 I am_compact: [4001,com.android.contacts,ANON,107564,54236,52508,0,-3544,0,-3544,3504,19,SOME,0,945,19,23924,-860]
02-18 01:38:45.226  1000  1483  1874 I am_compact: [3900,.ShannonImsService,ANON,112324,58940,52544,0,-3748,0,-3748,3692,19,SOME,0,999,19,24784,-908]
02-18 01:38:45.247  1080   900   956 I CHRE    : @  91.073: [ImuCal] [GYRO_RPS] (s0, c0) Offset | Temp [C] | Quality: 0.002026, 0.002372, 0.000332 | 33.84 | 4
02-18 01:38:45.247  1080   900   956 I CHRE    : @  91.073: [ImuCal] [GYRO_RPS] (s0) Temp Sensitivity: -.000170, -.000085, 0.000121
02-18 01:38:45.247  1080   900   956 I CHRE    : @  91.074: [ImuCal] [GYRO_RPS] (s0) Temp Intercept: 0.007786, 0.005323, -.003769
02-18 01:38:45.249  1000  1483  1874 I am_compact: [3854,com.shannon.rcsservice:shannonrcsservice,ANON,116048,62368,52820,0,-4768,0,-4768,4712,22,SOME,0,999,19,25692,-1028]
02-18 01:38:45.296  root     0     0 E         : [    C2] exynos5-hsi2c 10970000.hsi2c: HSI2C Error Interrupt occurred(IS:0x00000400, TR:0x00080001)
02-18 01:38:45.296  root     0     0 E         : [    C2] exynos5-hsi2c 10970000.hsi2c: HSI2C NO ACK occurred
02-18 01:38:45.296   nfc  3895  3895 E exynos5-hsi2c 10970000.hsi2c: ack was not received at write
02-18 01:38:45.296   nfc  3895  3895 I exynos5-hsi2c 10970000.hsi2c: exynos5_i2c_set_timing IPCLK = 199680000 OP_CLK = 400000 DIV = 31 Timing FS1 = 0x1F0FF00 TIMING FS2 = 0x30003E0 TIMING FS3 = 0x1F0000
02-18 01:38:45.296   nfc  3895  3895 E st21nfc i2c-st21nfc: st21nfc_dev_write : i2c_master_send returned -6
02-18 01:38:45.331  1000   905   905 W healthd : battery l=84 v=4163 t=27.1 h=2 st=4 c=-436562 fc=4280000 cc=121 chg=
02-18 01:38:45.310 10094  2875  5314 D PowerUI : can't show warning due to - plugged: true status unknown: false
02-18 01:38:45.380  root   991   991 I s3c2410-wdt 10070000.watchdog_cl1: Watchdog cluster 1 keepalive!, old_wtcnt = 7752, wtcnt = cc8c
02-18 01:38:45.433   nfc  3543  3543 I NfcDispatcher: no match
02-18 01:38:45.592  1000  1483  1759 I LockSettingsService: Executing shell command 'get-disabled'; callingPid=5335, callingUid=2000
02-18 01:38:45.623  1000  1483  1873 I commit_sys_config_file: [settings-2-0,11]
02-18 01:38:45.627 10094  2875  2875 D CentralSurfaces: mUserSetupObserver - DeviceProvisionedListener called for current user
02-18 01:38:45.630  1000  1483  1716 D AutofillUI: destroySaveUiUiThread(): already destroyed
02-18 01:38:45.631  1000  1483  1733 D AutofillManagerServiceImpl: Reset component for user 0:null
02-18 01:38:45.632  1000  1483  1733 D AutofillManagerServiceImpl: Reset component for user 0:null
02-18 01:38:45.632  1000  1483  1733 D FieldClassificationStrategy: reset(): service is not bound. Do nothing.
02-18 01:38:45.632  1000  1483  1716 D AutofillUI: destroySaveUiUiThread(): already destroyed
02-18 01:38:45.633  1000  1483  4038 I DeviceLockServiceImpl: User set up complete reported for: UserHandle{0}
02-18 01:38:45.637 10090  3150  3150 D b/254119092: destroyExistingTaskbar: null
02-18 01:38:45.637 10090  3150  3150 D b/254119092: mActivity and mContext agree taskbarIsPresent=false
02-18 01:38:45.637 10090  3150  3150 D b/254119092: recreateTaskbar: isTaskbarEnabled=false [dp != null (i.e. mUserUnlocked)]=true FLAG_HIDE_NAVBAR_WINDOW=false dp.isTaskbarPresent=false
02-18 01:38:45.637 10090  3150  3150 D b/254119092: mActivity and mContext agree taskbarIsPresent=false
02-18 01:38:45.642  1000  1483  2799 V WifiService: onReceive: MODE_CHANGED_ACTION: intent=Intent { act=android.location.MODE_CHANGED flg=0x50000010 (has extras) }
02-18 01:38:45.643  1000  1483  2799 D WifiNative: mIsLocationModeEnabled true mLastLocationModeEnabledTimeMs 23369
02-18 01:38:45.643  1000  1483  1483 V RttServiceImpl: onReceive: MODE_CHANGED_ACTION: intent=Intent { act=android.location.MODE_CHANGED flg=0x50000010 (has extras) }
02-18 01:38:45.643  1000  1483  2861 V WifiAwareStateManager: onReceive: MODE_CHANGED_ACTION: intent=Intent { act=android.location.MODE_CHANGED flg=0x50000010 (has extras) }
02-18 01:38:45.643  1000  1483  2861 I WifiService: getWifiEnabledState uid=1000 state=1
02-18 01:38:45.643  1000  1483  2861 D WifiAwareStateManager: enableUsage(): while Wi-Fi is disabled - ignoring
02-18 01:38:45.649  1080   900   956 D CHRE    : @  91.476: Posting setting change: setting type 0 enabled 1
02-18 01:38:45.649  1080   900   956 D CHRE    : @  91.477: Setting changed callback called for setting 0 enabled 1
02-18 01:38:45.683  root     1     1 I init    : starting service 'securedpud.slider'...
02-18 01:38:45.666  1000  1483  1759 I LockSettingsService: Executing shell command 'get-disabled'; callingPid=5377, callingUid=2000
02-18 01:38:45.695  root     1     1 I init    : ... started service 'securedpud.slider' has pid 5393
02-18 01:38:45.695  root     1     1 I init    : starting service 'trusty_metricsd'...
02-18 01:38:45.702  root     1     1 I init    : ... started service 'trusty_metricsd' has pid 5402
02-18 01:38:45.676  1000  1483  1733 W PinnerService: Could not find pinlist.meta for "/system_ext/priv-app/Launcher3QuickStep/Launcher3QuickStep.apk": pinning as blob
02-18 01:38:45.677  1000  5402  5402 I trusty_metricsd: starting trusty_metricsd
02-18 01:38:45.677  1000  5402  5402 I trusty_metricsd: trusty dev: /dev/trusty-ipc-dev0
02-18 01:38:45.678  1000  5402  5402 E libtrusty: tipc_connect: can't connect to tipc service "com.android.frameworks.stats.trusty.metrics.istats_setter" (err=107)
02-18 01:38:45.678  1000  5402  5402 E RpcTrusty: Failed to connect to Trusty service. Error code: -107
02-18 01:38:45.678  1000  5402  5402 E RpcTrusty: Failed to set up Trusty client. Error: BAD_VALUE
02-18 01:38:45.678  1000  5402  5402 E trusty_metricsd: failed to connect TrustyMetricsPixel to Trusty: failed to connect to Trusty metrics TA: Transport endpoint is not connected
02-18 01:38:45.678  1000  5402  5402 W RefBase : RefBase: Explicit destruction, weak count = 0 (in 0xb40000772992ef98). Use sp<> to manage this object.
02-18 01:38:45.678  1000  5402  5402 W RefBase : CallStack::getCurrentInternal not linked, returning null
02-18 01:38:45.678  1000  5402  5402 W RefBase : CallStack::logStackInternal not linked
02-18 01:38:45.678  1000  5402  5402 E trusty_metricsd: failed to open Trusty metrics client
02-18 01:38:45.678  1000  5402  5402 E trusty_metricsd: trying to connect to Trusty metrics TA at old TIPC port
02-18 01:38:45.678  1000  5402  5402 E libtrusty: tipc_connect: can't connect to tipc service "com.android.trusty.metrics" (err=107)
02-18 01:38:45.679  1000  5402  5402 E trusty_metricsd: failed to open TrustyMetricsPixelTipc: failed to connect to Trusty metrics TA: Transport endpoint is not connected
02-18 01:38:45.679  1000  5402  5402 E trusty_metricsd: failed to open Trusty metrics client
02-18 01:38:45.711  root     1     1 I init    : Service 'trusty_metricsd' (pid 5402) exited with status 1
02-18 01:38:45.712  root     1     1 I init    : Sending signal 9 to service 'trusty_metricsd' (pid 5402) process group...
02-18 01:38:45.713  root     1     1 I libprocessgroup: Removed cgroup /sys/fs/cgroup/uid_1000/pid_5402
02-18 01:38:45.713  root     1     1 E init    : process with updatable components 'trusty_metricsd' exited 4 times in 4 minutes
02-18 01:38:45.684  1000  5393  5393 I securedpud.slider: starting securedpud
02-18 01:38:45.684  1000  5393  5393 I securedpud.slider: trusty dev: /dev/trusty-ipc-dev0
02-18 01:38:45.684  1000  5393  5393 I DMABUFHEAPS: Using DMA-BUF heap named: tui-secure
02-18 01:38:45.685  1000  5393  5393 E libtrusty: tipc_connect: can't connect to tipc service "com.android.trusty.secure_dpu" (err=107)
02-18 01:38:45.685  1000  5393  5393 E securedpud.slider: Failed to connect to: /dev/trusty-ipc-dev0
02-18 01:38:45.716  root     1     1 I init    : processing action (sys.init.updatable_crashing=1) from (/system/etc/init/flags_health_check.rc:10)
02-18 01:38:45.717  root     1     1 I init    : starting service 'exec 39 (/system/bin/flags_health_check UPDATABLE_CRASHING)'...
02-18 01:38:45.720  root     1     1 I init    : ... started service 'exec 39 (/system/bin/flags_health_check UPDATABLE_CRASHING)' has pid 5410
02-18 01:38:45.720  root     1     1 I init    : SVC_EXEC service 'exec 39 (/system/bin/flags_health_check UPDATABLE_CRASHING)' pid 5410 (uid 1000 gid 1000+0 context default) started; waiting...
02-18 01:38:45.720  root     1     1 I init    : Service 'securedpud.slider' (pid 5393) exited with status 1
02-18 01:38:45.720  root     1     1 I init    : Sending signal 9 to service 'securedpud.slider' (pid 5393) process group...
02-18 01:38:45.720  root     1     1 I libprocessgroup: Removed cgroup /sys/fs/cgroup/uid_1000/pid_5393
02-18 01:38:45.721  root     1     1 E init    : process with updatable components 'securedpud.slider' exited 4 times in 4 minutes
02-18 01:38:45.696  1000  1483  1887 I input_interaction: Interaction with: 2bc8e0f com.android.launcher3/com.android.launcher3.uioverrides.QuickstepLauncher (server), PointerEventDispatcher0 (server), 
02-18 01:38:45.703  1000  1483  1715 D AutofillManagerService: Close system dialogs
02-18 01:38:45.703  1000  1483  2799 V WifiDialogManager: Received action: android.intent.action.CLOSE_SYSTEM_DIALOGS
02-18 01:38:45.703  1000  1483  2799 V WifiDialogManager: ACTION_CLOSE_SYSTEM_DIALOGS received, cancelling all legacy dialogs.
02-18 01:38:45.705 10094  2875  2875 I vol.VolumeDialogImpl: mDialog.dismiss() reason: volume_controller from: com.android.systemui.volume.VolumeDialogImpl$7.onDismissRequested:3
02-18 01:38:45.706  1000  5410  5410 I flags_health_check: ServerConfigurableFlagsReset reset_mode value: 1
02-18 01:38:45.706  1000  5410  5410 I flags_health_check: ServerConfigurableFlagsReset updatable crashing detected, resetting flags.
02-18 01:38:45.747  root     1     1 I init    : Service 'exec 39 (/system/bin/flags_health_check UPDATABLE_CRASHING)' (pid 5410) exited with status 0 waiting took 0.027000 seconds
02-18 01:38:45.747  root     1     1 I init    : Sending signal 9 to service 'exec 39 (/system/bin/flags_health_check UPDATABLE_CRASHING)' (pid 5410) process group...
02-18 01:38:45.747  root     1     1 I libprocessgroup: Removed cgroup /sys/fs/cgroup/uid_1000/pid_5410
02-18 01:38:45.748  root     1     1 I init    : processing action (sys.init.updatable_crashing=1) from (/system/etc/init/flags_health_check.rc:10)
02-18 01:38:45.748  root     1     1 I init    : starting service 'exec 40 (/system/bin/flags_health_check UPDATABLE_CRASHING)'...
02-18 01:38:45.750  root     1     1 I init    : ... started service 'exec 40 (/system/bin/flags_health_check UPDATABLE_CRASHING)' has pid 5417
02-18 01:38:45.750  root     1     1 I init    : SVC_EXEC service 'exec 40 (/system/bin/flags_health_check UPDATABLE_CRASHING)' pid 5417 (uid 1000 gid 1000+0 context default) started; waiting...
02-18 01:38:45.730  1000  5417  5417 I flags_health_check: ServerConfigurableFlagsReset reset_mode value: 1
02-18 01:38:45.731  1000  5417  5417 I flags_health_check: ServerConfigurableFlagsReset updatable crashing detected, resetting flags.
02-18 01:38:45.736  1000  1483  1715 D AutofillManagerService: Close system dialogs
02-18 01:38:45.736  1000  1483  2799 V WifiDialogManager: Received action: android.intent.action.CLOSE_SYSTEM_DIALOGS
02-18 01:38:45.736  1000  1483  2799 V WifiDialogManager: ACTION_CLOSE_SYSTEM_DIALOGS received, cancelling all legacy dialogs.
02-18 01:38:45.737 10094  2875  2875 I vol.VolumeDialogImpl: mDialog.dismiss() reason: volume_controller from: com.android.systemui.volume.VolumeDialogImpl$7.onDismissRequested:3
02-18 01:38:45.737 10094  2875  2875 D vol.VolumeDialogImpl: dismissH: skipping dismiss because isAnimatingDismiss is true and showingStateInconsistent is false
02-18 01:38:45.737  1000  1483  1716 W ActivityTaskManager: callingPackage for (uid=-1, pid=0) has no WPC
02-18 01:38:45.766  root     1     1 I init    : Service 'exec 40 (/system/bin/flags_health_check UPDATABLE_CRASHING)' (pid 5417) exited with status 0 waiting took 0.017000 seconds
02-18 01:38:45.766  root     1     1 I init    : Sending signal 9 to service 'exec 40 (/system/bin/flags_health_check UPDATABLE_CRASHING)' (pid 5417) process group...
02-18 01:38:45.767  root     1     1 I libprocessgroup: Removed cgroup /sys/fs/cgroup/uid_1000/pid_5417
02-18 01:38:45.740  1000  1483  1716 I wm_new_intent: [0,129864166,7,com.android.launcher3/.uioverrides.QuickstepLauncher,android.intent.action.MAIN,NULL,NULL,268435712]
02-18 01:38:45.741  1000  1483  1716 I wm_task_moved: [1,1,0,1,1]
02-18 01:38:45.741  1000  1483  1716 I wm_set_keyguard_occluded: [0,0,0,setOccluded]
02-18 01:38:45.742 10094  2875  2891 D KeyguardService: setOccluded(false)
02-18 01:38:45.742 10094  2875  2891 D KeyguardViewMediator: setOccluded(false)
02-18 01:38:45.742 10094  2875  2875 D KeyguardViewMediator: handleSetOccluded(false)
02-18 01:38:45.742 10094  2875  2875 I sysui_keyguard: [0,0]
02-18 01:38:45.742 10094  2875  2875 D KeyguardViewMediator: KeyguardViewMediator queue processing message: SET_OCCLUDED
02-18 01:38:45.742 10094  2875  2917 I jank_cuj_events_cancel_request: [23,1771349925742202000,68922834912,68922835237]
02-18 01:38:45.742  1000  1483  1716 I ActivityTaskManager: START u0 {act=android.intent.action.MAIN cat=[android.intent.category.HOME] flg=0x10000100 cmp=com.android.launcher3/.uioverrides.QuickstepLauncher (has extras)} with LAUNCH_SINGLE_TASK from uid 0 (BAL_ALLOW_ALLOWLISTED_UID) result code=3
02-18 01:38:45.742 10094  2875  2915 D WindowManagerShell: onActivityRestartAttempt: ComponentInfo{com.android.launcher3/com.android.launcher3.uioverrides.QuickstepLauncher}
02-18 01:38:45.782 10090  3150  3150 I wm_on_top_resumed_lost_called: [129864166,com.android.launcher3.uioverrides.QuickstepLauncher,pausing]
02-18 01:38:45.782 10090  3150  3150 W SplitSelectStateCtor: Missing session instanceIds
02-18 01:38:45.782 10090  3150  3150 D StatsLog: LAUNCHER_SPLIT_SELECTION_EXIT_INTERRUPTED
02-18 01:38:45.782 10090  3150  3150 I wm_on_paused_called: [129864166,com.android.launcher3.uioverrides.QuickstepLauncher,performPause,0]
02-18 01:38:45.783 10090  3150  3150 I wm_on_resume_called: [129864166,com.android.launcher3.uioverrides.QuickstepLauncher,LIFECYCLER_RESUME_ACTIVITY,0]
02-18 01:38:45.783 10090  3150  3150 I wm_on_top_resumed_gained_called: [129864166,com.android.launcher3.uioverrides.QuickstepLauncher,topWhenResuming]
02-18 01:38:45.784 10090  3150  3150 D StatsLog: LAUNCHER_ONRESUME
02-18 01:38:45.801  1000  1483  1873 I commit_sys_config_file: [settings-0-0,8]
02-18 01:38:45.822  1000  1483  1873 I commit_sys_config_file: [settings-2-0,4]
02-18 01:38:45.953  1000  1483  1717 I commit_sys_config_file: [package-session,1]
02-18 01:38:45.955  1000  1483  1717 I commit_sys_config_file: [package-session,1]
02-18 01:38:45.955  1000  1483  1847 E AtomicFile: Failed to rename /data/system/install_sessions.xml.new to /data/system/install_sessions.xml
02-18 01:38:45.955  1000  1483  1847 I commit_sys_config_file: [package-session,2]
02-18 01:38:45.969 10094  2875  2917 I jank_cuj_events_end_request: [55,1771349925969338000,69149978141,69149978630]
02-18 01:38:45.983  1000  1483  2799 D WifiHealthMonitor: Run post-boot detection
02-18 01:38:45.983  1000  1483  2799 D WifiHealthMonitor:  preBootScanTimeMs: -1
02-18 01:38:45.983  1000  1483  2799 D WifiHealthMonitor:  postBootScanTimeMs: -1
02-18 01:38:45.983  1000  1483  2799 D WifiHealthMonitor:  preBootScan 2G count: 0, Above2G count: 0
02-18 01:38:45.983  1000  1483  2799 D WifiHealthMonitor:  postBootScan 2G count: 0, Above2G count: 0
02-18 01:38:45.983  1000  1483  2799 D WifiHealthMonitor:  postBootAbnormalScanDetection: 0
02-18 01:38:45.985  1000  1483  2795 W BestClock: java.time.DateTimeException: Missing network time fix
02-18 01:38:45.987  root   866   896 I netd    : tetherGetStats() -> {[]} <1.37ms>
02-18 01:38:45.989  1000  1483  2795 W BestClock: java.time.DateTimeException: Missing network time fix
02-18 01:38:45.989  1000  1483  2795 I netstats_mobile_sample: [0,0,0,0,0,0,0,0,1771349925989]
02-18 01:38:45.989  1000  1483  2795 I netstats_wifi_sample: [0,0,0,0,0,0,0,0,1771349925989]
02-18 01:38:45.990  root   866   896 I netd    : bandwidthSetGlobalAlert(2097152) <0.33ms>
02-18 01:38:45.992  1000  1483  1895 I service_manager_stats: [100,164,35552]
02-18 01:38:45.996  1000  1483  1895 W PackageParsing: No actions in intent-filter at /data/app/vmdl2078484184.tmp/base.apk Binary XML file line #81
02-18 01:38:45.997  1000  1483  1895 W PackageParsing: No actions in intent-filter at /data/app/vmdl2078484184.tmp/base.apk Binary XML file line #89
02-18 01:38:45.997  1000  1483  1895 W PackageParsing: No actions in intent-filter at /data/app/vmdl2078484184.tmp/base.apk Binary XML file line #97
02-18 01:38:46.002  1000  1483  1895 W RuleEvaluation: Integrity rule files are not available.
02-18 01:38:46.002  1000  1483  1765 I PackageManager: Integrity check passed for file:///data/app/vmdl2078484184.tmp
02-18 01:38:46.006  1000  1483  1717 I commit_sys_config_file: [package-session,3]
02-18 01:38:46.007  1000  1483  1765 W PackageParsing: No actions in intent-filter at /data/app/vmdl2078484184.tmp/base.apk Binary XML file line #81
02-18 01:38:46.008  1000  1483  1765 W PackageParsing: No actions in intent-filter at /data/app/vmdl2078484184.tmp/base.apk Binary XML file line #89
02-18 01:38:46.008  1000  1483  1765 W PackageParsing: No actions in intent-filter at /data/app/vmdl2078484184.tmp/base.apk Binary XML file line #97
02-18 01:38:46.072  1000  1483  1765 I commit_sys_config_file: [package,18]
02-18 01:38:46.072  1000  1483  1765 D PackageManager: Instant App installer not found with android.intent.action.INSTALL_INSTANT_APP_PACKAGE
02-18 01:38:46.072  1000  1483  1765 D PackageManager: Clear ephemeral installer activity
02-18 01:38:46.103  logd  5149  5149 I logd    : start watching /data/system/packages.list ...
02-18 01:38:46.105  logd  5149  5149 I logd    : ReadPackageList, total packages: 133
02-18 01:38:46.089  1000  1483  1762 I commit_sys_config_file: [package-user-0,18]
02-18 01:38:46.104  artd  1913  2100 I artd    : Merge skipped because there are no existing profiles
02-18 01:38:46.107  artd  1913  2100 I artd    : Dex parent of /data/app/~~lQDTA9mESwlqWHgrZX8NxQ==/android.display.cts-OM0VZ46Pi_XJ0YQYO9HLgA==/base.apk is not writable: Permission denied
02-18 01:38:46.107  artd  1913  2100 I artd    : GetBestInfo checking odex in dalvik-cache (/data/dalvik-cache/arm64/data@app@~~lQDTA9mESwlqWHgrZX8NxQ==@android.display.cts-OM0VZ46Pi_XJ0YQYO9HLgA==@base.apk@classes.dex)
02-18 01:38:46.107  artd  1913  2100 I artd    : Loading /data/dalvik-cache/arm64/data@app@~~lQDTA9mESwlqWHgrZX8NxQ==@android.display.cts-OM0VZ46Pi_XJ0YQYO9HLgA==@base.apk@classes.dex with executable: 0
02-18 01:38:46.107  artd  1913  2100 I artd    : OatFileAssistant test for existing oat file /data/dalvik-cache/arm64/data@app@~~lQDTA9mESwlqWHgrZX8NxQ==@android.display.cts-OM0VZ46Pi_XJ0YQYO9HLgA==@base.apk@classes.dex: File /data/dalvik-cache/arm64/data@app@~~lQDTA9mESwlqWHgrZX8NxQ==@android.display.cts-OM0VZ46Pi_XJ0YQYO9HLgA==@base.apk@classes.vdex does not exist.
02-18 01:38:46.107  artd  1913  2100 I artd    : GetBestInfo checking odex next to the dex file (/data/app/~~lQDTA9mESwlqWHgrZX8NxQ==/android.display.cts-OM0VZ46Pi_XJ0YQYO9HLgA==/oat/arm64/base.odex)
02-18 01:38:46.107  artd  1913  2100 I artd    : Loading /data/app/~~lQDTA9mESwlqWHgrZX8NxQ==/android.display.cts-OM0VZ46Pi_XJ0YQYO9HLgA==/oat/arm64/base.odex with executable: 0
02-18 01:38:46.107  artd  1913  2100 I artd    : OatFileAssistant test for existing oat file /data/app/~~lQDTA9mESwlqWHgrZX8NxQ==/android.display.cts-OM0VZ46Pi_XJ0YQYO9HLgA==/oat/arm64/base.odex: File /data/app/~~lQDTA9mESwlqWHgrZX8NxQ==/android.display.cts-OM0VZ46Pi_XJ0YQYO9HLgA==/oat/arm64/base.vdex does not exist.
02-18 01:38:46.107  artd  1913  2100 I artd    : GetBestInfo checking vdex in dalvik-cache (/data/dalvik-cache/arm64/data@app@~~lQDTA9mESwlqWHgrZX8NxQ==@android.display.cts-OM0VZ46Pi_XJ0YQYO9HLgA==@base.apk@classes.vdex)
02-18 01:38:46.107  artd  1913  2100 I artd    : unable to open vdex file /data/dalvik-cache/arm64/data@app@~~lQDTA9mESwlqWHgrZX8NxQ==@android.display.cts-OM0VZ46Pi_XJ0YQYO9HLgA==@base.apk@classes.vdex: File /data/dalvik-cache/arm64/data@app@~~lQDTA9mESwlqWHgrZX8NxQ==@android.display.cts-OM0VZ46Pi_XJ0YQYO9HLgA==@base.apk@classes.vdex does not exist.
02-18 01:38:46.107  artd  1913  2100 I artd    : OatFileAssistant test for existing oat file /data/dalvik-cache/arm64/data@app@~~lQDTA9mESwlqWHgrZX8NxQ==@android.display.cts-OM0VZ46Pi_XJ0YQYO9HLgA==@base.apk@classes.vdex: File /data/dalvik-cache/arm64/data@app@~~lQDTA9mESwlqWHgrZX8NxQ==@android.display.cts-OM0VZ46Pi_XJ0YQYO9HLgA==@base.apk@classes.vdex does not exist.
02-18 01:38:46.108  artd  1913  2100 I artd    : GetBestInfo checking vdex next to the dex file (/data/app/~~lQDTA9mESwlqWHgrZX8NxQ==/android.display.cts-OM0VZ46Pi_XJ0YQYO9HLgA==/oat/arm64/base.vdex)
02-18 01:38:46.108  artd  1913  2100 I artd    : unable to open vdex file /data/app/~~lQDTA9mESwlqWHgrZX8NxQ==/android.display.cts-OM0VZ46Pi_XJ0YQYO9HLgA==/oat/arm64/base.vdex: File /data/app/~~lQDTA9mESwlqWHgrZX8NxQ==/android.display.cts-OM0VZ46Pi_XJ0YQYO9HLgA==/oat/arm64/base.vdex does not exist.
02-18 01:38:46.108  artd  1913  2100 I artd    : OatFileAssistant test for existing oat file /data/app/~~lQDTA9mESwlqWHgrZX8NxQ==/android.display.cts-OM0VZ46Pi_XJ0YQYO9HLgA==/oat/arm64/base.vdex: File /data/app/~~lQDTA9mESwlqWHgrZX8NxQ==/android.display.cts-OM0VZ46Pi_XJ0YQYO9HLgA==/oat/arm64/base.vdex does not exist.
02-18 01:38:46.108  artd  1913  2100 I artd    : GetBestInfo checking dm (/data/app/~~lQDTA9mESwlqWHgrZX8NxQ==/android.display.cts-OM0VZ46Pi_XJ0YQYO9HLgA==/base.dm)
02-18 01:38:46.108  artd  1913  2100 W ziparchive: Unable to open '/data/app/~~lQDTA9mESwlqWHgrZX8NxQ==/android.display.cts-OM0VZ46Pi_XJ0YQYO9HLgA==/base.dm': No such file or directory
02-18 01:38:46.108  artd  1913  2100 I artd    : OatFileAssistant test for existing oat file /data/app/~~lQDTA9mESwlqWHgrZX8NxQ==/android.display.cts-OM0VZ46Pi_XJ0YQYO9HLgA==/base.dm: I/O error
02-18 01:38:46.108  artd  1913  2100 I artd    : GetBestInfo checking dm (/data/app/~~lQDTA9mESwlqWHgrZX8NxQ==/android.display.cts-OM0VZ46Pi_XJ0YQYO9HLgA==/base.dm)
02-18 01:38:46.108  artd  1913  2100 W ziparchive: Unable to open '/data/app/~~lQDTA9mESwlqWHgrZX8NxQ==/android.display.cts-OM0VZ46Pi_XJ0YQYO9HLgA==/base.dm': No such file or directory
02-18 01:38:46.108  artd  1913  2100 I artd    : OatFileAssistant test for existing oat file /data/app/~~lQDTA9mESwlqWHgrZX8NxQ==/android.display.cts-OM0VZ46Pi_XJ0YQYO9HLgA==/base.dm: I/O error
02-18 01:38:46.108  artd  1913  2100 I artd    : GetBestInfo no usable artifacts
02-18 01:38:46.119  artd  1913  1950 I artd    : Running dex2oat: /apex/com.android.art/bin/art_exec --drop-capabilities --set-task-profile=Dex2OatBootComplete --set-priority=background --keep-fds=7:8:9:10:11:12:13:14:15 -- /apex/com.android.art/bin/dex2oat64 --zip-fd=7 --zip-location=/data/app/~~lQDTA9mESwlqWHgrZX8NxQ==/android.display.cts-OM0VZ46Pi_XJ0YQYO9HLgA==/base.apk --oat-fd=8 --oat-location=/data/app/~~lQDTA9mESwlqWHgrZX8NxQ==/android.display.cts-OM0VZ46Pi_XJ0YQYO9HLgA==/oat/arm64/base.odex --output-vdex-fd=9 --swap-fd=10 --class-loader-context-fds=11:12:13:14:15 --class-loader-context=PCL[]{PCL[/system/framework/android.test.runner.jar]{PCL[/system/framework/android.test.base.jar]#PCL[/system/framework/android.test.mock.jar]}#PCL[/system/framework/android.test.base.jar]#PCL[/system/framework/android.test.mock.jar]} --classpath-dir=/data/app/~~lQDTA9mESwlqWHgrZX8NxQ==/android.display.cts-OM0VZ46Pi_XJ0YQYO9HLgA== --instruction-set=arm64 --instruction-set-features=default --instruction-set-variant=cortex-a55 --compiler-filter=verify --compilation-reason=install --compact-dex-level=none --max-image-block-size=524288 --resolve-startup-const-strings=true --generate-mini-debug-info --runtime-arg -Xtarget-sdk-version:34 --runtime-arg -Xhidden-api-policy:enabled --runtime-arg -Xms64m --runtime-arg -Xmx512m --comments=app-name:android.display.cts,app-version-name:14,app-version-code:34,art-version:350090000
02-18 01:38:46.119  artd  1913  1950 I artd    : Opened FDs: 7:/data/app/~~lQDTA9mESwlqWHgrZX8NxQ==/android.display.cts-OM0VZ46Pi_XJ0YQYO9HLgA==/base.apk 8:/data/app/~~lQDTA9mESwlqWHgrZX8NxQ==/android.display.cts-OM0VZ46Pi_XJ0YQYO9HLgA==/oat/arm64/base.odex.wAdkbR.tmp 9:/data/app/~~lQDTA9mESwlqWHgrZX8NxQ==/android.display.cts-OM0VZ46Pi_XJ0YQYO9HLgA==/oat/arm64/base.vdex.g1dQLe.tmp 10:/data/app/~~lQDTA9mESwlqWHgrZX8NxQ==/android.display.cts-OM0VZ46Pi_XJ0YQYO9HLgA==/oat/arm64/base.odex.swap.ZLYcui.tmp 11:/system/framework/android.test.mock.jar 12:/system/framework/android.test.base.jar 13:/system/framework/android.test.runner.jar 14:/system/framework/android.test.mock.jar 15:/system/framework/android.test.base.jar 
02-18 01:38:46.182  artd  5430  5430 W dex2oat64: Mismatch between dex2oat instruction set features to use (ISA: Arm64 Feature string: -a53,crc,lse,fp16,dotprod,-sve) and those from CPP defines (ISA: Arm64 Feature string: -a53,crc,-lse,fp16,dotprod,-sve) for the command line:
02-18 01:38:46.182  artd  5430  5430 W dex2oat64: /apex/com.android.art/bin/dex2oat64 --zip-fd=7 --zip-location=/data/app/~~lQDTA9mESwlqWHgrZX8NxQ==/android.display.cts-OM0VZ46Pi_XJ0YQYO9HLgA==/base.apk --oat-fd=8 --oat-location=/data/app/~~lQDTA9mESwlqWHgrZX8NxQ==/android.display.cts-OM0VZ46Pi_XJ0YQYO9HLgA==/oat/arm64/base.odex --output-vdex-fd=9 --swap-fd=10 --class-loader-context-fds=11:12:13:14:15 --class-loader-context=PCL[]{PCL[/system/framework/android.test.runner.jar]{PCL[/system/framework/android.test.base.jar]#PCL[/system/framework/android.test.mock.jar]}#PCL[/system/framework/android.test.base.jar]#PCL[/system/framework/android.test.mock.jar]} --classpath-dir=/data/app/~~lQDTA9mESwlqWHgrZX8NxQ==/android.display.cts-OM0VZ46Pi_XJ0YQYO9HLgA== --instruction-set=arm64 --instruction-set-features=default --instruction-set-variant=cortex-a55 --compiler-filter=verify --compilation-reason=install --compact-dex-level=none --max-image-block-size=524288 --resolve-startup-const-strings=true --generate-mini-debug-info --runtime-arg -Xtarget-sdk-version:34 --runtime-arg -Xhidden-api-policy:enabled --runtime-arg -Xms64m --runtime-arg -Xmx512m --comments=app-name:android.display.cts,app-version-name:14,app-version-code:34,art-version:350090000
02-18 01:38:46.183  artd  5430  5430 I dex2oat64: /apex/com.android.art/bin/dex2oat64 --output-vdex-fd=9 --class-loader-context-fds=11:12:13:14:15 --class-loader-context=PCL[]{PCL[/system/framework/android.test.runner.jar]{PCL[/system/framework/android.test.base.jar]#PCL[/system/framework/android.test.mock.jar]}#PCL[/system/framework/android.test.base.jar]#PCL[/system/framework/android.test.mock.jar]} --classpath-dir=/data/app/~~lQDTA9mESwlqWHgrZX8NxQ==/android.display.cts-OM0VZ46Pi_XJ0YQYO9HLgA== --compiler-filter=verify --compilation-reason=install --compact-dex-level=none --max-image-block-size=524288 --resolve-startup-const-strings=true --generate-mini-debug-info --comments=app-name:android.display.cts,app-version-name:14,app-version-code:34,art-version:350090000
02-18 01:38:46.306  artd  5430  5430 I dex2oat64: Using CollectorTypeCMC GC.
02-18 01:38:46.470  artd  5430  5430 W dex2oat64: Verification error in int android.os.nano.IncidentProto.computeSerializedSize()
02-18 01:38:46.470  artd  5430  5430 W dex2oat64: int android.os.nano.IncidentProto.computeSerializedSize() failed to verify: int android.os.nano.IncidentProto.computeSerializedSize(): [0x3CF] register v1 has type Precise Reference: com.android.server.connectivity.metrics.nano.IpConnectivityLogClass$IpConnectivityLog but expected Reference: com.google.protobuf.nano.MessageNano
02-18 01:38:46.470  artd  5430  5430 W dex2oat64: Accessing hidden method Lcom/android/server/connectivity/metrics/nano/IpConnectivityLogClass$IpConnectivityLog;-><init>()V (blocked, linking, denied)
02-18 01:38:46.470  artd  5430  5430 W dex2oat64: Verification error in android.os.nano.IncidentProto android.os.nano.IncidentProto.mergeFrom(com.google.protobuf.nano.CodedInputByteBufferNano)
02-18 01:38:46.470  artd  5430  5430 W dex2oat64: android.os.nano.IncidentProto android.os.nano.IncidentProto.mergeFrom(com.google.protobuf.nano.CodedInputByteBufferNano): [0xB7] couldn't find method com.android.server.connectivity.metrics.nano.IpConnectivityLogClass$IpConnectivityLog.<init> ()V
02-18 01:38:46.470  artd  5430  5430 W dex2oat64: android.os.nano.IncidentProto android.os.nano.IncidentProto.mergeFrom(com.google.protobuf.nano.CodedInputByteBufferNano) failed to verify: android.os.nano.IncidentProto android.os.nano.IncidentProto.mergeFrom(com.google.protobuf.nano.CodedInputByteBufferNano): [0xBE] register v1 has type Precise Reference: com.android.server.connectivity.metrics.nano.IpConnectivityLogClass$IpConnectivityLog but expected Reference: com.google.protobuf.nano.MessageNano
02-18 01:38:46.470  artd  5430  5430 W dex2oat64: Verification error in void android.os.nano.IncidentProto.writeTo(com.google.protobuf.nano.CodedOutputByteBufferNano)
02-18 01:38:46.470  artd  5430  5430 W dex2oat64: void android.os.nano.IncidentProto.writeTo(com.google.protobuf.nano.CodedOutputByteBufferNano) failed to verify: void android.os.nano.IncidentProto.writeTo(com.google.protobuf.nano.CodedOutputByteBufferNano): [0x2E2] register v0 has type Precise Reference: com.android.server.connectivity.metrics.nano.IpConnectivityLogClass$IpConnectivityLog but expected Reference: com.google.protobuf.nano.MessageNano
02-18 01:38:46.582  artd  5430  5430 I dex2oat64: dex2oat took 401.733ms (809.315ms cpu) (threads: 8) arena alloc=0B (0B) java alloc=5895KB (6037424B) native alloc=2523KB (2583968B) free=1313KB (1345472B)
02-18 01:38:46.596  artd  1913  1950 I artd    : dex2oat returned code 0
02-18 01:38:46.606  1000  1483  1765 I ArtService: Dexopt result: [packageName = android.display.cts] DexContainerFileDexoptResult{dexContainerFile=/data/app/~~lQDTA9mESwlqWHgrZX8NxQ==/android.display.cts-OM0VZ46Pi_XJ0YQYO9HLgA==/base.apk, primaryAbi=true, abi=arm64-v8a, actualCompilerFilter=verify, status=PERFORMED, dex2oatWallTimeMillis=476, dex2oatCpuTimeMillis=870, sizeBytes=11984324, sizeBeforeBytes=0, extendedStatusFlags=[]}
02-18 01:38:46.609  1000  1483  1765 V BackupManagerService: [UserID:0] restoreAtInstall pkg=android.display.cts token=6 restoreSet=0
02-18 01:38:46.609  1000  1483  1765 V BackupManagerService: [UserID:0] Finishing install immediately
02-18 01:38:46.612  1000  1483  1765 I AppsFilter: interaction: PackageSetting{44575f9 com.android.microdroid.empty_payload/10111} -> PackageSetting{3fee2a7 android.display.cts/10129} BLOCKED
02-18 01:38:46.615  1000  1483  1765 W MagnificationConnectionManager: requestConnection duplicated request: connect=false, mConnectionState=DISCONNECTED
02-18 01:38:46.616  1000  1483  1765 I unknown_sources_enabled: 1
02-18 01:38:46.617  1000  1483  1765 D PackageInstallerSession: Marking session 2078484184 as applied
02-18 01:38:46.623  1000  1483  1717 I commit_sys_config_file: [package-session,6]
02-18 01:38:46.630  1000  1483  1765 D CompatibilityChangeReporter: Compat change id reported: 168419799; UID 10129; state: DISABLED
02-18 01:38:46.630 10090  3150  3204 D SessionCommitReceiver: Removing PromiseIcon for package: android.display.cts, install reason: 0, alreadyAddedPromiseIcon: false
02-18 01:38:46.630  1000  1483  1765 D CompatibilityChangeReporter: Compat change id reported: 273564678; UID 10129; state: DISABLED
02-18 01:38:46.632  1000  1483  1847 I commit_sys_config_file: [package-session,3]
02-18 01:38:46.637  1000  1483  2854 I SdkSandboxManager: No SDKs used. Skipping SDK data reconcilation for CallingInfo{mUid=10129, mPackageName='android.display.cts, mAppProcessToken='null'}
02-18 01:38:46.639  1000  1483  1483 D TransparencyService: Not an update. Skipping...
02-18 01:38:46.639  1000  1483  1888 I InputReader: Reconfiguring input devices, changes=KEYBOARD_LAYOUTS
02-18 01:38:46.642   nfc  3543  3543 I RegisteredComponentCache: New Components => 
02-18 01:38:46.642   nfc  3543  3543 I RegisteredComponentCache: ComponentInfo: ResolveInfo{c25e162 com.android.apps.tag/.TagViewer m=0x108000 userHandle=UserHandle{0}}, techs: android.nfc.tech.Ndef, 
02-18 01:38:46.642   nfc  3543  3543 I RegisteredComponentCache: Removed Components => 
02-18 01:38:46.642   nfc  3543  3543 I RegisteredComponentCache: ComponentInfo: ResolveInfo{4dcb625 com.android.apps.tag/.TagViewer m=0x108000 userHandle=UserHandle{0}}, techs: android.nfc.tech.Ndef, 
02-18 01:38:46.643 radio  3073  3285 D EuiccConnector: handleMessage: E msg.what=1
02-18 01:38:46.644 radio  3073  3285 D EuiccConnector: processMsg: UnavailableState
02-18 01:38:46.644 radio  3073  3285 W EuiccConnector: No valid EuiccService implementation found
02-18 01:38:46.644 radio  3073  3285 D EuiccConnector: handleMessage: X
02-18 01:38:46.646  1000  1483  1483 V BackupManagerConstants: getFullBackupIntervalMilliseconds(...) returns 86400000
02-18 01:38:46.647  1000  1483  1483 V BackupManagerConstants: getFullBackupRequiredNetworkType(...) returns 2
02-18 01:38:46.647  1000  1483  1483 V BackupManagerConstants: getFullBackupRequireCharging(...) returns true
02-18 01:38:46.650  1000  1483  1483 I notification_cancel_all: [1000,1483,android.display.cts,0,0,0,5,NULL]
02-18 01:38:46.653  1000  1483  1876 I RoleService: Granting default roles...
02-18 01:38:46.653 radio  3073  3073 D CarrierSvcBindHelper: onPackageAdded: android.display.cts
02-18 01:38:46.654  1000  1483  1734 D ActivityManager: sync unfroze 4324 com.android.packageinstaller for 3
02-18 01:38:46.654  1000  1483  1874 I am_unfreeze: [4324,com.android.packageinstaller,3]
02-18 01:38:46.656 radio  3073  3073 D CarrierSvcBindHelper: No carrier app for: 0
02-18 01:38:46.656 radio  3073  3073 D CarrierSvcBindHelper: No carrier app for: 1
02-18 01:38:46.658  1000  1483  1850 I commit_sys_config_file: [overlays,6]
02-18 01:38:46.660 10123  2882  2882 I SafetyLabelChangedBroadcastReceiver: received broadcast packageName: android.display.cts, current user: UserHandle{0}, packageChangeEvent: NEW_INSTALL, intent user: UserHandle{0}
02-18 01:38:46.660 10123  2882  2910 I PermissionControllerServiceImpl: Updating user sensitive for uid 10129
02-18 01:38:46.664  1000  1483  1733 W MagnificationConnectionManager: requestConnection duplicated request: connect=false, mConnectionState=DISCONNECTED
02-18 01:38:46.666  1000  1483  1733 W VoiceInteractionManager: no available voice recognition services found for user 0
02-18 01:38:46.667 10090  3150  3204 D PackageUpdatedTask: mAllAppsList.addPackage android.display.cts
02-18 01:38:46.668  1000  1483  1733 W PackageManager: Failed registering loading progress callback. Package is fully loaded.
02-18 01:38:46.670  1000  1483  1483 I AppsFilter: interaction: PackageSetting{dcec6b0 com.android.microdroid.empty_payload/10111} -> PackageSetting{db46929 android.display.cts/10129} BLOCKED
02-18 01:38:46.675 radio  3073  3285 D EuiccConnector: handleMessage: E msg.what=1
02-18 01:38:46.675 radio  3073  3285 D EuiccConnector: processMsg: UnavailableState
02-18 01:38:46.676 10123  2882  2910 I PermissionControllerServiceImpl: Updating user sensitive for uid 10129
02-18 01:38:46.676 radio  3073  3285 W EuiccConnector: No valid EuiccService implementation found
02-18 01:38:46.676 radio  3073  3285 D EuiccConnector: handleMessage: X
02-18 01:38:46.678  1000  1483  1888 I InputReader: Reconfiguring input devices, changes=KEYBOARD_LAYOUTS
02-18 01:38:46.680  1000  1483  1733 W MagnificationConnectionManager: requestConnection duplicated request: connect=false, mConnectionState=DISCONNECTED
02-18 01:38:46.680  1000  1483  1733 W VoiceInteractionManager: no available voice recognition services found for user 0
02-18 01:38:46.687   nfc  3543  3543 I RegisteredServicesCache: current user: 0, is managed profile : false
02-18 01:38:46.687   nfc  3543  3543 I RegisteredServicesCache: New Other Services => 
02-18 01:38:46.687   nfc  3543  3543 I RegisteredServicesCache: Removed Other Services => 
02-18 01:38:46.691 10090  3150  3204 D PackageUpdatedTask: mAllAppsList.updatePackage android.display.cts
02-18 01:38:46.696   nfc  3543  3543 I RegisteredServicesCache: New Services => 
02-18 01:38:46.696   nfc  3543  3543 I RegisteredServicesCache: Removed Services => 
02-18 01:38:46.702   nfc  3543  3543 I RegisteredComponentCache: New Components => 
02-18 01:38:46.702   nfc  3543  3543 I RegisteredComponentCache: ComponentInfo: ResolveInfo{8d06d4b com.android.apps.tag/.TagViewer m=0x108000 userHandle=UserHandle{0}}, techs: android.nfc.tech.Ndef, 
02-18 01:38:46.702   nfc  3543  3543 I RegisteredComponentCache: Removed Components => 
02-18 01:38:46.702   nfc  3543  3543 I RegisteredComponentCache: ComponentInfo: ResolveInfo{c25e162 com.android.apps.tag/.TagViewer m=0x108000 userHandle=UserHandle{0}}, techs: android.nfc.tech.Ndef, 
02-18 01:38:46.709 radio  3073  3412 D ImsResolver: maybeAddedImsService, packageName: android.display.cts
02-18 01:38:46.710   nfc  3543  3543 I RegisteredServicesCache: current user: 0, is managed profile : false
02-18 01:38:46.710   nfc  3543  3543 I RegisteredServicesCache: New Other Services => 
02-18 01:38:46.710   nfc  3543  3543 I RegisteredServicesCache: Removed Other Services => 
02-18 01:38:46.712 radio  3073  3073 E VvmPkgInstalledRcvr: cannot create TelephonyManager from ComponentInfo{com.android.phone/com.android.services.telephony.TelephonyConnectionService}, E, UserHandle{0}
02-18 01:38:46.713   nfc  3543  3543 I RegisteredServicesCache: New Services => 
02-18 01:38:46.713   nfc  3543  3543 I RegisteredServicesCache: Removed Services => 
02-18 01:38:46.717  1068  3040  3066 D SecureElementService: getReaders() for com.android.nfc
02-18 01:38:46.718 radio  3073  3073 D CarrierSvcBindHelper: onPackageModified: android.display.cts
02-18 01:38:46.718  1068  3040  3066 I SecureElement-AccessControlEnforcer: getAccessRule() appCert = 27196e386b875e76adf700e7ea84e4c6eee33dfa
02-18 01:38:46.718  1068  3040  3066 I SecureElement-AccessControlEnforcer: getAccessRule() appCert = c8a2e9bccf597c2fb6dc66bee293fc13f2fc47ec77bc6b2b0d52c11f51192ab8
02-18 01:38:46.718  1068  3040  3066 I SecureElement-AccessRuleCache: findAccessRule() not found
02-18 01:38:46.718 radio  3073  3073 D CarrierSvcBindHelper: No carrier app for: 0
02-18 01:38:46.719  1068  3040  3066 I SecureElement-AccessControlEnforcer: getAccessRule() appCert = 27196e386b875e76adf700e7ea84e4c6eee33dfa
02-18 01:38:46.719  1068  3040  3066 I SecureElement-AccessControlEnforcer: getAccessRule() appCert = c8a2e9bccf597c2fb6dc66bee293fc13f2fc47ec77bc6b2b0d52c11f51192ab8
02-18 01:38:46.719 radio  3073  3073 D CarrierSvcBindHelper: No carrier app for: 1
02-18 01:38:46.719  1068  3040  3066 I SecureElement-AccessRuleCache: findAccessRule() not found
02-18 01:38:46.720  1068  3040  3066 I SecureElement-Terminal-SIM2: isNfcEventAllowed: No access rules for checking.
02-18 01:38:46.721  1068  3040  3066 D SecureElementService: getReaders() for com.android.nfc
02-18 01:38:46.722  1068  3040  3066 I SecureElement-AccessControlEnforcer: getAccessRule() appCert = 27196e386b875e76adf700e7ea84e4c6eee33dfa
02-18 01:38:46.722  1068  3040  3066 I SecureElement-AccessControlEnforcer: getAccessRule() appCert = c8a2e9bccf597c2fb6dc66bee293fc13f2fc47ec77bc6b2b0d52c11f51192ab8
02-18 01:38:46.722  1068  3040  3066 I SecureElement-AccessRuleCache: findAccessRule() not found
02-18 01:38:46.722  1068  3040  3066 I SecureElement-AccessControlEnforcer: getAccessRule() appCert = 27196e386b875e76adf700e7ea84e4c6eee33dfa
02-18 01:38:46.722  1068  3040  3066 I SecureElement-AccessControlEnforcer: getAccessRule() appCert = c8a2e9bccf597c2fb6dc66bee293fc13f2fc47ec77bc6b2b0d52c11f51192ab8
02-18 01:38:46.722  1068  3040  3066 I SecureElement-AccessRuleCache: findAccessRule() not found
02-18 01:38:46.723  1068  3040  3066 I SecureElement-Terminal-SIM2: isNfcEventAllowed: No access rules for checking.
02-18 01:38:46.728  1000  1483  1544 I system_server: Background concurrent mark compact GC freed 17MB AllocSpace bytes, 124(3420KB) LOS objects, 75% free, 17MB/71MB, paused 2.113ms,3.166ms total 110.320ms
02-18 01:38:46.731  1000  1483  4426 I commit_sys_config_file: [appops_accesses,3]
02-18 01:38:46.732 radio  3073  3412 D ImsResolver: maybeAddedImsService, packageName: android.display.cts
02-18 01:38:46.738  1000  1483  1547 W system_server: ApkAssets: Deleting an ApkAssets object '<empty> and /system_ext/app/AccessibilityMenu/AccessibilityMenu.apk' with 1 weak references
02-18 01:38:46.997  1000  1483  1717 I commit_sys_config_file: [package-session,9]
02-18 01:38:47.000  1000  1483  1717 I commit_sys_config_file: [package-session,1]
02-18 01:38:47.003  1000  1483  1847 E AtomicFile: Failed to rename /data/system/install_sessions.xml.new to /data/system/install_sessions.xml
02-18 01:38:47.003  1000  1483  1847 I commit_sys_config_file: [package-session,4]
02-18 01:38:47.019  1000  1483  1847 W NativeHelper: Ignoring abiOverride for multi arch application.
02-18 01:38:47.024  1000  1483  1895 W PackageParsing: Ignoring duplicate uses-permissions/uses-permissions-sdk-m: android.permission.CAMERA in package: android.app.stubs at: Binary XML file line #89
02-18 01:38:47.027  1000  1483  1895 W PackageParsing: No actions in intent-filter at /data/app/vmdl1791054747.tmp/base.apk Binary XML file line #729
02-18 01:38:47.027  1000  1483  1895 W PackageParsing: No actions in intent-filter at /data/app/vmdl1791054747.tmp/base.apk Binary XML file line #737
02-18 01:38:47.027  1000  1483  1895 W PackageParsing: No actions in intent-filter at /data/app/vmdl1791054747.tmp/base.apk Binary XML file line #745
02-18 01:38:47.030  1000  1483  1895 W RuleEvaluation: Integrity rule files are not available.
02-18 01:38:47.030  1000  1483  1765 I PackageManager: Integrity check passed for file:///data/app/vmdl1791054747.tmp
02-18 01:38:47.034  1000  1483  1717 I commit_sys_config_file: [package-session,3]
02-18 01:38:47.034  1000  1483  1765 W PackageParsing: Ignoring duplicate uses-permissions/uses-permissions-sdk-m: android.permission.CAMERA in package: android.app.stubs at: Binary XML file line #89
02-18 01:38:47.036  1000  1483  1765 W PackageParsing: No actions in intent-filter at /data/app/vmdl1791054747.tmp/base.apk Binary XML file line #729
02-18 01:38:47.037  1000  1483  1765 W PackageParsing: No actions in intent-filter at /data/app/vmdl1791054747.tmp/base.apk Binary XML file line #737
02-18 01:38:47.037  1000  1483  1765 W PackageParsing: No actions in intent-filter at /data/app/vmdl1791054747.tmp/base.apk Binary XML file line #745
02-18 01:38:47.048  1000  1483  1765 I PermissionManager: Permission ownership changed. Updating all permissions.
02-18 01:38:47.088  1000  1483  1765 I sysui_multi_action: [757,1243,758,4,806,android.app.stubs,1241,android.permission.POST_NOTIFICATIONS]
02-18 01:38:47.088  1000  1483  1765 I sysui_multi_action: [757,1243,758,4,806,android.app.stubs,1241,android.permission.ACCESS_FINE_LOCATION]
02-18 01:38:47.088  1000  1483  1765 I sysui_multi_action: [757,1243,758,4,806,android.app.stubs,1241,android.permission.BODY_SENSORS]
02-18 01:38:47.088  1000  1483  1765 I sysui_multi_action: [757,1243,758,4,806,android.app.stubs,1241,android.permission.READ_EXTERNAL_STORAGE]
02-18 01:38:47.089  1000  1483  1765 I sysui_multi_action: [757,1243,758,4,806,android.app.stubs,1241,android.permission.ACCESS_COARSE_LOCATION]
02-18 01:38:47.089  1000  1483  1765 I sysui_multi_action: [757,1243,758,4,806,android.app.stubs,1241,android.permission.READ_PHONE_STATE]
02-18 01:38:47.089  1000  1483  1765 I sysui_multi_action: [757,1243,758,4,806,android.app.stubs,1241,android.permission.WRITE_CONTACTS]
02-18 01:38:47.089  1000  1483  1765 I sysui_multi_action: [757,1243,758,4,806,android.app.stubs,1241,android.permission.CAMERA]
02-18 01:38:47.089  1000  1483  1765 I sysui_multi_action: [757,1243,758,4,806,android.app.stubs,1241,android.permission.WRITE_EXTERNAL_STORAGE]
02-18 01:38:47.089  1000  1483  1765 I sysui_multi_action: [757,1243,758,4,806,android.app.stubs,1241,android.permission.RECORD_AUDIO]
02-18 01:38:47.089  1000  1483  1765 I sysui_multi_action: [757,1243,758,4,806,android.app.stubs,1241,android.permission.READ_CONTACTS]
02-18 01:38:47.106  1000  1483  1765 I commit_sys_config_file: [package,13]
02-18 01:38:47.106  1000  1483  1765 D PackageManager: Instant App installer not found with android.intent.action.INSTALL_INSTANT_APP_PACKAGE
02-18 01:38:47.106  1000  1483  1765 D PackageManager: Clear ephemeral installer activity
02-18 01:38:47.137  logd  5149  5149 I logd    : start watching /data/system/packages.list ...
02-18 01:38:47.139  logd  5149  5149 I logd    : ReadPackageList, total packages: 134
02-18 01:38:47.113  1000  1483  1763 E AppOps  : Trying to set mode for unknown uid 10130.
02-18 01:38:47.120  1000  1483  1715 V StorageManagerService: Package null does not have legacy storage
02-18 01:38:47.123 10105  3526  3558 D MediaGrants: Removed 0 media_grants for 0 user for [android.app.stubs]. Reason: Mode changed: android:read_external_storage
02-18 01:38:47.127  1000  1483  1762 I commit_sys_config_file: [package-user-0,22]
02-18 01:38:47.129  artd  1913  2024 I artd    : Merge skipped because there are no existing profiles
02-18 01:38:47.132  artd  1913  2024 I artd    : Dex parent of /data/app/~~FWveN_UMxJ_q85B7iSEO-g==/android.app.stubs-3x_geLDmtdt9XTYhDOX22g==/base.apk is not writable: Permission denied
02-18 01:38:47.132  artd  1913  2024 I artd    : GetBestInfo checking odex in dalvik-cache (/data/dalvik-cache/arm64/data@app@~~FWveN_UMxJ_q85B7iSEO-g==@android.app.stubs-3x_geLDmtdt9XTYhDOX22g==@base.apk@classes.dex)
02-18 01:38:47.132  artd  1913  2024 I artd    : Loading /data/dalvik-cache/arm64/data@app@~~FWveN_UMxJ_q85B7iSEO-g==@android.app.stubs-3x_geLDmtdt9XTYhDOX22g==@base.apk@classes.dex with executable: 0
02-18 01:38:47.132  artd  1913  2024 I artd    : OatFileAssistant test for existing oat file /data/dalvik-cache/arm64/data@app@~~FWveN_UMxJ_q85B7iSEO-g==@android.app.stubs-3x_geLDmtdt9XTYhDOX22g==@base.apk@classes.dex: File /data/dalvik-cache/arm64/data@app@~~FWveN_UMxJ_q85B7iSEO-g==@android.app.stubs-3x_geLDmtdt9XTYhDOX22g==@base.apk@classes.vdex does not exist.
02-18 01:38:47.132  artd  1913  2024 I artd    : GetBestInfo checking odex next to the dex file (/data/app/~~FWveN_UMxJ_q85B7iSEO-g==/android.app.stubs-3x_geLDmtdt9XTYhDOX22g==/oat/arm64/base.odex)
02-18 01:38:47.132  artd  1913  2024 I artd    : Loading /data/app/~~FWveN_UMxJ_q85B7iSEO-g==/android.app.stubs-3x_geLDmtdt9XTYhDOX22g==/oat/arm64/base.odex with executable: 0
02-18 01:38:47.132  artd  1913  2024 I artd    : OatFileAssistant test for existing oat file /data/app/~~FWveN_UMxJ_q85B7iSEO-g==/android.app.stubs-3x_geLDmtdt9XTYhDOX22g==/oat/arm64/base.odex: File /data/app/~~FWveN_UMxJ_q85B7iSEO-g==/android.app.stubs-3x_geLDmtdt9XTYhDOX22g==/oat/arm64/base.vdex does not exist.
02-18 01:38:47.132  artd  1913  2024 I artd    : GetBestInfo checking vdex in dalvik-cache (/data/dalvik-cache/arm64/data@app@~~FWveN_UMxJ_q85B7iSEO-g==@android.app.stubs-3x_geLDmtdt9XTYhDOX22g==@base.apk@classes.vdex)
