02-18 00:17:28.828 radio  3133  3133 D EmergencyNumberTracker: [1]Using Asset Emergency database. Version: 2
02-18 00:17:28.828 10087  4143  4143 D CompatibilityChangeReporter: Compat change id reported: 160794467; UID 10087; state: DISABLED
02-18 00:17:28.828 radio  3133  3133 D EmergencyNumberTracker: [1]notifyEmergencyNumberList(): notified
02-18 00:17:28.828 radio  3133  3133 I ImsExternalCallTracker: handleVideoCapabilitiesChanged : isVideoCapable = false
02-18 00:17:28.828 radio  3133  3133 D ImsExternalCallTracker: refreshCallPullState
02-18 00:17:28.828 radio  3133  3133 I Telephony: handleVideoCapabilitesChanged. Video capability - false
02-18 00:17:28.828 radio  3133  3133 E Phone   : [0] getUserHandle: ex=java.lang.IllegalArgumentException: [getSubscriptionUserHandle]: Invalid subscriptionId: -1
02-18 00:17:28.829 radio  3133  3133 D Telephony: isEmergencyPreferredAccount: subId=-1, activeData=-1
02-18 00:17:28.829 radio  3133  3133 D Telephony: isEmergencyPreferredAccount: Device does not require preference.
02-18 00:17:28.829 radio  3133  3133 I Telephony: isRttCurrentlySupported -- emergency acct and no device support
02-18 00:17:28.830 radio  3133  3133 I Telephony: TelecomAccountRegistry$AccountEntry: registerPstnPhoneAccount: Registering account=[[ ] PhoneAccount: ComponentInfo{com.android.phone/com.android.services.telephony.TelephonyConnectionService}, E, UserHandle{0} Capabilities: CallProvider MultiUser PlaceEmerg SimSub  Audio Routes: BESW Schemes: tel voicemail  Extras: Bundle[{android.telecom.extra.SUPPORTS_VIDEO_CALLING_FALLBACK=true}] GroupId: *** SC Restrictions: [NONE]] with Telecom. subId=-1
02-18 00:17:28.831  1000  1649  3387 I Telecom : TelecomServiceImpl$1: registerPhoneAccount: account=[[ ] PhoneAccount: ComponentInfo{com.android.phone/com.android.services.telephony.TelephonyConnectionService}, E, UserHandle{0} Capabilities: CallProvider MultiUser PlaceEmerg SimSub  Audio Routes: BESW Schemes: tel voicemail  Extras: Bundle[{android.telecom.extra.SUPPORTS_VIDEO_CALLING_FALLBACK=true}] GroupId: *** SC Restrictions: [NONE]]: TSI.rPA(cap)@AHc
02-18 00:17:28.831  1000  1649  3387 I Telecom : PhoneAccountRegistrar: Modify account: [ComponentInfo{com.android.phone/com.android.services.telephony.TelephonyConnectionService}, E, UserHandle{0}]: TSI.rPA(cap)@AHc
02-18 00:17:28.832  1000  1649  3387 I Telecom : CallsManager: handlePhoneAccountChanged: phoneAccount=[[X] PhoneAccount: ComponentInfo{com.android.phone/com.android.services.telephony.TelephonyConnectionService}, E, UserHandle{0} Capabilities: CallProvider MultiUser PlaceEmerg SimSub  Audio Routes: BESW Schemes: tel voicemail  Extras: Bundle[{android.telecom.extra.SUPPORTS_VIDEO_CALLING_FALLBACK=true}] GroupId: *** SC Restrictions: [NONE]]: TSI.rPA(cap)@AHc
02-18 00:17:28.833  1000  1649  3387 I Telecom : PhoneAccountRegistrar: getSimCallManager: SimCallManager for subId -1 queried, returning: null: TSI.rPA(cap)@AHc
02-18 00:17:28.833  1000  1649  3387 I Telecom : PhoneAccountRegistrar: Notifying telephony of voice service override change for 1 SIMs, hasService = false: TSI.rPA(cap)@AHc
02-18 00:17:28.833  1000  1649  3387 I Telecom : PhoneAccountRegistrar: maybeNotifyTelephonyForVoiceServiceState: simTm is null.: TSI.rPA(cap)@AHc
02-18 00:17:28.843 radio  3133  3769 D CellBroadcastConfigTracker-0: setCellBroadcastIdRanges with ranges:[CellBroadcastIdRange[911, 911, 1, true], CellBroadcastIdRange[919, 919, 1, true], CellBroadcastIdRange[4352, 4354, 1, true], CellBroadcastIdRange[4355, 4355, 1, false], CellBroadcastIdRange[4356, 4356, 1, true], CellBroadcastIdRange[4370, 4370, 1, true], CellBroadcastIdRange[4371, 4379, 1, true], CellBroadcastIdRange[4380, 4380, 1, false], CellBroadcastIdRange[4381, 4381, 1, false], CellBroadcastIdRange[4382, 4382, 1, false], CellBroadcastIdRange[4383, 4383, 1, true], CellBroadcastIdRange[4384, 4392, 1, true], CellBroadcastIdRange[4393, 4393, 1, false], CellBroadcastIdRange[4394, 4394, 1, false], CellBroadcastIdRange[4395, 4395, 1, false], CellBroadcastIdRange[4096, 4096, 2, true], CellBroadcastIdRange[4097, 4097, 2, true], CellBroadcastIdRange[4098, 4098, 2, true], CellBroadcastIdRange[4099, 4099, 2, true], CellBroadcastIdRange[4100, 4100, 2, false]]
02-18 00:17:28.843  1000  1649  1776 I DropBoxManagerService: add tag=system_app_strictmode isTagEnabled=true flags=0x2
02-18 00:17:28.843 radio  3133  3329 D CellBroadcastConfigTracker-0: IdleState message:1
02-18 00:17:28.843 radio  3133  3329 D CellBroadcastConfigTracker-0: IdleState handle EVENT_REQUEST with request:Request[mCbRangesRequest3gpp = [CellBroadcastIdRange[911, 911, 1, true], CellBroadcastIdRange[919, 919, 1, true], CellBroadcastIdRange[4352, 4354, 1, true], CellBroadcastIdRange[4355, 4355, 1, false], CellBroadcastIdRange[4356, 4356, 1, true], CellBroadcastIdRange[4370, 4379, 1, true], CellBroadcastIdRange[4380, 4382, 1, false], CellBroadcastIdRange[4383, 4392, 1, true], CellBroadcastIdRange[4393, 4395, 1, false]], mCbRangesRequest3gpp2 = [CellBroadcastIdRange[4096, 4099, 2, true], CellBroadcastIdRange[4100, 4100, 2, false]]]
02-18 00:17:28.843 radio  3133  3329 D CellBroadcastConfigTracker-0: setGsmConfig with [CellBroadcastIdRange[911, 911, 1, true], CellBroadcastIdRange[919, 919, 1, true], CellBroadcastIdRange[4352, 4354, 1, true], CellBroadcastIdRange[4355, 4355, 1, false], CellBroadcastIdRange[4356, 4356, 1, true], CellBroadcastIdRange[4370, 4379, 1, true], CellBroadcastIdRange[4380, 4382, 1, false], CellBroadcastIdRange[4383, 4392, 1, true], CellBroadcastIdRange[4393, 4395, 1, false]]
02-18 00:17:28.845 radio  3133  3329 D RILJ    : [0159]> GSM_SET_BROADCAST_CONFIG with 9 configs :  [PHONE0]
02-18 00:17:28.845 radio  3133  3329 D RILJ    : SmsBroadcastConfigInfo: Id [911,911] Code [0,255] ENABLED [PHONE0]
02-18 00:17:28.845 radio  3133  3329 D RILJ    : SmsBroadcastConfigInfo: Id [919,919] Code [0,255] ENABLED [PHONE0]
02-18 00:17:28.845 radio  3133  3329 D RILJ    : SmsBroadcastConfigInfo: Id [4352,4354] Code [0,255] ENABLED [PHONE0]
02-18 00:17:28.845 radio  3133  3329 D RILJ    : SmsBroadcastConfigInfo: Id [4355,4355] Code [0,255] DISABLED [PHONE0]
02-18 00:17:28.845 radio  3133  3329 D RILJ    : SmsBroadcastConfigInfo: Id [4356,4356] Code [0,255] ENABLED [PHONE0]
02-18 00:17:28.845 radio  3133  3329 D RILJ    : SmsBroadcastConfigInfo: Id [4370,4379] Code [0,255] ENABLED [PHONE0]
02-18 00:17:28.845 radio  3133  3329 D RILJ    : SmsBroadcastConfigInfo: Id [4380,4382] Code [0,255] DISABLED [PHONE0]
02-18 00:17:28.845 radio  3133  3329 D RILJ    : SmsBroadcastConfigInfo: Id [4383,4392] Code [0,255] ENABLED [PHONE0]
02-18 00:17:28.845 radio  3133  3329 D RILJ    : SmsBroadcastConfigInfo: Id [4393,4395] Code [0,255] DISABLED [PHONE0]
02-18 00:17:28.845 radio  1082  1082 D RILC    : setGsmBroadcastConfig: serial 159
02-18 00:17:28.845 radio  1082  1082 I RILC-CommandInfo: getCommandInfo found {request=90 halVer=00}
02-18 00:17:28.846 radio  1082  1082 V RIL     : [RilContext_0] SendMessage RIL Request Routing : RCM ID=90 Service ID=6 Message ID=6012 delayMillis=0
02-18 00:17:28.846 radio  1082  1082 V RIL     : [ServiceMgr] msg(0xb400007282fd9760) msgId=6012 svc=SmsService_0(6) direction=Request
02-18 00:17:28.846 radio  1082  1219 I RIL     : [SmsService_0] DoSetBroadcastSmsConfig()
02-18 00:17:28.846 radio  1082  1219 I RIL     : [RilContext_0] Send 
02-18 00:17:28.846 radio  1082  1219 V RIL     : [RilContext_0] RecordRequestHistory token=0x00C4
02-18 00:17:28.846 radio  1082  1219 I RIL     : [RilContext_0] Send 
02-18 00:17:28.846 radio  1082  1219 V RIL     : [/dev/umts_ipc0][TX] SIT_SET_BCST_SMS_CFG, REQ, 76 bytes, Token(0x00c4)
02-18 00:17:28.846 radio  1082  1219 V RIL     :  00 00 06 01 4c 00 c4 00   00 00 00 00 09 8f 03 8f  
02-18 00:17:28.846 radio  1082  1219 V RIL     :  03 00 ff 01 97 03 97 03   00 ff 01 00 11 02 11 00  
02-18 00:17:28.846 radio  1082  1219 V RIL     :  ff 01 03 11 03 11 00 ff   00 04 11 04 11 00 ff 01  
02-18 00:17:28.846 radio  1082  1219 V RIL     :  12 11 1b 11 00 ff 01 1c   11 1e 11 00 ff 00 1f 11  
02-18 00:17:28.846 radio  1082  1219 V RIL     :  28 11 00 ff 01 29 11 2b   11 00 ff 00
02-18 00:17:28.877 radio  1219  1219 I cpif    : pcie_send_ap2cp_irq: Reserve doorbell interrupt: PCI not powered on
02-18 00:17:28.849  1000  1649  1881 W NativeHelper: Ignoring abiOverride for multi arch application.
02-18 00:17:28.853  1000  1649  1927 W PackageParsing: Ignoring duplicate uses-permissions/uses-permissions-sdk-m: android.permission.CAMERA in package: android.app.stubs at: Binary XML file line #89
02-18 00:17:28.855  1000  1649  1927 W PackageParsing: No actions in intent-filter at /data/app/vmdl1370802335.tmp/base.apk Binary XML file line #729
02-18 00:17:28.855  1000  1649  1927 W PackageParsing: No actions in intent-filter at /data/app/vmdl1370802335.tmp/base.apk Binary XML file line #737
02-18 00:17:28.855  1000  1649  1927 W PackageParsing: No actions in intent-filter at /data/app/vmdl1370802335.tmp/base.apk Binary XML file line #745
02-18 00:17:28.857  1000  1649  1927 W RuleEvaluation: Integrity rule files are not available.
02-18 00:17:28.858  1000  1649  1836 I PackageManager: Integrity check passed for file:///data/app/vmdl1370802335.tmp
02-18 00:17:28.860  1000  1649  1776 I commit_sys_config_file: [package-session,2]
02-18 00:17:28.861  1000  1649  1836 W PackageParsing: Ignoring duplicate uses-permissions/uses-permissions-sdk-m: android.permission.CAMERA in package: android.app.stubs at: Binary XML file line #89
02-18 00:17:28.864  1000  1649  1836 W PackageParsing: No actions in intent-filter at /data/app/vmdl1370802335.tmp/base.apk Binary XML file line #729
02-18 00:17:28.864  1000  1649  1836 W PackageParsing: No actions in intent-filter at /data/app/vmdl1370802335.tmp/base.apk Binary XML file line #737
02-18 00:17:28.864  1000  1649  1836 W PackageParsing: No actions in intent-filter at /data/app/vmdl1370802335.tmp/base.apk Binary XML file line #745
02-18 00:17:28.869  1000  1649  1836 I PermissionManager: Permission ownership changed. Updating all permissions.
02-18 00:17:28.870 radio  3133  3133 D DNC-0   : Re-evaluating 0 unsatisfied network requests in 0 groups,  due to TAC_CHANGED
02-18 00:17:28.915  root     8     8 I logbuffer_pcie0: [   89] D state: 0, LTSSM: 0
02-18 00:17:28.915  root     8     8 I logbuffer_pcie0: [   90] L0(0x11)
02-18 00:17:28.896  1000  1649  1836 I sysui_multi_action: [757,1243,758,4,806,android.app.stubs,1241,android.permission.POST_NOTIFICATIONS]
02-18 00:17:28.897  1000  1649  1836 I sysui_multi_action: [757,1243,758,4,806,android.app.stubs,1241,android.permission.ACCESS_FINE_LOCATION]
02-18 00:17:28.897  1000  1649  1836 I sysui_multi_action: [757,1243,758,4,806,android.app.stubs,1241,android.permission.BODY_SENSORS]
02-18 00:17:28.897  1000  1649  1836 I sysui_multi_action: [757,1243,758,4,806,android.app.stubs,1241,android.permission.READ_EXTERNAL_STORAGE]
02-18 00:17:28.897  1000  1649  1836 I sysui_multi_action: [757,1243,758,4,806,android.app.stubs,1241,android.permission.ACCESS_COARSE_LOCATION]
02-18 00:17:28.897  1000  1649  1836 I sysui_multi_action: [757,1243,758,4,806,android.app.stubs,1241,android.permission.READ_PHONE_STATE]
02-18 00:17:28.897  1000  1649  1836 I sysui_multi_action: [757,1243,758,4,806,android.app.stubs,1241,android.permission.WRITE_CONTACTS]
02-18 00:17:28.897  1000  1649  1836 I sysui_multi_action: [757,1243,758,4,806,android.app.stubs,1241,android.permission.CAMERA]
02-18 00:17:28.897  1000  1649  1836 I sysui_multi_action: [757,1243,758,4,806,android.app.stubs,1241,android.permission.WRITE_EXTERNAL_STORAGE]
02-18 00:17:28.897  1000  1649  1836 I sysui_multi_action: [757,1243,758,4,806,android.app.stubs,1241,android.permission.RECORD_AUDIO]
02-18 00:17:28.897  1000  1649  1836 I sysui_multi_action: [757,1243,758,4,806,android.app.stubs,1241,android.permission.READ_CONTACTS]
02-18 00:17:28.900 radio  1082  1233 V RIL     : [/dev/umts_ipc0][RX] SIT_SET_BCST_SMS_CFG, RSP, 12 bytes, Token(0x00c4), OK(RCM_E_SUCCESS)
02-18 00:17:28.900 radio  1082  1233 V RIL     :  01 00 06 01 0c 00 c4 00   00 00 00 00
02-18 00:17:28.900 radio  1082  1233 I RIL     : [RilContext_0] ProcessModemData 
02-18 00:17:28.900 radio  1082  1233 V RIL     : WaitList::Find() found record : token=0x00C4 SrcService ID =6 DestService ID=6 Result Id=6013
02-18 00:17:28.900 radio  1082  1233 V RIL     : [RilContext_0] SendMessage RCM Response Routing : Type=0001, RCM ID=0x0106 Service ID=6 Message ID=6013
02-18 00:17:28.900 radio  1082  1233 V RIL     : [ServiceMgr] msg(0xb400007282fda1e0) msgId=6013 svc=SmsService_0(6) direction=Response
02-18 00:17:28.900 radio  1082  1219 I RIL     : [SmsService_0] OnSetBroadcastSmsConfigDone()
02-18 00:17:28.900 radio  1082  1219 I RIL     : [RilContext_0] OnRequestComplete 
02-18 00:17:28.900 radio  1082  1219 I RIL     : [RilContext_0] ProcessSolicitedResponse Request ID=90
02-18 00:17:28.900 radio  1082  1219 D RILC    : RequestComplete, RIL_SOCKET_1
02-18 00:17:28.900 radio  1082  1219 E RILC    : Calling responseFunction() for token 159
02-18 00:17:28.900 radio  1082  1219 D RILC-HIDL: HidlHalMessagingResponse::setGsmBroadcastConfigResponse: serial 159
02-18 00:17:28.900 radio  1082  1219 D RILC-AIDL_SERVICE: RadioMessagingResponseHook::setGsmBroadcastConfigResponse mMessagingCb=0xb4000071d2fcc838
02-18 00:17:28.900 radio  1082  1219 V RIL     : [RilContext_0] RemoveRequestHistory  token=0x00C4
02-18 00:17:28.901 radio  3133  3769 D RILJ    : [0159]< GSM_SET_BROADCAST_CONFIG  [PHONE0]
02-18 00:17:28.901 radio  3133  3329 D CellBroadcastConfigTracker-0: GsmConfiguringState message:2
02-18 00:17:28.901 radio  3133  3329 D CellBroadcastConfigTracker-0: GsmConfiguringState handle EVENT_CONFIGURATION_DONE with request:Request[mCbRangesRequest3gpp = [CellBroadcastIdRange[911, 911, 1, true], CellBroadcastIdRange[919, 919, 1, true], CellBroadcastIdRange[4352, 4354, 1, true], CellBroadcastIdRange[4355, 4355, 1, false], CellBroadcastIdRange[4356, 4356, 1, true], CellBroadcastIdRange[4370, 4379, 1, true], CellBroadcastIdRange[4380, 4382, 1, false], CellBroadcastIdRange[4383, 4392, 1, true], CellBroadcastIdRange[4393, 4395, 1, false]], mCbRangesRequest3gpp2 = [CellBroadcastIdRange[4096, 4099, 2, true], CellBroadcastIdRange[4100, 4100, 2, false]]]
02-18 00:17:28.901 radio  3133  3329 D CellBroadcastConfigTracker-0: setActivation(1.true)
02-18 00:17:28.902 10090  3109  3109 D SHANNON_IMS: 0305 [CONN] Timer IMS_SUPPORT_SERVICE_TIMER started for 1000 (ConnectionTimer%timerStart:80)
02-18 00:17:28.902 10090  3109  3109 W SHANNON_IMS: 0306 [SIM#] Invalid sub id : -1   with slot id : 0 (SubscriptionWrapper%getSubId:55)
02-18 00:17:28.902 10090  3109  3109 D SHANNON_IMS: 0307 [CONF] updateRcsCarrierConfigItems, subId : -1 (RcsSettings%updateRcsCarrierConfigItems:78)
02-18 00:17:28.902 10090  3109  3109 D SHANNON_IMS: 0308 [CONF] unable to read from CarrierConfig (RcsSettings%updateRcsCarrierConfigItems:80)
02-18 00:17:28.902 10090  3109  3109 D SHANNON_IMS: 0309 [CONN] triggerRegistering by SUPPORT [SLID:0] (ImsConnectivityMgr%triggerRegistering:3669)
02-18 00:17:28.903 10090  3109  3109 W SHANNON_IMS: 0310 [SIM#] Invalid sub id : -1   with slot id : 0 (SubscriptionWrapper%getSubId:55)
02-18 00:17:28.903 10090  3109  3109 D SHANNON_IMS: 0311 [CONF] updateRcsCarrierConfigItems, subId : -1 (RcsSettings%updateRcsCarrierConfigItems:78)
02-18 00:17:28.903 10090  3109  3109 D SHANNON_IMS: 0312 [CONF] unable to read from CarrierConfig (RcsSettings%updateRcsCarrierConfigItems:80)
02-18 00:17:28.903 10090  3109  3109 D SHANNON_IMS: 0313 [CONN] triggerRegistering() stopped by: !mConnectivityRuleMgr.isConnectionEnabled() (ImsConnectivityMgr%isTriggerRegisteringReturnCondition:3592)
02-18 00:17:28.903 10090  3109  3109 W SHANNON_IMS: 0314 [SIM#] Invalid sub id : -1   with slot id : 0 (SubscriptionWrapper%getSubId:55)
02-18 00:17:28.903 10090  3109  3109 W SHANNON_IMS: 0315 [SIM#] Invalid sub id : -1   with slot id : 0 (SubscriptionWrapper%getSubId:55)
02-18 00:17:28.903 10090  3109  3109 D SHANNON_IMS: 0316 [CONF] updateRcsCarrierConfigItems, subId : -1 (RcsSettings%updateRcsCarrierConfigItems:78)
02-18 00:17:28.904 10090  3109  3109 D SHANNON_IMS: 0317 [CONF] unable to read from CarrierConfig (RcsSettings%updateRcsCarrierConfigItems:80)
02-18 00:17:28.909  1000  1649  1836 I commit_sys_config_file: [package,10]
02-18 00:17:28.909  1000  1649  1836 D PackageManager: Instant App installer not found with android.intent.action.INSTALL_INSTANT_APP_PACKAGE
02-18 00:17:28.909  1000  1649  1836 D PackageManager: Clear ephemeral installer activity
02-18 00:17:28.911  1000  1649  1834 E AppOps  : Trying to set mode for unknown uid 10130.
02-18 00:17:28.912 10090  3109  3109 I SHANNON_IMS: 0318 [CALL] isEmcAvailable for true (ImsCallManager%isEmcAvailable:1473)
02-18 00:17:28.940  logd  5171  5171 I logd    : start watching /data/system/packages.list ...
02-18 00:17:28.941  logd  5171  5171 I logd    : ReadPackageList, total packages: 134
02-18 00:17:28.915 radio  3133  3329 D RILJ    : [0160]> GSM_BROADCAST_ACTIVATION activate = true [PHONE0]
02-18 00:17:28.915 radio  1082  1082 D RILC    : setGsmBroadcastActivation: serial 160
02-18 00:17:28.915 radio  1082  1082 I RILC-CommandInfo: getCommandInfo found {request=91 halVer=00}
02-18 00:17:28.916 radio  1082  1082 V RIL     : [RilContext_0] SendMessage RIL Request Routing : RCM ID=91 Service ID=6 Message ID=6014 delayMillis=0
02-18 00:17:28.916 radio  1082  1082 V RIL     : [ServiceMgr] msg(0xb400007282fda1e0) msgId=6014 svc=SmsService_0(6) direction=Request
02-18 00:17:28.916 radio  1082  1219 I RIL     : [SmsService_0] DoSmsBroadcastActivation()
02-18 00:17:28.916 radio  1082  1219 I RIL     : [RilContext_0] Send 
02-18 00:17:28.916 radio  1082  1219 V RIL     : [RilContext_0] RecordRequestHistory token=0x00C5
02-18 00:17:28.916 radio  1082  1219 I RIL     : [RilContext_0] Send 
02-18 00:17:28.916 radio  1082  1219 V RIL     : [/dev/umts_ipc0][TX] SIT_ACT_BCST_SMS, REQ, 16 bytes, Token(0x00c5)
02-18 00:17:28.916 radio  1082  1219 V RIL     :  00 00 07 01 10 00 c5 00   00 00 00 00 00 00 00 00  
02-18 00:17:28.918 radio  1082  1233 V RIL     : [/dev/umts_ipc0][RX] SIT_ACT_BCST_SMS, RSP, 12 bytes, Token(0x00c5), OK(RCM_E_SUCCESS)
02-18 00:17:28.918 radio  1082  1233 V RIL     :  01 00 07 01 0c 00 c5 00   00 00 00 00
02-18 00:17:28.918 radio  1082  1233 I RIL     : [RilContext_0] ProcessModemData 
02-18 00:17:28.918 radio  1082  1233 V RIL     : WaitList::Find() found record : token=0x00C5 SrcService ID =6 DestService ID=6 Result Id=6015
02-18 00:17:28.918 radio  1082  1233 V RIL     : [RilContext_0] SendMessage RCM Response Routing : Type=0001, RCM ID=0x0107 Service ID=6 Message ID=6015
02-18 00:17:28.919 radio  1082  1233 V RIL     : [ServiceMgr] msg(0xb400007282fdba60) msgId=6015 svc=SmsService_0(6) direction=Response
02-18 00:17:28.919 radio  1082  1219 I RIL     : [SmsService_0] OnSmsBroadcastActivationDone()
02-18 00:17:28.919 radio  1082  1219 I RIL     : [RilContext_0] OnRequestComplete 
02-18 00:17:28.919 radio  1082  1219 I RIL     : [RilContext_0] ProcessSolicitedResponse Request ID=91
02-18 00:17:28.919 radio  1082  1219 D RILC    : RequestComplete, RIL_SOCKET_1
02-18 00:17:28.919 radio  1082  1219 E RILC    : Calling responseFunction() for token 160
02-18 00:17:28.919 radio  1082  1219 D RILC-HIDL: HidlHalMessagingResponse::setGsmBroadcastActivationResponse: serial 160
02-18 00:17:28.919 radio  1082  1219 D RILC-AIDL_SERVICE: RadioMessagingResponseHook::setGsmBroadcastActivationResponse mMessagingCb=0xb4000071d2fcc838
02-18 00:17:28.919 radio  1082  1219 V RIL     : [RilContext_0] RemoveRequestHistory  token=0x00C5
02-18 00:17:28.919 radio  3133  3769 D RILJ    : [0160]< GSM_BROADCAST_ACTIVATION  [PHONE0]
02-18 00:17:28.919 radio  3133  3329 D CellBroadcastConfigTracker-0: GsmActivatingState message:3
02-18 00:17:28.919 radio  3133  3329 D CellBroadcastConfigTracker-0: GsmActivatingState handle EVENT_ACTIVATION_DONE with request:Request[mCbRangesRequest3gpp = [CellBroadcastIdRange[911, 911, 1, true], CellBroadcastIdRange[919, 919, 1, true], CellBroadcastIdRange[4352, 4354, 1, true], CellBroadcastIdRange[4355, 4355, 1, false], CellBroadcastIdRange[4356, 4356, 1, true], CellBroadcastIdRange[4370, 4379, 1, true], CellBroadcastIdRange[4380, 4382, 1, false], CellBroadcastIdRange[4383, 4392, 1, true], CellBroadcastIdRange[4393, 4395, 1, false]], mCbRangesRequest3gpp2 = [CellBroadcastIdRange[4096, 4099, 2, true], CellBroadcastIdRange[4100, 4100, 2, false]]]
02-18 00:17:28.919 radio  3133  3329 D CellBroadcastConfigTracker-0: setCdmaConfig with [CellBroadcastIdRange[4096, 4099, 2, true], CellBroadcastIdRange[4100, 4100, 2, false]]
02-18 00:17:28.920  1000  1649  1774 V StorageManagerService: Package null does not have legacy storage
02-18 00:17:28.921  artd  1946  2583 I artd    : Merge skipped because there are no existing profiles
02-18 00:17:28.922 10115  3580  3603 D MediaGrants: Removed 0 media_grants for 0 user for [android.app.stubs]. Reason: Mode changed: android:read_external_storage
02-18 00:17:28.923  artd  1946  2583 I artd    : Dex parent of /data/app/~~KIgVvOac-JJW214aAnyhRA==/android.app.stubs-fX8jD_0x-PgFDb69Gn_zqA==/base.apk is not writable: Permission denied
02-18 00:17:28.923  artd  1946  2583 I artd    : GetBestInfo checking odex in dalvik-cache (/data/dalvik-cache/arm64/data@app@~~KIgVvOac-JJW214aAnyhRA==@android.app.stubs-fX8jD_0x-PgFDb69Gn_zqA==@base.apk@classes.dex)
02-18 00:17:28.923  artd  1946  2583 I artd    : Loading /data/dalvik-cache/arm64/data@app@~~KIgVvOac-JJW214aAnyhRA==@android.app.stubs-fX8jD_0x-PgFDb69Gn_zqA==@base.apk@classes.dex with executable: 0
02-18 00:17:28.923  artd  1946  2583 I artd    : OatFileAssistant test for existing oat file /data/dalvik-cache/arm64/data@app@~~KIgVvOac-JJW214aAnyhRA==@android.app.stubs-fX8jD_0x-PgFDb69Gn_zqA==@base.apk@classes.dex: File /data/dalvik-cache/arm64/data@app@~~KIgVvOac-JJW214aAnyhRA==@android.app.stubs-fX8jD_0x-PgFDb69Gn_zqA==@base.apk@classes.vdex does not exist.
02-18 00:17:28.923 radio  3133  3329 D RILJ    : [0161]> CDMA_SET_BROADCAST_CONFIG with 2 configs :  [PHONE0]
02-18 00:17:28.923  artd  1946  2583 I artd    : GetBestInfo checking odex next to the dex file (/data/app/~~KIgVvOac-JJW214aAnyhRA==/android.app.stubs-fX8jD_0x-PgFDb69Gn_zqA==/oat/arm64/base.odex)
02-18 00:17:28.923  artd  1946  2583 I artd    : Loading /data/app/~~KIgVvOac-JJW214aAnyhRA==/android.app.stubs-fX8jD_0x-PgFDb69Gn_zqA==/oat/arm64/base.odex with executable: 0
02-18 00:17:28.923 radio  3133  3329 D RILJ    : CdmaSmsBroadcastConfigInfo: Id [4096, 4099] ENABLED [PHONE0]
02-18 00:17:28.923 radio  3133  3329 D RILJ    : CdmaSmsBroadcastConfigInfo: Id [4100, 4100] DISABLED [PHONE0]
02-18 00:17:28.923  artd  1946  2583 I artd    : OatFileAssistant test for existing oat file /data/app/~~KIgVvOac-JJW214aAnyhRA==/android.app.stubs-fX8jD_0x-PgFDb69Gn_zqA==/oat/arm64/base.odex: File /data/app/~~KIgVvOac-JJW214aAnyhRA==/android.app.stubs-fX8jD_0x-PgFDb69Gn_zqA==/oat/arm64/base.vdex does not exist.
02-18 00:17:28.923  artd  1946  2583 I artd    : GetBestInfo checking vdex in dalvik-cache (/data/dalvik-cache/arm64/data@app@~~KIgVvOac-JJW214aAnyhRA==@android.app.stubs-fX8jD_0x-PgFDb69Gn_zqA==@base.apk@classes.vdex)
02-18 00:17:28.923  artd  1946  2583 I artd    : unable to open vdex file /data/dalvik-cache/arm64/data@app@~~KIgVvOac-JJW214aAnyhRA==@android.app.stubs-fX8jD_0x-PgFDb69Gn_zqA==@base.apk@classes.vdex: File /data/dalvik-cache/arm64/data@app@~~KIgVvOac-JJW214aAnyhRA==@android.app.stubs-fX8jD_0x-PgFDb69Gn_zqA==@base.apk@classes.vdex does not exist.
02-18 00:17:28.923  artd  1946  2583 I artd    : OatFileAssistant test for existing oat file /data/dalvik-cache/arm64/data@app@~~KIgVvOac-JJW214aAnyhRA==@android.app.stubs-fX8jD_0x-PgFDb69Gn_zqA==@base.apk@classes.vdex: File /data/dalvik-cache/arm64/data@app@~~KIgVvOac-JJW214aAnyhRA==@android.app.stubs-fX8jD_0x-PgFDb69Gn_zqA==@base.apk@classes.vdex does not exist.
02-18 00:17:28.923  artd  1946  2583 I artd    : GetBestInfo checking vdex next to the dex file (/data/app/~~KIgVvOac-JJW214aAnyhRA==/android.app.stubs-fX8jD_0x-PgFDb69Gn_zqA==/oat/arm64/base.vdex)
02-18 00:17:28.923  artd  1946  2583 I artd    : unable to open vdex file /data/app/~~KIgVvOac-JJW214aAnyhRA==/android.app.stubs-fX8jD_0x-PgFDb69Gn_zqA==/oat/arm64/base.vdex: File /data/app/~~KIgVvOac-JJW214aAnyhRA==/android.app.stubs-fX8jD_0x-PgFDb69Gn_zqA==/oat/arm64/base.vdex does not exist.
02-18 00:17:28.923  artd  1946  2583 I artd    : OatFileAssistant test for existing oat file /data/app/~~KIgVvOac-JJW214aAnyhRA==/android.app.stubs-fX8jD_0x-PgFDb69Gn_zqA==/oat/arm64/base.vdex: File /data/app/~~KIgVvOac-JJW214aAnyhRA==/android.app.stubs-fX8jD_0x-PgFDb69Gn_zqA==/oat/arm64/base.vdex does not exist.
02-18 00:17:28.923  artd  1946  2583 I artd    : GetBestInfo checking dm (/data/app/~~KIgVvOac-JJW214aAnyhRA==/android.app.stubs-fX8jD_0x-PgFDb69Gn_zqA==/base.dm)
02-18 00:17:28.923  artd  1946  2583 W ziparchive: Unable to open '/data/app/~~KIgVvOac-JJW214aAnyhRA==/android.app.stubs-fX8jD_0x-PgFDb69Gn_zqA==/base.dm': No such file or directory
02-18 00:17:28.923  artd  1946  2583 I artd    : OatFileAssistant test for existing oat file /data/app/~~KIgVvOac-JJW214aAnyhRA==/android.app.stubs-fX8jD_0x-PgFDb69Gn_zqA==/base.dm: I/O error
02-18 00:17:28.923  artd  1946  2583 I artd    : GetBestInfo checking dm (/data/app/~~KIgVvOac-JJW214aAnyhRA==/android.app.stubs-fX8jD_0x-PgFDb69Gn_zqA==/base.dm)
02-18 00:17:28.923  artd  1946  2583 W ziparchive: Unable to open '/data/app/~~KIgVvOac-JJW214aAnyhRA==/android.app.stubs-fX8jD_0x-PgFDb69Gn_zqA==/base.dm': No such file or directory
02-18 00:17:28.923  artd  1946  2583 I artd    : OatFileAssistant test for existing oat file /data/app/~~KIgVvOac-JJW214aAnyhRA==/android.app.stubs-fX8jD_0x-PgFDb69Gn_zqA==/base.dm: I/O error
02-18 00:17:28.923  artd  1946  2583 I artd    : GetBestInfo no usable artifacts
02-18 00:17:28.923 radio  1082  1082 D RILC    : setCdmaBroadcastConfig: serial 161
02-18 00:17:28.923 radio  1082  1082 I RILC-CommandInfo: getCommandInfo found {request=93 halVer=00}
02-18 00:17:28.923 radio  1082  1082 V RIL     : [RilContext_0] SendMessage RIL Request Routing : RCM ID=93 Service ID=6 Message ID=6041 delayMillis=0
02-18 00:17:28.923 radio  1082  1082 V RIL     : [ServiceMgr] msg(0xb400007282fdba60) msgId=6041 svc=SmsService_0(6) direction=Request
02-18 00:17:28.924 radio  1082  1219 I RIL     : [SmsService_0] DoSetCdmaBroadcastSmsConfig()
02-18 00:17:28.924 radio  1082  1219 I RIL     : [RilContext_0] Send 
02-18 00:17:28.924 radio  1082  1219 V RIL     : [RilContext_0] RecordRequestHistory token=0x00C6
02-18 00:17:28.924 radio  1082  1219 I RIL     : [RilContext_0] Send 
02-18 00:17:28.924 radio  1082  1219 V RIL     : [/dev/umts_ipc0][TX] <unknown sit>, REQ, 28 bytes, Token(0x00c6)
02-18 00:17:28.926 radio  1082  1233 V RIL     : [/dev/umts_ipc0][RX] <unknown sit>, RSP, 12 bytes, Token(0x00c6), Error(RCM_E_UNDEFINED_CMD)
02-18 00:17:28.926 radio  1082  1233 I RIL     : [RilContext_0] ProcessModemData 
02-18 00:17:28.926 radio  1082  1233 V RIL     : WaitList::Find() found record : token=0x00C6 SrcService ID =6 DestService ID=6 Result Id=6042
02-18 00:17:28.926 radio  1082  1233 V RIL     : [RilContext_0] SendMessage RCM Response Routing : Type=0001, RCM ID=0x0114 Service ID=6 Message ID=6042
02-18 00:17:28.926 radio  1082  1233 V RIL     : [ServiceMgr] msg(0xb400007282fdbd00) msgId=6042 svc=SmsService_0(6) direction=Response
02-18 00:17:28.926  artd  1946  2583 I artd    : Running dex2oat: /apex/com.android.art/bin/art_exec --drop-capabilities --set-task-profile=Dex2OatBootComplete --set-priority=background --keep-fds=7:8:9:10:11:12:13:14:15:16 -- /apex/com.android.art/bin/dex2oat64 --zip-fd=7 --zip-location=/data/app/~~KIgVvOac-JJW214aAnyhRA==/android.app.stubs-fX8jD_0x-PgFDb69Gn_zqA==/base.apk --oat-fd=8 --oat-location=/data/app/~~KIgVvOac-JJW214aAnyhRA==/android.app.stubs-fX8jD_0x-PgFDb69Gn_zqA==/oat/arm64/base.odex --output-vdex-fd=9 --swap-fd=10 --class-loader-context-fds=11:12:13:14:15:16 --class-loader-context=PCL[]{PCL[/system/framework/android.test.runner.jar]{PCL[/system/framework/android.test.base.jar]#PCL[/system/framework/android.test.mock.jar]}#PCL[/system/framework/org.apache.http.legacy.jar]#PCL[/system/framework/android.test.base.jar]#PCL[/system/framework/android.test.mock.jar]} --classpath-dir=/data/app/~~KIgVvOac-JJW214aAnyhRA==/android.app.stubs-fX8jD_0x-PgFDb69Gn_zqA== --instruction-set=arm64 --instruction-set-features=default --instruction-set-variant=cortex-a55 --compiler-filter=verify --compilation-reason=install --compact-dex-level=none --max-image-block-size=524288 --resolve-startup-const-strings=true --generate-mini-debug-info --runtime-arg -Xtarget-sdk-version:34 --runtime-arg -Xhidden-api-policy:enabled --runtime-arg -Xms64m --runtime-arg -Xmx512m --comments=app-name:android.app.stubs,app-version-name:14,app-version-code:34,art-version:350090000
02-18 00:17:28.926  artd  1946  2583 I artd    : Opened FDs: 7:/data/app/~~KIgVvOac-JJW214aAnyhRA==/android.app.stubs-fX8jD_0x-PgFDb69Gn_zqA==/base.apk 8:/data/app/~~KIgVvOac-JJW214aAnyhRA==/android.app.stubs-fX8jD_0x-PgFDb69Gn_zqA==/oat/arm64/base.odex.Ig11Nq.tmp 9:/data/app/~~KIgVvOac-JJW214aAnyhRA==/android.app.stubs-fX8jD_0x-PgFDb69Gn_zqA==/oat/arm64/base.vdex.heFBd0.tmp 10:/data/app/~~KIgVvOac-JJW214aAnyhRA==/android.app.stubs-fX8jD_0x-PgFDb69Gn_zqA==/oat/arm64/base.odex.swap.1xSdqa.tmp 11:/system/framework/android.test.mock.jar 12:/system/framework/android.test.base.jar 13:/system/framework/org.apache.http.legacy.jar 14:/system/framework/android.test.runner.jar 15:/system/framework/android.test.mock.jar 16:/system/framework/android.test.base.jar 
02-18 00:17:28.926 radio  1082  1219 I RIL     : [SmsService_0] OnSetCdmaBroadcastSmsConfigDone()
02-18 00:17:28.926 radio  1082  1219 I RIL     : [RilContext_0] OnRequestComplete 
02-18 00:17:28.926 radio  1082  1219 D RILC    : RequestComplete, RIL_SOCKET_1
02-18 00:17:28.926 radio  1082  1219 E RILC    : Calling responseFunction() for token 161
02-18 00:17:28.927 radio  1082  1219 D RILC-HIDL: HidlHalMessagingResponse::setCdmaBroadcastConfigResponse: serial 161
02-18 00:17:28.927 radio  1082  1219 D RILC-AIDL_SERVICE: RadioMessagingResponseHook::setCdmaBroadcastConfigResponse mMessagingCb=0xb4000071d2fcc838
02-18 00:17:28.927 radio  1082  1219 V RIL     : [RilContext_0] RemoveRequestHistory  token=0x00C6
02-18 00:17:28.927 radio  3133  3769 D RILJ    : [0161]< CDMA_SET_BROADCAST_CONFIG error 6 [PHONE0]
02-18 00:17:28.928 radio  3133  3769 D RilRequest: [0161]< CDMA_SET_BROADCAST_CONFIG error: com.android.internal.telephony.CommandException: REQUEST_NOT_SUPPORTED ret= result={ when=-1m11s118ms what=2 obj=Request[mCbRangesRequest3gpp = [CellBroadcastIdRange[911, 911, 1, true], CellBroadcastIdRange[919, 919, 1, true], CellBroadcastIdRange[4352, 4354, 1, true], CellBroadcastIdRange[4355, 4355, 1, false], CellBroadcastIdRange[4356, 4356, 1, true], CellBroadcastIdRange[4370, 4379, 1, true], CellBroadcastIdRange[4380, 4382, 1, false], CellBroadcastIdRange[4383, 4392, 1, true], CellBroadcastIdRange[4393, 4395, 1, false]], mCbRangesRequest3gpp2 = [CellBroadcastIdRange[4096, 4099, 2, true], CellBroadcastIdRange[4100, 4100, 2, false]]] target=com.android.internal.telephony.StateMachine$SmHandler }
02-18 00:17:28.928 radio  3133  3329 D CellBroadcastConfigTracker-0: CdmaConfiguringState message:2
02-18 00:17:28.928 radio  3133  3329 D CellBroadcastConfigTracker-0: CdmaConfiguringState handle EVENT_ACTIVATION_DONE with request:Request[mCbRangesRequest3gpp = [CellBroadcastIdRange[911, 911, 1, true], CellBroadcastIdRange[919, 919, 1, true], CellBroadcastIdRange[4352, 4354, 1, true], CellBroadcastIdRange[4355, 4355, 1, false], CellBroadcastIdRange[4356, 4356, 1, true], CellBroadcastIdRange[4370, 4379, 1, true], CellBroadcastIdRange[4380, 4382, 1, false], CellBroadcastIdRange[4383, 4392, 1, true], CellBroadcastIdRange[4393, 4395, 1, false]], mCbRangesRequest3gpp2 = [CellBroadcastIdRange[4096, 4099, 2, true], CellBroadcastIdRange[4100, 4100, 2, false]]]
02-18 00:17:28.928 radio  3133  3329 D CellBroadcastConfigTracker-0: Failed to set cdma config
02-18 00:17:28.928 10109  3325  5450 E CellBroadcastConfigService: fails to setCellBroadcastRanges, result = 2
02-18 00:17:28.937  1000  1649  1833 I commit_sys_config_file: [package-user-0,28]
02-18 00:17:28.949  artd  5466  5466 W dex2oat64: Mismatch between dex2oat instruction set features to use (ISA: Arm64 Feature string: -a53,crc,lse,fp16,dotprod,-sve) and those from CPP defines (ISA: Arm64 Feature string: -a53,crc,-lse,fp16,dotprod,-sve) for the command line:
02-18 00:17:28.949  artd  5466  5466 W dex2oat64: /apex/com.android.art/bin/dex2oat64 --zip-fd=7 --zip-location=/data/app/~~KIgVvOac-JJW214aAnyhRA==/android.app.stubs-fX8jD_0x-PgFDb69Gn_zqA==/base.apk --oat-fd=8 --oat-location=/data/app/~~KIgVvOac-JJW214aAnyhRA==/android.app.stubs-fX8jD_0x-PgFDb69Gn_zqA==/oat/arm64/base.odex --output-vdex-fd=9 --swap-fd=10 --class-loader-context-fds=11:12:13:14:15:16 --class-loader-context=PCL[]{PCL[/system/framework/android.test.runner.jar]{PCL[/system/framework/android.test.base.jar]#PCL[/system/framework/android.test.mock.jar]}#PCL[/system/framework/org.apache.http.legacy.jar]#PCL[/system/framework/android.test.base.jar]#PCL[/system/framework/android.test.mock.jar]} --classpath-dir=/data/app/~~KIgVvOac-JJW214aAnyhRA==/android.app.stubs-fX8jD_0x-PgFDb69Gn_zqA== --instruction-set=arm64 --instruction-set-features=default --instruction-set-variant=cortex-a55 --compiler-filter=verify --compilation-reason=install --compact-dex-level=none --max-image-block-size=524288 --resolve-startup-const-strings=true --generate-mini-debug-info --runtime-arg -Xtarget-sdk-version:34 --runtime-arg -Xhidden-api-policy:enabled --runtime-arg -Xms64m --runtime-arg -Xmx512m --comments=app-name:android.app.stubs,app-version-name:14,app-version-code:34,art-version:350090000
02-18 00:17:28.949  artd  5466  5466 I dex2oat64: /apex/com.android.art/bin/dex2oat64 --output-vdex-fd=9 --class-loader-context-fds=11:12:13:14:15:16 --class-loader-context=PCL[]{PCL[/system/framework/android.test.runner.jar]{PCL[/system/framework/android.test.base.jar]#PCL[/system/framework/android.test.mock.jar]}#PCL[/system/framework/org.apache.http.legacy.jar]#PCL[/system/framework/android.test.base.jar]#PCL[/system/framework/android.test.mock.jar]} --classpath-dir=/data/app/~~KIgVvOac-JJW214aAnyhRA==/android.app.stubs-fX8jD_0x-PgFDb69Gn_zqA== --compiler-filter=verify --compilation-reason=install --compact-dex-level=none --max-image-block-size=524288 --resolve-startup-const-strings=true --generate-mini-debug-info --comments=app-name:android.app.stubs,app-version-name:14,app-version-code:34,art-version:350090000
02-18 00:17:28.981  1000  1649  1905 I commit_sys_config_file: [settings-0-0,2]
02-18 00:17:29.033  1000  1649  1776 I commit_sys_config_file: [notification-policy,4]
02-18 00:17:29.063  artd  5466  5466 I dex2oat64: Using CollectorTypeCMC GC.
02-18 00:17:29.121  artd  5466  5471 W dex2oat64: Accessing hidden method Landroid/content/pm/PackageManager;->getAttentionServicePackageName()Ljava/lang/String; (blocked, linking, denied)
02-18 00:17:29.121  artd  5466  5471 W dex2oat64: Accessing hidden method Landroid/content/pm/PackageManager;->getSystemCaptionsServicePackageName()Ljava/lang/String; (blocked, linking, denied)
02-18 00:17:29.121  artd  5466  5471 W dex2oat64: Accessing hidden method Landroid/app/IActivityManager$Stub;->asInterface(Landroid/os/IBinder;)Landroid/app/IActivityManager; (max-target-r, linking, denied)
02-18 00:17:29.122  artd  5466  5471 W dex2oat64: Accessing hidden method Landroid/content/Context;->getIApplicationThread()Landroid/app/IApplicationThread; (max-target-o, linking, denied)
02-18 00:17:29.122  artd  5466  5471 W dex2oat64: Accessing hidden method Landroid/app/IActivityManager;->startService(Landroid/app/IApplicationThread;Landroid/content/Intent;Ljava/lang/String;ZLjava/lang/String;Ljava/lang/String;I)Landroid/content/ComponentName; (blocked, linking, denied)
02-18 00:17:29.122  artd  5466  5471 W dex2oat64: Accessing hidden method Landroid/app/IActivityManager$Stub;->asInterface(Landroid/os/IBinder;)Landroid/app/IActivityManager; (max-target-r, linking, denied)
02-18 00:17:29.122  artd  5466  5471 W dex2oat64: Accessing hidden method Landroid/content/Context;->getIApplicationThread()Landroid/app/IApplicationThread; (max-target-o, linking, denied)
02-18 00:17:29.122  artd  5466  5471 W dex2oat64: Accessing hidden method Landroid/app/IActivityManager;->startService(Landroid/app/IApplicationThread;Landroid/content/Intent;Ljava/lang/String;ZLjava/lang/String;Ljava/lang/String;I)Landroid/content/ComponentName; (blocked, linking, denied)
02-18 00:17:29.124  artd  5466  5466 W dex2oat64: Accessing hidden method Landroid/app/SearchManager;->isVisible()Z (max-target-r, linking, denied)
02-18 00:17:29.126  artd  5466  5471 W dex2oat64: Accessing hidden method Landroid/app/IActivityManager$Stub;->asInterface(Landroid/os/IBinder;)Landroid/app/IActivityManager; (max-target-r, linking, denied)
02-18 00:17:29.231  artd  5466  5468 W dex2oat64: Accessing hidden method Landroid/view/IWindowManager;->isRotationFrozen()Z (max-target-o, linking, denied)
02-18 00:17:29.231  artd  5466  5468 W dex2oat64: Accessing hidden method Landroid/view/IWindowManager;->closeSystemDialogs(Ljava/lang/String;)V (max-target-o, linking, denied)
02-18 00:17:29.231  artd  5466  5468 W dex2oat64: Accessing hidden method Landroid/os/ParcelableException;-><init>(Ljava/lang/Throwable;)V (max-target-o, linking, denied)
02-18 00:17:29.371  artd  5466  5466 I dex2oat64: dex2oat took 423.587ms (898.895ms cpu) (threads: 8) arena alloc=0B (0B) java alloc=7531KB (7712208B) native alloc=2741KB (2807152B) free=1084KB (1110336B)
02-18 00:17:29.396  artd  1946  2583 I artd    : dex2oat returned code 0
02-18 00:17:29.399  1000  1649  1836 I ArtService: Dexopt result: [packageName = android.app.stubs] DexContainerFileDexoptResult{dexContainerFile=/data/app/~~KIgVvOac-JJW214aAnyhRA==/android.app.stubs-fX8jD_0x-PgFDb69Gn_zqA==/base.apk, primaryAbi=true, abi=arm64-v8a, actualCompilerFilter=verify, status=PERFORMED, dex2oatWallTimeMillis=476, dex2oatCpuTimeMillis=920, sizeBytes=13402156, sizeBeforeBytes=0, extendedStatusFlags=[]}
02-18 00:17:29.400  1000  1649  1836 V BackupManagerService: [UserID:0] restoreAtInstall pkg=android.app.stubs token=7 restoreSet=0
02-18 00:17:29.401  1000  1649  1836 V BackupManagerService: [UserID:0] Finishing install immediately
02-18 00:17:29.402  1000  1649  1836 I AppsFilter: interaction: PackageSetting{a48b8be com.android.microdroid.empty_payload/10114} -> PackageSetting{a6342d3 android.app.stubs/10130} BLOCKED
02-18 00:17:29.405  1000  1649  1836 W MagnificationConnectionManager: requestConnection duplicated request: connect=false, mConnectionState=DISCONNECTED
02-18 00:17:29.405  1000  1649  1836 I unknown_sources_enabled: 1
02-18 00:17:29.405  1000  1649  1836 D PackageInstallerSession: Marking session 1370802335 as applied
02-18 00:17:29.410  1000  1649  1776 I commit_sys_config_file: [package-session,3]
02-18 00:17:29.411  1000  1649  1836 D CompatibilityChangeReporter: Compat change id reported: 168419799; UID 10130; state: DISABLED
02-18 00:17:29.411  1000  1649  1836 D CompatibilityChangeReporter: Compat change id reported: 273564678; UID 10130; state: DISABLED
02-18 00:17:29.412 10091  3171  3197 D SessionCommitReceiver: Removing PromiseIcon for package: android.app.stubs, install reason: 0, alreadyAddedPromiseIcon: false
02-18 00:17:29.413  1000  1649  1881 I commit_sys_config_file: [package-session,2]
02-18 00:17:29.416  1000  1649  1649 I notification_cancel_all: [1000,1649,android.app.stubs,0,0,0,5,NULL]
02-18 00:17:29.417  1000  1649  2884 I SdkSandboxManager: No SDKs used. Skipping SDK data reconcilation for CallingInfo{mUid=10130, mPackageName='android.app.stubs, mAppProcessToken='null'}
02-18 00:17:29.418 10101  2913  3033 I PermissionControllerServiceImpl: Updating user sensitive for uid 10130
02-18 00:17:29.418  1000  1649  1649 D TransparencyService: Not an update. Skipping...
02-18 00:17:29.419 radio  3133  3133 D CarrierSvcBindHelper: onPackageAdded: android.app.stubs
02-18 00:17:29.419 radio  3133  3321 D EuiccConnector: handleMessage: E msg.what=1
02-18 00:17:29.419 radio  3133  3321 D EuiccConnector: processMsg: UnavailableState
02-18 00:17:29.419 radio  3133  3321 W EuiccConnector: No valid EuiccService implementation found
02-18 00:17:29.420 radio  3133  3321 D EuiccConnector: handleMessage: X
02-18 00:17:29.420 radio  3133  3133 D CarrierSvcBindHelper: No carrier app for: 0
02-18 00:17:29.420 radio  3133  3133 D CarrierSvcBindHelper: No carrier app for: 1
02-18 00:17:29.420  1000  1649  1920 I InputReader: Reconfiguring input devices, changes=KEYBOARD_LAYOUTS
02-18 00:17:29.422   nfc  3586  3586 I RegisteredComponentCache: New Components => 
02-18 00:17:29.422   nfc  3586  3586 I RegisteredComponentCache: ComponentInfo: ResolveInfo{dc5fba9 com.android.apps.tag/.TagViewer m=0x108000 userHandle=UserHandle{0}}, techs: android.nfc.tech.Ndef, 
02-18 00:17:29.422   nfc  3586  3586 I RegisteredComponentCache: Removed Components => 
02-18 00:17:29.422   nfc  3586  3586 I RegisteredComponentCache: ComponentInfo: ResolveInfo{44908cd com.android.apps.tag/.TagViewer m=0x108000 userHandle=UserHandle{0}}, techs: android.nfc.tech.Ndef, 
02-18 00:17:29.425  1000  1649  1649 V BackupManagerConstants: getFullBackupIntervalMilliseconds(...) returns 86400000
02-18 00:17:29.425  1000  1649  1649 V BackupManagerConstants: getFullBackupRequiredNetworkType(...) returns 2
02-18 00:17:29.426  1000  1649  1649 V BackupManagerConstants: getFullBackupRequireCharging(...) returns true
02-18 00:17:29.432  1000  1649  1785 W PackageManager: Failed registering loading progress callback. Package is fully loaded.
02-18 00:17:29.433 10091  3171  3197 D PackageUpdatedTask: mAllAppsList.addPackage android.app.stubs
02-18 00:17:29.433  1000  1649  1785 W BroadcastLoopers: Found previously unknown looper Thread[android.bg,5,main]
02-18 00:17:29.433 10101  2913  2913 I SafetyLabelChangedBroadcastReceiver: received broadcast packageName: android.app.stubs, current user: UserHandle{0}, packageChangeEvent: NEW_INSTALL, intent user: UserHandle{0}
02-18 00:17:29.436  1000  1649  1884 I commit_sys_config_file: [overlays,5]
02-18 00:17:29.442   nfc  3586  3586 I RegisteredServicesCache: current user: 0, is managed profile : false
02-18 00:17:29.442   nfc  3586  3586 I RegisteredServicesCache: New Other Services => 
02-18 00:17:29.442   nfc  3586  3586 I RegisteredServicesCache: Removed Other Services => 
02-18 00:17:29.442 10091  3171  3171 D StatsLog: LAUNCHER_ALLAPPS_COUNT
02-18 00:17:29.444 radio  3133  3441 D ImsResolver: maybeAddedImsService, packageName: android.app.stubs
02-18 00:17:29.448 radio  3133  3133 E VvmPkgInstalledRcvr: cannot create TelephonyManager from ComponentInfo{com.android.phone/com.android.services.telephony.TelephonyConnectionService}, E, UserHandle{0}
02-18 00:17:29.449   nfc  3586  3586 I RegisteredServicesCache: New Services => 
02-18 00:17:29.449   nfc  3586  3586 I RegisteredServicesCache: Removed Services => 
02-18 00:17:29.450  1068  3081  3122 D SecureElementService: getReaders() for com.android.nfc
02-18 00:17:29.451  1068  3081  3122 I SecureElement-AccessControlEnforcer: getAccessRule() appCert = 27196e386b875e76adf700e7ea84e4c6eee33dfa
02-18 00:17:29.452  1068  3081  3122 I SecureElement-AccessControlEnforcer: getAccessRule() appCert = c8a2e9bccf597c2fb6dc66bee293fc13f2fc47ec77bc6b2b0d52c11f51192ab8
02-18 00:17:29.452  1068  3081  3122 I SecureElement-AccessRuleCache: findAccessRule() not found
02-18 00:17:29.452  1068  3081  3122 I SecureElement-AccessControlEnforcer: getAccessRule() appCert = 27196e386b875e76adf700e7ea84e4c6eee33dfa
02-18 00:17:29.452  1068  3081  3122 I SecureElement-AccessControlEnforcer: getAccessRule() appCert = c8a2e9bccf597c2fb6dc66bee293fc13f2fc47ec77bc6b2b0d52c11f51192ab8
02-18 00:17:29.452  1068  3081  3122 I SecureElement-AccessRuleCache: findAccessRule() not found
02-18 00:17:29.454  1068  3081  3122 I SecureElement-Terminal-SIM2: isNfcEventAllowed: No access rules for checking.
02-18 00:17:29.456  1000  1649  1649 I AppsFilter: interaction: PackageSetting{c2594c0 com.android.microdroid.empty_payload/10114} -> PackageSetting{bd305f9 android.app.stubs/10130} BLOCKED
02-18 00:17:29.458  1000  1649  1785 W MagnificationConnectionManager: requestConnection duplicated request: connect=false, mConnectionState=DISCONNECTED
02-18 00:17:29.459  1000  1649  1785 W VoiceInteractionManager: no available voice recognition services found for user 0
02-18 00:17:29.459 radio  3133  3133 D CarrierSvcBindHelper: onPackageModified: android.app.stubs
02-18 00:17:29.460 radio  3133  3321 D EuiccConnector: handleMessage: E msg.what=1
02-18 00:17:29.460 radio  3133  3321 D EuiccConnector: processMsg: UnavailableState
02-18 00:17:29.460 10101  2913  3033 I PermissionControllerServiceImpl: Updating user sensitive for uid 10130
02-18 00:17:29.460 radio  3133  3321 W EuiccConnector: No valid EuiccService implementation found
02-18 00:17:29.460 radio  3133  3321 D EuiccConnector: handleMessage: X
02-18 00:17:29.462   nfc  3586  3586 I RegisteredComponentCache: New Components => 
02-18 00:17:29.462   nfc  3586  3586 I RegisteredComponentCache: ComponentInfo: ResolveInfo{5b0a0a7 com.android.apps.tag/.TagViewer m=0x108000 userHandle=UserHandle{0}}, techs: android.nfc.tech.Ndef, 
02-18 00:17:29.462   nfc  3586  3586 I RegisteredComponentCache: Removed Components => 
02-18 00:17:29.462   nfc  3586  3586 I RegisteredComponentCache: ComponentInfo: ResolveInfo{dc5fba9 com.android.apps.tag/.TagViewer m=0x108000 userHandle=UserHandle{0}}, techs: android.nfc.tech.Ndef, 
02-18 00:17:29.462  1000  1649  1920 I InputReader: Reconfiguring input devices, changes=KEYBOARD_LAYOUTS
02-18 00:17:29.462 radio  3133  3133 D CarrierSvcBindHelper: No carrier app for: 0
02-18 00:17:29.462 radio  3133  3133 D CarrierSvcBindHelper: No carrier app for: 1
02-18 00:17:29.463 10091  3171  3197 D PackageUpdatedTask: mAllAppsList.updatePackage android.app.stubs
02-18 00:17:29.466   nfc  3586  3586 I RegisteredServicesCache: current user: 0, is managed profile : false
02-18 00:17:29.466   nfc  3586  3586 I RegisteredServicesCache: New Other Services => 
02-18 00:17:29.466   nfc  3586  3586 I RegisteredServicesCache: Removed Other Services => 
02-18 00:17:29.467  1000  1649  1785 W MagnificationConnectionManager: requestConnection duplicated request: connect=false, mConnectionState=DISCONNECTED
02-18 00:17:29.468  1000  1649  1785 W VoiceInteractionManager: no available voice recognition services found for user 0
02-18 00:17:29.469   nfc  3586  3586 I RegisteredServicesCache: New Services => 
02-18 00:17:29.469   nfc  3586  3586 I RegisteredServicesCache: Removed Services => 
02-18 00:17:29.471  1068  3081  3122 D SecureElementService: getReaders() for com.android.nfc
02-18 00:17:29.472  1068  3081  3122 I SecureElement-AccessControlEnforcer: getAccessRule() appCert = 27196e386b875e76adf700e7ea84e4c6eee33dfa
02-18 00:17:29.472  1068  3081  3122 I SecureElement-AccessControlEnforcer: getAccessRule() appCert = c8a2e9bccf597c2fb6dc66bee293fc13f2fc47ec77bc6b2b0d52c11f51192ab8
02-18 00:17:29.472  1068  3081  3122 I SecureElement-AccessRuleCache: findAccessRule() not found
02-18 00:17:29.473  1068  3081  3122 I SecureElement-AccessControlEnforcer: getAccessRule() appCert = 27196e386b875e76adf700e7ea84e4c6eee33dfa
02-18 00:17:29.473  1068  3081  3122 I SecureElement-AccessControlEnforcer: getAccessRule() appCert = c8a2e9bccf597c2fb6dc66bee293fc13f2fc47ec77bc6b2b0d52c11f51192ab8
02-18 00:17:29.473  1068  3081  3122 I SecureElement-AccessRuleCache: findAccessRule() not found
02-18 00:17:29.474 10091  3171  3171 D StatsLog: LAUNCHER_ALLAPPS_COUNT
02-18 00:17:29.476  1000  1649  1908 I RoleService: Granting default roles...
02-18 00:17:29.477  1000  1649  1798 I WifiService: getSupportedFeatures uid=1000 returns 1800000600000000
02-18 00:17:29.477 radio  3133  3441 D ImsResolver: maybeAddedImsService, packageName: android.app.stubs
02-18 00:17:29.478  1068  3081  3097 I SecureElement-Terminal-SIM2: isNfcEventAllowed: No access rules for checking.
02-18 00:17:29.488  1000  1649  3731 I commit_sys_config_file: [appops_accesses,5]
02-18 00:17:29.491  1002   880  1116 I bthal.flowcontrol: HciEventPreProcess: HCI Event 0xe Opcode 0xfd59 Length 22 unhandled by ControllerActivityWatcher
02-18 00:17:29.522  1000  1649  1751 I system_server: Background concurrent mark compact GC freed 12MB AllocSpace bytes, 46(1016KB) LOS objects, 75% free, 16MB/67MB, paused 889us,1.997ms total 117.424ms
02-18 00:17:29.524  1000  1649  1753 W system_server: ApkAssets: Deleting an ApkAssets object '<empty> and /system_ext/app/AccessibilityMenu/AccessibilityMenu.apk' with 1 weak references
02-18 00:17:29.525  1000  1649  1753 W system_server: ApkAssets: Deleting an ApkAssets object '<empty> and /product/app/LatinIME/LatinIME.apk' with 1 weak references
02-18 00:17:29.526  1000  1649  1753 W system_server: ApkAssets: Deleting an ApkAssets object '<empty> and /data/app/~~KIgVvOac-JJW214aAnyhRA==/android.app.stubs-fX8jD_0x-PgFDb69Gn_zqA==/base.apk' with 2 weak references
02-18 00:17:29.532 shell   997   997 I auditd  : type=1400 audit(0.0:222): avc:  denied  { search } for  comm=73796E6320737663203231 name="oem" dev="dm-7" ino=43 scontext=u:r:adbd:s0 tcontext=u:object_r:oemfs:s0 tclass=dir permissive=0
02-18 00:17:29.532 shell   997   997 W /apex/com.android.adbd/bin/adbd: type=1400 audit(0.0:222): avc:  denied  { search } for  comm=73796E6320737663203231 name="oem" dev="dm-7" ino=43 scontext=u:r:adbd:s0 tcontext=u:object_r:oemfs:s0 tclass=dir permissive=0
