02-18 00:17:46.071 radio  3133  3769 D RILJ    : [0166]< GET_CELL_INFO_LIST [CellInfoLte:{mRegistered=YES mTimeStamp=88258691530ns mCellConnectionStatus=1 CellIdentityLte:{ mCi=53815073 mPci=312 mTac=37242 mEarfcn=3250 mBands=[7] mBandwidth=20000 mMcc=466 mMnc=01 mAlphaLong= mAlphaShort= mAdditionalPlmns={} mCsgInfo=null} CellSignalStrengthLte: rssi=2147483647 rsrp=-95 rsrq=-9 rssnr=-6 cqiTableIndex=2147483647 cqi=2147483647 ta=0 level=3 parametersUseForLevel=1 android.telephony.CellConfigLte :{ isEndcAvailable = false }}, CellInfoLte:{mRegistered=NO mTimeStamp=88258691530ns mCellConnectionStatus=0 CellIdentityLte:{ mCi=2147483647 mPci=393 mTac=2147483647 mEarfcn=3250 mBands=[] mBandwidth=2147483647 mMcc=null mMnc=null mAlphaLong= mAlphaShort= mAdditionalPlmns={} mCsgInfo=null} CellSignalStrengthLte: rssi=2147483647 rsrp=-95 rsrq=-15 rssnr=-4 cqiTableIndex=2147483647 cqi=0 ta=0 level=3 parametersUseForLevel=1 android.telephony.CellConfigLte :{ isEndcAvailable = false }}, CellInfoLte:{mRegistered=NO mTimeStamp=88258691530ns mCellConnectionStatus=0 CellIdentityLte:{ mCi=2147483647 mPci=39 mTac=2147483647 mEarfcn=3250 mBands=[] mBandwidth=2147483647 mMcc=null mMnc=null mAlphaLong= mAlphaShort= mAdditionalPlmns={} mCsgInfo=null} CellSignalStrengthLte: rssi=2147483647 rsrp=-95 rsrq=-15 rssnr=-4 cqiTableIndex=2147483647 cqi=0 ta=0 level=3 parametersUseForLevel=1 android.telephony.CellConfigLte :{ isEndcAvailable = false }}, CellInfoLte:{mRegistered=NO mTimeStamp=88258691530ns mCellConnectionStatus=0 CellIdentityLte:{ mCi=2147483647 mPci=110 mTac=2147483647 mEarfcn=9310 mBands=[] mBandwidth=2147483647 mMcc=null mMnc=null mAlphaLong= mAlphaShort= mAdditionalPlmns={} mCsgInfo=null} CellSignalStrengthLte: rssi=2147483647 rsrp=-70 rsrq=-7 rssnr=23 cqiTableIndex=2147483647 cqi=0 ta=0 level=4 parametersUseForLevel=1 android.telephony.CellConfigLte :{ isEndcAvailable = false }}, CellInfoLte:{mRegistered=NO mTimeStamp=88258691530ns mCellConnectionStatus=0 CellIdentityLte:{ mCi=2147483647 mPci=312 mTac=2147483647 mEarfcn=9310 mBands=[] mBandwidth=2147483647 mMcc=null mMnc=null mAlphaLong= mAlphaShort= mAdditionalPlmns={} mCsgInfo=null} CellSignalStrengthLte: rssi=2147483647 rsrp=-72 rsrq=-9 rssnr=8 cqiTableIndex=2147483647 cqi=0 ta=0 level=4 parametersUseForLevel=1 android.telephony.CellConfigLte :{ isEndcAvailable = false }}] [PHONE0]
02-18 00:17:46.072 radio  3133  3133 D LocaleTracker-0: updateLocale: countryIso = tw, countryIsoDebugInfo = OperatorNumeric(46601): MccTable.geoCountryCodeForMccMnc("MccMnc{mcc='466', mnc='01'}")
02-18 00:17:46.072 radio  3133  3133 D LocaleTracker-0: updateLocale: timeZoneCountryIso = tw, timeZoneCountryIsoDebugInfo = OperatorNumeric(46601): MccTable.geoCountryCodeForMccMnc("MccMnc{mcc='466', mnc='01'}")
02-18 00:17:46.072 radio  3133  3133 D NitzStateMachineImpl: handleCountryDetected: countryIsoCode=tw, mLatestNitzSignal=null
02-18 00:17:46.525  root   954   954 I s3c2410-wdt 10070000.watchdog_cl1: Watchdog cluster 1 keepalive!, old_wtcnt = 774f, wtcnt = cc8c
02-18 00:17:46.601  1000   552   660 D DisplayDevice: setDesiredMode 4619827677550801152 {mode=60.00 Hz (60.00 Hz(60.00 Hz)), emitEvent=false, force=false}
02-18 00:17:46.609  1000   554   608 D hwc-display: setActiveConfigWithConstraints:: PrimaryDisplay config(36) test(0)
02-18 00:17:46.609  1000   554   608 I hwc-display: [PrimaryDisplay] setActiveConfigWithConstraints: config(36)
02-18 00:17:46.641  root   238   238 I gtd     : FTS_TS: refresh rate(Hz) changed to 60 from 90
02-18 00:17:46.634  1080   889   923 I CHRE    : @ 111.459: [ImuCal] [GYRO_RPS] (s0, c0) Offset | Temp [C] | Quality: 0.002304, 0.002536, 0.000453 | 29.63 | 4
02-18 00:17:46.634  1080   889   923 I CHRE    : @ 111.460: [ImuCal] [GYRO_RPS] (s0) Temp Sensitivity: -.000056, -.000036, -.000012
02-18 00:17:46.634  1080   889   923 I CHRE    : @ 111.460: [ImuCal] [GYRO_RPS] (s0) Temp Intercept: 0.003904, 0.003584, 0.000938
02-18 00:17:46.815  root   119   119 I logbuffer_pcie0: [   99] D state: 0, LTSSM: 0
02-18 00:17:46.817  root   119   119 I logbuffer_pcie0: [  100] L0(0x11)
02-18 00:17:46.863  1000  1059  1158 D DMD     : Flush DMD buffer, size=2098093
02-18 00:17:46.965  root     1     1 I init    : starting service 'securedpud.slider'...
02-18 00:17:46.988  root     1     1 I init    : ... started service 'securedpud.slider' has pid 5864
02-18 00:17:46.988  root     1     1 I init    : starting service 'trusty_metricsd'...
02-18 00:17:46.995  root     1     1 I init    : ... started service 'trusty_metricsd' has pid 5865
02-18 00:17:46.980  1000  5864  5864 I securedpud.slider: starting securedpud
02-18 00:17:46.981  1000  5864  5864 I securedpud.slider: trusty dev: /dev/trusty-ipc-dev0
02-18 00:17:46.981  1000  5864  5864 I DMABUFHEAPS: Using DMA-BUF heap named: tui-secure
02-18 00:17:46.982  1000  5864  5864 E libtrusty: tipc_connect: can't connect to tipc service "com.android.trusty.secure_dpu" (err=107)
02-18 00:17:46.982  1000  5864  5864 E securedpud.slider: Failed to connect to: /dev/trusty-ipc-dev0
02-18 00:17:47.016  root     1     1 I init    : Service 'securedpud.slider' (pid 5864) exited with status 1
02-18 00:17:47.016  root     1     1 I init    : Sending signal 9 to service 'securedpud.slider' (pid 5864) process group...
02-18 00:17:47.017  root     1     1 I libprocessgroup: Removed cgroup /sys/fs/cgroup/uid_1000/pid_5864
02-18 00:17:47.017  root     1     1 E init    : process with updatable components 'securedpud.slider' exited 4 times in 4 minutes
02-18 00:17:47.019  root     1     1 I init    : processing action (sys.init.updatable_crashing=1) from (/system/etc/init/flags_health_check.rc:10)
02-18 00:17:47.019  root     1     1 I init    : starting service 'exec 47 (/system/bin/flags_health_check UPDATABLE_CRASHING)'...
02-18 00:17:46.992  1000  5865  5865 I trusty_metricsd: starting trusty_metricsd
02-18 00:17:46.993  1000  5865  5865 I trusty_metricsd: trusty dev: /dev/trusty-ipc-dev0
02-18 00:17:46.998  1000  5865  5865 E libtrusty: tipc_connect: can't connect to tipc service "com.android.frameworks.stats.trusty.metrics.istats_setter" (err=107)
02-18 00:17:46.998  1000  5865  5865 E RpcTrusty: Failed to connect to Trusty service. Error code: -107
02-18 00:17:46.998  1000  5865  5865 E RpcTrusty: Failed to set up Trusty client. Error: BAD_VALUE
02-18 00:17:46.998  1000  5865  5865 E trusty_metricsd: failed to connect TrustyMetricsPixel to Trusty: failed to connect to Trusty metrics TA: Transport endpoint is not connected
02-18 00:17:46.998  1000  5865  5865 W RefBase : RefBase: Explicit destruction, weak count = 0 (in 0xb4000071e701cbf8). Use sp<> to manage this object.
02-18 00:17:46.998  1000  5865  5865 W RefBase : CallStack::getCurrentInternal not linked, returning null
02-18 00:17:46.998  1000  5865  5865 W RefBase : CallStack::logStackInternal not linked
02-18 00:17:46.998  1000  5865  5865 E trusty_metricsd: failed to open Trusty metrics client
02-18 00:17:46.998  1000  5865  5865 E trusty_metricsd: trying to connect to Trusty metrics TA at old TIPC port
02-18 00:17:46.999  1000  5865  5865 E libtrusty: tipc_connect: can't connect to tipc service "com.android.trusty.metrics" (err=107)
02-18 00:17:46.999  1000  5865  5865 E trusty_metricsd: failed to open TrustyMetricsPixelTipc: failed to connect to Trusty metrics TA: Transport endpoint is not connected
02-18 00:17:46.999  1000  5865  5865 E trusty_metricsd: failed to open Trusty metrics client
02-18 00:17:47.026  root     1     1 I init    : ... started service 'exec 47 (/system/bin/flags_health_check UPDATABLE_CRASHING)' has pid 5866
02-18 00:17:47.026  root     1     1 I init    : SVC_EXEC service 'exec 47 (/system/bin/flags_health_check UPDATABLE_CRASHING)' pid 5866 (uid 1000 gid 1000+0 context default) started; waiting...
02-18 00:17:47.033  root     1     1 I init    : Service 'trusty_metricsd' (pid 5865) exited with status 1
02-18 00:17:47.033  root     1     1 I init    : Sending signal 9 to service 'trusty_metricsd' (pid 5865) process group...
02-18 00:17:47.034  root     1     1 I libprocessgroup: Removed cgroup /sys/fs/cgroup/uid_1000/pid_5865
02-18 00:17:47.034  root     1     1 E init    : process with updatable components 'trusty_metricsd' exited 4 times in 4 minutes
02-18 00:17:47.017  1000  5866  5866 I flags_health_check: ServerConfigurableFlagsReset reset_mode value: 1
02-18 00:17:47.017  1000  5866  5866 I flags_health_check: ServerConfigurableFlagsReset updatable crashing detected, resetting flags.
02-18 00:17:47.060  root     1     1 I init    : Service 'exec 47 (/system/bin/flags_health_check UPDATABLE_CRASHING)' (pid 5866) exited with status 0 waiting took 0.036000 seconds
02-18 00:17:47.060  root     1     1 I init    : Sending signal 9 to service 'exec 47 (/system/bin/flags_health_check UPDATABLE_CRASHING)' (pid 5866) process group...
02-18 00:17:47.060  root     1     1 I libprocessgroup: Removed cgroup /sys/fs/cgroup/uid_1000/pid_5866
02-18 00:17:47.062  root     1     1 I init    : processing action (sys.init.updatable_crashing=1) from (/system/etc/init/flags_health_check.rc:10)
02-18 00:17:47.063  root     1     1 I init    : starting service 'exec 48 (/system/bin/flags_health_check UPDATABLE_CRASHING)'...
02-18 00:17:47.072  root     1     1 I init    : ... started service 'exec 48 (/system/bin/flags_health_check UPDATABLE_CRASHING)' has pid 5867
02-18 00:17:47.072  root     1     1 I init    : SVC_EXEC service 'exec 48 (/system/bin/flags_health_check UPDATABLE_CRASHING)' pid 5867 (uid 1000 gid 1000+0 context default) started; waiting...
02-18 00:17:47.061  1000  5867  5867 I flags_health_check: ServerConfigurableFlagsReset reset_mode value: 1
02-18 00:17:47.062  1000  5867  5867 I flags_health_check: ServerConfigurableFlagsReset updatable crashing detected, resetting flags.
02-18 00:17:47.101  root     1     1 I init    : Service 'exec 48 (/system/bin/flags_health_check UPDATABLE_CRASHING)' (pid 5867) exited with status 0 waiting took 0.032000 seconds
02-18 00:17:47.101  root     1     1 I init    : Sending signal 9 to service 'exec 48 (/system/bin/flags_health_check UPDATABLE_CRASHING)' (pid 5867) process group...
02-18 00:17:47.102  root     1     1 I libprocessgroup: Removed cgroup /sys/fs/cgroup/uid_1000/pid_5867
02-18 00:17:50.432 10115  3580  4026 W MediaProvider: isAppCloneUserPair for user 0: false
02-18 00:17:50.626 10115  3580  4003 I MediaProvider: Deleted 1 0 0 0 0 0 0 items on external_primary due to com.android.shell
02-18 00:17:50.713  artd  1946  2583 I artd    : Dex parent of /data/app/~~i8EL77W6nFzZPUVsnIFdQw==/com.android.tradefed.utils.wifi-rsMyq57Btp0UugaKXTP4kQ==/base.apk is not writable: Permission denied
02-18 00:17:50.713  artd  1946  2583 I artd    : GetBestInfo checking odex in dalvik-cache (/data/dalvik-cache/arm64/data@app@~~i8EL77W6nFzZPUVsnIFdQw==@com.android.tradefed.utils.wifi-rsMyq57Btp0UugaKXTP4kQ==@base.apk@classes.dex)
02-18 00:17:50.713  artd  1946  2583 I artd    : Loading /data/dalvik-cache/arm64/data@app@~~i8EL77W6nFzZPUVsnIFdQw==@com.android.tradefed.utils.wifi-rsMyq57Btp0UugaKXTP4kQ==@base.apk@classes.dex with executable: 0
02-18 00:17:50.713  artd  1946  2583 I artd    : OatFileAssistant test for existing oat file /data/dalvik-cache/arm64/data@app@~~i8EL77W6nFzZPUVsnIFdQw==@com.android.tradefed.utils.wifi-rsMyq57Btp0UugaKXTP4kQ==@base.apk@classes.dex: File /data/dalvik-cache/arm64/data@app@~~i8EL77W6nFzZPUVsnIFdQw==@com.android.tradefed.utils.wifi-rsMyq57Btp0UugaKXTP4kQ==@base.apk@classes.vdex does not exist.
02-18 00:17:50.713  artd  1946  2583 I artd    : GetBestInfo checking odex next to the dex file (/data/app/~~i8EL77W6nFzZPUVsnIFdQw==/com.android.tradefed.utils.wifi-rsMyq57Btp0UugaKXTP4kQ==/oat/arm64/base.odex)
02-18 00:17:50.713  artd  1946  2583 I artd    : Loading /data/app/~~i8EL77W6nFzZPUVsnIFdQw==/com.android.tradefed.utils.wifi-rsMyq57Btp0UugaKXTP4kQ==/oat/arm64/base.odex with executable: 0
02-18 00:17:50.714  artd  1946  2583 I artd    : Successfully loaded /data/app/~~i8EL77W6nFzZPUVsnIFdQw==/com.android.tradefed.utils.wifi-rsMyq57Btp0UugaKXTP4kQ==/oat/arm64/base.odex with executable: 0
02-18 00:17:50.715  artd  1946  2583 I artd    : /data/app/~~i8EL77W6nFzZPUVsnIFdQw==/com.android.tradefed.utils.wifi-rsMyq57Btp0UugaKXTP4kQ==/oat/arm64/base.odex is kOatUpToDate with filter verify
02-18 00:17:50.886 shell  5891  5891 D AndroidRuntime: >>>>>> START com.android.internal.os.RuntimeInit uid 2000 <<<<<<
02-18 00:17:50.891 shell  5891  5891 I AndroidRuntime: Using default boot image
02-18 00:17:50.891 shell  5891  5891 I AndroidRuntime: Leaving lock profiling enabled
02-18 00:17:50.893 shell  5891  5891 I app_process: Core platform API reporting enabled, enforcing=false
02-18 00:17:50.894 shell  5891  5891 I app_process: Using CollectorTypeCMC GC.
02-18 00:17:50.955 shell  5891  5891 D nativeloader: InitDefaultPublicLibraries for_preload=1: libandroid.so:libaaudio.so:libamidi.so:libbinder_ndk.so:libc.so:libcamera2ndk.so:libdl.so:libEGL.so:libGLESv1_CM.so:libGLESv2.so:libGLESv3.so:libicu.so:libicui18n.so:libicuuc.so:libjnigraphics.so:liblog.so:libmediandk.so:libm.so:libnativehelper.so:libnativewindow.so:libOpenMAXAL.so:libOpenSLES.so:libRS.so:libstdc++.so:libsync.so:libvulkan.so:libwebviewchromium_plat_support.so:libz.so
02-18 00:17:50.967 shell  5891  5891 D nativeloader: Load libicu_jni.so using APEX ns com_android_art for caller /apex/com.android.art/javalib/core-oj.jar: ok
02-18 00:17:50.967 shell  5891  5891 D app_process: Time zone APEX ICU file found: /apex/com.android.tzdata/etc/icu/icu_tzdata.dat
02-18 00:17:50.967 shell  5891  5891 D app_process: I18n APEX ICU file found: /apex/com.android.i18n/etc/icu/icudt72l.dat
02-18 00:17:50.969 shell  5891  5891 D nativeloader: Load libjavacore.so using APEX ns com_android_art for caller /apex/com.android.art/javalib/core-oj.jar: ok
02-18 00:17:50.970 shell  5891  5891 D nativeloader: Load libopenjdk.so using APEX ns com_android_art for caller /apex/com.android.art/javalib/core-oj.jar: ok
02-18 00:17:50.995 shell  5891  5891 D nativeloader: Load libframework-connectivity-tiramisu-jni.so using APEX ns com_android_tethering for caller /apex/com.android.tethering/javalib/framework-connectivity-t.jar: ok
02-18 00:17:50.995 shell  5891  5891 D AndroidRuntime: Calling main entry com.android.commands.am.Am
02-18 00:17:51.004 shell  5891  5891 D UiAutomationConnection: Created on user UserHandle{0}
02-18 00:17:51.005  1000  1649  3387 I ActivityManager: Force stopping com.android.tradefed.utils.wifi appid=10126 user=0: start instr
02-18 00:17:51.006  1000  1649  3387 D OomAdjuster: Not killing cached processes
02-18 00:17:51.006  1000  1649  3387 W ProcessStats: Tracking association SourceState{af58db0 com.android.phone/1001 ImpFg #875} whose proc state 5 is better than process ProcessState{b37e281 com.google.android.iwlan/1000 pkg=com.google.android.iwlan} proc state 14 (139 skipped)
02-18 00:17:51.007  1000  1649  3387 D GrammaticalInflection: The flag must be enabled to allow calling the API.
02-18 00:17:51.007  1000  1649  3387 I am_uid_running: 10126
02-18 00:17:51.007  1000  1649  3387 D CompatibilityChangeReporter: Compat change id reported: 135634846; UID 10126; state: DISABLED
02-18 00:17:51.007  1000  1649  3387 D CompatibilityChangeReporter: Compat change id reported: 177438394; UID 10126; state: DISABLED
02-18 00:17:51.007  1000  1649  3387 D CompatibilityChangeReporter: Compat change id reported: 135772972; UID 10126; state: DISABLED
02-18 00:17:51.007  1000  1649  3387 D CompatibilityChangeReporter: Compat change id reported: 135754954; UID 10126; state: ENABLED
02-18 00:17:51.008  1000  1649  1787 D CompatibilityChangeReporter: Compat change id reported: 143937733; UID 10126; state: ENABLED
02-18 00:17:51.018  root   867   867 D Zygote  : Forked child process 5905
02-18 00:17:51.018  1000  1649  1787 I am_proc_start: [0,5905,10126,com.android.tradefed.utils.wifi,added application,com.android.tradefed.utils.wifi]
02-18 00:17:51.018  1000  1649  1787 I ActivityManager: Start proc 5905:com.android.tradefed.utils.wifi/u0a126 for added application com.android.tradefed.utils.wifi
02-18 00:17:51.038 10126  5905  5905 I efed.utils.wifi: Using CollectorTypeCMC GC.
02-18 00:17:51.043 10126  5905  5905 E efed.utils.wifi: Not starting debugger since process cannot load the jdwp agent.
02-18 00:17:51.047 10126  5905  5905 D nativeloader: Load libframework-connectivity-tiramisu-jni.so using APEX ns com_android_tethering for caller /apex/com.android.tethering/javalib/framework-connectivity-t.jar: ok
02-18 00:17:51.053  1000  1649  3387 I am_proc_bound: [0,5905,com.android.tradefed.utils.wifi]
02-18 00:17:51.058 10126  5905  5905 D CompatibilityChangeReporter: Compat change id reported: 171979766; UID 10126; state: ENABLED
02-18 00:17:51.058 10126  5905  5905 D CompatibilityChangeReporter: Compat change id reported: 242716250; UID 10126; state: DISABLED
02-18 00:17:51.063 10126  5905  5905 D ApplicationLoaders: Returning zygote-cached class loader: /system/framework/android.test.base.jar
02-18 00:17:51.066 10126  5905  5905 D nativeloader: Configuring clns-4 for other apk /system/framework/android.test.mock.jar. target_sdk_version=31, uses_libraries=ALL, library_path=/data/app/~~i8EL77W6nFzZPUVsnIFdQw==/com.android.tradefed.utils.wifi-rsMyq57Btp0UugaKXTP4kQ==/lib/arm64, permitted_path=/data:/mnt/expand:/data/user/0/com.android.tradefed.utils.wifi
02-18 00:17:51.068 10126  5905  5905 D ApplicationLoaders: Returning zygote-cached class loader: /system/framework/android.test.base.jar
02-18 00:17:51.071 10126  5905  5905 D nativeloader: Configuring clns-5 for other apk /system/framework/android.test.runner.jar. target_sdk_version=31, uses_libraries=ALL, library_path=/data/app/~~i8EL77W6nFzZPUVsnIFdQw==/com.android.tradefed.utils.wifi-rsMyq57Btp0UugaKXTP4kQ==/lib/arm64, permitted_path=/data:/mnt/expand:/data/user/0/com.android.tradefed.utils.wifi
02-18 00:17:51.075 10126  5905  5905 D nativeloader: Configuring clns-6 for other apk /data/app/~~i8EL77W6nFzZPUVsnIFdQw==/com.android.tradefed.utils.wifi-rsMyq57Btp0UugaKXTP4kQ==/base.apk. target_sdk_version=31, uses_libraries=, library_path=/data/app/~~i8EL77W6nFzZPUVsnIFdQw==/com.android.tradefed.utils.wifi-rsMyq57Btp0UugaKXTP4kQ==/lib/arm64, permitted_path=/data:/mnt/expand:/data/user/0/com.android.tradefed.utils.wifi
02-18 00:17:51.080 10126  5905  5905 V GraphicsEnvironment: Currently set values for:
02-18 00:17:51.081 10126  5905  5905 V GraphicsEnvironment:   angle_gl_driver_selection_pkgs=[]
02-18 00:17:51.081 10126  5905  5905 V GraphicsEnvironment:   angle_gl_driver_selection_values=[]
02-18 00:17:51.081 10126  5905  5905 V GraphicsEnvironment: Global.Settings values are invalid: number of packages: 0, number of values: 0
02-18 00:17:51.081 10126  5905  5905 V GraphicsEnvironment: Neither updatable production driver nor prerelease driver is supported.
02-18 00:17:51.084 10126  5905  5905 I UiAutomation: Initialized for user 0 on display 0
02-18 00:17:51.086  1000  1649  3387 D AccessibilityManagerService: changeCurrentUserForTestAutomationIfNeededLocked(0): ignoring because device doesn't support visible background users
02-18 00:17:51.086  1000  1649  3387 I UiAutomationManager: Registering UiTestAutomationService (id=com.android.server.accessibility/UiAutomation) when called by user 0
02-18 00:17:51.088  1000   552   660 D DisplayDevice: setDesiredMode 4619827677550801152 {mode=90.00 Hz (90.00 Hz(90.00 Hz)), emitEvent=true, force=false}
02-18 00:17:51.091  1000  1649  3387 W MagnificationConnectionManager: requestConnection duplicated request: connect=false, mConnectionState=DISCONNECTED
02-18 00:17:51.094 10126  5905  5921 V UiAutomation: Init UiAutomation@1100d1f[id=7, displayId=0, flags=0]
02-18 00:17:51.094  1000  1649  1649 D BatterySaverPolicy: accessibility changed to true, updating policy.
02-18 00:17:51.094  1000   554   608 D hwc-display: setActiveConfigWithConstraints:: PrimaryDisplay config(37) test(0)
02-18 00:17:51.094  1000   554   608 I hwc-display: [PrimaryDisplay] setActiveConfigWithConstraints: config(37)
02-18 00:17:51.096  1000  1649  5617 I am_uid_active: 10126
02-18 00:17:51.097  1000  1649  5617 I WifiService: getVerboseLoggingLevel uid=10126
02-18 00:17:51.100  root   866  5924 I resolv  : GetAddrInfoHandler::run: {0 0 0 983040 10126 0}
02-18 00:17:51.101 10126  5905  5922 E WifiConnector: Failed to open connection to check connectivity
02-18 00:17:51.135  1000  5617  5617 I binder  : 1649:5617 ioctl 400c620e 6e485ce38c returned -11
02-18 00:17:51.135  1000  5617  5617 I binder  : 1649:5617 ioctl 400c620e 6e485ce38c returned -11
02-18 00:17:51.102  1000  1649  5185 W MagnificationConnectionManager: requestConnection duplicated request: connect=false, mConnectionState=DISCONNECTED
02-18 00:17:51.102  1000  1649  5185 D AccessibilityManagerService: restoreCurrentUserForTestAutomationIfNeededLocked(): ignoring because device doesn't support visible background users
02-18 00:17:51.103  1000  1649  1649 D BatterySaverPolicy: accessibility changed to false, updating policy.
02-18 00:17:51.103  1000  1649  5617 I ActivityManager: Force stopping com.android.tradefed.utils.wifi appid=10126 user=0: finished inst
02-18 00:17:51.104  1000  1649  5617 E ActivityManager: Unable to freeze binder for 5905: -11
02-18 00:17:51.105 shell  5891  5891 I app_process: System.exit called, status: 0
02-18 00:17:51.105 shell  5891  5891 I AndroidRuntime: VM exiting with result code 0.
02-18 00:17:51.105  1000  1649  1775 D DisplayManagerService: Drop pending events for gone uid 10126
02-18 00:17:51.105  1000  1649  5617 I am_uid_stopped: 10126
02-18 00:17:51.136  root   238   238 I gtd     : FTS_TS: refresh rate(Hz) changed to 90 from 60
02-18 00:17:51.109  1000  1649  5617 I ActivityManager: Killing 5905:com.android.tradefed.utils.wifi/u0a126 (adj 0): stop com.android.tradefed.utils.wifi due to finished inst
02-18 00:17:51.109  1000  1649  5617 I am_kill : [0,5905,com.android.tradefed.utils.wifi,0,stop com.android.tradefed.utils.wifi due to finished inst,103692]
02-18 00:17:51.133  1000  1649  5617 V ActivityManager: Got obituary of 5905:com.android.tradefed.utils.wifi
02-18 00:17:51.135  root   867   867 I Zygote  : Process 5905 exited due to signal 9 (Killed)
02-18 00:17:51.137  1000  1649  1790 I libprocessgroup: Removed cgroup /sys/fs/cgroup/uid_10126/pid_5905
02-18 00:17:51.164  root   147   147 I binder  : undelivered TRANSACTION_COMPLETE
02-18 00:17:51.164  root   147   147 I binder  : undelivered transaction 182231, process died.
02-18 00:17:51.311  1000  1649  1905 I commit_sys_config_file: [settings-2-0,19]
02-18 00:17:51.986  root     1     1 I init    : starting service 'securedpud.slider'...
02-18 00:17:52.004  root     1     1 I init    : ... started service 'securedpud.slider' has pid 5927
02-18 00:17:52.005  root     1     1 I init    : starting service 'trusty_metricsd'...
02-18 00:17:52.010  root     1     1 I init    : ... started service 'trusty_metricsd' has pid 5928
02-18 00:17:51.991  1000  5928  5928 I trusty_metricsd: starting trusty_metricsd
02-18 00:17:51.992  1000  5928  5928 I trusty_metricsd: trusty dev: /dev/trusty-ipc-dev0
02-18 00:17:51.994  1000  5928  5928 E libtrusty: tipc_connect: can't connect to tipc service "com.android.frameworks.stats.trusty.metrics.istats_setter" (err=107)
02-18 00:17:51.994  1000  5928  5928 E RpcTrusty: Failed to connect to Trusty service. Error code: -107
02-18 00:17:51.994  1000  5928  5928 E RpcTrusty: Failed to set up Trusty client. Error: BAD_VALUE
02-18 00:17:51.994  1000  5927  5927 I securedpud.slider: starting securedpud
02-18 00:17:51.994  1000  5928  5928 E trusty_metricsd: failed to connect TrustyMetricsPixel to Trusty: failed to connect to Trusty metrics TA: Transport endpoint is not connected
02-18 00:17:51.994  1000  5927  5927 I securedpud.slider: trusty dev: /dev/trusty-ipc-dev0
02-18 00:17:51.994  1000  5928  5928 W RefBase : RefBase: Explicit destruction, weak count = 0 (in 0xb4000076b6b785c8). Use sp<> to manage this object.
02-18 00:17:51.994  1000  5928  5928 W RefBase : CallStack::getCurrentInternal not linked, returning null
02-18 00:17:51.994  1000  5928  5928 W RefBase : CallStack::logStackInternal not linked
02-18 00:17:51.994  1000  5928  5928 E trusty_metricsd: failed to open Trusty metrics client
02-18 00:17:51.994  1000  5928  5928 E trusty_metricsd: trying to connect to Trusty metrics TA at old TIPC port
02-18 00:17:51.994  1000  5927  5927 I DMABUFHEAPS: Using DMA-BUF heap named: tui-secure
02-18 00:17:51.994  1000  5927  5927 E libtrusty: tipc_connect: can't connect to tipc service "com.android.trusty.secure_dpu" (err=107)
02-18 00:17:51.995  1000  5927  5927 E securedpud.slider: Failed to connect to: /dev/trusty-ipc-dev0
02-18 00:17:51.995  1000  5928  5928 E libtrusty: tipc_connect: can't connect to tipc service "com.android.trusty.metrics" (err=107)
02-18 00:17:51.995  1000  5928  5928 E trusty_metricsd: failed to open TrustyMetricsPixelTipc: failed to connect to Trusty metrics TA: Transport endpoint is not connected
02-18 00:17:51.995  1000  5928  5928 E trusty_metricsd: failed to open Trusty metrics client
02-18 00:17:52.028  root     1     1 I init    : Service 'securedpud.slider' (pid 5927) exited with status 1
02-18 00:17:52.028  root     1     1 I init    : Sending signal 9 to service 'securedpud.slider' (pid 5927) process group...
02-18 00:17:52.029  root     1     1 I libprocessgroup: Removed cgroup /sys/fs/cgroup/uid_1000/pid_5927
02-18 00:17:52.029  root     1     1 E init    : process with updatable components 'securedpud.slider' exited 4 times in 4 minutes
02-18 00:17:52.035  root     1     1 I init    : Service 'trusty_metricsd' (pid 5928) exited with status 1
02-18 00:17:52.035  root     1     1 I init    : Sending signal 9 to service 'trusty_metricsd' (pid 5928) process group...
02-18 00:17:52.036  root     1     1 I libprocessgroup: Removed cgroup /sys/fs/cgroup/uid_1000/pid_5928
02-18 00:17:52.036  root     1     1 E init    : process with updatable components 'trusty_metricsd' exited 4 times in 4 minutes
02-18 00:17:52.039  root     1     1 I init    : processing action (sys.init.updatable_crashing=1) from (/system/etc/init/flags_health_check.rc:10)
02-18 00:17:52.040  root     1     1 I init    : starting service 'exec 49 (/system/bin/flags_health_check UPDATABLE_CRASHING)'...
02-18 00:17:52.048  root     1     1 I init    : ... started service 'exec 49 (/system/bin/flags_health_check UPDATABLE_CRASHING)' has pid 5929
02-18 00:17:52.048  root     1     1 I init    : SVC_EXEC service 'exec 49 (/system/bin/flags_health_check UPDATABLE_CRASHING)' pid 5929 (uid 1000 gid 1000+0 context default) started; waiting...
02-18 00:17:52.037  1000  5929  5929 I flags_health_check: ServerConfigurableFlagsReset reset_mode value: 1
02-18 00:17:52.037  1000  5929  5929 I flags_health_check: ServerConfigurableFlagsReset updatable crashing detected, resetting flags.
02-18 00:17:52.079  root     1     1 I init    : Service 'exec 49 (/system/bin/flags_health_check UPDATABLE_CRASHING)' (pid 5929) exited with status 0 waiting took 0.033000 seconds
02-18 00:17:52.079  root     1     1 I init    : Sending signal 9 to service 'exec 49 (/system/bin/flags_health_check UPDATABLE_CRASHING)' (pid 5929) process group...
02-18 00:17:52.080  root     1     1 I libprocessgroup: Removed cgroup /sys/fs/cgroup/uid_1000/pid_5929
02-18 00:17:52.081  root     1     1 I init    : processing action (sys.init.updatable_crashing=1) from (/system/etc/init/flags_health_check.rc:10)
02-18 00:17:52.082  root     1     1 I init    : starting service 'exec 50 (/system/bin/flags_health_check UPDATABLE_CRASHING)'...
02-18 00:17:52.089  root     1     1 I init    : ... started service 'exec 50 (/system/bin/flags_health_check UPDATABLE_CRASHING)' has pid 5930
02-18 00:17:52.090  root     1     1 I init    : SVC_EXEC service 'exec 50 (/system/bin/flags_health_check UPDATABLE_CRASHING)' pid 5930 (uid 1000 gid 1000+0 context default) started; waiting...
02-18 00:17:52.075  1000  5930  5930 I flags_health_check: ServerConfigurableFlagsReset reset_mode value: 1
02-18 00:17:52.075  1000  5930  5930 I flags_health_check: ServerConfigurableFlagsReset updatable crashing detected, resetting flags.
02-18 00:17:52.114  root     1     1 I init    : Service 'exec 50 (/system/bin/flags_health_check UPDATABLE_CRASHING)' (pid 5930) exited with status 0 waiting took 0.026000 seconds
02-18 00:17:52.114  root     1     1 I init    : Sending signal 9 to service 'exec 50 (/system/bin/flags_health_check UPDATABLE_CRASHING)' (pid 5930) process group...
02-18 00:17:52.115  root     1     1 I libprocessgroup: Removed cgroup /sys/fs/cgroup/uid_1000/pid_5930
02-18 00:17:52.629  1000   552   660 D DisplayDevice: setDesiredMode 4619827677550801152 {mode=60.00 Hz (60.00 Hz(60.00 Hz)), emitEvent=false, force=false}
02-18 00:17:52.639  1000   554   664 D hwc-display: setActiveConfigWithConstraints:: PrimaryDisplay config(36) test(0)
02-18 00:17:52.640  1000   554   664 I hwc-display: [PrimaryDisplay] setActiveConfigWithConstraints: config(36)
02-18 00:17:52.672  root   238   238 I gtd     : FTS_TS: refresh rate(Hz) changed to 60 from 90
02-18 00:17:56.526  root   954   954 I s3c2410-wdt 10070000.watchdog_cl1: Watchdog cluster 1 keepalive!, old_wtcnt = 7750, wtcnt = cc8c
02-18 00:17:56.833  root     0     0 E         : [    C3] exynos5-hsi2c 10970000.hsi2c: HSI2C Error Interrupt occurred(IS:0x00000401, TR:0x00080001)
02-18 00:17:56.833  root     0     0 E         : [    C3] exynos5-hsi2c 10970000.hsi2c: HSI2C NO ACK occurred
02-18 00:17:56.833   nfc  3948  3948 E exynos5-hsi2c 10970000.hsi2c: ack was not received at write
02-18 00:17:56.833   nfc  3948  3948 I exynos5-hsi2c 10970000.hsi2c: exynos5_i2c_set_timing IPCLK = 199680000 OP_CLK = 400000 DIV = 31 Timing FS1 = 0x1F0FF00 TIMING FS2 = 0x30003E0 TIMING FS3 = 0x1F0000
02-18 00:17:56.833   nfc  3948  3948 E st21nfc i2c-st21nfc: st21nfc_dev_write : i2c_master_send returned -6
02-18 00:17:57.001  root     1     1 I init    : starting service 'securedpud.slider'...
02-18 00:17:56.987   nfc  3586  3586 I NfcDispatcher: no match
02-18 00:17:56.988  1000  5959  5959 I securedpud.slider: starting securedpud
02-18 00:17:56.988  1000  5959  5959 I securedpud.slider: trusty dev: /dev/trusty-ipc-dev0
02-18 00:17:56.988  1000  5959  5959 I DMABUFHEAPS: Using DMA-BUF heap named: tui-secure
02-18 00:17:57.018  root     1     1 I init    : ... started service 'securedpud.slider' has pid 5959
02-18 00:17:57.018  root     1     1 I init    : starting service 'trusty_metricsd'...
02-18 00:17:56.989  1000  5959  5959 E libtrusty: tipc_connect: can't connect to tipc service "com.android.trusty.secure_dpu" (err=107)
02-18 00:17:56.989  1000  5959  5959 E securedpud.slider: Failed to connect to: /dev/trusty-ipc-dev0
02-18 00:17:57.029  root     1     1 I init    : ... started service 'trusty_metricsd' has pid 5962
02-18 00:17:57.030  root     1     1 I init    : Service 'securedpud.slider' (pid 5959) exited with status 1
02-18 00:17:57.030  root     1     1 I init    : Sending signal 9 to service 'securedpud.slider' (pid 5959) process group...
02-18 00:17:57.030  root     1     1 I libprocessgroup: Removed cgroup /sys/fs/cgroup/uid_1000/pid_5959
02-18 00:17:57.030  root     1     1 E init    : process with updatable components 'securedpud.slider' exited 4 times in 4 minutes
02-18 00:17:57.033  root     1     1 I init    : processing action (sys.init.updatable_crashing=1) from (/system/etc/init/flags_health_check.rc:10)
02-18 00:17:57.033  root     1     1 I init    : starting service 'exec 51 (/system/bin/flags_health_check UPDATABLE_CRASHING)'...
02-18 00:17:57.039  root     1     1 I init    : ... started service 'exec 51 (/system/bin/flags_health_check UPDATABLE_CRASHING)' has pid 5964
02-18 00:17:57.039  root     1     1 I init    : SVC_EXEC service 'exec 51 (/system/bin/flags_health_check UPDATABLE_CRASHING)' pid 5964 (uid 1000 gid 1000+0 context default) started; waiting...
02-18 00:17:57.014  1000  5964  5964 I flags_health_check: ServerConfigurableFlagsReset reset_mode value: 1
02-18 00:17:57.015  1000  5964  5964 I flags_health_check: ServerConfigurableFlagsReset updatable crashing detected, resetting flags.
02-18 00:17:57.049  root     1     1 I init    : Service 'exec 51 (/system/bin/flags_health_check UPDATABLE_CRASHING)' (pid 5964) exited with status 0 waiting took 0.012000 seconds
02-18 00:17:57.049  root     1     1 I init    : Sending signal 9 to service 'exec 51 (/system/bin/flags_health_check UPDATABLE_CRASHING)' (pid 5964) process group...
02-18 00:17:57.050  root     1     1 I libprocessgroup: Removed cgroup /sys/fs/cgroup/uid_1000/pid_5964
02-18 00:17:57.035  1000  5962  5962 I trusty_metricsd: starting trusty_metricsd
02-18 00:17:57.035  1000  5962  5962 I trusty_metricsd: trusty dev: /dev/trusty-ipc-dev0
02-18 00:17:57.038  1000  5962  5962 E libtrusty: tipc_connect: can't connect to tipc service "com.android.frameworks.stats.trusty.metrics.istats_setter" (err=107)
02-18 00:17:57.038  1000  5962  5962 E RpcTrusty: Failed to connect to Trusty service. Error code: -107
02-18 00:17:57.038  1000  5962  5962 E RpcTrusty: Failed to set up Trusty client. Error: BAD_VALUE
02-18 00:17:57.038  1000  5962  5962 E trusty_metricsd: failed to connect TrustyMetricsPixel to Trusty: failed to connect to Trusty metrics TA: Transport endpoint is not connected
02-18 00:17:57.038  1000  5962  5962 W RefBase : RefBase: Explicit destruction, weak count = 0 (in 0xb4000078e2e154a8). Use sp<> to manage this object.
02-18 00:17:57.038  1000  5962  5962 W RefBase : CallStack::getCurrentInternal not linked, returning null
02-18 00:17:57.038  1000  5962  5962 W RefBase : CallStack::logStackInternal not linked
02-18 00:17:57.038  1000  5962  5962 E trusty_metricsd: failed to open Trusty metrics client
02-18 00:17:57.038  1000  5962  5962 E trusty_metricsd: trying to connect to Trusty metrics TA at old TIPC port
02-18 00:17:57.039  1000  5962  5962 E libtrusty: tipc_connect: can't connect to tipc service "com.android.trusty.metrics" (err=107)
02-18 00:17:57.039  1000  5962  5962 E trusty_metricsd: failed to open TrustyMetricsPixelTipc: failed to connect to Trusty metrics TA: Transport endpoint is not connected
02-18 00:17:57.039  1000  5962  5962 E trusty_metricsd: failed to open Trusty metrics client
02-18 00:17:57.073  root     1     1 I init    : Service 'trusty_metricsd' (pid 5962) exited with status 1
02-18 00:17:57.073  root     1     1 I init    : Sending signal 9 to service 'trusty_metricsd' (pid 5962) process group...
02-18 00:17:57.073  root     1     1 I libprocessgroup: Removed cgroup /sys/fs/cgroup/uid_1000/pid_5962
02-18 00:17:57.073  root     1     1 E init    : process with updatable components 'trusty_metricsd' exited 4 times in 4 minutes
02-18 00:17:57.075  root     1     1 I init    : processing action (sys.init.updatable_crashing=1) from (/system/etc/init/flags_health_check.rc:10)
02-18 00:17:57.075  root     1     1 I init    : starting service 'exec 52 (/system/bin/flags_health_check UPDATABLE_CRASHING)'...
02-18 00:17:57.079  root     1     1 I init    : ... started service 'exec 52 (/system/bin/flags_health_check UPDATABLE_CRASHING)' has pid 5966
02-18 00:17:57.079  root     1     1 I init    : SVC_EXEC service 'exec 52 (/system/bin/flags_health_check UPDATABLE_CRASHING)' pid 5966 (uid 1000 gid 1000+0 context default) started; waiting...
02-18 00:17:57.066  1000  5966  5966 I flags_health_check: ServerConfigurableFlagsReset reset_mode value: 1
02-18 00:17:57.067  1000  5966  5966 I flags_health_check: ServerConfigurableFlagsReset updatable crashing detected, resetting flags.
02-18 00:17:57.107  root     1     1 I init    : Service 'exec 52 (/system/bin/flags_health_check UPDATABLE_CRASHING)' (pid 5966) exited with status 0 waiting took 0.029000 seconds
02-18 00:17:57.107  root     1     1 I init    : Sending signal 9 to service 'exec 52 (/system/bin/flags_health_check UPDATABLE_CRASHING)' (pid 5966) process group...
02-18 00:17:57.107  root     1     1 I libprocessgroup: Removed cgroup /sys/fs/cgroup/uid_1000/pid_5966
02-18 00:17:58.472  1000  1649  2958 I LockSettingsService: Executing shell command 'get-disabled'; callingPid=6039, callingUid=2000
02-18 00:17:58.518  1000  1649  2958 I LockSettingsService: Executing shell command 'get-disabled'; callingPid=6070, callingUid=2000
02-18 00:17:58.552  1000   552   658 D DisplayDevice: setDesiredMode 4619827677550801152 {mode=90.00 Hz (90.00 Hz(90.00 Hz)), emitEvent=true, force=false}
02-18 00:17:58.558  1000  1649  1774 D AutofillManagerService: Close system dialogs
02-18 00:17:58.558 10096  2910  2910 I vol.VolumeDialogImpl: mDialog.dismiss() reason: volume_controller from: com.android.systemui.volume.VolumeDialogImpl$7.onDismissRequested:3
02-18 00:17:58.558  1000  1649  2832 V WifiDialogManager: Received action: android.intent.action.CLOSE_SYSTEM_DIALOGS
02-18 00:17:58.558  1000  1649  2832 V WifiDialogManager: ACTION_CLOSE_SYSTEM_DIALOGS received, cancelling all legacy dialogs.
02-18 00:17:58.558  1000   554   664 D hwc-display: setActiveConfigWithConstraints:: PrimaryDisplay config(37) test(0)
02-18 00:17:58.559  1000   554   664 I hwc-display: [PrimaryDisplay] setActiveConfigWithConstraints: config(37)
02-18 00:17:58.604  root   238   238 I gtd     : FTS_TS: refresh rate(Hz) changed to 90 from 60
02-18 00:17:58.617  1000  1649  1774 D AutofillManagerService: Close system dialogs
02-18 00:17:58.617  1000  1649  2832 V WifiDialogManager: Received action: android.intent.action.CLOSE_SYSTEM_DIALOGS
02-18 00:17:58.617  1000  1649  2832 V WifiDialogManager: ACTION_CLOSE_SYSTEM_DIALOGS received, cancelling all legacy dialogs.
02-18 00:17:58.619  1000  1649  1775 W ActivityTaskManager: callingPackage for (uid=-1, pid=0) has no WPC
02-18 00:17:58.619 10096  2910  2910 I vol.VolumeDialogImpl: mDialog.dismiss() reason: volume_controller from: com.android.systemui.volume.VolumeDialogImpl$7.onDismissRequested:3
02-18 00:17:58.620 10096  2910  2910 D vol.VolumeDialogImpl: dismissH: skipping dismiss because isAnimatingDismiss is true and showingStateInconsistent is false
02-18 00:17:58.622  1000  1649  1775 I wm_new_intent: [0,163021759,7,com.android.launcher3/.uioverrides.QuickstepLauncher,android.intent.action.MAIN,NULL,NULL,268435712]
02-18 00:17:58.623  1000  1649  1775 I wm_task_moved: [1,1,0,1,1]
02-18 00:17:58.623  1000  1649  1775 I wm_set_keyguard_occluded: [0,0,0,setOccluded]
02-18 00:17:58.624 10096  2910  2937 D KeyguardService: setOccluded(false)
02-18 00:17:58.624 10096  2910  2937 D KeyguardViewMediator: setOccluded(false)
02-18 00:17:58.624 10096  2910  2910 D KeyguardViewMediator: handleSetOccluded(false)
02-18 00:17:58.624 10096  2910  2910 I sysui_keyguard: [0,0]
02-18 00:17:58.624 10096  2910  2910 D KeyguardViewMediator: KeyguardViewMediator queue processing message: SET_OCCLUDED
02-18 00:17:58.624  1000  1649  1775 I ActivityTaskManager: START u0 {act=android.intent.action.MAIN cat=[android.intent.category.HOME] flg=0x10000100 cmp=com.android.launcher3/.uioverrides.QuickstepLauncher (has extras)} with LAUNCH_SINGLE_TASK from uid 0 (BAL_ALLOW_ALLOWLISTED_UID) result code=3
02-18 00:17:58.624 10096  2910  2948 I jank_cuj_events_cancel_request: [23,1771345078624442000,100815460009,100815460538]
02-18 00:17:58.624 10091  3171  3171 I wm_on_top_resumed_lost_called: [163021759,com.android.launcher3.uioverrides.QuickstepLauncher,pausing]
02-18 00:17:58.625 10091  3171  3171 W SplitSelectStateCtor: Missing session instanceIds
02-18 00:17:58.625 10091  3171  3171 D StatsLog: LAUNCHER_SPLIT_SELECTION_EXIT_INTERRUPTED
02-18 00:17:58.625 10091  3171  3171 I wm_on_paused_called: [163021759,com.android.launcher3.uioverrides.QuickstepLauncher,performPause,1]
02-18 00:17:58.626 10091  3171  3171 I wm_on_resume_called: [163021759,com.android.launcher3.uioverrides.QuickstepLauncher,LIFECYCLER_RESUME_ACTIVITY,0]
02-18 00:17:58.626 10096  2910  2946 D WindowManagerShell: onActivityRestartAttempt: ComponentInfo{com.android.launcher3/com.android.launcher3.uioverrides.QuickstepLauncher}
02-18 00:17:58.626 10091  3171  3171 I wm_on_top_resumed_gained_called: [163021759,com.android.launcher3.uioverrides.QuickstepLauncher,topWhenResuming]
02-18 00:17:58.626 10091  3171  3171 D StatsLog: LAUNCHER_ONRESUME
02-18 00:17:58.631  1000  1649  1777 D OomAdjuster: Not killing cached processes
02-18 00:17:58.695  1000  1649  1905 I commit_sys_config_file: [settings-0-0,13]
02-18 00:17:58.829 10096  2910  2948 I jank_cuj_events_end_request: [55,1771345078829738000,101020753751,101020754076]
02-18 00:17:58.834  1000  1649  1776 I commit_sys_config_file: [package-session,5]
02-18 00:17:58.837  1000  1649  1776 I commit_sys_config_file: [package-session,3]
02-18 00:17:58.837  1000  1649  1881 E AtomicFile: Failed to rename /data/system/install_sessions.xml.new to /data/system/install_sessions.xml
02-18 00:17:58.837  1000  1649  1881 I commit_sys_config_file: [package-session,3]
02-18 00:17:58.846  1000  1649  1906 D ActivityManager: freezing 4143 com.android.calendar
02-18 00:17:58.847  1000  1649  1906 I am_freeze: [4143,com.android.calendar]
02-18 00:17:58.847  1000  1649  1906 D ActivityManager: freezing 4086 com.android.statementservice
02-18 00:17:58.847  1000  1649  1906 I am_freeze: [4086,com.android.statementservice]
02-18 00:17:58.848  1000  1649  1906 D ActivityManager: freezing 4350 com.android.rkpdapp
02-18 00:17:58.848  1000  1649  1906 I am_freeze: [4350,com.android.rkpdapp]
02-18 00:17:58.865  1000  1649  1927 W PackageParsing: No actions in intent-filter at /data/app/vmdl1976131741.tmp/base.apk Binary XML file line #81
02-18 00:17:58.865  1000  1649  1927 W PackageParsing: No actions in intent-filter at /data/app/vmdl1976131741.tmp/base.apk Binary XML file line #89
02-18 00:17:58.865  1000  1649  1927 W PackageParsing: No actions in intent-filter at /data/app/vmdl1976131741.tmp/base.apk Binary XML file line #97
02-18 00:17:58.873  1000  1649  1906 I am_compact: [4143,com.android.calendar,ANON,112040,60428,50760,2092,-2416,0,-2416,2376,23,FULL,57511,945,19,27944,-592]
02-18 00:17:58.873  1000  1649  1927 W RuleEvaluation: Integrity rule files are not available.
02-18 00:17:58.873  1000  1649  1836 I PackageManager: Integrity check passed for file:///data/app/vmdl1976131741.tmp
02-18 00:17:58.876  1000  1649  1776 I commit_sys_config_file: [package-session,2]
02-18 00:17:58.880  1000  1649  1836 W PackageParsing: No actions in intent-filter at /data/app/vmdl1976131741.tmp/base.apk Binary XML file line #81
02-18 00:17:58.880  1000  1649  1836 W PackageParsing: No actions in intent-filter at /data/app/vmdl1976131741.tmp/base.apk Binary XML file line #89
02-18 00:17:58.880  1000  1649  1836 W PackageParsing: No actions in intent-filter at /data/app/vmdl1976131741.tmp/base.apk Binary XML file line #97
02-18 00:17:58.899  1000  1649  1906 I am_compact: [4350,com.android.rkpdapp,ANON,115044,61924,51916,1936,-4936,-996,-3940,3900,26,FULL,58116,945,19,28536,-772]
02-18 00:17:58.967  logd  5171  5171 I logd    : start watching /data/system/packages.list ...
02-18 00:17:58.936  1000  1649  1836 I commit_sys_config_file: [package,18]
02-18 00:17:58.937  1000  1649  1836 D PackageManager: Instant App installer not found with android.intent.action.INSTALL_INSTANT_APP_PACKAGE
02-18 00:17:58.937  1000  1649  1836 D PackageManager: Clear ephemeral installer activity
02-18 00:17:58.970  logd  5171  5171 I logd    : ReadPackageList, total packages: 133
02-18 00:17:58.961  1000  1649  1833 I commit_sys_config_file: [package-user-0,25]
02-18 00:17:58.965  artd  1946  2583 I artd    : Merge skipped because there are no existing profiles
02-18 00:17:58.969  artd  1946  2583 I artd    : Dex parent of /data/app/~~x-1IqI7zUpq4-CnDFmdtwg==/android.display.cts-MmGv6rI0mUGWtfAvl6Ej0g==/base.apk is not writable: Permission denied
02-18 00:17:58.969  artd  1946  2583 I artd    : GetBestInfo checking odex in dalvik-cache (/data/dalvik-cache/arm64/data@app@~~x-1IqI7zUpq4-CnDFmdtwg==@android.display.cts-MmGv6rI0mUGWtfAvl6Ej0g==@base.apk@classes.dex)
02-18 00:17:58.969  artd  1946  2583 I artd    : Loading /data/dalvik-cache/arm64/data@app@~~x-1IqI7zUpq4-CnDFmdtwg==@android.display.cts-MmGv6rI0mUGWtfAvl6Ej0g==@base.apk@classes.dex with executable: 0
02-18 00:17:58.969  artd  1946  2583 I artd    : OatFileAssistant test for existing oat file /data/dalvik-cache/arm64/data@app@~~x-1IqI7zUpq4-CnDFmdtwg==@android.display.cts-MmGv6rI0mUGWtfAvl6Ej0g==@base.apk@classes.dex: File /data/dalvik-cache/arm64/data@app@~~x-1IqI7zUpq4-CnDFmdtwg==@android.display.cts-MmGv6rI0mUGWtfAvl6Ej0g==@base.apk@classes.vdex does not exist.
02-18 00:17:58.969  artd  1946  2583 I artd    : GetBestInfo checking odex next to the dex file (/data/app/~~x-1IqI7zUpq4-CnDFmdtwg==/android.display.cts-MmGv6rI0mUGWtfAvl6Ej0g==/oat/arm64/base.odex)
02-18 00:17:58.969  artd  1946  2583 I artd    : Loading /data/app/~~x-1IqI7zUpq4-CnDFmdtwg==/android.display.cts-MmGv6rI0mUGWtfAvl6Ej0g==/oat/arm64/base.odex with executable: 0
02-18 00:17:58.969  artd  1946  2583 I artd    : OatFileAssistant test for existing oat file /data/app/~~x-1IqI7zUpq4-CnDFmdtwg==/android.display.cts-MmGv6rI0mUGWtfAvl6Ej0g==/oat/arm64/base.odex: File /data/app/~~x-1IqI7zUpq4-CnDFmdtwg==/android.display.cts-MmGv6rI0mUGWtfAvl6Ej0g==/oat/arm64/base.vdex does not exist.
02-18 00:17:58.969  artd  1946  2583 I artd    : GetBestInfo checking vdex in dalvik-cache (/data/dalvik-cache/arm64/data@app@~~x-1IqI7zUpq4-CnDFmdtwg==@android.display.cts-MmGv6rI0mUGWtfAvl6Ej0g==@base.apk@classes.vdex)
02-18 00:17:58.969  artd  1946  2583 I artd    : unable to open vdex file /data/dalvik-cache/arm64/data@app@~~x-1IqI7zUpq4-CnDFmdtwg==@android.display.cts-MmGv6rI0mUGWtfAvl6Ej0g==@base.apk@classes.vdex: File /data/dalvik-cache/arm64/data@app@~~x-1IqI7zUpq4-CnDFmdtwg==@android.display.cts-MmGv6rI0mUGWtfAvl6Ej0g==@base.apk@classes.vdex does not exist.
02-18 00:17:58.969  artd  1946  2583 I artd    : OatFileAssistant test for existing oat file /data/dalvik-cache/arm64/data@app@~~x-1IqI7zUpq4-CnDFmdtwg==@android.display.cts-MmGv6rI0mUGWtfAvl6Ej0g==@base.apk@classes.vdex: File /data/dalvik-cache/arm64/data@app@~~x-1IqI7zUpq4-CnDFmdtwg==@android.display.cts-MmGv6rI0mUGWtfAvl6Ej0g==@base.apk@classes.vdex does not exist.
02-18 00:17:58.969  artd  1946  2583 I artd    : GetBestInfo checking vdex next to the dex file (/data/app/~~x-1IqI7zUpq4-CnDFmdtwg==/android.display.cts-MmGv6rI0mUGWtfAvl6Ej0g==/oat/arm64/base.vdex)
02-18 00:17:58.969  artd  1946  2583 I artd    : unable to open vdex file /data/app/~~x-1IqI7zUpq4-CnDFmdtwg==/android.display.cts-MmGv6rI0mUGWtfAvl6Ej0g==/oat/arm64/base.vdex: File /data/app/~~x-1IqI7zUpq4-CnDFmdtwg==/android.display.cts-MmGv6rI0mUGWtfAvl6Ej0g==/oat/arm64/base.vdex does not exist.
02-18 00:17:58.969  artd  1946  2583 I artd    : OatFileAssistant test for existing oat file /data/app/~~x-1IqI7zUpq4-CnDFmdtwg==/android.display.cts-MmGv6rI0mUGWtfAvl6Ej0g==/oat/arm64/base.vdex: File /data/app/~~x-1IqI7zUpq4-CnDFmdtwg==/android.display.cts-MmGv6rI0mUGWtfAvl6Ej0g==/oat/arm64/base.vdex does not exist.
02-18 00:17:58.969  artd  1946  2583 I artd    : GetBestInfo checking dm (/data/app/~~x-1IqI7zUpq4-CnDFmdtwg==/android.display.cts-MmGv6rI0mUGWtfAvl6Ej0g==/base.dm)
02-18 00:17:58.969  artd  1946  2583 W ziparchive: Unable to open '/data/app/~~x-1IqI7zUpq4-CnDFmdtwg==/android.display.cts-MmGv6rI0mUGWtfAvl6Ej0g==/base.dm': No such file or directory
02-18 00:17:58.969  artd  1946  2583 I artd    : OatFileAssistant test for existing oat file /data/app/~~x-1IqI7zUpq4-CnDFmdtwg==/android.display.cts-MmGv6rI0mUGWtfAvl6Ej0g==/base.dm: I/O error
02-18 00:17:58.969  artd  1946  2583 I artd    : GetBestInfo checking dm (/data/app/~~x-1IqI7zUpq4-CnDFmdtwg==/android.display.cts-MmGv6rI0mUGWtfAvl6Ej0g==/base.dm)
02-18 00:17:58.969  artd  1946  2583 W ziparchive: Unable to open '/data/app/~~x-1IqI7zUpq4-CnDFmdtwg==/android.display.cts-MmGv6rI0mUGWtfAvl6Ej0g==/base.dm': No such file or directory
02-18 00:17:58.970  artd  1946  2583 I artd    : OatFileAssistant test for existing oat file /data/app/~~x-1IqI7zUpq4-CnDFmdtwg==/android.display.cts-MmGv6rI0mUGWtfAvl6Ej0g==/base.dm: I/O error
02-18 00:17:58.970  artd  1946  2583 I artd    : GetBestInfo no usable artifacts
02-18 00:17:58.980  artd  1946  1983 I artd    : Running dex2oat: /apex/com.android.art/bin/art_exec --drop-capabilities --set-task-profile=Dex2OatBootComplete --set-priority=background --keep-fds=7:8:9:10:11:12:13:14:15 -- /apex/com.android.art/bin/dex2oat64 --zip-fd=7 --zip-location=/data/app/~~x-1IqI7zUpq4-CnDFmdtwg==/android.display.cts-MmGv6rI0mUGWtfAvl6Ej0g==/base.apk --oat-fd=8 --oat-location=/data/app/~~x-1IqI7zUpq4-CnDFmdtwg==/android.display.cts-MmGv6rI0mUGWtfAvl6Ej0g==/oat/arm64/base.odex --output-vdex-fd=9 --swap-fd=10 --class-loader-context-fds=11:12:13:14:15 --class-loader-context=PCL[]{PCL[/system/framework/android.test.runner.jar]{PCL[/system/framework/android.test.base.jar]#PCL[/system/framework/android.test.mock.jar]}#PCL[/system/framework/android.test.base.jar]#PCL[/system/framework/android.test.mock.jar]} --classpath-dir=/data/app/~~x-1IqI7zUpq4-CnDFmdtwg==/android.display.cts-MmGv6rI0mUGWtfAvl6Ej0g== --instruction-set=arm64 --instruction-set-features=default --instruction-set-variant=cortex-a55 --compiler-filter=verify --compilation-reason=install --compact-dex-level=none --max-image-block-size=524288 --resolve-startup-const-strings=true --generate-mini-debug-info --runtime-arg -Xtarget-sdk-version:34 --runtime-arg -Xhidden-api-policy:enabled --runtime-arg -Xms64m --runtime-arg -Xmx512m --comments=app-name:android.display.cts,app-version-name:14,app-version-code:34,art-version:350090000
