02-18 00:17:29.874 shell  5498  5498 D AndroidRuntime: >>>>>> START com.android.internal.os.RuntimeInit uid 2000 <<<<<<
02-18 00:17:29.879 shell  5498  5498 I AndroidRuntime: Using default boot image
02-18 00:17:29.879 shell  5498  5498 I AndroidRuntime: Leaving lock profiling enabled
02-18 00:17:29.881 shell  5498  5498 I app_process: Core platform API reporting enabled, enforcing=false
02-18 00:17:29.882 shell  5498  5498 I app_process: Using CollectorTypeCMC GC.
02-18 00:17:29.902 10090  3109  3979 W SHANNON_IMS: 0319 [CONN] Timer IMS_SUPPORT_SERVICE_TIMER expired (ConnectionTimer$ConnectionTimerTask%run:70)
02-18 00:17:29.903 10090  3109  3979 W SHANNON_IMS: 0320 [SIM#] Invalid sub id : -1   with slot id : 0 (SubscriptionWrapper%getSubId:55)
02-18 00:17:29.903 10090  3109  3979 D SHANNON_IMS: 0321 [CONF] updateRcsCarrierConfigItems, subId : -1 (RcsSettings%updateRcsCarrierConfigItems:78)
02-18 00:17:29.903 10090  3109  3979 D SHANNON_IMS: 0322 [CONF] unable to read from CarrierConfig (RcsSettings%updateRcsCarrierConfigItems:80)
02-18 00:17:29.903 10090  3109  3979 D SHANNON_IMS: 0323 [CONN] triggerRegistering by SUPPORT [SLID:0] (ImsConnectivityMgr%triggerRegistering:3669)
02-18 00:17:29.903 10090  3109  3979 W SHANNON_IMS: 0324 [SIM#] Invalid sub id : -1   with slot id : 0 (SubscriptionWrapper%getSubId:55)
02-18 00:17:29.903 10090  3109  3979 D SHANNON_IMS: 0325 [CONF] updateRcsCarrierConfigItems, subId : -1 (RcsSettings%updateRcsCarrierConfigItems:78)
02-18 00:17:29.903 10090  3109  3979 D SHANNON_IMS: 0326 [CONF] unable to read from CarrierConfig (RcsSettings%updateRcsCarrierConfigItems:80)
02-18 00:17:29.904 10090  3109  3979 D SHANNON_IMS: 0327 [CONN] triggerRegistering() stopped by: !mConnectivityRuleMgr.isConnectionEnabled() (ImsConnectivityMgr%isTriggerRegisteringReturnCondition:3592)
02-18 00:17:29.919 10096  2910  2910 D ControlsListingControllerImpl: ServiceConfig reloaded, count: 0
02-18 00:17:29.922 10096  2910  2910 D ControlsListingControllerImpl: ServiceConfig reloaded, count: 0
02-18 00:17:29.951 shell  5498  5498 D nativeloader: InitDefaultPublicLibraries for_preload=1: libandroid.so:libaaudio.so:libamidi.so:libbinder_ndk.so:libc.so:libcamera2ndk.so:libdl.so:libEGL.so:libGLESv1_CM.so:libGLESv2.so:libGLESv3.so:libicu.so:libicui18n.so:libicuuc.so:libjnigraphics.so:liblog.so:libmediandk.so:libm.so:libnativehelper.so:libnativewindow.so:libOpenMAXAL.so:libOpenSLES.so:libRS.so:libstdc++.so:libsync.so:libvulkan.so:libwebviewchromium_plat_support.so:libz.so
02-18 00:17:29.958 shell  5498  5498 D nativeloader: Load libicu_jni.so using APEX ns com_android_art for caller /apex/com.android.art/javalib/core-oj.jar: ok
02-18 00:17:29.958 shell  5498  5498 D app_process: Time zone APEX ICU file found: /apex/com.android.tzdata/etc/icu/icu_tzdata.dat
02-18 00:17:29.958 shell  5498  5498 D app_process: I18n APEX ICU file found: /apex/com.android.i18n/etc/icu/icudt72l.dat
02-18 00:17:29.959 shell  5498  5498 D nativeloader: Load libjavacore.so using APEX ns com_android_art for caller /apex/com.android.art/javalib/core-oj.jar: ok
02-18 00:17:29.960 shell  5498  5498 D nativeloader: Load libopenjdk.so using APEX ns com_android_art for caller /apex/com.android.art/javalib/core-oj.jar: ok
02-18 00:17:29.984 shell  5498  5498 D nativeloader: Load libframework-connectivity-tiramisu-jni.so using APEX ns com_android_tethering for caller /apex/com.android.tethering/javalib/framework-connectivity-t.jar: ok
02-18 00:17:29.984 shell  5498  5498 D AndroidRuntime: Calling main entry com.android.commands.am.Am
02-18 00:17:29.989 shell  5498  5498 D UiAutomationConnection: Created on user UserHandle{0}
02-18 00:17:29.990  1000  1649  1759 I ActivityManager: Force stopping android.display.cts appid=10129 user=0: start instr
02-18 00:17:29.991  1000  1649  1759 D GrammaticalInflection: The flag must be enabled to allow calling the API.
02-18 00:17:29.991  1000  1649  1759 I am_uid_running: 10129
02-18 00:17:29.993  1000  1649  1759 D CompatibilityChangeReporter: Compat change id reported: 135634846; UID 10129; state: DISABLED
02-18 00:17:29.993  1000  1649  1759 D CompatibilityChangeReporter: Compat change id reported: 177438394; UID 10129; state: DISABLED
02-18 00:17:29.993  1000  1649  1759 D CompatibilityChangeReporter: Compat change id reported: 135772972; UID 10129; state: DISABLED
02-18 00:17:29.994  1000  1649  1759 D CompatibilityChangeReporter: Compat change id reported: 135754954; UID 10129; state: ENABLED
02-18 00:17:29.995  1000  1649  1787 D CompatibilityChangeReporter: Compat change id reported: 143937733; UID 10129; state: ENABLED
02-18 00:17:29.995  1000  1649  1897 D CompatibilityChangeReporter: Compat change id reported: 265195908; UID 10129; state: ENABLED
02-18 00:17:30.004  root   867   867 D Zygote  : Forked child process 5513
02-18 00:17:30.004  1000  1649  1787 I am_proc_start: [0,5513,10129,android.display.cts,added application,android.display.cts]
02-18 00:17:30.004  1000  1649  1787 I ActivityManager: Start proc 5513:android.display.cts/u0a129 for added application android.display.cts
02-18 00:17:30.023 10129  5513  5513 I oid.display.cts: Using CollectorTypeCMC GC.
02-18 00:17:30.028 10129  5513  5513 E oid.display.cts: Not starting debugger since process cannot load the jdwp agent.
02-18 00:17:30.032 10129  5513  5513 D nativeloader: Load libframework-connectivity-tiramisu-jni.so using APEX ns com_android_tethering for caller /apex/com.android.tethering/javalib/framework-connectivity-t.jar: ok
02-18 00:17:30.038  1000  1649  1759 I am_proc_bound: [0,5513,android.display.cts]
02-18 00:17:30.042 10129  5513  5513 D CompatibilityChangeReporter: Compat change id reported: 171979766; UID 10129; state: ENABLED
02-18 00:17:30.042 10129  5513  5513 D CompatibilityChangeReporter: Compat change id reported: 242716250; UID 10129; state: ENABLED
02-18 00:17:30.044  1000  1649  1759 D CompatibilityChangeReporter: Compat change id reported: 170503758; UID 10129; state: ENABLED
02-18 00:17:30.045 10129  5513  5513 D ApplicationLoaders: Returning zygote-cached class loader: /system/framework/android.test.base.jar
02-18 00:17:30.048 10129  5513  5513 D nativeloader: Configuring clns-4 for other apk /system/framework/android.test.mock.jar. target_sdk_version=34, uses_libraries=ALL, library_path=/data/app/~~xRiyRaXuxD8KLoj90zHUCw==/android.display.cts-hpuRKizjuM4086ghjDpsKg==/lib/arm64:/data/app/~~xRiyRaXuxD8KLoj90zHUCw==/android.display.cts-hpuRKizjuM4086ghjDpsKg==/base.apk!/lib/arm64-v8a, permitted_path=/data:/mnt/expand:/data/user/0/android.display.cts
02-18 00:17:30.051 10129  5513  5513 D nativeloader: Configuring clns-5 for other apk /system/framework/android.test.runner.jar. target_sdk_version=34, uses_libraries=ALL, library_path=/data/app/~~xRiyRaXuxD8KLoj90zHUCw==/android.display.cts-hpuRKizjuM4086ghjDpsKg==/lib/arm64:/data/app/~~xRiyRaXuxD8KLoj90zHUCw==/android.display.cts-hpuRKizjuM4086ghjDpsKg==/base.apk!/lib/arm64-v8a, permitted_path=/data:/mnt/expand:/data/user/0/android.display.cts
02-18 00:17:30.053 10129  5513  5513 D ApplicationLoaders: Returning zygote-cached class loader: /system/framework/android.test.base.jar
02-18 00:17:30.054 10129  5513  5513 D nativeloader: Configuring clns-6 for other apk /data/app/~~xRiyRaXuxD8KLoj90zHUCw==/android.display.cts-hpuRKizjuM4086ghjDpsKg==/base.apk. target_sdk_version=34, uses_libraries=, library_path=/data/app/~~xRiyRaXuxD8KLoj90zHUCw==/android.display.cts-hpuRKizjuM4086ghjDpsKg==/lib/arm64:/data/app/~~xRiyRaXuxD8KLoj90zHUCw==/android.display.cts-hpuRKizjuM4086ghjDpsKg==/base.apk!/lib/arm64-v8a, permitted_path=/data:/mnt/expand:/data/user/0/android.display.cts
02-18 00:17:30.059 10129  5513  5513 V GraphicsEnvironment: Currently set values for:
02-18 00:17:30.059 10129  5513  5513 V GraphicsEnvironment:   angle_gl_driver_selection_pkgs=[]
02-18 00:17:30.059 10129  5513  5513 V GraphicsEnvironment:   angle_gl_driver_selection_values=[]
02-18 00:17:30.059 10129  5513  5513 V GraphicsEnvironment: Global.Settings values are invalid: number of packages: 0, number of values: 0
02-18 00:17:30.059 10129  5513  5513 V GraphicsEnvironment: Neither updatable production driver nor prerelease driver is supported.
02-18 00:17:30.064 10129  5513  5513 I MonitoringInstr: newApplication called!
02-18 00:17:30.064 10129  5513  5513 I MonitoringInstr: Instrumentation started!
02-18 00:17:30.065 10129  5513  5513 D AndroidJUnitRunner: Use the raw file system for managing file I/O.
02-18 00:17:30.068 10129  5513  5513 I AndroidJUnitRunner: onCreate Bundle[{testFile=/data/local/tmp/ajur/includes.txt, log=true, debug=false, timeout_msec=300000, newRunListenerMode=true, notAnnotation=android.platform.test.annotations.AsbSecurityTest,com.android.compatibility.common.util.CtsDownstreamingTest,android.platform.test.annotations.AppModeFull}]
02-18 00:17:30.068 10129  5513  5513 V TestEventClient: No service name argument was given (testDiscoveryService, testRunEventService or orchestratorService)
02-18 00:17:30.069 10129  5513  5530 D AndroidJUnitRunner: onStart is called.
02-18 00:17:30.069  1000  1649  1759 I am_uid_active: 10129
02-18 00:17:30.072 10129  5513  5513 I MonitoringInstr: No JSBridge.
02-18 00:17:30.074  1000  1649  1759 D CompatibilityChangeReporter: Compat change id reported: 161145287; UID 10129; state: ENABLED
02-18 00:17:30.075 10129  5513  5530 I InstrConnection: Could not send broadcast or register receiver (isolatedProcess?)
02-18 00:17:30.076 10129  5513  5530 D TestRequestBuilder: Skipping class path scanning and directly running [android.display.cts.DisplayTest]
02-18 00:17:30.081 10129  5513  5530 D TestExecutor: Adding listener androidx.test.internal.runner.listener.InstrumentationResultPrinter
02-18 00:17:30.086  1000  1649  1759 I ActivityManager: Force stopping android.display.cts appid=10129 user=0: finished inst
02-18 00:17:30.086  1000  1649  1759 E ActivityManager: Unable to freeze binder for 5513: -11
02-18 00:17:30.087  1000  1649  1759 I am_uid_stopped: 10129
02-18 00:17:30.118  1000  1759  1759 I binder  : 1649:1759 ioctl 400c620e 6f648eb38c returned -11
02-18 00:17:30.087  1000  1649  1759 I ActivityManager: Killing 5513:android.display.cts/u0a129 (adj 0): stop android.display.cts due to finished inst
02-18 00:17:30.087  1000  1649  1759 I am_kill : [0,5513,android.display.cts,0,stop android.display.cts due to finished inst,113916]
02-18 00:17:30.088 shell  5498  5498 I app_process: System.exit called, status: 0
02-18 00:17:30.088 shell  5498  5498 I AndroidRuntime: VM exiting with result code 0.
02-18 00:17:30.088  1000  1649  1775 D DisplayManagerService: Drop pending events for gone uid 10129
02-18 00:17:30.118  1000  1759  1759 I binder  : 1649:1759 ioctl 400c620e 6f648eb38c returned -11
02-18 00:17:30.122  1000  1649  2961 V ActivityManager: Got obituary of 5513:android.display.cts
02-18 00:17:30.122  1000  1649  1790 I libprocessgroup: Removed cgroup /sys/fs/cgroup/uid_10129/pid_5513
02-18 00:17:30.153  root   120   120 I binder  : undelivered TRANSACTION_COMPLETE
02-18 00:17:30.153  root   120   120 I binder  : undelivered transaction 168890, process died.
02-18 00:17:30.123  root   867   867 I Zygote  : Process 5513 exited due to signal 9 (Killed)
02-18 00:17:30.172  root     8     8 I logbuffer_pcie0: [   91] D state: 0, LTSSM: 0
02-18 00:17:30.172  root     8     8 I logbuffer_pcie0: [   92] L0(0x11)
02-18 00:17:30.199  1000  1059  1158 D DMD     : Flush DMD buffer, size=2099090
02-18 00:17:30.281 shell  5533  5533 D AndroidRuntime: >>>>>> START com.android.internal.os.RuntimeInit uid 2000 <<<<<<
02-18 00:17:30.286 shell  5533  5533 I AndroidRuntime: Using default boot image
02-18 00:17:30.286 shell  5533  5533 I AndroidRuntime: Leaving lock profiling enabled
02-18 00:17:30.288 shell  5533  5533 I app_process: Core platform API reporting enabled, enforcing=false
02-18 00:17:30.288 shell  5533  5533 I app_process: Using CollectorTypeCMC GC.
02-18 00:17:30.352 shell  5533  5533 D nativeloader: InitDefaultPublicLibraries for_preload=1: libandroid.so:libaaudio.so:libamidi.so:libbinder_ndk.so:libc.so:libcamera2ndk.so:libdl.so:libEGL.so:libGLESv1_CM.so:libGLESv2.so:libGLESv3.so:libicu.so:libicui18n.so:libicuuc.so:libjnigraphics.so:liblog.so:libmediandk.so:libm.so:libnativehelper.so:libnativewindow.so:libOpenMAXAL.so:libOpenSLES.so:libRS.so:libstdc++.so:libsync.so:libvulkan.so:libwebviewchromium_plat_support.so:libz.so
02-18 00:17:30.361 shell  5533  5533 D nativeloader: Load libicu_jni.so using APEX ns com_android_art for caller /apex/com.android.art/javalib/core-oj.jar: ok
02-18 00:17:30.361 shell  5533  5533 D app_process: Time zone APEX ICU file found: /apex/com.android.tzdata/etc/icu/icu_tzdata.dat
02-18 00:17:30.361 shell  5533  5533 D app_process: I18n APEX ICU file found: /apex/com.android.i18n/etc/icu/icudt72l.dat
02-18 00:17:30.363 shell  5533  5533 D nativeloader: Load libjavacore.so using APEX ns com_android_art for caller /apex/com.android.art/javalib/core-oj.jar: ok
02-18 00:17:30.363 shell  5533  5533 D nativeloader: Load libopenjdk.so using APEX ns com_android_art for caller /apex/com.android.art/javalib/core-oj.jar: ok
02-18 00:17:30.386 shell  5533  5533 D nativeloader: Load libframework-connectivity-tiramisu-jni.so using APEX ns com_android_tethering for caller /apex/com.android.tethering/javalib/framework-connectivity-t.jar: ok
02-18 00:17:30.386 shell  5533  5533 D AndroidRuntime: Calling main entry com.android.commands.am.Am
02-18 00:17:30.390 shell  5533  5533 D UiAutomationConnection: Created on user UserHandle{0}
02-18 00:17:30.391  1000  1649  2961 I ActivityManager: Force stopping android.display.cts appid=10129 user=0: start instr
02-18 00:17:30.391  1000  1649  2961 D GrammaticalInflection: The flag must be enabled to allow calling the API.
02-18 00:17:30.391  1000  1649  2961 I am_uid_running: 10129
02-18 00:17:30.392  1000  1649  2961 D CompatibilityChangeReporter: Compat change id reported: 135634846; UID 10129; state: DISABLED
02-18 00:17:30.392  1000  1649  2961 D CompatibilityChangeReporter: Compat change id reported: 177438394; UID 10129; state: DISABLED
02-18 00:17:30.392  1000  1649  2961 D CompatibilityChangeReporter: Compat change id reported: 135772972; UID 10129; state: DISABLED
02-18 00:17:30.392  1000  1649  2961 D CompatibilityChangeReporter: Compat change id reported: 135754954; UID 10129; state: ENABLED
02-18 00:17:30.393  1000  1649  1787 D CompatibilityChangeReporter: Compat change id reported: 143937733; UID 10129; state: ENABLED
02-18 00:17:30.405  root   867   867 D Zygote  : Forked child process 5548
02-18 00:17:30.405  1000  1649  1787 I am_proc_start: [0,5548,10129,android.display.cts,added application,android.display.cts]
02-18 00:17:30.405  1000  1649  1787 I ActivityManager: Start proc 5548:android.display.cts/u0a129 for added application android.display.cts
02-18 00:17:30.412 10129  5548  5548 I oid.display.cts: Using CollectorTypeCMC GC.
02-18 00:17:30.415 10129  5548  5548 E oid.display.cts: Not starting debugger since process cannot load the jdwp agent.
02-18 00:17:30.416 10129  5548  5548 D nativeloader: Load libframework-connectivity-tiramisu-jni.so using APEX ns com_android_tethering for caller /apex/com.android.tethering/javalib/framework-connectivity-t.jar: ok
02-18 00:17:30.419  1000  1649  2961 I am_proc_bound: [0,5548,android.display.cts]
02-18 00:17:30.423 10129  5548  5548 D CompatibilityChangeReporter: Compat change id reported: 171979766; UID 10129; state: ENABLED
02-18 00:17:30.423 10129  5548  5548 D CompatibilityChangeReporter: Compat change id reported: 242716250; UID 10129; state: ENABLED
02-18 00:17:30.426 10129  5548  5548 D ApplicationLoaders: Returning zygote-cached class loader: /system/framework/android.test.base.jar
02-18 00:17:30.428 10129  5548  5548 D nativeloader: Configuring clns-4 for other apk /system/framework/android.test.mock.jar. target_sdk_version=34, uses_libraries=ALL, library_path=/data/app/~~xRiyRaXuxD8KLoj90zHUCw==/android.display.cts-hpuRKizjuM4086ghjDpsKg==/lib/arm64:/data/app/~~xRiyRaXuxD8KLoj90zHUCw==/android.display.cts-hpuRKizjuM4086ghjDpsKg==/base.apk!/lib/arm64-v8a, permitted_path=/data:/mnt/expand:/data/user/0/android.display.cts
02-18 00:17:30.432 10129  5548  5548 D nativeloader: Configuring clns-5 for other apk /system/framework/android.test.runner.jar. target_sdk_version=34, uses_libraries=ALL, library_path=/data/app/~~xRiyRaXuxD8KLoj90zHUCw==/android.display.cts-hpuRKizjuM4086ghjDpsKg==/lib/arm64:/data/app/~~xRiyRaXuxD8KLoj90zHUCw==/android.display.cts-hpuRKizjuM4086ghjDpsKg==/base.apk!/lib/arm64-v8a, permitted_path=/data:/mnt/expand:/data/user/0/android.display.cts
02-18 00:17:30.434 10129  5548  5548 D ApplicationLoaders: Returning zygote-cached class loader: /system/framework/android.test.base.jar
02-18 00:17:30.435 10129  5548  5548 D nativeloader: Configuring clns-6 for other apk /data/app/~~xRiyRaXuxD8KLoj90zHUCw==/android.display.cts-hpuRKizjuM4086ghjDpsKg==/base.apk. target_sdk_version=34, uses_libraries=, library_path=/data/app/~~xRiyRaXuxD8KLoj90zHUCw==/android.display.cts-hpuRKizjuM4086ghjDpsKg==/lib/arm64:/data/app/~~xRiyRaXuxD8KLoj90zHUCw==/android.display.cts-hpuRKizjuM4086ghjDpsKg==/base.apk!/lib/arm64-v8a, permitted_path=/data:/mnt/expand:/data/user/0/android.display.cts
02-18 00:17:30.440 10129  5548  5548 V GraphicsEnvironment: Currently set values for:
02-18 00:17:30.440 10129  5548  5548 V GraphicsEnvironment:   angle_gl_driver_selection_pkgs=[]
02-18 00:17:30.440 10129  5548  5548 V GraphicsEnvironment:   angle_gl_driver_selection_values=[]
02-18 00:17:30.440 10129  5548  5548 V GraphicsEnvironment: Global.Settings values are invalid: number of packages: 0, number of values: 0
02-18 00:17:30.440 10129  5548  5548 V GraphicsEnvironment: Neither updatable production driver nor prerelease driver is supported.
02-18 00:17:30.443 10129  5548  5548 I MonitoringInstr: newApplication called!
02-18 00:17:30.443 10129  5548  5548 I MonitoringInstr: Instrumentation started!
02-18 00:17:30.444 10129  5548  5548 D AndroidJUnitRunner: Use the raw file system for managing file I/O.
02-18 00:17:30.447 10129  5548  5548 I AndroidJUnitRunner: onCreate Bundle[{testFile=/data/local/tmp/ajur/includes.txt, log=false, debug=false, timeout_msec=300000, newRunListenerMode=true, notAnnotation=android.platform.test.annotations.AsbSecurityTest,com.android.compatibility.common.util.CtsDownstreamingTest,android.platform.test.annotations.AppModeFull}]
02-18 00:17:30.447 10129  5548  5548 V TestEventClient: No service name argument was given (testDiscoveryService, testRunEventService or orchestratorService)
02-18 00:17:30.448 10129  5548  5563 D AndroidJUnitRunner: onStart is called.
02-18 00:17:30.448  1000  1649  2961 I am_uid_active: 10129
02-18 00:17:30.449 10129  5548  5548 I MonitoringInstr: No JSBridge.
02-18 00:17:30.452 10129  5548  5563 I InstrConnection: Could not send broadcast or register receiver (isolatedProcess?)
02-18 00:17:30.454 10129  5548  5563 D TestRequestBuilder: Skipping class path scanning and directly running [android.display.cts.DisplayTest]
02-18 00:17:30.459 10129  5548  5563 D TestExecutor: Adding listener androidx.test.internal.runner.listener.LogRunListener
02-18 00:17:30.459 10129  5548  5563 D TestExecutor: Adding listener androidx.test.internal.runner.listener.InstrumentationResultPrinter
02-18 00:17:30.459 10129  5548  5563 D TestExecutor: Adding listener androidx.test.internal.runner.listener.ActivityFinisherRunListener
02-18 00:17:30.459 10129  5548  5563 D TestExecutor: Adding listener androidx.test.internal.runner.listener.TraceRunListener
02-18 00:17:30.461 10129  5548  5563 I TestRunner: run started: 1 tests
02-18 00:17:30.462 10129  5548  5563 I TestRunner: started: testGetSupportedModesOnDefaultDisplay(android.display.cts.DisplayTest)
02-18 00:17:30.463 10129  5548  5563 I UiAutomation: Initialized for user 0 on display 0
02-18 00:17:30.465  1000  1649  2961 D AccessibilityManagerService: changeCurrentUserForTestAutomationIfNeededLocked(0): ignoring because device doesn't support visible background users
02-18 00:17:30.466  1000  1649  2961 I UiAutomationManager: Registering UiTestAutomationService (id=com.android.server.accessibility/UiAutomation) when called by user 0
02-18 00:17:30.468  1000  1649  2961 W MagnificationConnectionManager: requestConnection duplicated request: connect=false, mConnectionState=DISCONNECTED
02-18 00:17:30.470 10129  5548  5565 V UiAutomation: Init UiAutomation@eda86ff[id=3, displayId=0, flags=0]
02-18 00:17:30.470  1000  1649  1649 D BatterySaverPolicy: accessibility changed to true, updating policy.
02-18 00:17:30.477  1000  1649  2961 W ActivityTaskManager: Background activity start for android.display.cts allowed because SYSTEM_ALERT_WINDOW permission is granted.
02-18 00:17:30.478  1000  1649  2961 D CompatibilityChangeReporter: Compat change id reported: 265464455; UID 10129; state: DISABLED
02-18 00:17:30.478  1000  1649  2961 D CompatibilityChangeReporter: Compat change id reported: 310816437; UID 10129; state: DISABLED
02-18 00:17:30.479  1000  1649  2961 D CompatibilityChangeReporter: Compat change id reported: 265452344; UID 10129; state: DISABLED
02-18 00:17:30.479  1000  1649  2961 D CompatibilityChangeReporter: Compat change id reported: 266124927; UID 10129; state: DISABLED
02-18 00:17:30.479  1000  1649  2961 D CompatibilityChangeReporter: Compat change id reported: 265451093; UID 10129; state: DISABLED
02-18 00:17:30.479  1000  1649  2961 D CompatibilityChangeReporter: Compat change id reported: 265456536; UID 10129; state: DISABLED
02-18 00:17:30.479  1000  1649  2961 D CompatibilityChangeReporter: Compat change id reported: 255940284; UID 10129; state: DISABLED
02-18 00:17:30.479  1000  1649  2961 D CompatibilityChangeReporter: Compat change id reported: 236283604; UID 10129; state: DISABLED
02-18 00:17:30.479  1000  1649  2961 D CompatibilityChangeReporter: Compat change id reported: 263959004; UID 10129; state: DISABLED
02-18 00:17:30.479  1000  1649  2961 D CompatibilityChangeReporter: Compat change id reported: 264304459; UID 10129; state: DISABLED
02-18 00:17:30.479  1000  1649  2961 D CompatibilityChangeReporter: Compat change id reported: 264301586; UID 10129; state: DISABLED
02-18 00:17:30.480  1000  1649  2961 D CompatibilityChangeReporter: Compat change id reported: 254631730; UID 10129; state: DISABLED
02-18 00:17:30.480  1000  1649  2961 D CompatibilityChangeReporter: Compat change id reported: 273509367; UID 10129; state: DISABLED
02-18 00:17:30.480  1000  1649  2961 D CompatibilityChangeReporter: Compat change id reported: 263259275; UID 10129; state: DISABLED
02-18 00:17:30.480  1000  1649  2961 D CompatibilityChangeReporter: Compat change id reported: 174042980; UID 10129; state: DISABLED
02-18 00:17:30.480  1000  1649  2961 D CompatibilityChangeReporter: Compat change id reported: 174042936; UID 10129; state: DISABLED
02-18 00:17:30.480  1000  1649  2961 D CompatibilityChangeReporter: Compat change id reported: 181136395; UID 10129; state: DISABLED
02-18 00:17:30.483  1000  1649  2961 D CompatibilityChangeReporter: Compat change id reported: 194480991; UID 10129; state: ENABLED
02-18 00:17:30.484  1000  1649  2961 I wm_task_created: 9
02-18 00:17:30.486  1000  1649  2961 D CompatibilityChangeReporter: Compat change id reported: 184838306; UID 10129; state: DISABLED
02-18 00:17:30.486  1000  1649  2961 D CompatibilityChangeReporter: Compat change id reported: 185004937; UID 10129; state: DISABLED
02-18 00:17:30.487  1000  1649  2961 D CompatibilityChangeReporter: Compat change id reported: 197654537; UID 10129; state: ENABLED
02-18 00:17:30.487  1000  1649  2961 I wm_task_moved: [9,9,0,1,2]
02-18 00:17:30.487  1000  1649  2961 I wm_task_to_front: [0,9,0]
02-18 00:17:30.487  1000  1649  2961 I wm_create_task: [0,9,9,0]
02-18 00:17:30.487  1000  1649  2961 I wm_create_activity: [0,71953415,9,android.display.cts/.ScreenOnActivity,android.intent.action.MAIN,NULL,NULL,335544320]
02-18 00:17:30.487  1000  1649  2961 I wm_task_moved: [9,9,0,1,2]
02-18 00:17:30.488  1000  1649  2961 V SplashScreenExceptionList: SplashScreen checking exception for package android.display.cts (target sdk:34) -> false
02-18 00:17:30.488  1000  1649  2961 D CompatibilityChangeReporter: Compat change id reported: 205907456; UID 10129; state: ENABLED
02-18 00:17:30.489  1000  1649  2961 I wm_pause_activity: [0,163021759,com.android.launcher3/.uioverrides.QuickstepLauncher,userLeaving=true,pauseBackTasks]
02-18 00:17:30.491 10091  3171  3171 I wm_on_top_resumed_lost_called: [163021759,com.android.launcher3.uioverrides.QuickstepLauncher,topStateChangedWhenResumed]
02-18 00:17:30.491  1000  1649  2961 I ActivityTaskManager: START u0 {act=android.intent.action.MAIN flg=0x14000000 cmp=android.display.cts/.ScreenOnActivity} with LAUNCH_MULTIPLE from uid 10129 (BAL_ALLOW_SAW_PERMISSION) result code=0
02-18 00:17:30.491 10096  2910  2966 D SplashScreenView: Build android.window.SplashScreenView{624ceb5 V.E...... ......ID 0,0-0,0}
02-18 00:17:30.491 10096  2910  2966 D SplashScreenView: Icon: view: null drawable: null size: 0
02-18 00:17:30.491 10096  2910  2966 D SplashScreenView: Branding: view: android.view.View{9a5594a G.ED..... ......I. 0,0-0,0 #1020505 android:id/splashscreen_branding_view} drawable: null size w: 0 h: 0
02-18 00:17:30.492 10096  2910  2946 V WindowManagerShell: Transition requested (#8): android.os.BinderProxy@5d7c0bb TransitionRequestInfo { type = OPEN, triggerTask = TaskInfo{userId=0 taskId=9 displayId=0 isRunning=true baseIntent=Intent { act=android.intent.action.MAIN flg=0x14000000 cmp=android.display.cts/.ScreenOnActivity } baseActivity=ComponentInfo{android.display.cts/android.display.cts.ScreenOnActivity} topActivity=ComponentInfo{android.display.cts/android.display.cts.ScreenOnActivity} origActivity=null realActivity=ComponentInfo{android.display.cts/android.display.cts.ScreenOnActivity} numActivities=1 lastActiveTime=72681 supportsMultiWindow=true resizeMode=1 isResizeable=true minWidth=-1 minHeight=-1 defaultMinSize=220 token=WCT{android.window.IWindowContainerToken$Stub$Proxy@53839d8} topActivityType=1 pictureInPictureParams=null shouldDockBigOverlays=false launchIntoPipHostTaskId=-1 lastParentTaskIdBeforePip=-1 displayCutoutSafeInsets=Rect(0, 136 - 0, 0) topActivityInfo=ActivityInfo{fa0a131 android.display.cts.ScreenOnActivity} launchCookies=[] positionInParent=Point(0, 0) parentTaskId=-1 isFocused=false isVisible=false isVisibleRequested=false isSleeping=false locusId=null displayAreaFeatureId=1 isTopActivityTransparent=false appCompatTaskInfo=AppCompatTaskInfo { topActivityInSizeCompat=false topActivityEligibleForLetterboxEducation= false isLetterboxDoubleTapEnabled= false topActivityEligibleForUserAspectRatioButton= false topActivityBoundsLetterboxed= false isFromLetterboxDoubleTap= false topActivityLetterboxVerticalPosition= -1 topActivityLetterboxHorizontalPosition= -1 topActivityLetterboxWidth=1080 topActivityLetterboxHeight=2400 isUserFullscreenOverrideEnabled=false isSystemFullscreenOverrideEnabled=false cameraCompatControlState=hidden}}, pipTask = null, remoteTransition = null, displayChange = null, flags = 0, debugId = 8 }
02-18 00:17:30.492 10091  3171  3171 W SplitSelectStateCtor: Missing session instanceIds
02-18 00:17:30.492 10091  3171  3171 D StatsLog: LAUNCHER_SPLIT_SELECTION_EXIT_INTERRUPTED
02-18 00:17:30.492 10091  3171  3171 I wm_on_paused_called: [163021759,com.android.launcher3.uioverrides.QuickstepLauncher,performPause,0]
02-18 00:17:30.493 10096  2910  2946 D WindowManagerShell: setLauncherKeepClearAreaHeight: visible=false, height=294
02-18 00:17:30.494  1000  1649  3387 I wm_add_to_stopping: [0,163021759,com.android.launcher3/.uioverrides.QuickstepLauncher,makeInvisible]
02-18 00:17:30.494  1000  1649  3387 I wm_restart_activity: [0,71953415,9,android.display.cts/.ScreenOnActivity]
02-18 00:17:30.495  1000  1649  3387 I wm_set_resumed_activity: [0,android.display.cts/.ScreenOnActivity,minimalResumeActivityLocked - onActivityStateChanged]
02-18 00:17:30.495  1000  1649  1774 I sysui_multi_action: [757,803,799,window_time_0,802,6]
02-18 00:17:30.496  1000  1649  1778 I input_focus: [Requesting to set focus to null window,reason=UpdateInputWindows]
02-18 00:17:30.501 10129  5548  5568 D vulkan  : searching for layers in '/data/app/~~xRiyRaXuxD8KLoj90zHUCw==/android.display.cts-hpuRKizjuM4086ghjDpsKg==/base.apk!/lib/arm64-v8a'
02-18 00:17:30.503  1000  1649  2974 D CoreBackPreview: Window{579421b u0 Splash Screen android.display.cts}: Setting back callback OnBackInvokedCallbackInfo{mCallback=android.window.IOnBackInvokedCallback$Stub$Proxy@8a3d993, mPriority=0, mIsAnimationCallback=false}
02-18 00:17:30.504 10129  5548  5548 D LifecycleMonitor: Lifecycle status change: android.display.cts.ScreenOnActivity@b7fc7d0 in: PRE_ON_CREATE
02-18 00:17:30.504 10129  5548  5548 I wm_on_create_called: [71953415,android.display.cts.ScreenOnActivity,performCreate,0]
02-18 00:17:30.506 10096  2910  2963 I viewroot_draw_event: [VRI[cts],reportDrawFinished seqId=0]
02-18 00:17:30.508 10129  5548  5548 D CompatibilityChangeReporter: Compat change id reported: 279646685; UID 10129; state: DISABLED
02-18 00:17:30.508  1000   552   552 I BpBinder: onLastStrongRef automatically unlinking death recipients: 
02-18 00:17:30.509  1000  1649  1774 V WindowManager: Sent Transition (#8) createdAt=02-18 00:17:30.483 via request=TransitionRequestInfo { type = OPEN, triggerTask = TaskInfo{userId=0 taskId=9 displayId=0 isRunning=true baseIntent=Intent { act=android.intent.action.MAIN flg=0x14000000 cmp=android.display.cts/.ScreenOnActivity } baseActivity=ComponentInfo{android.display.cts/android.display.cts.ScreenOnActivity} topActivity=ComponentInfo{android.display.cts/android.display.cts.ScreenOnActivity} origActivity=null realActivity=ComponentInfo{android.display.cts/android.display.cts.ScreenOnActivity} numActivities=1 lastActiveTime=72681 supportsMultiWindow=true resizeMode=1 isResizeable=true minWidth=-1 minHeight=-1 defaultMinSize=220 token=WCT{RemoteToken{ffa56e8 Task{58f41a3 #9 type=standard A=10129:android.display.cts}}} topActivityType=1 pictureInPictureParams=null shouldDockBigOverlays=false launchIntoPipHostTaskId=-1 lastParentTaskIdBeforePip=-1 displayCutoutSafeInsets=Rect(0, 136 - 0, 0) topActivityInfo=ActivityInfo{8082cd2 android.display.cts.ScreenOnActivity} launchCookies=[] positionInParent=Point(0, 0) parentTaskId=-1 isFocused=false isVisible=false isVisibleRequested=false isSleeping=false locusId=null displayAreaFeatureId=1 isTopActivityTransparent=false appCompatTaskInfo=AppCompatTaskInfo { topActivityInSizeCompat=false topActivityEligibleForLetterboxEducation= false isLetterboxDoubleTapEnabled= false topActivityEligibleForUserAspectRatioButton= false topActivityBoundsLetterboxed= false isFromLetterboxDoubleTap= false topActivityLetterboxVerticalPosition= -1 topActivityLetterboxHorizontalPosition= -1 topActivityLetterboxWidth=1080 topActivityLetterboxHeight=2400 isUserFullscreenOverrideEnabled=false isSystemFullscreenOverrideEnabled=false cameraCompatControlState=hidden}}, pipTask = null, remoteTransition = null, displayChange = null, flags = 0, debugId = 8 }
02-18 00:17:30.509  1000  1649  1774 V WindowManager:     startWCT=WindowContainerTransaction { changes = {} hops = [] errorCallbackToken=null taskFragmentOrganizer=null }
02-18 00:17:30.509 10096  2910  2946 V WindowManagerShell: onTransitionReady (#8) android.os.BinderProxy@5d7c0bb: {id=8 t=OPEN f=0x0 trk=0 r=[0@Point(0, 0)] c=[{WCT{android.window.IWindowContainerToken$Stub$Proxy@aeea8fa} m=OPEN f=NONE leash=Surface(name=Task=9)/@0x95cb88f sb=Rect(0, 0 - 1080, 2400) eb=Rect(0, 0 - 1080, 2400) d=0},{WCT{android.window.IWindowContainerToken$Stub$Proxy@a764eab} m=TO_BACK f=SHOW_WALLPAPER leash=Surface(name=Task=1)/@0xa50571c sb=Rect(0, 0 - 1080, 2400) eb=Rect(0, 0 - 1080, 2400) d=0}]}
02-18 00:17:30.509  1000  1649  1774 V WindowManager:     info={id=8 t=OPEN f=0x0 trk=0 r=[0@Point(0, 0)] c=[
02-18 00:17:30.509  1000  1649  1774 V WindowManager:         {WCT{RemoteToken{ffa56e8 Task{58f41a3 #9 type=standard A=10129:android.display.cts}}} m=OPEN f=NONE leash=Surface(name=Task=9)/@0x5da4bda sb=Rect(0, 0 - 1080, 2400) eb=Rect(0, 0 - 1080, 2400) d=0},
02-18 00:17:30.509  1000  1649  1774 V WindowManager:         {WCT{RemoteToken{31b427f Task{1b63011 #1 type=undefined}}} m=TO_BACK f=SHOW_WALLPAPER leash=Surface(name=Task=1)/@0x3bdf18a sb=Rect(0, 0 - 1080, 2400) eb=Rect(0, 0 - 1080, 2400) d=0}
02-18 00:17:30.509  1000  1649  1774 V WindowManager:     ]}
02-18 00:17:30.509 10096  2910  2946 V WindowManagerShell: Playing animation for (#8) android.os.BinderProxy@5d7c0bb@0
02-18 00:17:30.509 10096  2910  2946 V WindowManagerShell:  try handler com.android.wm.shell.transition.DefaultMixedHandler@376152a
02-18 00:17:30.509 10096  2910  2946 V WindowManagerShell:  try handler com.android.wm.shell.keyguard.KeyguardTransitionHandler@c35ff1b
02-18 00:17:30.509 10096  2910  2946 V WindowManagerShell:  try handler com.android.wm.shell.pip.PipTransition@9a08b8
02-18 00:17:30.509 10096  2910  2946 V WindowManagerShell:  try handler com.android.wm.shell.activityembedding.ActivityEmbeddingController@68df691
02-18 00:17:30.509 10096  2910  2946 V WindowManagerShell:  try handler com.android.wm.shell.recents.RecentsTransitionHandler@b859f6
02-18 00:17:30.509 10096  2910  2946 V ShellRecents: RecentsTransitionHandler.startAnimation: no controller found
02-18 00:17:30.509 10096  2910  2946 V WindowManagerShell:  try handler com.android.wm.shell.splitscreen.StageCoordinator@3950b40
02-18 00:17:30.509 10096  2910  2946 V WindowManagerShell:  try handler com.android.wm.shell.transition.RemoteTransitionHandler@42b71f7
02-18 00:17:30.509 10096  2910  2946 V WindowManagerShell: Transition doesn't have explicit remote, search filters for match for {id=8 t=OPEN f=0x0 trk=0 r=[0@Point(0, 0)] c=[{WCT{android.window.IWindowContainerToken$Stub$Proxy@aeea8fa} m=OPEN f=NONE leash=Surface(name=Task=9)/@0x95cb88f sb=Rect(0, 0 - 1080, 2400) eb=Rect(0, 0 - 1080, 2400) d=0},{WCT{android.window.IWindowContainerToken$Stub$Proxy@a764eab} m=TO_BACK f=SHOW_WALLPAPER leash=Surface(name=Task=1)/@0xa50571c sb=Rect(0, 0 - 1080, 2400) eb=Rect(0, 0 - 1080, 2400) d=0}]}
02-18 00:17:30.509 10096  2910  2946 V WindowManagerShell:  Checking filter Pair{{types=[] flags=0x0] notFlags=0x100 checks=[{atype=home independent=true modes=[OPEN,TO_FRONT] flags=NONE mustBeTask=false order=TOP topActivity=ComponentInfo{com.android.launcher3/com.android.launcher3.uioverrides.QuickstepLauncher}},{atype=standard independent=true modes=[CLOSE,TO_BACK] flags=NONE mustBeTask=false order=ANY topActivity=null}]} RemoteTransition { remoteTransition = android.window.IRemoteTransition$Stub$Proxy@276a6d8, appThread = android.app.IApplicationThread$Stub$Proxy@66b0a31, debugName = QuickstepLaunchHome }}
02-18 00:17:30.509 10096  2910  2946 V WindowManagerShell:  Delegate animation for (#8) to null
02-18 00:17:30.509 10096  2910  2946 V WindowManagerShell:  try handler com.android.wm.shell.transition.DefaultTransitionHandler@f42f864
02-18 00:17:30.509 10096  2910  2946 V WindowManagerShell: start default transition animation, info = {id=8 t=OPEN f=0x0 trk=0 r=[0@Point(0, 0)] c=[{WCT{android.window.IWindowContainerToken$Stub$Proxy@aeea8fa} m=OPEN f=NONE leash=Surface(name=Task=9)/@0x95cb88f sb=Rect(0, 0 - 1080, 2400) eb=Rect(0, 0 - 1080, 2400) d=0},{WCT{android.window.IWindowContainerToken$Stub$Proxy@a764eab} m=TO_BACK f=SHOW_WALLPAPER leash=Surface(name=Task=1)/@0xa50571c sb=Rect(0, 0 - 1080, 2400) eb=Rect(0, 0 - 1080, 2400) d=0}]}
02-18 00:17:30.510 10096  2910  2946 V WindowManagerShell: loadAnimation: anim=android.view.animation.AnimationSet@399c908 animAttr=0x13 type=OPEN isEntrance=false
02-18 00:17:30.510 10096  2910  2946 V WindowManagerShell: loadAnimation: anim=android.view.animation.AnimationSet@7eb38a1 animAttr=0x12 type=OPEN isEntrance=true
02-18 00:17:30.510  1000  1649  2961 W UserManagerService: Requested status bar icon for non-badged user 0
02-18 00:17:30.510 10096  2910  2946 V WindowManagerShell:  animated by com.android.wm.shell.transition.DefaultTransitionHandler@f42f864
02-18 00:17:30.514  1000  1649  1919 I input_focus: [Focus leaving ca53291 com.android.launcher3/com.android.launcher3.uioverrides.QuickstepLauncher (server),reason=Waiting for window because NO_WINDOW]
02-18 00:17:30.514 10129  5548  5548 D LifecycleMonitor: Lifecycle status change: android.display.cts.ScreenOnActivity@b7fc7d0 in: CREATED
02-18 00:17:30.515 10129  5548  5548 D LifecycleMonitor: Lifecycle status change: android.display.cts.ScreenOnActivity@b7fc7d0 in: STARTED
02-18 00:17:30.515 10129  5548  5548 I wm_on_start_called: [71953415,android.display.cts.ScreenOnActivity,handleStartActivity,0]
02-18 00:17:30.515 10129  5548  5548 D CompatibilityChangeReporter: Compat change id reported: 210923482; UID 10129; state: ENABLED
02-18 00:17:30.515 10129  5548  5548 D CompatibilityChangeReporter: Compat change id reported: 63938206; UID 10129; state: DISABLED
02-18 00:17:30.516 10129  5548  5548 D LifecycleMonitor: Lifecycle status change: android.display.cts.ScreenOnActivity@b7fc7d0 in: RESUMED
02-18 00:17:30.516 10129  5548  5548 I wm_on_resume_called: [71953415,android.display.cts.ScreenOnActivity,RESUME_ACTIVITY,0]
02-18 00:17:30.518 10129  5548  5548 D CompatibilityChangeReporter: Compat change id reported: 237531167; UID 10129; state: DISABLED
02-18 00:17:30.522 10129  5548  5548 I wm_on_top_resumed_gained_called: [71953415,android.display.cts.ScreenOnActivity,topStateChangedWhenResumed]
02-18 00:17:30.525  1000  1649  2961 D CoreBackPreview: Window{7867c32 u0 android.display.cts/android.display.cts.ScreenOnActivity}: Setting back callback OnBackInvokedCallbackInfo{mCallback=android.window.IOnBackInvokedCallback$Stub$Proxy@91ae72c, mPriority=0, mIsAnimationCallback=false}
02-18 00:17:30.528  1000  1649  1778 I input_focus: [Focus request 7867c32 android.display.cts/android.display.cts.ScreenOnActivity,reason=UpdateInputWindows]
02-18 00:17:30.529  1000   552  2987 W ServiceManagerCppClient: Permission failure: android.permission.ROTATE_SURFACE_FLINGER from uid=10129 pid=0
02-18 00:17:30.529  1000   552  2987 D PermissionCache: checking android.permission.ROTATE_SURFACE_FLINGER for uid=10129 => denied (153 us)
02-18 00:17:30.529  1000   552   603 W ServiceManagerCppClient: Permission failure: android.permission.ROTATE_SURFACE_FLINGER from uid=10129 pid=5548
02-18 00:17:30.529  1000   552   603 D PermissionCache: checking android.permission.ROTATE_SURFACE_FLINGER for uid=10129 => denied (110 us)
02-18 00:17:30.529  1000   552  2987 W ServiceManagerCppClient: Permission failure: android.permission.INTERNAL_SYSTEM_WINDOW from uid=10129 pid=0
02-18 00:17:30.529  1000   552  2987 D PermissionCache: checking android.permission.INTERNAL_SYSTEM_WINDOW for uid=10129 => denied (78 us)
02-18 00:17:30.529  1000   552   603 W ServiceManagerCppClient: Permission failure: android.permission.INTERNAL_SYSTEM_WINDOW from uid=10129 pid=5548
02-18 00:17:30.529  1000   552   603 D PermissionCache: checking android.permission.INTERNAL_SYSTEM_WINDOW for uid=10129 => denied (82 us)
02-18 00:17:30.529  1000   552  2987 D PermissionCache: checking android.permission.ACCESS_SURFACE_FLINGER for uid=10129 => granted (58 us)
02-18 00:17:30.529  1000   552   603 D PermissionCache: checking android.permission.ACCESS_SURFACE_FLINGER for uid=10129 => granted (56 us)
02-18 00:17:30.532  1000   479   479 I hwservicemanager: getTransport: Cannot find entry android.hardware.graphics.allocator@4.0::IAllocator/default in either framework or device VINTF manifest.
02-18 00:17:30.562  1000   478   478 I servicemanager: Found android.hardware.graphics.allocator.IAllocator/default in device VINTF manifest.
02-18 00:17:30.564  1000   478   478 I servicemanager: Found android.hardware.graphics.allocator.IAllocator/default in device VINTF manifest.
02-18 00:17:30.533  1000   553  3308 W gralloc4: Unable to set buffer name VRI[ScreenOnActivity]#0(BLAST Consumer)0: File name too long
02-18 00:17:30.534  1000   553  3308 W gralloc4: Unable to set buffer name VRI[ScreenOnActivity]#0(BLAST Consumer)0: File name too long
02-18 00:17:30.534  1000   553  3308 W gralloc4: Unable to set buffer name VRI[ScreenOnActivity]#0(BLAST Consumer)0: File name too long
02-18 00:17:30.535  1000   553  3308 W gralloc4: Unable to set buffer name VRI[ScreenOnActivity]#0(BLAST Consumer)0: File name too long
02-18 00:17:30.550 10129  5548  5548 I viewroot_draw_event: [VRI[ScreenOnActivity],reportDrawFinished seqId=0]
02-18 00:17:30.551  1000  1649  2962 W ServiceManagerCppClient: Permission failure: android.permission.ROTATE_SURFACE_FLINGER from uid=10129 pid=0
02-18 00:17:30.551  1000  1649  2962 D PermissionCache: checking android.permission.ROTATE_SURFACE_FLINGER for uid=10129 => denied (132 us)
02-18 00:17:30.551  1000  1649  2962 W ServiceManagerCppClient: Permission failure: android.permission.INTERNAL_SYSTEM_WINDOW from uid=10129 pid=0
02-18 00:17:30.551  1000  1649  2962 D PermissionCache: checking android.permission.INTERNAL_SYSTEM_WINDOW for uid=10129 => denied (61 us)
02-18 00:17:30.551  1000  1649  2962 D PermissionCache: checking android.permission.ACCESS_SURFACE_FLINGER for uid=10129 => granted (27 us)
02-18 00:17:30.553 10096  2910  2948 I jank_cuj_events_begin_request: [39,1771345050553789000,72744799636,72744799717,]
02-18 00:17:30.554  1000  1649  1774 I sysui_multi_action: [319,32,321,30,322,76,325,72,757,761,758,8,759,1,806,android.display.cts,871,android.display.cts.ScreenOnActivity,904,android.display.cts,905,0,1320,4,1321,4]
02-18 00:17:30.555  1000  1649  1774 I wm_activity_launch_time: [0,71953415,android.display.cts/.ScreenOnActivity,76]
02-18 00:17:30.555  1000  1649  1774 I ActivityTaskManager: Displayed android.display.cts/.ScreenOnActivity for user 0: +76ms
02-18 00:17:30.559  1000  1649  2962 I wm_set_keyguard_shown: [0,0,0,0,1,updateVisibility]
02-18 00:17:30.570  1000  1649  1919 I input_focus: [Focus entering 7867c32 android.display.cts/android.display.cts.ScreenOnActivity (server),reason=Window became focusable. Previous reason: NOT_VISIBLE]
02-18 00:17:30.572  1000  1649  2961 D CompatibilityChangeReporter: Compat change id reported: 214016041; UID 10129; state: ENABLED
02-18 00:17:30.572  1000  1649  2961 I ImeTracker: android.display.cts:4ebb2c37: onRequestHide at ORIGIN_SERVER reason HIDE_UNSPECIFIED_WINDOW fromUser false
02-18 00:17:30.572  1000  1649  2961 I ImeTracker: android.display.cts:4ebb2c37: onCancelled at PHASE_SERVER_SHOULD_HIDE
02-18 00:17:30.675  1000  1649  1905 I commit_sys_config_file: [settings-2-0,5]
02-18 00:17:30.794 10096  2910  2946 V WindowManagerShell: Transition animation finished (aborted=false), notifying core (#8) android.os.BinderProxy@5d7c0bb@0
02-18 00:17:30.798  1000  1649  1774 V WindowManager: Finish Transition (#8): created at 02-18 00:17:30.483 collect-started=0.067ms request-sent=6.759ms started=8.943ms ready=11.976ms sent=24.901ms finished=313.145ms
02-18 00:17:30.798  1000  1649  2962 V WindowManager: Loading animations: layout params pkg=com.android.launcher3 resId=0x10302fc
02-18 00:17:30.798  1000  1649  2962 V WindowManager: Loading animations: picked package=android
02-18 00:17:30.799 10091  3171  3171 D VRI[QuickstepLauncher]: visibilityChanged oldVisibility=true newVisibility=false
02-18 00:17:30.800  1000  1649  2962 I wm_set_keyguard_occluded: [1,0,0,setOccluded]
02-18 00:17:30.801 10096  2910  3287 D KeyguardService: setOccluded(true)
02-18 00:17:30.801 10096  2910  3287 D KeyguardViewMediator: setOccluded(true)
02-18 00:17:30.801 10096  2910  2946 V WindowManagerShell: Track 0 became idle
02-18 00:17:30.801 10096  2910  2946 V WindowManagerShell: All active transition animations finished
02-18 00:17:30.801 10096  2910  2910 D KeyguardViewMediator: handleSetOccluded(true)
02-18 00:17:30.801 10096  2910  2910 I sysui_keyguard: [1,0]
02-18 00:17:30.801 10096  2910  2948 I jank_cuj_events_cancel_request: [23,1771345050801602000,72992614170,72992614292]
02-18 00:17:30.801  1000  1649  1777 I wm_stop_activity: [0,163021759,com.android.launcher3/.uioverrides.QuickstepLauncher]
02-18 00:17:30.802  1000  1649  3731 W UserManagerService: Requested status bar icon for non-badged user 0
02-18 00:17:30.802 10096  2910  2910 I sysui_multi_action: [757,196,758,2,759,0]
02-18 00:17:30.802 10096  2910  2910 I sysui_status_bar_state: [0,0,1,0,0,1]
02-18 00:17:30.804 10096  2910  2910 D KeyguardViewMediator: KeyguardViewMediator queue processing message: SET_OCCLUDED
02-18 00:17:30.806  1000  1649  2974 W UserManagerService: Requested status bar icon for non-badged user 0
02-18 00:17:30.807  1000  1649  2974 W UserManagerService: Requested status bar icon for non-badged user 0
02-18 00:17:30.808  1000  1649  2961 I wm_wallpaper_surface: [0,0,null]
02-18 00:17:30.811 10091  3171  3171 I viewroot_draw_event: [VRI[QuickstepLauncher],Not drawing due to not visible]
02-18 00:17:30.811 10129  5548  5563 W SystemServiceRegistry: No service published for: hdmi_control
02-18 00:17:30.812 10091  3171  3171 D BaseDepthController: setSurface:
02-18 00:17:30.812 10091  3171  3171 D BaseDepthController: 	mWaitingOnSurfaceValidity: false
02-18 00:17:30.812 10091  3171  3171 D BaseDepthController: 	mSurface: null
02-18 00:17:30.812 10091  3171  3171 D BaseDepthController: mSurface is null and mCurrentBlur is: 0
02-18 00:17:30.813 10091  3171  3171 D StateManager: goToState - fromState: Normal, toState: Normal, partial trace:
02-18 00:17:30.813 10091  3171  3171 D StateManager: 	at com.android.launcher3.statemanager.StateManager.moveToRestState(StateManager.java:465)
02-18 00:17:30.813 10091  3171  3171 D StateManager: 	at com.android.launcher3.statemanager.StateManager.moveToRestState(StateManager.java:456)
02-18 00:17:30.813 10091  3171  3171 D StatsLog: LAUNCHER_ONSTOP
02-18 00:17:30.815 10091  3171  3171 I wm_on_stop_called: [163021759,com.android.launcher3.uioverrides.QuickstepLauncher,STOP_ACTIVITY_ITEM,3]
02-18 00:17:30.826 10096  2910  2948 I jank_cuj_events_end_request: [39,1771345050826724000,73017735101,73017735264]
02-18 00:17:30.829 10096  2910  2963 I viewroot_draw_event: [VRI[cts],Not drawing due to not visible]
02-18 00:17:30.830 10096  2910  2963 W WindowOnBackDispatcher: sendCancelIfRunning: isInProgress=falsecallback=android.view.ViewRootImpl$$ExternalSyntheticLambda11@ee31b84
02-18 00:17:30.830  1000  1649  2974 D CoreBackPreview: Window{579421b u0 Splash Screen android.display.cts EXITING}: Setting back callback null
02-18 00:17:30.831  1000  1649  2962 W InputManager-JNI: Input channel object '579421b Splash Screen android.display.cts (client)' was disposed without first being removed with the input manager!
02-18 00:17:30.847  1000  1649  1777 I OverlayDisplayAdapter: Showing overlay display device #1: name=Overlay #1, modes=[{width=181, height=161, densityDpi=214}, {width=182, height=162, densityDpi=214}], flags={secure=false, ownContentOnly=false, shouldShowSystemDecorations=false}
02-18 00:17:30.850  1000  1649  1775 D CompatibilityChangeReporter: Compat change id reported: 210923482; UID 1000; state: ENABLED
02-18 00:17:30.850  1000  1649  1775 D CompatibilityChangeReporter: Compat change id reported: 63938206; UID 1000; state: ENABLED
02-18 00:17:30.856  1000  1649  1775 D CompatibilityChangeReporter: Compat change id reported: 168419799; UID 1000; state: DISABLED
02-18 00:17:30.857  1000  1649  1775 D CompatibilityChangeReporter: Compat change id reported: 273564678; UID 1000; state: DISABLED
02-18 00:17:30.859  1000  1649  1775 D CoreBackPreview: Window{816d153 u0 Overlay #1: 181x161, 214 dpi}: Setting back callback OnBackInvokedCallbackInfo{mCallback=android.window.WindowOnBackInvokedDispatcher$OnBackInvokedCallbackWrapper@6d52ba8, mPriority=0, mIsAnimationCallback=false}
02-18 00:17:30.863  1000   479   479 I hwservicemanager: getTransport: Cannot find entry android.hardware.graphics.allocator@4.0::IAllocator/default in either framework or device VINTF manifest.
02-18 00:17:30.865  1000  1649  1777 I DisplayDeviceRepository: Display device added: DisplayDeviceInfo{"Overlay #1": uniqueId="overlay:1", 181 x 161, modeId 3, renderFrameRate 90.0, defaultModeId 3, userPreferredModeId -1, supportedModes [{id=3, width=181, height=161, fps=90.0, vsync=90.0, alternativeRefreshRates=[], supportedHdrTypes=[]}, {id=4, width=182, height=162, fps=90.0, vsync=90.0, alternativeRefreshRates=[], supportedHdrTypes=[]}], colorMode 0, supportedColorModes [0], hdrCapabilities null, allmSupported false, gameContentTypeSupported false, density 214, 214.0 x 214.0 dpi, appVsyncOff 0, presDeadline 22611111, touch VIRTUAL, rotation 0, type OVERLAY, deviceProductInfo null, state ON, committedState UNKNOWN, frameRateOverride , brightnessMinimum 0.0, brightnessMaximum 0.0, brightnessDefault 0.0, hdrSdrRatio NaN, FLAG_PRESENTATION, FLAG_TRUSTED, installOrientation 0, displayShape DisplayShape{ spec=1451154587 displayWidth=181 displayHeight=161 physicalPixelDisplaySizeRatio=1.0 rotation=0 offsetX=0 offsetY=0 scale=1.0}}
02-18 00:17:30.865  1000   553  3308 W gralloc4: Unable to set buffer name VRI[Overlay #1: 181x161, 214 dpi]#0(BLAST Consumer)0: File name too long
02-18 00:17:30.866  1000  1649  1777 I LogicalDisplayMapper: Applying layout: [{dispId: 0(ON), displayGroupName: , addr: {port=0, model=0x401ceccbbbeef1}, mThermalBrightnessThrottlingMapId: null, mRefreshRateZoneId: null, mLeadDisplayId: -1, mLeadDisplayAddress: null, mThermalRefreshRateThrottlingMapId: null, mPowerThrottlingMapId: null}], Previous layout: [{dispId: 0(ON), displayGroupName: , addr: {port=0, model=0x401ceccbbbeef1}, mThermalBrightnessThrottlingMapId: null, mRefreshRateZoneId: null, mLeadDisplayId: -1, mLeadDisplayAddress: null, mThermalRefreshRateThrottlingMapId: null, mPowerThrottlingMapId: null}]
