02-18 00:17:30.866  1000  1649  1777 I LogicalDisplayMapper: Setting new display group 0 for display 2, from previous group: null
02-18 00:17:30.866  1000   553  3308 W gralloc4: Unable to set buffer name VRI[Overlay #1: 181x161, 214 dpi]#0(BLAST Consumer)0: File name too long
02-18 00:17:30.866  1000   553  3308 W gralloc4: Unable to set buffer name VRI[Overlay #1: 181x161, 214 dpi]#0(BLAST Consumer)0: File name too long
02-18 00:17:30.867  1000   553  3308 W gralloc4: Unable to set buffer name VRI[Overlay #1: 181x161, 214 dpi]#0(BLAST Consumer)0: File name too long
02-18 00:17:30.868  1000  1649  1777 W BrightnessThrottler: DeviceConfig ThermalBrightnessThrottlingData is null
02-18 00:17:30.870  1000  1649  1777 W DisplayPowerController2[2]: Screen brightness nits configuration is unavailable; falling back
02-18 00:17:30.872  1000  1649  1774 D BrightnessThermalClamper: New thermal throttling status = 0
02-18 00:17:30.872  1000  1649  1827 D BrightnessPowerClamper: Power throttling data is missing for configuration data.
02-18 00:17:30.873  1000  1649  1778 I DisplayDevice: [2] Layerstack set to 2 for overlay:1
02-18 00:17:30.873 10096  2910  2970 D DisplayRepository: display with id=2 connected.
02-18 00:17:30.874  1000  1649  1777 I InputManager-JNI: Viewport [0] to add: local:4619827677550801152, isActive: true
02-18 00:17:30.874  1000  1649  1777 I InputManager-JNI: Viewport [1] to add: overlay:1, isActive: true
02-18 00:17:30.875  1000  1649  1920 I InputReader: Reconfiguring input devices, changes=DISPLAY_INFO
02-18 00:17:30.875  1000  1649  1827 V DisplayPowerController2[2]: Brightness [0.0] reason changing to: 'manual', previous reason: '0'.
02-18 00:17:30.875  1000  1649  1827 I DisplayPowerController2[2]: BrightnessEvent: disp=2, physDisp=overlay:1, displayState=ON, displayPolicy=BRIGHT, brt=0.0, initBrt=NaN, rcmdBrt=NaN, preBrt=NaN, lux=0.0, preLux=0.0, hbmMax=1.0, hbmMode=off, rbcStrength=-1, thrmMax=1.0, powerFactor=1.0, wasShortTermModelActive=false, flags=, reason=manual, autoBrightness=false, strategy=InvalidBrightnessStrategy, autoBrightnessMode=default
02-18 00:17:30.876 10096  2910  2982 D connectedDisplayIds: newValue: [0, 2]
02-18 00:17:30.877 10096  2910  2980 D allDisplayEvents: newValue: Added(displayId=2)
02-18 00:17:30.877 10096  2910  2982 D allDisplayEvents: newValue: Added(displayId=2)
02-18 00:17:30.877 10096  2910  2973 D allDisplayEvents: newValue: Added(displayId=2)
02-18 00:17:30.878 10096  2910  2910 D DisplayRepository: combining enabled=[0], connectedExternalDisplayIds=[], ignored=[]
02-18 00:17:30.878 10096  2910  2910 D enabledDisplayIds: newValue: [0, 2]
02-18 00:17:30.878 10096  2910  2910 D DisplayRepository: combining enabled=[0, 2], connectedExternalDisplayIds=[], ignored=[]
02-18 00:17:30.880 10096  2910  2963 W FrameTracker: Missing HWUI jank callback for vsyncId: 24713, CUJ=J<SPLASHSCREEN_EXIT_ANIM>
02-18 00:17:30.880 10096  2910  2963 W FrameTracker: Missing HWUI jank callback for vsyncId: 24822, CUJ=J<SPLASHSCREEN_EXIT_ANIM>
02-18 00:17:30.880 10096  2910  2963 W FrameTracker: Missing HWUI jank callback for vsyncId: 24888, CUJ=J<SPLASHSCREEN_EXIT_ANIM>
02-18 00:17:30.880 10096  2910  2963 W FrameTracker: Missed App frame:JANK_APP_DEADLINE_MISSED, 24932, 17661303, CUJ=J<SPLASHSCREEN_EXIT_ANIM>
02-18 00:17:30.880 10096  2910  2963 W FrameTracker: Missing HWUI jank callback for vsyncId: 24976, CUJ=J<SPLASHSCREEN_EXIT_ANIM>
02-18 00:17:30.880  1000  1649  1775 I viewroot_draw_event: [VRI[Overlay #1: 181x161, 214 dpi],reportDrawFinished seqId=0]
02-18 00:17:30.894  1000  1649  1775 I WindowManager: Override config changes=20005df8 {0.0 ?mcc0mnc ?localeList ?layoutDir sw120dp w135dp h120dp 214dpi smll land ?uimode ?night -touch -keyb/v/h -nav/h winConfig={ mBounds=Rect(0, 0 - 181, 161) mAppBounds=Rect(0, 0 - 181, 161) mMaxBounds=Rect(0, 0 - 181, 161) mDisplayRotation=ROTATION_0 mWindowingMode=fullscreen mDisplayWindowingMode=fullscreen mActivityType=undefined mAlwaysOnTop=undefined mRotation=ROTATION_0} ?fontWeightAdjustment} for displayId=2
02-18 00:17:30.895 10096  2910  2976 D allDisplayEvents: newValue: Changed(displayId=2)
02-18 00:17:30.895  1000  1649  1775 I sysui_multi_action: [757,1659,758,4,759,2,1660,2]
02-18 00:17:30.895  1000  1649  1775 V WindowManager: Content Recording: Successfully created a ContentRecordingSession for displayId=2 to mirror content from displayId=0
02-18 00:17:30.896  1000  1649  1775 V WindowManager: Content Recording: Display 2 has no content and is on, so start recording for state 2
02-18 00:17:30.896 10096  2910  2910 D DisplayRepository: combining enabled=[0, 2], connectedExternalDisplayIds=[], ignored=[]
02-18 00:17:30.896 10096  2910  2946 W DisplayController: Skipping Display Configuration change on non-added display.
02-18 00:17:30.896  1000  1649  1775 V WindowManager: Content Recording: Apply transformations of shift 54 x 0, scale 0.06708333641290665 x 0.06708333641290665, crop (aka recorded content size) 1080 x 2400 for display 2; display has size 135 x 120; surface has size 181 x 161
02-18 00:17:30.897  1000  1649  1775 I MediaProjectionManagerService: Cannot log MediaProjectionTargetChanged atom due to null projection
02-18 00:17:30.897  1000  1649  1775 V WindowManager: Loading animations: layout params pkg=android resId=0x0
02-18 00:17:30.898  1000  1649  1775 V WindowManager: Content Recording: Display 2 was already recording, so apply transformations if necessary
02-18 00:17:30.898  1000  1649  1775 V WindowManager: Content Recording: Going ahead with updating recording for display 2 to new bounds Rect(0, 0 - 1080, 2400) and/or orientation 1 and/or surface size Point(181, 161)
02-18 00:17:30.898  1000  1649  1775 V WindowManager: Content Recording: Apply transformations of shift 54 x 0, scale 0.06708333641290665 x 0.06708333641290665, crop (aka recorded content size) 1080 x 2400 for display 2; display has size 135 x 120; surface has size 181 x 161
02-18 00:17:30.899  1000  1649  1649 W WindowTokenClientController: Can't find attached WindowTokenClient for android.window.WindowTokenClient@d1ca0f0
02-18 00:17:30.900  1000  1649  2962 I wm_finish_activity: [0,71953415,9,android.display.cts/.ScreenOnActivity,app-request]
02-18 00:17:30.900  1000  1649  2962 I wm_task_moved: [1,1,0,1,2]
02-18 00:17:30.900  1000  1649  2962 I wm_task_moved: [7,1,0,1,2147483647]
02-18 00:17:30.900  1000  1649  2962 I wm_task_to_front: [0,7,0]
02-18 00:17:30.900  1000  1649  2962 I wm_focused_root_task: [0,0,1,9,finish-top adjustFocusToNextFocusableTask]
02-18 00:17:30.902  1000  1649  2962 I wm_pause_activity: [0,71953415,android.display.cts/.ScreenOnActivity,userLeaving=false,finish]
02-18 00:17:30.903 10129  5548  5548 I wm_on_top_resumed_lost_called: [71953415,android.display.cts.ScreenOnActivity,topStateChangedWhenResumed]
02-18 00:17:30.904  1000  1649  1775 V WindowManager: Content Recording: Display 2 state was (2), is now (2), so update recording?
02-18 00:17:30.904  1000  1649  1777 D DisplayManagerService: Ignore redundant display event 2/2 to 10092/3618
02-18 00:17:30.904  1000  1649  1775 V WindowManager: Content Recording: Display 2 state was (2), is now (2), so update recording?
02-18 00:17:30.905 10096  2910  2946 V ShellDragAndDrop: Display added: 2
02-18 00:17:30.905 10096  2910  2946 V WindowManagerShell: Transition requested (#9): android.os.BinderProxy@24f2013 TransitionRequestInfo { type = CLOSE, triggerTask = TaskInfo{userId=0 taskId=9 displayId=0 isRunning=false baseIntent=Intent { act=android.intent.action.MAIN flg=0x14000000 cmp=android.display.cts/.ScreenOnActivity } baseActivity=null topActivity=null origActivity=null realActivity=ComponentInfo{android.display.cts/android.display.cts.ScreenOnActivity} numActivities=0 lastActiveTime=72686 supportsMultiWindow=true resizeMode=1 isResizeable=true minWidth=-1 minHeight=-1 defaultMinSize=220 token=WCT{android.window.IWindowContainerToken$Stub$Proxy@928a250} topActivityType=1 pictureInPictureParams=null shouldDockBigOverlays=false launchIntoPipHostTaskId=-1 lastParentTaskIdBeforePip=-1 displayCutoutSafeInsets=Rect(0, 136 - 0, 0) topActivityInfo=null launchCookies=[] positionInParent=Point(0, 0) parentTaskId=-1 isFocused=true isVisible=true isVisibleRequested=true isSleeping=false locusId=null displayAreaFeatureId=1 isTopActivityTransparent=false appCompatTaskInfo=AppCompatTaskInfo { topActivityInSizeCompat=false topActivityEligibleForLetterboxEducation= false isLetterboxDoubleTapEnabled= false topActivityEligibleForUserAspectRatioButton= false topActivityBoundsLetterboxed= false isFromLetterboxDoubleTap= false topActivityLetterboxVerticalPosition= -1 topActivityLetterboxHorizontalPosition= -1 topActivityLetterboxWidth=-1 topActivityLetterboxHeight=-1 isUserFullscreenOverrideEnabled=false isSystemFullscreenOverrideEnabled=false cameraCompatControlState=hidden}}, pipTask = null, remoteTransition = null, displayChange = null, flags = 0, debugId = 9 }
02-18 00:17:30.905 10129  5548  5548 I wm_on_paused_called: [71953415,android.display.cts.ScreenOnActivity,performPause,0]
02-18 00:17:30.905 10129  5548  5548 D LifecycleMonitor: Lifecycle status change: android.display.cts.ScreenOnActivity@b7fc7d0 in: PAUSED
02-18 00:17:30.906  1000  1649  2962 I wm_add_to_stopping: [0,71953415,android.display.cts/.ScreenOnActivity,completeFinishing]
02-18 00:17:30.907 10129  5548  5563 E TestRunner: failed: testGetSupportedModesOnDefaultDisplay(android.display.cts.DisplayTest)
02-18 00:17:30.907 10129  5548  5563 E TestRunner: ----- begin exception -----
02-18 00:17:30.907 10129  5548  5563 E TestRunner: java.lang.AssertionError: Expected {id=2, width=1080, height=2400, fps=90.0, vsync=90.0, alternativeRefreshRates=[60.0], supportedHdrTypes=[2, 3, 4]} to be listed as alternative refresh rate of {id=1, width=1080, height=2400, fps=60.0, vsync=60.0, alternativeRefreshRates=[], supportedHdrTypes=[2, 3, 4]}. All supported modes are [{id=1, width=1080, height=2400, fps=60.0, vsync=60.0, alternativeRefreshRates=[], supportedHdrTypes=[2, 3, 4]}, {id=2, width=1080, height=2400, fps=90.0, vsync=90.0, alternativeRefreshRates=[60.0], supportedHdrTypes=[2, 3, 4]}]
02-18 00:17:30.907 10129  5548  5563 E TestRunner: 	at org.junit.Assert.fail(Assert.java:89)
02-18 00:17:30.907 10129  5548  5563 E TestRunner: 	at org.junit.Assert.assertTrue(Assert.java:42)
02-18 00:17:30.907 10129  5548  5563 E TestRunner: 	at android.display.cts.DisplayTest.testGetSupportedModesOnDefaultDisplay(DisplayTest.java:881)
02-18 00:17:30.907 10129  5548  5563 E TestRunner: 	at java.lang.reflect.Method.invoke(Native Method)
02-18 00:17:30.907 10129  5548  5563 E TestRunner: 	at org.junit.runners.model.FrameworkMethod$1.runReflectiveCall(FrameworkMethod.java:59)
02-18 00:17:30.907 10129  5548  5563 E TestRunner: 	at org.junit.internal.runners.model.ReflectiveCallable.run(ReflectiveCallable.java:12)
02-18 00:17:30.907 10129  5548  5563 E TestRunner: 	at org.junit.runners.model.FrameworkMethod.invokeExplosively(FrameworkMethod.java:61)
02-18 00:17:30.907 10129  5548  5563 E TestRunner: 	at org.junit.internal.runners.statements.InvokeMethod.evaluate(InvokeMethod.java:17)
02-18 00:17:30.907 10129  5548  5563 E TestRunner: 	at org.junit.internal.runners.statements.FailOnTimeout$CallableStatement.call(FailOnTimeout.java:148)
02-18 00:17:30.907 10129  5548  5563 E TestRunner: 	at org.junit.internal.runners.statements.FailOnTimeout$CallableStatement.call(FailOnTimeout.java:142)
02-18 00:17:30.907 10129  5548  5563 E TestRunner: 	at java.util.concurrent.FutureTask.run(FutureTask.java:264)
02-18 00:17:30.907 10129  5548  5563 E TestRunner: 	at java.lang.Thread.run(Thread.java:1012)
02-18 00:17:30.907 10129  5548  5563 E TestRunner: ----- end exception -----
02-18 00:17:30.908  1000  1649  2962 I wm_set_resumed_activity: [0,com.android.launcher3/.uioverrides.QuickstepLauncher,resumeTopActivity - onActivityStateChanged]
02-18 00:17:30.908 10129  5548  5563 I TestRunner: finished: testGetSupportedModesOnDefaultDisplay(android.display.cts.DisplayTest)
02-18 00:17:30.908  1000  1649  2962 I wm_set_keyguard_shown: [0,0,0,0,0,updateVisibility]
02-18 00:17:30.909  1000  1649  2962 I wm_resume_activity: [0,163021759,7,com.android.launcher3/.uioverrides.QuickstepLauncher]
02-18 00:17:30.909  1000  1649  1774 I sysui_multi_action: [757,803,799,window_time_0,802,1]
02-18 00:17:30.911 10091  3171  3171 I wm_on_restart_called: [163021759,com.android.launcher3.uioverrides.QuickstepLauncher,performRestart,0]
02-18 00:17:30.911 10129  5548  5563 I MonitoringInstr: Unstopped activity count: 1
02-18 00:17:30.912 10091  3171  3171 I wm_on_start_called: [163021759,com.android.launcher3.uioverrides.QuickstepLauncher,handleStartActivity,1]
02-18 00:17:30.912  1000  1649  1777 I OverlayDisplayAdapter: Dismissing all overlay display devices.
02-18 00:17:30.912  1000  1649  1777 W OverlayDisplayAdapter: Malformed overlay display devices setting: 
02-18 00:17:30.912 10091  3171  3171 I wm_on_resume_called: [163021759,com.android.launcher3.uioverrides.QuickstepLauncher,RESUME_ACTIVITY,0]
02-18 00:17:30.913 10091  3171  3171 I wm_on_top_resumed_gained_called: [163021759,com.android.launcher3.uioverrides.QuickstepLauncher,topWhenResuming]
02-18 00:17:30.913 10091  3171  3171 D StatsLog: LAUNCHER_ONRESUME
02-18 00:17:30.915 10096  2910  2946 D WindowManagerShell: setLauncherKeepClearAreaHeight: visible=true, height=294
02-18 00:17:30.920  1000   552   552 I BpBinder: onLastStrongRef automatically unlinking death recipients: 
02-18 00:17:30.920  1000  1649  1778 I input_focus: [Focus request ca53291 com.android.launcher3/com.android.launcher3.uioverrides.QuickstepLauncher,reason=UpdateInputWindows]
02-18 00:17:30.923 10091  3171  3171 I viewroot_draw_event: [VRI[QuickstepLauncher],Start draw after previous draw not visible]
02-18 00:17:30.923 10091  3171  3171 D BaseDepthController: setSurface:
02-18 00:17:30.923 10091  3171  3171 D BaseDepthController: 	mWaitingOnSurfaceValidity: false
02-18 00:17:30.923 10091  3171  3171 D BaseDepthController: 	mSurface: Surface(name=com.android.launcher3/com.android.launcher3.uioverrides.QuickstepLauncher)/@0xab55b08
02-18 00:17:30.923  1000  1649  1775 W WindowOnBackDispatcher: sendCancelIfRunning: isInProgress=falsecallback=android.view.ViewRootImpl$$ExternalSyntheticLambda11@a0d17cb
02-18 00:17:30.923  1000  1649  1775 D CoreBackPreview: Window{816d153 u0 Overlay #1: 181x161, 214 dpi}: Setting back callback null
02-18 00:17:30.923  1000   553  3308 W gralloc4: Unable to set buffer name VRI[QuickstepLauncher]#2(BLAST Consumer)2: File name too long
02-18 00:17:30.924  1000  1649  1777 I DisplayDeviceRepository: Display device removed: DisplayDeviceInfo{"Overlay #1": uniqueId="overlay:1", 181 x 161, modeId 3, renderFrameRate 90.0, defaultModeId 3, userPreferredModeId -1, supportedModes [{id=3, width=181, height=161, fps=90.0, vsync=90.0, alternativeRefreshRates=[], supportedHdrTypes=[]}, {id=4, width=182, height=162, fps=90.0, vsync=90.0, alternativeRefreshRates=[], supportedHdrTypes=[]}], colorMode 0, supportedColorModes [0], hdrCapabilities null, allmSupported false, gameContentTypeSupported false, density 214, 214.0 x 214.0 dpi, appVsyncOff 0, presDeadline 22611111, touch VIRTUAL, rotation 0, type OVERLAY, deviceProductInfo null, state ON, committedState UNKNOWN, frameRateOverride , brightnessMinimum 0.0, brightnessMaximum 0.0, brightnessDefault 0.0, hdrSdrRatio NaN, FLAG_PRESENTATION, FLAG_TRUSTED, installOrientation 0, displayShape DisplayShape{ spec=1451154587 displayWidth=181 displayHeight=161 physicalPixelDisplaySizeRatio=1.0 rotation=0 offsetX=0 offsetY=0 scale=1.0}}
02-18 00:17:30.925  1000  1649  1775 W InputManager-JNI: Input channel object '816d153 Overlay #1: 181x161, 214 dpi (client)' was disposed without first being removed with the input manager!
02-18 00:17:30.925  1000  1649  1775 V WindowManager: Loading animations: layout params pkg=android resId=0x0
02-18 00:17:30.925  1000  1649  5185 E BufferQueueProducer: [SurfaceTexture-0-1649-0](id:67100000001,api:1,p:552,c:1649) dequeueBuffer: BufferQueue has been abandoned
02-18 00:17:30.925  1000   552   552 E CompositionEngine: ANativeWindow::dequeueBuffer failed for display [Overlay #1] with error: -19
02-18 00:17:30.925  1000   552   552 W CompositionEngine: Dequeuing buffer for display [Overlay #1] failed, bailing out of client composition for this frame
02-18 00:17:30.925  1000   553  3308 W gralloc4: Unable to set buffer name VRI[QuickstepLauncher]#2(BLAST Consumer)2: File name too long
02-18 00:17:30.926  1000  1649  1919 I input_focus: [Focus leaving 7867c32 android.display.cts/android.display.cts.ScreenOnActivity (server),reason=NO_WINDOW]
02-18 00:17:30.927  1000   553  3308 W gralloc4: Unable to set buffer name VRI[QuickstepLauncher]#2(BLAST Consumer)2: File name too long
02-18 00:17:30.928 10091  3171  3171 I viewroot_draw_event: [VRI[QuickstepLauncher],reportDrawFinished seqId=0]
02-18 00:17:30.928 10096  2910  2970 D DisplayRepository: display with id=2 disconnected.
02-18 00:17:30.929 10096  2910  2980 D allDisplayEvents: newValue: Removed(displayId=2)
02-18 00:17:30.929 10096  2910  2982 D allDisplayEvents: newValue: Removed(displayId=2)
02-18 00:17:30.929  1000   553  3308 W gralloc4: Unable to set buffer name VRI[QuickstepLauncher]#2(BLAST Consumer)2: File name too long
02-18 00:17:30.929 10096  2910  2982 D connectedDisplayIds: newValue: [0]
02-18 00:17:30.930 10096  2910  2910 D DisplayRepository: combining enabled=[0, 2], connectedExternalDisplayIds=[], ignored=[]
02-18 00:17:30.930 10096  2910  2910 D enabledDisplayIds: newValue: [0]
02-18 00:17:30.930 10096  2910  2910 D DisplayRepository: combining enabled=[0], connectedExternalDisplayIds=[], ignored=[]
02-18 00:17:30.930  1000  1649  1649 W WindowTokenClientController: Can't find attached WindowTokenClient for android.window.WindowTokenClient@d1ca0f0
02-18 00:17:30.930 10096  2910  2946 V ShellDragAndDrop: Display removed: 2
02-18 00:17:30.931  1000  1649  1777 I InputManager-JNI: Viewport [0] to add: local:4619827677550801152, isActive: true
02-18 00:17:30.932  1000  1649  1920 I InputReader: Reconfiguring input devices, changes=DISPLAY_INFO
02-18 00:17:30.932  1000  1649  1778 I wm_wallpaper_surface: [0,1,Window{ca53291 u0 com.android.launcher3/com.android.launcher3.uioverrides.QuickstepLauncher}]
02-18 00:17:30.935 10096  2910  2946 V WindowManagerShell: onTransitionReady (#9) android.os.BinderProxy@24f2013: {id=9 t=CLOSE f=0x0 trk=0 r=[0@Point(0, 0)] c=[{WCT{android.window.IWindowContainerToken$Stub$Proxy@e4fc405} m=TO_FRONT f=SHOW_WALLPAPER leash=Surface(name=Task=1)/@0x1a1ac49 sb=Rect(0, 0 - 1080, 2400) eb=Rect(0, 0 - 1080, 2400) d=0},{WCT{android.window.IWindowContainerToken$Stub$Proxy@68e2c5a} m=CLOSE f=NONE leash=Surface(name=Task=9)/@0xdcac94e sb=Rect(0, 0 - 1080, 2400) eb=Rect(0, 0 - 1080, 2400) d=0},{null m=TO_FRONT f=IS_WALLPAPER leash=Surface(name=WallpaperWindowToken{da4a04b token=android.os.Binder@dc2bd1a})/@0x901aa6f sb=Rect(0, 0 - 1080, 2400) eb=Rect(0, 0 - 1080, 2400) d=0}]}
02-18 00:17:30.935 10096  2910  2946 V WindowManagerShell: Playing animation for (#9) android.os.BinderProxy@24f2013@0
02-18 00:17:30.935 10096  2910  2946 V WindowManagerShell:  try handler com.android.wm.shell.transition.DefaultMixedHandler@376152a
02-18 00:17:30.935 10096  2910  2946 V WindowManagerShell:  try handler com.android.wm.shell.keyguard.KeyguardTransitionHandler@c35ff1b
02-18 00:17:30.935 10096  2910  2946 V WindowManagerShell:  try handler com.android.wm.shell.pip.PipTransition@9a08b8
02-18 00:17:30.935 10096  2910  2946 V WindowManagerShell:  try handler com.android.wm.shell.activityembedding.ActivityEmbeddingController@68df691
02-18 00:17:30.935 10096  2910  2946 V WindowManagerShell:  try handler com.android.wm.shell.recents.RecentsTransitionHandler@b859f6
02-18 00:17:30.935 10096  2910  2946 V ShellRecents: RecentsTransitionHandler.startAnimation: no controller found
02-18 00:17:30.935 10096  2910  2946 V WindowManagerShell:  try handler com.android.wm.shell.splitscreen.StageCoordinator@3950b40
02-18 00:17:30.935 10096  2910  2946 V WindowManagerShell:  try handler com.android.wm.shell.transition.RemoteTransitionHandler@42b71f7
02-18 00:17:30.936 10096  2910  2946 V WindowManagerShell: Transition doesn't have explicit remote, search filters for match for {id=9 t=CLOSE f=0x0 trk=0 r=[0@Point(0, 0)] c=[{WCT{android.window.IWindowContainerToken$Stub$Proxy@e4fc405} m=TO_FRONT f=SHOW_WALLPAPER leash=Surface(name=Task=1)/@0x1a1ac49 sb=Rect(0, 0 - 1080, 2400) eb=Rect(0, 0 - 1080, 2400) d=0},{WCT{android.window.IWindowContainerToken$Stub$Proxy@68e2c5a} m=CLOSE f=NONE leash=Surface(name=Task=9)/@0xdcac94e sb=Rect(0, 0 - 1080, 2400) eb=Rect(0, 0 - 1080, 2400) d=0},{null m=TO_FRONT f=IS_WALLPAPER leash=Surface(name=WallpaperWindowToken{da4a04b token=android.os.Binder@dc2bd1a})/@0x901aa6f sb=Rect(0, 0 - 1080, 2400) eb=Rect(0, 0 - 1080, 2400) d=0}]}
02-18 00:17:30.936 10096  2910  2946 V WindowManagerShell:  Checking filter Pair{{types=[] flags=0x0] notFlags=0x100 checks=[{atype=home independent=true modes=[OPEN,TO_FRONT] flags=NONE mustBeTask=false order=TOP topActivity=ComponentInfo{com.android.launcher3/com.android.launcher3.uioverrides.QuickstepLauncher}},{atype=standard independent=true modes=[CLOSE,TO_BACK] flags=NONE mustBeTask=false order=ANY topActivity=null}]} RemoteTransition { remoteTransition = android.window.IRemoteTransition$Stub$Proxy@276a6d8, appThread = android.app.IApplicationThread$Stub$Proxy@66b0a31, debugName = QuickstepLaunchHome }}
02-18 00:17:30.936 10096  2910  2946 D RemoteTransitionHandler: Found filterPair{{types=[] flags=0x0] notFlags=0x100 checks=[{atype=home independent=true modes=[OPEN,TO_FRONT] flags=NONE mustBeTask=false order=TOP topActivity=ComponentInfo{com.android.launcher3/com.android.launcher3.uioverrides.QuickstepLauncher}},{atype=standard independent=true modes=[CLOSE,TO_BACK] flags=NONE mustBeTask=false order=ANY topActivity=null}]} RemoteTransition { remoteTransition = android.window.IRemoteTransition$Stub$Proxy@276a6d8, appThread = android.app.IApplicationThread$Stub$Proxy@66b0a31, debugName = QuickstepLaunchHome }}
02-18 00:17:30.936 10096  2910  2946 V WindowManagerShell:  Delegate animation for (#9) to RemoteTransition { remoteTransition = android.window.IRemoteTransition$Stub$Proxy@276a6d8, appThread = android.app.IApplicationThread$Stub$Proxy@66b0a31, debugName = QuickstepLaunchHome }
02-18 00:17:30.938  1000  1649  3387 I InputManager: Not applying additional properties for display 2 because the pointer is currently targeting display 0.
02-18 00:17:30.940 10091  3171  3171 D StateManager: createAtomicAnimation - fromState: Background, toState: Normal, partial trace:
02-18 00:17:30.940 10091  3171  3171 D StateManager: 	at com.android.quickstep.util.WorkspaceRevealAnim.prepareToAnimate(WorkspaceRevealAnim.java:130)
02-18 00:17:30.940 10091  3171  3171 D StateManager: 	at com.android.quickstep.util.WorkspaceRevealAnim.<init>(WorkspaceRevealAnim.java:66)
02-18 00:17:30.940 10091  3171  3171 D StateManager: 	at com.android.launcher3.QuickstepTransitionManager.createWallpaperOpenAnimations(QuickstepTransitionManager.java:1701)
02-18 00:17:30.941  1000  1649  1774 V WindowManager: Sent Transition (#9) createdAt=02-18 00:17:30.900 via request=TransitionRequestInfo { type = CLOSE, triggerTask = TaskInfo{userId=0 taskId=9 displayId=0 isRunning=false baseIntent=Intent { act=android.intent.action.MAIN flg=0x14000000 cmp=android.display.cts/.ScreenOnActivity } baseActivity=null topActivity=null origActivity=null realActivity=ComponentInfo{android.display.cts/android.display.cts.ScreenOnActivity} numActivities=0 lastActiveTime=72686 supportsMultiWindow=true resizeMode=1 isResizeable=true minWidth=-1 minHeight=-1 defaultMinSize=220 token=WCT{RemoteToken{ffa56e8 Task{58f41a3 #9 type=standard A=10129:android.display.cts}}} topActivityType=1 pictureInPictureParams=null shouldDockBigOverlays=false launchIntoPipHostTaskId=-1 lastParentTaskIdBeforePip=-1 displayCutoutSafeInsets=Rect(0, 136 - 0, 0) topActivityInfo=null launchCookies=[] positionInParent=Point(0, 0) parentTaskId=-1 isFocused=true isVisible=true isVisibleRequested=true isSleeping=false locusId=null displayAreaFeatureId=1 isTopActivityTransparent=false appCompatTaskInfo=AppCompatTaskInfo { topActivityInSizeCompat=false topActivityEligibleForLetterboxEducation= false isLetterboxDoubleTapEnabled= false topActivityEligibleForUserAspectRatioButton= false topActivityBoundsLetterboxed= false isFromLetterboxDoubleTap= false topActivityLetterboxVerticalPosition= -1 topActivityLetterboxHorizontalPosition= -1 topActivityLetterboxWidth=-1 topActivityLetterboxHeight=-1 isUserFullscreenOverrideEnabled=false isSystemFullscreenOverrideEnabled=false cameraCompatControlState=hidden}}, pipTask = null, remoteTransition = null, displayChange = null, flags = 0, debugId = 9 }
02-18 00:17:30.941  1000  1649  1774 V WindowManager:     startWCT=WindowContainerTransaction { changes = {} hops = [] errorCallbackToken=null taskFragmentOrganizer=null }
02-18 00:17:30.941  1000  1649  1774 V WindowManager:     info={id=9 t=CLOSE f=0x0 trk=0 r=[0@Point(0, 0)] c=[
02-18 00:17:30.941  1000  1649  1774 V WindowManager:         {WCT{RemoteToken{31b427f Task{1b63011 #1 type=undefined}}} m=TO_FRONT f=SHOW_WALLPAPER leash=Surface(name=Task=1)/@0x3bdf18a sb=Rect(0, 0 - 1080, 2400) eb=Rect(0, 0 - 1080, 2400) d=0},
02-18 00:17:30.941  1000  1649  1774 V WindowManager:         {WCT{RemoteToken{ffa56e8 Task{58f41a3 #9 type=standard A=10129:android.display.cts}}} m=CLOSE f=NONE leash=Surface(name=Task=9)/@0x5da4bda sb=Rect(0, 0 - 1080, 2400) eb=Rect(0, 0 - 1080, 2400) d=0},
02-18 00:17:30.941  1000  1649  1774 V WindowManager:         {null m=TO_FRONT f=IS_WALLPAPER leash=Surface(name=WallpaperWindowToken{da4a04b token=android.os.Binder@dc2bd1a})/@0xe0491e3 sb=Rect(0, 0 - 1080, 2400) eb=Rect(0, 0 - 1080, 2400) d=0}
02-18 00:17:30.941  1000  1649  1774 V WindowManager:     ]}
02-18 00:17:30.943 10096  2910  2946 V WindowManagerShell:  animated by com.android.wm.shell.transition.RemoteTransitionHandler@42b71f7
02-18 00:17:30.945  1000  1649  1759 W UserManagerService: Requested status bar icon for non-badged user 0
02-18 00:17:30.948 10091  3171  3188 I jank_cuj_events_begin_request: [78,1771345050948024000,73139035557,73139035679,]
02-18 00:17:30.949  1000  1649  1919 I input_focus: [Focus entering ca53291 com.android.launcher3/com.android.launcher3.uioverrides.QuickstepLauncher (server),reason=Window became focusable. Previous reason: NOT_VISIBLE]
02-18 00:17:30.950  1000  1649  1759 I ImeTracker: com.android.launcher3:35d4e9b4: onRequestHide at ORIGIN_SERVER reason HIDE_UNSPECIFIED_WINDOW fromUser false
02-18 00:17:30.950  1000  1649  1759 I ImeTracker: com.android.launcher3:35d4e9b4: onCancelled at PHASE_SERVER_SHOULD_HIDE
02-18 00:17:30.962 10129  5548  5563 I MonitoringInstr: Unstopped activity count: 1
02-18 00:17:30.965  1000   554   608 E hwc-display: [PrimaryDisplay] resetColorMappingInfoForClientComp:: resetColorMappingInfo() idx=2 error(-22)
02-18 00:17:30.968  1000   554   608 E hwc-display: [PrimaryDisplay] resetColorMappingInfoForClientComp:: resetColorMappingInfo() idx=3 error(-22)
02-18 00:17:31.012 10129  5548  5563 I MonitoringInstr: Unstopped activity count: 1
02-18 00:17:31.057  1000  1649  1905 I commit_sys_config_file: [settings-0-0,10]
02-18 00:17:31.062 10129  5548  5563 I MonitoringInstr: Unstopped activity count: 1
02-18 00:17:31.113 10129  5548  5563 I MonitoringInstr: Unstopped activity count: 1
02-18 00:17:31.163 10129  5548  5563 I MonitoringInstr: Unstopped activity count: 1
02-18 00:17:31.214 10129  5548  5563 I MonitoringInstr: Unstopped activity count: 1
02-18 00:17:31.264 10129  5548  5563 I MonitoringInstr: Unstopped activity count: 1
02-18 00:17:31.293 10091  3171  3188 I jank_cuj_events_end_request: [78,1771345051293302000,73484316807,73484317784]
02-18 00:17:31.294 10096  2910  2946 V WindowManagerShell: Transition animation finished (aborted=false), notifying core (#9) android.os.BinderProxy@24f2013@0
02-18 00:17:31.297  1000  1649  1774 V WindowManager: Finish Transition (#9): created at 02-18 00:17:30.900 collect-started=0.115ms request-sent=0.244ms started=5.011ms ready=8.576ms sent=33.194ms finished=396.472ms
02-18 00:17:31.298  1000  1649  3387 V WindowManager: Loading animations: layout params pkg=android.display.cts resId=0x1030308
02-18 00:17:31.298  1000  1649  3387 V WindowManager: Loading animations: picked package=android
02-18 00:17:31.300 10129  5548  5548 D VRI[ScreenOnActivity]: visibilityChanged oldVisibility=true newVisibility=false
02-18 00:17:31.301  1000  1649  3387 I wm_set_keyguard_occluded: [0,0,0,setOccluded]
02-18 00:17:31.301 10096  2910  3034 D KeyguardService: setOccluded(false)
02-18 00:17:31.301 10096  2910  3034 D KeyguardViewMediator: setOccluded(false)
02-18 00:17:31.301 10096  2910  2946 V WindowManagerShell: Track 0 became idle
02-18 00:17:31.301 10096  2910  2946 V WindowManagerShell: All active transition animations finished
02-18 00:17:31.301 10096  2910  2910 D KeyguardViewMediator: handleSetOccluded(false)
02-18 00:17:31.302 10096  2910  2910 I sysui_keyguard: [0,0]
02-18 00:17:31.302 10096  2910  2948 I jank_cuj_events_cancel_request: [23,1771345051302055000,73493070510,73493070998]
02-18 00:17:31.302  1000  1649  1759 W UserManagerService: Requested status bar icon for non-badged user 0
02-18 00:17:31.302  1000  1649  1777 I wm_destroy_activity: [0,71953415,9,android.display.cts/.ScreenOnActivity,finish-imm:idle]
02-18 00:17:31.303  1000  1649  1759 W UserManagerService: Requested status bar icon for non-badged user 0
02-18 00:17:31.304 10096  2910  2910 I sysui_multi_action: [757,196,758,2,759,0]
02-18 00:17:31.304 10096  2910  2910 I sysui_status_bar_state: [0,0,0,0,0,1]
02-18 00:17:31.304  1000  1649  1759 W UserManagerService: Requested status bar icon for non-badged user 0
02-18 00:17:31.305 10096  2910  2910 D KeyguardViewMediator: KeyguardViewMediator queue processing message: SET_OCCLUDED
02-18 00:17:31.312 10129  5548  5548 I viewroot_draw_event: [VRI[ScreenOnActivity],Not drawing due to not visible]
02-18 00:17:31.313 10129  5548  5548 D LifecycleMonitor: Lifecycle status change: android.display.cts.ScreenOnActivity@b7fc7d0 in: STOPPED
02-18 00:17:31.313 10129  5548  5548 I wm_on_stop_called: [71953415,android.display.cts.ScreenOnActivity,LIFECYCLER_STOP_ACTIVITY,0]
02-18 00:17:31.313 10129  5548  5548 I wm_on_destroy_called: [71953415,android.display.cts.ScreenOnActivity,performDestroy,0]
02-18 00:17:31.314 10129  5548  5548 D LifecycleMonitor: Lifecycle status change: android.display.cts.ScreenOnActivity@b7fc7d0 in: DESTROYED
02-18 00:17:31.314 10129  5548  5548 W WindowOnBackDispatcher: sendCancelIfRunning: isInProgress=falsecallback=android.view.ViewRootImpl$$ExternalSyntheticLambda11@9fbae71
02-18 00:17:31.314  1000  1649  2975 D CoreBackPreview: Window{7867c32 u0 android.display.cts/android.display.cts.ScreenOnActivity}: Setting back callback null
02-18 00:17:31.315 10129  5548  5563 I TestRunner: run finished: 1 tests, 1 failed, 0 ignored
02-18 00:17:31.318  1000  1649  2975 W InputManager-JNI: Input channel object '7867c32 android.display.cts/android.display.cts.ScreenOnActivity (client)' was disposed without first being removed with the input manager!
02-18 00:17:31.321  1000  1649  3387 I wm_task_removed: [9,9,0,removeChild, last child = ActivityRecord{449ec07 u0 android.display.cts/.ScreenOnActivity t-1 f}} in Task{58f41a3 #9 type=standard A=10129:android.display.cts}]
02-18 00:17:31.326  1000  1649  2975 W MagnificationConnectionManager: requestConnection duplicated request: connect=false, mConnectionState=DISCONNECTED
02-18 00:17:31.326  1000  1649  2975 D AccessibilityManagerService: restoreCurrentUserForTestAutomationIfNeededLocked(): ignoring because device doesn't support visible background users
02-18 00:17:31.327  1000  1649  1649 D BatterySaverPolicy: accessibility changed to false, updating policy.
02-18 00:17:31.328  1000  1649  3387 I ActivityManager: Force stopping android.display.cts appid=10129 user=0: finished inst
02-18 00:17:31.359  1000  3387  3387 I binder  : 1649:3387 ioctl 400c620e 6e3635238c returned -11
02-18 00:17:31.359  1000  3387  3387 I binder  : 1649:3387 ioctl 400c620e 6e3635238c returned -11
02-18 00:17:31.328  1000  1649  3387 E ActivityManager: Unable to freeze binder for 5548: -11
02-18 00:17:31.330 shell  5533  5533 I app_process: System.exit called, status: 0
02-18 00:17:31.330 shell  5533  5533 I AndroidRuntime: VM exiting with result code 0.
02-18 00:17:31.330  1000  1649  3387 I am_uid_stopped: 10129
02-18 00:17:31.330  1000  1649  3387 I ActivityManager: Killing 5548:android.display.cts/u0a129 (adj 0): stop android.display.cts due to finished inst
02-18 00:17:31.331  1000  1649  3387 I am_kill : [0,5548,android.display.cts,0,stop android.display.cts due to finished inst,179408]
02-18 00:17:31.331  1000  1649  1775 D DisplayManagerService: Drop pending events for gone uid 10129
02-18 00:17:31.400  root   147   147 I binder  : undelivered TRANSACTION_COMPLETE
02-18 00:17:31.369  1000  1649  3387 V ActivityManager: Got obituary of 5548:android.display.cts
02-18 00:17:31.400  root   147   147 I binder  : undelivered transaction 171958, process died.
02-18 00:17:31.400  root   147   147 I binder  : undelivered transaction 171966, process died.
02-18 00:17:31.371  1000  1649  1777 W ActivityManager: setHasOverlayUi called on unknown pid: 5548
02-18 00:17:31.371  1000  1649  1790 I libprocessgroup: Removed cgroup /sys/fs/cgroup/uid_10129/pid_5548
02-18 00:17:31.372  root   867   867 I Zygote  : Process 5548 exited due to signal 9 (Killed)
02-18 00:17:31.475  1000  1649  1786 I ActivityManager: Force stopping android.display.cts appid=10129 user=-1: deletePackageX
02-18 00:17:31.475  1000  1649  1836 I AppsFilter: interaction: PackageSetting{878083f com.android.microdroid.empty_payload/10114} -> PackageSetting{585aed6 android.display.cts/10129} BLOCKED
02-18 00:17:31.482  1017   539  4075 I keystore2: system/security/keystore2/src/maintenance.rs:347 - clearNamespace(r#APP, nspace=10129)
02-18 00:17:31.539  1000  1649  1905 I commit_sys_config_file: [settings-2-0,13]
02-18 00:17:31.547  1000  1649  1836 I commit_sys_config_file: [package,17]
02-18 00:17:31.548  1000  1649  1649 I dvm_lock_sample: [system_server,0,main,63,PackageManagerService.java,1222,com.android.server.pm.Computer com.android.server.pm.PackageManagerService.snapshotComputer(boolean),-,7012,void com.android.server.pm.PackageManagerService$PackageManagerInternalImpl.writePermissionSettings(int[], boolean),12]
02-18 00:17:31.549  1000  1649  1836 D PackageManager: Instant App installer not found with android.intent.action.INSTALL_INSTANT_APP_PACKAGE
02-18 00:17:31.549  1000  1649  1836 D PackageManager: Clear ephemeral installer activity
02-18 00:17:31.565  1000  1649  1836 I ActivityManager: Force stopping android.display.cts appid=10129 user=0: pkg removed
02-18 00:17:31.571 10096  2910  2910 I force_gc: bg
02-18 00:17:31.578  1000  1649  1939 V StorageManagerService: Package android.display.cts does not have legacy storage
02-18 00:17:31.579  1000  1649  4081 E TaskPersister: File error accessing recents directory (directory doesn't exist?).
02-18 00:17:31.582 radio  3133  3133 D CarrierSvcBindHelper: onPackageRemoved: android.display.cts
02-18 00:17:31.582 radio  3133  3321 D EuiccConnector: handleMessage: E msg.what=1
02-18 00:17:31.582 radio  3133  3321 D EuiccConnector: processMsg: UnavailableState
02-18 00:17:31.582 radio  3133  3321 W EuiccConnector: No valid EuiccService implementation found
02-18 00:17:31.582 radio  3133  3321 D EuiccConnector: handleMessage: X
02-18 00:17:31.582 radio  3133  3133 D CarrierSvcBindHelper: No carrier app for: 0
02-18 00:17:31.583 radio  3133  3133 D CarrierSvcBindHelper: No carrier app for: 1
02-18 00:17:31.583   nfc  3586  3586 I RegisteredComponentCache: New Components => 
02-18 00:17:31.583   nfc  3586  3586 I RegisteredComponentCache: ComponentInfo: ResolveInfo{8c77c23 com.android.apps.tag/.TagViewer m=0x108000 userHandle=UserHandle{0}}, techs: android.nfc.tech.Ndef, 
02-18 00:17:31.583   nfc  3586  3586 I RegisteredComponentCache: Removed Components => 
02-18 00:17:31.584   nfc  3586  3586 I RegisteredComponentCache: ComponentInfo: ResolveInfo{5b0a0a7 com.android.apps.tag/.TagViewer m=0x108000 userHandle=UserHandle{0}}, techs: android.nfc.tech.Ndef, 
02-18 00:17:31.587 10115  3580  3580 W MediaProvider: WorkProfileOwnerApps cache is empty
02-18 00:17:31.587 10115  3580  3580 D PickerSyncLockManager: Trying to acquire lock com.android.providers.media.photopicker.sync.CloseableReentrantLock@7a6deed[Unlocked]. Lock Name = CLOUD_PROVIDER_LOCK. Threads that may be waiting to acquire this lock = []
02-18 00:17:31.587 10115  3580  3580 D CloseableReentrantLock: Successfully acquired lock com.android.providers.media.photopicker.sync.CloseableReentrantLock@7a6deed[Locked by thread main]. Lock Name = CLOUD_PROVIDER_LOCK. Threads that may be waiting to acquire this lock = []
02-18 00:17:31.587 10115  3580  3580 D CloseableReentrantLock: Successfully released lock com.android.providers.media.photopicker.sync.CloseableReentrantLock@7a6deed[Unlocked]. Lock Name = CLOUD_PROVIDER_LOCK. Threads that may be waiting to acquire this lock = []
02-18 00:17:31.588  1000  1649  3387 W JobInfo : Job 'com.android.providers.media.module/com.android.providers.media.MediaService#-300' has a deadline with no functional constraints. The deadline won't improve job execution latency. Consider removing the deadline.
02-18 00:17:31.592 10096  2910  2910 D ControlsListingControllerImpl: ServiceConfig reloaded, count: 0
02-18 00:17:31.596   nfc  3586  3586 I RegisteredServicesCache: current user: 0, is managed profile : false
02-18 00:17:31.596   nfc  3586  3586 I RegisteredServicesCache: New Other Services => 
02-18 00:17:31.596   nfc  3586  3586 I RegisteredServicesCache: Removed Other Services => 
02-18 00:17:31.607  1000  1649  1785 W MagnificationConnectionManager: requestConnection duplicated request: connect=false, mConnectionState=DISCONNECTED
02-18 00:17:31.607  1000  1649  1785 I CredManSysService: updateProvidersWhenPackageRemoved
02-18 00:17:31.607  1000  1649  1785 W CredManSysService: settings key is null
02-18 00:17:31.607  1000  1649  1774 I sysui_multi_action: [757,803,799,window_time_0,802,0]
02-18 00:17:31.608   nfc  3586  3586 I RegisteredServicesCache: New Services => 
02-18 00:17:31.609   nfc  3586  3586 I RegisteredServicesCache: Removed Services => 
02-18 00:17:31.609  1000  1649  1786 I ActivityManager: Force stopping android.app.stubs appid=10130 user=-1: deletePackageX
02-18 00:17:31.609  1000  1649  1836 I AppsFilter: interaction: PackageSetting{878083f com.android.microdroid.empty_payload/10114} -> PackageSetting{b6a3e7e android.app.stubs/10130} BLOCKED
02-18 00:17:31.610  1000  1649  2832 W WifiService: Couldn't get PackageInfo for package:android.display.cts
02-18 00:17:31.610  1000  1649  2832 D WifiService: Remove settings for package:android.display.cts
02-18 00:17:31.610  1000  1649  2832 D WifiConfigManager: Remove all networks for app ApplicationInfo{ba5b72b android.display.cts}
02-18 00:17:31.610  1000  1649  2832 V WifiScanRequestProxy: Clearing scan request timestamps for uid=10129, packageName=android.display.cts
02-18 00:17:31.611  1000  1649  1920 I InputReader: Reconfiguring input devices, changes=KEYBOARD_LAYOUTS
02-18 00:17:31.612  1017   539   565 I keystore2: system/security/keystore2/src/maintenance.rs:347 - clearNamespace(r#APP, nspace=10130)
02-18 00:17:31.613  1000  1649  1836 I PermissionManager: Removing permission android.app.stubs.DYNAMIC_RECEIVER_NOT_EXPORTED_PERMISSION that used to be declared by android.app.stubs
02-18 00:17:31.614  1000  1649  1836 I PermissionManager: Removing permission android.app.stubs.permission.TEST_GRANTED that used to be declared by android.app.stubs
02-18 00:17:31.614  1000  1649  2832 D WifiConfigStore: Writing to stores completed in 3 ms.
02-18 00:17:31.614  1000  1649  2832 I PasspointManager: No app ops listener found for android.display.cts
02-18 00:17:31.615  1000  1649  1836 I PermissionManager: Permission ownership changed. Updating all permissions.
02-18 00:17:31.648 10096  2910  2929 W ndroid.systemui: ApkAssets: Deleting an ApkAssets object '<empty> and /data/app/~~xRiyRaXuxD8KLoj90zHUCw==/android.display.cts-hpuRKizjuM4086ghjDpsKg==/base.apk' with 1 weak references
02-18 00:17:31.662  1000  1649  1751 I system_server: Background concurrent mark compact GC freed 8869KB AllocSpace bytes, 32(784KB) LOS objects, 75% free, 17MB/71MB, paused 983us,2.567ms total 109.910ms
02-18 00:17:31.666  1000  1649  1753 W system_server: ApkAssets: Deleting an ApkAssets object '<empty> and /system/priv-app/InputDevices/InputDevices.apk' with 1 weak references
02-18 00:17:31.667  1000  1649  1753 W system_server: ApkAssets: Deleting an ApkAssets object '<empty> and /data/app/~~xRiyRaXuxD8KLoj90zHUCw==/android.display.cts-hpuRKizjuM4086ghjDpsKg==/base.apk' with 1 weak references
02-18 00:17:31.668  1000  1649  1753 I BpBinder: onLastStrongRef automatically unlinking death recipients: 
02-18 00:17:31.668  1000  1649  1753 W system_server: ApkAssets: Deleting an ApkAssets object '<empty> and /system_ext/app/AccessibilityMenu/AccessibilityMenu.apk' with 1 weak references
02-18 00:17:31.671  1000  1649  1836 I commit_sys_config_file: [package,10]
02-18 00:17:31.702  logd  5171  5171 I logd    : start watching /data/system/packages.list ...
02-18 00:17:31.673  1000  1649  1899 I RollbackManager: broadcast=ACTION_PACKAGE_FULLY_REMOVED pkg=android.display.cts
02-18 00:17:31.706  logd  5171  5171 I logd    : ReadPackageList, total packages: 132
02-18 00:17:31.677  1000  1649  2832 W WifiService: Couldn't get PackageInfo for package:android.display.cts
02-18 00:17:31.677  1000  1649  2832 D WifiService: Remove settings for package:android.display.cts
02-18 00:17:31.677  1000  1649  2832 D WifiConfigManager: Remove all networks for app ApplicationInfo{fd8d6a6 android.display.cts}
02-18 00:17:31.677  1000  1649  2832 V WifiScanRequestProxy: Clearing scan request timestamps for uid=10129, packageName=android.display.cts
02-18 00:17:31.678  1000  1649  2967 I dvm_lock_sample: [system_server,1,binder:1649_9,65,PackageManagerService.java,1209,com.android.server.pm.Computer com.android.server.pm.PackageManagerService.snapshotComputer(boolean),-,1235,com.android.server.pm.Computer com.android.server.pm.PackageManagerService.snapshotComputer(boolean),13]
02-18 00:17:31.679  1000  1649  2870 I commit_sys_config_file: [session_index,1]
02-18 00:17:31.679  1000  1649  1836 D PackageManager: Instant App installer not found with android.intent.action.INSTALL_INSTANT_APP_PACKAGE
02-18 00:17:31.679  1000  1649  1836 D PackageManager: Clear ephemeral installer activity
02-18 00:17:31.679  1000  1649  1776 I DropBoxManagerService: add tag=system_server_strictmode isTagEnabled=true flags=0x2
02-18 00:17:31.680 10091  3171  3171 D LauncherAppsCallbackImpl: package removed received android.display.cts
02-18 00:17:31.680  1000  1649  2870 I commit_sys_config_file: [blobs_index,1]
02-18 00:17:31.680 10091  3171  3197 D PackageUpdatedTask: Removing app icon: android.display.cts
02-18 00:17:31.681 10091  3171  3197 D PackageUpdatedTask: mAllAppsList.removePackage android.display.cts
02-18 00:17:31.681 10091  3171  3197 D ModelWriter: removing items from db . Reason: [removed because the corresponding package or component is removed. mOp=3 removedPackages=[android.display.cts] removedComponents=[]]
02-18 00:17:31.682  1000  1649  2832 D WifiConfigStore: Writing to stores completed in 5 ms.
02-18 00:17:31.682  1000  1649  2832 I PasspointManager: No app ops listener found for android.display.cts
02-18 00:17:31.685  1068  3081  3097 D SecureElementService: getReaders() for com.android.nfc
02-18 00:17:31.687  1068  3081  3097 I SecureElement-AccessControlEnforcer: getAccessRule() appCert = 27196e386b875e76adf700e7ea84e4c6eee33dfa
02-18 00:17:31.687  1068  3081  3097 I SecureElement-AccessControlEnforcer: getAccessRule() appCert = c8a2e9bccf597c2fb6dc66bee293fc13f2fc47ec77bc6b2b0d52c11f51192ab8
02-18 00:17:31.687  1068  3081  3097 I SecureElement-AccessRuleCache: findAccessRule() not found
02-18 00:17:31.688  1068  3081  3097 I SecureElement-AccessControlEnforcer: getAccessRule() appCert = 27196e386b875e76adf700e7ea84e4c6eee33dfa
02-18 00:17:31.688  1068  3081  3097 I SecureElement-AccessControlEnforcer: getAccessRule() appCert = c8a2e9bccf597c2fb6dc66bee293fc13f2fc47ec77bc6b2b0d52c11f51192ab8
02-18 00:17:31.688  1068  3081  3097 I SecureElement-AccessRuleCache: findAccessRule() not found
02-18 00:17:31.689  1000  1649  4081 E TaskPersister: File error accessing recents directory (directory doesn't exist?).
02-18 00:17:31.690 10115  3580  4077 I MediaProvider: Begin Intent { act=android.intent.action.PACKAGE_FULLY_REMOVED dat=package: flg=0x5000010 cmp=com.android.providers.media.module/com.android.providers.media.MediaService (has extras) }
02-18 00:17:31.690 10115  3580  4077 D MediaProvider: Deleted 0 Android/media items belonging to android.display.cts on /data/user/0/com.android.providers.media.module/databases/external.db
02-18 00:17:31.690 10115  3580  4077 I FuseDaemon: Successfully deleted rows in leveldb for owner_id:  and ownerPackageIdentifier: android.display.cts::0
02-18 00:17:31.691 10115  3580  4077 D MediaGrants: Removed 0 media_grants for 0 user for [android.display.cts]. Reason: Package orphaned
02-18 00:17:31.692 10115  3580  4077 I MediaProvider: End Intent { act=android.intent.action.PACKAGE_FULLY_REMOVED dat=package: flg=0x5000010 cmp=com.android.providers.media.module/com.android.providers.media.MediaService (has extras) }
02-18 00:17:31.692  1068  3081  3097 I SecureElement-Terminal-SIM2: isNfcEventAllowed: No access rules for checking.
02-18 00:17:31.695  1000  1649  1649 I Telecom : CarModeTracker: Package android.display.cts is not tracked.: SSH.oR@AH0
02-18 00:17:31.695  1000  1649  1649 I Telecom : InCallController: updateCarModeForConnections: car mode apps: : SSH.oR@AH0
02-18 00:17:31.695  1000  1649  1649 I Telecom : InCallController: update carmode current:UserHandle{0} parent:null: SSH.oR@AH0
02-18 00:17:31.697  1000  1649  1649 I notification_cancel_all: [1000,1649,android.display.cts,0,0,0,5,NULL]
02-18 00:17:31.698  1000  1649  1649 I ConditionProviders: Disallowing condition provider android.display.cts (userSet: true)
02-18 00:17:31.701  1000  1649  1833 I commit_sys_config_file: [package-user-0,30]
02-18 00:17:31.703  1000  1649  1908 I RoleService: Granting default roles...
02-18 00:17:31.710  1000  1649  1836 I ActivityManager: Force stopping android.app.stubs appid=10130 user=0: pkg removed
02-18 00:17:31.712 10091  3171  3171 I force_gc: bg
02-18 00:17:31.716  1000  1649  1939 V StorageManagerService: Package android.app.stubs does not have legacy storage
02-18 00:17:31.720 radio  3133  3133 D CarrierSvcBindHelper: onPackageRemoved: android.app.stubs
02-18 00:17:31.720 radio  3133  3321 D EuiccConnector: handleMessage: E msg.what=1
02-18 00:17:31.720 radio  3133  3321 D EuiccConnector: processMsg: UnavailableState
02-18 00:17:31.721 radio  3133  3321 W EuiccConnector: No valid EuiccService implementation found
02-18 00:17:31.721 radio  3133  3133 D CarrierSvcBindHelper: No carrier app for: 0
02-18 00:17:31.721 radio  3133  3321 D EuiccConnector: handleMessage: X
02-18 00:17:31.721 radio  3133  3133 D CarrierSvcBindHelper: No carrier app for: 1
02-18 00:17:31.724 10115  3580  3580 W MediaProvider: WorkProfileOwnerApps cache is empty
02-18 00:17:31.724 10115  3580  3580 D PickerSyncLockManager: Trying to acquire lock com.android.providers.media.photopicker.sync.CloseableReentrantLock@7a6deed[Unlocked]. Lock Name = CLOUD_PROVIDER_LOCK. Threads that may be waiting to acquire this lock = []
02-18 00:17:31.724 10115  3580  3580 D CloseableReentrantLock: Successfully acquired lock com.android.providers.media.photopicker.sync.CloseableReentrantLock@7a6deed[Locked by thread main]. Lock Name = CLOUD_PROVIDER_LOCK. Threads that may be waiting to acquire this lock = []
02-18 00:17:31.724   nfc  3586  3586 I RegisteredComponentCache: New Components => 
02-18 00:17:31.724 10115  3580  3580 D CloseableReentrantLock: Successfully released lock com.android.providers.media.photopicker.sync.CloseableReentrantLock@7a6deed[Unlocked]. Lock Name = CLOUD_PROVIDER_LOCK. Threads that may be waiting to acquire this lock = []
02-18 00:17:31.724   nfc  3586  3586 I RegisteredComponentCache: ComponentInfo: ResolveInfo{ed74a62 com.android.apps.tag/.TagViewer m=0x108000 userHandle=UserHandle{0}}, techs: android.nfc.tech.Ndef, 
02-18 00:17:31.724   nfc  3586  3586 I RegisteredComponentCache: Removed Components => 
02-18 00:17:31.724   nfc  3586  3586 I RegisteredComponentCache: ComponentInfo: ResolveInfo{8c77c23 com.android.apps.tag/.TagViewer m=0x108000 userHandle=UserHandle{0}}, techs: android.nfc.tech.Ndef, 
02-18 00:17:31.725 10096  2910  2910 D ControlsListingControllerImpl: ServiceConfig reloaded, count: 0
02-18 00:17:31.726  1000  1649  2830 I commit_sys_config_file: [net-policy,7]
02-18 00:17:31.726  1000  1649  2828 W BestClock: java.time.DateTimeException: Missing network time fix
02-18 00:17:31.728  root   866   915 I netd    : tetherGetStats() -> {[]} <0.68ms>
02-18 00:17:31.730  1000  1649  2832 W WifiService: Couldn't get PackageInfo for package:android.app.stubs
02-18 00:17:31.730  1000  1649  2832 D WifiService: Remove settings for package:android.app.stubs
02-18 00:17:31.730  1000  1649  2832 D WifiConfigManager: Remove all networks for app ApplicationInfo{926468e android.app.stubs}
