02-18 00:34:19.196 10141  8327  8343 E TestRunner: 	at org.junit.runners.model.FrameworkMethod$1.runReflectiveCall(FrameworkMethod.java:59)
02-18 00:34:19.196 10141  8327  8343 E TestRunner: 	at org.junit.internal.runners.model.ReflectiveCallable.run(ReflectiveCallable.java:12)
02-18 00:34:19.196 10141  8327  8343 E TestRunner: 	at org.junit.runners.model.FrameworkMethod.invokeExplosively(FrameworkMethod.java:61)
02-18 00:34:19.196 10141  8327  8343 E TestRunner: 	at org.junit.internal.runners.statements.InvokeMethod.evaluate(InvokeMethod.java:17)
02-18 00:34:19.196 10141  8327  8343 E TestRunner: 	at org.junit.internal.runners.statements.FailOnTimeout$CallableStatement.call(FailOnTimeout.java:148)
02-18 00:34:19.196 10141  8327  8343 E TestRunner: 	at org.junit.internal.runners.statements.FailOnTimeout$CallableStatement.call(FailOnTimeout.java:142)
02-18 00:34:19.196 10141  8327  8343 E TestRunner: 	at java.util.concurrent.FutureTask.run(FutureTask.java:264)
02-18 00:34:19.196 10141  8327  8343 E TestRunner: 	at java.lang.Thread.run(Thread.java:1012)
02-18 00:34:19.196 10141  8327  8343 E TestRunner: ----- end exception -----
02-18 00:34:19.197 10141  8327  8343 I TestRunner: finished: testUntrustedSysDecorVirtualDisplay(android.display.cts.VirtualDisplayTest)
02-18 00:34:19.198 10141  8327  8343 I TestRunner: started: testVirtualDisplayWithRequestedRefreshRate(android.display.cts.VirtualDisplayTest)
02-18 00:34:19.199  1041   888  3463 D audio_hw: adev_set_parameters: enter: screen_state=on
02-18 00:34:19.201  1000  1487  1721 D SkinThermalStatusObserver: Updating votes, display already removed, display=8
02-18 00:34:19.202  1000  1487  2949 D DisplayManagerService: Virtual Display: creating DisplayDevice with VirtualDisplayAdapter
02-18 00:34:19.202 10096  2875  2923 D DisplayRepository: display with id=8 connected.
02-18 00:34:19.203 10096  2875  2925 D connectedDisplayIds: newValue: [0, 8]
02-18 00:34:19.204  1000  1487  2949 I DisplayDeviceRepository: Display device added: DisplayDeviceInfo{"VirtualDisplayTest": uniqueId="virtual:android.display.cts,10141,VirtualDisplayTest,7", 720 x 480, modeId 10, renderFrameRate 30.0, defaultModeId 10, userPreferredModeId -1, supportedModes [{id=10, width=720, height=480, fps=30.0, vsync=30.0, alternativeRefreshRates=[], supportedHdrTypes=[]}], colorMode 0, supportedColorModes [0], hdrCapabilities null, allmSupported false, gameContentTypeSupported false, density 160, 160.0 x 160.0 dpi, appVsyncOff 0, presDeadline 33333333, touch NONE, rotation 0, type VIRTUAL, deviceProductInfo null, state ON, committedState UNKNOWN, owner android.display.cts (uid 10141), frameRateOverride , brightnessMinimum 0.0, brightnessMaximum 0.0, brightnessDefault 0.0, hdrSdrRatio NaN, FLAG_OWN_CONTENT_ONLY, installOrientation 0, displayShape DisplayShape{ spec=2031491835 displayWidth=720 displayHeight=480 physicalPixelDisplaySizeRatio=1.0 rotation=0 offsetX=0 offsetY=0 scale=1.0}}
02-18 00:34:19.205  1000  1487  7240 I InputManager: Not applying additional properties for display 7 because the pointer is currently targeting display 0.
02-18 00:34:19.205  1000  1487  2949 I LogicalDisplayMapper: Applying layout: [{dispId: 0(ON), displayGroupName: , addr: {port=0, model=0x401ceccbbbeef1}, mThermalBrightnessThrottlingMapId: null, mRefreshRateZoneId: null, mLeadDisplayId: -1, mLeadDisplayAddress: null, mThermalRefreshRateThrottlingMapId: null, mPowerThrottlingMapId: null}], Previous layout: [{dispId: 0(ON), displayGroupName: , addr: {port=0, model=0x401ceccbbbeef1}, mThermalBrightnessThrottlingMapId: null, mRefreshRateZoneId: null, mLeadDisplayId: -1, mLeadDisplayAddress: null, mThermalRefreshRateThrottlingMapId: null, mPowerThrottlingMapId: null}]
02-18 00:34:19.205  1000  1487  2949 I LogicalDisplayMapper: Setting new display group 0 for display 9, from previous group: null
02-18 00:34:19.206  1000  1487  2949 W BrightnessThrottler: DeviceConfig ThermalBrightnessThrottlingData is null
02-18 00:34:19.206  1000  1487  2949 W DisplayPowerController2[9]: Screen brightness nits configuration is unavailable; falling back
02-18 00:34:19.207  1000  1487  1712 D BrightnessThermalClamper: New thermal throttling status = 0
02-18 00:34:19.207  1000  1487  1754 D BrightnessPowerClamper: Power throttling data is missing for configuration data.
02-18 00:34:19.207  1000  1487  1715 E DisplayModeDirector: Asked about unknown display, returning empty display mode specs!(id=9)
02-18 00:34:19.207  1000  1487  2951 V VirtualDisplayAdapter: Release VirtualDisplay VirtualDisplayTest
02-18 00:34:19.208  1000  1487  2951 D DisplayManagerService: Virtual Display: Display Device released
02-18 00:34:19.208  1000  1487  2951 I DisplayDeviceRepository: Display device removed: DisplayDeviceInfo{"VirtualDisplayTest": uniqueId="virtual:android.display.cts,10141,VirtualDisplayTest,7", 720 x 480, modeId 10, renderFrameRate 30.0, defaultModeId 10, userPreferredModeId -1, supportedModes [{id=10, width=720, height=480, fps=30.0, vsync=30.0, alternativeRefreshRates=[], supportedHdrTypes=[]}], colorMode 0, supportedColorModes [0], hdrCapabilities null, allmSupported false, gameContentTypeSupported false, density 160, 160.0 x 160.0 dpi, appVsyncOff 0, presDeadline 33333333, touch NONE, rotation 0, type VIRTUAL, deviceProductInfo null, state ON, committedState UNKNOWN, owner android.display.cts (uid 10141), frameRateOverride , brightnessMinimum 0.0, brightnessMaximum 0.0, brightnessDefault 0.0, hdrSdrRatio NaN, FLAG_OWN_CONTENT_ONLY, installOrientation 0, displayShape DisplayShape{ spec=2031491835 displayWidth=720 displayHeight=480 physicalPixelDisplaySizeRatio=1.0 rotation=0 offsetX=0 offsetY=0 scale=1.0}}
02-18 00:34:19.208 10096  2875  2936 D allDisplayEvents: newValue: Added(displayId=8)
02-18 00:34:19.209 10096  2875  2923 D DisplayRepository: display with id=8 disconnected.
02-18 00:34:19.210  1000  1487  1487 W WindowTokenClientController: Can't find attached WindowTokenClient for android.window.WindowTokenClient@c665b77
02-18 00:34:19.210 10096  2875  2923 D DisplayRepository: display with id=9 connected.
02-18 00:34:19.210 10141  8327  8343 E TestRunner: failed: testVirtualDisplayWithRequestedRefreshRate(android.display.cts.VirtualDisplayTest)
02-18 00:34:19.210 10141  8327  8343 E TestRunner: ----- begin exception -----
02-18 00:34:19.210  1000  1487  1487 W WindowTokenClientController: Can't find attached WindowTokenClient for android.window.WindowTokenClient@c665b77
02-18 00:34:19.210 10141  8327  8343 E TestRunner: java.lang.AssertionError: display must have correct flags expected:<4> but was:<0>
02-18 00:34:19.210 10141  8327  8343 E TestRunner: 	at org.junit.Assert.fail(Assert.java:89)
02-18 00:34:19.210 10141  8327  8343 E TestRunner: 	at org.junit.Assert.failNotEquals(Assert.java:835)
02-18 00:34:19.210 10141  8327  8343 E TestRunner: 	at org.junit.Assert.assertEquals(Assert.java:647)
02-18 00:34:19.210 10141  8327  8343 E TestRunner: 	at android.display.cts.VirtualDisplayTest.assertDisplayRegistered(VirtualDisplayTest.java:355)
02-18 00:34:19.210 10141  8327  8343 E TestRunner: 	at android.display.cts.VirtualDisplayTest.testVirtualDisplayWithRequestedRefreshRate(VirtualDisplayTest.java:310)
02-18 00:34:19.210 10141  8327  8343 E TestRunner: 	at java.lang.reflect.Method.invoke(Native Method)
02-18 00:34:19.210 10141  8327  8343 E TestRunner: 	at org.junit.runners.model.FrameworkMethod$1.runReflectiveCall(FrameworkMethod.java:59)
02-18 00:34:19.210 10141  8327  8343 E TestRunner: 	at org.junit.internal.runners.model.ReflectiveCallable.run(ReflectiveCallable.java:12)
02-18 00:34:19.210 10141  8327  8343 E TestRunner: 	at org.junit.runners.model.FrameworkMethod.invokeExplosively(FrameworkMethod.java:61)
02-18 00:34:19.210 10141  8327  8343 E TestRunner: 	at org.junit.internal.runners.statements.InvokeMethod.evaluate(InvokeMethod.java:17)
02-18 00:34:19.210 10141  8327  8343 E TestRunner: 	at org.junit.internal.runners.statements.FailOnTimeout$CallableStatement.call(FailOnTimeout.java:148)
02-18 00:34:19.210 10141  8327  8343 E TestRunner: 	at org.junit.internal.runners.statements.FailOnTimeout$CallableStatement.call(FailOnTimeout.java:142)
02-18 00:34:19.210 10141  8327  8343 E TestRunner: 	at java.util.concurrent.FutureTask.run(FutureTask.java:264)
02-18 00:34:19.210 10141  8327  8343 E TestRunner: 	at java.lang.Thread.run(Thread.java:1012)
02-18 00:34:19.210 10141  8327  8343 E TestRunner: ----- end exception -----
02-18 00:34:19.210 10141  8327  8343 I TestRunner: finished: testVirtualDisplayWithRequestedRefreshRate(android.display.cts.VirtualDisplayTest)
02-18 00:34:19.210 10096  2875  2937 D allDisplayEvents: newValue: Removed(displayId=8)
02-18 00:34:19.210 10096  2875  2937 D connectedDisplayIds: newValue: [0]
02-18 00:34:19.210 10096  2875  2937 D connectedDisplayIds: newValue: [0, 9]
02-18 00:34:19.212 10141  8327  8343 D ShellHelper: runShellCommand(): settings get --user 0 global are_user_disabled_hdr_formats_allowed
02-18 00:34:19.212 10141  8327  8343 V CtsSystemUtil: Running command: settings get --user 0 global are_user_disabled_hdr_formats_allowed
02-18 00:34:19.214 10096  2875  2923 D DisplayRepository: display with id=9 disconnected.
02-18 00:34:19.214 10096  2875  2937 D allDisplayEvents: newValue: Added(displayId=9)
02-18 00:34:19.214 10096  2875  2937 D allDisplayEvents: newValue: Removed(displayId=9)
02-18 00:34:19.214 10096  2875  2937 D allDisplayEvents: newValue: Added(displayId=9)
02-18 00:34:19.214 10096  2875  2937 D allDisplayEvents: newValue: Removed(displayId=9)
02-18 00:34:19.214 10096  2875  2935 D allDisplayEvents: newValue: Added(displayId=9)
02-18 00:34:19.214 10096  2875  2937 D connectedDisplayIds: newValue: [0]
02-18 00:34:19.214 10096  2875  2935 D allDisplayEvents: newValue: Removed(displayId=9)
02-18 00:34:19.215 10096  2875  2875 D DisplayRepository: combining enabled=[0], connectedExternalDisplayIds=[], ignored=[]
02-18 00:34:19.215 10096  2875  2875 D DisplayRepository: combining enabled=[0], connectedExternalDisplayIds=[], ignored=[]
02-18 00:34:19.216 10096  2875  2875 D DisplayRepository: combining enabled=[0], connectedExternalDisplayIds=[], ignored=[]
02-18 00:34:19.216 10096  2875  2875 D DisplayRepository: combining enabled=[0], connectedExternalDisplayIds=[], ignored=[]
02-18 00:34:19.237 10141  8327  8343 D UserSettings: [namespace=GLOBAL, user=0]: get(are_user_disabled_hdr_formats_allowed): settings returned 'null', returning 'null'
02-18 00:34:19.238 10141  8327  8343 D ShellHelper: runShellCommand(): settings get --user 0 global user_disabled_hdr_formats
02-18 00:34:19.238 10141  8327  8343 V CtsSystemUtil: Running command: settings get --user 0 global user_disabled_hdr_formats
02-18 00:34:19.265 10141  8327  8343 D UserSettings: [namespace=GLOBAL, user=0]: get(user_disabled_hdr_formats): settings returned '', returning ''
02-18 00:34:19.265 10141  8327  8343 I TestRunner: run finished: 5 tests, 2 failed, 0 ignored
02-18 00:34:19.269  1000  1487  1871 I commit_sys_config_file: [settings-2-0,5]
02-18 00:34:19.269  1000  1487  2949 W MagnificationConnectionManager: requestConnection duplicated request: connect=false, mConnectionState=DISCONNECTED
02-18 00:34:19.269  1000  1487  2949 D AccessibilityManagerService: restoreCurrentUserForTestAutomationIfNeededLocked(): ignoring because device doesn't support visible background users
02-18 00:34:19.270  1000  1487  1487 D BatterySaverPolicy: accessibility changed to false, updating policy.
02-18 00:34:19.272  1000  1487  2949 I ActivityManager: Force stopping android.display.cts appid=10141 user=0: finished inst
02-18 00:34:19.305  1000  2949  2949 I binder  : 1487:2949 ioctl 400c620e 72df32742c returned -11
02-18 00:34:19.305  1000  2949  2949 I binder  : 1487:2949 ioctl 400c620e 72df32742c returned -11
02-18 00:34:19.272  1000  1487  2949 E ActivityManager: Unable to freeze binder for 8327: -11
02-18 00:34:19.273  1000  1487  2949 I am_uid_stopped: 10141
02-18 00:34:19.274  1000  1487  2949 I ActivityManager: Killing 8327:android.display.cts/u0a141 (adj 0): stop android.display.cts due to finished inst
02-18 00:34:19.274 shell  8312  8312 I app_process: System.exit called, status: 0
02-18 00:34:19.274 shell  8312  8312 I AndroidRuntime: VM exiting with result code 0.
02-18 00:34:19.274  1000  1487  2949 I am_kill : [0,8327,android.display.cts,0,stop android.display.cts due to finished inst,119712]
02-18 00:34:19.274  1000  1487  1713 D DisplayManagerService: Drop pending events for gone uid 10141
02-18 00:34:19.288  1000  1487  2949 V ActivityManager: Got obituary of 8327:android.display.cts
02-18 00:34:19.289  root   878   878 I Zygote  : Process 8327 exited due to signal 9 (Killed)
02-18 00:34:19.320  root   125   125 I binder  : undelivered TRANSACTION_COMPLETE
02-18 00:34:19.320  root   125   125 I binder  : undelivered transaction 272815, process died.
02-18 00:34:19.289  1000  1487  1730 I libprocessgroup: Removed cgroup /sys/fs/cgroup/uid_10141/pid_8327
02-18 00:34:19.365  1000  1487  1722 I ActivityManager: Force stopping androidx.test.services appid=10143 user=-1: deletePackageX
02-18 00:34:19.367  1000  1487  1722 I am_uid_stopped: 10143
02-18 00:34:19.369  1000  1487  1713 D DisplayManagerService: Drop pending events for gone uid 10143
02-18 00:34:19.371  1000  1487  1722 I ActivityManager: Killing 8290:androidx.test.services/u0a143 (adj 905): stop androidx.test.services due to deletePackageX
02-18 00:34:19.371  1000  1487  1722 I am_kill : [0,8290,androidx.test.services,905,stop androidx.test.services due to deletePackageX,120144]
02-18 00:34:19.390  1017   550   550 I keystore2: system/security/keystore2/src/maintenance.rs:347 - clearNamespace(r#APP, nspace=10143)
02-18 00:34:19.395   hsm   555   573 D libnos_datagram: Calling App 0x02 with params 0x0000
02-18 00:34:19.396  1000  1487  1871 I commit_sys_config_file: [settings-0-0,22]
02-18 00:34:19.421  1000  1487  2951 V ActivityManager: Got obituary of 8290:androidx.test.services
02-18 00:34:19.423  root   878   878 I Zygote  : Process 8290 exited due to signal 9 (Killed)
02-18 00:34:19.426  1000  1487  1761 I commit_sys_config_file: [package,15]
02-18 00:34:19.426  1000  1487  1712 I dvm_lock_sample: [system_server,0,android.fg,36,PackageManagerService.java,1209,com.android.server.pm.Computer com.android.server.pm.PackageManagerService.snapshotComputer(boolean),-,1235,com.android.server.pm.Computer com.android.server.pm.PackageManagerService.snapshotComputer(boolean),7]
02-18 00:34:19.458  logd  5133  5133 I logd    : start watching /data/system/packages.list ...
02-18 00:34:19.432  1000  1487  1730 I libprocessgroup: Removed cgroup /sys/fs/cgroup/uid_10143/pid_8290
02-18 00:34:19.439  1000  1487  1761 D PackageManager: Instant App installer not found with android.intent.action.INSTALL_INSTANT_APP_PACKAGE
02-18 00:34:19.439  1000  1487  1761 D PackageManager: Clear ephemeral installer activity
02-18 00:34:19.441  1000  1487  4040 E TaskPersister: File error accessing recents directory (directory doesn't exist?).
02-18 00:34:19.442   hsm   555   573 D libnos_datagram: App 0x02 returning 0x0
02-18 00:34:19.447  1000  1487  1761 I ActivityManager: Force stopping androidx.test.services appid=10143 user=0: pkg removed
02-18 00:34:19.455  1000  1487  1905 V StorageManagerService: Package androidx.test.services does not have legacy storage
02-18 00:34:19.485  logd  5133  5133 I logd    : ReadPackageList, total packages: 134
02-18 00:34:19.463 radio  3070  3070 D CarrierSvcBindHelper: onPackageRemoved: androidx.test.services
02-18 00:34:19.464 radio  3070  3070 D CarrierSvcBindHelper: No carrier app for: 0
02-18 00:34:19.464 radio  3070  3271 D EuiccConnector: handleMessage: E msg.what=1
02-18 00:34:19.464 radio  3070  3271 D EuiccConnector: processMsg: UnavailableState
02-18 00:34:19.464 radio  3070  3271 W EuiccConnector: No valid EuiccService implementation found
02-18 00:34:19.464 radio  3070  3271 D EuiccConnector: handleMessage: X
02-18 00:34:19.465 radio  3070  3070 D CarrierSvcBindHelper: No carrier app for: 1
02-18 00:34:19.466   nfc  3570  3570 I RegisteredComponentCache: New Components => 
02-18 00:34:19.466   nfc  3570  3570 I RegisteredComponentCache: ComponentInfo: ResolveInfo{19a6a7f com.android.apps.tag/.TagViewer m=0x108000 userHandle=UserHandle{0}}, techs: android.nfc.tech.Ndef, 
02-18 00:34:19.466   nfc  3570  3570 I RegisteredComponentCache: Removed Components => 
02-18 00:34:19.466   nfc  3570  3570 I RegisteredComponentCache: ComponentInfo: ResolveInfo{778a343 com.android.apps.tag/.TagViewer m=0x108000 userHandle=UserHandle{0}}, techs: android.nfc.tech.Ndef, 
02-18 00:34:19.468  1000  1487  1758 I commit_sys_config_file: [package-user-0,43]
02-18 00:34:19.471  1000  1487  1722 D ActivityManager: sync unfroze 3594 com.android.documentsui for 3
02-18 00:34:19.471  1000  1487  1872 I am_unfreeze: [3594,com.android.documentsui,3]
02-18 00:34:19.475 10122  3563  3563 W MediaProvider: WorkProfileOwnerApps cache is empty
02-18 00:34:19.475 10122  3563  3563 D PickerSyncLockManager: Trying to acquire lock com.android.providers.media.photopicker.sync.CloseableReentrantLock@8693f87[Unlocked]. Lock Name = CLOUD_PROVIDER_LOCK. Threads that may be waiting to acquire this lock = []
02-18 00:34:19.475 10122  3563  3563 D CloseableReentrantLock: Successfully acquired lock com.android.providers.media.photopicker.sync.CloseableReentrantLock@8693f87[Locked by thread main]. Lock Name = CLOUD_PROVIDER_LOCK. Threads that may be waiting to acquire this lock = []
02-18 00:34:19.475 10122  3563  3563 D CloseableReentrantLock: Successfully released lock com.android.providers.media.photopicker.sync.CloseableReentrantLock@8693f87[Unlocked]. Lock Name = CLOUD_PROVIDER_LOCK. Threads that may be waiting to acquire this lock = []
02-18 00:34:19.477  1000  1487  1721 W MagnificationConnectionManager: requestConnection duplicated request: connect=false, mConnectionState=DISCONNECTED
02-18 00:34:19.477  1000  1487  1721 I CredManSysService: updateProvidersWhenPackageRemoved
02-18 00:34:19.477  1000  1487  1721 W CredManSysService: settings key is null
02-18 00:34:19.477  1000  1487  1571 W JobInfo : Job 'com.android.providers.media.module/com.android.providers.media.MediaService#-300' has a deadline with no functional constraints. The deadline won't improve job execution latency. Consider removing the deadline.
02-18 00:34:19.478  1000  1487  1871 I commit_sys_config_file: [settings-2-0,8]
02-18 00:34:19.482  1000  1487  1886 I InputReader: Reconfiguring input devices, changes=KEYBOARD_LAYOUTS
02-18 00:34:19.486  1000  1487  1865 I RollbackManager: broadcast=ACTION_PACKAGE_FULLY_REMOVED pkg=androidx.test.services
02-18 00:34:19.488  1000  1487  2801 W WifiService: Couldn't get PackageInfo for package:androidx.test.services
02-18 00:34:19.488  1000  1487  2801 D WifiService: Remove settings for package:androidx.test.services
02-18 00:34:19.488  1000  1487  2801 D WifiConfigManager: Remove all networks for app ApplicationInfo{b04bb58 androidx.test.services}
02-18 00:34:19.488  1000  1487  2801 V WifiScanRequestProxy: Clearing scan request timestamps for uid=10143, packageName=androidx.test.services
02-18 00:34:19.495 10096  2875  2875 D ControlsListingControllerImpl: ServiceConfig reloaded, count: 0
02-18 00:34:19.502 10091  3138  3138 D LauncherAppsCallbackImpl: package removed received androidx.test.services
02-18 00:34:19.503 10091  3138  3198 D PackageUpdatedTask: Removing app icon: androidx.test.services
02-18 00:34:19.503  1000  1487  2839 I commit_sys_config_file: [session_index,4]
02-18 00:34:19.503 10091  3138  3198 D PackageUpdatedTask: mAllAppsList.removePackage androidx.test.services
02-18 00:34:19.504 10091  3138  3198 D ModelWriter: removing items from db . Reason: [removed because the corresponding package or component is removed. mOp=3 removedPackages=[androidx.test.services] removedComponents=[]]
02-18 00:34:19.505  1000  1487  2839 I commit_sys_config_file: [blobs_index,2]
02-18 00:34:19.516  1000  1487  2801 D WifiConfigStore: Writing to stores completed in 22 ms.
02-18 00:34:19.516  1000  1487  2801 I PasspointManager: No app ops listener found for androidx.test.services
02-18 00:34:19.516  1000  1487  2801 W WifiService: Couldn't get PackageInfo for package:androidx.test.services
02-18 00:34:19.516  1000  1487  2801 D WifiService: Remove settings for package:androidx.test.services
02-18 00:34:19.516  1000  1487  2801 D WifiConfigManager: Remove all networks for app ApplicationInfo{a12e734 androidx.test.services}
02-18 00:34:19.516  1000  1487  2801 V WifiScanRequestProxy: Clearing scan request timestamps for uid=10143, packageName=androidx.test.services
02-18 00:34:19.518   nfc  3570  3570 I RegisteredServicesCache: current user: 0, is managed profile : false
02-18 00:34:19.518   nfc  3570  3570 I RegisteredServicesCache: New Other Services => 
02-18 00:34:19.518   nfc  3570  3570 I RegisteredServicesCache: Removed Other Services => 
02-18 00:34:19.521   nfc  3570  3570 I RegisteredServicesCache: New Services => 
02-18 00:34:19.521   nfc  3570  3570 I RegisteredServicesCache: Removed Services => 
02-18 00:34:19.523  1000  1487  2801 D WifiConfigStore: Writing to stores completed in 7 ms.
02-18 00:34:19.523  1000  1487  2801 I PasspointManager: No app ops listener found for androidx.test.services
02-18 00:34:19.529  1068  3046  3061 D SecureElementService: getReaders() for com.android.nfc
02-18 00:34:19.531 10045  3594  8399 I dvm_lock_sample: [com.android.documentsui,0,pool-61-thread-3,46,ProvidersCache.java,644,void com.android.documentsui.roots.ProvidersCache$MultiProviderUpdateTask.handleDocumentsProvider(android.content.pm.ProviderInfo, com.android.documentsui.base.UserId),-,647,void com.android.documentsui.roots.ProvidersCache$MultiProviderUpdateTask.handleDocumentsProvider(android.content.pm.ProviderInfo, com.android.documentsui.base.UserId),9]
02-18 00:34:19.531  1068  3046  3061 I SecureElement-AccessControlEnforcer: getAccessRule() appCert = 27196e386b875e76adf700e7ea84e4c6eee33dfa
02-18 00:34:19.532  1068  3046  3061 I SecureElement-AccessControlEnforcer: getAccessRule() appCert = c8a2e9bccf597c2fb6dc66bee293fc13f2fc47ec77bc6b2b0d52c11f51192ab8
02-18 00:34:19.532  1068  3046  3061 I SecureElement-AccessRuleCache: findAccessRule() not found
02-18 00:34:19.533  1068  3046  3061 I SecureElement-AccessControlEnforcer: getAccessRule() appCert = 27196e386b875e76adf700e7ea84e4c6eee33dfa
02-18 00:34:19.533  1068  3046  3061 I SecureElement-AccessControlEnforcer: getAccessRule() appCert = c8a2e9bccf597c2fb6dc66bee293fc13f2fc47ec77bc6b2b0d52c11f51192ab8
02-18 00:34:19.533  1068  3046  3061 I SecureElement-AccessRuleCache: findAccessRule() not found
02-18 00:34:19.535  1068  3046  3061 I SecureElement-Terminal-SIM2: isNfcEventAllowed: No access rules for checking.
02-18 00:34:19.540  1000  1487  1722 I ActivityManager: Force stopping android.display.cts appid=10141 user=-1: deletePackageX
02-18 00:34:19.540  1000  1487  1761 I AppsFilter: interaction: PackageSetting{2b7bcef com.android.microdroid.empty_payload/10111} -> PackageSetting{a75c0e8 android.display.cts/10141} BLOCKED
02-18 00:34:19.545  1017   550   550 I keystore2: system/security/keystore2/src/maintenance.rs:347 - clearNamespace(r#APP, nspace=10141)
02-18 00:34:19.549  1000  1487  1568 W system_server: ApkAssets: Deleting an ApkAssets object '<empty> and /system_ext/app/AccessibilityMenu/AccessibilityMenu.apk' with 1 weak references
02-18 00:34:19.549  1000  1487  1568 W system_server: ApkAssets: Deleting an ApkAssets object '<empty> and /product/app/LatinIME/LatinIME.apk' with 1 weak references
02-18 00:34:19.568  1000  1487  1761 I commit_sys_config_file: [package,10]
02-18 00:34:19.600  logd  5133  5133 I logd    : start watching /data/system/packages.list ...
02-18 00:34:19.569  1000  1487  1761 D PackageManager: Instant App installer not found with android.intent.action.INSTALL_INSTANT_APP_PACKAGE
02-18 00:34:19.569  1000  1487  1761 D PackageManager: Clear ephemeral installer activity
02-18 00:34:19.570  1000  1487  2949 D SafetySourceDataValidat: No cert check requested for package com.android.permissioncontroller
02-18 00:34:19.571  1000  1487  4040 E TaskPersister: File error accessing recents directory (directory doesn't exist?).
02-18 00:34:19.604  logd  5133  5133 I logd    : ReadPackageList, total packages: 133
02-18 00:34:19.576  1000  1487  1487 I Telecom : CarModeTracker: Package androidx.test.services is not tracked.: SSH.oR@ANU
02-18 00:34:19.576  1000  1487  1487 I Telecom : InCallController: updateCarModeForConnections: car mode apps: : SSH.oR@ANU
02-18 00:34:19.576  1000  1487  1487 I Telecom : InCallController: update carmode current:UserHandle{0} parent:null: SSH.oR@ANU
02-18 00:34:19.579  1000  1487  1487 I notification_cancel_all: [1000,1487,androidx.test.services,0,0,0,5,NULL]
02-18 00:34:19.580  1000  1487  1487 I ConditionProviders: Disallowing condition provider androidx.test.services (userSet: true)
02-18 00:34:19.580  1000  1487  1722 D ActivityManager: sync unfroze 3844 android.process.media for 3
02-18 00:34:19.581  1000  1487  2799 I commit_sys_config_file: [net-policy,1]
02-18 00:34:19.581  1000  1487  2797 W BestClock: java.time.DateTimeException: Missing network time fix
02-18 00:34:19.581  1000  1487  1872 I am_unfreeze: [3844,android.process.media,3]
02-18 00:34:19.583  root   877   911 I netd    : tetherGetStats() -> {[]} <0.54ms>
02-18 00:34:19.584  1000  1487  1761 I ActivityManager: Force stopping android.display.cts appid=10141 user=0: pkg removed
02-18 00:34:19.585  1000  1487  2797 W BestClock: java.time.DateTimeException: Missing network time fix
02-18 00:34:19.585  1000  1487  2797 I netstats_mobile_sample: [0,0,0,0,0,0,0,0,1771346059585]
02-18 00:34:19.585  1000  1487  2797 I netstats_wifi_sample: [0,0,0,0,0,0,0,0,1771346059585]
02-18 00:34:19.587 10122  3563  3991 I MediaProvider: Begin Intent { act=android.intent.action.PACKAGE_FULLY_REMOVED dat=package: flg=0x5000010 cmp=com.android.providers.media.module/com.android.providers.media.MediaService (has extras) }
02-18 00:34:19.588 10122  3563  3991 D MediaProvider: Deleted 0 Android/media items belonging to androidx.test.services on /data/user/0/com.android.providers.media.module/databases/external.db
02-18 00:34:19.588 10122  3563  3991 I FuseDaemon: Successfully deleted rows in leveldb for owner_id:  and ownerPackageIdentifier: androidx.test.services::0
02-18 00:34:19.589  1000  1487  1758 I commit_sys_config_file: [package-user-0,21]
02-18 00:34:19.590 10122  3563  3991 D MediaGrants: Removed 0 media_grants for 0 user for [androidx.test.services]. Reason: Package orphaned
02-18 00:34:19.590 10122  3563  3991 I MediaProvider: End Intent { act=android.intent.action.PACKAGE_FULLY_REMOVED dat=package: flg=0x5000010 cmp=com.android.providers.media.module/com.android.providers.media.MediaService (has extras) }
02-18 00:34:19.592  1000  1487  1905 V StorageManagerService: Package android.display.cts does not have legacy storage
02-18 00:34:19.596 radio  3070  3070 D CarrierSvcBindHelper: onPackageRemoved: android.display.cts
02-18 00:34:19.597 radio  3070  3271 D EuiccConnector: handleMessage: E msg.what=1
02-18 00:34:19.597 radio  3070  3271 D EuiccConnector: processMsg: UnavailableState
02-18 00:34:19.597 radio  3070  3271 W EuiccConnector: No valid EuiccService implementation found
02-18 00:34:19.597 radio  3070  3271 D EuiccConnector: handleMessage: X
02-18 00:34:19.597 radio  3070  3070 D CarrierSvcBindHelper: No carrier app for: 0
02-18 00:34:19.598 radio  3070  3070 D CarrierSvcBindHelper: No carrier app for: 1
02-18 00:34:19.599   nfc  3570  3570 I RegisteredComponentCache: New Components => 
02-18 00:34:19.599   nfc  3570  3570 I RegisteredComponentCache: ComponentInfo: ResolveInfo{dc289ae com.android.apps.tag/.TagViewer m=0x108000 userHandle=UserHandle{0}}, techs: android.nfc.tech.Ndef, 
02-18 00:34:19.599   nfc  3570  3570 I RegisteredComponentCache: Removed Components => 
02-18 00:34:19.599   nfc  3570  3570 I RegisteredComponentCache: ComponentInfo: ResolveInfo{19a6a7f com.android.apps.tag/.TagViewer m=0x108000 userHandle=UserHandle{0}}, techs: android.nfc.tech.Ndef, 
02-18 00:34:19.603 10122  3563  3563 W MediaProvider: WorkProfileOwnerApps cache is empty
02-18 00:34:19.603 10122  3563  3563 D PickerSyncLockManager: Trying to acquire lock com.android.providers.media.photopicker.sync.CloseableReentrantLock@8693f87[Unlocked]. Lock Name = CLOUD_PROVIDER_LOCK. Threads that may be waiting to acquire this lock = []
02-18 00:34:19.603 10122  3563  3563 D CloseableReentrantLock: Successfully acquired lock com.android.providers.media.photopicker.sync.CloseableReentrantLock@8693f87[Locked by thread main]. Lock Name = CLOUD_PROVIDER_LOCK. Threads that may be waiting to acquire this lock = []
02-18 00:34:19.603 10122  3563  3563 D CloseableReentrantLock: Successfully released lock com.android.providers.media.photopicker.sync.CloseableReentrantLock@8693f87[Unlocked]. Lock Name = CLOUD_PROVIDER_LOCK. Threads that may be waiting to acquire this lock = []
02-18 00:34:19.604  1000  1487  1830 W JobInfo : Job 'com.android.providers.media.module/com.android.providers.media.MediaService#-300' has a deadline with no functional constraints. The deadline won't improve job execution latency. Consider removing the deadline.
02-18 00:34:19.604 10096  2875  2875 D ControlsListingControllerImpl: ServiceConfig reloaded, count: 0
02-18 00:34:19.605 10118  2889  2889 D PersistedStoragePackageUninstalledReceiver: Received android.intent.action.PACKAGE_FULLY_REMOVED for androidx.test.services for u0
02-18 00:34:19.607  1000  1487  2801 W WifiService: Couldn't get PackageInfo for package:android.display.cts
02-18 00:34:19.607  1000  1487  2801 D WifiService: Remove settings for package:android.display.cts
02-18 00:34:19.607  1000  1487  2801 D WifiConfigManager: Remove all networks for app ApplicationInfo{ea33b06 android.display.cts}
02-18 00:34:19.607  1000  1487  2801 V WifiScanRequestProxy: Clearing scan request timestamps for uid=10141, packageName=android.display.cts
02-18 00:34:19.610  1000  1487  2801 D WifiConfigStore: Writing to stores completed in 2 ms.
02-18 00:34:19.610  1000  1487  2801 I PasspointManager: No app ops listener found for android.display.cts
02-18 00:34:19.617   nfc  3570  3570 I RegisteredServicesCache: current user: 0, is managed profile : false
02-18 00:34:19.617   nfc  3570  3570 I RegisteredServicesCache: New Other Services => 
02-18 00:34:19.617   nfc  3570  3570 I RegisteredServicesCache: Removed Other Services => 
02-18 00:34:19.620   nfc  3570  3570 I RegisteredServicesCache: New Services => 
02-18 00:34:19.620   nfc  3570  3570 I RegisteredServicesCache: Removed Services => 
02-18 00:34:19.622  1068  3046  3061 D SecureElementService: getReaders() for com.android.nfc
02-18 00:34:19.624  1068  3046  3061 I SecureElement-AccessControlEnforcer: getAccessRule() appCert = 27196e386b875e76adf700e7ea84e4c6eee33dfa
02-18 00:34:19.624  1068  3046  3061 I SecureElement-AccessControlEnforcer: getAccessRule() appCert = c8a2e9bccf597c2fb6dc66bee293fc13f2fc47ec77bc6b2b0d52c11f51192ab8
02-18 00:34:19.624  1000  1487  1886 I InputReader: Reconfiguring input devices, changes=KEYBOARD_LAYOUTS
02-18 00:34:19.624  1068  3046  3061 I SecureElement-AccessRuleCache: findAccessRule() not found
02-18 00:34:19.625  1000  1487  1865 I RollbackManager: broadcast=ACTION_PACKAGE_FULLY_REMOVED pkg=android.display.cts
02-18 00:34:19.626  1000  1487  2801 W WifiService: Couldn't get PackageInfo for package:android.display.cts
02-18 00:34:19.626  1000  1487  2801 D WifiService: Remove settings for package:android.display.cts
02-18 00:34:19.626  1000  1487  2801 D WifiConfigManager: Remove all networks for app ApplicationInfo{19c75ec android.display.cts}
02-18 00:34:19.626  1000  1487  2839 I commit_sys_config_file: [session_index,1]
02-18 00:34:19.626  1000  1487  2801 V WifiScanRequestProxy: Clearing scan request timestamps for uid=10141, packageName=android.display.cts
02-18 00:34:19.628  1000  1487  1487 I Telecom : CarModeTracker: Package android.display.cts is not tracked.: SSH.oR@ANg
02-18 00:34:19.628  1000  1487  1487 I Telecom : InCallController: updateCarModeForConnections: car mode apps: : SSH.oR@ANg
02-18 00:34:19.628  1000  1487  1487 I Telecom : InCallController: update carmode current:UserHandle{0} parent:null: SSH.oR@ANg
02-18 00:34:19.629 10122  3563  3991 I MediaProvider: Begin Intent { act=android.intent.action.PACKAGE_FULLY_REMOVED dat=package: flg=0x5000010 cmp=com.android.providers.media.module/com.android.providers.media.MediaService (has extras) }
02-18 00:34:19.629  1000  1487  1487 I notification_cancel_all: [1000,1487,android.display.cts,0,0,0,5,NULL]
02-18 00:34:19.631  1000  1487  1487 I ConditionProviders: Disallowing condition provider android.display.cts (userSet: true)
02-18 00:34:19.631  1000  1487  2801 D WifiConfigStore: Writing to stores completed in 3 ms.
02-18 00:34:19.631  1000  1487  2801 I PasspointManager: No app ops listener found for android.display.cts
02-18 00:34:19.632  1000  1487  2839 I commit_sys_config_file: [blobs_index,6]
02-18 00:34:19.633 10122  3563  3991 D MediaProvider: Deleted 0 Android/media items belonging to android.display.cts on /data/user/0/com.android.providers.media.module/databases/external.db
02-18 00:34:19.633 10122  3563  3991 I FuseDaemon: Successfully deleted rows in leveldb for owner_id:  and ownerPackageIdentifier: android.display.cts::0
02-18 00:34:19.634  1068  3046  3061 I SecureElement-AccessControlEnforcer: getAccessRule() appCert = 27196e386b875e76adf700e7ea84e4c6eee33dfa
02-18 00:34:19.635  1068  3046  3061 I SecureElement-AccessControlEnforcer: getAccessRule() appCert = c8a2e9bccf597c2fb6dc66bee293fc13f2fc47ec77bc6b2b0d52c11f51192ab8
02-18 00:34:19.635  1068  3046  3061 I SecureElement-AccessRuleCache: findAccessRule() not found
02-18 00:34:19.636  1000  1487  1721 W MagnificationConnectionManager: requestConnection duplicated request: connect=false, mConnectionState=DISCONNECTED
02-18 00:34:19.636  1000  1487  1721 I CredManSysService: updateProvidersWhenPackageRemoved
02-18 00:34:19.636  1000  1487  1721 W CredManSysService: settings key is null
02-18 00:34:19.637 10122  3563  3991 D MediaGrants: Removed 0 media_grants for 0 user for [android.display.cts]. Reason: Package orphaned
02-18 00:34:19.637  1068  3046  3061 I SecureElement-Terminal-SIM2: isNfcEventAllowed: No access rules for checking.
02-18 00:34:19.638  1000  1487  1722 I ActivityManager: Force stopping android.app.stubs appid=10142 user=-1: deletePackageX
02-18 00:34:19.638  1000  1487  1761 I AppsFilter: interaction: PackageSetting{2b7bcef com.android.microdroid.empty_payload/10111} -> PackageSetting{3ad1366 android.app.stubs/10142} BLOCKED
02-18 00:34:19.642  1000  1487  1761 I PermissionManager: Removing permission android.app.stubs.permission.TEST_GRANTED that used to be declared by android.app.stubs
02-18 00:34:19.642  1000  1487  1761 I PermissionManager: Removing permission android.app.stubs.DYNAMIC_RECEIVER_NOT_EXPORTED_PERMISSION that used to be declared by android.app.stubs
02-18 00:34:19.642  1000  1487  1761 I PermissionManager: Permission ownership changed. Updating all permissions.
02-18 00:34:19.643  1000  1487  2799 I commit_sys_config_file: [net-policy,2]
02-18 00:34:19.647 10122  3563  3991 I MediaProvider: End Intent { act=android.intent.action.PACKAGE_FULLY_REMOVED dat=package: flg=0x5000010 cmp=com.android.providers.media.module/com.android.providers.media.MediaService (has extras) }
02-18 00:34:19.650  1017   550   550 I keystore2: system/security/keystore2/src/maintenance.rs:347 - clearNamespace(r#APP, nspace=10142)
02-18 00:34:19.656  1000  1487  2797 W BestClock: java.time.DateTimeException: Missing network time fix
02-18 00:34:19.659  root   877   911 I netd    : tetherGetStats() -> {[]} <0.55ms>
02-18 00:34:19.660  1000  1487  2797 W BestClock: java.time.DateTimeException: Missing network time fix
02-18 00:34:19.660  1000  1487  2797 I netstats_mobile_sample: [0,0,0,0,0,0,0,0,1771346059660]
02-18 00:34:19.660  1000  1487  2797 I netstats_wifi_sample: [0,0,0,0,0,0,0,0,1771346059660]
02-18 00:34:19.680  1000  1487  1871 I commit_sys_config_file: [settings-2-0,3]
02-18 00:34:19.680  1000  1487  1566 I system_server: Background concurrent mark compact GC freed 8780KB AllocSpace bytes, 42(1528KB) LOS objects, 75% free, 19MB/76MB, paused 2.121ms,3.216ms total 110.016ms
02-18 00:34:19.717  logd  5133  5133 I logd    : start watching /data/system/packages.list ...
02-18 00:34:19.685  1000  1487  1761 I commit_sys_config_file: [package,10]
02-18 00:34:19.685  1000  1487  7277 I dvm_lock_sample: [system_server,0,AsyncTask #8,43,PackageManagerService.java,1222,com.android.server.pm.Computer com.android.server.pm.PackageManagerService.snapshotComputer(boolean),-,7012,void com.android.server.pm.PackageManagerService$PackageManagerInternalImpl.writePermissionSettings(int[], boolean),8]
02-18 00:34:19.685  1000  1487  2951 I dvm_lock_sample: [system_server,1,binder:1487_8,36,PackageManagerService.java,1209,com.android.server.pm.Computer com.android.server.pm.PackageManagerService.snapshotComputer(boolean),-,1235,com.android.server.pm.Computer com.android.server.pm.PackageManagerService.snapshotComputer(boolean),7]
02-18 00:34:19.687 10091  3138  3138 D LauncherAppsCallbackImpl: package removed received android.display.cts
02-18 00:34:19.688 10091  3138  3198 D PackageUpdatedTask: Removing app icon: android.display.cts
02-18 00:34:19.688 10091  3138  3198 D PackageUpdatedTask: mAllAppsList.removePackage android.display.cts
02-18 00:34:19.688 10091  3138  3198 D ModelWriter: removing items from db . Reason: [removed because the corresponding package or component is removed. mOp=3 removedPackages=[android.display.cts] removedComponents=[]]
02-18 00:34:19.720  logd  5133  5133 I logd    : ReadPackageList, total packages: 132
02-18 00:34:19.694  1000  1487  1874 I RoleService: Granting default roles...
02-18 00:34:19.697  1000  1487  1761 D PackageManager: Instant App installer not found with android.intent.action.INSTALL_INSTANT_APP_PACKAGE
02-18 00:34:19.697  1000  1487  1761 D PackageManager: Clear ephemeral installer activity
02-18 00:34:19.700  1000  1487  4040 E TaskPersister: File error accessing recents directory (directory doesn't exist?).
02-18 00:34:19.706  1000  1487  1761 I ActivityManager: Force stopping android.app.stubs appid=10142 user=0: pkg removed
02-18 00:34:19.707  1000  1487  1758 I commit_sys_config_file: [package-user-0,22]
02-18 00:34:19.708  1000  1487  1830 D SafetySourceDataValidat: No cert check requested for package com.android.permissioncontroller
02-18 00:34:19.710 10091  3138  3138 I force_gc: bg
02-18 00:34:19.713  1000  1487  1905 V StorageManagerService: Package android.app.stubs does not have legacy storage
02-18 00:34:19.721 radio  3070  3070 D CarrierSvcBindHelper: onPackageRemoved: android.app.stubs
02-18 00:34:19.721 radio  3070  3271 D EuiccConnector: handleMessage: E msg.what=1
02-18 00:34:19.721 radio  3070  3271 D EuiccConnector: processMsg: UnavailableState
02-18 00:34:19.722  1000  1487  2801 W WifiService: Couldn't get PackageInfo for package:android.app.stubs
02-18 00:34:19.722  1000  1487  2801 D WifiService: Remove settings for package:android.app.stubs
02-18 00:34:19.722  1000  1487  2801 D WifiConfigManager: Remove all networks for app ApplicationInfo{29ad057 android.app.stubs}
02-18 00:34:19.722  1000  1487  2801 V WifiScanRequestProxy: Clearing scan request timestamps for uid=10142, packageName=android.app.stubs
02-18 00:34:19.722  1000  1487  1865 I RollbackManager: broadcast=ACTION_PACKAGE_FULLY_REMOVED pkg=android.app.stubs
02-18 00:34:19.723  1000  1487  1886 I InputReader: Reconfiguring input devices, changes=KEYBOARD_LAYOUTS
02-18 00:34:19.723  1000  1487  1722 D OomAdjuster: Not killing cached processes
02-18 00:34:19.723 10122  3563  3563 W MediaProvider: WorkProfileOwnerApps cache is empty
02-18 00:34:19.724 10122  3563  3563 D PickerSyncLockManager: Trying to acquire lock com.android.providers.media.photopicker.sync.CloseableReentrantLock@8693f87[Unlocked]. Lock Name = CLOUD_PROVIDER_LOCK. Threads that may be waiting to acquire this lock = []
02-18 00:34:19.724 10122  3563  3563 D CloseableReentrantLock: Successfully acquired lock com.android.providers.media.photopicker.sync.CloseableReentrantLock@8693f87[Locked by thread main]. Lock Name = CLOUD_PROVIDER_LOCK. Threads that may be waiting to acquire this lock = []
02-18 00:34:19.724 10122  3563  3563 D CloseableReentrantLock: Successfully released lock com.android.providers.media.photopicker.sync.CloseableReentrantLock@8693f87[Unlocked]. Lock Name = CLOUD_PROVIDER_LOCK. Threads that may be waiting to acquire this lock = []
02-18 00:34:19.724  1000  1487  2839 I commit_sys_config_file: [session_index,1]
02-18 00:34:19.725 10096  2875  2875 D ControlsListingControllerImpl: ServiceConfig reloaded, count: 0
02-18 00:34:19.726  1000  1487  2839 I commit_sys_config_file: [blobs_index,2]
02-18 00:34:19.726  1000  1487  2801 D WifiConfigStore: Writing to stores completed in 4 ms.
02-18 00:34:19.726  1000  1487  2801 I PasspointManager: No app ops listener found for android.app.stubs
02-18 00:34:19.726  1000  1487  2801 W WifiService: Couldn't get PackageInfo for package:android.app.stubs
02-18 00:34:19.726  1000  1487  2801 D WifiService: Remove settings for package:android.app.stubs
02-18 00:34:19.726  1000  1487  2801 D WifiConfigManager: Remove all networks for app ApplicationInfo{4041d61 android.app.stubs}
02-18 00:34:19.726  1000  1487  2801 V WifiScanRequestProxy: Clearing scan request timestamps for uid=10142, packageName=android.app.stubs
02-18 00:34:19.726  1000  1487  3633 W JobInfo : Job 'com.android.providers.media.module/com.android.providers.media.MediaService#-300' has a deadline with no functional constraints. The deadline won't improve job execution latency. Consider removing the deadline.
02-18 00:34:19.729  1000  1487  2801 D WifiConfigStore: Writing to stores completed in 3 ms.
02-18 00:34:19.729  1000  1487  2801 I PasspointManager: No app ops listener found for android.app.stubs
02-18 00:34:19.730 radio  3070  3070 D CarrierSvcBindHelper: No carrier app for: 0
02-18 00:34:19.730 radio  3070  3070 D CarrierSvcBindHelper: No carrier app for: 1
02-18 00:34:19.730   nfc  3570  3570 I RegisteredComponentCache: New Components => 
02-18 00:34:19.730   nfc  3570  3570 I RegisteredComponentCache: ComponentInfo: ResolveInfo{d62b679 com.android.apps.tag/.TagViewer m=0x108000 userHandle=UserHandle{0}}, techs: android.nfc.tech.Ndef, 
02-18 00:34:19.730   nfc  3570  3570 I RegisteredComponentCache: Removed Components => 
02-18 00:34:19.730   nfc  3570  3570 I RegisteredComponentCache: ComponentInfo: ResolveInfo{dc289ae com.android.apps.tag/.TagViewer m=0x108000 userHandle=UserHandle{0}}, techs: android.nfc.tech.Ndef, 
02-18 00:34:19.736 10091  3138  3166 W droid.launcher3: ApkAssets: Deleting an ApkAssets object '<empty> and /data/app/~~1WbzsZNb46gAeh80YU--ow==/android.app.stubs-Nsw8uZpUIVMRm9L8wKDfsQ==/base.apk' with 2 weak references
02-18 00:34:19.737 10118  2889  2889 D PersistedStoragePackageUninstalledReceiver: Received android.intent.action.PACKAGE_FULLY_REMOVED for android.display.cts for u0
02-18 00:34:19.740 radio  3070  3271 W EuiccConnector: No valid EuiccService implementation found
02-18 00:34:19.740 radio  3070  3271 D EuiccConnector: handleMessage: X
02-18 00:34:19.741   nfc  3570  3570 I RegisteredServicesCache: current user: 0, is managed profile : false
02-18 00:34:19.741   nfc  3570  3570 I RegisteredServicesCache: New Other Services => 
02-18 00:34:19.741   nfc  3570  3570 I RegisteredServicesCache: Removed Other Services => 
02-18 00:34:19.747   nfc  3570  3570 I RegisteredServicesCache: New Services => 
02-18 00:34:19.747   nfc  3570  3570 I RegisteredServicesCache: Removed Services => 
02-18 00:34:19.749  1068  3046  3061 D SecureElementService: getReaders() for com.android.nfc
02-18 00:34:19.750  1068  3046  3061 I SecureElement-AccessControlEnforcer: getAccessRule() appCert = 27196e386b875e76adf700e7ea84e4c6eee33dfa
02-18 00:34:19.750  1068  3046  3061 I SecureElement-AccessControlEnforcer: getAccessRule() appCert = c8a2e9bccf597c2fb6dc66bee293fc13f2fc47ec77bc6b2b0d52c11f51192ab8
02-18 00:34:19.750  1068  3046  3061 I SecureElement-AccessRuleCache: findAccessRule() not found
02-18 00:34:19.750  1068  3046  3061 I SecureElement-AccessControlEnforcer: getAccessRule() appCert = 27196e386b875e76adf700e7ea84e4c6eee33dfa
02-18 00:34:19.750  1068  3046  3061 I SecureElement-AccessControlEnforcer: getAccessRule() appCert = c8a2e9bccf597c2fb6dc66bee293fc13f2fc47ec77bc6b2b0d52c11f51192ab8
02-18 00:34:19.750  1068  3046  3061 I SecureElement-AccessRuleCache: findAccessRule() not found
02-18 00:34:19.752  1068  3046  3061 I SecureElement-Terminal-SIM2: isNfcEventAllowed: No access rules for checking.
02-18 00:34:19.758  1000  1487  1487 I Telecom : CarModeTracker: Package android.app.stubs is not tracked.: SSH.oR@ANs
02-18 00:34:19.758  1000  1487  1487 I Telecom : InCallController: updateCarModeForConnections: car mode apps: : SSH.oR@ANs
02-18 00:34:19.758  1000  1487  1487 I Telecom : InCallController: update carmode current:UserHandle{0} parent:null: SSH.oR@ANs
02-18 00:34:19.760 10122  3563  3991 I MediaProvider: Begin Intent { act=android.intent.action.PACKAGE_FULLY_REMOVED dat=package: flg=0x5000010 cmp=com.android.providers.media.module/com.android.providers.media.MediaService (has extras) }
02-18 00:34:19.760 10122  3563  3991 D MediaProvider: Deleted 0 Android/media items belonging to android.app.stubs on /data/user/0/com.android.providers.media.module/databases/external.db
02-18 00:34:19.760 10122  3563  3991 I FuseDaemon: Successfully deleted rows in leveldb for owner_id:  and ownerPackageIdentifier: android.app.stubs::0
02-18 00:34:19.761  1000  1487  1487 I notification_cancel_all: [1000,1487,android.app.stubs,0,0,0,5,NULL]
02-18 00:34:19.762  1000  1487  1487 I ConditionProviders: Disallowing condition provider android.app.stubs (userSet: true)
02-18 00:34:19.762 10122  3563  3991 D MediaGrants: Removed 0 media_grants for 0 user for [android.app.stubs]. Reason: Package orphaned
02-18 00:34:19.763 10122  3563  3991 I MediaProvider: End Intent { act=android.intent.action.PACKAGE_FULLY_REMOVED dat=package: flg=0x5000010 cmp=com.android.providers.media.module/com.android.providers.media.MediaService (has extras) }
02-18 00:34:19.776  1000  1487  2797 W BestClock: java.time.DateTimeException: Missing network time fix
02-18 00:34:19.776  1000  1487  2799 I commit_sys_config_file: [net-policy,6]
02-18 00:34:19.777  root   877   911 I netd    : tetherGetStats() -> {[]} <0.41ms>
02-18 00:34:19.779  1000  1487  2797 W BestClock: java.time.DateTimeException: Missing network time fix
02-18 00:34:19.779  1000  1487  2797 I netstats_mobile_sample: [0,0,0,0,0,0,0,0,1771346059779]
02-18 00:34:19.779  1000  1487  2797 I netstats_wifi_sample: [0,0,0,0,0,0,0,0,1771346059779]
02-18 00:34:19.784  1000  1487  3709 D SafetySourceDataValidat: No cert check requested for package com.android.permissioncontroller
02-18 00:34:19.790 10118  2889  2889 D PersistedStoragePackageUninstalledReceiver: Received android.intent.action.PACKAGE_FULLY_REMOVED for android.app.stubs for u0
02-18 00:34:19.796  1000  1487  1721 W MagnificationConnectionManager: requestConnection duplicated request: connect=false, mConnectionState=DISCONNECTED
02-18 00:34:19.796  1000  1487  1721 I CredManSysService: updateProvidersWhenPackageRemoved
02-18 00:34:19.796  1000  1487  1721 W CredManSysService: settings key is null
02-18 00:34:19.803 10091  3138  3138 D LauncherAppsCallbackImpl: package removed received android.app.stubs
02-18 00:34:19.803 10091  3138  3198 D PackageUpdatedTask: Removing app icon: android.app.stubs
02-18 00:34:19.806  1000  1487  1566 I system_server: Background concurrent mark compact GC freed 9116KB AllocSpace bytes, 39(1236KB) LOS objects, 75% free, 18MB/75MB, paused 2.184ms,3.022ms total 108.615ms
02-18 00:34:19.806 10091  3138  3198 D PackageUpdatedTask: mAllAppsList.removePackage android.app.stubs
02-18 00:34:19.807 10091  3138  3198 D ModelWriter: removing items from db . Reason: [removed because the corresponding package or component is removed. mOp=3 removedPackages=[android.app.stubs] removedComponents=[]]
02-18 00:34:19.807  1000  1487  1568 W system_server: ApkAssets: Deleting an ApkAssets object '<empty> and /system/priv-app/InputDevices/InputDevices.apk' with 1 weak references
02-18 00:34:19.807 10091  3138  3138 D StatsLog: LAUNCHER_ALLAPPS_COUNT
02-18 00:34:19.807  1000  1487  1568 W system_server: ApkAssets: Deleting an ApkAssets object '<empty> and /product/app/LatinIME/LatinIME.apk' with 1 weak references
02-18 00:34:19.826  1000   562   562 D DisplayDevice: setDesiredMode 4619827677550801152 {mode=60.00 Hz (60.00 Hz(60.00 Hz)), emitEvent=true, force=false}
02-18 00:34:19.826  1000   565  3395 D hwc-display: setActiveConfigWithConstraints:: PrimaryDisplay config(36) test(0)
02-18 00:34:19.826  1000   565  3395 I hwc-display: [PrimaryDisplay] setActiveConfigWithConstraints: config(36)
02-18 00:34:19.860  root   243   243 I gtd     : FTS_TS: refresh rate(Hz) changed to 60 from 90
