02-18 00:33:47.936  1000  1487  1571 V VirtualDisplayAdapter: Release VirtualDisplay VirtualDisplayTest
02-18 00:33:47.936  1000  1487  1571 D DisplayManagerService: Virtual Display: Display Device released
02-18 00:33:47.936  1000  1487  1571 I DisplayDeviceRepository: Display device removed: DisplayDeviceInfo{"VirtualDisplayTest": uniqueId="virtual:android.display.cts,10139,VirtualDisplayTest,2", 720 x 480, modeId 5, renderFrameRate 60.0, defaultModeId 5, userPreferredModeId -1, supportedModes [{id=5, width=720, height=480, fps=60.0, vsync=60.0, alternativeRefreshRates=[], supportedHdrTypes=[]}], colorMode 0, supportedColorModes [0], hdrCapabilities null, allmSupported false, gameContentTypeSupported false, density 160, 160.0 x 160.0 dpi, appVsyncOff 0, presDeadline 16666666, touch NONE, rotation 0, type VIRTUAL, deviceProductInfo null, state ON, committedState UNKNOWN, owner android.display.cts (uid 10139), frameRateOverride , brightnessMinimum 0.0, brightnessMaximum 0.0, brightnessDefault 0.0, hdrSdrRatio NaN, FLAG_OWN_CONTENT_ONLY, installOrientation 0, displayShape DisplayShape{ spec=2031491835 displayWidth=720 displayHeight=480 physicalPixelDisplaySizeRatio=1.0 rotation=0 offsetX=0 offsetY=0 scale=1.0}}
02-18 00:33:47.940 10139  7589  7605 E TestRunner: failed: testUntrustedSysDecorVirtualDisplay(android.display.cts.VirtualDisplayTest)
02-18 00:33:47.940 10139  7589  7605 E TestRunner: ----- begin exception -----
02-18 00:33:47.940 10139  7589  7605 E TestRunner: java.lang.AssertionError: display must have correct flags expected:<4> but was:<0>
02-18 00:33:47.940 10139  7589  7605 E TestRunner: 	at org.junit.Assert.fail(Assert.java:89)
02-18 00:33:47.940 10139  7589  7605 E TestRunner: 	at org.junit.Assert.failNotEquals(Assert.java:835)
02-18 00:33:47.940 10139  7589  7605 E TestRunner: 	at org.junit.Assert.assertEquals(Assert.java:647)
02-18 00:33:47.940 10139  7589  7605 E TestRunner: 	at android.display.cts.VirtualDisplayTest.assertDisplayRegistered(VirtualDisplayTest.java:355)
02-18 00:33:47.940 10139  7589  7605 E TestRunner: 	at android.display.cts.VirtualDisplayTest.testUntrustedSysDecorVirtualDisplay(VirtualDisplayTest.java:267)
02-18 00:33:47.940 10139  7589  7605 E TestRunner: 	at java.lang.reflect.Method.invoke(Native Method)
02-18 00:33:47.940 10139  7589  7605 E TestRunner: 	at org.junit.runners.model.FrameworkMethod$1.runReflectiveCall(FrameworkMethod.java:59)
02-18 00:33:47.940 10139  7589  7605 E TestRunner: 	at org.junit.internal.runners.model.ReflectiveCallable.run(ReflectiveCallable.java:12)
02-18 00:33:47.940 10139  7589  7605 E TestRunner: 	at org.junit.runners.model.FrameworkMethod.invokeExplosively(FrameworkMethod.java:61)
02-18 00:33:47.940 10139  7589  7605 E TestRunner: 	at org.junit.internal.runners.statements.InvokeMethod.evaluate(InvokeMethod.java:17)
02-18 00:33:47.940 10139  7589  7605 E TestRunner: 	at org.junit.internal.runners.statements.FailOnTimeout$CallableStatement.call(FailOnTimeout.java:148)
02-18 00:33:47.940 10139  7589  7605 E TestRunner: 	at org.junit.internal.runners.statements.FailOnTimeout$CallableStatement.call(FailOnTimeout.java:142)
02-18 00:33:47.940 10139  7589  7605 E TestRunner: 	at java.util.concurrent.FutureTask.run(FutureTask.java:264)
02-18 00:33:47.940 10139  7589  7605 E TestRunner: 	at java.lang.Thread.run(Thread.java:1012)
02-18 00:33:47.940 10139  7589  7605 E TestRunner: ----- end exception -----
02-18 00:33:47.941 10139  7589  7605 I TestRunner: finished: testUntrustedSysDecorVirtualDisplay(android.display.cts.VirtualDisplayTest)
02-18 00:33:47.942  1000  1487  1487 W WindowTokenClientController: Can't find attached WindowTokenClient for android.window.WindowTokenClient@6906bc5
02-18 00:33:47.944 10139  7589  7605 I TestRunner: started: testVirtualDisplayWithRequestedRefreshRate(android.display.cts.VirtualDisplayTest)
02-18 00:33:47.945  1000  1487  1721 D SkinThermalStatusObserver: Updating votes, display already removed, display=4
02-18 00:33:47.946 10096  2875  2937 D allDisplayEvents: newValue: Removed(displayId=3)
02-18 00:33:47.946  1000  1487  1487 W WindowTokenClientController: Can't find attached WindowTokenClient for android.window.WindowTokenClient@6906bc5
02-18 00:33:47.947 10096  2875  2923 D DisplayRepository: display with id=3 disconnected.
02-18 00:33:47.947 10096  2875  2875 D DisplayRepository: combining enabled=[0], connectedExternalDisplayIds=[], ignored=[]
02-18 00:33:47.948  1000  1487  2949 D DisplayManagerService: Virtual Display: creating DisplayDevice with VirtualDisplayAdapter
02-18 00:33:47.948 10096  2875  2933 D connectedDisplayIds: newValue: [0]
02-18 00:33:47.948 10096  2875  2923 D DisplayRepository: display with id=4 connected.
02-18 00:33:47.949  1000  1487  2949 I DisplayDeviceRepository: Display device added: DisplayDeviceInfo{"VirtualDisplayTest": uniqueId="virtual:android.display.cts,10139,VirtualDisplayTest,3", 720 x 480, modeId 6, renderFrameRate 30.0, defaultModeId 6, userPreferredModeId -1, supportedModes [{id=6, width=720, height=480, fps=30.0, vsync=30.0, alternativeRefreshRates=[], supportedHdrTypes=[]}], colorMode 0, supportedColorModes [0], hdrCapabilities null, allmSupported false, gameContentTypeSupported false, density 160, 160.0 x 160.0 dpi, appVsyncOff 0, presDeadline 33333333, touch NONE, rotation 0, type VIRTUAL, deviceProductInfo null, state ON, committedState UNKNOWN, owner android.display.cts (uid 10139), frameRateOverride , brightnessMinimum 0.0, brightnessMaximum 0.0, brightnessDefault 0.0, hdrSdrRatio NaN, FLAG_OWN_CONTENT_ONLY, installOrientation 0, displayShape DisplayShape{ spec=2031491835 displayWidth=720 displayHeight=480 physicalPixelDisplaySizeRatio=1.0 rotation=0 offsetX=0 offsetY=0 scale=1.0}}
02-18 00:33:47.949 10096  2875  2937 D connectedDisplayIds: newValue: [0, 4]
02-18 00:33:47.949  1000  1487  2949 I LogicalDisplayMapper: Applying layout: [{dispId: 0(ON), displayGroupName: , addr: {port=0, model=0x401ceccbbbeef1}, mThermalBrightnessThrottlingMapId: null, mRefreshRateZoneId: null, mLeadDisplayId: -1, mLeadDisplayAddress: null, mThermalRefreshRateThrottlingMapId: null, mPowerThrottlingMapId: null}], Previous layout: [{dispId: 0(ON), displayGroupName: , addr: {port=0, model=0x401ceccbbbeef1}, mThermalBrightnessThrottlingMapId: null, mRefreshRateZoneId: null, mLeadDisplayId: -1, mLeadDisplayAddress: null, mThermalRefreshRateThrottlingMapId: null, mPowerThrottlingMapId: null}]
02-18 00:33:47.949  1000  1487  2949 I LogicalDisplayMapper: Setting new display group 0 for display 5, from previous group: null
02-18 00:33:47.949 10096  2875  2925 D allDisplayEvents: newValue: Added(displayId=4)
02-18 00:33:47.950  1000  1487  2949 W BrightnessThrottler: DeviceConfig ThermalBrightnessThrottlingData is null
02-18 00:33:47.950  1000  1487  1712 D BrightnessThermalClamper: New thermal throttling status = 0
02-18 00:33:47.951  1000  1487  1754 D BrightnessPowerClamper: Power throttling data is missing for configuration data.
02-18 00:33:47.951  1000  1487  2949 W DisplayPowerController2[5]: Screen brightness nits configuration is unavailable; falling back
02-18 00:33:47.951  1000  1487  1716 I DisplayDevice: [5] Layerstack set to 5 for virtual:android.display.cts,10139,VirtualDisplayTest,3
02-18 00:33:47.952  1000  1487  2949 V VirtualDisplayAdapter: Release VirtualDisplay VirtualDisplayTest
02-18 00:33:47.952  1000  1487  2949 D DisplayManagerService: Virtual Display: Display Device released
02-18 00:33:47.953  1000  1487  2949 I DisplayDeviceRepository: Display device removed: DisplayDeviceInfo{"VirtualDisplayTest": uniqueId="virtual:android.display.cts,10139,VirtualDisplayTest,3", 720 x 480, modeId 6, renderFrameRate 30.0, defaultModeId 6, userPreferredModeId -1, supportedModes [{id=6, width=720, height=480, fps=30.0, vsync=30.0, alternativeRefreshRates=[], supportedHdrTypes=[]}], colorMode 0, supportedColorModes [0], hdrCapabilities null, allmSupported false, gameContentTypeSupported false, density 160, 160.0 x 160.0 dpi, appVsyncOff 0, presDeadline 33333333, touch NONE, rotation 0, type VIRTUAL, deviceProductInfo null, state ON, committedState UNKNOWN, owner android.display.cts (uid 10139), frameRateOverride , brightnessMinimum 0.0, brightnessMaximum 0.0, brightnessDefault 0.0, hdrSdrRatio NaN, FLAG_OWN_CONTENT_ONLY, installOrientation 0, displayShape DisplayShape{ spec=2031491835 displayWidth=720 displayHeight=480 physicalPixelDisplaySizeRatio=1.0 rotation=0 offsetX=0 offsetY=0 scale=1.0}}
02-18 00:33:47.953  1000  1487  3633 I InputManager: Not applying additional properties for display 3 because the pointer is currently targeting display 0.
02-18 00:33:47.955 10139  7589  7605 E TestRunner: failed: testVirtualDisplayWithRequestedRefreshRate(android.display.cts.VirtualDisplayTest)
02-18 00:33:47.955 10139  7589  7605 E TestRunner: ----- begin exception -----
02-18 00:33:47.955 10139  7589  7605 E TestRunner: java.lang.AssertionError: display must have correct flags expected:<4> but was:<0>
02-18 00:33:47.955 10139  7589  7605 E TestRunner: 	at org.junit.Assert.fail(Assert.java:89)
02-18 00:33:47.955 10139  7589  7605 E TestRunner: 	at org.junit.Assert.failNotEquals(Assert.java:835)
02-18 00:33:47.955 10139  7589  7605 E TestRunner: 	at org.junit.Assert.assertEquals(Assert.java:647)
02-18 00:33:47.955 10139  7589  7605 E TestRunner: 	at android.display.cts.VirtualDisplayTest.assertDisplayRegistered(VirtualDisplayTest.java:355)
02-18 00:33:47.955 10139  7589  7605 E TestRunner: 	at android.display.cts.VirtualDisplayTest.testVirtualDisplayWithRequestedRefreshRate(VirtualDisplayTest.java:310)
02-18 00:33:47.955 10139  7589  7605 E TestRunner: 	at java.lang.reflect.Method.invoke(Native Method)
02-18 00:33:47.955 10139  7589  7605 E TestRunner: 	at org.junit.runners.model.FrameworkMethod$1.runReflectiveCall(FrameworkMethod.java:59)
02-18 00:33:47.955 10139  7589  7605 E TestRunner: 	at org.junit.internal.runners.model.ReflectiveCallable.run(ReflectiveCallable.java:12)
02-18 00:33:47.955 10139  7589  7605 E TestRunner: 	at org.junit.runners.model.FrameworkMethod.invokeExplosively(FrameworkMethod.java:61)
02-18 00:33:47.955 10139  7589  7605 E TestRunner: 	at org.junit.internal.runners.statements.InvokeMethod.evaluate(InvokeMethod.java:17)
02-18 00:33:47.955 10139  7589  7605 E TestRunner: 	at org.junit.internal.runners.statements.FailOnTimeout$CallableStatement.call(FailOnTimeout.java:148)
02-18 00:33:47.955 10139  7589  7605 E TestRunner: 	at org.junit.internal.runners.statements.FailOnTimeout$CallableStatement.call(FailOnTimeout.java:142)
02-18 00:33:47.955 10139  7589  7605 E TestRunner: 	at java.util.concurrent.FutureTask.run(FutureTask.java:264)
02-18 00:33:47.955 10139  7589  7605 E TestRunner: 	at java.lang.Thread.run(Thread.java:1012)
02-18 00:33:47.955 10139  7589  7605 E TestRunner: ----- end exception -----
02-18 00:33:47.955 10139  7589  7605 I TestRunner: finished: testVirtualDisplayWithRequestedRefreshRate(android.display.cts.VirtualDisplayTest)
02-18 00:33:47.956 10139  7589  7605 D ShellHelper: runShellCommand(): settings get --user 0 global are_user_disabled_hdr_formats_allowed
02-18 00:33:47.956 10139  7589  7605 V CtsSystemUtil: Running command: settings get --user 0 global are_user_disabled_hdr_formats_allowed
02-18 00:33:47.957 10096  2875  2928 D allDisplayEvents: newValue: Removed(displayId=4)
02-18 00:33:47.958 10096  2875  2923 D DisplayRepository: display with id=4 disconnected.
02-18 00:33:47.958 10096  2875  2935 D connectedDisplayIds: newValue: [0]
02-18 00:33:47.959 10096  2875  2923 D DisplayRepository: display with id=5 connected.
02-18 00:33:47.959 10096  2875  2928 D connectedDisplayIds: newValue: [0, 5]
02-18 00:33:47.959 10096  2875  2925 D allDisplayEvents: newValue: Added(displayId=5)
02-18 00:33:47.959 10096  2875  2933 D allDisplayEvents: newValue: Added(displayId=5)
02-18 00:33:47.959 10096  2875  2934 D allDisplayEvents: newValue: Added(displayId=5)
02-18 00:33:47.960 10096  2875  2875 D DisplayRepository: combining enabled=[0], connectedExternalDisplayIds=[], ignored=[]
02-18 00:33:47.960 10096  2875  2875 D DisplayRepository: combining enabled=[0], connectedExternalDisplayIds=[], ignored=[]
02-18 00:33:47.961 10096  2875  2875 D DisplayRepository: combining enabled=[0], connectedExternalDisplayIds=[], ignored=[]
02-18 00:33:47.961 10096  2875  2929 D allDisplayEvents: newValue: Removed(displayId=5)
02-18 00:33:47.961 10096  2875  2875 D DisplayRepository: combining enabled=[0], connectedExternalDisplayIds=[], ignored=[]
02-18 00:33:47.961 10096  2875  2937 D allDisplayEvents: newValue: Removed(displayId=5)
02-18 00:33:47.961 10096  2875  2923 D DisplayRepository: display with id=5 disconnected.
02-18 00:33:47.961 10096  2875  2925 D connectedDisplayIds: newValue: [0]
02-18 00:33:47.961 10096  2875  2875 D DisplayRepository: combining enabled=[0], connectedExternalDisplayIds=[], ignored=[]
02-18 00:33:47.961 10096  2875  2875 D DisplayRepository: combining enabled=[0], connectedExternalDisplayIds=[], ignored=[]
02-18 00:33:47.961 10096  2875  2875 D DisplayRepository: combining enabled=[0], connectedExternalDisplayIds=[], ignored=[]
02-18 00:33:47.962 10096  2875  2875 D DisplayRepository: combining enabled=[0], connectedExternalDisplayIds=[], ignored=[]
02-18 00:33:47.962 10096  2875  2875 D DisplayRepository: combining enabled=[0], connectedExternalDisplayIds=[], ignored=[]
02-18 00:33:47.969 10139  7589  7605 D UserSettings: [namespace=GLOBAL, user=0]: get(are_user_disabled_hdr_formats_allowed): settings returned 'null', returning 'null'
02-18 00:33:47.969 10139  7589  7605 D ShellHelper: runShellCommand(): settings get --user 0 global user_disabled_hdr_formats
02-18 00:33:47.969 10139  7589  7605 V CtsSystemUtil: Running command: settings get --user 0 global user_disabled_hdr_formats
02-18 00:33:47.991 10139  7589  7605 D UserSettings: [namespace=GLOBAL, user=0]: get(user_disabled_hdr_formats): settings returned '', returning ''
02-18 00:33:47.991  1000  1487  1871 I commit_sys_config_file: [settings-2-0,6]
02-18 00:33:47.991 10139  7589  7605 I TestRunner: run finished: 5 tests, 2 failed, 0 ignored
02-18 00:33:47.995  1000  1487  3633 W MagnificationConnectionManager: requestConnection duplicated request: connect=false, mConnectionState=DISCONNECTED
02-18 00:33:47.995  1000  1487  3633 D AccessibilityManagerService: restoreCurrentUserForTestAutomationIfNeededLocked(): ignoring because device doesn't support visible background users
02-18 00:33:47.997  1000  1487  1487 D BatterySaverPolicy: accessibility changed to false, updating policy.
02-18 00:33:47.997  1000  1487  2957 I ActivityManager: Force stopping android.display.cts appid=10139 user=0: finished inst
02-18 00:33:47.998  1000  1487  2957 E ActivityManager: Unable to freeze binder for 7589: -11
02-18 00:33:47.999  1000  1487  2957 I am_uid_stopped: 10139
02-18 00:33:48.031  1000  2957  2957 I binder  : 1487:2957 ioctl 400c620e 72dbc9042c returned -11
02-18 00:33:47.999  1000  1487  2957 I ActivityManager: Killing 7589:android.display.cts/u0a139 (adj 0): stop android.display.cts due to finished inst
02-18 00:33:48.000  1000  1487  2957 I am_kill : [0,7589,android.display.cts,0,stop android.display.cts due to finished inst,119340]
02-18 00:33:48.000 shell  7574  7574 I app_process: System.exit called, status: 0
02-18 00:33:48.000 shell  7574  7574 I AndroidRuntime: VM exiting with result code 0.
02-18 00:33:48.000  1000  1487  1713 D DisplayManagerService: Drop pending events for gone uid 10139
02-18 00:33:48.067  root  1707  1707 I binder  : undelivered transaction 251418, process died.
02-18 00:33:48.131  1000  1487  1871 I commit_sys_config_file: [settings-0-0,13]
02-18 00:33:48.165  1000  1487  1761 I AppsFilter: interaction: PackageSetting{2b7bcef com.android.microdroid.empty_payload/10111} -> PackageSetting{c18e4aa android.display.cts/10139} BLOCKED
02-18 00:33:48.166  1000  1487  1722 I ActivityManager: Force stopping android.display.cts appid=10139 user=-1: deletePackageX
02-18 00:33:48.173  1017   550   550 I keystore2: system/security/keystore2/src/maintenance.rs:347 - clearNamespace(r#APP, nspace=10139)
02-18 00:33:48.201  1000  1487  1871 I commit_sys_config_file: [settings-2-0,6]
02-18 00:33:48.210  1000  1487  1761 I commit_sys_config_file: [package,13]
02-18 00:33:48.212  1000  1487  1761 D PackageManager: Instant App installer not found with android.intent.action.INSTALL_INSTANT_APP_PACKAGE
02-18 00:33:48.212  1000  1487  1761 D PackageManager: Clear ephemeral installer activity
02-18 00:33:48.242  logd  5133  5133 I logd    : start watching /data/system/packages.list ...
02-18 00:33:48.245  logd  5133  5133 I logd    : ReadPackageList, total packages: 133
02-18 00:33:48.212  1000  1487  4040 E TaskPersister: File error accessing recents directory (directory doesn't exist?).
02-18 00:33:48.223  1000  1487  1761 I ActivityManager: Force stopping android.display.cts appid=10139 user=0: pkg removed
02-18 00:33:48.228  1000  1487  1758 I commit_sys_config_file: [package-user-0,18]
02-18 00:33:48.231  1000  1487  1905 V StorageManagerService: Package android.display.cts does not have legacy storage
02-18 00:33:48.233 radio  3070  3070 D CarrierSvcBindHelper: onPackageRemoved: android.display.cts
02-18 00:33:48.233 radio  3070  3271 D EuiccConnector: handleMessage: E msg.what=1
02-18 00:33:48.233 radio  3070  3271 D EuiccConnector: processMsg: UnavailableState
02-18 00:33:48.234 radio  3070  3070 D CarrierSvcBindHelper: No carrier app for: 0
02-18 00:33:48.234 radio  3070  3271 W EuiccConnector: No valid EuiccService implementation found
02-18 00:33:48.234 radio  3070  3271 D EuiccConnector: handleMessage: X
02-18 00:33:48.234 radio  3070  3070 D CarrierSvcBindHelper: No carrier app for: 1
02-18 00:33:48.236   nfc  3570  3570 I RegisteredComponentCache: New Components => 
02-18 00:33:48.236   nfc  3570  3570 I RegisteredComponentCache: ComponentInfo: ResolveInfo{c47fa9 com.android.apps.tag/.TagViewer m=0x108000 userHandle=UserHandle{0}}, techs: android.nfc.tech.Ndef, 
02-18 00:33:48.236   nfc  3570  3570 I RegisteredComponentCache: Removed Components => 
02-18 00:33:48.236   nfc  3570  3570 I RegisteredComponentCache: ComponentInfo: ResolveInfo{f242264 com.android.apps.tag/.TagViewer m=0x108000 userHandle=UserHandle{0}}, techs: android.nfc.tech.Ndef, 
02-18 00:33:48.246 10122  3563  3563 W MediaProvider: WorkProfileOwnerApps cache is empty
02-18 00:33:48.246 10122  3563  3563 D PickerSyncLockManager: Trying to acquire lock com.android.providers.media.photopicker.sync.CloseableReentrantLock@8693f87[Unlocked]. Lock Name = CLOUD_PROVIDER_LOCK. Threads that may be waiting to acquire this lock = []
02-18 00:33:48.246 10122  3563  3563 D CloseableReentrantLock: Successfully acquired lock com.android.providers.media.photopicker.sync.CloseableReentrantLock@8693f87[Locked by thread main]. Lock Name = CLOUD_PROVIDER_LOCK. Threads that may be waiting to acquire this lock = []
02-18 00:33:48.246 10122  3563  3563 D CloseableReentrantLock: Successfully released lock com.android.providers.media.photopicker.sync.CloseableReentrantLock@8693f87[Unlocked]. Lock Name = CLOUD_PROVIDER_LOCK. Threads that may be waiting to acquire this lock = []
02-18 00:33:48.247  1000  1487  1721 W MagnificationConnectionManager: requestConnection duplicated request: connect=false, mConnectionState=DISCONNECTED
02-18 00:33:48.247 10096  2875  2875 D ControlsListingControllerImpl: ServiceConfig reloaded, count: 0
02-18 00:33:48.248  1000  1487  2958 W JobInfo : Job 'com.android.providers.media.module/com.android.providers.media.MediaService#-300' has a deadline with no functional constraints. The deadline won't improve job execution latency. Consider removing the deadline.
02-18 00:33:48.248  1000  1487  1721 I CredManSysService: updateProvidersWhenPackageRemoved
02-18 00:33:48.248  1000  1487  1721 W CredManSysService: settings key is null
02-18 00:33:48.254   nfc  3570  3570 I RegisteredServicesCache: current user: 0, is managed profile : false
02-18 00:33:48.254   nfc  3570  3570 I RegisteredServicesCache: New Other Services => 
02-18 00:33:48.254   nfc  3570  3570 I RegisteredServicesCache: Removed Other Services => 
02-18 00:33:48.256  1000  1487  2801 W WifiService: Couldn't get PackageInfo for package:android.display.cts
02-18 00:33:48.256  1000  1487  2801 D WifiService: Remove settings for package:android.display.cts
02-18 00:33:48.256  1000  1487  2801 D WifiConfigManager: Remove all networks for app ApplicationInfo{124e56 android.display.cts}
02-18 00:33:48.256  1000  1487  2801 V WifiScanRequestProxy: Clearing scan request timestamps for uid=10139, packageName=android.display.cts
02-18 00:33:48.257   nfc  3570  3570 I RegisteredServicesCache: New Services => 
02-18 00:33:48.257   nfc  3570  3570 I RegisteredServicesCache: Removed Services => 
02-18 00:33:48.259  1000  1487  1886 I InputReader: Reconfiguring input devices, changes=KEYBOARD_LAYOUTS
02-18 00:33:48.259  1068  3046  3061 D SecureElementService: getReaders() for com.android.nfc
02-18 00:33:48.262  1068  3046  3061 I SecureElement-AccessControlEnforcer: getAccessRule() appCert = 27196e386b875e76adf700e7ea84e4c6eee33dfa
02-18 00:33:48.263  1068  3046  3061 I SecureElement-AccessControlEnforcer: getAccessRule() appCert = c8a2e9bccf597c2fb6dc66bee293fc13f2fc47ec77bc6b2b0d52c11f51192ab8
02-18 00:33:48.263  1068  3046  3061 I SecureElement-AccessRuleCache: findAccessRule() not found
02-18 00:33:48.264  1068  3046  3061 I SecureElement-AccessControlEnforcer: getAccessRule() appCert = 27196e386b875e76adf700e7ea84e4c6eee33dfa
02-18 00:33:48.264  1068  3046  3061 I SecureElement-AccessControlEnforcer: getAccessRule() appCert = c8a2e9bccf597c2fb6dc66bee293fc13f2fc47ec77bc6b2b0d52c11f51192ab8
02-18 00:33:48.264  1068  3046  3061 I SecureElement-AccessRuleCache: findAccessRule() not found
02-18 00:33:48.264 10091  3138  3138 D LauncherAppsCallbackImpl: package removed received android.display.cts
02-18 00:33:48.265 10091  3138  3198 D PackageUpdatedTask: Removing app icon: android.display.cts
02-18 00:33:48.265 10091  3138  3198 D PackageUpdatedTask: mAllAppsList.removePackage android.display.cts
02-18 00:33:48.265 10091  3138  3198 D ModelWriter: removing items from db . Reason: [removed because the corresponding package or component is removed. mOp=3 removedPackages=[android.display.cts] removedComponents=[]]
02-18 00:33:48.265  1000  1487  2801 D WifiConfigStore: Writing to stores completed in 9 ms.
02-18 00:33:48.265  1000  1487  2801 I PasspointManager: No app ops listener found for android.display.cts
02-18 00:33:48.266  1068  3046  3065 I SecureElement-Terminal-SIM2: isNfcEventAllowed: No access rules for checking.
02-18 00:33:48.269  1000  1487  1865 I RollbackManager: broadcast=ACTION_PACKAGE_FULLY_REMOVED pkg=android.display.cts
02-18 00:33:48.269  1000  1487  2801 W WifiService: Couldn't get PackageInfo for package:android.display.cts
02-18 00:33:48.269  1000  1487  2801 D WifiService: Remove settings for package:android.display.cts
02-18 00:33:48.270  1000  1487  2801 D WifiConfigManager: Remove all networks for app ApplicationInfo{1afef8c android.display.cts}
02-18 00:33:48.270  1000  1487  2801 V WifiScanRequestProxy: Clearing scan request timestamps for uid=10139, packageName=android.display.cts
02-18 00:33:48.270  1000  1487  2839 I commit_sys_config_file: [session_index,1]
02-18 00:33:48.271  1000  1487  2839 I commit_sys_config_file: [blobs_index,1]
02-18 00:33:48.272  1000  1487  2801 D WifiConfigStore: Writing to stores completed in 2 ms.
02-18 00:33:48.272  1000  1487  2801 I PasspointManager: No app ops listener found for android.display.cts
02-18 00:33:48.279  1000  1487  1722 I ActivityManager: Force stopping android.app.stubs appid=10140 user=-1: deletePackageX
02-18 00:33:48.279  1000  1487  1761 I AppsFilter: interaction: PackageSetting{2b7bcef com.android.microdroid.empty_payload/10111} -> PackageSetting{c9f5f3c android.app.stubs/10140} BLOCKED
02-18 00:33:48.281  1017   550   550 I keystore2: system/security/keystore2/src/maintenance.rs:347 - clearNamespace(r#APP, nspace=10140)
02-18 00:33:48.284  1000  1487  1761 I PermissionManager: Removing permission android.app.stubs.DYNAMIC_RECEIVER_NOT_EXPORTED_PERMISSION that used to be declared by android.app.stubs
02-18 00:33:48.284  1000  1487  1761 I PermissionManager: Removing permission android.app.stubs.permission.TEST_GRANTED that used to be declared by android.app.stubs
02-18 00:33:48.284  1000  1487  1761 I PermissionManager: Permission ownership changed. Updating all permissions.
02-18 00:33:48.317  1000  1487  1566 I system_server: Background concurrent mark compact GC freed 9454KB AllocSpace bytes, 54(1456KB) LOS objects, 75% free, 18MB/73MB, paused 1.482ms,2.151ms total 103.961ms
02-18 00:33:48.322  1000  1487  1761 I commit_sys_config_file: [package,11]
02-18 00:33:48.323  1000  1487  1714 I DropBoxManagerService: add tag=system_server_strictmode isTagEnabled=true flags=0x2
02-18 00:33:48.323  1000  1487  1761 D PackageManager: Instant App installer not found with android.intent.action.INSTALL_INSTANT_APP_PACKAGE
02-18 00:33:48.323  1000  1487  1761 D PackageManager: Clear ephemeral installer activity
02-18 00:33:48.323  1000  1487  1568 W system_server: ApkAssets: Deleting an ApkAssets object '<empty> and /system_ext/app/AccessibilityMenu/AccessibilityMenu.apk' with 1 weak references
02-18 00:33:48.323  1000  1487  4040 E TaskPersister: File error accessing recents directory (directory doesn't exist?).
02-18 00:33:48.354  logd  5133  5133 I logd    : start watching /data/system/packages.list ...
02-18 00:33:48.360  logd  5133  5133 I logd    : ReadPackageList, total packages: 132
02-18 00:33:48.331  1000  1487  1758 I commit_sys_config_file: [package-user-0,9]
02-18 00:33:48.332  1000  1487  1761 I ActivityManager: Force stopping android.app.stubs appid=10140 user=0: pkg removed
02-18 00:33:48.333 10122  3563  3991 I MediaProvider: Begin Intent { act=android.intent.action.PACKAGE_FULLY_REMOVED dat=package: flg=0x5000010 cmp=com.android.providers.media.module/com.android.providers.media.MediaService (has extras) }
02-18 00:33:48.333 10091  3138  3138 I force_gc: bg
02-18 00:33:48.334 10122  3563  3991 D MediaProvider: Deleted 0 Android/media items belonging to android.display.cts on /data/user/0/com.android.providers.media.module/databases/external.db
02-18 00:33:48.335 radio  3070  3070 D CarrierSvcBindHelper: onPackageRemoved: android.app.stubs
02-18 00:33:48.335  1000  1487  1905 V StorageManagerService: Package android.app.stubs does not have legacy storage
02-18 00:33:48.336 radio  3070  3271 D EuiccConnector: handleMessage: E msg.what=1
02-18 00:33:48.336 radio  3070  3271 D EuiccConnector: processMsg: UnavailableState
02-18 00:33:48.336 radio  3070  3070 D CarrierSvcBindHelper: No carrier app for: 0
02-18 00:33:48.336 radio  3070  3070 D CarrierSvcBindHelper: No carrier app for: 1
02-18 00:33:48.337 radio  3070  3271 W EuiccConnector: No valid EuiccService implementation found
02-18 00:33:48.337 radio  3070  3271 D EuiccConnector: handleMessage: X
02-18 00:33:48.338 10122  3563  3991 I FuseDaemon: Successfully deleted rows in leveldb for owner_id:  and ownerPackageIdentifier: android.display.cts::0
02-18 00:33:48.338   nfc  3570  3570 I RegisteredComponentCache: New Components => 
02-18 00:33:48.338   nfc  3570  3570 I RegisteredComponentCache: ComponentInfo: ResolveInfo{453eac0 com.android.apps.tag/.TagViewer m=0x108000 userHandle=UserHandle{0}}, techs: android.nfc.tech.Ndef, 
02-18 00:33:48.338   nfc  3570  3570 I RegisteredComponentCache: Removed Components => 
02-18 00:33:48.338   nfc  3570  3570 I RegisteredComponentCache: ComponentInfo: ResolveInfo{c47fa9 com.android.apps.tag/.TagViewer m=0x108000 userHandle=UserHandle{0}}, techs: android.nfc.tech.Ndef, 
02-18 00:33:48.339 10122  3563  3991 D MediaGrants: Removed 0 media_grants for 0 user for [android.display.cts]. Reason: Package orphaned
02-18 00:33:48.339 10122  3563  3991 I MediaProvider: End Intent { act=android.intent.action.PACKAGE_FULLY_REMOVED dat=package: flg=0x5000010 cmp=com.android.providers.media.module/com.android.providers.media.MediaService (has extras) }
02-18 00:33:48.343  1000  1487  1487 I Telecom : CarModeTracker: Package android.display.cts is not tracked.: SSH.oR@AMM
02-18 00:33:48.343  1000  1487  1487 I Telecom : InCallController: updateCarModeForConnections: car mode apps: : SSH.oR@AMM
02-18 00:33:48.344  1000  1487  1487 I Telecom : InCallController: update carmode current:UserHandle{0} parent:null: SSH.oR@AMM
02-18 00:33:48.346  1000  1487  7240 D SafetySourceDataValidat: No cert check requested for package com.android.permissioncontroller
02-18 00:33:48.351   nfc  3570  3570 I RegisteredServicesCache: current user: 0, is managed profile : false
02-18 00:33:48.351   nfc  3570  3570 I RegisteredServicesCache: New Other Services => 
02-18 00:33:48.351   nfc  3570  3570 I RegisteredServicesCache: Removed Other Services => 
02-18 00:33:48.353  1000  1487  1487 I notification_cancel_all: [1000,1487,android.display.cts,0,0,0,5,NULL]
02-18 00:33:48.354  1000  1487  1721 W MagnificationConnectionManager: requestConnection duplicated request: connect=false, mConnectionState=DISCONNECTED
02-18 00:33:48.354  1000  1487  1721 I CredManSysService: updateProvidersWhenPackageRemoved
02-18 00:33:48.355  1000  1487  1487 I ConditionProviders: Disallowing condition provider android.display.cts (userSet: true)
02-18 00:33:48.355 10122  3563  3563 W MediaProvider: WorkProfileOwnerApps cache is empty
02-18 00:33:48.355 10122  3563  3563 D PickerSyncLockManager: Trying to acquire lock com.android.providers.media.photopicker.sync.CloseableReentrantLock@8693f87[Unlocked]. Lock Name = CLOUD_PROVIDER_LOCK. Threads that may be waiting to acquire this lock = []
02-18 00:33:48.355 10122  3563  3563 D CloseableReentrantLock: Successfully acquired lock com.android.providers.media.photopicker.sync.CloseableReentrantLock@8693f87[Locked by thread main]. Lock Name = CLOUD_PROVIDER_LOCK. Threads that may be waiting to acquire this lock = []
02-18 00:33:48.355 10122  3563  3563 D CloseableReentrantLock: Successfully released lock com.android.providers.media.photopicker.sync.CloseableReentrantLock@8693f87[Unlocked]. Lock Name = CLOUD_PROVIDER_LOCK. Threads that may be waiting to acquire this lock = []
02-18 00:33:48.355  1000  1487  1721 W CredManSysService: settings key is null
02-18 00:33:48.358  1000  1487  1865 I RollbackManager: broadcast=ACTION_PACKAGE_FULLY_REMOVED pkg=android.app.stubs
02-18 00:33:48.359  1000  1487  2801 W WifiService: Couldn't get PackageInfo for package:android.app.stubs
02-18 00:33:48.359  1000  1487  2801 D WifiService: Remove settings for package:android.app.stubs
02-18 00:33:48.359  1000  1487  2801 D WifiConfigManager: Remove all networks for app ApplicationInfo{73fea4e android.app.stubs}
02-18 00:33:48.359  1000  1487  2801 V WifiScanRequestProxy: Clearing scan request timestamps for uid=10140, packageName=android.app.stubs
02-18 00:33:48.359 10091  3138  3166 W droid.launcher3: ApkAssets: Deleting an ApkAssets object '<empty> and /data/app/~~gry4JO_vIr-N1H24349P0A==/android.app.stubs-3spE2ep57KQzzouMc_y4Pw==/base.apk' with 2 weak references
02-18 00:33:48.360  1000  1487  1886 I InputReader: Reconfiguring input devices, changes=KEYBOARD_LAYOUTS
02-18 00:33:48.361  1000  1487  2799 I commit_sys_config_file: [net-policy,3]
02-18 00:33:48.361  1000  1487  2839 I commit_sys_config_file: [session_index,0]
02-18 00:33:48.362  1000  1487  2801 D WifiConfigStore: Writing to stores completed in 3 ms.
02-18 00:33:48.362  1000  1487  2801 I PasspointManager: No app ops listener found for android.app.stubs
02-18 00:33:48.362  1000  1487  2801 W WifiService: Couldn't get PackageInfo for package:android.app.stubs
02-18 00:33:48.362  1000  1487  2801 D WifiService: Remove settings for package:android.app.stubs
02-18 00:33:48.362  1000  1487  2801 D WifiConfigManager: Remove all networks for app ApplicationInfo{1dfb103 android.app.stubs}
02-18 00:33:48.362  1000  1487  2801 V WifiScanRequestProxy: Clearing scan request timestamps for uid=10140, packageName=android.app.stubs
02-18 00:33:48.362  1000  1487  2839 I commit_sys_config_file: [blobs_index,0]
02-18 00:33:48.363  1000  1487  2797 W BestClock: java.time.DateTimeException: Missing network time fix
02-18 00:33:48.363  1000  1487  2958 W JobInfo : Job 'com.android.providers.media.module/com.android.providers.media.MediaService#-300' has a deadline with no functional constraints. The deadline won't improve job execution latency. Consider removing the deadline.
02-18 00:33:48.366  root   877   911 I netd    : tetherGetStats() -> {[]} <1.12ms>
02-18 00:33:48.366  1000  1487  2797 W BestClock: java.time.DateTimeException: Missing network time fix
02-18 00:33:48.366  1000  1487  2797 I netstats_mobile_sample: [0,0,0,0,0,0,0,0,1771346028366]
02-18 00:33:48.366  1000  1487  2797 I netstats_wifi_sample: [0,0,0,0,0,0,0,0,1771346028366]
02-18 00:33:48.367  1000  1487  2801 D WifiConfigStore: Writing to stores completed in 5 ms.
02-18 00:33:48.367  1000  1487  2801 I PasspointManager: No app ops listener found for android.app.stubs
02-18 00:33:48.370 10096  2875  2875 D ControlsListingControllerImpl: ServiceConfig reloaded, count: 0
02-18 00:33:48.371   nfc  3570  3570 I RegisteredServicesCache: New Services => 
02-18 00:33:48.371   nfc  3570  3570 I RegisteredServicesCache: Removed Services => 
02-18 00:33:48.372 10118  2889  2889 D PersistedStoragePackageUninstalledReceiver: Received android.intent.action.PACKAGE_FULLY_REMOVED for android.display.cts for u0
02-18 00:33:48.379  1068  3046  3065 D SecureElementService: getReaders() for com.android.nfc
02-18 00:33:48.381  1068  3046  3065 I SecureElement-AccessControlEnforcer: getAccessRule() appCert = 27196e386b875e76adf700e7ea84e4c6eee33dfa
02-18 00:33:48.381  1068  3046  3065 I SecureElement-AccessControlEnforcer: getAccessRule() appCert = c8a2e9bccf597c2fb6dc66bee293fc13f2fc47ec77bc6b2b0d52c11f51192ab8
02-18 00:33:48.381  1068  3046  3065 I SecureElement-AccessRuleCache: findAccessRule() not found
02-18 00:33:48.382  1068  3046  3065 I SecureElement-AccessControlEnforcer: getAccessRule() appCert = 27196e386b875e76adf700e7ea84e4c6eee33dfa
02-18 00:33:48.382  1068  3046  3065 I SecureElement-AccessControlEnforcer: getAccessRule() appCert = c8a2e9bccf597c2fb6dc66bee293fc13f2fc47ec77bc6b2b0d52c11f51192ab8
02-18 00:33:48.382  1068  3046  3065 I SecureElement-AccessRuleCache: findAccessRule() not found
02-18 00:33:48.387  1068  3046  3065 I SecureElement-Terminal-SIM2: isNfcEventAllowed: No access rules for checking.
02-18 00:33:48.406  1000  1487  7240 D SafetySourceDataValidat: No cert check requested for package com.android.permissioncontroller
02-18 00:33:48.417 10118  2889  2889 D PersistedStoragePackageUninstalledReceiver: Received android.intent.action.PACKAGE_FULLY_REMOVED for android.app.stubs for u0
02-18 00:33:48.433  1000  1487  1566 I system_server: Background concurrent mark compact GC freed 6329KB AllocSpace bytes, 24(856KB) LOS objects, 75% free, 19MB/76MB, paused 1.344ms,3.587ms total 108.842ms
02-18 00:33:48.434  1000  1487  1568 W system_server: ApkAssets: Deleting an ApkAssets object '<empty> and /system_ext/app/AccessibilityMenu/AccessibilityMenu.apk' with 1 weak references
02-18 00:33:48.440  1000  1487  1487 I Telecom : CarModeTracker: Package android.app.stubs is not tracked.: SSH.oR@AMY
02-18 00:33:48.440  1000  1487  1487 I Telecom : InCallController: updateCarModeForConnections: car mode apps: : SSH.oR@AMY
02-18 00:33:48.440  1000  1487  1487 I Telecom : InCallController: update carmode current:UserHandle{0} parent:null: SSH.oR@AMY
02-18 00:33:48.443  1000  1487  1487 I notification_cancel_all: [1000,1487,android.app.stubs,0,0,0,5,NULL]
02-18 00:33:48.443 10122  3563  3991 I MediaProvider: Begin Intent { act=android.intent.action.PACKAGE_FULLY_REMOVED dat=package: flg=0x5000010 cmp=com.android.providers.media.module/com.android.providers.media.MediaService (has extras) }
02-18 00:33:48.443 10122  3563  3991 D MediaProvider: Deleted 0 Android/media items belonging to android.app.stubs on /data/user/0/com.android.providers.media.module/databases/external.db
02-18 00:33:48.443 10122  3563  3991 I FuseDaemon: Successfully deleted rows in leveldb for owner_id:  and ownerPackageIdentifier: android.app.stubs::0
02-18 00:33:48.443  1000  1487  1487 I ConditionProviders: Disallowing condition provider android.app.stubs (userSet: true)
02-18 00:33:48.443 10122  3563  3991 D MediaGrants: Removed 0 media_grants for 0 user for [android.app.stubs]. Reason: Package orphaned
02-18 00:33:48.444 10122  3563  3991 I MediaProvider: End Intent { act=android.intent.action.PACKAGE_FULLY_REMOVED dat=package: flg=0x5000010 cmp=com.android.providers.media.module/com.android.providers.media.MediaService (has extras) }
02-18 00:33:48.452  1000  1487  2799 I commit_sys_config_file: [net-policy,1]
02-18 00:33:48.452  1000  1487  2797 W BestClock: java.time.DateTimeException: Missing network time fix
02-18 00:33:48.454 10091  3138  3138 D LauncherAppsCallbackImpl: package removed received android.app.stubs
02-18 00:33:48.454 10091  3138  3198 D PackageUpdatedTask: Removing app icon: android.app.stubs
02-18 00:33:48.454  root   877   911 I netd    : tetherGetStats() -> {[]} <1.00ms>
02-18 00:33:48.455  1000  1487  2797 W BestClock: java.time.DateTimeException: Missing network time fix
02-18 00:33:48.455  1000  1487  2797 I netstats_mobile_sample: [0,0,0,0,0,0,0,0,1771346028455]
02-18 00:33:48.455  1000  1487  2797 I netstats_wifi_sample: [0,0,0,0,0,0,0,0,1771346028455]
02-18 00:33:48.456 10091  3138  3198 D PackageUpdatedTask: mAllAppsList.removePackage android.app.stubs
02-18 00:33:48.457 10091  3138  3138 D StatsLog: LAUNCHER_ALLAPPS_COUNT
02-18 00:33:48.457 10091  3138  3198 D ModelWriter: removing items from db . Reason: [removed because the corresponding package or component is removed. mOp=3 removedPackages=[android.app.stubs] removedComponents=[]]
02-18 00:33:48.460  1000  1487  1871 I commit_sys_config_file: [settings-2-0,12]
02-18 00:33:48.462 10122  3563  4979 W MediaProvider: isAppCloneUserPair for user 0: false
02-18 00:33:48.475  1000  1487  2957 E AtomicFile: Failed to rename /data/system/cachequota.xml.new to /data/system/cachequota.xml
02-18 00:33:48.568 10122  3563  3869 I MediaProvider: Deleted 1 0 0 0 0 0 0 items on external_primary due to com.android.shell
02-18 00:33:48.627  1000  1487  1714 I commit_sys_config_file: [notification-policy,6]
02-18 00:33:48.689  1000  1487  1874 I RoleService: Granting default roles...
02-18 00:33:48.918 10122  3563  3870 W MediaProvider: isAppCloneUserPair for user 0: false
02-18 00:33:49.055 10122  3563  4979 I MediaProvider: Deleted 1 0 0 0 0 0 0 items on external_primary due to com.android.shell
02-18 00:33:49.134  artd  4593  4593 I artd    : Dex parent of /data/app/~~AqBiL7XUH5Xrmedf5Gy8hg==/com.android.tradefed.utils.wifi-QTd18gZ6_JPdjvdvCivJdw==/base.apk is not writable: Permission denied
02-18 00:33:49.135  artd  4593  4593 I artd    : GetBestInfo checking odex in dalvik-cache (/data/dalvik-cache/arm64/data@app@~~AqBiL7XUH5Xrmedf5Gy8hg==@com.android.tradefed.utils.wifi-QTd18gZ6_JPdjvdvCivJdw==@base.apk@classes.dex)
02-18 00:33:49.135  artd  4593  4593 I artd    : Loading /data/dalvik-cache/arm64/data@app@~~AqBiL7XUH5Xrmedf5Gy8hg==@com.android.tradefed.utils.wifi-QTd18gZ6_JPdjvdvCivJdw==@base.apk@classes.dex with executable: 0
02-18 00:33:49.135  artd  4593  4593 I artd    : OatFileAssistant test for existing oat file /data/dalvik-cache/arm64/data@app@~~AqBiL7XUH5Xrmedf5Gy8hg==@com.android.tradefed.utils.wifi-QTd18gZ6_JPdjvdvCivJdw==@base.apk@classes.dex: File /data/dalvik-cache/arm64/data@app@~~AqBiL7XUH5Xrmedf5Gy8hg==@com.android.tradefed.utils.wifi-QTd18gZ6_JPdjvdvCivJdw==@base.apk@classes.vdex does not exist.
02-18 00:33:49.135  artd  4593  4593 I artd    : GetBestInfo checking odex next to the dex file (/data/app/~~AqBiL7XUH5Xrmedf5Gy8hg==/com.android.tradefed.utils.wifi-QTd18gZ6_JPdjvdvCivJdw==/oat/arm64/base.odex)
02-18 00:33:49.135  artd  4593  4593 I artd    : Loading /data/app/~~AqBiL7XUH5Xrmedf5Gy8hg==/com.android.tradefed.utils.wifi-QTd18gZ6_JPdjvdvCivJdw==/oat/arm64/base.odex with executable: 0
02-18 00:33:49.136  artd  4593  4593 I artd    : Successfully loaded /data/app/~~AqBiL7XUH5Xrmedf5Gy8hg==/com.android.tradefed.utils.wifi-QTd18gZ6_JPdjvdvCivJdw==/oat/arm64/base.odex with executable: 0
02-18 00:33:49.136  artd  4593  4593 I artd    : /data/app/~~AqBiL7XUH5Xrmedf5Gy8hg==/com.android.tradefed.utils.wifi-QTd18gZ6_JPdjvdvCivJdw==/oat/arm64/base.odex is kOatUpToDate with filter verify
02-18 00:33:49.325 shell  7728  7728 D AndroidRuntime: >>>>>> START com.android.internal.os.RuntimeInit uid 2000 <<<<<<
02-18 00:33:49.330 shell  7728  7728 I AndroidRuntime: Using default boot image
02-18 00:33:49.330 shell  7728  7728 I AndroidRuntime: Leaving lock profiling enabled
02-18 00:33:49.332 shell  7728  7728 I app_process: Core platform API reporting enabled, enforcing=false
02-18 00:33:49.335 shell  7728  7728 I app_process: Using CollectorTypeCMC GC.
02-18 00:33:49.399 shell  7728  7728 D nativeloader: InitDefaultPublicLibraries for_preload=1: libandroid.so:libaaudio.so:libamidi.so:libbinder_ndk.so:libc.so:libcamera2ndk.so:libdl.so:libEGL.so:libGLESv1_CM.so:libGLESv2.so:libGLESv3.so:libicu.so:libicui18n.so:libicuuc.so:libjnigraphics.so:liblog.so:libmediandk.so:libm.so:libnativehelper.so:libnativewindow.so:libOpenMAXAL.so:libOpenSLES.so:libRS.so:libstdc++.so:libsync.so:libvulkan.so:libwebviewchromium_plat_support.so:libz.so
02-18 00:33:49.410 shell  7728  7728 D nativeloader: Load libicu_jni.so using APEX ns com_android_art for caller /apex/com.android.art/javalib/core-oj.jar: ok
02-18 00:33:49.410 shell  7728  7728 D app_process: Time zone APEX ICU file found: /apex/com.android.tzdata/etc/icu/icu_tzdata.dat
02-18 00:33:49.410 shell  7728  7728 D app_process: I18n APEX ICU file found: /apex/com.android.i18n/etc/icu/icudt72l.dat
02-18 00:33:49.411 shell  7728  7728 D nativeloader: Load libjavacore.so using APEX ns com_android_art for caller /apex/com.android.art/javalib/core-oj.jar: ok
02-18 00:33:49.412 shell  7728  7728 D nativeloader: Load libopenjdk.so using APEX ns com_android_art for caller /apex/com.android.art/javalib/core-oj.jar: ok
02-18 00:33:49.434 shell  7728  7728 D nativeloader: Load libframework-connectivity-tiramisu-jni.so using APEX ns com_android_tethering for caller /apex/com.android.tethering/javalib/framework-connectivity-t.jar: ok
02-18 00:33:49.434 shell  7728  7728 D AndroidRuntime: Calling main entry com.android.commands.am.Am
02-18 00:33:49.437 shell  7728  7728 D UiAutomationConnection: Created on user UserHandle{0}
02-18 00:33:49.437  1000  1487  2957 I ActivityManager: Force stopping com.android.tradefed.utils.wifi appid=10136 user=0: start instr
02-18 00:33:49.438  1000  1487  2957 D GrammaticalInflection: The flag must be enabled to allow calling the API.
02-18 00:33:49.438  1000  1487  2957 I am_uid_running: 10136
02-18 00:33:49.439  1000  1487  2957 D CompatibilityChangeReporter: Compat change id reported: 135634846; UID 10136; state: DISABLED
02-18 00:33:49.439  1000  1487  2957 D CompatibilityChangeReporter: Compat change id reported: 177438394; UID 10136; state: DISABLED
02-18 00:33:49.439  1000  1487  2957 D CompatibilityChangeReporter: Compat change id reported: 135772972; UID 10136; state: DISABLED
02-18 00:33:49.439  1000  1487  2957 D CompatibilityChangeReporter: Compat change id reported: 135754954; UID 10136; state: ENABLED
02-18 00:33:49.441  1000  1487  1863 D CompatibilityChangeReporter: Compat change id reported: 265195908; UID 10136; state: ENABLED
02-18 00:33:49.441  1000  1487  1723 D CompatibilityChangeReporter: Compat change id reported: 143937733; UID 10136; state: ENABLED
02-18 00:33:49.447  root   878   878 D Zygote  : Forked child process 7742
02-18 00:33:49.448  1000  1487  1723 I am_proc_start: [0,7742,10136,com.android.tradefed.utils.wifi,added application,com.android.tradefed.utils.wifi]
02-18 00:33:49.448  1000  1487  1723 I ActivityManager: Start proc 7742:com.android.tradefed.utils.wifi/u0a136 for added application com.android.tradefed.utils.wifi
02-18 00:33:49.463 10136  7742  7742 I efed.utils.wifi: Using CollectorTypeCMC GC.
02-18 00:33:49.469 10136  7742  7742 E efed.utils.wifi: Not starting debugger since process cannot load the jdwp agent.
02-18 00:33:49.473 10136  7742  7742 D nativeloader: Load libframework-connectivity-tiramisu-jni.so using APEX ns com_android_tethering for caller /apex/com.android.tethering/javalib/framework-connectivity-t.jar: ok
02-18 00:33:49.479  1000  1487  2957 I am_proc_bound: [0,7742,com.android.tradefed.utils.wifi]
02-18 00:33:49.480  1000  1487  2957 D CompatibilityChangeReporter: Compat change id reported: 168419799; UID 10136; state: DISABLED
02-18 00:33:49.480  1000  1487  2957 D CompatibilityChangeReporter: Compat change id reported: 273564678; UID 10136; state: DISABLED
02-18 00:33:49.484 10136  7742  7742 D CompatibilityChangeReporter: Compat change id reported: 171979766; UID 10136; state: ENABLED
02-18 00:33:49.484 10136  7742  7742 D CompatibilityChangeReporter: Compat change id reported: 242716250; UID 10136; state: DISABLED
02-18 00:33:49.485  1000  1487  2957 D CompatibilityChangeReporter: Compat change id reported: 170503758; UID 10136; state: ENABLED
02-18 00:33:49.487 10136  7742  7742 D ApplicationLoaders: Returning zygote-cached class loader: /system/framework/android.test.base.jar
02-18 00:33:49.490 10136  7742  7742 D nativeloader: Configuring clns-4 for other apk /system/framework/android.test.mock.jar. target_sdk_version=31, uses_libraries=ALL, library_path=/data/app/~~AqBiL7XUH5Xrmedf5Gy8hg==/com.android.tradefed.utils.wifi-QTd18gZ6_JPdjvdvCivJdw==/lib/arm64, permitted_path=/data:/mnt/expand:/data/user/0/com.android.tradefed.utils.wifi
02-18 00:33:49.492 10136  7742  7742 D ApplicationLoaders: Returning zygote-cached class loader: /system/framework/android.test.base.jar
02-18 00:33:49.493 10136  7742  7742 D nativeloader: Configuring clns-5 for other apk /system/framework/android.test.runner.jar. target_sdk_version=31, uses_libraries=ALL, library_path=/data/app/~~AqBiL7XUH5Xrmedf5Gy8hg==/com.android.tradefed.utils.wifi-QTd18gZ6_JPdjvdvCivJdw==/lib/arm64, permitted_path=/data:/mnt/expand:/data/user/0/com.android.tradefed.utils.wifi
02-18 00:33:49.497 10136  7742  7742 D nativeloader: Configuring clns-6 for other apk /data/app/~~AqBiL7XUH5Xrmedf5Gy8hg==/com.android.tradefed.utils.wifi-QTd18gZ6_JPdjvdvCivJdw==/base.apk. target_sdk_version=31, uses_libraries=, library_path=/data/app/~~AqBiL7XUH5Xrmedf5Gy8hg==/com.android.tradefed.utils.wifi-QTd18gZ6_JPdjvdvCivJdw==/lib/arm64, permitted_path=/data:/mnt/expand:/data/user/0/com.android.tradefed.utils.wifi
02-18 00:33:49.502 10136  7742  7742 V GraphicsEnvironment: Currently set values for:
02-18 00:33:49.502 10136  7742  7742 V GraphicsEnvironment:   angle_gl_driver_selection_pkgs=[]
02-18 00:33:49.502 10136  7742  7742 V GraphicsEnvironment:   angle_gl_driver_selection_values=[]
02-18 00:33:49.502 10136  7742  7742 V GraphicsEnvironment: Global.Settings values are invalid: number of packages: 0, number of values: 0
02-18 00:33:49.502 10136  7742  7742 V GraphicsEnvironment: Neither updatable production driver nor prerelease driver is supported.
02-18 00:33:49.504 10136  7742  7742 I UiAutomation: Initialized for user 0 on display 0
02-18 00:33:49.507  1000  1487  2957 D AccessibilityManagerService: changeCurrentUserForTestAutomationIfNeededLocked(0): ignoring because device doesn't support visible background users
02-18 00:33:49.507  1000  1487  2957 I UiAutomationManager: Registering UiTestAutomationService (id=com.android.server.accessibility/UiAutomation) when called by user 0
02-18 00:33:49.509  1000  1487  2957 W MagnificationConnectionManager: requestConnection duplicated request: connect=false, mConnectionState=DISCONNECTED
02-18 00:33:49.510 10136  7742  7758 V UiAutomation: Init UiAutomation@f7b7269[id=14, displayId=0, flags=0]
02-18 00:33:49.510  1000  1487  1487 D BatterySaverPolicy: accessibility changed to true, updating policy.
02-18 00:33:49.517  1000  1487  2958 I am_uid_active: 10136
02-18 00:33:49.519  1000  1487  2958 I WifiService: getVerboseLoggingLevel uid=10136
02-18 00:33:49.522  root   877  7761 I resolv  : GetAddrInfoHandler::run: {0 0 0 983040 10136 0}
02-18 00:33:49.523 10136  7742  7759 E WifiConnector: Failed to open connection to check connectivity
02-18 00:33:49.526  1000  1487  2958 W MagnificationConnectionManager: requestConnection duplicated request: connect=false, mConnectionState=DISCONNECTED
02-18 00:33:49.526  1000  1487  2958 D AccessibilityManagerService: restoreCurrentUserForTestAutomationIfNeededLocked(): ignoring because device doesn't support visible background users
02-18 00:33:49.527  1000  1487  1487 D BatterySaverPolicy: accessibility changed to false, updating policy.
02-18 00:33:49.530  1000  1487  2951 I ActivityManager: Force stopping com.android.tradefed.utils.wifi appid=10136 user=0: finished inst
02-18 00:33:49.530  1000  1487  2951 E ActivityManager: Unable to freeze binder for 7742: -11
02-18 00:33:49.531 shell  7728  7728 I app_process: System.exit called, status: 0
02-18 00:33:49.531  1000  1487  2951 I am_uid_stopped: 10136
02-18 00:33:49.531 shell  7728  7728 I AndroidRuntime: VM exiting with result code 0.
02-18 00:33:49.532  1000  1487  2951 I ActivityManager: Killing 7742:com.android.tradefed.utils.wifi/u0a136 (adj 0): stop com.android.tradefed.utils.wifi due to finished inst
02-18 00:33:49.532  1000  1487  1713 D DisplayManagerService: Drop pending events for gone uid 10136
02-18 00:33:49.563  1000  2951  2951 I binder  : 1487:2951 ioctl 400c620e 72dd12b42c returned -11
