02-18 00:33:49.563  1000  2951  2951 I binder  : 1487:2951 ioctl 400c620e 72dd12b42c returned -11
02-18 00:33:49.533  1000  1487  2951 I am_kill : [0,7742,com.android.tradefed.utils.wifi,0,stop com.android.tradefed.utils.wifi due to finished inst,103600]
02-18 00:33:49.594  root  1707  1707 I binder  : undelivered TRANSACTION_COMPLETE
02-18 00:33:49.594  root  1707  1707 I binder  : undelivered transaction 256802, process died.
02-18 00:33:49.562  1000  1487  2951 V ActivityManager: Got obituary of 7742:com.android.tradefed.utils.wifi
02-18 00:33:49.563  root   878   878 I Zygote  : Process 7742 exited due to signal 9 (Killed)
02-18 00:33:49.563  1000  1487  1730 I libprocessgroup: Removed cgroup /sys/fs/cgroup/uid_10136/pid_7742
02-18 00:33:49.732  1000  1487  1871 I commit_sys_config_file: [settings-2-0,21]
02-18 00:33:50.979  1000  1487  1761 I commit_sys_config_file: [package,43]
02-18 00:33:51.012  logd  5133  5133 I logd    : start watching /data/system/packages.list ...
02-18 00:33:51.014  logd  5133  5133 I logd    : ReadPackageList, total packages: 132
02-18 00:33:50.987  1000  1487  1758 I commit_sys_config_file: [package-user-0,9]
02-18 00:33:51.079  root   976   976 I s3c2410-wdt 10070000.watchdog_cl1: Watchdog cluster 1 keepalive!, old_wtcnt = 774a, wtcnt = cc8c
02-18 00:33:51.267  1000  1487  2867 W FileUtils: Failed to chmod(AtomicFile[/data/system_de/0/system/game-manager-service.xml]): android.system.ErrnoException: chmod failed: ENOENT (No such file or directory)
02-18 00:33:51.817  root     1     1 I init    : starting service 'securedpud.slider'...
02-18 00:33:51.846  root     1     1 I init    : ... started service 'securedpud.slider' has pid 7764
02-18 00:33:51.847  root     1     1 I init    : starting service 'trusty_metricsd'...
02-18 00:33:51.855  root     1     1 I init    : ... started service 'trusty_metricsd' has pid 7765
02-18 00:33:51.841  1000  7764  7764 I securedpud.slider: starting securedpud
02-18 00:33:51.841  1000  7764  7764 I securedpud.slider: trusty dev: /dev/trusty-ipc-dev0
02-18 00:33:51.841  1000  7764  7764 I DMABUFHEAPS: Using DMA-BUF heap named: tui-secure
02-18 00:33:51.842  1000  7764  7764 E libtrusty: tipc_connect: can't connect to tipc service "com.android.trusty.secure_dpu" (err=107)
02-18 00:33:51.843  1000  7764  7764 E securedpud.slider: Failed to connect to: /dev/trusty-ipc-dev0
02-18 00:33:51.878  root     1     1 I init    : Service 'securedpud.slider' (pid 7764) exited with status 1
02-18 00:33:51.878  root     1     1 I init    : Sending signal 9 to service 'securedpud.slider' (pid 7764) process group...
02-18 00:33:51.878  root     1     1 I libprocessgroup: Removed cgroup /sys/fs/cgroup/uid_1000/pid_7764
02-18 00:33:51.878  root     1     1 E init    : process with updatable components 'securedpud.slider' exited 4 times in 4 minutes
02-18 00:33:51.885  root     1     1 I init    : processing action (sys.init.updatable_crashing=1) from (/system/etc/init/flags_health_check.rc:10)
02-18 00:33:51.886  root     1     1 I init    : starting service 'exec 83 (/system/bin/flags_health_check UPDATABLE_CRASHING)'...
02-18 00:33:51.858  1000  7765  7765 I trusty_metricsd: starting trusty_metricsd
02-18 00:33:51.858  1000  7765  7765 I trusty_metricsd: trusty dev: /dev/trusty-ipc-dev0
02-18 00:33:51.861  1000  7765  7765 E libtrusty: tipc_connect: can't connect to tipc service "com.android.frameworks.stats.trusty.metrics.istats_setter" (err=107)
02-18 00:33:51.861  1000  7765  7765 E RpcTrusty: Failed to connect to Trusty service. Error code: -107
02-18 00:33:51.861  1000  7765  7765 E RpcTrusty: Failed to set up Trusty client. Error: BAD_VALUE
02-18 00:33:51.861  1000  7765  7765 E trusty_metricsd: failed to connect TrustyMetricsPixel to Trusty: failed to connect to Trusty metrics TA: Transport endpoint is not connected
02-18 00:33:51.861  1000  7765  7765 W RefBase : RefBase: Explicit destruction, weak count = 0 (in 0xb40000732e085728). Use sp<> to manage this object.
02-18 00:33:51.861  1000  7765  7765 W RefBase : CallStack::getCurrentInternal not linked, returning null
02-18 00:33:51.861  1000  7765  7765 W RefBase : CallStack::logStackInternal not linked
02-18 00:33:51.861  1000  7765  7765 E trusty_metricsd: failed to open Trusty metrics client
02-18 00:33:51.861  1000  7765  7765 E trusty_metricsd: trying to connect to Trusty metrics TA at old TIPC port
02-18 00:33:51.862  1000  7765  7765 E libtrusty: tipc_connect: can't connect to tipc service "com.android.trusty.metrics" (err=107)
02-18 00:33:51.892  root     1     1 I init    : ... started service 'exec 83 (/system/bin/flags_health_check UPDATABLE_CRASHING)' has pid 7766
02-18 00:33:51.863  1000  7765  7765 E trusty_metricsd: failed to open TrustyMetricsPixelTipc: failed to connect to Trusty metrics TA: Transport endpoint is not connected
02-18 00:33:51.892  root     1     1 I init    : SVC_EXEC service 'exec 83 (/system/bin/flags_health_check UPDATABLE_CRASHING)' pid 7766 (uid 1000 gid 1000+0 context default) started; waiting...
02-18 00:33:51.863  1000  7765  7765 E trusty_metricsd: failed to open Trusty metrics client
02-18 00:33:51.899  root     1     1 I init    : Service 'trusty_metricsd' (pid 7765) exited with status 1
02-18 00:33:51.899  root     1     1 I init    : Sending signal 9 to service 'trusty_metricsd' (pid 7765) process group...
02-18 00:33:51.899  root     1     1 I libprocessgroup: Removed cgroup /sys/fs/cgroup/uid_1000/pid_7765
02-18 00:33:51.899  root     1     1 E init    : process with updatable components 'trusty_metricsd' exited 4 times in 4 minutes
02-18 00:33:51.882  1000  7766  7766 I flags_health_check: ServerConfigurableFlagsReset reset_mode value: 1
02-18 00:33:51.882  1000  7766  7766 I flags_health_check: ServerConfigurableFlagsReset updatable crashing detected, resetting flags.
02-18 00:33:51.926  root     1     1 I init    : Service 'exec 83 (/system/bin/flags_health_check UPDATABLE_CRASHING)' (pid 7766) exited with status 0 waiting took 0.038000 seconds
02-18 00:33:51.926  root     1     1 I init    : Sending signal 9 to service 'exec 83 (/system/bin/flags_health_check UPDATABLE_CRASHING)' (pid 7766) process group...
02-18 00:33:51.927  root     1     1 I libprocessgroup: Removed cgroup /sys/fs/cgroup/uid_1000/pid_7766
02-18 00:33:51.928  root     1     1 I init    : processing action (sys.init.updatable_crashing=1) from (/system/etc/init/flags_health_check.rc:10)
02-18 00:33:51.929  root     1     1 I init    : starting service 'exec 84 (/system/bin/flags_health_check UPDATABLE_CRASHING)'...
02-18 00:33:51.937  root     1     1 I init    : ... started service 'exec 84 (/system/bin/flags_health_check UPDATABLE_CRASHING)' has pid 7767
02-18 00:33:51.937  root     1     1 I init    : SVC_EXEC service 'exec 84 (/system/bin/flags_health_check UPDATABLE_CRASHING)' pid 7767 (uid 1000 gid 1000+0 context default) started; waiting...
02-18 00:33:51.912  1000  7767  7767 I flags_health_check: ServerConfigurableFlagsReset reset_mode value: 1
02-18 00:33:51.913  1000  7767  7767 I flags_health_check: ServerConfigurableFlagsReset updatable crashing detected, resetting flags.
02-18 00:33:51.950  root     1     1 I init    : Service 'exec 84 (/system/bin/flags_health_check UPDATABLE_CRASHING)' (pid 7767) exited with status 0 waiting took 0.014000 seconds
02-18 00:33:51.950  root     1     1 I init    : Sending signal 9 to service 'exec 84 (/system/bin/flags_health_check UPDATABLE_CRASHING)' (pid 7767) process group...
02-18 00:33:51.950  root     1     1 I libprocessgroup: Removed cgroup /sys/fs/cgroup/uid_1000/pid_7767
02-18 00:33:52.765  1000   939  1829 I suez-nanoapp-clients: Barometric peak detected: magnitude = 317.529572 hPa (bucket: 49), duration = 80.000000 ms (bucket: 7).
02-18 00:33:52.766  1080   905   935 I CHRE    : @ 202.615: [ip] Peak detected: magnitude = 317.529559 hpa, duration = 80.000001 ms
02-18 00:33:52.767  1000   939  1829 I suez-nanoapp-clients: Vendor atom [id = 100047] reported.
02-18 00:33:52.870  root   253   253 I logbuffer_pcie0: [  105] D state: 0, LTSSM: 0
02-18 00:33:52.870  root   253   253 I logbuffer_pcie0: [  106] L0(0x11)
02-18 00:33:52.887  1000  1093  1195 D DMD     : Flush DMD buffer, size=2097605
02-18 00:33:54.821 10122  3563  3869 W MediaProvider: isAppCloneUserPair for user 0: false
02-18 00:33:54.975 10122  3563  3870 I MediaProvider: Deleted 1 0 0 0 0 0 0 items on external_primary due to com.android.shell
02-18 00:33:55.046  artd  4593  4593 I artd    : Dex parent of /data/app/~~AqBiL7XUH5Xrmedf5Gy8hg==/com.android.tradefed.utils.wifi-QTd18gZ6_JPdjvdvCivJdw==/base.apk is not writable: Permission denied
02-18 00:33:55.046  artd  4593  4593 I artd    : GetBestInfo checking odex in dalvik-cache (/data/dalvik-cache/arm64/data@app@~~AqBiL7XUH5Xrmedf5Gy8hg==@com.android.tradefed.utils.wifi-QTd18gZ6_JPdjvdvCivJdw==@base.apk@classes.dex)
02-18 00:33:55.046  artd  4593  4593 I artd    : Loading /data/dalvik-cache/arm64/data@app@~~AqBiL7XUH5Xrmedf5Gy8hg==@com.android.tradefed.utils.wifi-QTd18gZ6_JPdjvdvCivJdw==@base.apk@classes.dex with executable: 0
02-18 00:33:55.046  artd  4593  4593 I artd    : OatFileAssistant test for existing oat file /data/dalvik-cache/arm64/data@app@~~AqBiL7XUH5Xrmedf5Gy8hg==@com.android.tradefed.utils.wifi-QTd18gZ6_JPdjvdvCivJdw==@base.apk@classes.dex: File /data/dalvik-cache/arm64/data@app@~~AqBiL7XUH5Xrmedf5Gy8hg==@com.android.tradefed.utils.wifi-QTd18gZ6_JPdjvdvCivJdw==@base.apk@classes.vdex does not exist.
02-18 00:33:55.046  artd  4593  4593 I artd    : GetBestInfo checking odex next to the dex file (/data/app/~~AqBiL7XUH5Xrmedf5Gy8hg==/com.android.tradefed.utils.wifi-QTd18gZ6_JPdjvdvCivJdw==/oat/arm64/base.odex)
02-18 00:33:55.046  artd  4593  4593 I artd    : Loading /data/app/~~AqBiL7XUH5Xrmedf5Gy8hg==/com.android.tradefed.utils.wifi-QTd18gZ6_JPdjvdvCivJdw==/oat/arm64/base.odex with executable: 0
02-18 00:33:55.047  artd  4593  4593 I artd    : Successfully loaded /data/app/~~AqBiL7XUH5Xrmedf5Gy8hg==/com.android.tradefed.utils.wifi-QTd18gZ6_JPdjvdvCivJdw==/oat/arm64/base.odex with executable: 0
02-18 00:33:55.047  artd  4593  4593 I artd    : /data/app/~~AqBiL7XUH5Xrmedf5Gy8hg==/com.android.tradefed.utils.wifi-QTd18gZ6_JPdjvdvCivJdw==/oat/arm64/base.odex is kOatUpToDate with filter verify
02-18 00:33:55.219 shell  7791  7791 D AndroidRuntime: >>>>>> START com.android.internal.os.RuntimeInit uid 2000 <<<<<<
02-18 00:33:55.223 shell  7791  7791 I AndroidRuntime: Using default boot image
02-18 00:33:55.223 shell  7791  7791 I AndroidRuntime: Leaving lock profiling enabled
02-18 00:33:55.225 shell  7791  7791 I app_process: Core platform API reporting enabled, enforcing=false
02-18 00:33:55.225 shell  7791  7791 I app_process: Using CollectorTypeCMC GC.
02-18 00:33:55.294 shell  7791  7791 D nativeloader: InitDefaultPublicLibraries for_preload=1: libandroid.so:libaaudio.so:libamidi.so:libbinder_ndk.so:libc.so:libcamera2ndk.so:libdl.so:libEGL.so:libGLESv1_CM.so:libGLESv2.so:libGLESv3.so:libicu.so:libicui18n.so:libicuuc.so:libjnigraphics.so:liblog.so:libmediandk.so:libm.so:libnativehelper.so:libnativewindow.so:libOpenMAXAL.so:libOpenSLES.so:libRS.so:libstdc++.so:libsync.so:libvulkan.so:libwebviewchromium_plat_support.so:libz.so
02-18 00:33:55.310 shell  7791  7791 D nativeloader: Load libicu_jni.so using APEX ns com_android_art for caller /apex/com.android.art/javalib/core-oj.jar: ok
02-18 00:33:55.310 shell  7791  7791 D app_process: Time zone APEX ICU file found: /apex/com.android.tzdata/etc/icu/icu_tzdata.dat
02-18 00:33:55.310 shell  7791  7791 D app_process: I18n APEX ICU file found: /apex/com.android.i18n/etc/icu/icudt72l.dat
02-18 00:33:55.311 shell  7791  7791 D nativeloader: Load libjavacore.so using APEX ns com_android_art for caller /apex/com.android.art/javalib/core-oj.jar: ok
02-18 00:33:55.313 shell  7791  7791 D nativeloader: Load libopenjdk.so using APEX ns com_android_art for caller /apex/com.android.art/javalib/core-oj.jar: ok
02-18 00:33:55.336 shell  7791  7791 D nativeloader: Load libframework-connectivity-tiramisu-jni.so using APEX ns com_android_tethering for caller /apex/com.android.tethering/javalib/framework-connectivity-t.jar: ok
02-18 00:33:55.336 shell  7791  7791 D AndroidRuntime: Calling main entry com.android.commands.am.Am
02-18 00:33:55.340 shell  7791  7791 D UiAutomationConnection: Created on user UserHandle{0}
02-18 00:33:55.341  1000  1487  2951 I ActivityManager: Force stopping com.android.tradefed.utils.wifi appid=10136 user=0: start instr
02-18 00:33:55.342  1000  1487  2951 D OomAdjuster: Not killing cached processes
02-18 00:33:55.342  1000  1487  2951 D GrammaticalInflection: The flag must be enabled to allow calling the API.
02-18 00:33:55.342  1000  1487  2951 I am_uid_running: 10136
02-18 00:33:55.343  1000  1487  2951 D CompatibilityChangeReporter: Compat change id reported: 135634846; UID 10136; state: DISABLED
02-18 00:33:55.343  1000  1487  2951 D CompatibilityChangeReporter: Compat change id reported: 177438394; UID 10136; state: DISABLED
02-18 00:33:55.343  1000  1487  2951 D CompatibilityChangeReporter: Compat change id reported: 135772972; UID 10136; state: DISABLED
02-18 00:33:55.343  1000  1487  2951 D CompatibilityChangeReporter: Compat change id reported: 135754954; UID 10136; state: ENABLED
02-18 00:33:55.344  1000  1487  1723 D CompatibilityChangeReporter: Compat change id reported: 143937733; UID 10136; state: ENABLED
02-18 00:33:55.345  1000  1487  1863 D CompatibilityChangeReporter: Compat change id reported: 265195908; UID 10136; state: ENABLED
02-18 00:33:55.353  root   878   878 D Zygote  : Forked child process 7805
02-18 00:33:55.353  1000  1487  1723 I am_proc_start: [0,7805,10136,com.android.tradefed.utils.wifi,added application,com.android.tradefed.utils.wifi]
02-18 00:33:55.353  1000  1487  1723 I ActivityManager: Start proc 7805:com.android.tradefed.utils.wifi/u0a136 for added application com.android.tradefed.utils.wifi
02-18 00:33:55.368 10136  7805  7805 I efed.utils.wifi: Using CollectorTypeCMC GC.
02-18 00:33:55.374 10136  7805  7805 E efed.utils.wifi: Not starting debugger since process cannot load the jdwp agent.
02-18 00:33:55.378 10136  7805  7805 D nativeloader: Load libframework-connectivity-tiramisu-jni.so using APEX ns com_android_tethering for caller /apex/com.android.tethering/javalib/framework-connectivity-t.jar: ok
02-18 00:33:55.384  1000  1487  2951 I am_proc_bound: [0,7805,com.android.tradefed.utils.wifi]
02-18 00:33:55.384  1000  1487  2951 D CompatibilityChangeReporter: Compat change id reported: 168419799; UID 10136; state: DISABLED
02-18 00:33:55.384  1000  1487  2951 D CompatibilityChangeReporter: Compat change id reported: 273564678; UID 10136; state: DISABLED
02-18 00:33:55.387 10136  7805  7805 D CompatibilityChangeReporter: Compat change id reported: 171979766; UID 10136; state: ENABLED
02-18 00:33:55.387 10136  7805  7805 D CompatibilityChangeReporter: Compat change id reported: 242716250; UID 10136; state: DISABLED
02-18 00:33:55.388  1000  1487  2951 D CompatibilityChangeReporter: Compat change id reported: 170503758; UID 10136; state: ENABLED
02-18 00:33:55.390 10136  7805  7805 D ApplicationLoaders: Returning zygote-cached class loader: /system/framework/android.test.base.jar
02-18 00:33:55.392 10136  7805  7805 D nativeloader: Configuring clns-4 for other apk /system/framework/android.test.mock.jar. target_sdk_version=31, uses_libraries=ALL, library_path=/data/app/~~AqBiL7XUH5Xrmedf5Gy8hg==/com.android.tradefed.utils.wifi-QTd18gZ6_JPdjvdvCivJdw==/lib/arm64, permitted_path=/data:/mnt/expand:/data/user/0/com.android.tradefed.utils.wifi
02-18 00:33:55.394 10136  7805  7805 D ApplicationLoaders: Returning zygote-cached class loader: /system/framework/android.test.base.jar
02-18 00:33:55.395 10136  7805  7805 D nativeloader: Configuring clns-5 for other apk /system/framework/android.test.runner.jar. target_sdk_version=31, uses_libraries=ALL, library_path=/data/app/~~AqBiL7XUH5Xrmedf5Gy8hg==/com.android.tradefed.utils.wifi-QTd18gZ6_JPdjvdvCivJdw==/lib/arm64, permitted_path=/data:/mnt/expand:/data/user/0/com.android.tradefed.utils.wifi
02-18 00:33:55.398 10136  7805  7805 D nativeloader: Configuring clns-6 for other apk /data/app/~~AqBiL7XUH5Xrmedf5Gy8hg==/com.android.tradefed.utils.wifi-QTd18gZ6_JPdjvdvCivJdw==/base.apk. target_sdk_version=31, uses_libraries=, library_path=/data/app/~~AqBiL7XUH5Xrmedf5Gy8hg==/com.android.tradefed.utils.wifi-QTd18gZ6_JPdjvdvCivJdw==/lib/arm64, permitted_path=/data:/mnt/expand:/data/user/0/com.android.tradefed.utils.wifi
02-18 00:33:55.402 10136  7805  7805 V GraphicsEnvironment: Currently set values for:
02-18 00:33:55.402 10136  7805  7805 V GraphicsEnvironment:   angle_gl_driver_selection_pkgs=[]
02-18 00:33:55.402 10136  7805  7805 V GraphicsEnvironment:   angle_gl_driver_selection_values=[]
02-18 00:33:55.402 10136  7805  7805 V GraphicsEnvironment: Global.Settings values are invalid: number of packages: 0, number of values: 0
02-18 00:33:55.402 10136  7805  7805 V GraphicsEnvironment: Neither updatable production driver nor prerelease driver is supported.
02-18 00:33:55.405 10136  7805  7805 I UiAutomation: Initialized for user 0 on display 0
02-18 00:33:55.407  1000  1487  2951 D AccessibilityManagerService: changeCurrentUserForTestAutomationIfNeededLocked(0): ignoring because device doesn't support visible background users
02-18 00:33:55.407  1000  1487  2951 I UiAutomationManager: Registering UiTestAutomationService (id=com.android.server.accessibility/UiAutomation) when called by user 0
02-18 00:33:55.409  1000  1487  2951 W MagnificationConnectionManager: requestConnection duplicated request: connect=false, mConnectionState=DISCONNECTED
02-18 00:33:55.410 10136  7805  7821 V UiAutomation: Init UiAutomation@f7b7269[id=15, displayId=0, flags=0]
02-18 00:33:55.410  1000  1487  1487 D BatterySaverPolicy: accessibility changed to true, updating policy.
02-18 00:33:55.413  1000  1487  2949 I WifiService: getVerboseLoggingLevel uid=10136
02-18 00:33:55.413  1000  1487  1830 I am_uid_active: 10136
02-18 00:33:55.415  root   877  7824 I resolv  : GetAddrInfoHandler::run: {0 0 0 983040 10136 0}
02-18 00:33:55.416 10136  7805  7822 E WifiConnector: Failed to open connection to check connectivity
02-18 00:33:55.417  1000  1487  2949 W MagnificationConnectionManager: requestConnection duplicated request: connect=false, mConnectionState=DISCONNECTED
02-18 00:33:55.417  1000  1487  2949 D AccessibilityManagerService: restoreCurrentUserForTestAutomationIfNeededLocked(): ignoring because device doesn't support visible background users
02-18 00:33:55.418  1000  1487  2949 I ActivityManager: Force stopping com.android.tradefed.utils.wifi appid=10136 user=0: finished inst
02-18 00:33:55.418  1000  1487  2949 E ActivityManager: Unable to freeze binder for 7805: -11
02-18 00:33:55.419  1000  1487  1487 D BatterySaverPolicy: accessibility changed to false, updating policy.
02-18 00:33:55.419  1000  1487  1713 D DisplayManagerService: Drop pending events for gone uid 10136
02-18 00:33:55.420  1000  1487  2949 I am_uid_stopped: 10136
02-18 00:33:55.420 shell  7791  7791 I app_process: System.exit called, status: 0
02-18 00:33:55.420 shell  7791  7791 I AndroidRuntime: VM exiting with result code 0.
02-18 00:33:55.420  1000  1487  2949 I ActivityManager: Killing 7805:com.android.tradefed.utils.wifi/u0a136 (adj 0): stop com.android.tradefed.utils.wifi due to finished inst
02-18 00:33:55.420  1000  1487  2949 I am_kill : [0,7805,com.android.tradefed.utils.wifi,0,stop com.android.tradefed.utils.wifi due to finished inst,103668]
02-18 00:33:55.451  1000  2949  2949 I binder  : 1487:2949 ioctl 400c620e 72df32742c returned -11
02-18 00:33:55.451  1000  2949  2949 I binder  : 1487:2949 ioctl 400c620e 72df32742c returned -11
02-18 00:33:55.457  1000  1487  2958 V ActivityManager: Got obituary of 7805:com.android.tradefed.utils.wifi
02-18 00:33:55.457  1000  1487  1730 I libprocessgroup: Removed cgroup /sys/fs/cgroup/uid_10136/pid_7805
02-18 00:33:55.457  root   878   878 I Zygote  : Process 7805 exited due to signal 9 (Killed)
02-18 00:33:55.489  root   125   125 I binder  : undelivered TRANSACTION_COMPLETE
02-18 00:33:55.489  root   125   125 I binder  : undelivered transaction 258860, process died.
02-18 00:33:55.632  1000  1487  1871 I commit_sys_config_file: [settings-2-0,21]
02-18 00:33:56.732  1000  1487  1872 D ActivityManager: freezing 4316 com.android.packageinstaller
02-18 00:33:56.734  1000  1487  1872 I am_freeze: [4316,com.android.packageinstaller]
02-18 00:33:56.766  1000  1487  2865 W ProcessStats: Tracking association SourceState{711c1f0 system/1000 ImpFg #1292} whose proc state 5 is better than process ProcessState{1bd91e0 com.android.permissioncontroller/10118 pkg=com.android.permissioncontroller} proc state 14 (234 skipped)
02-18 00:33:56.845  root     1     1 I init    : starting service 'securedpud.slider'...
02-18 00:33:56.862  root     1     1 I init    : ... started service 'securedpud.slider' has pid 7827
02-18 00:33:56.862  root     1     1 I init    : starting service 'trusty_metricsd'...
02-18 00:33:56.838  1000  7827  7827 I securedpud.slider: starting securedpud
02-18 00:33:56.838  1000  7827  7827 I securedpud.slider: trusty dev: /dev/trusty-ipc-dev0
02-18 00:33:56.838  1000  7827  7827 I DMABUFHEAPS: Using DMA-BUF heap named: tui-secure
02-18 00:33:56.839  1000  7827  7827 E libtrusty: tipc_connect: can't connect to tipc service "com.android.trusty.secure_dpu" (err=107)
02-18 00:33:56.869  root     1     1 I init    : ... started service 'trusty_metricsd' has pid 7828
02-18 00:33:56.839  1000  7827  7827 E securedpud.slider: Failed to connect to: /dev/trusty-ipc-dev0
02-18 00:33:56.873  root     1     1 I init    : Service 'securedpud.slider' (pid 7827) exited with status 1
02-18 00:33:56.874  root     1     1 I init    : Sending signal 9 to service 'securedpud.slider' (pid 7827) process group...
02-18 00:33:56.874  root     1     1 I libprocessgroup: Removed cgroup /sys/fs/cgroup/uid_1000/pid_7827
02-18 00:33:56.874  root     1     1 E init    : process with updatable components 'securedpud.slider' exited 4 times in 4 minutes
02-18 00:33:56.877  root     1     1 I init    : processing action (sys.init.updatable_crashing=1) from (/system/etc/init/flags_health_check.rc:10)
02-18 00:33:56.878  root     1     1 I init    : starting service 'exec 85 (/system/bin/flags_health_check UPDATABLE_CRASHING)'...
02-18 00:33:56.882  root     1     1 I init    : ... started service 'exec 85 (/system/bin/flags_health_check UPDATABLE_CRASHING)' has pid 7829
02-18 00:33:56.882  root     1     1 I init    : SVC_EXEC service 'exec 85 (/system/bin/flags_health_check UPDATABLE_CRASHING)' pid 7829 (uid 1000 gid 1000+0 context default) started; waiting...
02-18 00:33:56.863  1000  7829  7829 I flags_health_check: ServerConfigurableFlagsReset reset_mode value: 1
02-18 00:33:56.863  1000  7829  7829 I flags_health_check: ServerConfigurableFlagsReset updatable crashing detected, resetting flags.
02-18 00:33:56.903  root     1     1 I init    : Service 'exec 85 (/system/bin/flags_health_check UPDATABLE_CRASHING)' (pid 7829) exited with status 0 waiting took 0.022000 seconds
02-18 00:33:56.903  root     1     1 I init    : Sending signal 9 to service 'exec 85 (/system/bin/flags_health_check UPDATABLE_CRASHING)' (pid 7829) process group...
02-18 00:33:56.904  root     1     1 I libprocessgroup: Removed cgroup /sys/fs/cgroup/uid_1000/pid_7829
02-18 00:33:56.873  1000  7828  7828 I trusty_metricsd: starting trusty_metricsd
02-18 00:33:56.873  1000  7828  7828 I trusty_metricsd: trusty dev: /dev/trusty-ipc-dev0
02-18 00:33:56.875  1000  7828  7828 E libtrusty: tipc_connect: can't connect to tipc service "com.android.frameworks.stats.trusty.metrics.istats_setter" (err=107)
02-18 00:33:56.876  1000  7828  7828 E RpcTrusty: Failed to connect to Trusty service. Error code: -107
02-18 00:33:56.876  1000  7828  7828 E RpcTrusty: Failed to set up Trusty client. Error: BAD_VALUE
02-18 00:33:56.876  1000  7828  7828 E trusty_metricsd: failed to connect TrustyMetricsPixel to Trusty: failed to connect to Trusty metrics TA: Transport endpoint is not connected
02-18 00:33:56.876  1000  7828  7828 W RefBase : RefBase: Explicit destruction, weak count = 0 (in 0xb40000723cc685c8). Use sp<> to manage this object.
02-18 00:33:56.876  1000  7828  7828 W RefBase : CallStack::getCurrentInternal not linked, returning null
02-18 00:33:56.876  1000  7828  7828 W RefBase : CallStack::logStackInternal not linked
02-18 00:33:56.876  1000  7828  7828 E trusty_metricsd: failed to open Trusty metrics client
02-18 00:33:56.876  1000  7828  7828 E trusty_metricsd: trying to connect to Trusty metrics TA at old TIPC port
02-18 00:33:56.876  1000  7828  7828 E libtrusty: tipc_connect: can't connect to tipc service "com.android.trusty.metrics" (err=107)
02-18 00:33:56.876  1000  7828  7828 E trusty_metricsd: failed to open TrustyMetricsPixelTipc: failed to connect to Trusty metrics TA: Transport endpoint is not connected
02-18 00:33:56.876  1000  7828  7828 E trusty_metricsd: failed to open Trusty metrics client
02-18 00:33:56.913  root     1     1 I init    : Service 'trusty_metricsd' (pid 7828) exited with status 1
02-18 00:33:56.913  root     1     1 I init    : Sending signal 9 to service 'trusty_metricsd' (pid 7828) process group...
02-18 00:33:56.914  root     1     1 I libprocessgroup: Removed cgroup /sys/fs/cgroup/uid_1000/pid_7828
02-18 00:33:56.914  root     1     1 E init    : process with updatable components 'trusty_metricsd' exited 4 times in 4 minutes
02-18 00:33:56.916  root     1     1 I init    : processing action (sys.init.updatable_crashing=1) from (/system/etc/init/flags_health_check.rc:10)
02-18 00:33:56.916  root     1     1 I init    : starting service 'exec 86 (/system/bin/flags_health_check UPDATABLE_CRASHING)'...
02-18 00:33:56.920  root     1     1 I init    : ... started service 'exec 86 (/system/bin/flags_health_check UPDATABLE_CRASHING)' has pid 7830
02-18 00:33:56.920  root     1     1 I init    : SVC_EXEC service 'exec 86 (/system/bin/flags_health_check UPDATABLE_CRASHING)' pid 7830 (uid 1000 gid 1000+0 context default) started; waiting...
02-18 00:33:56.894  1000  7830  7830 I flags_health_check: ServerConfigurableFlagsReset reset_mode value: 1
02-18 00:33:56.894  1000  7830  7830 I flags_health_check: ServerConfigurableFlagsReset updatable crashing detected, resetting flags.
02-18 00:33:56.931  root     1     1 I init    : Service 'exec 86 (/system/bin/flags_health_check UPDATABLE_CRASHING)' (pid 7830) exited with status 0 waiting took 0.012000 seconds
02-18 00:33:56.931  root     1     1 I init    : Sending signal 9 to service 'exec 86 (/system/bin/flags_health_check UPDATABLE_CRASHING)' (pid 7830) process group...
02-18 00:33:56.931  root     1     1 I libprocessgroup: Removed cgroup /sys/fs/cgroup/uid_1000/pid_7830
02-18 00:33:58.377  1000  1487  1872 D ActivityManager: freezing 3594 com.android.documentsui
02-18 00:33:58.383  1000  1487  1872 I am_freeze: [3594,com.android.documentsui]
02-18 00:33:58.451  1000  1487  1872 D ActivityManager: freezing 3844 android.process.media
02-18 00:33:58.454  1000  1487  1872 I am_freeze: [3844,android.process.media]
02-18 00:33:58.861  1017   550  6702 I keystore2: system/security/keystore2/watchdog/src/lib.rs:319 - Watchdog thread idle -> terminating. Have a great day.
02-18 00:33:59.455  1000  1487  1722 I am_uid_idle: 10104
02-18 00:33:59.778  1000   562   674 D DisplayDevice: setDesiredMode 4619827677550801152 {mode=60.00 Hz (60.00 Hz(60.00 Hz)), emitEvent=false, force=false}
02-18 00:33:59.788  1000   565   677 D hwc-display: setActiveConfigWithConstraints:: PrimaryDisplay config(36) test(0)
02-18 00:33:59.789  1000   565   677 I hwc-display: [PrimaryDisplay] setActiveConfigWithConstraints: config(36)
02-18 00:33:59.822  root   243   243 I gtd     : FTS_TS: refresh rate(Hz) changed to 60 from 90
02-18 00:34:00.047  1000   562   674 D DisplayDevice: setDesiredMode 4619827677550801152 {mode=90.00 Hz (90.00 Hz(90.00 Hz)), emitEvent=true, force=false}
02-18 00:34:00.059  1000   565   677 D hwc-display: setActiveConfigWithConstraints:: PrimaryDisplay config(37) test(0)
02-18 00:34:00.059  1000   565   677 I hwc-display: [PrimaryDisplay] setActiveConfigWithConstraints: config(37)
02-18 00:34:00.095  root   243   243 I gtd     : FTS_TS: refresh rate(Hz) changed to 90 from 60
02-18 00:34:00.784 10122  3563  4979 W MediaProvider: isAppCloneUserPair for user 0: false
02-18 00:34:00.949  1000   916   916 W healthd : battery l=81 v=4148 t=26.0 h=2 st=4 c=-317187 fc=4280000 cc=121 chg=
02-18 00:34:00.926 10096  2875  7850 D PowerUI : can't show warning due to - plugged: true status unknown: false
02-18 00:34:00.952 10122  3563  3869 I MediaProvider: Deleted 1 0 0 0 0 0 0 items on external_primary due to com.android.shell
02-18 00:34:00.954 10096  2875  7851 D PowerUI : can't show warning due to - plugged: true status unknown: false
02-18 00:34:01.040  artd  4593  4593 I artd    : Dex parent of /data/app/~~AqBiL7XUH5Xrmedf5Gy8hg==/com.android.tradefed.utils.wifi-QTd18gZ6_JPdjvdvCivJdw==/base.apk is not writable: Permission denied
02-18 00:34:01.040  artd  4593  4593 I artd    : GetBestInfo checking odex in dalvik-cache (/data/dalvik-cache/arm64/data@app@~~AqBiL7XUH5Xrmedf5Gy8hg==@com.android.tradefed.utils.wifi-QTd18gZ6_JPdjvdvCivJdw==@base.apk@classes.dex)
02-18 00:34:01.040  artd  4593  4593 I artd    : Loading /data/dalvik-cache/arm64/data@app@~~AqBiL7XUH5Xrmedf5Gy8hg==@com.android.tradefed.utils.wifi-QTd18gZ6_JPdjvdvCivJdw==@base.apk@classes.dex with executable: 0
02-18 00:34:01.040  artd  4593  4593 I artd    : OatFileAssistant test for existing oat file /data/dalvik-cache/arm64/data@app@~~AqBiL7XUH5Xrmedf5Gy8hg==@com.android.tradefed.utils.wifi-QTd18gZ6_JPdjvdvCivJdw==@base.apk@classes.dex: File /data/dalvik-cache/arm64/data@app@~~AqBiL7XUH5Xrmedf5Gy8hg==@com.android.tradefed.utils.wifi-QTd18gZ6_JPdjvdvCivJdw==@base.apk@classes.vdex does not exist.
02-18 00:34:01.040  artd  4593  4593 I artd    : GetBestInfo checking odex next to the dex file (/data/app/~~AqBiL7XUH5Xrmedf5Gy8hg==/com.android.tradefed.utils.wifi-QTd18gZ6_JPdjvdvCivJdw==/oat/arm64/base.odex)
02-18 00:34:01.040  artd  4593  4593 I artd    : Loading /data/app/~~AqBiL7XUH5Xrmedf5Gy8hg==/com.android.tradefed.utils.wifi-QTd18gZ6_JPdjvdvCivJdw==/oat/arm64/base.odex with executable: 0
02-18 00:34:01.041  artd  4593  4593 I artd    : Successfully loaded /data/app/~~AqBiL7XUH5Xrmedf5Gy8hg==/com.android.tradefed.utils.wifi-QTd18gZ6_JPdjvdvCivJdw==/oat/arm64/base.odex with executable: 0
02-18 00:34:01.042  artd  4593  4593 I artd    : /data/app/~~AqBiL7XUH5Xrmedf5Gy8hg==/com.android.tradefed.utils.wifi-QTd18gZ6_JPdjvdvCivJdw==/oat/arm64/base.odex is kOatUpToDate with filter verify
02-18 00:34:01.079  root   976   976 I s3c2410-wdt 10070000.watchdog_cl1: Watchdog cluster 1 keepalive!, old_wtcnt = 7751, wtcnt = cc8c
02-18 00:34:01.224 shell  7857  7857 D AndroidRuntime: >>>>>> START com.android.internal.os.RuntimeInit uid 2000 <<<<<<
02-18 00:34:01.229 shell  7857  7857 I AndroidRuntime: Using default boot image
02-18 00:34:01.229 shell  7857  7857 I AndroidRuntime: Leaving lock profiling enabled
02-18 00:34:01.232 shell  7857  7857 I app_process: Core platform API reporting enabled, enforcing=false
02-18 00:34:01.232 shell  7857  7857 I app_process: Using CollectorTypeCMC GC.
02-18 00:34:01.293 shell  7857  7857 D nativeloader: InitDefaultPublicLibraries for_preload=1: libandroid.so:libaaudio.so:libamidi.so:libbinder_ndk.so:libc.so:libcamera2ndk.so:libdl.so:libEGL.so:libGLESv1_CM.so:libGLESv2.so:libGLESv3.so:libicu.so:libicui18n.so:libicuuc.so:libjnigraphics.so:liblog.so:libmediandk.so:libm.so:libnativehelper.so:libnativewindow.so:libOpenMAXAL.so:libOpenSLES.so:libRS.so:libstdc++.so:libsync.so:libvulkan.so:libwebviewchromium_plat_support.so:libz.so
02-18 00:34:01.300 shell  7857  7857 D nativeloader: Load libicu_jni.so using APEX ns com_android_art for caller /apex/com.android.art/javalib/core-oj.jar: ok
02-18 00:34:01.300 shell  7857  7857 D app_process: Time zone APEX ICU file found: /apex/com.android.tzdata/etc/icu/icu_tzdata.dat
02-18 00:34:01.300 shell  7857  7857 D app_process: I18n APEX ICU file found: /apex/com.android.i18n/etc/icu/icudt72l.dat
02-18 00:34:01.301 shell  7857  7857 D nativeloader: Load libjavacore.so using APEX ns com_android_art for caller /apex/com.android.art/javalib/core-oj.jar: ok
02-18 00:34:01.302 shell  7857  7857 D nativeloader: Load libopenjdk.so using APEX ns com_android_art for caller /apex/com.android.art/javalib/core-oj.jar: ok
02-18 00:34:01.324 shell  7857  7857 D nativeloader: Load libframework-connectivity-tiramisu-jni.so using APEX ns com_android_tethering for caller /apex/com.android.tethering/javalib/framework-connectivity-t.jar: ok
02-18 00:34:01.325 shell  7857  7857 D AndroidRuntime: Calling main entry com.android.commands.am.Am
02-18 00:34:01.328 shell  7857  7857 D UiAutomationConnection: Created on user UserHandle{0}
02-18 00:34:01.329  1000  1487  1830 I ActivityManager: Force stopping com.android.tradefed.utils.wifi appid=10136 user=0: start instr
02-18 00:34:01.329  1000  1487  1830 D OomAdjuster: Not killing cached processes
02-18 00:34:01.330  1000  1487  1830 D GrammaticalInflection: The flag must be enabled to allow calling the API.
02-18 00:34:01.330  1000  1487  1830 I am_uid_running: 10136
02-18 00:34:01.331  1000  1487  1830 D CompatibilityChangeReporter: Compat change id reported: 135634846; UID 10136; state: DISABLED
02-18 00:34:01.331  1000  1487  1830 D CompatibilityChangeReporter: Compat change id reported: 177438394; UID 10136; state: DISABLED
02-18 00:34:01.331  1000  1487  1830 D CompatibilityChangeReporter: Compat change id reported: 135772972; UID 10136; state: DISABLED
02-18 00:34:01.331  1000  1487  1830 D CompatibilityChangeReporter: Compat change id reported: 135754954; UID 10136; state: ENABLED
02-18 00:34:01.333  1000  1487  1723 D CompatibilityChangeReporter: Compat change id reported: 143937733; UID 10136; state: ENABLED
02-18 00:34:01.347  root   878   878 D Zygote  : Forked child process 7871
02-18 00:34:01.348  1000  1487  1723 I am_proc_start: [0,7871,10136,com.android.tradefed.utils.wifi,added application,com.android.tradefed.utils.wifi]
02-18 00:34:01.348  1000  1487  1723 I ActivityManager: Start proc 7871:com.android.tradefed.utils.wifi/u0a136 for added application com.android.tradefed.utils.wifi
02-18 00:34:01.365 10136  7871  7871 I efed.utils.wifi: Using CollectorTypeCMC GC.
02-18 00:34:01.371 10136  7871  7871 E efed.utils.wifi: Not starting debugger since process cannot load the jdwp agent.
02-18 00:34:01.374 10136  7871  7871 D nativeloader: Load libframework-connectivity-tiramisu-jni.so using APEX ns com_android_tethering for caller /apex/com.android.tethering/javalib/framework-connectivity-t.jar: ok
02-18 00:34:01.379  1000  1487  1830 I am_proc_bound: [0,7871,com.android.tradefed.utils.wifi]
02-18 00:34:01.383 10136  7871  7871 D CompatibilityChangeReporter: Compat change id reported: 171979766; UID 10136; state: ENABLED
02-18 00:34:01.383 10136  7871  7871 D CompatibilityChangeReporter: Compat change id reported: 242716250; UID 10136; state: DISABLED
02-18 00:34:01.386 10136  7871  7871 D ApplicationLoaders: Returning zygote-cached class loader: /system/framework/android.test.base.jar
02-18 00:34:01.389 10136  7871  7871 D nativeloader: Configuring clns-4 for other apk /system/framework/android.test.mock.jar. target_sdk_version=31, uses_libraries=ALL, library_path=/data/app/~~AqBiL7XUH5Xrmedf5Gy8hg==/com.android.tradefed.utils.wifi-QTd18gZ6_JPdjvdvCivJdw==/lib/arm64, permitted_path=/data:/mnt/expand:/data/user/0/com.android.tradefed.utils.wifi
02-18 00:34:01.392 10136  7871  7871 D ApplicationLoaders: Returning zygote-cached class loader: /system/framework/android.test.base.jar
02-18 00:34:01.398 10136  7871  7871 D nativeloader: Configuring clns-5 for other apk /system/framework/android.test.runner.jar. target_sdk_version=31, uses_libraries=ALL, library_path=/data/app/~~AqBiL7XUH5Xrmedf5Gy8hg==/com.android.tradefed.utils.wifi-QTd18gZ6_JPdjvdvCivJdw==/lib/arm64, permitted_path=/data:/mnt/expand:/data/user/0/com.android.tradefed.utils.wifi
02-18 00:34:01.402 10136  7871  7871 D nativeloader: Configuring clns-6 for other apk /data/app/~~AqBiL7XUH5Xrmedf5Gy8hg==/com.android.tradefed.utils.wifi-QTd18gZ6_JPdjvdvCivJdw==/base.apk. target_sdk_version=31, uses_libraries=, library_path=/data/app/~~AqBiL7XUH5Xrmedf5Gy8hg==/com.android.tradefed.utils.wifi-QTd18gZ6_JPdjvdvCivJdw==/lib/arm64, permitted_path=/data:/mnt/expand:/data/user/0/com.android.tradefed.utils.wifi
02-18 00:34:01.408 10136  7871  7871 V GraphicsEnvironment: Currently set values for:
02-18 00:34:01.408 10136  7871  7871 V GraphicsEnvironment:   angle_gl_driver_selection_pkgs=[]
02-18 00:34:01.408 10136  7871  7871 V GraphicsEnvironment:   angle_gl_driver_selection_values=[]
02-18 00:34:01.408 10136  7871  7871 V GraphicsEnvironment: Global.Settings values are invalid: number of packages: 0, number of values: 0
02-18 00:34:01.408 10136  7871  7871 V GraphicsEnvironment: Neither updatable production driver nor prerelease driver is supported.
02-18 00:34:01.414 10136  7871  7871 I UiAutomation: Initialized for user 0 on display 0
02-18 00:34:01.417  1000  1487  1830 D AccessibilityManagerService: changeCurrentUserForTestAutomationIfNeededLocked(0): ignoring because device doesn't support visible background users
02-18 00:34:01.417  1000  1487  1830 I UiAutomationManager: Registering UiTestAutomationService (id=com.android.server.accessibility/UiAutomation) when called by user 0
02-18 00:34:01.420  1000  1487  1830 W MagnificationConnectionManager: requestConnection duplicated request: connect=false, mConnectionState=DISCONNECTED
02-18 00:34:01.422  1000  1487  1487 D BatterySaverPolicy: accessibility changed to true, updating policy.
02-18 00:34:01.424 10136  7871  7887 V UiAutomation: Init UiAutomation@f7b7269[id=16, displayId=0, flags=0]
02-18 00:34:01.431  1000  1487  1830 I am_uid_active: 10136
02-18 00:34:01.433  1000  1487  1830 I WifiService: getVerboseLoggingLevel uid=10136
02-18 00:34:01.436  root   877  7890 I resolv  : GetAddrInfoHandler::run: {0 0 0 983040 10136 0}
02-18 00:34:01.438 10136  7871  7888 E WifiConnector: Failed to open connection to check connectivity
02-18 00:34:01.441  1000  1487  1830 W MagnificationConnectionManager: requestConnection duplicated request: connect=false, mConnectionState=DISCONNECTED
02-18 00:34:01.441  1000  1487  1830 D AccessibilityManagerService: restoreCurrentUserForTestAutomationIfNeededLocked(): ignoring because device doesn't support visible background users
02-18 00:34:01.442  1000  1487  1487 D BatterySaverPolicy: accessibility changed to false, updating policy.
02-18 00:34:01.444  1000  1487  2958 I ActivityManager: Force stopping com.android.tradefed.utils.wifi appid=10136 user=0: finished inst
02-18 00:34:01.445  1000  1487  2958 E ActivityManager: Unable to freeze binder for 7871: -11
02-18 00:34:01.445  1000  1487  2958 I am_uid_stopped: 10136
02-18 00:34:01.445 shell  7857  7857 I app_process: System.exit called, status: 0
02-18 00:34:01.446 shell  7857  7857 I AndroidRuntime: VM exiting with result code 0.
02-18 00:34:01.478  1000  2958  2958 I binder  : 1487:2958 ioctl 400c620e 72dab9242c returned -11
02-18 00:34:01.478  1000  2958  2958 I binder  : 1487:2958 ioctl 400c620e 72dab9242c returned -11
02-18 00:34:01.446  1000  1487  2958 I ActivityManager: Killing 7871:com.android.tradefed.utils.wifi/u0a136 (adj 0): stop com.android.tradefed.utils.wifi due to finished inst
02-18 00:34:01.447  1000  1487  1713 D DisplayManagerService: Drop pending events for gone uid 10136
02-18 00:34:01.447  1000  1487  2958 I am_kill : [0,7871,com.android.tradefed.utils.wifi,0,stop com.android.tradefed.utils.wifi due to finished inst,103564]
02-18 00:34:01.479  1000  1487  2958 V ActivityManager: Got obituary of 7871:com.android.tradefed.utils.wifi
02-18 00:34:01.480  1000  1487  1730 I libprocessgroup: Removed cgroup /sys/fs/cgroup/uid_10136/pid_7871
02-18 00:34:01.480  root   878   878 I Zygote  : Process 7871 exited due to signal 9 (Killed)
02-18 00:34:01.512  root  1648  1648 I binder  : undelivered TRANSACTION_COMPLETE
02-18 00:34:01.512  root  1648  1648 I binder  : undelivered transaction 260091, process died.
02-18 00:34:01.644  1000  1487  1871 I commit_sys_config_file: [settings-2-0,22]
02-18 00:34:01.835  root     0     0 E         : [    C1] exynos5-hsi2c 10970000.hsi2c: HSI2C Error Interrupt occurred(IS:0x00000401, TR:0x00080001)
02-18 00:34:01.835  root     0     0 E         : [    C1] exynos5-hsi2c 10970000.hsi2c: HSI2C NO ACK occurred
02-18 00:34:01.835   nfc  3906  3906 E exynos5-hsi2c 10970000.hsi2c: ack was not received at write
02-18 00:34:01.835   nfc  3906  3906 I exynos5-hsi2c 10970000.hsi2c: exynos5_i2c_set_timing IPCLK = 199680000 OP_CLK = 400000 DIV = 31 Timing FS1 = 0x1F0FF00 TIMING FS2 = 0x30003E0 TIMING FS3 = 0x1F0000
02-18 00:34:01.835   nfc  3906  3906 E st21nfc i2c-st21nfc: st21nfc_dev_write : i2c_master_send returned -6
02-18 00:34:01.863  root     1     1 I init    : starting service 'securedpud.slider'...
02-18 00:34:01.882  root     1     1 I init    : ... started service 'securedpud.slider' has pid 7894
02-18 00:34:01.882  root     1     1 I init    : starting service 'trusty_metricsd'...
02-18 00:34:01.891  root     1     1 I init    : ... started service 'trusty_metricsd' has pid 7895
02-18 00:34:01.877  1000  7894  7894 I securedpud.slider: starting securedpud
02-18 00:34:01.878  1000  7894  7894 I securedpud.slider: trusty dev: /dev/trusty-ipc-dev0
02-18 00:34:01.878  1000  7894  7894 I DMABUFHEAPS: Using DMA-BUF heap named: tui-secure
02-18 00:34:01.879  1000  7894  7894 E libtrusty: tipc_connect: can't connect to tipc service "com.android.trusty.secure_dpu" (err=107)
02-18 00:34:01.879  1000  7894  7894 E securedpud.slider: Failed to connect to: /dev/trusty-ipc-dev0
02-18 00:34:01.914  root     1     1 I init    : Service 'securedpud.slider' (pid 7894) exited with status 1
02-18 00:34:01.914  root     1     1 I init    : Sending signal 9 to service 'securedpud.slider' (pid 7894) process group...
02-18 00:34:01.914  root     1     1 I libprocessgroup: Removed cgroup /sys/fs/cgroup/uid_1000/pid_7894
02-18 00:34:01.915  root     1     1 E init    : process with updatable components 'securedpud.slider' exited 4 times in 4 minutes
02-18 00:34:01.917  root     1     1 I init    : processing action (sys.init.updatable_crashing=1) from (/system/etc/init/flags_health_check.rc:10)
02-18 00:34:01.917  root     1     1 I init    : starting service 'exec 87 (/system/bin/flags_health_check UPDATABLE_CRASHING)'...
02-18 00:34:01.930  root     1     1 I init    : ... started service 'exec 87 (/system/bin/flags_health_check UPDATABLE_CRASHING)' has pid 7896
02-18 00:34:01.930  root     1     1 I init    : SVC_EXEC service 'exec 87 (/system/bin/flags_health_check UPDATABLE_CRASHING)' pid 7896 (uid 1000 gid 1000+0 context default) started; waiting...
02-18 00:34:01.910  1000  7895  7895 I trusty_metricsd: starting trusty_metricsd
02-18 00:34:01.910  1000  7895  7895 I trusty_metricsd: trusty dev: /dev/trusty-ipc-dev0
02-18 00:34:01.913  1000  7895  7895 E libtrusty: tipc_connect: can't connect to tipc service "com.android.frameworks.stats.trusty.metrics.istats_setter" (err=107)
02-18 00:34:01.913  1000  7895  7895 E RpcTrusty: Failed to connect to Trusty service. Error code: -107
02-18 00:34:01.913  1000  7895  7895 E RpcTrusty: Failed to set up Trusty client. Error: BAD_VALUE
02-18 00:34:01.913  1000  7895  7895 E trusty_metricsd: failed to connect TrustyMetricsPixel to Trusty: failed to connect to Trusty metrics TA: Transport endpoint is not connected
02-18 00:34:01.913  1000  7895  7895 W RefBase : RefBase: Explicit destruction, weak count = 0 (in 0xb400006f9f63bb68). Use sp<> to manage this object.
02-18 00:34:01.913  1000  7895  7895 W RefBase : CallStack::getCurrentInternal not linked, returning null
02-18 00:34:01.913  1000  7895  7895 W RefBase : CallStack::logStackInternal not linked
02-18 00:34:01.913  1000  7895  7895 E trusty_metricsd: failed to open Trusty metrics client
02-18 00:34:01.913  1000  7895  7895 E trusty_metricsd: trying to connect to Trusty metrics TA at old TIPC port
02-18 00:34:01.914  1000  7895  7895 E libtrusty: tipc_connect: can't connect to tipc service "com.android.trusty.metrics" (err=107)
02-18 00:34:01.914  1000  7895  7895 E trusty_metricsd: failed to open TrustyMetricsPixelTipc: failed to connect to Trusty metrics TA: Transport endpoint is not connected
02-18 00:34:01.914  1000  7895  7895 E trusty_metricsd: failed to open Trusty metrics client
02-18 00:34:01.952  root     1     1 I init    : Service 'trusty_metricsd' (pid 7895) exited with status 1
02-18 00:34:01.952  root     1     1 I init    : Sending signal 9 to service 'trusty_metricsd' (pid 7895) process group...
02-18 00:34:01.953  root     1     1 I libprocessgroup: Removed cgroup /sys/fs/cgroup/uid_1000/pid_7895
02-18 00:34:01.953  root     1     1 E init    : process with updatable components 'trusty_metricsd' exited 4 times in 4 minutes
02-18 00:34:01.928  1000  7896  7896 I flags_health_check: ServerConfigurableFlagsReset reset_mode value: 1
02-18 00:34:01.928  1000  7896  7896 I flags_health_check: ServerConfigurableFlagsReset updatable crashing detected, resetting flags.
02-18 00:34:01.975  root     1     1 I init    : Service 'exec 87 (/system/bin/flags_health_check UPDATABLE_CRASHING)' (pid 7896) exited with status 0 waiting took 0.048000 seconds
02-18 00:34:01.975  root     1     1 I init    : Sending signal 9 to service 'exec 87 (/system/bin/flags_health_check UPDATABLE_CRASHING)' (pid 7896) process group...
02-18 00:34:01.975  root     1     1 I libprocessgroup: Removed cgroup /sys/fs/cgroup/uid_1000/pid_7896
02-18 00:34:01.976  root     1     1 I init    : processing action (sys.init.updatable_crashing=1) from (/system/etc/init/flags_health_check.rc:10)
02-18 00:34:01.976  root     1     1 I init    : starting service 'exec 88 (/system/bin/flags_health_check UPDATABLE_CRASHING)'...
02-18 00:34:01.981  root     1     1 I init    : ... started service 'exec 88 (/system/bin/flags_health_check UPDATABLE_CRASHING)' has pid 7897
02-18 00:34:01.981  root     1     1 I init    : SVC_EXEC service 'exec 88 (/system/bin/flags_health_check UPDATABLE_CRASHING)' pid 7897 (uid 1000 gid 1000+0 context default) started; waiting...
02-18 00:34:01.957  1000  7897  7897 I flags_health_check: ServerConfigurableFlagsReset reset_mode value: 1
02-18 00:34:01.957  1000  7897  7897 I flags_health_check: ServerConfigurableFlagsReset updatable crashing detected, resetting flags.
02-18 00:34:01.994  root     1     1 I init    : Service 'exec 88 (/system/bin/flags_health_check UPDATABLE_CRASHING)' (pid 7897) exited with status 0 waiting took 0.015000 seconds
02-18 00:34:01.994  root     1     1 I init    : Sending signal 9 to service 'exec 88 (/system/bin/flags_health_check UPDATABLE_CRASHING)' (pid 7897) process group...
02-18 00:34:01.996  root     1     1 I libprocessgroup: Removed cgroup /sys/fs/cgroup/uid_1000/pid_7897
02-18 00:34:01.986   nfc  3570  3570 I NfcDispatcher: no match
02-18 00:34:02.215  1080   905   935 I CHRE    : @ 212.065: [ImuCal] [GYRO_RPS] (s0, c0) Offset | Temp [C] | Quality: 0.002056, 0.002524, 0.000400 | 29.63 | 4
02-18 00:34:02.216  1080   905   935 I CHRE    : @ 212.065: [ImuCal] [GYRO_RPS] (s0) Temp Sensitivity: -.000038, -.000061, 0.000014
02-18 00:34:02.216  1080   905   935 I CHRE    : @ 212.065: [ImuCal] [GYRO_RPS] (s0) Temp Intercept: 0.003242, 0.004409, -.000107
02-18 00:34:02.950  1000   562   674 D DisplayDevice: setDesiredMode 4619827677550801152 {mode=60.00 Hz (60.00 Hz(60.00 Hz)), emitEvent=false, force=false}
02-18 00:34:02.956  1000   565   565 D hwc-display: setActiveConfigWithConstraints:: PrimaryDisplay config(36) test(0)
02-18 00:34:02.956  1000   565   565 I hwc-display: [PrimaryDisplay] setActiveConfigWithConstraints: config(36)
02-18 00:34:02.993  root   243   243 I gtd     : FTS_TS: refresh rate(Hz) changed to 60 from 90
02-18 00:34:03.289  1000  1572  1652 I pixel-thermal: usb_pwr_therm:27.61 raw data: usb_pwr_therm:27610 
02-18 00:34:03.305  1000  1572  1652 I pixel-thermal: VIRTUAL-USB-THROTTLING:0 raw data: USB-MINUS-NEUTRAL:-1024 USB-MINUS-USB2:-111 VIRTUAL-USB-THROTTLING:0 neutral_therm:28634 usb_pwr_therm:27610 usb_pwr_therm2:27721 
02-18 00:34:03.307  1000  1572  1652 I pixel-thermal: quiet_therm:27.877 raw data: quiet_therm:27877 
02-18 00:34:03.307  1000  1572  1652 I pixel-thermal: VIRTUAL-USB-UI:0 raw data: USB-MINUS-NEUTRAL:-1024 USB-MINUS-USB2:-111 VIRTUAL-USB-UI:0 usb_pwr_therm:27610 
02-18 00:34:03.308  1000  1572  1652 I pixel-thermal: Power rails total power: 816.45 mW for 60089 ms
02-18 00:34:03.308  1000  1572  1652 I pixel-thermal: Power rails [S6M_LLDO1: 45.33 mW] [L7S_SENSORS: 3.36 mW] [S10M_VDD_TPU: 0.00 mW] [S5M_VDD_INT: 11.48 mW] [S2M_VDD_CPUCL2: 79.19 mW] [S1M_VDD_MIF: 54.94 mW] 
02-18 00:34:03.308  1000  1572  1652 I pixel-thermal: Power rails [S4M_VDD_CPUCL0: 131.63 mW] [VSYS_PWR_WLAN_BT: 17.15 mW] [VSYS_PWR_RFFE: 0.13 mW] [VSYS_PWR_MODEM: 31.25 mW] [VSYS_PWR_MMWAVE: 0.00 mW] [S3M_VDD_CPUCL1: 105.97 mW] 
02-18 00:34:03.308  1000  1572  1652 I pixel-thermal: Power rails [L2S_PLL_MIPI_UFS: 27.21 mW] [L14S_ALIVE: 0.00 mW] [S9S_VDD_AOC: 2.74 mW] [S4S_VDD2H_MEM: 27.87 mW] [L9S_GNSS_CORE: 0.03 mW] [S8S_VDD_G3D_L2: 1.10 mW] 
02-18 00:34:03.308  1000  1572  1652 I pixel-thermal: Power rails [S5S_VDDQ_MEM: 6.08 mW] [S2S_VDD_G3D: 5.20 mW] [S1S_VDD_CAM: 2.09 mW] [S8M_LLDO2: 36.07 mW] [L15M_VDD_SLC_M: 15.51 mW] [VSYS_PWR_DISPLAY: 212.12 mW] 
02-18 00:34:06.771 10122  3563  3870 W MediaProvider: isAppCloneUserPair for user 0: false
