02-18 00:34:19.831  1000  1487  1715 I DisplayDeviceRepository: Display device changed: DisplayDeviceInfo{"Built-in Screen": uniqueId="local:4619827677550801152", 1080 x 2400, modeId 1, renderFrameRate 60.0, defaultModeId 2, userPreferredModeId -1, supportedModes [{id=1, width=1080, height=2400, fps=60.0, vsync=60.0, alternativeRefreshRates=[90.0], supportedHdrTypes=[2, 3, 4]}, {id=2, width=1080, height=2400, fps=90.0, vsync=90.0, alternativeRefreshRates=[60.0], supportedHdrTypes=[2, 3, 4]}], colorMode 0, supportedColorModes [0, 7, 9], hdrCapabilities HdrCapabilities{mSupportedHdrTypes=[2, 3, 4], mMaxLuminance=1000.0, mMaxAverageLuminance=120.0, mMinLuminance=5.0E-4}, allmSupported false, gameContentTypeSupported false, density 420, 415.636 x 417.534 dpi, appVsyncOff 6233334, presDeadline 11500000, cutout DisplayCutout{insets=Rect(0, 136 - 0, 0) waterfall=Insets{left=0, top=0, right=0, bottom=0} boundingRect={Bounds=[Rect(0, 0 - 0, 0), Rect(480, 0 - 625, 136), Rect(0, 0 - 0, 0), Rect(0, 0 - 0, 0)]} cutoutPathParserInfo={CutoutPathParserInfo{displayWidth=1080 displayHeight=2400 physicalDisplayWidth=1080 physicalDisplayHeight=2400 density={2.625} cutoutSpec={M 506,68 a 34,34 0 1 0 68,0 34,34 0 1 0 -68,0 Z @left} rotation={0} scale={1.0} physicalPixelDisplaySizeRatio={1.0}}} sideOverrides={}}, touch INTERNAL, rotation 0, type INTERNAL, address {port=0, model=0x401ceccbbbeef1}, deviceProductInfo DeviceProductInfo{name=Common Panel, manufacturerPnpId=GGL, productId=0, modelYear=null, manufactureDate=ManufactureDate{week=1, year=1990}, connectionToSinkType=0}, state ON, committedState ON, frameRateOverride , brightnessMinimum 0.0, brightnessMaximum 1.0, brightnessDefault 0.17429718, hdrSdrRatio 1.0, roundedCorners RoundedCorners{[RoundedCorner{position=TopLeft, radius=47, center=Point(47, 47)}, RoundedCorner{position=TopRight, radius=47, center=Point(1033, 47)}, RoundedCorner{position=BottomRight, radius=48, center=Point(1032, 2352)}, RoundedCorner{position=BottomLeft, radius=48, center=Point(48, 2352)}]}, FLAG_ALLOWED_TO_BE_DEFAULT_DISPLAY, FLAG_ROTATES_WITH_CONTENT, FLAG_SECURE, FLAG_SUPPORTS_PROTECTED_BUFFERS, FLAG_TRUSTED, installOrientation 0, displayShape DisplayShape{ spec=-552977240 displayWidth=1080 displayHeight=2400 physicalPixelDisplaySizeRatio=1.0 rotation=0 offsetX=0 offsetY=0 scale=1.0}}
02-18 00:34:19.832  1000  1487  1754 D BrightnessThermalClamper: Thermal status observer already started
02-18 00:34:19.832  1000  1487  1754 D BrightnessPowerClamper: Power throttling data is missing for configuration data.
02-18 00:34:19.833  1041   888  3463 D audio_hw: adev_set_parameters: enter: screen_state=on
02-18 00:34:19.835 10096  2875  2928 D allDisplayEvents: newValue: Changed(displayId=0)
02-18 00:34:19.835 10096  2875  2875 D DisplayRepository: combining enabled=[0], connectedExternalDisplayIds=[], ignored=[]
02-18 00:34:19.835  1000  1487  1714 I commit_sys_config_file: [notification-policy,4]
02-18 00:34:19.854 10122  3563  4979 W MediaProvider: isAppCloneUserPair for user 0: false
02-18 00:34:19.943   hsm   555   570 D libnos_datagram: Calling App 0x00 with params 0x0200
02-18 00:34:19.953 10122  3563  3869 I MediaProvider: Deleted 1 0 0 0 0 0 0 items on external_primary due to com.android.shell
02-18 00:34:19.960 10085  3417  3445 I LatinIME:LogUtils: Dictionary info: dictionary = main:en ; version = 54 ; date = 1414726273
02-18 00:34:19.975   hsm   555   570 D libnos_datagram: App 0x00 returning 0x0
02-18 00:34:20.288  1000   562   562 D DisplayDevice: setDesiredMode 4619827677550801152 {mode=90.00 Hz (90.00 Hz(90.00 Hz)), emitEvent=true, force=false}
02-18 00:34:20.289  1000   565   677 D hwc-display: setActiveConfigWithConstraints:: PrimaryDisplay config(37) test(0)
02-18 00:34:20.290  1000   565   677 I hwc-display: [PrimaryDisplay] setActiveConfigWithConstraints: config(37)
02-18 00:34:20.324  root   243   243 I gtd     : FTS_TS: refresh rate(Hz) changed to 90 from 60
02-18 00:34:20.301  1000  1487  1715 I DisplayDeviceRepository: Display device changed: DisplayDeviceInfo{"Built-in Screen": uniqueId="local:4619827677550801152", 1080 x 2400, modeId 2, renderFrameRate 90.0, defaultModeId 2, userPreferredModeId -1, supportedModes [{id=1, width=1080, height=2400, fps=60.0, vsync=60.0, alternativeRefreshRates=[90.0], supportedHdrTypes=[2, 3, 4]}, {id=2, width=1080, height=2400, fps=90.0, vsync=90.0, alternativeRefreshRates=[60.0], supportedHdrTypes=[2, 3, 4]}], colorMode 0, supportedColorModes [0, 7, 9], hdrCapabilities HdrCapabilities{mSupportedHdrTypes=[2, 3, 4], mMaxLuminance=1000.0, mMaxAverageLuminance=120.0, mMinLuminance=5.0E-4}, allmSupported false, gameContentTypeSupported false, density 420, 415.636 x 417.534 dpi, appVsyncOff 6233333, presDeadline 11500000, cutout DisplayCutout{insets=Rect(0, 136 - 0, 0) waterfall=Insets{left=0, top=0, right=0, bottom=0} boundingRect={Bounds=[Rect(0, 0 - 0, 0), Rect(480, 0 - 625, 136), Rect(0, 0 - 0, 0), Rect(0, 0 - 0, 0)]} cutoutPathParserInfo={CutoutPathParserInfo{displayWidth=1080 displayHeight=2400 physicalDisplayWidth=1080 physicalDisplayHeight=2400 density={2.625} cutoutSpec={M 506,68 a 34,34 0 1 0 68,0 34,34 0 1 0 -68,0 Z @left} rotation={0} scale={1.0} physicalPixelDisplaySizeRatio={1.0}}} sideOverrides={}}, touch INTERNAL, rotation 0, type INTERNAL, address {port=0, model=0x401ceccbbbeef1}, deviceProductInfo DeviceProductInfo{name=Common Panel, manufacturerPnpId=GGL, productId=0, modelYear=null, manufactureDate=ManufactureDate{week=1, year=1990}, connectionToSinkType=0}, state ON, committedState ON, frameRateOverride , brightnessMinimum 0.0, brightnessMaximum 1.0, brightnessDefault 0.17429718, hdrSdrRatio 1.0, roundedCorners RoundedCorners{[RoundedCorner{position=TopLeft, radius=47, center=Point(47, 47)}, RoundedCorner{position=TopRight, radius=47, center=Point(1033, 47)}, RoundedCorner{position=BottomRight, radius=48, center=Point(1032, 2352)}, RoundedCorner{position=BottomLeft, radius=48, center=Point(48, 2352)}]}, FLAG_ALLOWED_TO_BE_DEFAULT_DISPLAY, FLAG_ROTATES_WITH_CONTENT, FLAG_SECURE, FLAG_SUPPORTS_PROTECTED_BUFFERS, FLAG_TRUSTED, installOrientation 0, displayShape DisplayShape{ spec=-552977240 displayWidth=1080 displayHeight=2400 physicalPixelDisplaySizeRatio=1.0 rotation=0 offsetX=0 offsetY=0 scale=1.0}}
02-18 00:34:20.303  1000  1487  1754 D BrightnessThermalClamper: Thermal status observer already started
02-18 00:34:20.303  1000  1487  1754 D BrightnessPowerClamper: Power throttling data is missing for configuration data.
02-18 00:34:20.304  1000  1487  1715 D DisplayManagerService: Ignore redundant display event 0/2 to 10088/3600
02-18 00:34:20.304  1041   888  3463 D audio_hw: adev_set_parameters: enter: screen_state=on
02-18 00:34:20.306 10096  2875  2875 D DisplayRepository: combining enabled=[0], connectedExternalDisplayIds=[], ignored=[]
02-18 00:34:20.389 10122  3563  3870 W MediaProvider: isAppCloneUserPair for user 0: false
02-18 00:34:20.510 10122  3563  4979 I MediaProvider: Deleted 1 0 0 0 0 0 0 items on external_primary due to com.android.shell
02-18 00:34:20.611  artd  4593  4595 I artd    : Dex parent of /data/app/~~AqBiL7XUH5Xrmedf5Gy8hg==/com.android.tradefed.utils.wifi-QTd18gZ6_JPdjvdvCivJdw==/base.apk is not writable: Permission denied
02-18 00:34:20.612  artd  4593  4595 I artd    : GetBestInfo checking odex in dalvik-cache (/data/dalvik-cache/arm64/data@app@~~AqBiL7XUH5Xrmedf5Gy8hg==@com.android.tradefed.utils.wifi-QTd18gZ6_JPdjvdvCivJdw==@base.apk@classes.dex)
02-18 00:34:20.612  artd  4593  4595 I artd    : Loading /data/dalvik-cache/arm64/data@app@~~AqBiL7XUH5Xrmedf5Gy8hg==@com.android.tradefed.utils.wifi-QTd18gZ6_JPdjvdvCivJdw==@base.apk@classes.dex with executable: 0
02-18 00:34:20.612  artd  4593  4595 I artd    : OatFileAssistant test for existing oat file /data/dalvik-cache/arm64/data@app@~~AqBiL7XUH5Xrmedf5Gy8hg==@com.android.tradefed.utils.wifi-QTd18gZ6_JPdjvdvCivJdw==@base.apk@classes.dex: File /data/dalvik-cache/arm64/data@app@~~AqBiL7XUH5Xrmedf5Gy8hg==@com.android.tradefed.utils.wifi-QTd18gZ6_JPdjvdvCivJdw==@base.apk@classes.vdex does not exist.
02-18 00:34:20.612  artd  4593  4595 I artd    : GetBestInfo checking odex next to the dex file (/data/app/~~AqBiL7XUH5Xrmedf5Gy8hg==/com.android.tradefed.utils.wifi-QTd18gZ6_JPdjvdvCivJdw==/oat/arm64/base.odex)
02-18 00:34:20.612  artd  4593  4595 I artd    : Loading /data/app/~~AqBiL7XUH5Xrmedf5Gy8hg==/com.android.tradefed.utils.wifi-QTd18gZ6_JPdjvdvCivJdw==/oat/arm64/base.odex with executable: 0
02-18 00:34:20.613  artd  4593  4595 I artd    : Successfully loaded /data/app/~~AqBiL7XUH5Xrmedf5Gy8hg==/com.android.tradefed.utils.wifi-QTd18gZ6_JPdjvdvCivJdw==/oat/arm64/base.odex with executable: 0
02-18 00:34:20.614  artd  4593  4595 I artd    : /data/app/~~AqBiL7XUH5Xrmedf5Gy8hg==/com.android.tradefed.utils.wifi-QTd18gZ6_JPdjvdvCivJdw==/oat/arm64/base.odex is kOatUpToDate with filter verify
02-18 00:34:20.783 shell  8480  8480 D AndroidRuntime: >>>>>> START com.android.internal.os.RuntimeInit uid 2000 <<<<<<
02-18 00:34:20.788 shell  8480  8480 I AndroidRuntime: Using default boot image
02-18 00:34:20.788 shell  8480  8480 I AndroidRuntime: Leaving lock profiling enabled
02-18 00:34:20.792 shell  8480  8480 I app_process: Core platform API reporting enabled, enforcing=false
02-18 00:34:20.792 shell  8480  8480 I app_process: Using CollectorTypeCMC GC.
02-18 00:34:20.860 shell  8480  8480 D nativeloader: InitDefaultPublicLibraries for_preload=1: libandroid.so:libaaudio.so:libamidi.so:libbinder_ndk.so:libc.so:libcamera2ndk.so:libdl.so:libEGL.so:libGLESv1_CM.so:libGLESv2.so:libGLESv3.so:libicu.so:libicui18n.so:libicuuc.so:libjnigraphics.so:liblog.so:libmediandk.so:libm.so:libnativehelper.so:libnativewindow.so:libOpenMAXAL.so:libOpenSLES.so:libRS.so:libstdc++.so:libsync.so:libvulkan.so:libwebviewchromium_plat_support.so:libz.so
02-18 00:34:20.886 shell  8480  8480 D nativeloader: Load libicu_jni.so using APEX ns com_android_art for caller /apex/com.android.art/javalib/core-oj.jar: ok
02-18 00:34:20.886 shell  8480  8480 D app_process: Time zone APEX ICU file found: /apex/com.android.tzdata/etc/icu/icu_tzdata.dat
02-18 00:34:20.886 shell  8480  8480 D app_process: I18n APEX ICU file found: /apex/com.android.i18n/etc/icu/icudt72l.dat
02-18 00:34:20.887 shell  8480  8480 D nativeloader: Load libjavacore.so using APEX ns com_android_art for caller /apex/com.android.art/javalib/core-oj.jar: ok
02-18 00:34:20.888 shell  8480  8480 D nativeloader: Load libopenjdk.so using APEX ns com_android_art for caller /apex/com.android.art/javalib/core-oj.jar: ok
02-18 00:34:20.910 shell  8480  8480 D nativeloader: Load libframework-connectivity-tiramisu-jni.so using APEX ns com_android_tethering for caller /apex/com.android.tethering/javalib/framework-connectivity-t.jar: ok
02-18 00:34:20.911 shell  8480  8480 D AndroidRuntime: Calling main entry com.android.commands.am.Am
02-18 00:34:20.913 shell  8480  8480 D UiAutomationConnection: Created on user UserHandle{0}
02-18 00:34:20.914  1000  1487  1828 I ActivityManager: Force stopping com.android.tradefed.utils.wifi appid=10136 user=0: start instr
02-18 00:34:20.915  1000  1487  1828 D GrammaticalInflection: The flag must be enabled to allow calling the API.
02-18 00:34:20.915  1000  1487  1828 I am_uid_running: 10136
02-18 00:34:20.915  1000  1487  1828 D CompatibilityChangeReporter: Compat change id reported: 135634846; UID 10136; state: DISABLED
02-18 00:34:20.915  1000  1487  1828 D CompatibilityChangeReporter: Compat change id reported: 177438394; UID 10136; state: DISABLED
02-18 00:34:20.915  1000  1487  1828 D CompatibilityChangeReporter: Compat change id reported: 135772972; UID 10136; state: DISABLED
02-18 00:34:20.915  1000  1487  1828 D CompatibilityChangeReporter: Compat change id reported: 135754954; UID 10136; state: ENABLED
02-18 00:34:20.916  1000  1487  1723 D CompatibilityChangeReporter: Compat change id reported: 143937733; UID 10136; state: ENABLED
02-18 00:34:20.916  1000  1487  1863 D CompatibilityChangeReporter: Compat change id reported: 265195908; UID 10136; state: ENABLED
02-18 00:34:20.928  root   878   878 D Zygote  : Forked child process 8495
02-18 00:34:20.929  1000  1487  1723 I am_proc_start: [0,8495,10136,com.android.tradefed.utils.wifi,added application,com.android.tradefed.utils.wifi]
02-18 00:34:20.929  1000  1487  1723 I ActivityManager: Start proc 8495:com.android.tradefed.utils.wifi/u0a136 for added application com.android.tradefed.utils.wifi
02-18 00:34:20.936 10136  8495  8495 I efed.utils.wifi: Using CollectorTypeCMC GC.
02-18 00:34:20.939 10136  8495  8495 E efed.utils.wifi: Not starting debugger since process cannot load the jdwp agent.
02-18 00:34:20.941 10136  8495  8495 D nativeloader: Load libframework-connectivity-tiramisu-jni.so using APEX ns com_android_tethering for caller /apex/com.android.tethering/javalib/framework-connectivity-t.jar: ok
02-18 00:34:20.944  1000  1487  1828 I am_proc_bound: [0,8495,com.android.tradefed.utils.wifi]
02-18 00:34:20.944  1000  1487  1828 D CompatibilityChangeReporter: Compat change id reported: 168419799; UID 10136; state: DISABLED
02-18 00:34:20.945  1000  1487  1828 D CompatibilityChangeReporter: Compat change id reported: 273564678; UID 10136; state: DISABLED
02-18 00:34:20.947 10136  8495  8495 D CompatibilityChangeReporter: Compat change id reported: 171979766; UID 10136; state: ENABLED
02-18 00:34:20.947 10136  8495  8495 D CompatibilityChangeReporter: Compat change id reported: 242716250; UID 10136; state: DISABLED
02-18 00:34:20.948  1000  1487  1828 D CompatibilityChangeReporter: Compat change id reported: 170503758; UID 10136; state: ENABLED
02-18 00:34:20.950 10136  8495  8495 D ApplicationLoaders: Returning zygote-cached class loader: /system/framework/android.test.base.jar
02-18 00:34:20.952 10136  8495  8495 D nativeloader: Configuring clns-4 for other apk /system/framework/android.test.mock.jar. target_sdk_version=31, uses_libraries=ALL, library_path=/data/app/~~AqBiL7XUH5Xrmedf5Gy8hg==/com.android.tradefed.utils.wifi-QTd18gZ6_JPdjvdvCivJdw==/lib/arm64, permitted_path=/data:/mnt/expand:/data/user/0/com.android.tradefed.utils.wifi
02-18 00:34:20.954 10136  8495  8495 D ApplicationLoaders: Returning zygote-cached class loader: /system/framework/android.test.base.jar
02-18 00:34:20.955 10136  8495  8495 D nativeloader: Configuring clns-5 for other apk /system/framework/android.test.runner.jar. target_sdk_version=31, uses_libraries=ALL, library_path=/data/app/~~AqBiL7XUH5Xrmedf5Gy8hg==/com.android.tradefed.utils.wifi-QTd18gZ6_JPdjvdvCivJdw==/lib/arm64, permitted_path=/data:/mnt/expand:/data/user/0/com.android.tradefed.utils.wifi
02-18 00:34:20.958 10136  8495  8495 D nativeloader: Configuring clns-6 for other apk /data/app/~~AqBiL7XUH5Xrmedf5Gy8hg==/com.android.tradefed.utils.wifi-QTd18gZ6_JPdjvdvCivJdw==/base.apk. target_sdk_version=31, uses_libraries=, library_path=/data/app/~~AqBiL7XUH5Xrmedf5Gy8hg==/com.android.tradefed.utils.wifi-QTd18gZ6_JPdjvdvCivJdw==/lib/arm64, permitted_path=/data:/mnt/expand:/data/user/0/com.android.tradefed.utils.wifi
02-18 00:34:20.962 10136  8495  8495 V GraphicsEnvironment: Currently set values for:
02-18 00:34:20.962 10136  8495  8495 V GraphicsEnvironment:   angle_gl_driver_selection_pkgs=[]
02-18 00:34:20.962 10136  8495  8495 V GraphicsEnvironment:   angle_gl_driver_selection_values=[]
02-18 00:34:20.962 10136  8495  8495 V GraphicsEnvironment: Global.Settings values are invalid: number of packages: 0, number of values: 0
02-18 00:34:20.962 10136  8495  8495 V GraphicsEnvironment: Neither updatable production driver nor prerelease driver is supported.
02-18 00:34:20.965 10136  8495  8495 I UiAutomation: Initialized for user 0 on display 0
02-18 00:34:20.967  1000  1487  3709 D AccessibilityManagerService: changeCurrentUserForTestAutomationIfNeededLocked(0): ignoring because device doesn't support visible background users
02-18 00:34:20.967  1000  1487  3709 I UiAutomationManager: Registering UiTestAutomationService (id=com.android.server.accessibility/UiAutomation) when called by user 0
02-18 00:34:20.968  1000  1487  3709 W MagnificationConnectionManager: requestConnection duplicated request: connect=false, mConnectionState=DISCONNECTED
02-18 00:34:20.970 10136  8495  8511 V UiAutomation: Init UiAutomation@f7b7269[id=19, displayId=0, flags=0]
02-18 00:34:20.970  1000  1487  1487 D BatterySaverPolicy: accessibility changed to true, updating policy.
02-18 00:34:20.972  1000  1487  2958 I am_uid_active: 10136
02-18 00:34:20.974  1000  1487  3709 I WifiService: getVerboseLoggingLevel uid=10136
02-18 00:34:20.978  root   877  8514 I resolv  : GetAddrInfoHandler::run: {0 0 0 983040 10136 0}
02-18 00:34:20.979 10136  8495  8512 E WifiConnector: Failed to open connection to check connectivity
02-18 00:34:20.980  1000  1487  2957 W MagnificationConnectionManager: requestConnection duplicated request: connect=false, mConnectionState=DISCONNECTED
02-18 00:34:20.980  1000  1487  2957 D AccessibilityManagerService: restoreCurrentUserForTestAutomationIfNeededLocked(): ignoring because device doesn't support visible background users
02-18 00:34:21.014  1000  2957  2957 I binder  : 1487:2957 ioctl 400c620e 72dbc9057c returned -11
02-18 00:34:21.014  1000  2957  2957 I binder  : 1487:2957 ioctl 400c620e 72dbc9057c returned -11
02-18 00:34:20.981  1000  1487  2957 I ActivityManager: Force stopping com.android.tradefed.utils.wifi appid=10136 user=0: finished inst
02-18 00:34:20.981  1000  1487  1487 D BatterySaverPolicy: accessibility changed to false, updating policy.
02-18 00:34:20.981  1000  1487  2957 E ActivityManager: Unable to freeze binder for 8495: -11
02-18 00:34:20.982  1000  1487  2957 I am_uid_stopped: 10136
02-18 00:34:20.983  1000  1487  1713 D DisplayManagerService: Drop pending events for gone uid 10136
02-18 00:34:20.984 shell  8480  8480 I app_process: System.exit called, status: 0
02-18 00:34:20.984 shell  8480  8480 I AndroidRuntime: VM exiting with result code 0.
02-18 00:34:20.985  1000  1487  2957 I ActivityManager: Killing 8495:com.android.tradefed.utils.wifi/u0a136 (adj 0): stop com.android.tradefed.utils.wifi due to finished inst
02-18 00:34:20.985  1000  1487  2957 I am_kill : [0,8495,com.android.tradefed.utils.wifi,0,stop com.android.tradefed.utils.wifi due to finished inst,103672]
02-18 00:34:20.995  1000  1487  2957 V ActivityManager: Got obituary of 8495:com.android.tradefed.utils.wifi
02-18 00:34:20.995  root   878   878 I Zygote  : Process 8495 exited due to signal 9 (Killed)
02-18 00:34:21.027  root   125   125 I binder  : undelivered TRANSACTION_COMPLETE
02-18 00:34:21.027  root   125   125 I binder  : undelivered transaction 279361, process died.
02-18 00:34:20.997  1000  1487  1730 I libprocessgroup: Removed cgroup /sys/fs/cgroup/uid_10136/pid_8495
02-18 00:34:21.081  root   976   976 I s3c2410-wdt 10070000.watchdog_cl1: Watchdog cluster 1 keepalive!, old_wtcnt = 7750, wtcnt = cc8c
02-18 00:34:21.192  1000  1487  1871 I commit_sys_config_file: [settings-2-0,23]
02-18 00:34:21.929  root     1     1 I init    : starting service 'securedpud.slider'...
02-18 00:34:21.953  root     1     1 I init    : ... started service 'securedpud.slider' has pid 8518
02-18 00:34:21.954  root     1     1 I init    : starting service 'trusty_metricsd'...
02-18 00:34:21.961  root     1     1 I init    : ... started service 'trusty_metricsd' has pid 8519
02-18 00:34:21.950  1000  8518  8518 I securedpud.slider: starting securedpud
02-18 00:34:21.950  1000  8518  8518 I securedpud.slider: trusty dev: /dev/trusty-ipc-dev0
02-18 00:34:21.950  1000  8518  8518 I DMABUFHEAPS: Using DMA-BUF heap named: tui-secure
02-18 00:34:21.951  1000  8518  8518 E libtrusty: tipc_connect: can't connect to tipc service "com.android.trusty.secure_dpu" (err=107)
02-18 00:34:21.951  1000  8518  8518 E securedpud.slider: Failed to connect to: /dev/trusty-ipc-dev0
02-18 00:34:21.985  root     1     1 I init    : Service 'securedpud.slider' (pid 8518) exited with status 1
02-18 00:34:21.985  root     1     1 I init    : Sending signal 9 to service 'securedpud.slider' (pid 8518) process group...
02-18 00:34:21.986  root     1     1 I libprocessgroup: Removed cgroup /sys/fs/cgroup/uid_1000/pid_8518
02-18 00:34:21.986  root     1     1 E init    : process with updatable components 'securedpud.slider' exited 4 times in 4 minutes
02-18 00:34:21.994  root     1     1 I init    : processing action (sys.init.updatable_crashing=1) from (/system/etc/init/flags_health_check.rc:10)
02-18 00:34:21.994  root     1     1 I init    : starting service 'exec 95 (/system/bin/flags_health_check UPDATABLE_CRASHING)'...
02-18 00:34:21.966  1000  8519  8519 I trusty_metricsd: starting trusty_metricsd
02-18 00:34:21.967  1000  8519  8519 I trusty_metricsd: trusty dev: /dev/trusty-ipc-dev0
02-18 00:34:22.000  root     1     1 I init    : ... started service 'exec 95 (/system/bin/flags_health_check UPDATABLE_CRASHING)' has pid 8520
02-18 00:34:22.000  root     1     1 I init    : SVC_EXEC service 'exec 95 (/system/bin/flags_health_check UPDATABLE_CRASHING)' pid 8520 (uid 1000 gid 1000+0 context default) started; waiting...
02-18 00:34:21.972  1000  8519  8519 E libtrusty: tipc_connect: can't connect to tipc service "com.android.frameworks.stats.trusty.metrics.istats_setter" (err=107)
02-18 00:34:21.972  1000  8519  8519 E RpcTrusty: Failed to connect to Trusty service. Error code: -107
02-18 00:34:21.972  1000  8519  8519 E RpcTrusty: Failed to set up Trusty client. Error: BAD_VALUE
02-18 00:34:21.972  1000  8519  8519 E trusty_metricsd: failed to connect TrustyMetricsPixel to Trusty: failed to connect to Trusty metrics TA: Transport endpoint is not connected
02-18 00:34:21.972  1000  8519  8519 W RefBase : RefBase: Explicit destruction, weak count = 0 (in 0xb4000073aea13188). Use sp<> to manage this object.
02-18 00:34:21.972  1000  8519  8519 W RefBase : CallStack::getCurrentInternal not linked, returning null
02-18 00:34:21.972  1000  8519  8519 W RefBase : CallStack::logStackInternal not linked
02-18 00:34:21.972  1000  8519  8519 E trusty_metricsd: failed to open Trusty metrics client
02-18 00:34:21.972  1000  8519  8519 E trusty_metricsd: trying to connect to Trusty metrics TA at old TIPC port
02-18 00:34:21.973  1000  8519  8519 E libtrusty: tipc_connect: can't connect to tipc service "com.android.trusty.metrics" (err=107)
02-18 00:34:21.973  1000  8519  8519 E trusty_metricsd: failed to open TrustyMetricsPixelTipc: failed to connect to Trusty metrics TA: Transport endpoint is not connected
02-18 00:34:21.973  1000  8519  8519 E trusty_metricsd: failed to open Trusty metrics client
02-18 00:34:22.008  root     1     1 I init    : Service 'trusty_metricsd' (pid 8519) exited with status 1
02-18 00:34:22.008  root     1     1 I init    : Sending signal 9 to service 'trusty_metricsd' (pid 8519) process group...
02-18 00:34:22.008  root     1     1 I libprocessgroup: Removed cgroup /sys/fs/cgroup/uid_1000/pid_8519
02-18 00:34:22.008  root     1     1 E init    : process with updatable components 'trusty_metricsd' exited 4 times in 4 minutes
02-18 00:34:21.989  1000  8520  8520 I flags_health_check: ServerConfigurableFlagsReset reset_mode value: 1
02-18 00:34:21.989  1000  8520  8520 I flags_health_check: ServerConfigurableFlagsReset updatable crashing detected, resetting flags.
02-18 00:34:22.032  root     1     1 I init    : Service 'exec 95 (/system/bin/flags_health_check UPDATABLE_CRASHING)' (pid 8520) exited with status 0 waiting took 0.035000 seconds
02-18 00:34:22.032  root     1     1 I init    : Sending signal 9 to service 'exec 95 (/system/bin/flags_health_check UPDATABLE_CRASHING)' (pid 8520) process group...
02-18 00:34:22.033  root     1     1 I libprocessgroup: Removed cgroup /sys/fs/cgroup/uid_1000/pid_8520
02-18 00:34:22.034  root     1     1 I init    : processing action (sys.init.updatable_crashing=1) from (/system/etc/init/flags_health_check.rc:10)
02-18 00:34:22.035  root     1     1 I init    : starting service 'exec 96 (/system/bin/flags_health_check UPDATABLE_CRASHING)'...
02-18 00:34:22.042  root     1     1 I init    : ... started service 'exec 96 (/system/bin/flags_health_check UPDATABLE_CRASHING)' has pid 8521
02-18 00:34:22.042  root     1     1 I init    : SVC_EXEC service 'exec 96 (/system/bin/flags_health_check UPDATABLE_CRASHING)' pid 8521 (uid 1000 gid 1000+0 context default) started; waiting...
02-18 00:34:22.024  1000  8521  8521 I flags_health_check: ServerConfigurableFlagsReset reset_mode value: 1
02-18 00:34:22.024  1000  8521  8521 I flags_health_check: ServerConfigurableFlagsReset updatable crashing detected, resetting flags.
02-18 00:34:22.065  root     1     1 I init    : Service 'exec 96 (/system/bin/flags_health_check UPDATABLE_CRASHING)' (pid 8521) exited with status 0 waiting took 0.026000 seconds
02-18 00:34:22.065  root     1     1 I init    : Sending signal 9 to service 'exec 96 (/system/bin/flags_health_check UPDATABLE_CRASHING)' (pid 8521) process group...
02-18 00:34:22.065  root     1     1 I libprocessgroup: Removed cgroup /sys/fs/cgroup/uid_1000/pid_8521
02-18 00:34:23.849  root  1388  1388 E st21nfc i2c-st21nfc: st21nfc_power_stats_switch Error: Switched from IDLE to IDLE!: 3382f, ntf=0
02-18 00:34:25.092  1000  1487  1761 I commit_sys_config_file: [package,38]
02-18 00:34:25.123  logd  5133  5133 I logd    : start watching /data/system/packages.list ...
02-18 00:34:25.125  logd  5133  5133 I logd    : ReadPackageList, total packages: 132
02-18 00:34:25.104  1000  1487  1758 I commit_sys_config_file: [package-user-0,13]
02-18 00:34:26.319 10122  3563  3870 W MediaProvider: isAppCloneUserPair for user 0: false
02-18 00:34:26.470 10122  3563  3869 I MediaProvider: Deleted 1 0 0 0 0 0 0 items on external_primary due to com.android.shell
02-18 00:34:26.561  artd  4593  4595 I artd    : Dex parent of /data/app/~~AqBiL7XUH5Xrmedf5Gy8hg==/com.android.tradefed.utils.wifi-QTd18gZ6_JPdjvdvCivJdw==/base.apk is not writable: Permission denied
02-18 00:34:26.561  artd  4593  4595 I artd    : GetBestInfo checking odex in dalvik-cache (/data/dalvik-cache/arm64/data@app@~~AqBiL7XUH5Xrmedf5Gy8hg==@com.android.tradefed.utils.wifi-QTd18gZ6_JPdjvdvCivJdw==@base.apk@classes.dex)
02-18 00:34:26.562  artd  4593  4595 I artd    : Loading /data/dalvik-cache/arm64/data@app@~~AqBiL7XUH5Xrmedf5Gy8hg==@com.android.tradefed.utils.wifi-QTd18gZ6_JPdjvdvCivJdw==@base.apk@classes.dex with executable: 0
02-18 00:34:26.562  artd  4593  4595 I artd    : OatFileAssistant test for existing oat file /data/dalvik-cache/arm64/data@app@~~AqBiL7XUH5Xrmedf5Gy8hg==@com.android.tradefed.utils.wifi-QTd18gZ6_JPdjvdvCivJdw==@base.apk@classes.dex: File /data/dalvik-cache/arm64/data@app@~~AqBiL7XUH5Xrmedf5Gy8hg==@com.android.tradefed.utils.wifi-QTd18gZ6_JPdjvdvCivJdw==@base.apk@classes.vdex does not exist.
02-18 00:34:26.562  artd  4593  4595 I artd    : GetBestInfo checking odex next to the dex file (/data/app/~~AqBiL7XUH5Xrmedf5Gy8hg==/com.android.tradefed.utils.wifi-QTd18gZ6_JPdjvdvCivJdw==/oat/arm64/base.odex)
02-18 00:34:26.562  artd  4593  4595 I artd    : Loading /data/app/~~AqBiL7XUH5Xrmedf5Gy8hg==/com.android.tradefed.utils.wifi-QTd18gZ6_JPdjvdvCivJdw==/oat/arm64/base.odex with executable: 0
02-18 00:34:26.563  artd  4593  4595 I artd    : Successfully loaded /data/app/~~AqBiL7XUH5Xrmedf5Gy8hg==/com.android.tradefed.utils.wifi-QTd18gZ6_JPdjvdvCivJdw==/oat/arm64/base.odex with executable: 0
02-18 00:34:26.564  artd  4593  4595 I artd    : /data/app/~~AqBiL7XUH5Xrmedf5Gy8hg==/com.android.tradefed.utils.wifi-QTd18gZ6_JPdjvdvCivJdw==/oat/arm64/base.odex is kOatUpToDate with filter verify
02-18 00:34:26.750 shell  8545  8545 D AndroidRuntime: >>>>>> START com.android.internal.os.RuntimeInit uid 2000 <<<<<<
02-18 00:34:26.755 shell  8545  8545 I AndroidRuntime: Using default boot image
02-18 00:34:26.755 shell  8545  8545 I AndroidRuntime: Leaving lock profiling enabled
02-18 00:34:26.757 shell  8545  8545 I app_process: Core platform API reporting enabled, enforcing=false
02-18 00:34:26.758 shell  8545  8545 I app_process: Using CollectorTypeCMC GC.
02-18 00:34:26.833 shell  8545  8545 D nativeloader: InitDefaultPublicLibraries for_preload=1: libandroid.so:libaaudio.so:libamidi.so:libbinder_ndk.so:libc.so:libcamera2ndk.so:libdl.so:libEGL.so:libGLESv1_CM.so:libGLESv2.so:libGLESv3.so:libicu.so:libicui18n.so:libicuuc.so:libjnigraphics.so:liblog.so:libmediandk.so:libm.so:libnativehelper.so:libnativewindow.so:libOpenMAXAL.so:libOpenSLES.so:libRS.so:libstdc++.so:libsync.so:libvulkan.so:libwebviewchromium_plat_support.so:libz.so
02-18 00:34:26.845 shell  8545  8545 D nativeloader: Load libicu_jni.so using APEX ns com_android_art for caller /apex/com.android.art/javalib/core-oj.jar: ok
02-18 00:34:26.846 shell  8545  8545 D app_process: Time zone APEX ICU file found: /apex/com.android.tzdata/etc/icu/icu_tzdata.dat
02-18 00:34:26.846 shell  8545  8545 D app_process: I18n APEX ICU file found: /apex/com.android.i18n/etc/icu/icudt72l.dat
02-18 00:34:26.847 shell  8545  8545 D nativeloader: Load libjavacore.so using APEX ns com_android_art for caller /apex/com.android.art/javalib/core-oj.jar: ok
02-18 00:34:26.849 shell  8545  8545 D nativeloader: Load libopenjdk.so using APEX ns com_android_art for caller /apex/com.android.art/javalib/core-oj.jar: ok
02-18 00:34:26.872 shell  8545  8545 D nativeloader: Load libframework-connectivity-tiramisu-jni.so using APEX ns com_android_tethering for caller /apex/com.android.tethering/javalib/framework-connectivity-t.jar: ok
02-18 00:34:26.872 shell  8545  8545 D AndroidRuntime: Calling main entry com.android.commands.am.Am
02-18 00:34:26.875 shell  8545  8545 D UiAutomationConnection: Created on user UserHandle{0}
02-18 00:34:26.876  1000  1487  3709 I ActivityManager: Force stopping com.android.tradefed.utils.wifi appid=10136 user=0: start instr
02-18 00:34:26.876  1000  1487  3709 D OomAdjuster: Not killing cached processes
02-18 00:34:26.877  1000  1487  3709 D GrammaticalInflection: The flag must be enabled to allow calling the API.
02-18 00:34:26.877  1000  1487  3709 I am_uid_running: 10136
02-18 00:34:26.877  1000  1487  3709 D CompatibilityChangeReporter: Compat change id reported: 135634846; UID 10136; state: DISABLED
02-18 00:34:26.877  1000  1487  3709 D CompatibilityChangeReporter: Compat change id reported: 177438394; UID 10136; state: DISABLED
02-18 00:34:26.877  1000  1487  3709 D CompatibilityChangeReporter: Compat change id reported: 135772972; UID 10136; state: DISABLED
02-18 00:34:26.877  1000  1487  3709 D CompatibilityChangeReporter: Compat change id reported: 135754954; UID 10136; state: ENABLED
02-18 00:34:26.878  1000  1487  1723 D CompatibilityChangeReporter: Compat change id reported: 143937733; UID 10136; state: ENABLED
02-18 00:34:26.879  1000  1487  1863 D CompatibilityChangeReporter: Compat change id reported: 265195908; UID 10136; state: ENABLED
02-18 00:34:26.884  root   878   878 D Zygote  : Forked child process 8559
02-18 00:34:26.885  1000  1487  1723 I am_proc_start: [0,8559,10136,com.android.tradefed.utils.wifi,added application,com.android.tradefed.utils.wifi]
02-18 00:34:26.885  1000  1487  1723 I ActivityManager: Start proc 8559:com.android.tradefed.utils.wifi/u0a136 for added application com.android.tradefed.utils.wifi
02-18 00:34:26.899 10136  8559  8559 I efed.utils.wifi: Using CollectorTypeCMC GC.
02-18 00:34:26.904 10136  8559  8559 E efed.utils.wifi: Not starting debugger since process cannot load the jdwp agent.
02-18 00:34:26.908 10136  8559  8559 D nativeloader: Load libframework-connectivity-tiramisu-jni.so using APEX ns com_android_tethering for caller /apex/com.android.tethering/javalib/framework-connectivity-t.jar: ok
02-18 00:34:26.914  1000  1487  3709 I am_proc_bound: [0,8559,com.android.tradefed.utils.wifi]
02-18 00:34:26.915  1000  1487  3709 D CompatibilityChangeReporter: Compat change id reported: 168419799; UID 10136; state: DISABLED
02-18 00:34:26.915  1000  1487  3709 D CompatibilityChangeReporter: Compat change id reported: 273564678; UID 10136; state: DISABLED
02-18 00:34:26.917 10136  8559  8559 D CompatibilityChangeReporter: Compat change id reported: 171979766; UID 10136; state: ENABLED
02-18 00:34:26.917 10136  8559  8559 D CompatibilityChangeReporter: Compat change id reported: 242716250; UID 10136; state: DISABLED
02-18 00:34:26.919  1000  1487  3709 D CompatibilityChangeReporter: Compat change id reported: 170503758; UID 10136; state: ENABLED
02-18 00:34:26.920 10136  8559  8559 D ApplicationLoaders: Returning zygote-cached class loader: /system/framework/android.test.base.jar
02-18 00:34:26.960  root     1     1 I init    : starting service 'trusty_metricsd'...
02-18 00:34:26.924 10136  8559  8559 D ApplicationLoaders: Returning zygote-cached class loader: /system/framework/android.test.base.jar
02-18 00:34:26.925 10136  8559  8559 D nativeloader: Configuring clns-5 for other apk /system/framework/android.test.runner.jar. target_sdk_version=31, uses_libraries=ALL, library_path=/data/app/~~AqBiL7XUH5Xrmedf5Gy8hg==/com.android.tradefed.utils.wifi-QTd18gZ6_JPdjvdvCivJdw==/lib/arm64, permitted_path=/data:/mnt/expand:/data/user/0/com.android.tradefed.utils.wifi
02-18 00:34:26.928 10136  8559  8559 D nativeloader: Configuring clns-6 for other apk /data/app/~~AqBiL7XUH5Xrmedf5Gy8hg==/com.android.tradefed.utils.wifi-QTd18gZ6_JPdjvdvCivJdw==/base.apk. target_sdk_version=31, uses_libraries=, library_path=/data/app/~~AqBiL7XUH5Xrmedf5Gy8hg==/com.android.tradefed.utils.wifi-QTd18gZ6_JPdjvdvCivJdw==/lib/arm64, permitted_path=/data:/mnt/expand:/data/user/0/com.android.tradefed.utils.wifi
02-18 00:34:26.932  1000  8574  8574 I securedpud.slider: starting securedpud
02-18 00:34:26.932  1000  8574  8574 I securedpud.slider: trusty dev: /dev/trusty-ipc-dev0
02-18 00:34:26.932  1000  8574  8574 I DMABUFHEAPS: Using DMA-BUF heap named: tui-secure
02-18 00:34:26.932  1000  8574  8574 E libtrusty: tipc_connect: can't connect to tipc service "com.android.trusty.secure_dpu" (err=107)
02-18 00:34:26.932  1000  8574  8574 E securedpud.slider: Failed to connect to: /dev/trusty-ipc-dev0
02-18 00:34:26.933 10136  8559  8559 V GraphicsEnvironment: Currently set values for:
02-18 00:34:26.933 10136  8559  8559 V GraphicsEnvironment:   angle_gl_driver_selection_pkgs=[]
02-18 00:34:26.933 10136  8559  8559 V GraphicsEnvironment:   angle_gl_driver_selection_values=[]
02-18 00:34:26.933 10136  8559  8559 V GraphicsEnvironment: Global.Settings values are invalid: number of packages: 0, number of values: 0
02-18 00:34:26.933 10136  8559  8559 V GraphicsEnvironment: Neither updatable production driver nor prerelease driver is supported.
02-18 00:34:26.936 10136  8559  8559 I UiAutomation: Initialized for user 0 on display 0
02-18 00:34:26.971  root     1     1 I init    : ... started service 'trusty_metricsd' has pid 8576
02-18 00:34:26.971  root     1     1 I init    : Service 'securedpud.slider' (pid 8574) exited with status 1
02-18 00:34:26.971  root     1     1 I init    : Sending signal 9 to service 'securedpud.slider' (pid 8574) process group...
02-18 00:34:26.971  root     1     1 I libprocessgroup: Removed cgroup /sys/fs/cgroup/uid_1000/pid_8574
02-18 00:34:26.939  1000  1487  3709 D AccessibilityManagerService: changeCurrentUserForTestAutomationIfNeededLocked(0): ignoring because device doesn't support visible background users
02-18 00:34:26.939  1000  1487  3709 I UiAutomationManager: Registering UiTestAutomationService (id=com.android.server.accessibility/UiAutomation) when called by user 0
02-18 00:34:26.941  1000  1487  3709 W MagnificationConnectionManager: requestConnection duplicated request: connect=false, mConnectionState=DISCONNECTED
02-18 00:34:26.942  1000  1487  1487 D BatterySaverPolicy: accessibility changed to true, updating policy.
02-18 00:34:26.943 10136  8559  8577 V UiAutomation: Init UiAutomation@f7b7269[id=20, displayId=0, flags=0]
02-18 00:34:26.971  root     1     1 E init    : process with updatable components 'securedpud.slider' exited 4 times in 4 minutes
02-18 00:34:26.972  root     1     1 I init    : processing action (sys.init.updatable_crashing=1) from (/system/etc/init/flags_health_check.rc:10)
02-18 00:34:26.972  root     1     1 I init    : starting service 'exec 97 (/system/bin/flags_health_check UPDATABLE_CRASHING)'...
02-18 00:34:26.974  root     1     1 I init    : ... started service 'exec 97 (/system/bin/flags_health_check UPDATABLE_CRASHING)' has pid 8578
02-18 00:34:26.974  root     1     1 I init    : SVC_EXEC service 'exec 97 (/system/bin/flags_health_check UPDATABLE_CRASHING)' pid 8578 (uid 1000 gid 1000+0 context default) started; waiting...
02-18 00:34:26.946  1000  8578  8578 I flags_health_check: ServerConfigurableFlagsReset reset_mode value: 1
02-18 00:34:26.946  1000  8578  8578 I flags_health_check: ServerConfigurableFlagsReset updatable crashing detected, resetting flags.
02-18 00:34:26.946  1000  1487  1571 I am_uid_active: 10136
02-18 00:34:26.948  1000  1487  1571 I WifiService: getVerboseLoggingLevel uid=10136
02-18 00:34:26.950  root   877  8581 I resolv  : GetAddrInfoHandler::run: {0 0 0 983040 10136 0}
02-18 00:34:26.950  1000  8576  8576 I trusty_metricsd: starting trusty_metricsd
02-18 00:34:26.950  1000  8576  8576 I trusty_metricsd: trusty dev: /dev/trusty-ipc-dev0
02-18 00:34:26.951 10136  8559  8579 E WifiConnector: Failed to open connection to check connectivity
02-18 00:34:26.952  1000  8576  8576 E libtrusty: tipc_connect: can't connect to tipc service "com.android.frameworks.stats.trusty.metrics.istats_setter" (err=107)
02-18 00:34:26.952  1000  8576  8576 E RpcTrusty: Failed to connect to Trusty service. Error code: -107
02-18 00:34:26.952  1000  8576  8576 E RpcTrusty: Failed to set up Trusty client. Error: BAD_VALUE
02-18 00:34:26.952  1000  8576  8576 E trusty_metricsd: failed to connect TrustyMetricsPixel to Trusty: failed to connect to Trusty metrics TA: Transport endpoint is not connected
02-18 00:34:26.952  1000  8576  8576 W RefBase : RefBase: Explicit destruction, weak count = 0 (in 0xb400006f9e44abf8). Use sp<> to manage this object.
02-18 00:34:26.952  1000  8576  8576 W RefBase : CallStack::getCurrentInternal not linked, returning null
02-18 00:34:26.952  1000  8576  8576 W RefBase : CallStack::logStackInternal not linked
02-18 00:34:26.952  1000  8576  8576 E trusty_metricsd: failed to open Trusty metrics client
02-18 00:34:26.952  1000  8576  8576 E trusty_metricsd: trying to connect to Trusty metrics TA at old TIPC port
02-18 00:34:26.952  1000  8576  8576 E libtrusty: tipc_connect: can't connect to tipc service "com.android.trusty.metrics" (err=107)
02-18 00:34:26.952  1000  8576  8576 E trusty_metricsd: failed to open TrustyMetricsPixelTipc: failed to connect to Trusty metrics TA: Transport endpoint is not connected
02-18 00:34:26.952  1000  8576  8576 E trusty_metricsd: failed to open Trusty metrics client
02-18 00:34:26.952  1000  1487  1571 W MagnificationConnectionManager: requestConnection duplicated request: connect=false, mConnectionState=DISCONNECTED
02-18 00:34:26.952  1000  1487  1571 D AccessibilityManagerService: restoreCurrentUserForTestAutomationIfNeededLocked(): ignoring because device doesn't support visible background users
02-18 00:34:26.953  1000  1487  1487 D BatterySaverPolicy: accessibility changed to false, updating policy.
02-18 00:34:26.954  1000  1487  2949 I ActivityManager: Force stopping com.android.tradefed.utils.wifi appid=10136 user=0: finished inst
02-18 00:34:26.955  1000  1487  2949 E ActivityManager: Unable to freeze binder for 8559: -11
02-18 00:34:26.955  1000  1487  2949 I am_uid_stopped: 10136
02-18 00:34:26.981  root     1     1 I init    : Sending signal 9 to service 'exec 97 (/system/bin/flags_health_check UPDATABLE_CRASHING)' (pid 8578) process group...
02-18 00:34:26.982  root     1     1 I libprocessgroup: Removed cgroup /sys/fs/cgroup/uid_1000/pid_8578
02-18 00:34:26.986  root     1     1 I init    : Service 'trusty_metricsd' (pid 8576) exited with status 1
02-18 00:34:26.986  root     1     1 I init    : Sending signal 9 to service 'trusty_metricsd' (pid 8576) process group...
02-18 00:34:26.986  root     1     1 I libprocessgroup: Removed cgroup /sys/fs/cgroup/uid_1000/pid_8576
02-18 00:34:26.986  root     1     1 E init    : process with updatable components 'trusty_metricsd' exited 4 times in 4 minutes
02-18 00:34:26.987  1000  2949  2949 I binder  : 1487:2949 ioctl 400c620e 72df32757c returned -11
02-18 00:34:26.987  1000  2949  2949 I binder  : 1487:2949 ioctl 400c620e 72df32757c returned -11
02-18 00:34:26.991  root     1     1 I init    : processing action (sys.init.updatable_crashing=1) from (/system/etc/init/flags_health_check.rc:10)
02-18 00:34:26.991  root     1     1 I init    : starting service 'exec 98 (/system/bin/flags_health_check UPDATABLE_CRASHING)'...
02-18 00:34:26.956  1000  1487  2949 I ActivityManager: Killing 8559:com.android.tradefed.utils.wifi/u0a136 (adj 0): stop com.android.tradefed.utils.wifi due to finished inst
02-18 00:34:26.956  1000  1487  1713 D DisplayManagerService: Drop pending events for gone uid 10136
02-18 00:34:26.956 shell  8545  8545 I app_process: System.exit called, status: 0
02-18 00:34:26.956 shell  8545  8545 I AndroidRuntime: VM exiting with result code 0.
02-18 00:34:26.956  1000  1487  2949 I am_kill : [0,8559,com.android.tradefed.utils.wifi,0,stop com.android.tradefed.utils.wifi due to finished inst,103604]
02-18 00:34:26.995  root     1     1 I init    : ... started service 'exec 98 (/system/bin/flags_health_check UPDATABLE_CRASHING)' has pid 8584
02-18 00:34:26.995  root     1     1 I init    : SVC_EXEC service 'exec 98 (/system/bin/flags_health_check UPDATABLE_CRASHING)' pid 8584 (uid 1000 gid 1000+0 context default) started; waiting...
02-18 00:34:26.979  1000  8584  8584 I flags_health_check: ServerConfigurableFlagsReset reset_mode value: 1
02-18 00:34:26.979  1000  8584  8584 I flags_health_check: ServerConfigurableFlagsReset updatable crashing detected, resetting flags.
02-18 00:34:26.979  root   878   878 I Zygote  : Process 8559 exited due to signal 9 (Killed)
02-18 00:34:26.979  1000  1487  2949 V ActivityManager: Got obituary of 8559:com.android.tradefed.utils.wifi
02-18 00:34:27.011  root   411   411 I binder  : undelivered TRANSACTION_COMPLETE
02-18 00:34:27.011  root   411   411 I binder  : undelivered transaction 281188, process died.
02-18 00:34:27.020  root     1     1 I init    : Service 'exec 98 (/system/bin/flags_health_check UPDATABLE_CRASHING)' (pid 8584) exited with status 0 waiting took 0.026000 seconds
02-18 00:34:27.020  root     1     1 I init    : Sending signal 9 to service 'exec 98 (/system/bin/flags_health_check UPDATABLE_CRASHING)' (pid 8584) process group...
02-18 00:34:27.021  root     1     1 I libprocessgroup: Removed cgroup /sys/fs/cgroup/uid_1000/pid_8584
02-18 00:34:26.989  1000  1487  1730 I libprocessgroup: Removed cgroup /sys/fs/cgroup/uid_10136/pid_8559
02-18 00:34:27.160  1000  1487  1871 I commit_sys_config_file: [settings-2-0,17]
02-18 00:34:27.163 10045  3594  3594 I ProvidersCache: Updating roots due to change on user 0at content://com.android.providers.media.documents/root
02-18 00:34:27.491 10045  3594  3594 I ProvidersCache: Updating roots due to change on user 0at content://com.android.providers.media.documents/root
02-18 00:34:27.986  1000  1487  1872 D ActivityManager: freezing 4316 com.android.packageinstaller
02-18 00:34:27.989  1000  1487  1872 I am_freeze: [4316,com.android.packageinstaller]
02-18 00:34:28.443  1000  1487  1872 D ActivityManager: freezing 3081 com.android.settings
02-18 00:34:28.446  1000  1487  1872 I am_freeze: [3081,com.android.settings]
02-18 00:34:28.449  1000  1487  1872 D ActivityManager: freezing 4375 com.android.localtransport
02-18 00:34:28.450  1000  1487  1872 I am_freeze: [4375,com.android.localtransport]
02-18 00:34:28.451  1000  1487  1872 D ActivityManager: freezing 4222 com.android.dynsystem:dynsystem
02-18 00:34:28.453  1000  1487  1872 I am_freeze: [4222,com.android.dynsystem:dynsystem]
02-18 00:34:28.453  1000  1487  1872 D ActivityManager: freezing 4204 com.android.dynsystem
02-18 00:34:28.455  1000  1487  1872 I am_freeze: [4204,com.android.dynsystem]
02-18 00:34:29.611  1000  1487  2867 W FileUtils: Failed to chmod(AtomicFile[/data/system_de/0/system/game-manager-service.xml]): android.system.ErrnoException: chmod failed: ENOENT (No such file or directory)
02-18 00:34:29.686  1000   562   674 D DisplayDevice: setDesiredMode 4619827677550801152 {mode=60.00 Hz (60.00 Hz(60.00 Hz)), emitEvent=false, force=false}
02-18 00:34:29.695  1000   565   677 D hwc-display: setActiveConfigWithConstraints:: PrimaryDisplay config(36) test(0)
02-18 00:34:29.695  1000   565   677 I hwc-display: [PrimaryDisplay] setActiveConfigWithConstraints: config(36)
02-18 00:34:29.729  root   243   243 I gtd     : FTS_TS: refresh rate(Hz) changed to 60 from 90
02-18 00:34:29.736  1000  1487  1872 D ActivityManager: freezing 3594 com.android.documentsui
02-18 00:34:29.739  1000  1487  1872 I am_freeze: [3594,com.android.documentsui]
02-18 00:34:29.821  1000  1487  1872 I am_compact: [3594,com.android.documentsui,ANON,125244,72604,51592,4044,-4600,-32,-4568,4536,81,FULL,111093,915,19,41772,-728]
02-18 00:34:29.821  1000  1487  1872 D ActivityManager: freezing 3844 android.process.media
02-18 00:34:29.822  1000  1487  1872 I am_freeze: [3844,android.process.media]
02-18 00:34:30.231  1017   550  8154 I keystore2: system/security/keystore2/watchdog/src/lib.rs:319 - Watchdog thread idle -> terminating. Have a great day.
02-18 00:34:31.082  root   976   976 I s3c2410-wdt 10070000.watchdog_cl1: Watchdog cluster 1 keepalive!, old_wtcnt = 7750, wtcnt = cc8c
02-18 00:34:31.963  root     1     1 I init    : starting service 'securedpud.slider'...
02-18 00:34:31.982  root     1     1 I init    : ... started service 'securedpud.slider' has pid 8595
02-18 00:34:31.983  root     1     1 I init    : starting service 'trusty_metricsd'...
02-18 00:34:31.988  root     1     1 I init    : ... started service 'trusty_metricsd' has pid 8596
02-18 00:34:31.970  1000  8596  8596 I trusty_metricsd: starting trusty_metricsd
02-18 00:34:31.970  1000  8596  8596 I trusty_metricsd: trusty dev: /dev/trusty-ipc-dev0
02-18 00:34:31.974  1000  8596  8596 E libtrusty: tipc_connect: can't connect to tipc service "com.android.frameworks.stats.trusty.metrics.istats_setter" (err=107)
02-18 00:34:31.974  1000  8596  8596 E RpcTrusty: Failed to connect to Trusty service. Error code: -107
02-18 00:34:31.974  1000  8596  8596 E RpcTrusty: Failed to set up Trusty client. Error: BAD_VALUE
02-18 00:34:31.974  1000  8596  8596 E trusty_metricsd: failed to connect TrustyMetricsPixel to Trusty: failed to connect to Trusty metrics TA: Transport endpoint is not connected
02-18 00:34:31.974  1000  8596  8596 W RefBase : RefBase: Explicit destruction, weak count = 0 (in 0xb400007d4bcc4808). Use sp<> to manage this object.
02-18 00:34:31.974  1000  8596  8596 W RefBase : CallStack::getCurrentInternal not linked, returning null
02-18 00:34:31.974  1000  8596  8596 W RefBase : CallStack::logStackInternal not linked
02-18 00:34:31.974  1000  8596  8596 E trusty_metricsd: failed to open Trusty metrics client
02-18 00:34:31.974  1000  8596  8596 E trusty_metricsd: trying to connect to Trusty metrics TA at old TIPC port
02-18 00:34:31.975  1000  8596  8596 E libtrusty: tipc_connect: can't connect to tipc service "com.android.trusty.metrics" (err=107)
02-18 00:34:31.975  1000  8596  8596 E trusty_metricsd: failed to open TrustyMetricsPixelTipc: failed to connect to Trusty metrics TA: Transport endpoint is not connected
02-18 00:34:31.975  1000  8596  8596 E trusty_metricsd: failed to open Trusty metrics client
02-18 00:34:31.978  1000  8595  8595 I securedpud.slider: starting securedpud
02-18 00:34:31.978  1000  8595  8595 I securedpud.slider: trusty dev: /dev/trusty-ipc-dev0
02-18 00:34:31.978  1000  8595  8595 I DMABUFHEAPS: Using DMA-BUF heap named: tui-secure
02-18 00:34:31.978  1000  8595  8595 E libtrusty: tipc_connect: can't connect to tipc service "com.android.trusty.secure_dpu" (err=107)
02-18 00:34:31.978  1000  8595  8595 E securedpud.slider: Failed to connect to: /dev/trusty-ipc-dev0
02-18 00:34:32.013  root     1     1 I init    : Service 'securedpud.slider' (pid 8595) exited with status 1
02-18 00:34:32.013  root     1     1 I init    : Sending signal 9 to service 'securedpud.slider' (pid 8595) process group...
02-18 00:34:32.013  root     1     1 I libprocessgroup: Removed cgroup /sys/fs/cgroup/uid_1000/pid_8595
02-18 00:34:32.013  root     1     1 E init    : process with updatable components 'securedpud.slider' exited 4 times in 4 minutes
02-18 00:34:32.018  root     1     1 I init    : Service 'trusty_metricsd' (pid 8596) exited with status 1
02-18 00:34:32.018  root     1     1 I init    : Sending signal 9 to service 'trusty_metricsd' (pid 8596) process group...
02-18 00:34:32.018  root     1     1 I libprocessgroup: Removed cgroup /sys/fs/cgroup/uid_1000/pid_8596
02-18 00:34:32.018  root     1     1 E init    : process with updatable components 'trusty_metricsd' exited 4 times in 4 minutes
02-18 00:34:32.021  root     1     1 I init    : processing action (sys.init.updatable_crashing=1) from (/system/etc/init/flags_health_check.rc:10)
02-18 00:34:32.021  root     1     1 I init    : starting service 'exec 99 (/system/bin/flags_health_check UPDATABLE_CRASHING)'...
02-18 00:34:32.033  root     1     1 I init    : ... started service 'exec 99 (/system/bin/flags_health_check UPDATABLE_CRASHING)' has pid 8597
02-18 00:34:32.033  root     1     1 I init    : SVC_EXEC service 'exec 99 (/system/bin/flags_health_check UPDATABLE_CRASHING)' pid 8597 (uid 1000 gid 1000+0 context default) started; waiting...
