02-18 08:01:30.526  root     1     1 I libprocessgroup: Removed cgroup /sys/fs/cgroup/uid_1000/pid_5809
02-18 08:01:30.527  root     1     1 E init    : process with updatable components 'securedpud.slider' exited 4 times in 4 minutes
02-18 08:01:30.502  1000  5810  5810 I trusty_metricsd: starting trusty_metricsd
02-18 08:01:30.502  1000  5810  5810 I trusty_metricsd: trusty dev: /dev/trusty-ipc-dev0
02-18 08:01:30.537  root     1     1 I init    : processing action (sys.init.updatable_crashing=1) from (/system/etc/init/flags_health_check.rc:10)
02-18 08:01:30.537  root     1     1 I init    : starting service 'exec 69 (/system/bin/flags_health_check UPDATABLE_CRASHING)'...
02-18 08:01:30.542  root     1     1 I init    : ... started service 'exec 69 (/system/bin/flags_health_check UPDATABLE_CRASHING)' has pid 5811
02-18 08:01:30.542  root     1     1 I init    : SVC_EXEC service 'exec 69 (/system/bin/flags_health_check UPDATABLE_CRASHING)' pid 5811 (uid 1000 gid 1000+0 context default) started; waiting...
02-18 08:01:30.513  1000  5810  5810 E libtrusty: tipc_connect: can't connect to tipc service "com.android.frameworks.stats.trusty.metrics.istats_setter" (err=107)
02-18 08:01:30.513  1000  5810  5810 E RpcTrusty: Failed to connect to Trusty service. Error code: -107
02-18 08:01:30.513  1000  5810  5810 E RpcTrusty: Failed to set up Trusty client. Error: BAD_VALUE
02-18 08:01:30.513  1000  5810  5810 E trusty_metricsd: failed to connect TrustyMetricsPixel to Trusty: failed to connect to Trusty metrics TA: Transport endpoint is not connected
02-18 08:01:30.513  1000  5810  5810 W RefBase : RefBase: Explicit destruction, weak count = 0 (in 0xb400007e94ce5a88). Use sp<> to manage this object.
02-18 08:01:30.513  1000  5810  5810 W RefBase : CallStack::getCurrentInternal not linked, returning null
02-18 08:01:30.513  1000  5810  5810 W RefBase : CallStack::logStackInternal not linked
02-18 08:01:30.513  1000  5810  5810 E trusty_metricsd: failed to open Trusty metrics client
02-18 08:01:30.513  1000  5810  5810 E trusty_metricsd: trying to connect to Trusty metrics TA at old TIPC port
02-18 08:01:30.515  1000  5810  5810 E libtrusty: tipc_connect: can't connect to tipc service "com.android.trusty.metrics" (err=107)
02-18 08:01:30.516  1000  5810  5810 E trusty_metricsd: failed to open TrustyMetricsPixelTipc: failed to connect to Trusty metrics TA: Transport endpoint is not connected
02-18 08:01:30.516  1000  5810  5810 E trusty_metricsd: failed to open Trusty metrics client
02-18 08:01:30.552  root     1     1 I init    : Service 'trusty_metricsd' (pid 5810) exited with status 1
02-18 08:01:30.552  root     1     1 I init    : Sending signal 9 to service 'trusty_metricsd' (pid 5810) process group...
02-18 08:01:30.553  root     1     1 I libprocessgroup: Removed cgroup /sys/fs/cgroup/uid_1000/pid_5810
02-18 08:01:30.553  root     1     1 E init    : process with updatable components 'trusty_metricsd' exited 4 times in 4 minutes
02-18 08:01:30.535  1000  5811  5811 I flags_health_check: ServerConfigurableFlagsReset reset_mode value: 1
02-18 08:01:30.536  1000  5811  5811 I flags_health_check: ServerConfigurableFlagsReset updatable crashing detected, resetting flags.
02-18 08:01:30.584  root     1     1 I init    : Service 'exec 69 (/system/bin/flags_health_check UPDATABLE_CRASHING)' (pid 5811) exited with status 0 waiting took 0.043000 seconds
02-18 08:01:30.584  root     1     1 I init    : Sending signal 9 to service 'exec 69 (/system/bin/flags_health_check UPDATABLE_CRASHING)' (pid 5811) process group...
02-18 08:01:30.584  root     1     1 I libprocessgroup: Removed cgroup /sys/fs/cgroup/uid_1000/pid_5811
02-18 08:01:30.585  root     1     1 I init    : processing action (sys.init.updatable_crashing=1) from (/system/etc/init/flags_health_check.rc:10)
02-18 08:01:30.585  root     1     1 I init    : starting service 'exec 70 (/system/bin/flags_health_check UPDATABLE_CRASHING)'...
02-18 08:01:30.592  root     1     1 I init    : ... started service 'exec 70 (/system/bin/flags_health_check UPDATABLE_CRASHING)' has pid 5812
02-18 08:01:30.592  root     1     1 I init    : SVC_EXEC service 'exec 70 (/system/bin/flags_health_check UPDATABLE_CRASHING)' pid 5812 (uid 1000 gid 1000+0 context default) started; waiting...
02-18 08:01:30.585  1000  5812  5812 I flags_health_check: ServerConfigurableFlagsReset reset_mode value: 1
02-18 08:01:30.585  1000  5812  5812 I flags_health_check: ServerConfigurableFlagsReset updatable crashing detected, resetting flags.
02-18 08:01:30.591  1000  1467  2891 W FileUtils: Failed to chmod(AtomicFile[/data/system_de/0/system/game-manager-service.xml]): android.system.ErrnoException: chmod failed: ENOENT (No such file or directory)
02-18 08:01:30.627  root     1     1 I init    : Service 'exec 70 (/system/bin/flags_health_check UPDATABLE_CRASHING)' (pid 5812) exited with status 0 waiting took 0.036000 seconds
02-18 08:01:30.627  root     1     1 I init    : Sending signal 9 to service 'exec 70 (/system/bin/flags_health_check UPDATABLE_CRASHING)' (pid 5812) process group...
02-18 08:01:30.628  root     1     1 I libprocessgroup: Removed cgroup /sys/fs/cgroup/uid_1000/pid_5812
02-18 08:01:31.179  root     0     0 E         : [    C2] exynos5-hsi2c 10970000.hsi2c: HSI2C Error Interrupt occurred(IS:0x00000401, TR:0x00080001)
02-18 08:01:31.179  root     0     0 E         : [    C2] exynos5-hsi2c 10970000.hsi2c: HSI2C NO ACK occurred
02-18 08:01:31.179   nfc  3967  3967 E exynos5-hsi2c 10970000.hsi2c: ack was not received at write
02-18 08:01:31.180   nfc  3967  3967 I exynos5-hsi2c 10970000.hsi2c: exynos5_i2c_set_timing IPCLK = 199680000 OP_CLK = 400000 DIV = 31 Timing FS1 = 0x1F0FF00 TIMING FS2 = 0x30003E0 TIMING FS3 = 0x1F0000
02-18 08:01:31.180   nfc  3967  3967 E st21nfc i2c-st21nfc: st21nfc_dev_write : i2c_master_send returned -6
02-18 08:01:31.369   nfc  3605  3605 I NfcDispatcher: no match
02-18 08:01:31.440  1000   975   975 E android.hardware.power.stats-service.pixel: Failed to read uid_time_in_state for attribution, return default EnergyConsumer
02-18 08:01:32.018  root   259   259 I logbuffer_pcie0: [  113] D state: 0, LTSSM: 0
02-18 08:01:32.019  root   259   259 I logbuffer_pcie0: [  114] L0(0x11)
02-18 08:01:32.055  1000  1129  1225 D DMD     : Flush DMD buffer, size=2097247
02-18 08:01:33.604   nfc  3605  3605 I NfcDispatcher: no match
02-18 08:01:34.613  1000  1467  1601 I am_uid_idle: 10084
02-18 08:01:34.640  1000  1467  1601 I am_uid_idle: 10041
02-18 08:01:34.801  root  1014  1014 I s3c2410-wdt 10070000.watchdog_cl1: Watchdog cluster 1 keepalive!, old_wtcnt = 774f, wtcnt = cc8c
02-18 08:01:35.494  root     1     1 I init    : starting service 'securedpud.slider'...
02-18 08:01:35.472 10107  3603  3926 W MediaProvider: isAppCloneUserPair for user 0: false
02-18 08:01:35.506  root     1     1 I init    : ... started service 'securedpud.slider' has pid 5827
02-18 08:01:35.506  root     1     1 I init    : starting service 'trusty_metricsd'...
02-18 08:01:35.486  1000  5827  5827 I securedpud.slider: starting securedpud
02-18 08:01:35.486  1000  5827  5827 I securedpud.slider: trusty dev: /dev/trusty-ipc-dev0
02-18 08:01:35.486  1000  5827  5827 I DMABUFHEAPS: Using DMA-BUF heap named: tui-secure
02-18 08:01:35.487  1000  5827  5827 E libtrusty: tipc_connect: can't connect to tipc service "com.android.trusty.secure_dpu" (err=107)
02-18 08:01:35.487  1000  5827  5827 E securedpud.slider: Failed to connect to: /dev/trusty-ipc-dev0
02-18 08:01:35.520  root     1     1 I init    : ... started service 'trusty_metricsd' has pid 5828
02-18 08:01:35.520  root     1     1 I init    : Service 'securedpud.slider' (pid 5827) exited with status 1
02-18 08:01:35.520  root     1     1 I init    : Sending signal 9 to service 'securedpud.slider' (pid 5827) process group...
02-18 08:01:35.521  root     1     1 I libprocessgroup: Removed cgroup /sys/fs/cgroup/uid_1000/pid_5827
02-18 08:01:35.521  root     1     1 E init    : process with updatable components 'securedpud.slider' exited 4 times in 4 minutes
02-18 08:01:35.523  root     1     1 I init    : processing action (sys.init.updatable_crashing=1) from (/system/etc/init/flags_health_check.rc:10)
02-18 08:01:35.523  root     1     1 I init    : starting service 'exec 71 (/system/bin/flags_health_check UPDATABLE_CRASHING)'...
02-18 08:01:35.531  root     1     1 I init    : ... started service 'exec 71 (/system/bin/flags_health_check UPDATABLE_CRASHING)' has pid 5829
02-18 08:01:35.531  root     1     1 I init    : SVC_EXEC service 'exec 71 (/system/bin/flags_health_check UPDATABLE_CRASHING)' pid 5829 (uid 1000 gid 1000+0 context default) started; waiting...
02-18 08:01:35.504  1000  5828  5828 I trusty_metricsd: starting trusty_metricsd
02-18 08:01:35.504  1000  5828  5828 I trusty_metricsd: trusty dev: /dev/trusty-ipc-dev0
02-18 08:01:35.506  1000  5828  5828 E libtrusty: tipc_connect: can't connect to tipc service "com.android.frameworks.stats.trusty.metrics.istats_setter" (err=107)
02-18 08:01:35.506  1000  5828  5828 E RpcTrusty: Failed to connect to Trusty service. Error code: -107
02-18 08:01:35.506  1000  5828  5828 E RpcTrusty: Failed to set up Trusty client. Error: BAD_VALUE
02-18 08:01:35.506  1000  5828  5828 E trusty_metricsd: failed to connect TrustyMetricsPixel to Trusty: failed to connect to Trusty metrics TA: Transport endpoint is not connected
02-18 08:01:35.506  1000  5828  5828 W RefBase : RefBase: Explicit destruction, weak count = 0 (in 0xb4000072a5ae24a8). Use sp<> to manage this object.
02-18 08:01:35.506  1000  5828  5828 W RefBase : CallStack::getCurrentInternal not linked, returning null
02-18 08:01:35.506  1000  5828  5828 W RefBase : CallStack::logStackInternal not linked
02-18 08:01:35.506  1000  5828  5828 E trusty_metricsd: failed to open Trusty metrics client
02-18 08:01:35.506  1000  5828  5828 E trusty_metricsd: trying to connect to Trusty metrics TA at old TIPC port
02-18 08:01:35.507  1000  5828  5828 E libtrusty: tipc_connect: can't connect to tipc service "com.android.trusty.metrics" (err=107)
02-18 08:01:35.507  1000  5828  5828 E trusty_metricsd: failed to open TrustyMetricsPixelTipc: failed to connect to Trusty metrics TA: Transport endpoint is not connected
02-18 08:01:35.542  root     1     1 I init    : Service 'trusty_metricsd' (pid 5828) exited with status 1
02-18 08:01:35.543  root     1     1 I init    : Sending signal 9 to service 'trusty_metricsd' (pid 5828) process group...
02-18 08:01:35.543  root     1     1 I libprocessgroup: Removed cgroup /sys/fs/cgroup/uid_1000/pid_5828
02-18 08:01:35.543  root     1     1 E init    : process with updatable components 'trusty_metricsd' exited 4 times in 4 minutes
02-18 08:01:35.507  1000  5828  5828 E trusty_metricsd: failed to open Trusty metrics client
02-18 08:01:35.520  1000  5829  5829 I flags_health_check: ServerConfigurableFlagsReset reset_mode value: 1
02-18 08:01:35.521  1000  5829  5829 I flags_health_check: ServerConfigurableFlagsReset updatable crashing detected, resetting flags.
02-18 08:01:35.563  root     1     1 I init    : Service 'exec 71 (/system/bin/flags_health_check UPDATABLE_CRASHING)' (pid 5829) exited with status 0 waiting took 0.033000 seconds
02-18 08:01:35.563  root     1     1 I init    : Sending signal 9 to service 'exec 71 (/system/bin/flags_health_check UPDATABLE_CRASHING)' (pid 5829) process group...
02-18 08:01:35.564  root     1     1 I libprocessgroup: Removed cgroup /sys/fs/cgroup/uid_1000/pid_5829
02-18 08:01:35.564  root     1     1 I init    : processing action (sys.init.updatable_crashing=1) from (/system/etc/init/flags_health_check.rc:10)
02-18 08:01:35.564  root     1     1 I init    : starting service 'exec 72 (/system/bin/flags_health_check UPDATABLE_CRASHING)'...
02-18 08:01:35.569  root     1     1 I init    : ... started service 'exec 72 (/system/bin/flags_health_check UPDATABLE_CRASHING)' has pid 5833
02-18 08:01:35.569  root     1     1 I init    : SVC_EXEC service 'exec 72 (/system/bin/flags_health_check UPDATABLE_CRASHING)' pid 5833 (uid 1000 gid 1000+0 context default) started; waiting...
02-18 08:01:35.554  1000  5833  5833 I flags_health_check: ServerConfigurableFlagsReset reset_mode value: 1
02-18 08:01:35.555  1000  5833  5833 I flags_health_check: ServerConfigurableFlagsReset updatable crashing detected, resetting flags.
02-18 08:01:35.598  root     1     1 I init    : Service 'exec 72 (/system/bin/flags_health_check UPDATABLE_CRASHING)' (pid 5833) exited with status 0 waiting took 0.031000 seconds
02-18 08:01:35.599  root     1     1 I init    : Sending signal 9 to service 'exec 72 (/system/bin/flags_health_check UPDATABLE_CRASHING)' (pid 5833) process group...
02-18 08:01:35.599  root     1     1 I libprocessgroup: Removed cgroup /sys/fs/cgroup/uid_1000/pid_5833
02-18 08:01:35.636 10107  3603  5235 I MediaProvider: Deleted 1 0 0 0 0 0 0 items on external_primary due to com.android.shell
02-18 08:01:35.741  artd  1937  2482 I artd    : Dex parent of /data/app/~~FeDv6FzH1c6pzvQnqOdrTg==/com.android.tradefed.utils.wifi-n5_maBywy3JRuax2900ayQ==/base.apk is not writable: Permission denied
02-18 08:01:35.741  artd  1937  2482 I artd    : GetBestInfo checking odex in dalvik-cache (/data/dalvik-cache/arm64/data@app@~~FeDv6FzH1c6pzvQnqOdrTg==@com.android.tradefed.utils.wifi-n5_maBywy3JRuax2900ayQ==@base.apk@classes.dex)
02-18 08:01:35.741  artd  1937  2482 I artd    : Loading /data/dalvik-cache/arm64/data@app@~~FeDv6FzH1c6pzvQnqOdrTg==@com.android.tradefed.utils.wifi-n5_maBywy3JRuax2900ayQ==@base.apk@classes.dex with executable: 0
02-18 08:01:35.741  artd  1937  2482 I artd    : OatFileAssistant test for existing oat file /data/dalvik-cache/arm64/data@app@~~FeDv6FzH1c6pzvQnqOdrTg==@com.android.tradefed.utils.wifi-n5_maBywy3JRuax2900ayQ==@base.apk@classes.dex: File /data/dalvik-cache/arm64/data@app@~~FeDv6FzH1c6pzvQnqOdrTg==@com.android.tradefed.utils.wifi-n5_maBywy3JRuax2900ayQ==@base.apk@classes.vdex does not exist.
02-18 08:01:35.741  artd  1937  2482 I artd    : GetBestInfo checking odex next to the dex file (/data/app/~~FeDv6FzH1c6pzvQnqOdrTg==/com.android.tradefed.utils.wifi-n5_maBywy3JRuax2900ayQ==/oat/arm64/base.odex)
02-18 08:01:35.741  artd  1937  2482 I artd    : Loading /data/app/~~FeDv6FzH1c6pzvQnqOdrTg==/com.android.tradefed.utils.wifi-n5_maBywy3JRuax2900ayQ==/oat/arm64/base.odex with executable: 0
02-18 08:01:35.741  artd  1937  2482 I artd    : Successfully loaded /data/app/~~FeDv6FzH1c6pzvQnqOdrTg==/com.android.tradefed.utils.wifi-n5_maBywy3JRuax2900ayQ==/oat/arm64/base.odex with executable: 0
02-18 08:01:35.742  artd  1937  2482 I artd    : /data/app/~~FeDv6FzH1c6pzvQnqOdrTg==/com.android.tradefed.utils.wifi-n5_maBywy3JRuax2900ayQ==/oat/arm64/base.odex is kOatUpToDate with filter verify
02-18 08:01:35.792   nfc  3605  3605 I NfcDispatcher: no match
02-18 08:01:35.851 shell  5843  5843 D AndroidRuntime: >>>>>> START com.android.internal.os.RuntimeInit uid 2000 <<<<<<
02-18 08:01:35.854 shell  5843  5843 I AndroidRuntime: Using default boot image
02-18 08:01:35.854 shell  5843  5843 I AndroidRuntime: Leaving lock profiling enabled
02-18 08:01:35.856 shell  5843  5843 I app_process: Core platform API reporting enabled, enforcing=false
02-18 08:01:35.857 shell  5843  5843 I app_process: Using CollectorTypeCMC GC.
02-18 08:01:35.916 shell  5843  5843 D nativeloader: InitDefaultPublicLibraries for_preload=1: libandroid.so:libaaudio.so:libamidi.so:libbinder_ndk.so:libc.so:libcamera2ndk.so:libdl.so:libEGL.so:libGLESv1_CM.so:libGLESv2.so:libGLESv3.so:libicu.so:libicui18n.so:libicuuc.so:libjnigraphics.so:liblog.so:libmediandk.so:libm.so:libnativehelper.so:libnativewindow.so:libOpenMAXAL.so:libOpenSLES.so:libRS.so:libstdc++.so:libsync.so:libvulkan.so:libwebviewchromium_plat_support.so:libz.so
02-18 08:01:35.923 shell  5843  5843 D nativeloader: Load libicu_jni.so using APEX ns com_android_art for caller /apex/com.android.art/javalib/core-oj.jar: ok
02-18 08:01:35.923 shell  5843  5843 D app_process: Time zone APEX ICU file found: /apex/com.android.tzdata/etc/icu/icu_tzdata.dat
02-18 08:01:35.923 shell  5843  5843 D app_process: I18n APEX ICU file found: /apex/com.android.i18n/etc/icu/icudt72l.dat
02-18 08:01:35.924 shell  5843  5843 D nativeloader: Load libjavacore.so using APEX ns com_android_art for caller /apex/com.android.art/javalib/core-oj.jar: ok
02-18 08:01:35.925 shell  5843  5843 D nativeloader: Load libopenjdk.so using APEX ns com_android_art for caller /apex/com.android.art/javalib/core-oj.jar: ok
02-18 08:01:35.948 shell  5843  5843 D nativeloader: Load libframework-connectivity-tiramisu-jni.so using APEX ns com_android_tethering for caller /apex/com.android.tethering/javalib/framework-connectivity-t.jar: ok
02-18 08:01:35.949 shell  5843  5843 D AndroidRuntime: Calling main entry com.android.commands.am.Am
02-18 08:01:35.953 shell  5843  5843 D UiAutomationConnection: Created on user UserHandle{0}
02-18 08:01:35.954  1000  1467  3322 I ActivityManager: Force stopping com.android.tradefed.utils.wifi appid=10126 user=0: start instr
02-18 08:01:35.954  1000  1467  3322 D OomAdjuster: Not killing cached processes
02-18 08:01:35.954  1000  1467  3322 W ProcessStats: Tracking association SourceState{7cd3dea com.android.phone/1001 ImpFg #907} whose proc state 5 is better than process ProcessState{b55962f com.google.android.iwlan/1000 pkg=com.google.android.iwlan} proc state 14 (277 skipped)
02-18 08:01:35.954  1000  1467  3322 D GrammaticalInflection: The flag must be enabled to allow calling the API.
02-18 08:01:35.954  1000  1467  3322 I am_uid_running: 10126
02-18 08:01:35.955  1000  1467  3322 D CompatibilityChangeReporter: Compat change id reported: 135634846; UID 10126; state: DISABLED
02-18 08:01:35.955  1000  1467  3322 D CompatibilityChangeReporter: Compat change id reported: 177438394; UID 10126; state: DISABLED
02-18 08:01:35.955  1000  1467  3322 D CompatibilityChangeReporter: Compat change id reported: 135772972; UID 10126; state: DISABLED
02-18 08:01:35.955  1000  1467  3322 D CompatibilityChangeReporter: Compat change id reported: 135754954; UID 10126; state: ENABLED
02-18 08:01:35.956  1000  1467  1603 D CompatibilityChangeReporter: Compat change id reported: 143937733; UID 10126; state: ENABLED
02-18 08:01:35.957  1000  1467  1887 D CompatibilityChangeReporter: Compat change id reported: 265195908; UID 10126; state: ENABLED
02-18 08:01:35.962  root   877   877 D Zygote  : Forked child process 5857
02-18 08:01:35.962  1000  1467  1603 I am_proc_start: [0,5857,10126,com.android.tradefed.utils.wifi,added application,com.android.tradefed.utils.wifi]
02-18 08:01:35.962  1000  1467  1603 I ActivityManager: Start proc 5857:com.android.tradefed.utils.wifi/u0a126 for added application com.android.tradefed.utils.wifi
02-18 08:01:35.978 10126  5857  5857 I efed.utils.wifi: Using CollectorTypeCMC GC.
02-18 08:01:35.984 10126  5857  5857 E efed.utils.wifi: Not starting debugger since process cannot load the jdwp agent.
02-18 08:01:35.988 10126  5857  5857 D nativeloader: Load libframework-connectivity-tiramisu-jni.so using APEX ns com_android_tethering for caller /apex/com.android.tethering/javalib/framework-connectivity-t.jar: ok
02-18 08:01:35.995  1000  1467  3322 I am_proc_bound: [0,5857,com.android.tradefed.utils.wifi]
02-18 08:01:35.995  1000  1467  3322 D CompatibilityChangeReporter: Compat change id reported: 168419799; UID 10126; state: DISABLED
02-18 08:01:35.996  1000  1467  3322 D CompatibilityChangeReporter: Compat change id reported: 273564678; UID 10126; state: DISABLED
02-18 08:01:36.000 10126  5857  5857 D CompatibilityChangeReporter: Compat change id reported: 171979766; UID 10126; state: ENABLED
02-18 08:01:36.001 10126  5857  5857 D CompatibilityChangeReporter: Compat change id reported: 242716250; UID 10126; state: DISABLED
02-18 08:01:36.003  1000  1467  3322 D CompatibilityChangeReporter: Compat change id reported: 170503758; UID 10126; state: ENABLED
02-18 08:01:36.006 10126  5857  5857 D ApplicationLoaders: Returning zygote-cached class loader: /system/framework/android.test.base.jar
02-18 08:01:36.009 10126  5857  5857 D nativeloader: Configuring clns-4 for other apk /system/framework/android.test.mock.jar. target_sdk_version=31, uses_libraries=ALL, library_path=/data/app/~~FeDv6FzH1c6pzvQnqOdrTg==/com.android.tradefed.utils.wifi-n5_maBywy3JRuax2900ayQ==/lib/arm64, permitted_path=/data:/mnt/expand:/data/user/0/com.android.tradefed.utils.wifi
02-18 08:01:36.011 10126  5857  5857 D ApplicationLoaders: Returning zygote-cached class loader: /system/framework/android.test.base.jar
02-18 08:01:36.013 10126  5857  5857 D nativeloader: Configuring clns-5 for other apk /system/framework/android.test.runner.jar. target_sdk_version=31, uses_libraries=ALL, library_path=/data/app/~~FeDv6FzH1c6pzvQnqOdrTg==/com.android.tradefed.utils.wifi-n5_maBywy3JRuax2900ayQ==/lib/arm64, permitted_path=/data:/mnt/expand:/data/user/0/com.android.tradefed.utils.wifi
02-18 08:01:36.017 10126  5857  5857 D nativeloader: Configuring clns-6 for other apk /data/app/~~FeDv6FzH1c6pzvQnqOdrTg==/com.android.tradefed.utils.wifi-n5_maBywy3JRuax2900ayQ==/base.apk. target_sdk_version=31, uses_libraries=, library_path=/data/app/~~FeDv6FzH1c6pzvQnqOdrTg==/com.android.tradefed.utils.wifi-n5_maBywy3JRuax2900ayQ==/lib/arm64, permitted_path=/data:/mnt/expand:/data/user/0/com.android.tradefed.utils.wifi
02-18 08:01:36.024 10126  5857  5857 V GraphicsEnvironment: Currently set values for:
02-18 08:01:36.024 10126  5857  5857 V GraphicsEnvironment:   angle_gl_driver_selection_pkgs=[]
02-18 08:01:36.024 10126  5857  5857 V GraphicsEnvironment:   angle_gl_driver_selection_values=[]
02-18 08:01:36.024 10126  5857  5857 V GraphicsEnvironment: Global.Settings values are invalid: number of packages: 0, number of values: 0
02-18 08:01:36.024 10126  5857  5857 V GraphicsEnvironment: Neither updatable production driver nor prerelease driver is supported.
02-18 08:01:36.027 10126  5857  5857 I UiAutomation: Initialized for user 0 on display 0
02-18 08:01:36.029  1000  1467  3322 D AccessibilityManagerService: changeCurrentUserForTestAutomationIfNeededLocked(0): ignoring because device doesn't support visible background users
02-18 08:01:36.029  1000  1467  3322 I UiAutomationManager: Registering UiTestAutomationService (id=com.android.server.accessibility/UiAutomation) when called by user 0
02-18 08:01:36.033  1000  1467  3322 W MagnificationConnectionManager: requestConnection duplicated request: connect=false, mConnectionState=DISCONNECTED
02-18 08:01:36.034  1000  1467  1467 D BatterySaverPolicy: accessibility changed to true, updating policy.
02-18 08:01:36.035 10126  5857  5873 V UiAutomation: Init UiAutomation@503817[id=5, displayId=0, flags=0]
02-18 08:01:36.040  1000  1467  3359 I am_uid_active: 10126
02-18 08:01:36.041  1000   568   568 D DisplayDevice: setDesiredMode 4619827677550801152 {mode=90.00 Hz (90.00 Hz(90.00 Hz)), emitEvent=true, force=false}
02-18 08:01:36.042  1000  1467  3363 I WifiService: getVerboseLoggingLevel uid=10126
02-18 08:01:36.042  1000   570   671 D hwc-display: setActiveConfigWithConstraints:: PrimaryDisplay config(37) test(0)
02-18 08:01:36.042  1000   570   671 I hwc-display: [PrimaryDisplay] setActiveConfigWithConstraints: config(37)
02-18 08:01:36.045  root   876  5876 I resolv  : GetAddrInfoHandler::run: {0 0 0 983040 10126 0}
02-18 08:01:36.076  root   249   249 I gtd     : FTS_TS: refresh rate(Hz) changed to 90 from 60
02-18 08:01:36.047 10126  5857  5874 E WifiConnector: Failed to open connection to check connectivity
02-18 08:01:36.049  1000  1467  5694 W MagnificationConnectionManager: requestConnection duplicated request: connect=false, mConnectionState=DISCONNECTED
02-18 08:01:36.049  1000  1467  5694 D AccessibilityManagerService: restoreCurrentUserForTestAutomationIfNeededLocked(): ignoring because device doesn't support visible background users
02-18 08:01:36.050  1000  1467  3363 I ActivityManager: Force stopping com.android.tradefed.utils.wifi appid=10126 user=0: finished inst
02-18 08:01:36.050  1000  1467  1467 D BatterySaverPolicy: accessibility changed to false, updating policy.
02-18 08:01:36.051  1000  1467  3363 E ActivityManager: Unable to freeze binder for 5857: -11
02-18 08:01:36.052  1000  1467  1575 D DisplayManagerService: Drop pending events for gone uid 10126
02-18 08:01:36.052  1000  1467  1579 I DisplayDeviceRepository: Display device changed: DisplayDeviceInfo{"Built-in Screen": uniqueId="local:4619827677550801152", 1080 x 2400, modeId 2, renderFrameRate 90.0, defaultModeId 2, userPreferredModeId -1, supportedModes [{id=1, width=1080, height=2400, fps=60.0, vsync=60.0, alternativeRefreshRates=[90.0], supportedHdrTypes=[2, 3, 4]}, {id=2, width=1080, height=2400, fps=90.0, vsync=90.0, alternativeRefreshRates=[60.0], supportedHdrTypes=[2, 3, 4]}], colorMode 0, supportedColorModes [0, 7, 9], hdrCapabilities HdrCapabilities{mSupportedHdrTypes=[2, 3, 4], mMaxLuminance=1000.0, mMaxAverageLuminance=120.0, mMinLuminance=5.0E-4}, allmSupported false, gameContentTypeSupported false, density 420, 415.636 x 417.534 dpi, appVsyncOff 6233333, presDeadline 11500000, cutout DisplayCutout{insets=Rect(0, 136 - 0, 0) waterfall=Insets{left=0, top=0, right=0, bottom=0} boundingRect={Bounds=[Rect(0, 0 - 0, 0), Rect(480, 0 - 625, 136), Rect(0, 0 - 0, 0), Rect(0, 0 - 0, 0)]} cutoutPathParserInfo={CutoutPathParserInfo{displayWidth=1080 displayHeight=2400 physicalDisplayWidth=1080 physicalDisplayHeight=2400 density={2.625} cutoutSpec={M 506,68 a 34,34 0 1 0 68,0 34,34 0 1 0 -68,0 Z @left} rotation={0} scale={1.0} physicalPixelDisplaySizeRatio={1.0}}} sideOverrides={}}, touch INTERNAL, rotation 0, type INTERNAL, address {port=0, model=0x401ceccbbbeef1}, deviceProductInfo DeviceProductInfo{name=Common Panel, manufacturerPnpId=GGL, productId=0, modelYear=null, manufactureDate=ManufactureDate{week=1, year=1990}, connectionToSinkType=0}, state ON, committedState ON, frameRateOverride , brightnessMinimum 0.0, brightnessMaximum 1.0, brightnessDefault 0.17429718, hdrSdrRatio 1.0, roundedCorners RoundedCorners{[RoundedCorner{position=TopLeft, radius=47, center=Point(47, 47)}, RoundedCorner{position=TopRight, radius=47, center=Point(1033, 47)}, RoundedCorner{position=BottomRight, radius=48, center=Point(1032, 2352)}, RoundedCorner{position=BottomLeft, radius=48, center=Point(48, 2352)}]}, FLAG_ALLOWED_TO_BE_DEFAULT_DISPLAY, FLAG_ROTATES_WITH_CONTENT, FLAG_SECURE, FLAG_SUPPORTS_PROTECTED_BUFFERS, FLAG_TRUSTED, installOrientation 0, displayShape DisplayShape{ spec=-552977240 displayWidth=1080 displayHeight=2400 physicalPixelDisplaySizeRatio=1.0 rotation=0 offsetX=0 offsetY=0 scale=1.0}}
02-18 08:01:36.053  1000  1467  3363 I am_uid_stopped: 10126
02-18 08:01:36.054 shell  5843  5843 I app_process: System.exit called, status: 0
02-18 08:01:36.054 shell  5843  5843 I AndroidRuntime: VM exiting with result code 0.
02-18 08:01:36.054  1000  1467  1659 D BrightnessThermalClamper: Thermal status observer already started
02-18 08:01:36.054  1000  1467  3363 I ActivityManager: Killing 5857:com.android.tradefed.utils.wifi/u0a126 (adj 0): stop com.android.tradefed.utils.wifi due to finished inst
02-18 08:01:36.054  1000  1467  1659 D BrightnessPowerClamper: Power throttling data is missing for configuration data.
02-18 08:01:36.055  1000  1467  3363 I am_kill : [0,5857,com.android.tradefed.utils.wifi,0,stop com.android.tradefed.utils.wifi due to finished inst,105520]
02-18 08:01:36.083  1000  3363  3363 I binder  : 1467:3363 ioctl 400c620e 6c1874638c returned -11
02-18 08:01:36.083  1000  3363  3363 I binder  : 1467:3363 ioctl 400c620e 6c1874638c returned -11
02-18 08:01:36.056  1041   901  2844 D audio_hw: adev_set_parameters: enter: screen_state=on
02-18 08:01:36.065  1000  1467  1579 D DisplayManagerService: Ignore redundant display event 0/2 to 10089/3644
02-18 08:01:36.069 10097  2899  2899 D DisplayRepository: combining enabled=[0], connectedExternalDisplayIds=[], ignored=[]
02-18 08:01:36.076  1000  1467  3359 V ActivityManager: Got obituary of 5857:com.android.tradefed.utils.wifi
02-18 08:01:36.077  root   877   877 I Zygote  : Process 5857 exited due to signal 9 (Killed)
02-18 08:01:36.109  root    75    75 I binder  : undelivered TRANSACTION_COMPLETE
02-18 08:01:36.109  root    75    75 I binder  : undelivered transaction 189552, process died.
02-18 08:01:36.083  1000  1467  1614 I libprocessgroup: Removed cgroup /sys/fs/cgroup/uid_10126/pid_5857
02-18 08:01:36.254  1000  1467  1895 I commit_sys_config_file: [settings-2-0,20]
02-18 08:01:36.341  1000  1467  1896 D ActivityManager: freezing 4329 com.android.packageinstaller
02-18 08:01:36.343  1000  1467  1896 I am_freeze: [4329,com.android.packageinstaller]
02-18 08:01:36.439  1080   911   977 I CHRE    : @ 173.258: [ImuCal] [GYRO_RPS] (s0, c0) Offset | Temp [C] | Quality: 0.002067, 0.002508, 0.000721 | 29.02 | 4
02-18 08:01:36.440  1080   911   977 I CHRE    : @ 173.258: [ImuCal] [GYRO_RPS] (s0) Temp Sensitivity: -.000042, -.000056, -.000017
02-18 08:01:36.440  1080   911   977 I CHRE    : @ 173.258: [ImuCal] [GYRO_RPS] (s0) Temp Intercept: 0.003322, 0.004207, 0.001071
02-18 08:01:37.350  1000  1467  1896 D ActivityManager: freezing 4036 com.android.providers.calendar
02-18 08:01:37.352  1000  1467  1896 I am_freeze: [4036,com.android.providers.calendar]
02-18 08:01:37.575  1000   568   667 D DisplayDevice: setDesiredMode 4619827677550801152 {mode=60.00 Hz (60.00 Hz(60.00 Hz)), emitEvent=false, force=false}
02-18 08:01:37.582  1000   570  5177 D hwc-display: setActiveConfigWithConstraints:: PrimaryDisplay config(36) test(0)
02-18 08:01:37.583  1000   570  5177 I hwc-display: [PrimaryDisplay] setActiveConfigWithConstraints: config(36)
02-18 08:01:37.616  root   249   249 I gtd     : FTS_TS: refresh rate(Hz) changed to 60 from 90
02-18 08:01:37.876 radio  3113  3113 D RILJ    : [0188]> GET_CELL_INFO_LIST [PHONE1]
02-18 08:01:37.877 radio  1144  1144 D RILC    : getCellInfoList_1_6: serial 188
02-18 08:01:37.877 radio  1144  1144 I RILC-CommandInfo: getCommandInfo found {request=109 halVer=16}
02-18 08:01:37.878 radio  1144  1144 V RIL     : [RilContext_1] SendMessage RIL Request Routing : RCM ID=109 Service ID=5 Message ID=4036 delayMillis=0
02-18 08:01:37.879 radio  1144  1144 V RIL     : [ServiceMgr] msg(0xb400007f649f5a50) msgId=4036 svc=NetworkService_1(5) direction=Request
02-18 08:01:37.880 radio  1144  1304 I RIL     : [NetworkService_1] GetCellInfoListHandler OnRequest()
02-18 08:01:37.880 radio  1144  1304 I RIL     : [RilContext_1] Send 
02-18 08:01:37.880 radio  1144  1304 V RIL     : [RilContext_1] RecordRequestHistory token=0x00D9
02-18 08:01:37.880 radio  1144  1304 I RIL     : [RilContext_1] Send 
02-18 08:01:37.880 radio  1144  1304 V RIL     : [/dev/umts_ipc1][TX] SIT_GET_CELL_INFO_LIST, REQ, 12 bytes, Token(0x00d9)
02-18 08:01:37.880 radio  1144  1304 V RIL     :  00 00 0c 07 0c 00 d9 00   00 00 00 00
02-18 08:01:37.913 radio  1304  1304 I cpif    : pcie_send_ap2cp_irq: Reserve doorbell interrupt: PCI not powered on
02-18 08:01:37.953  root   259   259 I logbuffer_pcie0: [  115] D state: 0, LTSSM: 0
02-18 08:01:37.953  root   259   259 I logbuffer_pcie0: [  116] L0(0x11)
02-18 08:01:37.940 radio  1144  1316 V RIL     : [/dev/umts_ipc1][RX] SIT_GET_CELL_INFO_LIST, RSP, 16 bytes, Token(0x00d9), OK(RCM_E_SUCCESS)
02-18 08:01:37.940 radio  1144  1316 V RIL     :  01 00 0c 07 10 00 d9 00   00 00 00 00 00 00 00 00  
02-18 08:01:37.940 radio  1144  1316 I RIL     : [RilContext_1] ProcessModemData 
02-18 08:01:37.940 radio  1144  1316 V RIL     : WaitList::Find() found record : token=0x00D9 SrcService ID =5 DestService ID=5 Result Id=4036
02-18 08:01:37.941 radio  1144  1316 V RIL     : [RilContext_1] SendMessage RCM Response Routing : Type=0001, RCM ID=0x070C Service ID=5 Message ID=4036
02-18 08:01:37.941 radio  1144  1316 V RIL     : [ServiceMgr] msg(0xb400007f649f7d50) msgId=4036 svc=NetworkService_1(5) direction=Response
02-18 08:01:37.942 radio  1144  1304 I RIL     : [NetworkService_1] GetCellInfoListHandler OnResponse()
02-18 08:01:37.942 radio  1144  1304 I RIL     : CellInfoAdapterFactory::GetCellInfoListAdapter cellInfoVersion=4
02-18 08:01:37.942 radio  1144  1304 I RIL     : mCellInfoNum=0
02-18 08:01:37.942 radio  1144  1304 I RIL     : [RilContext_1] OnRequestComplete 
02-18 08:01:37.942 radio  1144  1304 I RIL     : [RilContext_1] ProcessSolicitedResponse Request ID=109
02-18 08:01:37.943 radio  1144  1304 D RILC    : RequestComplete, RIL_SOCKET_2
02-18 08:01:37.943 radio  1144  1304 E RILC    : Calling responseFunction() for token 188
02-18 08:01:37.943 radio  1144  1304 D RILC-HIDL: HidlHalNetworkResponse_1_6::getCellInfoListResponse_1_6: serial 188
02-18 08:01:37.943 radio  1144  1304 D RILC-AIDL_SERVICE: RadioNetworkResponseHook::getCellInfoListResponse_1_6 mNetworkCb=0xb400007e449ffb48
02-18 08:01:37.944 radio  1144  1304 V RIL     : [RilContext_1] RemoveRequestHistory  token=0x00D9
02-18 08:01:37.945 radio  3113  3571 D RILJ    : [0188]< GET_CELL_INFO_LIST [] [PHONE1]
02-18 08:01:37.948 radio  3113  3113 D LocaleTracker-1: processCellInfo: cell info=[]
02-18 08:01:37.948 radio  3113  3113 D LocaleTracker-1: updateLocale: countryIso = , countryIsoDebugInfo = empty as default
02-18 08:01:37.948 radio  3113  3113 D LocaleTracker-1: updateLocale: timeZoneCountryIso = , timeZoneCountryIsoDebugInfo = empty as default
02-18 08:01:37.948 radio  3113  3113 D NitzStateMachineImpl: handleCountryUnavailable: mLatestNitzSignal=null
02-18 08:01:37.949 radio  3113  3113 D NitzStateMachineImpl: doTimeZoneDetection: countryIsoCode=null, nitzSignal=null, suggestion=TelephonyTimeZoneSuggestion{mSlotIndex=1, mZoneId='null', mMatchType=0, mQuality=0, mDebugInfo=[getTimeZoneSuggestion: nitzSignal=null, countryIsoCode=null, Detection reason=handleCountryUnavailable]}, reason=handleCountryUnavailable
02-18 08:01:37.950 radio  3113  3113 D LocaleTracker-1: processCellInfo: cell info=[]
02-18 08:01:37.950 radio  3113  3113 D LocaleTracker-1: updateLocale: countryIso = , countryIsoDebugInfo = empty as default
02-18 08:01:37.950 radio  3113  3113 D LocaleTracker-1: updateLocale: timeZoneCountryIso = , timeZoneCountryIsoDebugInfo = empty as default
02-18 08:01:37.950 radio  3113  3113 D NitzStateMachineImpl: handleCountryUnavailable: mLatestNitzSignal=null
02-18 08:01:37.950 radio  3113  3113 D NitzStateMachineImpl: doTimeZoneDetection: countryIsoCode=null, nitzSignal=null, suggestion=TelephonyTimeZoneSuggestion{mSlotIndex=1, mZoneId='null', mMatchType=0, mQuality=0, mDebugInfo=[getTimeZoneSuggestion: nitzSignal=null, countryIsoCode=null, Detection reason=handleCountryUnavailable]}, reason=handleCountryUnavailable
02-18 08:01:37.950 radio  3113  3113 D LocaleTracker-1: Can't get cell info. Try again in 128 secs.
02-18 08:01:38.766  1017   549  4676 I keystore2: system/security/keystore2/watchdog/src/lib.rs:319 - Watchdog thread idle -> terminating. Have a great day.
02-18 08:01:38.799  1000  1467  1896 D ActivityManager: freezing 3643 com.android.documentsui
02-18 08:01:38.800  1000  1467  1896 I am_freeze: [3643,com.android.documentsui]
02-18 08:01:38.830  1000  1467  1896 D ActivityManager: freezing 3816 android.process.media
02-18 08:01:38.830  1000  1467  1896 I am_freeze: [3816,android.process.media]
02-18 08:01:40.510  root     1     1 I init    : starting service 'securedpud.slider'...
02-18 08:01:40.523  root     1     1 I init    : ... started service 'securedpud.slider' has pid 5878
02-18 08:01:40.524  root     1     1 I init    : starting service 'trusty_metricsd'...
02-18 08:01:40.533  root     1     1 I init    : ... started service 'trusty_metricsd' has pid 5879
02-18 08:01:40.525  1000  5878  5878 I securedpud.slider: starting securedpud
02-18 08:01:40.525  1000  5878  5878 I securedpud.slider: trusty dev: /dev/trusty-ipc-dev0
02-18 08:01:40.525  1000  5878  5878 I DMABUFHEAPS: Using DMA-BUF heap named: tui-secure
02-18 08:01:40.526  1000  5878  5878 E libtrusty: tipc_connect: can't connect to tipc service "com.android.trusty.secure_dpu" (err=107)
02-18 08:01:40.526  1000  5878  5878 E securedpud.slider: Failed to connect to: /dev/trusty-ipc-dev0
02-18 08:01:40.564  root     1     1 I init    : Service 'securedpud.slider' (pid 5878) exited with status 1
02-18 08:01:40.532  1000  5879  5879 I trusty_metricsd: starting trusty_metricsd
02-18 08:01:40.533  1000  5879  5879 I trusty_metricsd: trusty dev: /dev/trusty-ipc-dev0
02-18 08:01:40.564  root     1     1 I init    : Sending signal 9 to service 'securedpud.slider' (pid 5878) process group...
02-18 08:01:40.564  root     1     1 I libprocessgroup: Removed cgroup /sys/fs/cgroup/uid_1000/pid_5878
02-18 08:01:40.564  root     1     1 E init    : process with updatable components 'securedpud.slider' exited 4 times in 4 minutes
02-18 08:01:40.535  1000  5879  5879 E libtrusty: tipc_connect: can't connect to tipc service "com.android.frameworks.stats.trusty.metrics.istats_setter" (err=107)
02-18 08:01:40.535  1000  5879  5879 E RpcTrusty: Failed to connect to Trusty service. Error code: -107
02-18 08:01:40.536  1000  5879  5879 E RpcTrusty: Failed to set up Trusty client. Error: BAD_VALUE
02-18 08:01:40.536  1000  5879  5879 E trusty_metricsd: failed to connect TrustyMetricsPixel to Trusty: failed to connect to Trusty metrics TA: Transport endpoint is not connected
02-18 08:01:40.536  1000  5879  5879 W RefBase : RefBase: Explicit destruction, weak count = 0 (in 0xb400007af400b898). Use sp<> to manage this object.
02-18 08:01:40.536  1000  5879  5879 W RefBase : CallStack::getCurrentInternal not linked, returning null
02-18 08:01:40.536  1000  5879  5879 W RefBase : CallStack::logStackInternal not linked
02-18 08:01:40.536  1000  5879  5879 E trusty_metricsd: failed to open Trusty metrics client
02-18 08:01:40.536  1000  5879  5879 E trusty_metricsd: trying to connect to Trusty metrics TA at old TIPC port
02-18 08:01:40.537  1000  5879  5879 E libtrusty: tipc_connect: can't connect to tipc service "com.android.trusty.metrics" (err=107)
02-18 08:01:40.537  1000  5879  5879 E trusty_metricsd: failed to open TrustyMetricsPixelTipc: failed to connect to Trusty metrics TA: Transport endpoint is not connected
02-18 08:01:40.537  1000  5879  5879 E trusty_metricsd: failed to open Trusty metrics client
02-18 08:01:40.569  root     1     1 I init    : processing action (sys.init.updatable_crashing=1) from (/system/etc/init/flags_health_check.rc:10)
02-18 08:01:40.570  root     1     1 I init    : starting service 'exec 73 (/system/bin/flags_health_check UPDATABLE_CRASHING)'...
02-18 08:01:40.581  root     1     1 I init    : ... started service 'exec 73 (/system/bin/flags_health_check UPDATABLE_CRASHING)' has pid 5880
02-18 08:01:40.581  root     1     1 I init    : SVC_EXEC service 'exec 73 (/system/bin/flags_health_check UPDATABLE_CRASHING)' pid 5880 (uid 1000 gid 1000+0 context default) started; waiting...
02-18 08:01:40.581  root     1     1 I init    : Service 'trusty_metricsd' (pid 5879) exited with status 1
02-18 08:01:40.581  root     1     1 I init    : Sending signal 9 to service 'trusty_metricsd' (pid 5879) process group...
02-18 08:01:40.582  root     1     1 I libprocessgroup: Removed cgroup /sys/fs/cgroup/uid_1000/pid_5879
02-18 08:01:40.582  root     1     1 E init    : process with updatable components 'trusty_metricsd' exited 4 times in 4 minutes
02-18 08:01:40.570  1000  5880  5880 I flags_health_check: ServerConfigurableFlagsReset reset_mode value: 1
02-18 08:01:40.570  1000  5880  5880 I flags_health_check: ServerConfigurableFlagsReset updatable crashing detected, resetting flags.
02-18 08:01:40.613  root     1     1 I init    : Service 'exec 73 (/system/bin/flags_health_check UPDATABLE_CRASHING)' (pid 5880) exited with status 0 waiting took 0.035000 seconds
02-18 08:01:40.613  root     1     1 I init    : Sending signal 9 to service 'exec 73 (/system/bin/flags_health_check UPDATABLE_CRASHING)' (pid 5880) process group...
02-18 08:01:40.613  root     1     1 I libprocessgroup: Removed cgroup /sys/fs/cgroup/uid_1000/pid_5880
02-18 08:01:40.614  root     1     1 I init    : processing action (sys.init.updatable_crashing=1) from (/system/etc/init/flags_health_check.rc:10)
02-18 08:01:40.614  root     1     1 I init    : starting service 'exec 74 (/system/bin/flags_health_check UPDATABLE_CRASHING)'...
02-18 08:01:40.618  root     1     1 I init    : ... started service 'exec 74 (/system/bin/flags_health_check UPDATABLE_CRASHING)' has pid 5881
02-18 08:01:40.618  root     1     1 I init    : SVC_EXEC service 'exec 74 (/system/bin/flags_health_check UPDATABLE_CRASHING)' pid 5881 (uid 1000 gid 1000+0 context default) started; waiting...
02-18 08:01:40.605  1000  5881  5881 I flags_health_check: ServerConfigurableFlagsReset reset_mode value: 1
02-18 08:01:40.605  1000  5881  5881 I flags_health_check: ServerConfigurableFlagsReset updatable crashing detected, resetting flags.
02-18 08:01:40.648  root     1     1 I init    : Service 'exec 74 (/system/bin/flags_health_check UPDATABLE_CRASHING)' (pid 5881) exited with status 0 waiting took 0.031000 seconds
02-18 08:01:40.648  root     1     1 I init    : Sending signal 9 to service 'exec 74 (/system/bin/flags_health_check UPDATABLE_CRASHING)' (pid 5881) process group...
02-18 08:01:40.649  root     1     1 I libprocessgroup: Removed cgroup /sys/fs/cgroup/uid_1000/pid_5881
02-18 08:01:41.379 10107  3603  3926 W MediaProvider: isAppCloneUserPair for user 0: false
02-18 08:01:41.555 10107  3603  5235 I MediaProvider: Deleted 1 0 0 0 0 0 0 items on external_primary due to com.android.shell
02-18 08:01:41.657  artd  1937  2482 I artd    : Dex parent of /data/app/~~FeDv6FzH1c6pzvQnqOdrTg==/com.android.tradefed.utils.wifi-n5_maBywy3JRuax2900ayQ==/base.apk is not writable: Permission denied
02-18 08:01:41.658  artd  1937  2482 I artd    : GetBestInfo checking odex in dalvik-cache (/data/dalvik-cache/arm64/data@app@~~FeDv6FzH1c6pzvQnqOdrTg==@com.android.tradefed.utils.wifi-n5_maBywy3JRuax2900ayQ==@base.apk@classes.dex)
02-18 08:01:41.658  artd  1937  2482 I artd    : Loading /data/dalvik-cache/arm64/data@app@~~FeDv6FzH1c6pzvQnqOdrTg==@com.android.tradefed.utils.wifi-n5_maBywy3JRuax2900ayQ==@base.apk@classes.dex with executable: 0
02-18 08:01:41.658  artd  1937  2482 I artd    : OatFileAssistant test for existing oat file /data/dalvik-cache/arm64/data@app@~~FeDv6FzH1c6pzvQnqOdrTg==@com.android.tradefed.utils.wifi-n5_maBywy3JRuax2900ayQ==@base.apk@classes.dex: File /data/dalvik-cache/arm64/data@app@~~FeDv6FzH1c6pzvQnqOdrTg==@com.android.tradefed.utils.wifi-n5_maBywy3JRuax2900ayQ==@base.apk@classes.vdex does not exist.
02-18 08:01:41.658  artd  1937  2482 I artd    : GetBestInfo checking odex next to the dex file (/data/app/~~FeDv6FzH1c6pzvQnqOdrTg==/com.android.tradefed.utils.wifi-n5_maBywy3JRuax2900ayQ==/oat/arm64/base.odex)
02-18 08:01:41.658  artd  1937  2482 I artd    : Loading /data/app/~~FeDv6FzH1c6pzvQnqOdrTg==/com.android.tradefed.utils.wifi-n5_maBywy3JRuax2900ayQ==/oat/arm64/base.odex with executable: 0
02-18 08:01:41.659  artd  1937  2482 I artd    : Successfully loaded /data/app/~~FeDv6FzH1c6pzvQnqOdrTg==/com.android.tradefed.utils.wifi-n5_maBywy3JRuax2900ayQ==/oat/arm64/base.odex with executable: 0
02-18 08:01:41.660  artd  1937  2482 I artd    : /data/app/~~FeDv6FzH1c6pzvQnqOdrTg==/com.android.tradefed.utils.wifi-n5_maBywy3JRuax2900ayQ==/oat/arm64/base.odex is kOatUpToDate with filter verify
02-18 08:01:41.823 shell  5905  5905 D AndroidRuntime: >>>>>> START com.android.internal.os.RuntimeInit uid 2000 <<<<<<
02-18 08:01:41.828 shell  5905  5905 I AndroidRuntime: Using default boot image
02-18 08:01:41.828 shell  5905  5905 I AndroidRuntime: Leaving lock profiling enabled
02-18 08:01:41.830 shell  5905  5905 I app_process: Core platform API reporting enabled, enforcing=false
02-18 08:01:41.831 shell  5905  5905 I app_process: Using CollectorTypeCMC GC.
02-18 08:01:41.892 shell  5905  5905 D nativeloader: InitDefaultPublicLibraries for_preload=1: libandroid.so:libaaudio.so:libamidi.so:libbinder_ndk.so:libc.so:libcamera2ndk.so:libdl.so:libEGL.so:libGLESv1_CM.so:libGLESv2.so:libGLESv3.so:libicu.so:libicui18n.so:libicuuc.so:libjnigraphics.so:liblog.so:libmediandk.so:libm.so:libnativehelper.so:libnativewindow.so:libOpenMAXAL.so:libOpenSLES.so:libRS.so:libstdc++.so:libsync.so:libvulkan.so:libwebviewchromium_plat_support.so:libz.so
02-18 08:01:41.899 shell  5905  5905 D nativeloader: Load libicu_jni.so using APEX ns com_android_art for caller /apex/com.android.art/javalib/core-oj.jar: ok
02-18 08:01:41.899 shell  5905  5905 D app_process: Time zone APEX ICU file found: /apex/com.android.tzdata/etc/icu/icu_tzdata.dat
02-18 08:01:41.899 shell  5905  5905 D app_process: I18n APEX ICU file found: /apex/com.android.i18n/etc/icu/icudt72l.dat
02-18 08:01:41.900 shell  5905  5905 D nativeloader: Load libjavacore.so using APEX ns com_android_art for caller /apex/com.android.art/javalib/core-oj.jar: ok
02-18 08:01:41.901 shell  5905  5905 D nativeloader: Load libopenjdk.so using APEX ns com_android_art for caller /apex/com.android.art/javalib/core-oj.jar: ok
02-18 08:01:41.924 shell  5905  5905 D nativeloader: Load libframework-connectivity-tiramisu-jni.so using APEX ns com_android_tethering for caller /apex/com.android.tethering/javalib/framework-connectivity-t.jar: ok
02-18 08:01:41.924 shell  5905  5905 D AndroidRuntime: Calling main entry com.android.commands.am.Am
02-18 08:01:41.928 shell  5905  5905 D UiAutomationConnection: Created on user UserHandle{0}
02-18 08:01:41.929  1000  1467  3359 I ActivityManager: Force stopping com.android.tradefed.utils.wifi appid=10126 user=0: start instr
02-18 08:01:41.930  1000  1467  3359 D OomAdjuster: Not killing cached processes
02-18 08:01:41.931  1000  1467  3359 D GrammaticalInflection: The flag must be enabled to allow calling the API.
02-18 08:01:41.931  1000  1467  3359 I am_uid_running: 10126
02-18 08:01:41.931  1000  1467  3359 D CompatibilityChangeReporter: Compat change id reported: 135634846; UID 10126; state: DISABLED
02-18 08:01:41.931  1000  1467  3359 D CompatibilityChangeReporter: Compat change id reported: 177438394; UID 10126; state: DISABLED
02-18 08:01:41.931  1000  1467  3359 D CompatibilityChangeReporter: Compat change id reported: 135772972; UID 10126; state: DISABLED
02-18 08:01:41.932  1000  1467  3359 D CompatibilityChangeReporter: Compat change id reported: 135754954; UID 10126; state: ENABLED
02-18 08:01:41.933  1000  1467  1603 D CompatibilityChangeReporter: Compat change id reported: 143937733; UID 10126; state: ENABLED
02-18 08:01:41.942  root   877   877 D Zygote  : Forked child process 5919
02-18 08:01:41.943  1000  1467  1603 I am_proc_start: [0,5919,10126,com.android.tradefed.utils.wifi,added application,com.android.tradefed.utils.wifi]
02-18 08:01:41.943  1000  1467  1603 I ActivityManager: Start proc 5919:com.android.tradefed.utils.wifi/u0a126 for added application com.android.tradefed.utils.wifi
02-18 08:01:41.961 10126  5919  5919 I efed.utils.wifi: Using CollectorTypeCMC GC.
02-18 08:01:41.966 10126  5919  5919 E efed.utils.wifi: Not starting debugger since process cannot load the jdwp agent.
02-18 08:01:41.973 10126  5919  5919 D nativeloader: Load libframework-connectivity-tiramisu-jni.so using APEX ns com_android_tethering for caller /apex/com.android.tethering/javalib/framework-connectivity-t.jar: ok
02-18 08:01:41.981  1000  1467  3359 I am_proc_bound: [0,5919,com.android.tradefed.utils.wifi]
02-18 08:01:41.986 10126  5919  5919 D CompatibilityChangeReporter: Compat change id reported: 171979766; UID 10126; state: ENABLED
02-18 08:01:41.986 10126  5919  5919 D CompatibilityChangeReporter: Compat change id reported: 242716250; UID 10126; state: DISABLED
02-18 08:01:41.989 10126  5919  5919 D ApplicationLoaders: Returning zygote-cached class loader: /system/framework/android.test.base.jar
02-18 08:01:41.991 10126  5919  5919 D nativeloader: Configuring clns-4 for other apk /system/framework/android.test.mock.jar. target_sdk_version=31, uses_libraries=ALL, library_path=/data/app/~~FeDv6FzH1c6pzvQnqOdrTg==/com.android.tradefed.utils.wifi-n5_maBywy3JRuax2900ayQ==/lib/arm64, permitted_path=/data:/mnt/expand:/data/user/0/com.android.tradefed.utils.wifi
02-18 08:01:41.993 10126  5919  5919 D ApplicationLoaders: Returning zygote-cached class loader: /system/framework/android.test.base.jar
02-18 08:01:41.994 10126  5919  5919 D nativeloader: Configuring clns-5 for other apk /system/framework/android.test.runner.jar. target_sdk_version=31, uses_libraries=ALL, library_path=/data/app/~~FeDv6FzH1c6pzvQnqOdrTg==/com.android.tradefed.utils.wifi-n5_maBywy3JRuax2900ayQ==/lib/arm64, permitted_path=/data:/mnt/expand:/data/user/0/com.android.tradefed.utils.wifi
02-18 08:01:41.997 10126  5919  5919 D nativeloader: Configuring clns-6 for other apk /data/app/~~FeDv6FzH1c6pzvQnqOdrTg==/com.android.tradefed.utils.wifi-n5_maBywy3JRuax2900ayQ==/base.apk. target_sdk_version=31, uses_libraries=, library_path=/data/app/~~FeDv6FzH1c6pzvQnqOdrTg==/com.android.tradefed.utils.wifi-n5_maBywy3JRuax2900ayQ==/lib/arm64, permitted_path=/data:/mnt/expand:/data/user/0/com.android.tradefed.utils.wifi
02-18 08:01:42.002 10126  5919  5919 V GraphicsEnvironment: Currently set values for:
02-18 08:01:42.002 10126  5919  5919 V GraphicsEnvironment:   angle_gl_driver_selection_pkgs=[]
02-18 08:01:42.002 10126  5919  5919 V GraphicsEnvironment:   angle_gl_driver_selection_values=[]
02-18 08:01:42.002 10126  5919  5919 V GraphicsEnvironment: Global.Settings values are invalid: number of packages: 0, number of values: 0
02-18 08:01:42.003 10126  5919  5919 V GraphicsEnvironment: Neither updatable production driver nor prerelease driver is supported.
02-18 08:01:42.008 10126  5919  5919 I UiAutomation: Initialized for user 0 on display 0
