02-18 08:01:22.745  1000  1467  1659 V DisplayPowerController2[0]: Brightness [0.05] reason changing to: 'manual [ dim ]', previous reason: 'manual'.
02-18 08:01:22.746  1000  1467  1659 I DisplayPowerController2[0]: BrightnessEvent: disp=0, physDisp=local:4619827677550801152, displayState=ON, displayPolicy=DIM, brt=0.05, initBrt=0.17429718, rcmdBrt=NaN, preBrt=NaN, lux=0.0, preLux=0.0, hbmMax=0.5, hbmMode=off, rbcStrength=50, thrmMax=1.0, powerFactor=1.0, wasShortTermModelActive=false, flags=, reason=manual [ dim ], autoBrightness=false, strategy=InvalidBrightnessStrategy, autoBrightnessMode=default
02-18 08:01:22.746  1000  1467  1659 I sysui_multi_action: [757,1696,758,6,759,2]
02-18 08:01:22.757  1000   570  5178 I hwc-display: path=drm, id=0, level=697, nits=171.023102, brightness=0.169702, DimmingOn=1, Hbm=0, LhbmOn=0, OpRate=0
02-18 08:01:22.792  root   249   249 I panel-samsung-s6e3fc3-p10 1c2c0000.drmdsim.0: req: 697, br: 697
02-18 08:01:22.769  1000   570  5178 I hwc-display: path=drm, id=0, level=672, nits=164.779556, brightness=0.163433, DimmingOn=1, Hbm=0, LhbmOn=0, OpRate=0
02-18 08:01:22.803  root   249   249 I panel-samsung-s6e3fc3-p10 1c2c0000.drmdsim.0: req: 672, br: 672
02-18 08:01:22.779  1000   570  5178 I hwc-display: path=drm, id=0, level=647, nits=158.811874, brightness=0.157442, DimmingOn=1, Hbm=0, LhbmOn=0, OpRate=0
02-18 08:01:22.813  root   249   249 I panel-samsung-s6e3fc3-p10 1c2c0000.drmdsim.0: req: 647, br: 647
02-18 08:01:22.790  1000   570  5178 I hwc-display: path=drm, id=0, level=624, nits=153.098953, brightness=0.151706, DimmingOn=1, Hbm=0, LhbmOn=0, OpRate=0
02-18 08:01:22.824  root   249   249 I panel-samsung-s6e3fc3-p10 1c2c0000.drmdsim.0: req: 624, br: 624
02-18 08:01:22.802  1000   570  5178 I hwc-display: path=drm, id=0, level=601, nits=147.633575, brightness=0.146218, DimmingOn=1, Hbm=0, LhbmOn=0, OpRate=0
02-18 08:01:22.836  root   249   249 I panel-samsung-s6e3fc3-p10 1c2c0000.drmdsim.0: req: 601, br: 601
02-18 08:01:22.846  root   249   249 I panel-samsung-s6e3fc3-p10 1c2c0000.drmdsim.0: req: 580, br: 580
02-18 08:01:22.813  1000   570  5178 I hwc-display: path=drm, id=0, level=580, nits=142.400925, brightness=0.140965, DimmingOn=1, Hbm=0, LhbmOn=0, OpRate=0
02-18 08:01:22.823  1000   570  5178 I hwc-display: path=drm, id=0, level=559, nits=137.389572, brightness=0.135933, DimmingOn=1, Hbm=0, LhbmOn=0, OpRate=0
02-18 08:01:22.857  root   249   249 I panel-samsung-s6e3fc3-p10 1c2c0000.drmdsim.0: req: 559, br: 559
02-18 08:01:22.835  1000   570  5178 I hwc-display: path=drm, id=0, level=540, nits=132.596710, brightness=0.131121, DimmingOn=1, Hbm=0, LhbmOn=0, OpRate=0
02-18 08:01:22.869  root   249   249 I panel-samsung-s6e3fc3-p10 1c2c0000.drmdsim.0: req: 540, br: 540
02-18 08:01:22.846  1000   570  5178 I hwc-display: path=drm, id=0, level=521, nits=128.006958, brightness=0.126513, DimmingOn=1, Hbm=0, LhbmOn=0, OpRate=0
02-18 08:01:22.880  root   249   249 I panel-samsung-s6e3fc3-p10 1c2c0000.drmdsim.0: req: 521, br: 521
02-18 08:01:22.857  1000   570  5178 I hwc-display: path=drm, id=0, level=503, nits=123.617065, brightness=0.122105, DimmingOn=1, Hbm=0, LhbmOn=0, OpRate=0
02-18 08:01:22.891  root   249   249 I panel-samsung-s6e3fc3-p10 1c2c0000.drmdsim.0: req: 503, br: 503
02-18 08:01:22.868  1000   570  5178 I hwc-display: path=drm, id=0, level=486, nits=119.412476, brightness=0.117884, DimmingOn=1, Hbm=0, LhbmOn=0, OpRate=0
02-18 08:01:22.902  root   249   249 I panel-samsung-s6e3fc3-p10 1c2c0000.drmdsim.0: req: 486, br: 486
02-18 08:01:22.880  1000   570  5178 I hwc-display: path=drm, id=0, level=469, nits=115.392189, brightness=0.113848, DimmingOn=1, Hbm=0, LhbmOn=0, OpRate=0
02-18 08:01:22.913  root   249   249 I panel-samsung-s6e3fc3-p10 1c2c0000.drmdsim.0: req: 469, br: 469
02-18 08:01:22.891  1000   570  5178 I hwc-display: path=drm, id=0, level=453, nits=111.544823, brightness=0.109985, DimmingOn=1, Hbm=0, LhbmOn=0, OpRate=0
02-18 08:01:22.924  root   249   249 I panel-samsung-s6e3fc3-p10 1c2c0000.drmdsim.0: req: 453, br: 453
02-18 08:01:22.902  1000   570  5178 I hwc-display: path=drm, id=0, level=438, nits=107.859848, brightness=0.106285, DimmingOn=1, Hbm=0, LhbmOn=0, OpRate=0
02-18 08:01:22.936  root   249   249 I panel-samsung-s6e3fc3-p10 1c2c0000.drmdsim.0: req: 438, br: 438
02-18 08:01:22.947  root   249   249 I panel-samsung-s6e3fc3-p10 1c2c0000.drmdsim.0: req: 424, br: 424
02-18 08:01:22.913  1000   570  5178 I hwc-display: path=drm, id=0, level=424, nits=104.332909, brightness=0.102744, DimmingOn=1, Hbm=0, LhbmOn=0, OpRate=0
02-18 08:01:22.924  1000   570  5178 I hwc-display: path=drm, id=0, level=410, nits=100.956497, brightness=0.099354, DimmingOn=1, Hbm=0, LhbmOn=0, OpRate=0
02-18 08:01:22.957  root   249   249 I panel-samsung-s6e3fc3-p10 1c2c0000.drmdsim.0: req: 410, br: 410
02-18 08:01:22.935  1000   570  5178 I hwc-display: path=drm, id=0, level=397, nits=97.721260, brightness=0.096106, DimmingOn=1, Hbm=0, LhbmOn=0, OpRate=0
02-18 08:01:22.969  root   249   249 I panel-samsung-s6e3fc3-p10 1c2c0000.drmdsim.0: req: 397, br: 397
02-18 08:01:22.941  root  1196  1196 D AOC     : A3:MSG: tmd3719_device.cc, 4582: USF: TMD3719: dbv:397 leakage:0.000000 refresh_rate:90 status:1 op_hz:120 [1]
02-18 08:01:22.946  1000   570  5178 I hwc-display: path=drm, id=0, level=384, nits=94.631226, brightness=0.093003, DimmingOn=1, Hbm=0, LhbmOn=0, OpRate=0
02-18 08:01:22.980  root   249   249 I panel-samsung-s6e3fc3-p10 1c2c0000.drmdsim.0: req: 384, br: 384
02-18 08:01:22.957  1000   570  5178 I hwc-display: path=drm, id=0, level=372, nits=91.671600, brightness=0.090032, DimmingOn=1, Hbm=0, LhbmOn=0, OpRate=0
02-18 08:01:22.991  root   249   249 I panel-samsung-s6e3fc3-p10 1c2c0000.drmdsim.0: req: 372, br: 372
02-18 08:01:22.968  1000   570  5178 I hwc-display: path=drm, id=0, level=360, nits=88.840782, brightness=0.087190, DimmingOn=1, Hbm=0, LhbmOn=0, OpRate=0
02-18 08:01:23.001  root   249   249 I panel-samsung-s6e3fc3-p10 1c2c0000.drmdsim.0: req: 360, br: 360
02-18 08:01:22.979  1000   570  5178 I hwc-display: path=drm, id=0, level=349, nits=86.126633, brightness=0.084464, DimmingOn=1, Hbm=0, LhbmOn=0, OpRate=0
02-18 08:01:23.013  root   249   249 I panel-samsung-s6e3fc3-p10 1c2c0000.drmdsim.0: req: 349, br: 349
02-18 08:01:22.990  1000   570  5178 I hwc-display: path=drm, id=0, level=338, nits=83.515251, brightness=0.081843, DimmingOn=1, Hbm=0, LhbmOn=0, OpRate=0
02-18 08:01:23.023  root   249   249 I panel-samsung-s6e3fc3-p10 1c2c0000.drmdsim.0: req: 338, br: 338
02-18 08:01:23.002  1000   570  5178 I hwc-display: path=drm, id=0, level=328, nits=80.956413, brightness=0.079274, DimmingOn=1, Hbm=0, LhbmOn=0, OpRate=0
02-18 08:01:23.035  root   249   249 I panel-samsung-s6e3fc3-p10 1c2c0000.drmdsim.0: req: 328, br: 328
02-18 08:01:23.013  1000   570  5178 I hwc-display: path=drm, id=0, level=318, nits=78.440224, brightness=0.076747, DimmingOn=1, Hbm=0, LhbmOn=0, OpRate=0
02-18 08:01:23.047  root   249   249 I panel-samsung-s6e3fc3-p10 1c2c0000.drmdsim.0: req: 318, br: 318
02-18 08:01:23.024  1000   570  5178 I hwc-display: path=drm, id=0, level=307, nits=75.963394, brightness=0.074260, DimmingOn=1, Hbm=0, LhbmOn=0, OpRate=0
02-18 08:01:23.058  root   249   249 I panel-samsung-s6e3fc3-p10 1c2c0000.drmdsim.0: req: 307, br: 307
02-18 08:01:23.035  1000   570  5178 I hwc-display: path=drm, id=0, level=297, nits=73.527733, brightness=0.071815, DimmingOn=1, Hbm=0, LhbmOn=0, OpRate=0
02-18 08:01:23.069  root   249   249 I panel-samsung-s6e3fc3-p10 1c2c0000.drmdsim.0: req: 297, br: 297
02-18 08:01:23.041  root  1196  1196 D AOC     : A3:MSG: tmd3719_device.cc, 4582: USF: TMD3719: dbv:297 leakage:0.000000 refresh_rate:90 status:1 op_hz:120 [1]
02-18 08:01:23.046  1000   570  5178 I hwc-display: path=drm, id=0, level=288, nits=71.131165, brightness=0.069409, DimmingOn=1, Hbm=0, LhbmOn=0, OpRate=0
02-18 08:01:23.080  root   249   249 I panel-samsung-s6e3fc3-p10 1c2c0000.drmdsim.0: req: 288, br: 288
02-18 08:01:23.057  1000   570  5178 I hwc-display: path=drm, id=0, level=278, nits=68.776825, brightness=0.067045, DimmingOn=1, Hbm=0, LhbmOn=0, OpRate=0
02-18 08:01:23.091  root   249   249 I panel-samsung-s6e3fc3-p10 1c2c0000.drmdsim.0: req: 278, br: 278
02-18 08:01:23.069  1000   570  5178 I hwc-display: path=drm, id=0, level=268, nits=66.463280, brightness=0.064722, DimmingOn=1, Hbm=0, LhbmOn=0, OpRate=0
02-18 08:01:23.102  root   249   249 I panel-samsung-s6e3fc3-p10 1c2c0000.drmdsim.0: req: 268, br: 268
02-18 08:01:23.079  1000   570  5178 I hwc-display: path=drm, id=0, level=259, nits=64.191452, brightness=0.062441, DimmingOn=1, Hbm=0, LhbmOn=0, OpRate=0
02-18 08:01:23.114  root   249   249 I panel-samsung-s6e3fc3-p10 1c2c0000.drmdsim.0: req: 259, br: 259
02-18 08:01:23.091  1000   570  5178 I hwc-display: path=drm, id=0, level=250, nits=61.958241, brightness=0.060199, DimmingOn=1, Hbm=0, LhbmOn=0, OpRate=0
02-18 08:01:23.125  root   249   249 I panel-samsung-s6e3fc3-p10 1c2c0000.drmdsim.0: req: 250, br: 250
02-18 08:01:23.102  1000   570  5178 I hwc-display: path=drm, id=0, level=241, nits=59.766930, brightness=0.057999, DimmingOn=1, Hbm=0, LhbmOn=0, OpRate=0
02-18 08:01:23.135  root   249   249 I panel-samsung-s6e3fc3-p10 1c2c0000.drmdsim.0: req: 241, br: 241
02-18 08:01:23.113  1000   570  5178 I hwc-display: path=drm, id=0, level=232, nits=57.616108, brightness=0.055839, DimmingOn=1, Hbm=0, LhbmOn=0, OpRate=0
02-18 08:01:23.146  root   249   249 I panel-samsung-s6e3fc3-p10 1c2c0000.drmdsim.0: req: 232, br: 232
02-18 08:01:23.124  1000   570  5178 I hwc-display: path=drm, id=0, level=224, nits=55.506424, brightness=0.053721, DimmingOn=1, Hbm=0, LhbmOn=0, OpRate=0
02-18 08:01:23.158  root   249   249 I panel-samsung-s6e3fc3-p10 1c2c0000.drmdsim.0: req: 224, br: 224
02-18 08:01:23.135  1000   570  5178 I hwc-display: path=drm, id=0, level=215, nits=53.437820, brightness=0.051644, DimmingOn=1, Hbm=0, LhbmOn=0, OpRate=0
02-18 08:01:23.169  root   249   249 I panel-samsung-s6e3fc3-p10 1c2c0000.drmdsim.0: req: 215, br: 215
02-18 08:01:23.146  1000   570  5178 I hwc-display: path=drm, id=0, level=208, nits=51.799995, brightness=0.050000, DimmingOn=1, Hbm=0, LhbmOn=0, OpRate=0
02-18 08:01:23.180  root   249   249 I panel-samsung-s6e3fc3-p10 1c2c0000.drmdsim.0: req: 208, br: 208
02-18 08:01:24.132  1000  1467  1527 I LockSettingsService: Executing shell command 'get-disabled'; callingPid=5413, callingUid=2000
02-18 08:01:24.142  1000  1467  2885 V WifiAwareStateManager: onReceive: MODE_CHANGED_ACTION: intent=Intent { act=android.location.MODE_CHANGED flg=0x50000010 (has extras) }
02-18 08:01:24.142  1000  1467  2885 I WifiService: getWifiEnabledState uid=1000 state=1
02-18 08:01:24.142  1000  1467  2885 D WifiAwareStateManager: enableUsage(): while Wi-Fi is disabled - ignoring
02-18 08:01:24.144  1000  1467  1467 V RttServiceImpl: onReceive: MODE_CHANGED_ACTION: intent=Intent { act=android.location.MODE_CHANGED flg=0x50000010 (has extras) }
02-18 08:01:24.144  1000  1467  2823 V WifiService: onReceive: MODE_CHANGED_ACTION: intent=Intent { act=android.location.MODE_CHANGED flg=0x50000010 (has extras) }
02-18 08:01:24.144  1000  1467  2823 D WifiNative: mIsLocationModeEnabled true mLastLocationModeEnabledTimeMs 23510
02-18 08:01:24.145  1080   911   977 D CHRE    : @ 160.970: Posting setting change: setting type 0 enabled 1
02-18 08:01:24.145  1080   911   977 D CHRE    : @ 160.970: Setting changed callback called for setting 0 enabled 1
02-18 08:01:24.152  1000  1467  1895 I commit_sys_config_file: [settings-2-0,5]
02-18 08:01:24.154 10097  2899  2899 D CentralSurfaces: mUserSetupObserver - DeviceProvisionedListener called for current user
02-18 08:01:24.154 10090  3178  3178 D b/254119092: destroyExistingTaskbar: null
02-18 08:01:24.154 10090  3178  3178 D b/254119092: mActivity and mContext agree taskbarIsPresent=false
02-18 08:01:24.154 10090  3178  3178 D b/254119092: recreateTaskbar: isTaskbarEnabled=false [dp != null (i.e. mUserUnlocked)]=true FLAG_HIDE_NAVBAR_WINDOW=false dp.isTaskbarPresent=false
02-18 08:01:24.154 10090  3178  3178 D b/254119092: mActivity and mContext agree taskbarIsPresent=false
02-18 08:01:24.157  1000  1467  1527 I LockSettingsService: Executing shell command 'get-disabled'; callingPid=5439, callingUid=2000
02-18 08:01:24.158  1000  1467  1575 D AutofillUI: destroySaveUiUiThread(): already destroyed
02-18 08:01:24.158  1000  1467  1600 D AutofillManagerServiceImpl: Reset component for user 0:null
02-18 08:01:24.159  1000  1467  1575 D AutofillUI: destroySaveUiUiThread(): already destroyed
02-18 08:01:24.159  1000  1467  1600 D AutofillManagerServiceImpl: Reset component for user 0:null
02-18 08:01:24.159  1000  1467  1600 D FieldClassificationStrategy: reset(): service is not bound. Do nothing.
02-18 08:01:24.161  1000  1467  5445 D ActivityManager: sync unfroze 3512 com.android.devicelockcontroller for 6
02-18 08:01:24.161  1000  1467  1896 I am_unfreeze: [3512,com.android.devicelockcontroller,6]
02-18 08:01:24.166 10123  3512  3512 D DeviceLockControllerService: onCreate
02-18 08:01:24.166  1000  1467  5445 I DeviceLockControllerConnectorImpl: Binding com.android.devicelockcontroller/.DeviceLockControllerService
02-18 08:01:24.168  1000  1467  1467 I DeviceLockControllerConnectorImpl: Connected to com.android.devicelockcontroller/.DeviceLockControllerService
02-18 08:01:24.172  1000  1467  4069 I DeviceLockServiceImpl: User set up complete reported for: UserHandle{0}
02-18 08:01:24.195  1000  1467  1600 W PinnerService: Could not find pinlist.meta for "/system_ext/priv-app/Launcher3QuickStep/Launcher3QuickStep.apk": pinning as blob
02-18 08:01:24.209  1000  1467  1909 I input_interaction: Interaction with: 976299e NotificationShade (server), PointerEventDispatcher0 (server), 
02-18 08:01:24.211 10097  2899  2940 I jank_cuj_events_begin_request: [0,1771372884211730000,138388569199,138388569362,Collapse]
02-18 08:01:24.220 10097  2899  2899 D ZenModeController: Added callback class com.android.systemui.qs.tiles.DndTile$3
02-18 08:01:24.221 10097  2899  2899 D ZenModeController: Removed callback class com.android.systemui.qs.tiles.DndTile$3
02-18 08:01:24.277  1000  1467  1527 I wm_set_keyguard_shown: [0,1,0,1,0,keyguardGoingAway]
02-18 08:01:24.277  1000  1467  1527 D ActivityTaskManager: Top Process State changed to PROCESS_STATE_TOP
02-18 08:01:24.278 10097  2899  2937 V WindowManagerShell: Transition requested (#10): android.os.BinderProxy@f41a51d TransitionRequestInfo { type = TO_BACK, triggerTask = null, pipTask = null, remoteTransition = null, displayChange = null, flags = 262, debugId = 10 }
02-18 08:01:24.279  1000  1467  1527 I wm_set_resumed_activity: [0,com.android.launcher3/.uioverrides.QuickstepLauncher,resumeTopActivity - onActivityStateChanged]
02-18 08:01:24.279  1000  1467  1527 I wm_resume_activity: [0,64025487,7,com.android.launcher3/.uioverrides.QuickstepLauncher]
02-18 08:01:24.282 10090  3178  3178 I wm_on_restart_called: [64025487,com.android.launcher3.uioverrides.QuickstepLauncher,performRestart,0]
02-18 08:01:24.283 10097  2899  2937 D WindowManagerShell: setLauncherKeepClearAreaHeight: visible=false, height=294
02-18 08:01:24.284 10090  3178  3178 I wm_on_start_called: [64025487,com.android.launcher3.uioverrides.QuickstepLauncher,handleStartActivity,1]
02-18 08:01:24.284 10097  2899  2899 I KeyguardTransitionRepository: STARTED transition: TransitionStep(from=LOCKSCREEN, to=GONE, value=0.0, transitionState=STARTED, ownerName=FromLockscreenTransitionInteractor)
02-18 08:01:24.284 10097  2899  2937 D WindowManagerShell: setLauncherKeepClearAreaHeight: visible=true, height=294
02-18 08:01:24.285 10090  3178  3178 I wm_on_resume_called: [64025487,com.android.launcher3.uioverrides.QuickstepLauncher,RESUME_ACTIVITY,0]
02-18 08:01:24.285 10090  3178  3178 I wm_on_top_resumed_gained_called: [64025487,com.android.launcher3.uioverrides.QuickstepLauncher,topWhenResuming]
02-18 08:01:24.285 10090  3178  3178 D StatsLog: LAUNCHER_ONRESUME
02-18 08:01:24.285 10097  2899  2899 I KeyguardTransitionRepository: Duplicate call to start the transition, rejecting: TransitionInfo(ownerName=FromLockscreenTransitionInteractor, from=LOCKSCREEN, to=GONE, animated)
02-18 08:01:24.296  1000   568   568 I BpBinder: onLastStrongRef automatically unlinking death recipients: 
02-18 08:01:24.300 10090  3178  3178 I viewroot_draw_event: [VRI[QuickstepLauncher],Start draw after previous draw not visible]
02-18 08:01:24.300 10090  3178  3178 D BaseDepthController: setSurface:
02-18 08:01:24.300 10090  3178  3178 D BaseDepthController: 	mWaitingOnSurfaceValidity: false
02-18 08:01:24.300 10090  3178  3178 D BaseDepthController: 	mSurface: Surface(name=com.android.launcher3/com.android.launcher3.uioverrides.QuickstepLauncher)/@0xb532dfa
02-18 08:01:24.301  1000   569  3432 W gralloc4: Unable to set buffer name VRI[QuickstepLauncher]#2(BLAST Consumer)2: File name too long
02-18 08:01:24.303  1000   569  3432 W gralloc4: Unable to set buffer name VRI[QuickstepLauncher]#2(BLAST Consumer)2: File name too long
02-18 08:01:24.304  1000   569  3432 W gralloc4: Unable to set buffer name VRI[QuickstepLauncher]#2(BLAST Consumer)2: File name too long
02-18 08:01:24.306  1000   569  3432 W gralloc4: Unable to set buffer name VRI[QuickstepLauncher]#2(BLAST Consumer)2: File name too long
02-18 08:01:24.308 10090  3178  3178 I viewroot_draw_event: [VRI[QuickstepLauncher],reportDrawFinished seqId=0]
02-18 08:01:24.313  1000  1467  1574 V WindowManager: Sent Transition (#10) createdAt=02-18 08:01:24.277 via request=TransitionRequestInfo { type = TO_BACK, triggerTask = null, pipTask = null, remoteTransition = null, displayChange = null, flags = 262, debugId = 10 }
02-18 08:01:24.313  1000  1467  1574 V WindowManager:     startWCT=WindowContainerTransaction { changes = {} hops = [] errorCallbackToken=null taskFragmentOrganizer=null }
02-18 08:01:24.313  1000  1467  1574 V WindowManager:     info={id=10 t=TO_BACK f=0x106 trk=0 r=[0@Point(0, 0)] c=[
02-18 08:01:24.313  1000  1467  1574 V WindowManager:         {WCT{RemoteToken{b9cc30f Task{529fe7f #1 type=undefined}}} m=TO_FRONT f=SHOW_WALLPAPER p=WCT{RemoteToken{65f3871 DefaultTaskDisplayArea@265424052}} leash=Surface(name=Task=1)/@0xd36ab40 sb=Rect(0, 0 - 1080, 2400) eb=Rect(0, 0 - 1080, 2400) d=0},
02-18 08:01:24.313  1000  1467  1574 V WindowManager:         {WCT{RemoteToken{65f3871 DefaultTaskDisplayArea@265424052}} m=TO_FRONT f=SHOW_WALLPAPER leash=Surface(name=DefaultTaskDisplayArea)/@0x37cf6c3 sb=Rect(0, 0 - 1080, 2400) eb=Rect(0, 0 - 1080, 2400) d=0}
02-18 08:01:24.313  1000  1467  1574 V WindowManager:     ]}
02-18 08:01:24.313 10097  2899  2937 V WindowManagerShell: onTransitionReady (#10) android.os.BinderProxy@f41a51d: {id=10 t=TO_BACK f=0x106 trk=0 r=[0@Point(0, 0)] c=[{WCT{android.window.IWindowContainerToken$Stub$Proxy@cfc16de} m=TO_FRONT f=SHOW_WALLPAPER p=WCT{android.window.IWindowContainerToken$Stub$Proxy@40190bf} leash=Surface(name=Task=1)/@0x9764163 sb=Rect(0, 0 - 1080, 2400) eb=Rect(0, 0 - 1080, 2400) d=0},{WCT{android.window.IWindowContainerToken$Stub$Proxy@17f038c} m=TO_FRONT f=SHOW_WALLPAPER leash=Surface(name=DefaultTaskDisplayArea)/@0x4d83160 sb=Rect(0, 0 - 1080, 2400) eb=Rect(0, 0 - 1080, 2400) d=0}]}
02-18 08:01:24.313 10097  2899  2937 V WindowManagerShell: Playing animation for (#10) android.os.BinderProxy@f41a51d@0
02-18 08:01:24.314 10097  2899  2937 V WindowManagerShell:  try handler com.android.wm.shell.transition.DefaultMixedHandler@f3f2d0b
02-18 08:01:24.314 10097  2899  2937 V WindowManagerShell:  try handler com.android.wm.shell.keyguard.KeyguardTransitionHandler@f21b7e8
02-18 08:01:24.314 10097  2899  2937 V WindowManagerShell: start keyguard going-away transition, info = {id=10 t=TO_BACK f=0x106 trk=0 r=[0@Point(0, 0)] c=[{WCT{android.window.IWindowContainerToken$Stub$Proxy@cfc16de} m=TO_FRONT f=SHOW_WALLPAPER p=WCT{android.window.IWindowContainerToken$Stub$Proxy@40190bf} leash=Surface(name=Task=1)/@0x9764163 sb=Rect(0, 0 - 1080, 2400) eb=Rect(0, 0 - 1080, 2400) d=0},{WCT{android.window.IWindowContainerToken$Stub$Proxy@17f038c} m=TO_FRONT f=SHOW_WALLPAPER leash=Surface(name=DefaultTaskDisplayArea)/@0x4d83160 sb=Rect(0, 0 - 1080, 2400) eb=Rect(0, 0 - 1080, 2400) d=0}]}
02-18 08:01:24.314 10097  2899  2937 D KeyguardService: Starts IRemoteAnimationRunner: info={id=10 t=TO_BACK f=0x106 trk=0 r=[0@Point(0, 0)] c=[{WCT{android.window.IWindowContainerToken$Stub$Proxy@cfc16de} m=TO_FRONT f=SHOW_WALLPAPER p=WCT{android.window.IWindowContainerToken$Stub$Proxy@40190bf} leash=Surface(name=Task=1)/@0x9764163 sb=Rect(0, 0 - 1080, 2400) eb=Rect(0, 0 - 1080, 2400) d=0},{WCT{android.window.IWindowContainerToken$Stub$Proxy@17f038c} m=TO_FRONT f=SHOW_WALLPAPER leash=Surface(name=DefaultTaskDisplayArea)/@0x4d83160 sb=Rect(0, 0 - 1080, 2400) eb=Rect(0, 0 - 1080, 2400) d=0}]}
02-18 08:01:24.316 10097  2899  2940 I jank_cuj_events_cancel_request: [23,1771372884316012000,138492851344,138492851670]
02-18 08:01:24.316 10097  2899  2937 V WindowManagerShell:  animated by com.android.wm.shell.keyguard.KeyguardTransitionHandler@f21b7e8
02-18 08:01:24.318 10097  2899  2899 D KeyguardViewMediator: handleStartKeyguardExitAnimation startTime=0 fadeoutDuration=0
02-18 08:01:24.319 10097  2899  2940 I jank_cuj_events_begin_request: [29,1771372884319053000,138495892644,138495892970,DismissPanel]
02-18 08:01:24.319 10097  2899  2899 D KeyguardUnlock: playCannedUnlockAnimation
02-18 08:01:24.319 10097  2899  2899 D KeyguardUnlock: playCannedUnlockAnimation, surfaceBehindEntryAnimator#start
02-18 08:01:24.319 10097  2899  2940 I jank_cuj_events_cancel_request: [0,1771372884319860000,138496699204,138496699407]
02-18 08:01:24.320  1000  1467  2978 W UserManagerService: Requested status bar icon for non-badged user 0
02-18 08:01:24.325 10097  2899  2899 D ProxSensor: [FalsingCollector] unregistering sensor listener
02-18 08:01:24.325 10097  2899  2899 D KeyguardViewMediator: KeyguardViewMediator queue processing message: START_KEYGUARD_EXIT_ANIM
02-18 08:01:24.326  1000   983   983 D usf_sensor_hal: proximity: Enter Activate. Enable = 0.
02-18 08:01:24.331  root  1196  1196 D AOC     : A3:MSG: usf_sensor.cc, 1685: USF: Received stop sampling request for TMD3719 Proximity (active:0).
02-18 08:01:24.332  root  1196  1196 D AOC     : A3:MSG: tmd3719_sensor.cc, 327: USF: TMD3719: Report new active state:0
02-18 08:01:24.333  root  1196  1196 D AOC     : A3:MSG: tmd3719_device.cc, 420: USF: TMD3719: StopSampling(type:0 err:0): client_count P/A+fakeA:0/1+0
02-18 08:01:24.333  1000   983  1020 I usf_sensor_hal: Received REPORT_SENSOR_ACTIVE_STATE_CHANGES event from 'TMD3719 Proximity' with new state:kInactive!
02-18 08:01:24.333  1000   570  5177 D hwc-display: setMinIdleRefreshRate requester 0, fps 0
02-18 08:01:24.334  1000   570  5177 I hwc-display: ExynosPrimaryDisplay::setMinIdleRefreshRate() writes min_vrefresh(0) to the sysfs node
02-18 08:01:24.334  1000   570  5177 I hwc-display: setRefreshRateThrottleNanos() requester(0) set delay to 0ns
02-18 08:01:24.334  1000   570  5177 I hwc-display: setDisplayIdleDelayNanos() writes idle_delay_ms(0) to the sysfs node (0x0)
02-18 08:01:24.337  1000   983  1770 I sensor-suez: Vendor atom [id = 100133] reported.
02-18 08:01:24.337  1000  1467  2973 I sysui_multi_action: [757,127,758,2]
02-18 08:01:24.337  1000  1467  2973 I notification_panel_hidden: 
02-18 08:01:24.338  1000  1467  1527 I sysui_multi_action: [757,128,758,2,793,112904,794,8583,795,112904,796,26,798,0,806,android,857,DEVELOPER_IMPORTANT,858,4,946,ranker_group,947,0,1395,1,1500,8582,1688,1]
02-18 08:01:24.338  1000  1467  1527 I notification_visibility: [-1|android|26|null|1000,0,112904,112904,0,0]
02-18 08:01:24.342  1000  1467  1895 I commit_sys_config_file: [settings-0-0,6]
02-18 08:01:24.459  1000  1467  1578 I commit_sys_config_file: [package-session,9]
02-18 08:01:24.460  1000  1467  1578 I commit_sys_config_file: [package-session,1]
02-18 08:01:24.464  1000  1467  1864 I commit_sys_config_file: [package-session,1]
02-18 08:01:24.479  1000  1467  1917 I service_manager_stats: [100,185,104895]
02-18 08:01:24.482  1000  1467  1917 W PackageParsing: No actions in intent-filter at /data/app/vmdl2122490935.tmp/base.apk Binary XML file line #81
02-18 08:01:24.482  1000  1467  1917 W PackageParsing: No actions in intent-filter at /data/app/vmdl2122490935.tmp/base.apk Binary XML file line #89
02-18 08:01:24.483  1000  1467  1917 W PackageParsing: No actions in intent-filter at /data/app/vmdl2122490935.tmp/base.apk Binary XML file line #97
02-18 08:01:24.487  1000  1467  1917 W RuleEvaluation: Integrity rule files are not available.
02-18 08:01:24.487  1000  1467  1776 I PackageManager: Integrity check passed for file:///data/app/vmdl2122490935.tmp
02-18 08:01:24.491  1000  1467  1578 I commit_sys_config_file: [package-session,4]
02-18 08:01:24.492  1000  1467  1776 W PackageParsing: No actions in intent-filter at /data/app/vmdl2122490935.tmp/base.apk Binary XML file line #81
02-18 08:01:24.492  1000  1467  1776 W PackageParsing: No actions in intent-filter at /data/app/vmdl2122490935.tmp/base.apk Binary XML file line #89
02-18 08:01:24.492  1000  1467  1776 W PackageParsing: No actions in intent-filter at /data/app/vmdl2122490935.tmp/base.apk Binary XML file line #97
02-18 08:01:24.532  1000  1467  1776 I commit_sys_config_file: [package,15]
02-18 08:01:24.532  1000  1467  1776 D PackageManager: Instant App installer not found with android.intent.action.INSTALL_INSTANT_APP_PACKAGE
02-18 08:01:24.532  1000  1467  1776 D PackageManager: Clear ephemeral installer activity
02-18 08:01:24.563  logd  5241  5241 I logd    : start watching /data/system/packages.list ...
02-18 08:01:24.565  logd  5241  5241 I logd    : ReadPackageList, total packages: 133
02-18 08:01:24.545  1000  1467  1772 I commit_sys_config_file: [package-user-0,14]
02-18 08:01:24.549  artd  1937  1937 I artd    : Merge skipped because there are no existing profiles
02-18 08:01:24.551  artd  1937  1937 I artd    : Dex parent of /data/app/~~F7C15M4jqiu1z0IpeCvKuQ==/android.display.cts-hedT1MSYo6ADGEsOLohdxA==/base.apk is not writable: Permission denied
02-18 08:01:24.551  artd  1937  1937 I artd    : GetBestInfo checking odex in dalvik-cache (/data/dalvik-cache/arm64/data@app@~~F7C15M4jqiu1z0IpeCvKuQ==@android.display.cts-hedT1MSYo6ADGEsOLohdxA==@base.apk@classes.dex)
02-18 08:01:24.551  artd  1937  1937 I artd    : Loading /data/dalvik-cache/arm64/data@app@~~F7C15M4jqiu1z0IpeCvKuQ==@android.display.cts-hedT1MSYo6ADGEsOLohdxA==@base.apk@classes.dex with executable: 0
02-18 08:01:24.552  artd  1937  1937 I artd    : OatFileAssistant test for existing oat file /data/dalvik-cache/arm64/data@app@~~F7C15M4jqiu1z0IpeCvKuQ==@android.display.cts-hedT1MSYo6ADGEsOLohdxA==@base.apk@classes.dex: File /data/dalvik-cache/arm64/data@app@~~F7C15M4jqiu1z0IpeCvKuQ==@android.display.cts-hedT1MSYo6ADGEsOLohdxA==@base.apk@classes.vdex does not exist.
02-18 08:01:24.552  artd  1937  1937 I artd    : GetBestInfo checking odex next to the dex file (/data/app/~~F7C15M4jqiu1z0IpeCvKuQ==/android.display.cts-hedT1MSYo6ADGEsOLohdxA==/oat/arm64/base.odex)
02-18 08:01:24.552  artd  1937  1937 I artd    : Loading /data/app/~~F7C15M4jqiu1z0IpeCvKuQ==/android.display.cts-hedT1MSYo6ADGEsOLohdxA==/oat/arm64/base.odex with executable: 0
02-18 08:01:24.552  artd  1937  1937 I artd    : OatFileAssistant test for existing oat file /data/app/~~F7C15M4jqiu1z0IpeCvKuQ==/android.display.cts-hedT1MSYo6ADGEsOLohdxA==/oat/arm64/base.odex: File /data/app/~~F7C15M4jqiu1z0IpeCvKuQ==/android.display.cts-hedT1MSYo6ADGEsOLohdxA==/oat/arm64/base.vdex does not exist.
02-18 08:01:24.552  artd  1937  1937 I artd    : GetBestInfo checking vdex in dalvik-cache (/data/dalvik-cache/arm64/data@app@~~F7C15M4jqiu1z0IpeCvKuQ==@android.display.cts-hedT1MSYo6ADGEsOLohdxA==@base.apk@classes.vdex)
02-18 08:01:24.552  artd  1937  1937 I artd    : unable to open vdex file /data/dalvik-cache/arm64/data@app@~~F7C15M4jqiu1z0IpeCvKuQ==@android.display.cts-hedT1MSYo6ADGEsOLohdxA==@base.apk@classes.vdex: File /data/dalvik-cache/arm64/data@app@~~F7C15M4jqiu1z0IpeCvKuQ==@android.display.cts-hedT1MSYo6ADGEsOLohdxA==@base.apk@classes.vdex does not exist.
02-18 08:01:24.552  artd  1937  1937 I artd    : OatFileAssistant test for existing oat file /data/dalvik-cache/arm64/data@app@~~F7C15M4jqiu1z0IpeCvKuQ==@android.display.cts-hedT1MSYo6ADGEsOLohdxA==@base.apk@classes.vdex: File /data/dalvik-cache/arm64/data@app@~~F7C15M4jqiu1z0IpeCvKuQ==@android.display.cts-hedT1MSYo6ADGEsOLohdxA==@base.apk@classes.vdex does not exist.
02-18 08:01:24.552  artd  1937  1937 I artd    : GetBestInfo checking vdex next to the dex file (/data/app/~~F7C15M4jqiu1z0IpeCvKuQ==/android.display.cts-hedT1MSYo6ADGEsOLohdxA==/oat/arm64/base.vdex)
02-18 08:01:24.552  artd  1937  1937 I artd    : unable to open vdex file /data/app/~~F7C15M4jqiu1z0IpeCvKuQ==/android.display.cts-hedT1MSYo6ADGEsOLohdxA==/oat/arm64/base.vdex: File /data/app/~~F7C15M4jqiu1z0IpeCvKuQ==/android.display.cts-hedT1MSYo6ADGEsOLohdxA==/oat/arm64/base.vdex does not exist.
02-18 08:01:24.552  artd  1937  1937 I artd    : OatFileAssistant test for existing oat file /data/app/~~F7C15M4jqiu1z0IpeCvKuQ==/android.display.cts-hedT1MSYo6ADGEsOLohdxA==/oat/arm64/base.vdex: File /data/app/~~F7C15M4jqiu1z0IpeCvKuQ==/android.display.cts-hedT1MSYo6ADGEsOLohdxA==/oat/arm64/base.vdex does not exist.
02-18 08:01:24.552  artd  1937  1937 I artd    : GetBestInfo checking dm (/data/app/~~F7C15M4jqiu1z0IpeCvKuQ==/android.display.cts-hedT1MSYo6ADGEsOLohdxA==/base.dm)
02-18 08:01:24.552  artd  1937  1937 W ziparchive: Unable to open '/data/app/~~F7C15M4jqiu1z0IpeCvKuQ==/android.display.cts-hedT1MSYo6ADGEsOLohdxA==/base.dm': No such file or directory
02-18 08:01:24.552  artd  1937  1937 I artd    : OatFileAssistant test for existing oat file /data/app/~~F7C15M4jqiu1z0IpeCvKuQ==/android.display.cts-hedT1MSYo6ADGEsOLohdxA==/base.dm: I/O error
02-18 08:01:24.552  artd  1937  1937 I artd    : GetBestInfo checking dm (/data/app/~~F7C15M4jqiu1z0IpeCvKuQ==/android.display.cts-hedT1MSYo6ADGEsOLohdxA==/base.dm)
02-18 08:01:24.552  artd  1937  1937 W ziparchive: Unable to open '/data/app/~~F7C15M4jqiu1z0IpeCvKuQ==/android.display.cts-hedT1MSYo6ADGEsOLohdxA==/base.dm': No such file or directory
02-18 08:01:24.552  artd  1937  1937 I artd    : OatFileAssistant test for existing oat file /data/app/~~F7C15M4jqiu1z0IpeCvKuQ==/android.display.cts-hedT1MSYo6ADGEsOLohdxA==/base.dm: I/O error
02-18 08:01:24.552  artd  1937  1937 I artd    : GetBestInfo no usable artifacts
02-18 08:01:24.558  artd  1937  2667 I artd    : Running dex2oat: /apex/com.android.art/bin/art_exec --drop-capabilities --set-task-profile=Dex2OatBootComplete --set-priority=background --keep-fds=7:8:9:10:11:12:13:14:15 -- /apex/com.android.art/bin/dex2oat64 --zip-fd=7 --zip-location=/data/app/~~F7C15M4jqiu1z0IpeCvKuQ==/android.display.cts-hedT1MSYo6ADGEsOLohdxA==/base.apk --oat-fd=8 --oat-location=/data/app/~~F7C15M4jqiu1z0IpeCvKuQ==/android.display.cts-hedT1MSYo6ADGEsOLohdxA==/oat/arm64/base.odex --output-vdex-fd=9 --swap-fd=10 --class-loader-context-fds=11:12:13:14:15 --class-loader-context=PCL[]{PCL[/system/framework/android.test.runner.jar]{PCL[/system/framework/android.test.base.jar]#PCL[/system/framework/android.test.mock.jar]}#PCL[/system/framework/android.test.base.jar]#PCL[/system/framework/android.test.mock.jar]} --classpath-dir=/data/app/~~F7C15M4jqiu1z0IpeCvKuQ==/android.display.cts-hedT1MSYo6ADGEsOLohdxA== --instruction-set=arm64 --instruction-set-features=default --instruction-set-variant=cortex-a55 --compiler-filter=verify --compilation-reason=install --compact-dex-level=none --max-image-block-size=524288 --resolve-startup-const-strings=true --generate-mini-debug-info --runtime-arg -Xtarget-sdk-version:34 --runtime-arg -Xhidden-api-policy:enabled --runtime-arg -Xms64m --runtime-arg -Xmx512m --comments=app-name:android.display.cts,app-version-name:14,app-version-code:34,art-version:350090000
02-18 08:01:24.558  artd  1937  2667 I artd    : Opened FDs: 7:/data/app/~~F7C15M4jqiu1z0IpeCvKuQ==/android.display.cts-hedT1MSYo6ADGEsOLohdxA==/base.apk 8:/data/app/~~F7C15M4jqiu1z0IpeCvKuQ==/android.display.cts-hedT1MSYo6ADGEsOLohdxA==/oat/arm64/base.odex.tlZw9m.tmp 9:/data/app/~~F7C15M4jqiu1z0IpeCvKuQ==/android.display.cts-hedT1MSYo6ADGEsOLohdxA==/oat/arm64/base.vdex.W03eJh.tmp 10:/data/app/~~F7C15M4jqiu1z0IpeCvKuQ==/android.display.cts-hedT1MSYo6ADGEsOLohdxA==/oat/arm64/base.odex.swap.EnBfLX.tmp 11:/system/framework/android.test.mock.jar 12:/system/framework/android.test.base.jar 13:/system/framework/android.test.runner.jar 14:/system/framework/android.test.mock.jar 15:/system/framework/android.test.base.jar 
02-18 08:01:24.604 10097  2899  2899 D KeyguardUnlock: surfaceBehindEntryAnimator#onAnimationEnd
02-18 08:01:24.604 10097  2899  2899 D KeyguardViewMediator: exitKeyguardAndFinishSurfaceBehindRemoteAnimation
02-18 08:01:24.604 10097  2899  2940 I jank_cuj_events_end_request: [29,1771372884604910000,138781752304,138781752955]
02-18 08:01:24.619 10097  2899  2979 D KeyguardViewMediator: updateActivityLockScreenState(false, false)
02-18 08:01:24.619  artd  5505  5505 W dex2oat64: Mismatch between dex2oat instruction set features to use (ISA: Arm64 Feature string: -a53,crc,lse,fp16,dotprod,-sve) and those from CPP defines (ISA: Arm64 Feature string: -a53,crc,-lse,fp16,dotprod,-sve) for the command line:
02-18 08:01:24.619  artd  5505  5505 W dex2oat64: /apex/com.android.art/bin/dex2oat64 --zip-fd=7 --zip-location=/data/app/~~F7C15M4jqiu1z0IpeCvKuQ==/android.display.cts-hedT1MSYo6ADGEsOLohdxA==/base.apk --oat-fd=8 --oat-location=/data/app/~~F7C15M4jqiu1z0IpeCvKuQ==/android.display.cts-hedT1MSYo6ADGEsOLohdxA==/oat/arm64/base.odex --output-vdex-fd=9 --swap-fd=10 --class-loader-context-fds=11:12:13:14:15 --class-loader-context=PCL[]{PCL[/system/framework/android.test.runner.jar]{PCL[/system/framework/android.test.base.jar]#PCL[/system/framework/android.test.mock.jar]}#PCL[/system/framework/android.test.base.jar]#PCL[/system/framework/android.test.mock.jar]} --classpath-dir=/data/app/~~F7C15M4jqiu1z0IpeCvKuQ==/android.display.cts-hedT1MSYo6ADGEsOLohdxA== --instruction-set=arm64 --instruction-set-features=default --instruction-set-variant=cortex-a55 --compiler-filter=verify --compilation-reason=install --compact-dex-level=none --max-image-block-size=524288 --resolve-startup-const-strings=true --generate-mini-debug-info --runtime-arg -Xtarget-sdk-version:34 --runtime-arg -Xhidden-api-policy:enabled --runtime-arg -Xms64m --runtime-arg -Xmx512m --comments=app-name:android.display.cts,app-version-name:14,app-version-code:34,art-version:350090000
02-18 08:01:24.619  1000  1467  2973 I wm_set_keyguard_shown: [0,0,0,1,0,setKeyguardShown]
02-18 08:01:24.620 10097  2899  2899 D KeyguardViewMediator: onKeyguardExitRemoteAnimationFinished#hideKeyguardViewAfterRemoteAnimation
02-18 08:01:24.620  artd  5505  5505 I dex2oat64: /apex/com.android.art/bin/dex2oat64 --output-vdex-fd=9 --class-loader-context-fds=11:12:13:14:15 --class-loader-context=PCL[]{PCL[/system/framework/android.test.runner.jar]{PCL[/system/framework/android.test.base.jar]#PCL[/system/framework/android.test.mock.jar]}#PCL[/system/framework/android.test.base.jar]#PCL[/system/framework/android.test.mock.jar]} --classpath-dir=/data/app/~~F7C15M4jqiu1z0IpeCvKuQ==/android.display.cts-hedT1MSYo6ADGEsOLohdxA== --compiler-filter=verify --compilation-reason=install --compact-dex-level=none --max-image-block-size=524288 --resolve-startup-const-strings=true --generate-mini-debug-info --comments=app-name:android.display.cts,app-version-name:14,app-version-code:34,art-version:350090000
02-18 08:01:24.654  root     0     0 E         : [    C5] exynos5-hsi2c 10970000.hsi2c: HSI2C Error Interrupt occurred(IS:0x00000400, TR:0x00080001)
02-18 08:01:24.654  root     0     0 E         : [    C5] exynos5-hsi2c 10970000.hsi2c: HSI2C NO ACK occurred
02-18 08:01:24.654   nfc  3967  3967 E exynos5-hsi2c 10970000.hsi2c: ack was not received at write
02-18 08:01:24.654   nfc  3967  3967 I exynos5-hsi2c 10970000.hsi2c: exynos5_i2c_set_timing IPCLK = 199680000 OP_CLK = 400000 DIV = 31 Timing FS1 = 0x1F0FF00 TIMING FS2 = 0x30003E0 TIMING FS3 = 0x1F0000
02-18 08:01:24.654   nfc  3967  3967 E st21nfc i2c-st21nfc: st21nfc_dev_write : i2c_master_send returned -6
02-18 08:01:24.623  1000  1467  2823 V WifiDialogManager: Received action: android.intent.action.USER_PRESENT
02-18 08:01:24.623  1000  1467  5255 W UserManagerService: Requested status bar icon for non-badged user 0
02-18 08:01:24.624 radio  3113  3113 D CarrierKeyDownloadManager: device unlocked, isRequiredToHandleUnlock = false, slotIndex = -1
02-18 08:01:24.624 radio  3113  3113 D CarrierKeyDownloadManager: device unlocked, isRequiredToHandleUnlock = false, slotIndex = -1
02-18 08:01:24.624  1041  1007  1046 D AudioFlinger: AUDIO_OUTPUT_FLAG_FAST denied: sharedBuffer=0xb40000710f7f8db0 frameCount=0 mFrameCount=480 format=0x1 mFormat=0x5 isLinear=1 channelMask=0x3 sampleRate=44100 mSampleRate=48000 hasFastMixer=1 tid=5507 fastTrackAvailMask=0xfe
02-18 08:01:24.625 10097  2899  2899 D CentralSurfaces: !shouldBeKeyguard mStatusBarStateController.isKeyguardRequested() false keyguardForDozing false wakeAndUnlocking false isWakingAndOccluded false
02-18 08:01:24.625 10097  2899  2899 D CentralSurfaces: hideKeyguardImpl false
02-18 08:01:24.625 10097  2899  2899 D SbStateController: setState: requested state SHADE!= upcomingState: KEYGUARD. This usually means the status bar state transition was interrupted before the upcoming state could be applied.
02-18 08:01:24.626 10097  2899  2899 I sysui_multi_action: [757,111,758,2]
02-18 08:01:24.626 10090  3178  3178 I OverviewComponentObserver: updateOverviewTargets: mIsHomeDisabled=false, isDefaultHomeNull=false, mIsDefaultHome=true
02-18 08:01:24.627 10097  2899  2899 I sysui_multi_action: [757,196,758,2,759,0]
02-18 08:01:24.627 10097  2899  2899 I sysui_status_bar_state: [0,0,0,0,0,1]
02-18 08:01:24.627 10097  2899  2899 D FpsUnlockTracker: onUnlockedStage: fpsAuthenticated=false
02-18 08:01:24.628 10097  2899  2899 D KeyguardService: Finish IRemoteAnimationRunner.
02-18 08:01:24.628 10097  2899  2937 V WindowManagerShell: Transition animation finished (aborted=false), notifying core (#10) android.os.BinderProxy@f41a51d@0
02-18 08:01:24.629  1000  1467  4446 D SystemServerTiming: getUserSwitchability-0
02-18 08:01:24.629  1000  1467  4446 D SystemServerTiming: TM.isInCall
02-18 08:01:24.630  1000  1467  1574 V WindowManager: Finish Transition (#10): created at 02-18 08:01:24.277 collect-started=0.083ms request-sent=0.199ms started=4.851ms ready=4.825ms sent=34.806ms finished=352.263ms
02-18 08:01:24.630  1000  1467  4446 V SystemServerTiming: TM.isInCall took to complete: 1ms
02-18 08:01:24.630  1000  1467  4446 D SystemServerTiming: hasUserRestriction-DISALLOW_USER_SWITCH
02-18 08:01:24.630  1000  1467  4446 V SystemServerTiming: hasUserRestriction-DISALLOW_USER_SWITCH took to complete: 0ms
02-18 08:01:24.630  1000  1467  4446 D SystemServerTiming: getInt-ALLOW_USER_SWITCHING_WHEN_SYSTEM_USER_LOCKED
02-18 08:01:24.630  1000  1467  4446 V SystemServerTiming: getInt-ALLOW_USER_SWITCHING_WHEN_SYSTEM_USER_LOCKED took to complete: 0ms
02-18 08:01:24.630  1000  1467  5255 I wm_set_keyguard_occluded: [0,0,0,setOccluded]
02-18 08:01:24.630  1000  1467  4446 D SystemServerTiming: isUserUnlocked-USER_SYSTEM
02-18 08:01:24.630  1000  1467  4446 V SystemServerTiming: isUserUnlocked-USER_SYSTEM took to complete: 0ms
02-18 08:01:24.630  1000  1467  4446 V SystemServerTiming: getUserSwitchability-0 took to complete: 1ms
02-18 08:01:24.630 10097  2899  2937 V WindowManagerShell: Track 0 became idle
02-18 08:01:24.630 10097  2899  2937 V WindowManagerShell: All active transition animations finished
02-18 08:01:24.631 10097  2899  3166 D KeyguardService: setOccluded(false)
02-18 08:01:24.631 10097  2899  3166 D KeyguardViewMediator: setOccluded(false)
02-18 08:01:24.636  1000  1467  4446 D FingerprintProvider/default: Starting watchdog for fingerprint
02-18 08:01:24.639  1000  1467  1579 I user_activity_timeout_override: -1
02-18 08:01:24.640  1000  1467  1659 V DisplayPowerController2[0]: Brightness [0.17429718] reason changing to: 'manual', previous reason: 'manual [ dim ]'.
02-18 08:01:24.640  1000  1467  1659 I DisplayPowerController2[0]: BrightnessEvent: disp=0, physDisp=local:4619827677550801152, displayState=ON, displayPolicy=BRIGHT, brt=0.17429718, initBrt=0.05, rcmdBrt=NaN, preBrt=NaN, lux=0.0, preLux=0.0, hbmMax=0.5, hbmMode=off, rbcStrength=50, thrmMax=1.0, powerFactor=1.0, wasShortTermModelActive=false, flags=, reason=manual, autoBrightness=false, strategy=InvalidBrightnessStrategy, autoBrightnessMode=default
02-18 08:01:24.640  1000  1467  1659 I sysui_multi_action: [757,1696,758,6,759,3]
02-18 08:01:24.641  1000  1467  1579 D DisplayManagerService: Ignore redundant display event 0/4 to 10089/3644
02-18 08:01:24.641  1000  1467  1581 I input_focus: [Focus request b584110 com.android.launcher3/com.android.launcher3.uioverrides.QuickstepLauncher,reason=UpdateInputWindows]
02-18 08:01:24.642  1041  1007  1046 D audioserver: logFgsApiBegin: FGS Logger Transaction failed, -129
02-18 08:01:24.646  1000  1467  4446 E AppOps  : Operation not found: uid=1041 pkg=audioserver(null) op=WAKE_LOCK
02-18 08:01:24.646  1041   901  3496 D audio_hw_output_stream: update stream 1 active 1 gain 0.040626
02-18 08:01:24.650  1041   901  5510 D audio_hw: prepare low-latency-playback
02-18 08:01:24.650  1041   901  5510 D audio_hw_soundtrigger: st_uc_monitor:uc:low-latency-playback active
02-18 08:01:24.650  1041   901  5510 D audio_hw: low-latency-playback:
02-18 08:01:24.650  1041   901  5510 D audio_hw: rx:
02-18 08:01:24.650  1041   901  5510 D audio_hw:   #0: OUT_SPEAKER_BE_CFG 0
02-18 08:01:24.650  1041   901  5510 W audio_hw_35l41: cs35l41_amp_common_event: ret: 0, event: 1, state: 1, device: 4
02-18 08:01:24.650  1041   901  5510 D audio_route: Apply path: speaker
02-18 08:01:24.651 10097  2899  2899 D ShadeCarrierGroup: ignoring old pipeline callback because new mobile icon is enabled
02-18 08:01:24.682  1041  5510  5510 I cs35l41 spi7.0: cs35l41_bp_current_limit_put: value 2500
02-18 08:01:24.682  1041  5510  5510 I cs35l41 spi7.1: cs35l41_bp_current_limit_put: value 2500
02-18 08:01:24.683  1041  5510  5510 I cs35l41 spi7.0: cs35l41_hibernate event 0x1 hibernate state 0
02-18 08:01:24.683  1041  5510  5510 I cs35l41 spi7.0: cs35l41_exit_hibernate: hibernate state 0
02-18 08:01:24.683  1041  5510  5510 I cs35l41 spi7.0: cs35l41_dsp_load_ev: event: 2 halo_booted: 1
02-18 08:01:24.651 10097  2899  2899 D KeyguardViewMediator: handleSetOccluded(false)
02-18 08:01:24.652 10097  2899  2899 I sysui_keyguard: [0,0]
02-18 08:01:24.652 10097  2899  2899 D KeyguardViewMediator: KeyguardViewMediator queue processing message: SET_OCCLUDED
02-18 08:01:24.652 10097  2899  2940 I jank_cuj_events_cancel_request: [23,1771372884652030000,138828869207,138828869329]
02-18 08:01:24.652  1000   570  5178 I hwc-display: path=drm, id=0, level=213, nits=53.055603, brightness=0.051261, DimmingOn=1, Hbm=0, LhbmOn=0, OpRate=0
02-18 08:01:24.653  1000  1467  4446 W UserManagerService: Requested status bar icon for non-badged user 0
02-18 08:01:24.654  1000  1467  4446 W UserManagerService: Requested status bar icon for non-badged user 0
02-18 08:01:24.654  1000  1467  4446 W UserManagerService: Requested status bar icon for non-badged user 0
02-18 08:01:24.655 10097  2899  2940 I jank_cuj_events_cancel_request: [80,1771372884655759000,138832598292,138832598374]
02-18 08:01:24.655 10097  2899  2940 I jank_cuj_events_end_request: [80,1771372884655778000,138832616522,138832616562]
02-18 08:01:24.656 10097  2899  2899 W FrameTracker: Missing HWUI jank callback for vsyncId: 29061, CUJ=J<LOCKSCREEN_UNLOCK_ANIMATION::DismissPanel>
02-18 08:01:24.684  1041  5510  5510 I cs35l41 spi7.0: main amp event 2
02-18 08:01:24.686  1041  5510  5510 I cs35l41 spi7.1: cs35l41_hibernate event 0x1 hibernate state 0
02-18 08:01:24.686  1041  5510  5510 I cs35l41 spi7.1: cs35l41_exit_hibernate: hibernate state 0
02-18 08:01:24.686  1041  5510  5510 I cs35l41 spi7.1: cs35l41_dsp_load_ev: event: 2 halo_booted: 1
02-18 08:01:24.688  1041  5510  5510 I cs35l41 spi7.1: main amp event 2
02-18 08:01:24.657  1041   901  5510 D audio_hw_aoc_route: speaker 1
02-18 08:01:24.657  1041   901  5510 D audio_route: Apply path: hostless-ulC spk-vi
02-18 08:01:24.658  1041   901  5510 W audio_hw_35l41: cs35l41_amp_common_event: ret: 0, event: 2, state: 3, device: 4
02-18 08:01:24.689  1041  5510  5510 I alsa    : aoc_path_put: set ep 8 hw_id 0x7 enable 1 chip 000000006953a1ad
02-18 08:01:24.690  1041  5510  5510 I alsa    : be_prepare: dai TDM_0_TX id 0xc0000007
02-18 08:01:24.658  1041   901  5510 D audio_hw_soundtrigger: st_comm_aud_event_monitor:codec dev:4 active
02-18 08:01:24.690  root   249   249 I panel-samsung-s6e3fc3-p10 1c2c0000.drmdsim.0: req: 213, br: 213
02-18 08:01:24.659  1041   901  5510 I audio_hw_aoc: Mode Ambient is already selected
02-18 08:01:24.659  1041   901  5510 D audio_route: Apply path: low-latency-playbackP
02-18 08:01:24.659  1041   901  1632 D audio_hw_battery_adaptive_audio_control: ProcessPlaybackTunerControl: update playback tuner 1
02-18 08:01:24.659  1000  1467  1909 I input_focus: [Focus leaving 976299e NotificationShade (server),reason=setFocusedWindow]
02-18 08:01:24.659  1000  1467  1909 I input_focus: [Focus entering b584110 com.android.launcher3/com.android.launcher3.uioverrides.QuickstepLauncher (server),reason=setFocusedWindow]
02-18 08:01:24.691  1041  5510  5510 I alsa    : aoc_path_put: set ep 1 hw_id 0x6 enable 1 chip 000000006953a1ad
02-18 08:01:24.691  1041  5510  5510 I alsa    : bind: src:1 - sink:0!
02-18 08:01:24.691  1041  5510  5510 W aoc_audio_control: 69 callbacks suppressed
02-18 08:01:24.691  1041  5510  5510 I alsa    : alsa-aoc cmd [output] id 0x010f, size 11, cntr 80
02-18 08:01:24.694  1041  5510  5510 I alsa    : audio_playback1 supports interrupt-driven
02-18 08:01:24.659  1041   901  1632 D audio_hw_waves_cust_action_battery: UpdateThrottleState: 2->1 T
02-18 08:01:24.659  1041   901  1632 D audio_hw_waves_cust_action_battery: UpdateThrottleState: update tuning!
02-18 08:01:24.660  1041   901  5510 D audio_hw_aoc_route: low-latency-playbackP 1
02-18 08:01:24.660  1041   901  5510 D audio_route: Apply path: speaker-post
02-18 08:01:24.660  1041   901  1634 D audio_hw_35l41: control name = [DSP1 Protection cd RTLOG_VARIABLE]
02-18 08:01:24.660  1041   901  1634 D audio_hw_35l41: control name = [R DSP1 Protection cd RTLOG_VARIABLE]
02-18 08:01:24.660  1041   901  1634 D audio_hw_35l41: control name = [DSP1 Protection cd RTLOG_ENABLE]
02-18 08:01:24.660  1041   901  1634 D audio_hw_35l41: control name = [R DSP1 Protection cd RTLOG_ENABLE]
02-18 08:01:24.660  1041   901  1634 D audio_hw_35l41: control name = [DSP1 Protection cd RTLOG_COUNT]
02-18 08:01:24.660  1041   901  1634 D audio_hw_35l41: control name = [R DSP1 Protection cd RTLOG_COUNT]
02-18 08:01:24.660  root  1196  1196 D AOC     : F1:MSG: controller.cc, 275: AudioOutCtrl: cmd ID: 0x010f, tag: 0x4f [cntr = 67]
02-18 08:01:24.661  1000  1467  4449 I ImeTracker: com.android.launcher3:d652bc7f: onRequestHide at ORIGIN_SERVER reason HIDE_UNSPECIFIED_WINDOW fromUser false
02-18 08:01:24.661  1041   901  1634 D audio_hw_35l41: control name = [DSP1 Protection cd RTLOG_STATE]
02-18 08:01:24.661  1041   901  1634 D audio_hw_35l41: control name = [R DSP1 Protection cd RTLOG_STATE]
02-18 08:01:24.661  root  1196  1196 D AOC     : F1:Source 1 mastered by sink 0
02-18 08:01:24.661  1041   901  1634 D audio_hw_35l41: control name = [DSP1 Protection cd RTLOG_DATA]
02-18 08:01:24.661  root  1196  1196 D AOC     : F1:AT Map:2 (LL:0), 1 EPs active, Power: Yes, Config: No
02-18 08:01:24.661  1041   901  1634 D audio_hw_35l41: control name = [R DSP1 Protection cd RTLOG_DATA]
02-18 08:01:24.661  root  1196  1196 D AOC     : F1:Mixer 0 configuration changed: (2)
02-18 08:01:24.661  1041   901  1634 D audio_hw_35l41: control name = [DSP1 Protection cd BDLOG_MAX_TEMP]
02-18 08:01:24.661  root  1196  1196 D AOC     : F1:Sink 0 Configuration changed: ULL (enabled)
02-18 08:01:24.661  root  1196  1196 D AOC     : F1:AHWSinkSPKR started: 48 samples (32-bit,2 ch,48 kHz) block 384 ts_en 0
02-18 08:01:24.661  1041   901  1634 D audio_hw_35l41: control name = [R DSP1 Protection cd BDLOG_MAX_TEMP]
02-18 08:01:24.661  root  1196  1196 D AOC     : F1:[AHWSinkSPKR] DL resync B: 0, A:0. wo: 0, target offset: 3264 (align 0) -> ro:0
02-18 08:01:24.661  1000  1467  4449 I ImeTracker: com.android.launcher3:d652bc7f: onCancelled at PHASE_SERVER_SHOULD_HIDE
02-18 08:01:24.661  root  1196  1196 D AOC     : F1:ERR: mix_creator.cc, 136: Source CHP is not registered with AHWSinkSPKR
02-18 08:01:24.661  1041   901  1634 D audio_hw_35l41: control name = [DSP1 Protection cd BDLOG_MAX_EXC]
02-18 08:01:24.661  root  1196  1196 D AOC     : F1:Speaker TDM Started with Clk: 6144 KHz, FS: 48 KHz, Slots: 4 (4 ch used) DMA:1+2
02-18 08:01:24.661  1041   901  1634 D audio_hw_35l41: control name = [R DSP1 Protection cd BDLOG_MAX_EXC]
02-18 08:01:24.661  root  1196  1196 D AOC     : F1:MSG: controller.cc, 899: AudioOutCtrl: ipc: audio_output_co, cmd ID: 0x010f, tag: 0x4f, rc: 0
02-18 08:01:24.661  root  1196  1196 D AOC     : F1:[AHWSinkSPKR] mix overrun by 3840
02-18 08:01:24.661  1041   901  1634 D audio_hw_35l41: control name = [DSP1 Protection cd BDLOG_OVER_TEMP_COUNT]
02-18 08:01:24.661  root  1196  1196 D AOC     : H0:Mixer AMixSPKR: 480 samples (0002/0002) (ON SC)
02-18 08:01:24.661  1041   901  1634 D audio_hw_35l41: control name = [R DSP1 Protection cd BDLOG_OVER_TEMP_COUNT]
02-18 08:01:24.661  root  1196  1196 D AOC     : H0:	 1: 0x4e41a8
