02-18 08:01:24.661  root  1196  1196 D AOC     : H0:AMixSPKR PostProcessing Config: WAVES
02-18 08:01:24.661  1041   901  1634 D audio_hw_35l41: control name = [DSP1 Protection cd BDLOG_OVER_EXC_COUNT]
02-18 08:01:24.661  root  1196  1196 D AOC     : H0:Mixer configuration updated
02-18 08:01:24.661  root  1196  1196 D AOC     : H0:[Idle Tracker] long no idle:[0] average between idle:[0.714430ms] max no idle:[21.866579ms]
02-18 08:01:24.661  1041   901  1634 D audio_hw_35l41: control name = [R DSP1 Protection cd BDLOG_OVER_EXC_COUNT]
02-18 08:01:24.661  root  1196  1196 D AOC     : H0:Mixer state changed
02-18 08:01:24.661  1041   901  1634 D audio_hw_35l41: control name = [DSP1 Protection cd BDLOG_ABNORMAL_MUTE]
02-18 08:01:24.661  1041   901  1634 D audio_hw_35l41: control name = [R DSP1 Protection cd BDLOG_ABNORMAL_MUTE]
02-18 08:01:24.661  1041   901  1634 D audio_hw_35l41: control name = [DSP1 Protection 400a4 HALO_HEARTBEAT]
02-18 08:01:24.661  1041   901  1634 D audio_hw_35l41: control name = [R DSP1 Protection 400a4 HALO_HEARTBEAT]
02-18 08:01:24.661  1041   901  1634 D audio_hw_35l41: control name = [DSP1 Protection cd CSPL_STATE]
02-18 08:01:24.662  1041   901  1634 D audio_hw_35l41: control name = [R DSP1 Protection cd CSPL_STATE]
02-18 08:01:24.662  1041   901  1634 D audio_hw_35l41: control name = [DSP1 Protection cd CSPL_ERRORNO]
02-18 08:01:24.662  1041   901  1634 D audio_hw_35l41: control name = [R DSP1 Protection cd CSPL_ERRORNO]
02-18 08:01:24.662  1041   901  1634 D audio_hw_35l41: control name = [DSP1 Protection cd CSPL_COMMAND]
02-18 08:01:24.662  1041   901  1634 D audio_hw_35l41: control name = [R DSP1 Protection cd CSPL_COMMAND]
02-18 08:01:24.662  1041   901  5510 D audio_hw_aoc_route: speaker-post 1
02-18 08:01:24.663  1041   901  5510 D audio_hw_waves: waves_usecase_event: low-latency-playback start
02-18 08:01:24.663  1041   901  5510 D audio_hw_waves: waves_usecase_event: trigger to update tuning when first track is running.
02-18 08:01:24.663  1041   901  5510 D audio_hw_waves: update_sink_info_from_usecases: sink 1 VOL/Stream update 0.000000(4294967295) -> 0.040626(1)
02-18 08:01:24.663  1041   901  5510 D audio_hw_waves: send_waves_tuning: instance_id = 1, tuning_id = 2
02-18 08:01:24.663  1041   901  5510 D audio_hw_aoc: aoc_send_rtc_mixer_tuning: block_id = 16, comp_id = 2
02-18 08:01:24.664  root  1196  1196 D AOC     : F1:MSG: controller.cc, 275: AudioOutCtrl: cmd ID: 0x00ce, tag: 0x50 [cntr = 68]
02-18 08:01:24.664  root  1196  1196 D AOC     : F1:MSG: controller_audio_output.cc, 1788: audio_playback1 set default threshold 11520
02-18 08:01:24.664  root  1196  1196 D AOC     : F1:MSG: controller.cc, 899: AudioOutCtrl: ipc: audio_output_co, cmd ID: 0x012b, tag: 0x04, rc: 0
02-18 08:01:24.664  root  1196  1196 D AOC     : F1:MSG: controller.cc, 275: AudioOutCtrl: cmd ID: 0x00d5, tag: 0x01 [cntr = 69]
02-18 08:01:24.664  root  1196  1196 D AOC     : H0:MSG: controller.cc, 899: AudOutCtrlH0: ipc: C-AO-H0, cmd ID: 0x00d5, tag: 0x0f, rc: 0
02-18 08:01:24.664  root  1196  1196 D AOC     : F1:MSG: controller.cc, 899: AudioOutCtrl: ipc: audio_output_tu, cmd ID: 0x00d5, tag: 0x0f, rc: 0
02-18 08:01:24.665  1041   901  5510 D audio_hw_waves: send_waves_tuning: instance_id = 1, tuning_id = 2
02-18 08:01:24.665  1041   901  5510 D audio_hw_aoc: aoc_send_rtc_mixer_tuning: block_id = 16, comp_id = 2
02-18 08:01:24.665  root  1196  1196 D AOC     : F1:MSG: controller.cc, 275: AudioOutCtrl: cmd ID: 0x00d5, tag: 0x02 [cntr = 70]
02-18 08:01:24.666  root  1196  1196 D AOC     : H0:MSG: controller.cc, 899: AudOutCtrlH0: ipc: C-AO-H0, cmd ID: 0x00d5, tag: 0x10, rc: 0
02-18 08:01:24.667  root  1196  1196 D AOC     : F1:MSG: controller.cc, 899: AudioOutCtrl: ipc: audio_output_tu, cmd ID: 0x00d5, tag: 0x10, rc: 0
02-18 08:01:24.667  root  1196  1196 D AOC     : F1:MSG: controller.cc, 275: AudioOutCtrl: cmd ID: 0x00c9, tag: 0x51 [cntr = 71]
02-18 08:01:24.695  1041  5510  5510 I alsa    : be_prepare: dai TDM_0_RX id 0x80000006
02-18 08:01:24.667  root  1196  1196 D AOC     : F1:MSG: controller.cc, 899: AudioOutCtrl: ipc: audio_output_co, cmd ID: 0x00c9, tag: 0x51, rc: 0
02-18 08:01:24.695  1041  5510  5510 I alsa    : alsa-aoc cmd [output] id 0x00ce, size 28, cntr 81
02-18 08:01:24.699  1041  5510  5510 I alsa    : alsa-aoc cmd [output] id 0x00c9, size 10, cntr 82
02-18 08:01:24.670  1000   570  5178 I hwc-display: path=drm, id=0, level=222, nits=55.116520, brightness=0.053330, DimmingOn=1, Hbm=0, LhbmOn=0, OpRate=0
02-18 08:01:24.703  root   249   249 I panel-samsung-s6e3fc3-p10 1c2c0000.drmdsim.0: req: 222, br: 222
02-18 08:01:24.681  1000   570  5178 I hwc-display: path=drm, id=0, level=235, nits=58.388805, brightness=0.056615, DimmingOn=1, Hbm=0, LhbmOn=0, OpRate=0
02-18 08:01:24.714  root   249   249 I panel-samsung-s6e3fc3-p10 1c2c0000.drmdsim.0: req: 235, br: 235
02-18 08:01:24.686 10097  2899  2899 I KeyguardTransitionRepository: FINISHED transition: TransitionStep(from=LOCKSCREEN, to=GONE, value=1.0, transitionState=FINISHED, ownerName=FromLockscreenTransitionInteractor)
02-18 08:01:24.686 10097  2899  2958 D ResourceTrimmer: Sending TRIM_MEMORY_UI_HIDDEN.
02-18 08:01:24.692  1000   570  5178 I hwc-display: path=drm, id=0, level=244, nits=60.552513, brightness=0.058788, DimmingOn=1, Hbm=0, LhbmOn=0, OpRate=0
02-18 08:01:24.725  root   249   249 I panel-samsung-s6e3fc3-p10 1c2c0000.drmdsim.0: req: 244, br: 244
02-18 08:01:24.703  1000   570  5178 I hwc-display: path=drm, id=0, level=253, nits=62.757183, brightness=0.061001, DimmingOn=1, Hbm=0, LhbmOn=0, OpRate=0
02-18 08:01:24.736  root   249   249 I panel-samsung-s6e3fc3-p10 1c2c0000.drmdsim.0: req: 253, br: 253
02-18 08:01:24.715  1000   570  5178 I hwc-display: path=drm, id=0, level=262, nits=65.003052, brightness=0.063256, DimmingOn=1, Hbm=0, LhbmOn=0, OpRate=0
02-18 08:01:24.748  root   249   249 I panel-samsung-s6e3fc3-p10 1c2c0000.drmdsim.0: req: 262, br: 262
02-18 08:01:24.725  1000   570  5178 I hwc-display: path=drm, id=0, level=272, nits=67.290970, brightness=0.065553, DimmingOn=1, Hbm=0, LhbmOn=0, OpRate=0
02-18 08:01:24.758  root   249   249 I panel-samsung-s6e3fc3-p10 1c2c0000.drmdsim.0: req: 272, br: 272
02-18 08:01:24.736  1000   570  5178 I hwc-display: path=drm, id=0, level=281, nits=69.618607, brightness=0.067890, DimmingOn=1, Hbm=0, LhbmOn=0, OpRate=0
02-18 08:01:24.769  root   249   249 I panel-samsung-s6e3fc3-p10 1c2c0000.drmdsim.0: req: 281, br: 281
02-18 08:01:24.747  1000   570  5178 I hwc-display: path=drm, id=0, level=291, nits=71.986252, brightness=0.070267, DimmingOn=1, Hbm=0, LhbmOn=0, OpRate=0
02-18 08:01:24.780  root   249   249 I panel-samsung-s6e3fc3-p10 1c2c0000.drmdsim.0: req: 291, br: 291
02-18 08:01:24.756  1000  1467  4446 V WindowManager: Loading animations: layout params pkg=com.android.systemui resId=0x0
02-18 08:01:24.758 10097  2899  2899 I viewroot_draw_event: [VRI[NotificationShade],Not drawing due to not visible]
02-18 08:01:24.759  1000   570  5177 I hwc-display: path=drm, id=0, level=301, nits=74.394005, brightness=0.072685, DimmingOn=1, Hbm=0, LhbmOn=0, OpRate=0
02-18 08:01:24.760 10097  2899  2948 D ControlsListingControllerImpl: Unsubscribing callback
02-18 08:01:24.792  root   249   249 I panel-samsung-s6e3fc3-p10 1c2c0000.drmdsim.0: req: 301, br: 301
02-18 08:01:24.763 10097  2899  2948 D ControlsListingControllerImpl: Unsubscribing callback
02-18 08:01:24.764  root  1196  1196 D AOC     : A3:MSG: tmd3719_device.cc, 4582: USF: TMD3719: dbv:301 leakage:0.000000 refresh_rate:90 status:1 op_hz:120 [1]
02-18 08:01:24.767 10097  2899  2948 D ControlsListingControllerImpl: Unsubscribing callback
02-18 08:01:24.769  1000   570  5178 I hwc-display: path=drm, id=0, level=311, nits=76.844025, brightness=0.075145, DimmingOn=1, Hbm=0, LhbmOn=0, OpRate=0
02-18 08:01:24.800  root  1014  1014 I s3c2410-wdt 10070000.watchdog_cl1: Watchdog cluster 1 keepalive!, old_wtcnt = 7751, wtcnt = cc8c
02-18 08:01:24.802  root   249   249 I panel-samsung-s6e3fc3-p10 1c2c0000.drmdsim.0: req: 311, br: 311
02-18 08:01:24.772  artd  5505  5505 I dex2oat64: Using CollectorTypeCMC GC.
02-18 08:01:24.781  1000   570  5178 I hwc-display: path=drm, id=0, level=321, nits=79.335747, brightness=0.077646, DimmingOn=1, Hbm=0, LhbmOn=0, OpRate=0
02-18 08:01:24.814  root   249   249 I panel-samsung-s6e3fc3-p10 1c2c0000.drmdsim.0: req: 321, br: 321
02-18 08:01:24.789   nfc  3605  3605 I NfcDispatcher: no match
02-18 08:01:24.792  1000   570  5178 I hwc-display: path=drm, id=0, level=332, nits=81.868866, brightness=0.080190, DimmingOn=1, Hbm=0, LhbmOn=0, OpRate=0
02-18 08:01:24.824  root   249   249 I panel-samsung-s6e3fc3-p10 1c2c0000.drmdsim.0: req: 332, br: 332
02-18 08:01:24.803  1000   570  5178 I hwc-display: path=drm, id=0, level=342, nits=84.440002, brightness=0.082771, DimmingOn=1, Hbm=0, LhbmOn=0, OpRate=0
02-18 08:01:24.836  root   249   249 I panel-samsung-s6e3fc3-p10 1c2c0000.drmdsim.0: req: 342, br: 342
02-18 08:01:24.814  1000   570  5178 I hwc-display: path=drm, id=0, level=353, nits=87.075539, brightness=0.085417, DimmingOn=1, Hbm=0, LhbmOn=0, OpRate=0
02-18 08:01:24.847  root   249   249 I panel-samsung-s6e3fc3-p10 1c2c0000.drmdsim.0: req: 353, br: 353
02-18 08:01:24.825  1000   570  5178 I hwc-display: path=drm, id=0, level=364, nits=89.835213, brightness=0.088188, DimmingOn=1, Hbm=0, LhbmOn=0, OpRate=0
02-18 08:01:24.859  root   249   249 I panel-samsung-s6e3fc3-p10 1c2c0000.drmdsim.0: req: 364, br: 364
02-18 08:01:24.837  1000   570  5178 I hwc-display: path=drm, id=0, level=376, nits=92.711479, brightness=0.091076, DimmingOn=1, Hbm=0, LhbmOn=0, OpRate=0
02-18 08:01:24.870  root   249   249 I panel-samsung-s6e3fc3-p10 1c2c0000.drmdsim.0: req: 376, br: 376
02-18 08:01:24.847  1000   570  5178 I hwc-display: path=drm, id=0, level=388, nits=95.716293, brightness=0.094093, DimmingOn=1, Hbm=0, LhbmOn=0, OpRate=0
02-18 08:01:24.880  root   249   249 I panel-samsung-s6e3fc3-p10 1c2c0000.drmdsim.0: req: 388, br: 388
02-18 08:01:24.859  1000   570  5178 I hwc-display: path=drm, id=0, level=401, nits=98.857986, brightness=0.097247, DimmingOn=1, Hbm=0, LhbmOn=0, OpRate=0
02-18 08:01:24.892  root   249   249 I panel-samsung-s6e3fc3-p10 1c2c0000.drmdsim.0: req: 401, br: 401
02-18 08:01:24.863  root  1196  1196 D AOC     : A3:MSG: tmd3719_device.cc, 4582: USF: TMD3719: dbv:401 leakage:0.000000 refresh_rate:90 status:1 op_hz:120 [1]
02-18 08:01:24.869  1000   570  5178 I hwc-display: path=drm, id=0, level=415, nits=102.138657, brightness=0.100541, DimmingOn=1, Hbm=0, LhbmOn=0, OpRate=0
02-18 08:01:24.903  root   249   249 I panel-samsung-s6e3fc3-p10 1c2c0000.drmdsim.0: req: 415, br: 415
02-18 08:01:24.880  1000   570  5178 I hwc-display: path=drm, id=0, level=429, nits=105.568954, brightness=0.103985, DimmingOn=1, Hbm=0, LhbmOn=0, OpRate=0
02-18 08:01:24.913  root   249   249 I panel-samsung-s6e3fc3-p10 1c2c0000.drmdsim.0: req: 429, br: 429
02-18 08:01:24.891  1000   570  5178 I hwc-display: path=drm, id=0, level=444, nits=109.151764, brightness=0.107582, DimmingOn=1, Hbm=0, LhbmOn=0, OpRate=0
02-18 08:01:24.924  root   249   249 I panel-samsung-s6e3fc3-p10 1c2c0000.drmdsim.0: req: 444, br: 444
02-18 08:01:24.903  1000   570  5178 I hwc-display: path=drm, id=0, level=459, nits=112.894341, brightness=0.111340, DimmingOn=1, Hbm=0, LhbmOn=0, OpRate=0
02-18 08:01:24.936  root   249   249 I panel-samsung-s6e3fc3-p10 1c2c0000.drmdsim.0: req: 459, br: 459
02-18 08:01:24.914  1000   570  5178 I hwc-display: path=drm, id=0, level=475, nits=116.804573, brightness=0.115266, DimmingOn=1, Hbm=0, LhbmOn=0, OpRate=0
02-18 08:01:24.947  root   249   249 I panel-samsung-s6e3fc3-p10 1c2c0000.drmdsim.0: req: 475, br: 475
02-18 08:01:24.925  1000   570  5178 I hwc-display: path=drm, id=0, level=492, nits=120.890381, brightness=0.119368, DimmingOn=1, Hbm=0, LhbmOn=0, OpRate=0
02-18 08:01:24.958  root   249   249 I panel-samsung-s6e3fc3-p10 1c2c0000.drmdsim.0: req: 492, br: 492
02-18 08:01:24.936  1000   570  5178 I hwc-display: path=drm, id=0, level=509, nits=125.159157, brightness=0.123654, DimmingOn=1, Hbm=0, LhbmOn=0, OpRate=0
02-18 08:01:24.969  root   249   249 I panel-samsung-s6e3fc3-p10 1c2c0000.drmdsim.0: req: 509, br: 509
02-18 08:01:24.947  1000   570  5178 I hwc-display: path=drm, id=0, level=528, nits=129.619202, brightness=0.128132, DimmingOn=1, Hbm=0, LhbmOn=0, OpRate=0
02-18 08:01:24.980  root   249   249 I panel-samsung-s6e3fc3-p10 1c2c0000.drmdsim.0: req: 528, br: 528
02-18 08:01:24.954  1041  1007  1790 D audioserver: logFgsApiEnd: FGS Logger Transaction failed, -129
02-18 08:01:24.954  1041   901  3496 W amcs_ext_file: update_third_party_effect_amcs_data:fail to send ioctl amcs, ret -1
02-18 08:01:24.955  1041   901  3496 W audio_hw: fail on interact with audio_amcs_ext.so -1
02-18 08:01:24.955  1041   901  3496 D audio_hw_waves: update_sink_info_from_usecases: update amcs, instance id 1, volume 290 0 0 0 0 0 0 0 0 0
02-18 08:01:24.955  1041   901  3496 D audio_hw_output_stream: update stream 1 active 0 gain 0.000000
02-18 08:01:24.987  1041  3496  3496 W         : amcs amcs: amcs_cdev_unlocked_ioctl, unsupported op = 22
02-18 08:01:24.957  artd  5505  5505 W dex2oat64: Verification error in int android.os.nano.IncidentProto.computeSerializedSize()
02-18 08:01:24.957  artd  5505  5505 W dex2oat64: int android.os.nano.IncidentProto.computeSerializedSize() failed to verify: int android.os.nano.IncidentProto.computeSerializedSize(): [0x3CF] register v1 has type Precise Reference: com.android.server.connectivity.metrics.nano.IpConnectivityLogClass$IpConnectivityLog but expected Reference: com.google.protobuf.nano.MessageNano
02-18 08:01:24.957  artd  5505  5505 W dex2oat64: Accessing hidden method Lcom/android/server/connectivity/metrics/nano/IpConnectivityLogClass$IpConnectivityLog;-><init>()V (blocked, linking, denied)
02-18 08:01:24.957  artd  5505  5505 W dex2oat64: Verification error in android.os.nano.IncidentProto android.os.nano.IncidentProto.mergeFrom(com.google.protobuf.nano.CodedInputByteBufferNano)
02-18 08:01:24.957  artd  5505  5505 W dex2oat64: android.os.nano.IncidentProto android.os.nano.IncidentProto.mergeFrom(com.google.protobuf.nano.CodedInputByteBufferNano): [0xB7] couldn't find method com.android.server.connectivity.metrics.nano.IpConnectivityLogClass$IpConnectivityLog.<init> ()V
02-18 08:01:24.957  artd  5505  5505 W dex2oat64: android.os.nano.IncidentProto android.os.nano.IncidentProto.mergeFrom(com.google.protobuf.nano.CodedInputByteBufferNano) failed to verify: android.os.nano.IncidentProto android.os.nano.IncidentProto.mergeFrom(com.google.protobuf.nano.CodedInputByteBufferNano): [0xBE] register v1 has type Precise Reference: com.android.server.connectivity.metrics.nano.IpConnectivityLogClass$IpConnectivityLog but expected Reference: com.google.protobuf.nano.MessageNano
02-18 08:01:24.957  artd  5505  5505 W dex2oat64: Verification error in void android.os.nano.IncidentProto.writeTo(com.google.protobuf.nano.CodedOutputByteBufferNano)
02-18 08:01:24.957  artd  5505  5505 W dex2oat64: void android.os.nano.IncidentProto.writeTo(com.google.protobuf.nano.CodedOutputByteBufferNano) failed to verify: void android.os.nano.IncidentProto.writeTo(com.google.protobuf.nano.CodedOutputByteBufferNano): [0x2E2] register v0 has type Precise Reference: com.android.server.connectivity.metrics.nano.IpConnectivityLogClass$IpConnectivityLog but expected Reference: com.google.protobuf.nano.MessageNano
02-18 08:01:24.958  1000   570  5178 I hwc-display: path=drm, id=0, level=547, nits=134.279739, brightness=0.132811, DimmingOn=1, Hbm=0, LhbmOn=0, OpRate=0
02-18 08:01:24.991  root   249   249 I panel-samsung-s6e3fc3-p10 1c2c0000.drmdsim.0: req: 547, br: 547
02-18 08:01:24.969  1000   570  5178 I hwc-display: path=drm, id=0, level=567, nits=139.148361, brightness=0.137699, DimmingOn=1, Hbm=0, LhbmOn=0, OpRate=0
02-18 08:01:25.002  root   249   249 I panel-samsung-s6e3fc3-p10 1c2c0000.drmdsim.0: req: 567, br: 567
02-18 08:01:24.980  1000   570  5178 I hwc-display: path=drm, id=0, level=588, nits=144.238235, brightness=0.142809, DimmingOn=1, Hbm=0, LhbmOn=0, OpRate=0
02-18 08:01:25.013  root   249   249 I panel-samsung-s6e3fc3-p10 1c2c0000.drmdsim.0: req: 588, br: 588
02-18 08:01:24.992  1000   570  5178 I hwc-display: path=drm, id=0, level=609, nits=149.553375, brightness=0.148146, DimmingOn=1, Hbm=0, LhbmOn=0, OpRate=0
02-18 08:01:25.025  root   249   249 I panel-samsung-s6e3fc3-p10 1c2c0000.drmdsim.0: req: 609, br: 609
02-18 08:01:25.003  1000   570  5178 I hwc-display: path=drm, id=0, level=632, nits=155.106827, brightness=0.153722, DimmingOn=1, Hbm=0, LhbmOn=0, OpRate=0
02-18 08:01:25.035  root   249   249 I panel-samsung-s6e3fc3-p10 1c2c0000.drmdsim.0: req: 632, br: 632
02-18 08:01:25.014  1000   570  5178 I hwc-display: path=drm, id=0, level=656, nits=160.910706, brightness=0.159549, DimmingOn=1, Hbm=0, LhbmOn=0, OpRate=0
02-18 08:01:25.047  root   249   249 I panel-samsung-s6e3fc3-p10 1c2c0000.drmdsim.0: req: 656, br: 656
02-18 08:01:25.025  1000   570  5178 I hwc-display: path=drm, id=0, level=681, nits=166.969986, brightness=0.165633, DimmingOn=1, Hbm=0, LhbmOn=0, OpRate=0
02-18 08:01:25.058  root   249   249 I panel-samsung-s6e3fc3-p10 1c2c0000.drmdsim.0: req: 681, br: 681
02-18 08:01:25.037  1000   570  5178 I hwc-display: path=drm, id=0, level=707, nits=173.304398, brightness=0.171992, DimmingOn=1, Hbm=0, LhbmOn=0, OpRate=0
02-18 08:01:25.070  root   249   249 I panel-samsung-s6e3fc3-p10 1c2c0000.drmdsim.0: req: 707, br: 707
02-18 08:01:25.047  1000   570  5178 I hwc-display: path=drm, id=0, level=716, nits=175.599991, brightness=0.174297, DimmingOn=1, Hbm=0, LhbmOn=0, OpRate=0
02-18 08:01:25.080  1000  5178  5178 I panel-samsung-s6e3fc3-p10 1c2c0000.drmdsim.0: req: 716, br: 716
02-18 08:01:25.051  1000   570  5178 I hwc-display: path=sysfs, id=0, level=716, nits=175.599991, brightness=0.174297, DimmingOn=1, Hbm=0, LhbmOn=0, OpRate=0
02-18 08:01:25.094  artd  5505  5505 I dex2oat64: dex2oat took 480.855ms (830.642ms cpu) (threads: 8) arena alloc=0B (0B) java alloc=5895KB (6037424B) native alloc=2655KB (2719728B) free=1313KB (1344880B)
02-18 08:01:25.114  artd  1937  2667 I artd    : dex2oat returned code 0
02-18 08:01:25.121  1000  1467  1776 I ArtService: Dexopt result: [packageName = android.display.cts] DexContainerFileDexoptResult{dexContainerFile=/data/app/~~F7C15M4jqiu1z0IpeCvKuQ==/android.display.cts-hedT1MSYo6ADGEsOLohdxA==/base.apk, primaryAbi=true, abi=arm64-v8a, actualCompilerFilter=verify, status=PERFORMED, dex2oatWallTimeMillis=560, dex2oatCpuTimeMillis=880, sizeBytes=11984324, sizeBeforeBytes=0, extendedStatusFlags=[]}
02-18 08:01:25.123  1000  1467  1776 V BackupManagerService: [UserID:0] restoreAtInstall pkg=android.display.cts token=6 restoreSet=0
02-18 08:01:25.123  1000  1467  1776 V BackupManagerService: [UserID:0] Finishing install immediately
02-18 08:01:25.126  1000  1467  1776 I AppsFilter: interaction: PackageSetting{51b6caf com.android.microdroid.empty_payload/10103} -> PackageSetting{c8f7206 android.display.cts/10129} BLOCKED
02-18 08:01:25.130  1000  1467  1776 W MagnificationConnectionManager: requestConnection duplicated request: connect=false, mConnectionState=DISCONNECTED
02-18 08:01:25.131  1000  1467  1776 I unknown_sources_enabled: 1
02-18 08:01:25.134  1000  1467  1776 D PackageInstallerSession: Marking session 2122490935 as applied
02-18 08:01:25.139 10090  3178  3225 D SessionCommitReceiver: Removing PromiseIcon for package: android.display.cts, install reason: 0, alreadyAddedPromiseIcon: false
02-18 08:01:25.140  1000  1467  1864 I commit_sys_config_file: [package-session,1]
02-18 08:01:25.140  1000  1467  1776 D CompatibilityChangeReporter: Compat change id reported: 168419799; UID 10129; state: DISABLED
02-18 08:01:25.140  1000  1467  1776 D CompatibilityChangeReporter: Compat change id reported: 273564678; UID 10129; state: DISABLED
02-18 08:01:25.140  1000  1467  1578 E AtomicFile: Failed to rename /data/system/install_sessions.xml.new to /data/system/install_sessions.xml
02-18 08:01:25.141  1000  1467  1578 I commit_sys_config_file: [package-session,1]
02-18 08:01:25.145  1000  1467  1600 W VoiceInteractionManager: no available voice recognition services found for user 0
02-18 08:01:25.147  1000  1467  1600 W MagnificationConnectionManager: requestConnection duplicated request: connect=false, mConnectionState=DISCONNECTED
02-18 08:01:25.148  1000  1467  2878 I SdkSandboxManager: No SDKs used. Skipping SDK data reconcilation for CallingInfo{mUid=10129, mPackageName='android.display.cts, mAppProcessToken='null'}
02-18 08:01:25.148  1000  1467  1467 I notification_cancel_all: [1000,1467,android.display.cts,0,0,0,5,NULL]
02-18 08:01:25.148  1000  1467  1600 W PackageManager: Failed registering loading progress callback. Package is fully loaded.
02-18 08:01:25.149 10090  3178  3225 D PackageUpdatedTask: mAllAppsList.addPackage android.display.cts
02-18 08:01:25.154 radio  3113  3113 D CarrierSvcBindHelper: onPackageAdded: android.display.cts
02-18 08:01:25.154 radio  3113  3291 D EuiccConnector: handleMessage: E msg.what=1
02-18 08:01:25.154 radio  3113  3291 D EuiccConnector: processMsg: UnavailableState
02-18 08:01:25.154  1000  1467  1867 I commit_sys_config_file: [overlays,10]
02-18 08:01:25.155 radio  3113  3291 W EuiccConnector: No valid EuiccService implementation found
02-18 08:01:25.155 radio  3113  3291 D EuiccConnector: handleMessage: X
02-18 08:01:25.156  1000  1467  1910 I InputReader: Reconfiguring input devices, changes=KEYBOARD_LAYOUTS
02-18 08:01:25.158 radio  3113  3113 D CarrierSvcBindHelper: No carrier app for: 0
02-18 08:01:25.159 radio  3113  3113 D CarrierSvcBindHelper: No carrier app for: 1
02-18 08:01:25.161  1000  1467  1467 D TransparencyService: Not an update. Skipping...
02-18 08:01:25.163  1000  1467  1601 W ProcessStats: Tracking association SourceState{c6ad57f system/1000 ImpFg #804} whose proc state 5 is better than process ProcessState{ebb0f8d com.android.permissioncontroller/10120 pkg=com.android.permissioncontroller} proc state 14 (254 skipped)
02-18 08:01:25.166  1000  1467  1601 D ActivityManager: sync unfroze 4329 com.android.packageinstaller for 3
02-18 08:01:25.167  1000  1467  1896 I am_unfreeze: [4329,com.android.packageinstaller,3]
02-18 08:01:25.170  1000  1467  1467 V BackupManagerConstants: getFullBackupIntervalMilliseconds(...) returns 86400000
02-18 08:01:25.171  1000  1467  1467 V BackupManagerConstants: getFullBackupRequiredNetworkType(...) returns 2
02-18 08:01:25.171  1000  1467  1467 V BackupManagerConstants: getFullBackupRequireCharging(...) returns true
02-18 08:01:25.173  1000  1467  1898 I RoleService: Granting default roles...
02-18 08:01:25.177 10120  2917  2917 I SafetyLabelChangedBroadcastReceiver: received broadcast packageName: android.display.cts, current user: UserHandle{0}, packageChangeEvent: NEW_INSTALL, intent user: UserHandle{0}
02-18 08:01:25.179 10120  2917  2934 I PermissionControllerServiceImpl: Updating user sensitive for uid 10129
02-18 08:01:25.180  1000  1467  1467 I AppsFilter: interaction: PackageSetting{a65c34e com.android.microdroid.empty_payload/10103} -> PackageSetting{b2a1c6f android.display.cts/10129} BLOCKED
02-18 08:01:25.183  1000  1467  1600 W VoiceInteractionManager: no available voice recognition services found for user 0
02-18 08:01:25.187  1000  1467  1600 W MagnificationConnectionManager: requestConnection duplicated request: connect=false, mConnectionState=DISCONNECTED
02-18 08:01:25.187 10090  3178  3225 D PackageUpdatedTask: mAllAppsList.updatePackage android.display.cts
02-18 08:01:25.188 radio  3113  3291 D EuiccConnector: handleMessage: E msg.what=1
02-18 08:01:25.188 radio  3113  3291 D EuiccConnector: processMsg: UnavailableState
02-18 08:01:25.188 radio  3113  3291 W EuiccConnector: No valid EuiccService implementation found
02-18 08:01:25.189 radio  3113  3291 D EuiccConnector: handleMessage: X
02-18 08:01:25.189 10120  2917  2934 I PermissionControllerServiceImpl: Updating user sensitive for uid 10129
02-18 08:01:25.204   nfc  3605  3605 I RegisteredComponentCache: New Components => 
02-18 08:01:25.204   nfc  3605  3605 I RegisteredComponentCache: ComponentInfo: ResolveInfo{8f9eabd com.android.apps.tag/.TagViewer m=0x108000 userHandle=UserHandle{0}}, techs: android.nfc.tech.Ndef, 
02-18 08:01:25.204   nfc  3605  3605 I RegisteredComponentCache: Removed Components => 
02-18 08:01:25.204   nfc  3605  3605 I RegisteredComponentCache: ComponentInfo: ResolveInfo{9fec6ec com.android.apps.tag/.TagViewer m=0x108000 userHandle=UserHandle{0}}, techs: android.nfc.tech.Ndef, 
02-18 08:01:25.221 radio  3113  3429 D ImsResolver: maybeAddedImsService, packageName: android.display.cts
02-18 08:01:25.221  1000  1467  1910 I InputReader: Reconfiguring input devices, changes=KEYBOARD_LAYOUTS
02-18 08:01:25.221   nfc  3605  3605 I RegisteredServicesCache: current user: 0, is managed profile : false
02-18 08:01:25.221   nfc  3605  3605 I RegisteredServicesCache: New Other Services => 
02-18 08:01:25.221   nfc  3605  3605 I RegisteredServicesCache: Removed Other Services => 
02-18 08:01:25.224 radio  3113  3113 E VvmPkgInstalledRcvr: cannot create TelephonyManager from ComponentInfo{com.android.phone/com.android.services.telephony.TelephonyConnectionService}, E, UserHandle{0}
02-18 08:01:25.224 radio  3113  3113 D CarrierSvcBindHelper: onPackageModified: android.display.cts
02-18 08:01:25.224 radio  3113  3113 D CarrierSvcBindHelper: No carrier app for: 0
02-18 08:01:25.225 radio  3113  3113 D CarrierSvcBindHelper: No carrier app for: 1
02-18 08:01:25.226   nfc  3605  3605 I RegisteredServicesCache: New Services => 
02-18 08:01:25.226   nfc  3605  3605 I RegisteredServicesCache: Removed Services => 
02-18 08:01:25.229   nfc  3605  3605 I RegisteredComponentCache: New Components => 
02-18 08:01:25.229   nfc  3605  3605 I RegisteredComponentCache: ComponentInfo: ResolveInfo{91cf76a com.android.apps.tag/.TagViewer m=0x108000 userHandle=UserHandle{0}}, techs: android.nfc.tech.Ndef, 
02-18 08:01:25.229   nfc  3605  3605 I RegisteredComponentCache: Removed Components => 
02-18 08:01:25.229   nfc  3605  3605 I RegisteredComponentCache: ComponentInfo: ResolveInfo{8f9eabd com.android.apps.tag/.TagViewer m=0x108000 userHandle=UserHandle{0}}, techs: android.nfc.tech.Ndef, 
02-18 08:01:25.233   nfc  3605  3605 I RegisteredServicesCache: current user: 0, is managed profile : false
02-18 08:01:25.233   nfc  3605  3605 I RegisteredServicesCache: New Other Services => 
02-18 08:01:25.233   nfc  3605  3605 I RegisteredServicesCache: Removed Other Services => 
02-18 08:01:25.236  1000  1467  2978 I commit_sys_config_file: [appops_accesses,6]
02-18 08:01:25.236  1000  1467  1523 I system_server: Background concurrent mark compact GC freed 12MB AllocSpace bytes, 90(2312KB) LOS objects, 75% free, 18MB/73MB, paused 2.144ms,2.490ms total 104.663ms
02-18 08:01:25.236   nfc  3605  3605 I RegisteredServicesCache: New Services => 
02-18 08:01:25.237   nfc  3605  3605 I RegisteredServicesCache: Removed Services => 
02-18 08:01:25.238  1068  3073  3091 D SecureElementService: getReaders() for com.android.nfc
02-18 08:01:25.239 radio  3113  3429 D ImsResolver: maybeAddedImsService, packageName: android.display.cts
02-18 08:01:25.240  1000  1467  1525 W system_server: ApkAssets: Deleting an ApkAssets object '<empty> and /system_ext/app/AccessibilityMenu/AccessibilityMenu.apk' with 1 weak references
02-18 08:01:25.240  1068  3073  3091 I SecureElement-AccessControlEnforcer: getAccessRule() appCert = 27196e386b875e76adf700e7ea84e4c6eee33dfa
02-18 08:01:25.240  1068  3073  3091 I SecureElement-AccessControlEnforcer: getAccessRule() appCert = c8a2e9bccf597c2fb6dc66bee293fc13f2fc47ec77bc6b2b0d52c11f51192ab8
02-18 08:01:25.240  1068  3073  3091 I SecureElement-AccessRuleCache: findAccessRule() not found
02-18 08:01:25.241  1068  3073  3091 I SecureElement-AccessControlEnforcer: getAccessRule() appCert = 27196e386b875e76adf700e7ea84e4c6eee33dfa
02-18 08:01:25.241  1068  3073  3091 I SecureElement-AccessControlEnforcer: getAccessRule() appCert = c8a2e9bccf597c2fb6dc66bee293fc13f2fc47ec77bc6b2b0d52c11f51192ab8
02-18 08:01:25.241  1068  3073  3091 I SecureElement-AccessRuleCache: findAccessRule() not found
02-18 08:01:25.242  1068  3073  3091 I SecureElement-Terminal-SIM2: isNfcEventAllowed: No access rules for checking.
02-18 08:01:25.243  1068  3073  3091 D SecureElementService: getReaders() for com.android.nfc
02-18 08:01:25.244  1068  3073  3091 I SecureElement-AccessControlEnforcer: getAccessRule() appCert = 27196e386b875e76adf700e7ea84e4c6eee33dfa
02-18 08:01:25.244  1068  3073  3091 I SecureElement-AccessControlEnforcer: getAccessRule() appCert = c8a2e9bccf597c2fb6dc66bee293fc13f2fc47ec77bc6b2b0d52c11f51192ab8
02-18 08:01:25.244  1068  3073  3091 I SecureElement-AccessRuleCache: findAccessRule() not found
02-18 08:01:25.245  1068  3073  3091 I SecureElement-AccessControlEnforcer: getAccessRule() appCert = 27196e386b875e76adf700e7ea84e4c6eee33dfa
02-18 08:01:25.245  1068  3073  3091 I SecureElement-AccessControlEnforcer: getAccessRule() appCert = c8a2e9bccf597c2fb6dc66bee293fc13f2fc47ec77bc6b2b0d52c11f51192ab8
02-18 08:01:25.245  1068  3073  3091 I SecureElement-AccessRuleCache: findAccessRule() not found
02-18 08:01:25.246  1068  3073  3091 I SecureElement-Terminal-SIM2: isNfcEventAllowed: No access rules for checking.
02-18 08:01:25.461  root     1     1 I init    : starting service 'securedpud.slider'...
02-18 08:01:25.467  root     1     1 I init    : ... started service 'securedpud.slider' has pid 5531
02-18 08:01:25.442  1000  5531  5531 I securedpud.slider: starting securedpud
02-18 08:01:25.442  1000  5531  5531 I securedpud.slider: trusty dev: /dev/trusty-ipc-dev0
02-18 08:01:25.442  1000  5531  5531 I DMABUFHEAPS: Using DMA-BUF heap named: tui-secure
02-18 08:01:25.443  1000  5531  5531 E libtrusty: tipc_connect: can't connect to tipc service "com.android.trusty.secure_dpu" (err=107)
02-18 08:01:25.443  1000  5531  5531 E securedpud.slider: Failed to connect to: /dev/trusty-ipc-dev0
02-18 08:01:25.471  root     1     1 I init    : starting service 'trusty_metricsd'...
02-18 08:01:25.479  root     1     1 I init    : ... started service 'trusty_metricsd' has pid 5534
02-18 08:01:25.479  root     1     1 I init    : Service 'securedpud.slider' (pid 5531) exited with status 1
02-18 08:01:25.479  root     1     1 I init    : Sending signal 9 to service 'securedpud.slider' (pid 5531) process group...
02-18 08:01:25.484  root     1     1 I libprocessgroup: Removed cgroup /sys/fs/cgroup/uid_1000/pid_5531
02-18 08:01:25.484  root     1     1 E init    : process with updatable components 'securedpud.slider' exited 4 times in 4 minutes
02-18 08:01:25.485  root     1     1 I init    : processing action (sys.init.updatable_crashing=1) from (/system/etc/init/flags_health_check.rc:10)
02-18 08:01:25.485  root     1     1 I init    : starting service 'exec 67 (/system/bin/flags_health_check UPDATABLE_CRASHING)'...
02-18 08:01:25.458  1000  5534  5534 I trusty_metricsd: starting trusty_metricsd
02-18 08:01:25.458  1000  5534  5534 I trusty_metricsd: trusty dev: /dev/trusty-ipc-dev0
02-18 08:01:25.488  root     1     1 I init    : ... started service 'exec 67 (/system/bin/flags_health_check UPDATABLE_CRASHING)' has pid 5536
02-18 08:01:25.488  root     1     1 I init    : SVC_EXEC service 'exec 67 (/system/bin/flags_health_check UPDATABLE_CRASHING)' pid 5536 (uid 1000 gid 1000+0 context default) started; waiting...
02-18 08:01:25.460  1000  5534  5534 E libtrusty: tipc_connect: can't connect to tipc service "com.android.frameworks.stats.trusty.metrics.istats_setter" (err=107)
02-18 08:01:25.461  1000  5534  5534 E RpcTrusty: Failed to connect to Trusty service. Error code: -107
02-18 08:01:25.461  1000  5534  5534 E RpcTrusty: Failed to set up Trusty client. Error: BAD_VALUE
02-18 08:01:25.461  1000  5534  5534 E trusty_metricsd: failed to connect TrustyMetricsPixel to Trusty: failed to connect to Trusty metrics TA: Transport endpoint is not connected
02-18 08:01:25.461  1000  5534  5534 W RefBase : RefBase: Explicit destruction, weak count = 0 (in 0xb400007b1fcd0658). Use sp<> to manage this object.
02-18 08:01:25.461  1000  5534  5534 W RefBase : CallStack::getCurrentInternal not linked, returning null
02-18 08:01:25.461  1000  5534  5534 W RefBase : CallStack::logStackInternal not linked
02-18 08:01:25.461  1000  5534  5534 E trusty_metricsd: failed to open Trusty metrics client
02-18 08:01:25.461  1000  5534  5534 E trusty_metricsd: trying to connect to Trusty metrics TA at old TIPC port
02-18 08:01:25.463  1000  5536  5536 I flags_health_check: ServerConfigurableFlagsReset reset_mode value: 1
02-18 08:01:25.464  1000  5536  5536 I flags_health_check: ServerConfigurableFlagsReset updatable crashing detected, resetting flags.
02-18 08:01:25.499  root     1     1 I init    : Service 'exec 67 (/system/bin/flags_health_check UPDATABLE_CRASHING)' (pid 5536) exited with status 0 waiting took 0.011000 seconds
02-18 08:01:25.499  root     1     1 I init    : Sending signal 9 to service 'exec 67 (/system/bin/flags_health_check UPDATABLE_CRASHING)' (pid 5536) process group...
02-18 08:01:25.499  root     1     1 I libprocessgroup: Removed cgroup /sys/fs/cgroup/uid_1000/pid_5536
02-18 08:01:25.468  1000  5534  5534 E libtrusty: tipc_connect: can't connect to tipc service "com.android.trusty.metrics" (err=107)
02-18 08:01:25.468  1000  5534  5534 E trusty_metricsd: failed to open TrustyMetricsPixelTipc: failed to connect to Trusty metrics TA: Transport endpoint is not connected
02-18 08:01:25.468  1000  5534  5534 E trusty_metricsd: failed to open Trusty metrics client
02-18 08:01:25.502  root     1     1 I init    : Service 'trusty_metricsd' (pid 5534) exited with status 1
02-18 08:01:25.502  root     1     1 I init    : Sending signal 9 to service 'trusty_metricsd' (pid 5534) process group...
02-18 08:01:25.502  root     1     1 I libprocessgroup: Removed cgroup /sys/fs/cgroup/uid_1000/pid_5534
02-18 08:01:25.502  root     1     1 E init    : process with updatable components 'trusty_metricsd' exited 4 times in 4 minutes
02-18 08:01:25.504  root     1     1 I init    : processing action (sys.init.updatable_crashing=1) from (/system/etc/init/flags_health_check.rc:10)
02-18 08:01:25.504  root     1     1 I init    : starting service 'exec 68 (/system/bin/flags_health_check UPDATABLE_CRASHING)'...
02-18 08:01:25.509  root     1     1 I init    : ... started service 'exec 68 (/system/bin/flags_health_check UPDATABLE_CRASHING)' has pid 5538
02-18 08:01:25.509  root     1     1 I init    : SVC_EXEC service 'exec 68 (/system/bin/flags_health_check UPDATABLE_CRASHING)' pid 5538 (uid 1000 gid 1000+0 context default) started; waiting...
02-18 08:01:25.490  1000  5538  5538 I flags_health_check: ServerConfigurableFlagsReset reset_mode value: 1
02-18 08:01:25.490  1000  5538  5538 I flags_health_check: ServerConfigurableFlagsReset updatable crashing detected, resetting flags.
02-18 08:01:25.530  root     1     1 I init    : Service 'exec 68 (/system/bin/flags_health_check UPDATABLE_CRASHING)' (pid 5538) exited with status 0 waiting took 0.022000 seconds
02-18 08:01:25.530  root     1     1 I init    : Sending signal 9 to service 'exec 68 (/system/bin/flags_health_check UPDATABLE_CRASHING)' (pid 5538) process group...
02-18 08:01:25.530  root     1     1 I libprocessgroup: Removed cgroup /sys/fs/cgroup/uid_1000/pid_5538
02-18 08:01:25.501  1000  1467  1578 I commit_sys_config_file: [package-session,9]
02-18 08:01:25.504  1000  1467  1578 I commit_sys_config_file: [package-session,2]
02-18 08:01:25.510  1000  1467  1864 I commit_sys_config_file: [package-session,1]
02-18 08:01:25.534  1000  1467  1864 W NativeHelper: Ignoring abiOverride for multi arch application.
02-18 08:01:25.542  1000  1467  1917 W PackageParsing: Ignoring duplicate uses-permissions/uses-permissions-sdk-m: android.permission.CAMERA in package: android.app.stubs at: Binary XML file line #89
02-18 08:01:25.547  1000  1467  1917 W PackageParsing: No actions in intent-filter at /data/app/vmdl553620107.tmp/base.apk Binary XML file line #729
02-18 08:01:25.547  1000  1467  1917 W PackageParsing: No actions in intent-filter at /data/app/vmdl553620107.tmp/base.apk Binary XML file line #737
02-18 08:01:25.547  1000  1467  1917 W PackageParsing: No actions in intent-filter at /data/app/vmdl553620107.tmp/base.apk Binary XML file line #745
02-18 08:01:25.552  1000  1467  1917 W RuleEvaluation: Integrity rule files are not available.
02-18 08:01:25.553  1000  1467  1776 I PackageManager: Integrity check passed for file:///data/app/vmdl553620107.tmp
02-18 08:01:25.556  1000  1467  1578 I commit_sys_config_file: [package-session,3]
02-18 08:01:25.561  1000  1467  1776 W PackageParsing: Ignoring duplicate uses-permissions/uses-permissions-sdk-m: android.permission.CAMERA in package: android.app.stubs at: Binary XML file line #89
02-18 08:01:25.567  1000  1467  1776 W PackageParsing: No actions in intent-filter at /data/app/vmdl553620107.tmp/base.apk Binary XML file line #729
02-18 08:01:25.567  1000  1467  1776 W PackageParsing: No actions in intent-filter at /data/app/vmdl553620107.tmp/base.apk Binary XML file line #737
02-18 08:01:25.567  1000  1467  1776 W PackageParsing: No actions in intent-filter at /data/app/vmdl553620107.tmp/base.apk Binary XML file line #745
02-18 08:01:25.584  1000  1467  1776 I PermissionManager: Permission ownership changed. Updating all permissions.
02-18 08:01:25.630  1000  1467  1776 I sysui_multi_action: [757,1243,758,4,806,android.app.stubs,1241,android.permission.POST_NOTIFICATIONS]
02-18 08:01:25.630  1000  1467  1776 I sysui_multi_action: [757,1243,758,4,806,android.app.stubs,1241,android.permission.ACCESS_FINE_LOCATION]
02-18 08:01:25.630  1000  1467  1776 I sysui_multi_action: [757,1243,758,4,806,android.app.stubs,1241,android.permission.BODY_SENSORS]
02-18 08:01:25.630  1000  1467  1776 I sysui_multi_action: [757,1243,758,4,806,android.app.stubs,1241,android.permission.READ_EXTERNAL_STORAGE]
02-18 08:01:25.630  1000  1467  1776 I sysui_multi_action: [757,1243,758,4,806,android.app.stubs,1241,android.permission.ACCESS_COARSE_LOCATION]
02-18 08:01:25.630  1000  1467  1776 I sysui_multi_action: [757,1243,758,4,806,android.app.stubs,1241,android.permission.READ_PHONE_STATE]
02-18 08:01:25.631  1000  1467  1776 I sysui_multi_action: [757,1243,758,4,806,android.app.stubs,1241,android.permission.WRITE_CONTACTS]
02-18 08:01:25.631  1000  1467  1776 I sysui_multi_action: [757,1243,758,4,806,android.app.stubs,1241,android.permission.CAMERA]
02-18 08:01:25.631  1000  1467  1776 I sysui_multi_action: [757,1243,758,4,806,android.app.stubs,1241,android.permission.WRITE_EXTERNAL_STORAGE]
02-18 08:01:25.631  1000  1467  1776 I sysui_multi_action: [757,1243,758,4,806,android.app.stubs,1241,android.permission.RECORD_AUDIO]
02-18 08:01:25.631  1000  1467  1776 I sysui_multi_action: [757,1243,758,4,806,android.app.stubs,1241,android.permission.READ_CONTACTS]
02-18 08:01:25.641  root  1196  1196 D AOC     : F1:[Idle Tracker] long no idle:[0] average between idle:[0.087872ms] max no idle:[19.564698ms]
02-18 08:01:25.649  1000  1467  1776 I commit_sys_config_file: [package,16]
02-18 08:01:25.649  1000  1467  1776 D PackageManager: Instant App installer not found with android.intent.action.INSTALL_INSTANT_APP_PACKAGE
02-18 08:01:25.649  1000  1467  1776 D PackageManager: Clear ephemeral installer activity
02-18 08:01:25.681  logd  5241  5241 I logd    : start watching /data/system/packages.list ...
02-18 08:01:25.683  logd  5241  5241 I logd    : ReadPackageList, total packages: 134
02-18 08:01:25.652  1000  1467  1774 E AppOps  : Trying to set mode for unknown uid 10130.
02-18 08:01:25.654 10097  2899  2899 D ControlsListingControllerImpl: ServiceConfig reloaded, count: 0
02-18 08:01:25.656 10097  2899  2899 D ControlsListingControllerImpl: ServiceConfig reloaded, count: 0
02-18 08:01:25.660  1000  1467  1896 D ActivityManager: freezing 4345 com.android.rkpdapp
02-18 08:01:25.661  1000  1467  1896 I am_freeze: [4345,com.android.rkpdapp]
02-18 08:01:25.668  1000  1467  1574 V StorageManagerService: Package null does not have legacy storage
02-18 08:01:25.671  artd  1937  2667 I artd    : Merge skipped because there are no existing profiles
02-18 08:01:25.672 10107  3603  3623 D MediaGrants: Removed 0 media_grants for 0 user for [android.app.stubs]. Reason: Mode changed: android:read_external_storage
02-18 08:01:25.673  artd  1937  2667 I artd    : Dex parent of /data/app/~~aAERkZxMkkKvncNm13QCMQ==/android.app.stubs-jllnElGT5RBWGomWEkBD3Q==/base.apk is not writable: Permission denied
02-18 08:01:25.673  artd  1937  2667 I artd    : GetBestInfo checking odex in dalvik-cache (/data/dalvik-cache/arm64/data@app@~~aAERkZxMkkKvncNm13QCMQ==@android.app.stubs-jllnElGT5RBWGomWEkBD3Q==@base.apk@classes.dex)
02-18 08:01:25.673  artd  1937  2667 I artd    : Loading /data/dalvik-cache/arm64/data@app@~~aAERkZxMkkKvncNm13QCMQ==@android.app.stubs-jllnElGT5RBWGomWEkBD3Q==@base.apk@classes.dex with executable: 0
02-18 08:01:25.673  artd  1937  2667 I artd    : OatFileAssistant test for existing oat file /data/dalvik-cache/arm64/data@app@~~aAERkZxMkkKvncNm13QCMQ==@android.app.stubs-jllnElGT5RBWGomWEkBD3Q==@base.apk@classes.dex: File /data/dalvik-cache/arm64/data@app@~~aAERkZxMkkKvncNm13QCMQ==@android.app.stubs-jllnElGT5RBWGomWEkBD3Q==@base.apk@classes.vdex does not exist.
02-18 08:01:25.674  artd  1937  2667 I artd    : GetBestInfo checking odex next to the dex file (/data/app/~~aAERkZxMkkKvncNm13QCMQ==/android.app.stubs-jllnElGT5RBWGomWEkBD3Q==/oat/arm64/base.odex)
02-18 08:01:25.674  artd  1937  2667 I artd    : Loading /data/app/~~aAERkZxMkkKvncNm13QCMQ==/android.app.stubs-jllnElGT5RBWGomWEkBD3Q==/oat/arm64/base.odex with executable: 0
02-18 08:01:25.674  artd  1937  2667 I artd    : OatFileAssistant test for existing oat file /data/app/~~aAERkZxMkkKvncNm13QCMQ==/android.app.stubs-jllnElGT5RBWGomWEkBD3Q==/oat/arm64/base.odex: File /data/app/~~aAERkZxMkkKvncNm13QCMQ==/android.app.stubs-jllnElGT5RBWGomWEkBD3Q==/oat/arm64/base.vdex does not exist.
02-18 08:01:25.674  artd  1937  2667 I artd    : GetBestInfo checking vdex in dalvik-cache (/data/dalvik-cache/arm64/data@app@~~aAERkZxMkkKvncNm13QCMQ==@android.app.stubs-jllnElGT5RBWGomWEkBD3Q==@base.apk@classes.vdex)
02-18 08:01:25.674  artd  1937  2667 I artd    : unable to open vdex file /data/dalvik-cache/arm64/data@app@~~aAERkZxMkkKvncNm13QCMQ==@android.app.stubs-jllnElGT5RBWGomWEkBD3Q==@base.apk@classes.vdex: File /data/dalvik-cache/arm64/data@app@~~aAERkZxMkkKvncNm13QCMQ==@android.app.stubs-jllnElGT5RBWGomWEkBD3Q==@base.apk@classes.vdex does not exist.
02-18 08:01:25.674  artd  1937  2667 I artd    : OatFileAssistant test for existing oat file /data/dalvik-cache/arm64/data@app@~~aAERkZxMkkKvncNm13QCMQ==@android.app.stubs-jllnElGT5RBWGomWEkBD3Q==@base.apk@classes.vdex: File /data/dalvik-cache/arm64/data@app@~~aAERkZxMkkKvncNm13QCMQ==@android.app.stubs-jllnElGT5RBWGomWEkBD3Q==@base.apk@classes.vdex does not exist.
02-18 08:01:25.674  artd  1937  2667 I artd    : GetBestInfo checking vdex next to the dex file (/data/app/~~aAERkZxMkkKvncNm13QCMQ==/android.app.stubs-jllnElGT5RBWGomWEkBD3Q==/oat/arm64/base.vdex)
02-18 08:01:25.674  artd  1937  2667 I artd    : unable to open vdex file /data/app/~~aAERkZxMkkKvncNm13QCMQ==/android.app.stubs-jllnElGT5RBWGomWEkBD3Q==/oat/arm64/base.vdex: File /data/app/~~aAERkZxMkkKvncNm13QCMQ==/android.app.stubs-jllnElGT5RBWGomWEkBD3Q==/oat/arm64/base.vdex does not exist.
02-18 08:01:25.674  artd  1937  2667 I artd    : OatFileAssistant test for existing oat file /data/app/~~aAERkZxMkkKvncNm13QCMQ==/android.app.stubs-jllnElGT5RBWGomWEkBD3Q==/oat/arm64/base.vdex: File /data/app/~~aAERkZxMkkKvncNm13QCMQ==/android.app.stubs-jllnElGT5RBWGomWEkBD3Q==/oat/arm64/base.vdex does not exist.
02-18 08:01:25.674  artd  1937  2667 I artd    : GetBestInfo checking dm (/data/app/~~aAERkZxMkkKvncNm13QCMQ==/android.app.stubs-jllnElGT5RBWGomWEkBD3Q==/base.dm)
02-18 08:01:25.674  artd  1937  2667 W ziparchive: Unable to open '/data/app/~~aAERkZxMkkKvncNm13QCMQ==/android.app.stubs-jllnElGT5RBWGomWEkBD3Q==/base.dm': No such file or directory
02-18 08:01:25.674  artd  1937  2667 I artd    : OatFileAssistant test for existing oat file /data/app/~~aAERkZxMkkKvncNm13QCMQ==/android.app.stubs-jllnElGT5RBWGomWEkBD3Q==/base.dm: I/O error
02-18 08:01:25.674  artd  1937  2667 I artd    : GetBestInfo checking dm (/data/app/~~aAERkZxMkkKvncNm13QCMQ==/android.app.stubs-jllnElGT5RBWGomWEkBD3Q==/base.dm)
02-18 08:01:25.674  artd  1937  2667 W ziparchive: Unable to open '/data/app/~~aAERkZxMkkKvncNm13QCMQ==/android.app.stubs-jllnElGT5RBWGomWEkBD3Q==/base.dm': No such file or directory
02-18 08:01:25.674  artd  1937  2667 I artd    : OatFileAssistant test for existing oat file /data/app/~~aAERkZxMkkKvncNm13QCMQ==/android.app.stubs-jllnElGT5RBWGomWEkBD3Q==/base.dm: I/O error
02-18 08:01:25.674  artd  1937  2667 I artd    : GetBestInfo no usable artifacts
02-18 08:01:25.680  artd  1937  2482 I artd    : Running dex2oat: /apex/com.android.art/bin/art_exec --drop-capabilities --set-task-profile=Dex2OatBootComplete --set-priority=background --keep-fds=7:8:9:10:11:12:13:14:15:16 -- /apex/com.android.art/bin/dex2oat64 --zip-fd=7 --zip-location=/data/app/~~aAERkZxMkkKvncNm13QCMQ==/android.app.stubs-jllnElGT5RBWGomWEkBD3Q==/base.apk --oat-fd=8 --oat-location=/data/app/~~aAERkZxMkkKvncNm13QCMQ==/android.app.stubs-jllnElGT5RBWGomWEkBD3Q==/oat/arm64/base.odex --output-vdex-fd=9 --swap-fd=10 --class-loader-context-fds=11:12:13:14:15:16 --class-loader-context=PCL[]{PCL[/system/framework/android.test.runner.jar]{PCL[/system/framework/android.test.base.jar]#PCL[/system/framework/android.test.mock.jar]}#PCL[/system/framework/org.apache.http.legacy.jar]#PCL[/system/framework/android.test.base.jar]#PCL[/system/framework/android.test.mock.jar]} --classpath-dir=/data/app/~~aAERkZxMkkKvncNm13QCMQ==/android.app.stubs-jllnElGT5RBWGomWEkBD3Q== --instruction-set=arm64 --instruction-set-features=default --instruction-set-variant=cortex-a55 --compiler-filter=verify --compilation-reason=install --compact-dex-level=none --max-image-block-size=524288 --resolve-startup-const-strings=true --generate-mini-debug-info --runtime-arg -Xtarget-sdk-version:34 --runtime-arg -Xhidden-api-policy:enabled --runtime-arg -Xms64m --runtime-arg -Xmx512m --comments=app-name:android.app.stubs,app-version-name:14,app-version-code:34,art-version:350090000
02-18 08:01:25.680  artd  1937  2482 I artd    : Opened FDs: 7:/data/app/~~aAERkZxMkkKvncNm13QCMQ==/android.app.stubs-jllnElGT5RBWGomWEkBD3Q==/base.apk 8:/data/app/~~aAERkZxMkkKvncNm13QCMQ==/android.app.stubs-jllnElGT5RBWGomWEkBD3Q==/oat/arm64/base.odex.vgMAO2.tmp 9:/data/app/~~aAERkZxMkkKvncNm13QCMQ==/android.app.stubs-jllnElGT5RBWGomWEkBD3Q==/oat/arm64/base.vdex.oaHT4h.tmp 10:/data/app/~~aAERkZxMkkKvncNm13QCMQ==/android.app.stubs-jllnElGT5RBWGomWEkBD3Q==/oat/arm64/base.odex.swap.2unI4x.tmp 11:/system/framework/android.test.mock.jar 12:/system/framework/android.test.base.jar 13:/system/framework/org.apache.http.legacy.jar 14:/system/framework/android.test.runner.jar 15:/system/framework/android.test.mock.jar 16:/system/framework/android.test.base.jar 
02-18 08:01:25.683  1000  1467  1772 I commit_sys_config_file: [package-user-0,34]
02-18 08:01:25.700  1000  1467  1896 I am_compact: [4345,com.android.rkpdapp,ANON,114544,62024,51304,2256,-4664,-1000,-3664,3624,37,FULL,57998,915,19,40824,-56]
02-18 08:01:25.711  artd  5541  5541 W dex2oat64: Mismatch between dex2oat instruction set features to use (ISA: Arm64 Feature string: -a53,crc,lse,fp16,dotprod,-sve) and those from CPP defines (ISA: Arm64 Feature string: -a53,crc,-lse,fp16,dotprod,-sve) for the command line:
02-18 08:01:25.711  artd  5541  5541 W dex2oat64: /apex/com.android.art/bin/dex2oat64 --zip-fd=7 --zip-location=/data/app/~~aAERkZxMkkKvncNm13QCMQ==/android.app.stubs-jllnElGT5RBWGomWEkBD3Q==/base.apk --oat-fd=8 --oat-location=/data/app/~~aAERkZxMkkKvncNm13QCMQ==/android.app.stubs-jllnElGT5RBWGomWEkBD3Q==/oat/arm64/base.odex --output-vdex-fd=9 --swap-fd=10 --class-loader-context-fds=11:12:13:14:15:16 --class-loader-context=PCL[]{PCL[/system/framework/android.test.runner.jar]{PCL[/system/framework/android.test.base.jar]#PCL[/system/framework/android.test.mock.jar]}#PCL[/system/framework/org.apache.http.legacy.jar]#PCL[/system/framework/android.test.base.jar]#PCL[/system/framework/android.test.mock.jar]} --classpath-dir=/data/app/~~aAERkZxMkkKvncNm13QCMQ==/android.app.stubs-jllnElGT5RBWGomWEkBD3Q== --instruction-set=arm64 --instruction-set-features=default --instruction-set-variant=cortex-a55 --compiler-filter=verify --compilation-reason=install --compact-dex-level=none --max-image-block-size=524288 --resolve-startup-const-strings=true --generate-mini-debug-info --runtime-arg -Xtarget-sdk-version:34 --runtime-arg -Xhidden-api-policy:enabled --runtime-arg -Xms64m --runtime-arg -Xmx512m --comments=app-name:android.app.stubs,app-version-name:14,app-version-code:34,art-version:350090000
