02-18 08:01:28.282 10129  5625  5625 D LifecycleMonitor: Lifecycle status change: android.display.cts.ScreenOnActivity@4bd3be8 in: DESTROYED
02-18 08:01:28.282 10129  5625  5625 W WindowOnBackDispatcher: sendCancelIfRunning: isInProgress=falsecallback=android.view.ViewRootImpl$$ExternalSyntheticLambda11@f01b9a9
02-18 08:01:28.283  1000  1467  2973 D CoreBackPreview: Window{32b71fe u0 android.display.cts/android.display.cts.ScreenOnActivity}: Setting back callback null
02-18 08:01:28.284  1000  1467  3322 W InputManager-JNI: Input channel object '32b71fe android.display.cts/android.display.cts.ScreenOnActivity (client)' was disposed without first being removed with the input manager!
02-18 08:01:28.286  1000  1467  4448 I wm_task_removed: [9,9,0,removeChild, last child = ActivityRecord{94d4ddd u0 android.display.cts/.ScreenOnActivity t-1 f}} in Task{755ead9 #9 type=standard A=10129:android.display.cts}]
02-18 08:01:28.317 10129  5625  5641 I TestRunner: run finished: 1 tests, 1 failed, 0 ignored
02-18 08:01:28.323  1000  1467  4448 W MagnificationConnectionManager: requestConnection duplicated request: connect=false, mConnectionState=DISCONNECTED
02-18 08:01:28.323  1000  1467  4448 D AccessibilityManagerService: restoreCurrentUserForTestAutomationIfNeededLocked(): ignoring because device doesn't support visible background users
02-18 08:01:28.324  1000  1467  1467 D BatterySaverPolicy: accessibility changed to false, updating policy.
02-18 08:01:28.325  1000  1467  4447 I ActivityManager: Force stopping android.display.cts appid=10129 user=0: finished inst
02-18 08:01:28.326  1000  1467  4447 E ActivityManager: Unable to freeze binder for 5625: -11
02-18 08:01:28.326 shell  5610  5610 I app_process: System.exit called, status: 0
02-18 08:01:28.326 shell  5610  5610 I AndroidRuntime: VM exiting with result code 0.
02-18 08:01:28.327  1000  1467  4447 I am_uid_stopped: 10129
02-18 08:01:28.327  1000  1467  4447 I ActivityManager: Killing 5625:android.display.cts/u0a129 (adj 0): stop android.display.cts due to finished inst
02-18 08:01:28.327  1000  1467  1575 D DisplayManagerService: Drop pending events for gone uid 10129
02-18 08:01:28.327  1000  1467  4447 I am_kill : [0,5625,android.display.cts,0,stop android.display.cts due to finished inst,179064]
02-18 08:01:27.892  1041  3496  3496 I alsa    : be_shutdown: dai TDM_0_TX id 0xc0000007
02-18 08:01:28.358  1000  4447  4447 I binder  : 1467:4447 ioctl 400c620e 6c0016a38c returned -11
02-18 08:01:28.358  1000  4447  4447 I binder  : 1467:4447 ioctl 400c620e 6c0016a38c returned -11
02-18 08:01:28.354  1000  1467  4447 V ActivityManager: Got obituary of 5625:android.display.cts
02-18 08:01:28.354  1000  1467  1579 W ActivityManager: setHasOverlayUi called on unknown pid: 5625
02-18 08:01:28.355  root   877   877 I Zygote  : Process 5625 exited due to signal 9 (Killed)
02-18 08:01:28.386  root   198   198 I binder  : undelivered TRANSACTION_COMPLETE
02-18 08:01:28.386  root   198   198 I binder  : undelivered transaction 181579, process died.
02-18 08:01:28.359  1000  1467  1614 I libprocessgroup: Removed cgroup /sys/fs/cgroup/uid_10129/pid_5625
02-18 08:01:28.533  1000  1467  1776 I AppsFilter: interaction: PackageSetting{77cb469 com.android.microdroid.empty_payload/10103} -> PackageSetting{c706b66 android.display.cts/10129} BLOCKED
02-18 08:01:28.535  1000  1467  1601 I ActivityManager: Force stopping android.display.cts appid=10129 user=-1: deletePackageX
02-18 08:01:28.557  1017   549   574 I keystore2: system/security/keystore2/src/maintenance.rs:347 - clearNamespace(r#APP, nspace=10129)
02-18 08:01:28.567  1000  1467  1895 I commit_sys_config_file: [settings-2-0,38]
02-18 08:01:28.599  1000  1467  1776 I commit_sys_config_file: [package,15]
02-18 08:01:28.631  logd  5241  5241 I logd    : start watching /data/system/packages.list ...
02-18 08:01:28.633  logd  5241  5241 I logd    : ReadPackageList, total packages: 133
02-18 08:01:28.602  1000  1467  1776 D PackageManager: Instant App installer not found with android.intent.action.INSTALL_INSTANT_APP_PACKAGE
02-18 08:01:28.602  1000  1467  1776 D PackageManager: Clear ephemeral installer activity
02-18 08:01:28.617  1000  1467  1776 I ActivityManager: Force stopping android.display.cts appid=10129 user=0: pkg removed
02-18 08:01:28.624 10097  2899  2899 I force_gc: bg
02-18 08:01:28.625  1000  1467  1772 I commit_sys_config_file: [package-user-0,25]
02-18 08:01:28.626  1000  1467  4065 E TaskPersister: File error accessing recents directory (directory doesn't exist?).
02-18 08:01:28.628  1000  1467  4065 E TaskPersister: File error accessing recents directory (directory doesn't exist?).
02-18 08:01:28.630  1000  1467  1928 V StorageManagerService: Package android.display.cts does not have legacy storage
02-18 08:01:28.630  1000  1467  1600 I CredManSysService: updateProvidersWhenPackageRemoved
02-18 08:01:28.630  1000  1467  1600 W CredManSysService: settings key is null
02-18 08:01:28.633 radio  3113  3113 D CarrierSvcBindHelper: onPackageRemoved: android.display.cts
02-18 08:01:28.633  1000  1467  1600 W MagnificationConnectionManager: requestConnection duplicated request: connect=false, mConnectionState=DISCONNECTED
02-18 08:01:28.634 radio  3113  3113 D CarrierSvcBindHelper: No carrier app for: 0
02-18 08:01:28.634 radio  3113  3291 D EuiccConnector: handleMessage: E msg.what=1
02-18 08:01:28.634 radio  3113  3291 D EuiccConnector: processMsg: UnavailableState
02-18 08:01:28.634 radio  3113  3113 D CarrierSvcBindHelper: No carrier app for: 1
02-18 08:01:28.634 radio  3113  3291 W EuiccConnector: No valid EuiccService implementation found
02-18 08:01:28.634 radio  3113  3291 D EuiccConnector: handleMessage: X
02-18 08:01:28.639   nfc  3605  3605 I RegisteredComponentCache: New Components => 
02-18 08:01:28.639   nfc  3605  3605 I RegisteredComponentCache: ComponentInfo: ResolveInfo{3d30abf com.android.apps.tag/.TagViewer m=0x108000 userHandle=UserHandle{0}}, techs: android.nfc.tech.Ndef, 
02-18 08:01:28.639   nfc  3605  3605 I RegisteredComponentCache: Removed Components => 
02-18 08:01:28.639   nfc  3605  3605 I RegisteredComponentCache: ComponentInfo: ResolveInfo{88df385 com.android.apps.tag/.TagViewer m=0x108000 userHandle=UserHandle{0}}, techs: android.nfc.tech.Ndef, 
02-18 08:01:28.644  1000  1467  1574 I sysui_multi_action: [757,803,799,window_time_0,802,0]
02-18 08:01:28.646 10107  3603  3603 W MediaProvider: WorkProfileOwnerApps cache is empty
02-18 08:01:28.646 10107  3603  3603 D PickerSyncLockManager: Trying to acquire lock com.android.providers.media.photopicker.sync.CloseableReentrantLock@be4eda5[Unlocked]. Lock Name = CLOUD_PROVIDER_LOCK. Threads that may be waiting to acquire this lock = []
02-18 08:01:28.646 10107  3603  3603 D CloseableReentrantLock: Successfully acquired lock com.android.providers.media.photopicker.sync.CloseableReentrantLock@be4eda5[Locked by thread main]. Lock Name = CLOUD_PROVIDER_LOCK. Threads that may be waiting to acquire this lock = []
02-18 08:01:28.646 10107  3603  3603 D CloseableReentrantLock: Successfully released lock com.android.providers.media.photopicker.sync.CloseableReentrantLock@be4eda5[Unlocked]. Lock Name = CLOUD_PROVIDER_LOCK. Threads that may be waiting to acquire this lock = []
02-18 08:01:28.648 10097  2899  2899 D ControlsListingControllerImpl: ServiceConfig reloaded, count: 0
02-18 08:01:28.649  1000  1467  1853 W JobInfo : Job 'com.android.providers.media.module/com.android.providers.media.MediaService#-300' has a deadline with no functional constraints. The deadline won't improve job execution latency. Consider removing the deadline.
02-18 08:01:28.649  1000  1467  2823 W WifiService: Couldn't get PackageInfo for package:android.display.cts
02-18 08:01:28.649  1000  1467  2823 D WifiService: Remove settings for package:android.display.cts
02-18 08:01:28.649  1000  1467  2823 D WifiConfigManager: Remove all networks for app ApplicationInfo{559b6ee android.display.cts}
02-18 08:01:28.649  1000  1467  2823 V WifiScanRequestProxy: Clearing scan request timestamps for uid=10129, packageName=android.display.cts
02-18 08:01:28.652  1000  1467  1910 I InputReader: Reconfiguring input devices, changes=KEYBOARD_LAYOUTS
02-18 08:01:28.655  1000  1467  1853 I dvm_lock_sample: [system_server,1,binder:1467_3,6,ActivityManagerService.java,6210,boolean com.android.server.am.ActivityManagerService.isAppStartModeDisabled(int, java.lang.String),OomAdjuster.java,928,void com.android.server.am.OomAdjuster.performUpdateOomAdjPendingTargetsLocked(int),1]
02-18 08:01:28.657  1000  1467  1889 I RollbackManager: broadcast=ACTION_PACKAGE_FULLY_REMOVED pkg=android.display.cts
02-18 08:01:28.657 10090  3178  3178 D LauncherAppsCallbackImpl: package removed received android.display.cts
02-18 08:01:28.657  1000  1467  2862 I commit_sys_config_file: [session_index,1]
02-18 08:01:28.657 10090  3178  3225 D PackageUpdatedTask: Removing app icon: android.display.cts
02-18 08:01:28.658 10090  3178  3225 D PackageUpdatedTask: mAllAppsList.removePackage android.display.cts
02-18 08:01:28.658 10090  3178  3225 D ModelWriter: removing items from db . Reason: [removed because the corresponding package or component is removed. mOp=3 removedPackages=[android.display.cts] removedComponents=[]]
02-18 08:01:28.660  1000  1467  2862 I commit_sys_config_file: [blobs_index,3]
02-18 08:01:28.660  1000  1467  2823 D WifiConfigStore: Writing to stores completed in 10 ms.
02-18 08:01:28.660  1000  1467  2823 I PasspointManager: No app ops listener found for android.display.cts
02-18 08:01:28.660  1000  1467  2823 W WifiService: Couldn't get PackageInfo for package:android.display.cts
02-18 08:01:28.660  1000  1467  2823 D WifiService: Remove settings for package:android.display.cts
02-18 08:01:28.660  1000  1467  2823 D WifiConfigManager: Remove all networks for app ApplicationInfo{e470295 android.display.cts}
02-18 08:01:28.661  1000  1467  2823 V WifiScanRequestProxy: Clearing scan request timestamps for uid=10129, packageName=android.display.cts
02-18 08:01:28.666  1000  1467  2823 D WifiConfigStore: Writing to stores completed in 5 ms.
02-18 08:01:28.666  1000  1467  2823 I PasspointManager: No app ops listener found for android.display.cts
02-18 08:01:28.668   nfc  3605  3605 I RegisteredServicesCache: current user: 0, is managed profile : false
02-18 08:01:28.668   nfc  3605  3605 I RegisteredServicesCache: New Other Services => 
02-18 08:01:28.668   nfc  3605  3605 I RegisteredServicesCache: Removed Other Services => 
02-18 08:01:28.673   nfc  3605  3605 I RegisteredServicesCache: New Services => 
02-18 08:01:28.673   nfc  3605  3605 I RegisteredServicesCache: Removed Services => 
02-18 08:01:28.676  1000  1467  1601 I ActivityManager: Force stopping android.app.stubs appid=10130 user=-1: deletePackageX
02-18 08:01:28.677  1000  1467  1776 I AppsFilter: interaction: PackageSetting{77cb469 com.android.microdroid.empty_payload/10103} -> PackageSetting{28bd89d android.app.stubs/10130} BLOCKED
02-18 08:01:28.679  1000  1467  1467 I Telecom : CarModeTracker: Package android.display.cts is not tracked.: SSH.oR@AII
02-18 08:01:28.679  1000  1467  1467 I Telecom : InCallController: updateCarModeForConnections: car mode apps: : SSH.oR@AII
02-18 08:01:28.679  1000  1467  1467 I Telecom : InCallController: update carmode current:UserHandle{0} parent:null: SSH.oR@AII
02-18 08:01:28.681  1068  3073  3091 D SecureElementService: getReaders() for com.android.nfc
02-18 08:01:28.681  1000  1467  1467 I notification_cancel_all: [1000,1467,android.display.cts,0,0,0,5,NULL]
02-18 08:01:28.682  1000  1467  1467 I ConditionProviders: Disallowing condition provider android.display.cts (userSet: true)
02-18 08:01:28.683 10107  3603  4058 I MediaProvider: Begin Intent { act=android.intent.action.PACKAGE_FULLY_REMOVED dat=package: flg=0x5000010 cmp=com.android.providers.media.module/com.android.providers.media.MediaService (has extras) }
02-18 08:01:28.684 10107  3603  4058 D MediaProvider: Deleted 0 Android/media items belonging to android.display.cts on /data/user/0/com.android.providers.media.module/databases/external.db
02-18 08:01:28.684 10107  3603  4058 I FuseDaemon: Successfully deleted rows in leveldb for owner_id:  and ownerPackageIdentifier: android.display.cts::0
02-18 08:01:28.685  1000  1467  1776 I PermissionManager: Removing permission android.app.stubs.DYNAMIC_RECEIVER_NOT_EXPORTED_PERMISSION that used to be declared by android.app.stubs
02-18 08:01:28.685  1000  1467  1776 I PermissionManager: Removing permission android.app.stubs.permission.TEST_GRANTED that used to be declared by android.app.stubs
02-18 08:01:28.685  1000  1467  1776 I PermissionManager: Permission ownership changed. Updating all permissions.
02-18 08:01:28.685  1017   549   574 I keystore2: system/security/keystore2/src/maintenance.rs:347 - clearNamespace(r#APP, nspace=10130)
02-18 08:01:28.718 10097  2899  2913 W ndroid.systemui: ApkAssets: Deleting an ApkAssets object '<empty> and /data/app/~~F7C15M4jqiu1z0IpeCvKuQ==/android.display.cts-hedT1MSYo6ADGEsOLohdxA==/base.apk' with 1 weak references
02-18 08:01:28.729  1000  1467  1523 I system_server: Background concurrent mark compact GC freed 13MB AllocSpace bytes, 45(1284KB) LOS objects, 75% free, 17MB/71MB, paused 2.272ms,2.581ms total 122.039ms
02-18 08:01:28.733  1000  1467  1524 W JavaBinder: BinderProxy is being destroyed but the application did not call unlinkToDeath to unlink all of its death recipients beforehand.  Releasing leaked death recipient: com.android.server.am.ActivityManagerService$14
02-18 08:01:28.733  1000  1467  1524 I BpBinder: onLastStrongRef automatically unlinking death recipients: 
02-18 08:01:28.734  1000  1467  1525 W system_server: ApkAssets: Deleting an ApkAssets object '<empty> and /system_ext/app/AccessibilityMenu/AccessibilityMenu.apk' with 1 weak references
02-18 08:01:28.734  1000  1467  1525 W system_server: ApkAssets: Deleting an ApkAssets object '<empty> and /data/app/~~aAERkZxMkkKvncNm13QCMQ==/android.app.stubs-jllnElGT5RBWGomWEkBD3Q==/base.apk' with 1 weak references
02-18 08:01:28.734  1000  1467  1525 W system_server: ApkAssets: Deleting an ApkAssets object '<empty> and /product/app/LatinIME/LatinIME.apk' with 1 weak references
02-18 08:01:28.735  1000  1467  1525 W system_server: ApkAssets: Deleting an ApkAssets object '<empty> and /data/app/~~F7C15M4jqiu1z0IpeCvKuQ==/android.display.cts-hedT1MSYo6ADGEsOLohdxA==/base.apk' with 1 weak references
02-18 08:01:28.736  1000  1467  1525 I BpBinder: onLastStrongRef automatically unlinking death recipients: 
02-18 08:01:28.771  logd  5241  5241 I logd    : start watching /data/system/packages.list ...
02-18 08:01:28.739  1000  1467  1776 I commit_sys_config_file: [package,10]
02-18 08:01:28.772  logd  5241  5241 I logd    : ReadPackageList, total packages: 132
02-18 08:01:28.741  1041  1007  5278 I AF::TrackHandle: opChanged OP_PLAY_AUDIO callback received for 
02-18 08:01:28.741 10107  3603  4058 D MediaGrants: Removed 0 media_grants for 0 user for [android.display.cts]. Reason: Package orphaned
02-18 08:01:28.741  1041  1007  5278 I AF::TrackHandle: opChanged OP_PLAY_AUDIO callback received for 
02-18 08:01:28.742 10107  3603  4058 I MediaProvider: End Intent { act=android.intent.action.PACKAGE_FULLY_REMOVED dat=package: flg=0x5000010 cmp=com.android.providers.media.module/com.android.providers.media.MediaService (has extras) }
02-18 08:01:28.742  1041  1007  5278 I AF::TrackHandle: opChanged OP_PLAY_AUDIO callback received for 
02-18 08:01:28.742  1041  1007  3897 I AF::TrackHandle: opChanged OP_PLAY_AUDIO callback received for 
02-18 08:01:28.742  1041  1007  3897 I AF::TrackHandle: opChanged OP_PLAY_AUDIO callback received for 
02-18 08:01:28.742  1041  1007  3897 I AF::TrackHandle: opChanged OP_PLAY_AUDIO callback received for 
02-18 08:01:28.742  1041  1007  3897 I AF::TrackHandle: opChanged OP_PLAY_AUDIO callback received for 
02-18 08:01:28.743  1041  1007  3897 I AF::TrackHandle: opChanged OP_PLAY_AUDIO callback received for 
02-18 08:01:28.743  1000  1467  1898 I RoleService: Granting default roles...
02-18 08:01:28.743  1000  1467  1853 I dvm_lock_sample: [system_server,1,binder:1467_3,58,PackageManagerService.java,1209,com.android.server.pm.Computer com.android.server.pm.PackageManagerService.snapshotComputer(boolean),-,1235,com.android.server.pm.Computer com.android.server.pm.PackageManagerService.snapshotComputer(boolean),11]
02-18 08:01:28.743  1041  1007  3897 I AF::TrackHandle: opChanged OP_PLAY_AUDIO callback received for 
02-18 08:01:28.746  1000  1467  1776 D PackageManager: Instant App installer not found with android.intent.action.INSTALL_INSTANT_APP_PACKAGE
02-18 08:01:28.746  1000  1467  1776 D PackageManager: Clear ephemeral installer activity
02-18 08:01:28.746  1068  3073  3091 I SecureElement-AccessControlEnforcer: getAccessRule() appCert = 27196e386b875e76adf700e7ea84e4c6eee33dfa
02-18 08:01:28.746  1068  3073  3091 I SecureElement-AccessControlEnforcer: getAccessRule() appCert = c8a2e9bccf597c2fb6dc66bee293fc13f2fc47ec77bc6b2b0d52c11f51192ab8
02-18 08:01:28.746  1068  3073  3091 I SecureElement-AccessRuleCache: findAccessRule() not found
02-18 08:01:28.747  1068  3073  3091 I SecureElement-AccessControlEnforcer: getAccessRule() appCert = 27196e386b875e76adf700e7ea84e4c6eee33dfa
02-18 08:01:28.748  1068  3073  3091 I SecureElement-AccessControlEnforcer: getAccessRule() appCert = c8a2e9bccf597c2fb6dc66bee293fc13f2fc47ec77bc6b2b0d52c11f51192ab8
02-18 08:01:28.748  1000  1467  4065 E TaskPersister: File error accessing recents directory (directory doesn't exist?).
02-18 08:01:28.748  1068  3073  3091 I SecureElement-AccessRuleCache: findAccessRule() not found
02-18 08:01:28.750  1041  1007  3897 I AF::TrackHandle: opChanged OP_PLAY_AUDIO callback received for 
02-18 08:01:28.750  1041  1007  3897 I AF::TrackHandle: opChanged OP_PLAY_AUDIO callback received for 
02-18 08:01:28.750  1041  1007  3897 I AF::TrackHandle: opChanged OP_PLAY_AUDIO callback received for 
02-18 08:01:28.750  1041  1007  3897 I AF::TrackHandle: opChanged OP_PLAY_AUDIO callback received for 
02-18 08:01:28.751  1041  1007  3897 I AF::TrackHandle: opChanged OP_PLAY_AUDIO callback received for 
02-18 08:01:28.752  1041  1007  3897 I AF::TrackHandle: opChanged OP_PLAY_AUDIO callback received for 
02-18 08:01:28.752  1041  1007  3897 I AF::TrackHandle: opChanged OP_PLAY_AUDIO callback received for 
02-18 08:01:28.752  1000  1467  2821 I commit_sys_config_file: [net-policy,1]
02-18 08:01:28.754  1068  3073  3088 I SecureElement-Terminal-SIM2: isNfcEventAllowed: No access rules for checking.
02-18 08:01:28.757  1000  1467  1776 I ActivityManager: Force stopping android.app.stubs appid=10130 user=0: pkg removed
02-18 08:01:28.757  1000  1467  1578 I DropBoxManagerService: add tag=system_server_strictmode isTagEnabled=true flags=0x2
02-18 08:01:28.758  1000  1467  2819 W BestClock: java.time.DateTimeException: Missing network time fix
02-18 08:01:28.759 10090  3178  3178 I force_gc: bg
02-18 08:01:28.760  root   876   876 I netd    : tetherGetStats() -> {[]} <0.48ms>
02-18 08:01:28.761  1000  1467  2819 W BestClock: java.time.DateTimeException: Missing network time fix
02-18 08:01:28.761  1000  1467  2819 I netstats_mobile_sample: [0,0,0,0,0,0,0,0,1771372888761]
02-18 08:01:28.761  1000  1467  2819 I netstats_wifi_sample: [0,0,0,0,0,0,0,0,1771372888761]
02-18 08:01:28.763  1000  1467  1928 V StorageManagerService: Package android.app.stubs does not have legacy storage
02-18 08:01:28.763  1000  1467  1600 I CredManSysService: updateProvidersWhenPackageRemoved
02-18 08:01:28.765  1000  1467  4446 D SafetySourceDataValidat: No cert check requested for package com.android.permissioncontroller
02-18 08:01:28.765  1000  1467  2823 W WifiService: Couldn't get PackageInfo for package:android.app.stubs
02-18 08:01:28.765  1000  1467  2823 D WifiService: Remove settings for package:android.app.stubs
02-18 08:01:28.765  1000  1467  2823 D WifiConfigManager: Remove all networks for app ApplicationInfo{eb537be android.app.stubs}
02-18 08:01:28.765  1000  1467  2823 V WifiScanRequestProxy: Clearing scan request timestamps for uid=10130, packageName=android.app.stubs
02-18 08:01:28.766 radio  3113  3113 D CarrierSvcBindHelper: onPackageRemoved: android.app.stubs
02-18 08:01:28.766 radio  3113  3291 D EuiccConnector: handleMessage: E msg.what=1
02-18 08:01:28.766 radio  3113  3291 D EuiccConnector: processMsg: UnavailableState
02-18 08:01:28.766 radio  3113  3113 D CarrierSvcBindHelper: No carrier app for: 0
02-18 08:01:28.767 radio  3113  3113 D CarrierSvcBindHelper: No carrier app for: 1
02-18 08:01:28.767  1000  1467  1772 I commit_sys_config_file: [package-user-0,28]
02-18 08:01:28.768  1000  1467  1600 W CredManSysService: settings key is null
02-18 08:01:28.771 radio  3113  3291 W EuiccConnector: No valid EuiccService implementation found
02-18 08:01:28.771 radio  3113  3291 D EuiccConnector: handleMessage: X
02-18 08:01:28.772  1000  1467  1910 I InputReader: Reconfiguring input devices, changes=KEYBOARD_LAYOUTS
02-18 08:01:28.775   nfc  3605  3605 I RegisteredComponentCache: New Components => 
02-18 08:01:28.775   nfc  3605  3605 I RegisteredComponentCache: ComponentInfo: ResolveInfo{822f2ee com.android.apps.tag/.TagViewer m=0x108000 userHandle=UserHandle{0}}, techs: android.nfc.tech.Ndef, 
02-18 08:01:28.775   nfc  3605  3605 I RegisteredComponentCache: Removed Components => 
02-18 08:01:28.775   nfc  3605  3605 I RegisteredComponentCache: ComponentInfo: ResolveInfo{3d30abf com.android.apps.tag/.TagViewer m=0x108000 userHandle=UserHandle{0}}, techs: android.nfc.tech.Ndef, 
02-18 08:01:28.776  1000  1467  2823 D WifiConfigStore: Writing to stores completed in 10 ms.
02-18 08:01:28.776  1000  1467  2823 I PasspointManager: No app ops listener found for android.app.stubs
02-18 08:01:28.778 10120  2917  2917 D PersistedStoragePackageUninstalledReceiver: Received android.intent.action.PACKAGE_FULLY_REMOVED for android.display.cts for u0
02-18 08:01:28.785 10090  3178  3199 W droid.launcher3: ApkAssets: Deleting an ApkAssets object '<empty> and /data/app/~~aAERkZxMkkKvncNm13QCMQ==/android.app.stubs-jllnElGT5RBWGomWEkBD3Q==/base.apk' with 1 weak references
02-18 08:01:28.791   nfc  3605  3605 I RegisteredServicesCache: current user: 0, is managed profile : false
02-18 08:01:28.791   nfc  3605  3605 I RegisteredServicesCache: New Other Services => 
02-18 08:01:28.791   nfc  3605  3605 I RegisteredServicesCache: Removed Other Services => 
02-18 08:01:28.791 10097  2899  2899 D ControlsListingControllerImpl: ServiceConfig reloaded, count: 0
02-18 08:01:28.794 10107  3603  3603 W MediaProvider: WorkProfileOwnerApps cache is empty
02-18 08:01:28.794 10107  3603  3603 D PickerSyncLockManager: Trying to acquire lock com.android.providers.media.photopicker.sync.CloseableReentrantLock@be4eda5[Unlocked]. Lock Name = CLOUD_PROVIDER_LOCK. Threads that may be waiting to acquire this lock = []
02-18 08:01:28.794 10107  3603  3603 D CloseableReentrantLock: Successfully acquired lock com.android.providers.media.photopicker.sync.CloseableReentrantLock@be4eda5[Locked by thread main]. Lock Name = CLOUD_PROVIDER_LOCK. Threads that may be waiting to acquire this lock = []
02-18 08:01:28.794 10107  3603  3603 D CloseableReentrantLock: Successfully released lock com.android.providers.media.photopicker.sync.CloseableReentrantLock@be4eda5[Unlocked]. Lock Name = CLOUD_PROVIDER_LOCK. Threads that may be waiting to acquire this lock = []
02-18 08:01:28.796  1000  1467  1600 W MagnificationConnectionManager: requestConnection duplicated request: connect=false, mConnectionState=DISCONNECTED
02-18 08:01:28.799  1000  1467  3359 W JobInfo : Job 'com.android.providers.media.module/com.android.providers.media.MediaService#-300' has a deadline with no functional constraints. The deadline won't improve job execution latency. Consider removing the deadline.
02-18 08:01:28.808   nfc  3605  3605 I RegisteredServicesCache: New Services => 
02-18 08:01:28.808   nfc  3605  3605 I RegisteredServicesCache: Removed Services => 
02-18 08:01:28.810  1068  3073  3088 D SecureElementService: getReaders() for com.android.nfc
02-18 08:01:28.812 10090  3178  3178 D LauncherAppsCallbackImpl: package removed received android.app.stubs
02-18 08:01:28.812  1000  1467  1889 I RollbackManager: broadcast=ACTION_PACKAGE_FULLY_REMOVED pkg=android.app.stubs
02-18 08:01:28.813 10090  3178  3225 D PackageUpdatedTask: Removing app icon: android.app.stubs
02-18 08:01:28.813  1068  3073  3088 I SecureElement-AccessControlEnforcer: getAccessRule() appCert = 27196e386b875e76adf700e7ea84e4c6eee33dfa
02-18 08:01:28.813  1068  3073  3088 I SecureElement-AccessControlEnforcer: getAccessRule() appCert = c8a2e9bccf597c2fb6dc66bee293fc13f2fc47ec77bc6b2b0d52c11f51192ab8
02-18 08:01:28.813  1068  3073  3088 I SecureElement-AccessRuleCache: findAccessRule() not found
02-18 08:01:28.814  1000  1467  2823 W WifiService: Couldn't get PackageInfo for package:android.app.stubs
02-18 08:01:28.814  1000  1467  2823 D WifiService: Remove settings for package:android.app.stubs
02-18 08:01:28.814  1000  1467  2823 D WifiConfigManager: Remove all networks for app ApplicationInfo{3999532 android.app.stubs}
02-18 08:01:28.814  1000  1467  2823 V WifiScanRequestProxy: Clearing scan request timestamps for uid=10130, packageName=android.app.stubs
02-18 08:01:28.815  1068  3073  3088 I SecureElement-AccessControlEnforcer: getAccessRule() appCert = 27196e386b875e76adf700e7ea84e4c6eee33dfa
02-18 08:01:28.815  1068  3073  3088 I SecureElement-AccessControlEnforcer: getAccessRule() appCert = c8a2e9bccf597c2fb6dc66bee293fc13f2fc47ec77bc6b2b0d52c11f51192ab8
02-18 08:01:28.815  1068  3073  3088 I SecureElement-AccessRuleCache: findAccessRule() not found
02-18 08:01:28.816 10090  3178  3225 D PackageUpdatedTask: mAllAppsList.removePackage android.app.stubs
02-18 08:01:28.816  1000  1467  2862 I commit_sys_config_file: [session_index,3]
02-18 08:01:28.816 10090  3178  3178 D StatsLog: LAUNCHER_ALLAPPS_COUNT
02-18 08:01:28.816 10090  3178  3225 D ModelWriter: removing items from db . Reason: [removed because the corresponding package or component is removed. mOp=3 removedPackages=[android.app.stubs] removedComponents=[]]
02-18 08:01:28.819  1000  1467  1467 I Telecom : CarModeTracker: Package android.app.stubs is not tracked.: SSH.oR@AIU
02-18 08:01:28.819  1000  1467  1467 I Telecom : InCallController: updateCarModeForConnections: car mode apps: : SSH.oR@AIU
02-18 08:01:28.819  1000  1467  1467 I Telecom : InCallController: update carmode current:UserHandle{0} parent:null: SSH.oR@AIU
02-18 08:01:28.820  1000  1467  1467 I notification_cancel_all: [1000,1467,android.app.stubs,0,0,0,5,NULL]
02-18 08:01:28.821  1000  1467  1467 I ConditionProviders: Disallowing condition provider android.app.stubs (userSet: true)
02-18 08:01:28.822  1000  1467  1574 I dvm_lock_sample: [system_server,0,android.fg,6,PermissionManagerServiceImpl.java,713,int com.android.server.pm.permission.PermissionManagerServiceImpl.getPermissionFlagsInternal(java.lang.String, java.lang.String, int, int),-,1152,java.util.List com.android.server.pm.permission.PermissionManagerServiceImpl.getAllowlistedRestrictedPermissionsInternal(com.android.server.pm.pkg.AndroidPackage, int, int),1]
02-18 08:01:28.822 10107  3603  4058 I MediaProvider: Begin Intent { act=android.intent.action.PACKAGE_FULLY_REMOVED dat=package: flg=0x5000010 cmp=com.android.providers.media.module/com.android.providers.media.MediaService (has extras) }
02-18 08:01:28.823 10107  3603  4058 D MediaProvider: Deleted 0 Android/media items belonging to android.app.stubs on /data/user/0/com.android.providers.media.module/databases/external.db
02-18 08:01:28.823  1000  1467  2862 I commit_sys_config_file: [blobs_index,7]
02-18 08:01:28.823 10107  3603  4058 I FuseDaemon: Successfully deleted rows in leveldb for owner_id:  and ownerPackageIdentifier: android.app.stubs::0
02-18 08:01:28.823  1000  1467  2823 D WifiConfigStore: Writing to stores completed in 9 ms.
02-18 08:01:28.823  1000  1467  2823 I PasspointManager: No app ops listener found for android.app.stubs
02-18 08:01:28.824 10107  3603  4058 D MediaGrants: Removed 0 media_grants for 0 user for [android.app.stubs]. Reason: Package orphaned
02-18 08:01:28.826 10107  3603  4058 I MediaProvider: End Intent { act=android.intent.action.PACKAGE_FULLY_REMOVED dat=package: flg=0x5000010 cmp=com.android.providers.media.module/com.android.providers.media.MediaService (has extras) }
02-18 08:01:28.826  1041  1007  1044 I AF::TrackHandle: opChanged OP_PLAY_AUDIO callback received for 
02-18 08:01:28.827  1041  1007  1044 I AF::TrackHandle: opChanged OP_PLAY_AUDIO callback received for 
02-18 08:01:28.828  1068  3073  3088 I SecureElement-Terminal-SIM2: isNfcEventAllowed: No access rules for checking.
02-18 08:01:28.828  1041  1007  1044 I AF::TrackHandle: opChanged OP_PLAY_AUDIO callback received for 
02-18 08:01:28.833  1041  1007  1044 I AF::TrackHandle: opChanged OP_PLAY_AUDIO callback received for 
02-18 08:01:28.833  1041  1007  1044 I AF::TrackHandle: opChanged OP_PLAY_AUDIO callback received for 
02-18 08:01:28.833  1041  1007  1044 I AF::TrackHandle: opChanged OP_PLAY_AUDIO callback received for 
02-18 08:01:28.834  1041  1007  1044 I AF::TrackHandle: opChanged OP_PLAY_AUDIO callback received for 
02-18 08:01:28.834  1041  1007  1044 I AF::TrackHandle: opChanged OP_PLAY_AUDIO callback received for 
02-18 08:01:28.834  1041  1007  1044 I AF::TrackHandle: opChanged OP_PLAY_AUDIO callback received for 
02-18 08:01:28.834  1041  1007  1044 I AF::TrackHandle: opChanged OP_PLAY_AUDIO callback received for 
02-18 08:01:28.834  1041  1007  1044 I AF::TrackHandle: opChanged OP_PLAY_AUDIO callback received for 
02-18 08:01:28.835  1041  1007  1044 I AF::TrackHandle: opChanged OP_PLAY_AUDIO callback received for 
02-18 08:01:28.835  1041  1007  1044 I AF::TrackHandle: opChanged OP_PLAY_AUDIO callback received for 
02-18 08:01:28.835  1041  1007  1044 I AF::TrackHandle: opChanged OP_PLAY_AUDIO callback received for 
02-18 08:01:28.836  1041  1007  1044 I AF::TrackHandle: opChanged OP_PLAY_AUDIO callback received for 
02-18 08:01:28.836  1041  1007  1044 I AF::TrackHandle: opChanged OP_PLAY_AUDIO callback received for 
02-18 08:01:28.837  1000  1467  1895 I commit_sys_config_file: [settings-2-0,4]
02-18 08:01:28.839  1000  1467  3322 D SafetySourceDataValidat: No cert check requested for package com.android.permissioncontroller
02-18 08:01:28.842  1000  1467  2821 I commit_sys_config_file: [net-policy,1]
02-18 08:01:28.844  1000  1467  2819 W BestClock: java.time.DateTimeException: Missing network time fix
02-18 08:01:28.845 10120  2917  2917 D PersistedStoragePackageUninstalledReceiver: Received android.intent.action.PACKAGE_FULLY_REMOVED for android.app.stubs for u0
02-18 08:01:28.845  root   876   876 I netd    : tetherGetStats() -> {[]} <0.73ms>
02-18 08:01:28.846  1000  1467  2819 W BestClock: java.time.DateTimeException: Missing network time fix
02-18 08:01:28.846  1000  1467  2819 I netstats_mobile_sample: [0,0,0,0,0,0,0,0,1771372888846]
02-18 08:01:28.846  1000  1467  2819 I netstats_wifi_sample: [0,0,0,0,0,0,0,0,1771372888846]
02-18 08:01:28.881  1000  1467  1523 I system_server: Background concurrent mark compact GC freed 8791KB AllocSpace bytes, 38(1048KB) LOS objects, 75% free, 16MB/67MB, paused 1.905ms,1.764ms total 127.378ms
02-18 08:01:28.882  1000  1467  1525 W system_server: ApkAssets: Deleting an ApkAssets object '<empty> and /system/priv-app/InputDevices/InputDevices.apk' with 1 weak references
02-18 08:01:28.883  1000  1467  1525 W system_server: ApkAssets: Deleting an ApkAssets object '<empty> and /system_ext/app/AccessibilityMenu/AccessibilityMenu.apk' with 1 weak references
02-18 08:01:28.883  1000  1467  1525 W system_server: ApkAssets: Deleting an ApkAssets object '<empty> and /product/app/LatinIME/LatinIME.apk' with 1 weak references
02-18 08:01:28.889 10107  3603  3926 W MediaProvider: isAppCloneUserPair for user 0: false
02-18 08:01:28.996  1000  1467  1578 I commit_sys_config_file: [notification-policy,5]
02-18 08:01:29.028 10107  3603  5235 I MediaProvider: Deleted 1 0 0 0 0 0 0 items on external_primary due to com.android.shell
02-18 08:01:29.136   nfc  3605  3605 I NfcDispatcher: no match
02-18 08:01:29.141 10085  3446  3469 I LatinIME:LogUtils: Dictionary info: dictionary = main:en ; version = 54 ; date = 1414726273
02-18 08:01:29.449 10107  3603  3926 W MediaProvider: isAppCloneUserPair for user 0: false
02-18 08:01:29.629 10107  3603  5235 I MediaProvider: Deleted 1 0 0 0 0 0 0 items on external_primary due to com.android.shell
02-18 08:01:29.689  1000  1467  1898 I RoleService: Granting default roles...
02-18 08:01:29.723  artd  1937  2482 I artd    : Dex parent of /data/app/~~FeDv6FzH1c6pzvQnqOdrTg==/com.android.tradefed.utils.wifi-n5_maBywy3JRuax2900ayQ==/base.apk is not writable: Permission denied
02-18 08:01:29.723  artd  1937  2482 I artd    : GetBestInfo checking odex in dalvik-cache (/data/dalvik-cache/arm64/data@app@~~FeDv6FzH1c6pzvQnqOdrTg==@com.android.tradefed.utils.wifi-n5_maBywy3JRuax2900ayQ==@base.apk@classes.dex)
02-18 08:01:29.723  artd  1937  2482 I artd    : Loading /data/dalvik-cache/arm64/data@app@~~FeDv6FzH1c6pzvQnqOdrTg==@com.android.tradefed.utils.wifi-n5_maBywy3JRuax2900ayQ==@base.apk@classes.dex with executable: 0
02-18 08:01:29.724  artd  1937  2482 I artd    : OatFileAssistant test for existing oat file /data/dalvik-cache/arm64/data@app@~~FeDv6FzH1c6pzvQnqOdrTg==@com.android.tradefed.utils.wifi-n5_maBywy3JRuax2900ayQ==@base.apk@classes.dex: File /data/dalvik-cache/arm64/data@app@~~FeDv6FzH1c6pzvQnqOdrTg==@com.android.tradefed.utils.wifi-n5_maBywy3JRuax2900ayQ==@base.apk@classes.vdex does not exist.
02-18 08:01:29.724  artd  1937  2482 I artd    : GetBestInfo checking odex next to the dex file (/data/app/~~FeDv6FzH1c6pzvQnqOdrTg==/com.android.tradefed.utils.wifi-n5_maBywy3JRuax2900ayQ==/oat/arm64/base.odex)
02-18 08:01:29.724  artd  1937  2482 I artd    : Loading /data/app/~~FeDv6FzH1c6pzvQnqOdrTg==/com.android.tradefed.utils.wifi-n5_maBywy3JRuax2900ayQ==/oat/arm64/base.odex with executable: 0
02-18 08:01:29.724  artd  1937  2482 I artd    : Successfully loaded /data/app/~~FeDv6FzH1c6pzvQnqOdrTg==/com.android.tradefed.utils.wifi-n5_maBywy3JRuax2900ayQ==/oat/arm64/base.odex with executable: 0
02-18 08:01:29.725  artd  1937  2482 I artd    : /data/app/~~FeDv6FzH1c6pzvQnqOdrTg==/com.android.tradefed.utils.wifi-n5_maBywy3JRuax2900ayQ==/oat/arm64/base.odex is kOatUpToDate with filter verify
02-18 08:01:29.901 shell  5773  5773 D AndroidRuntime: >>>>>> START com.android.internal.os.RuntimeInit uid 2000 <<<<<<
02-18 08:01:29.906 shell  5773  5773 I AndroidRuntime: Using default boot image
02-18 08:01:29.906 shell  5773  5773 I AndroidRuntime: Leaving lock profiling enabled
02-18 08:01:29.909 shell  5773  5773 I app_process: Core platform API reporting enabled, enforcing=false
02-18 08:01:29.909 shell  5773  5773 I app_process: Using CollectorTypeCMC GC.
02-18 08:01:29.981 shell  5773  5773 D nativeloader: InitDefaultPublicLibraries for_preload=1: libandroid.so:libaaudio.so:libamidi.so:libbinder_ndk.so:libc.so:libcamera2ndk.so:libdl.so:libEGL.so:libGLESv1_CM.so:libGLESv2.so:libGLESv3.so:libicu.so:libicui18n.so:libicuuc.so:libjnigraphics.so:liblog.so:libmediandk.so:libm.so:libnativehelper.so:libnativewindow.so:libOpenMAXAL.so:libOpenSLES.so:libRS.so:libstdc++.so:libsync.so:libvulkan.so:libwebviewchromium_plat_support.so:libz.so
02-18 08:01:29.990 shell  5773  5773 D nativeloader: Load libicu_jni.so using APEX ns com_android_art for caller /apex/com.android.art/javalib/core-oj.jar: ok
02-18 08:01:29.990 shell  5773  5773 D app_process: Time zone APEX ICU file found: /apex/com.android.tzdata/etc/icu/icu_tzdata.dat
02-18 08:01:29.990 shell  5773  5773 D app_process: I18n APEX ICU file found: /apex/com.android.i18n/etc/icu/icudt72l.dat
02-18 08:01:29.991 shell  5773  5773 D nativeloader: Load libjavacore.so using APEX ns com_android_art for caller /apex/com.android.art/javalib/core-oj.jar: ok
02-18 08:01:29.992 shell  5773  5773 D nativeloader: Load libopenjdk.so using APEX ns com_android_art for caller /apex/com.android.art/javalib/core-oj.jar: ok
02-18 08:01:30.017 shell  5773  5773 D nativeloader: Load libframework-connectivity-tiramisu-jni.so using APEX ns com_android_tethering for caller /apex/com.android.tethering/javalib/framework-connectivity-t.jar: ok
02-18 08:01:30.017 shell  5773  5773 D AndroidRuntime: Calling main entry com.android.commands.am.Am
02-18 08:01:30.025 shell  5773  5773 D UiAutomationConnection: Created on user UserHandle{0}
02-18 08:01:30.026  1000  1467  3322 I ActivityManager: Force stopping com.android.tradefed.utils.wifi appid=10126 user=0: start instr
02-18 08:01:30.027  1000  1467  3322 D GrammaticalInflection: The flag must be enabled to allow calling the API.
02-18 08:01:30.029  1000  1467  3322 I am_uid_running: 10126
02-18 08:01:30.029  1000  1467  3322 D CompatibilityChangeReporter: Compat change id reported: 135634846; UID 10126; state: DISABLED
02-18 08:01:30.029  1000  1467  3322 D CompatibilityChangeReporter: Compat change id reported: 177438394; UID 10126; state: DISABLED
02-18 08:01:30.029  1000  1467  3322 D CompatibilityChangeReporter: Compat change id reported: 135772972; UID 10126; state: DISABLED
02-18 08:01:30.029  1000  1467  3322 D CompatibilityChangeReporter: Compat change id reported: 135754954; UID 10126; state: ENABLED
02-18 08:01:30.030  1000  1467  1603 D CompatibilityChangeReporter: Compat change id reported: 143937733; UID 10126; state: ENABLED
02-18 08:01:30.031  1000  1467  1887 D CompatibilityChangeReporter: Compat change id reported: 265195908; UID 10126; state: ENABLED
02-18 08:01:30.037  root   877   877 D Zygote  : Forked child process 5787
02-18 08:01:30.037  1000  1467  1603 I am_proc_start: [0,5787,10126,com.android.tradefed.utils.wifi,added application,com.android.tradefed.utils.wifi]
02-18 08:01:30.037  1000  1467  1603 I ActivityManager: Start proc 5787:com.android.tradefed.utils.wifi/u0a126 for added application com.android.tradefed.utils.wifi
02-18 08:01:30.053 10126  5787  5787 I efed.utils.wifi: Using CollectorTypeCMC GC.
02-18 08:01:30.059 10126  5787  5787 E efed.utils.wifi: Not starting debugger since process cannot load the jdwp agent.
02-18 08:01:30.063 10126  5787  5787 D nativeloader: Load libframework-connectivity-tiramisu-jni.so using APEX ns com_android_tethering for caller /apex/com.android.tethering/javalib/framework-connectivity-t.jar: ok
02-18 08:01:30.069  1000  1467  3322 I am_proc_bound: [0,5787,com.android.tradefed.utils.wifi]
02-18 08:01:30.070  1000  1467  3322 D CompatibilityChangeReporter: Compat change id reported: 168419799; UID 10126; state: DISABLED
02-18 08:01:30.070  1000  1467  3322 D CompatibilityChangeReporter: Compat change id reported: 273564678; UID 10126; state: DISABLED
02-18 08:01:30.074 10126  5787  5787 D CompatibilityChangeReporter: Compat change id reported: 171979766; UID 10126; state: ENABLED
02-18 08:01:30.075 10126  5787  5787 D CompatibilityChangeReporter: Compat change id reported: 242716250; UID 10126; state: DISABLED
02-18 08:01:30.077  1000  1467  3322 D CompatibilityChangeReporter: Compat change id reported: 170503758; UID 10126; state: ENABLED
02-18 08:01:30.080 10126  5787  5787 D ApplicationLoaders: Returning zygote-cached class loader: /system/framework/android.test.base.jar
02-18 08:01:30.083 10126  5787  5787 D nativeloader: Configuring clns-4 for other apk /system/framework/android.test.mock.jar. target_sdk_version=31, uses_libraries=ALL, library_path=/data/app/~~FeDv6FzH1c6pzvQnqOdrTg==/com.android.tradefed.utils.wifi-n5_maBywy3JRuax2900ayQ==/lib/arm64, permitted_path=/data:/mnt/expand:/data/user/0/com.android.tradefed.utils.wifi
02-18 08:01:30.085 10126  5787  5787 D ApplicationLoaders: Returning zygote-cached class loader: /system/framework/android.test.base.jar
02-18 08:01:30.087 10126  5787  5787 D nativeloader: Configuring clns-5 for other apk /system/framework/android.test.runner.jar. target_sdk_version=31, uses_libraries=ALL, library_path=/data/app/~~FeDv6FzH1c6pzvQnqOdrTg==/com.android.tradefed.utils.wifi-n5_maBywy3JRuax2900ayQ==/lib/arm64, permitted_path=/data:/mnt/expand:/data/user/0/com.android.tradefed.utils.wifi
02-18 08:01:30.092 10126  5787  5787 D nativeloader: Configuring clns-6 for other apk /data/app/~~FeDv6FzH1c6pzvQnqOdrTg==/com.android.tradefed.utils.wifi-n5_maBywy3JRuax2900ayQ==/base.apk. target_sdk_version=31, uses_libraries=, library_path=/data/app/~~FeDv6FzH1c6pzvQnqOdrTg==/com.android.tradefed.utils.wifi-n5_maBywy3JRuax2900ayQ==/lib/arm64, permitted_path=/data:/mnt/expand:/data/user/0/com.android.tradefed.utils.wifi
02-18 08:01:30.098 10126  5787  5787 V GraphicsEnvironment: Currently set values for:
02-18 08:01:30.099 10126  5787  5787 V GraphicsEnvironment:   angle_gl_driver_selection_pkgs=[]
02-18 08:01:30.099 10126  5787  5787 V GraphicsEnvironment:   angle_gl_driver_selection_values=[]
02-18 08:01:30.099 10126  5787  5787 V GraphicsEnvironment: Global.Settings values are invalid: number of packages: 0, number of values: 0
02-18 08:01:30.099 10126  5787  5787 V GraphicsEnvironment: Neither updatable production driver nor prerelease driver is supported.
02-18 08:01:30.105 10126  5787  5787 I UiAutomation: Initialized for user 0 on display 0
02-18 08:01:30.108  1000  1467  3322 D AccessibilityManagerService: changeCurrentUserForTestAutomationIfNeededLocked(0): ignoring because device doesn't support visible background users
02-18 08:01:30.108  1000  1467  3322 I UiAutomationManager: Registering UiTestAutomationService (id=com.android.server.accessibility/UiAutomation) when called by user 0
02-18 08:01:30.111  1000  1467  3322 W MagnificationConnectionManager: requestConnection duplicated request: connect=false, mConnectionState=DISCONNECTED
02-18 08:01:30.112  1000  1467  1467 D BatterySaverPolicy: accessibility changed to true, updating policy.
02-18 08:01:30.113 10126  5787  5803 V UiAutomation: Init UiAutomation@503817[id=4, displayId=0, flags=0]
02-18 08:01:30.117  1000  1467  3360 I am_uid_active: 10126
02-18 08:01:30.119  1000   568   568 D DisplayDevice: setDesiredMode 4619827677550801152 {mode=60.00 Hz (60.00 Hz(60.00 Hz)), emitEvent=true, force=false}
02-18 08:01:30.119  1000  1467  1853 I WifiService: getVerboseLoggingLevel uid=10126
02-18 08:01:30.120  1000   570   671 D hwc-display: setActiveConfigWithConstraints:: PrimaryDisplay config(36) test(0)
02-18 08:01:30.120  1000   570   671 I hwc-display: [PrimaryDisplay] setActiveConfigWithConstraints: config(36)
02-18 08:01:30.124  root   876  5806 I resolv  : GetAddrInfoHandler::run: {0 0 0 983040 10126 0}
02-18 08:01:30.125  1000  1467  1579 I DisplayDeviceRepository: Display device changed: DisplayDeviceInfo{"Built-in Screen": uniqueId="local:4619827677550801152", 1080 x 2400, modeId 1, renderFrameRate 60.0, defaultModeId 2, userPreferredModeId -1, supportedModes [{id=1, width=1080, height=2400, fps=60.0, vsync=60.0, alternativeRefreshRates=[90.0], supportedHdrTypes=[2, 3, 4]}, {id=2, width=1080, height=2400, fps=90.0, vsync=90.0, alternativeRefreshRates=[60.0], supportedHdrTypes=[2, 3, 4]}], colorMode 0, supportedColorModes [0, 7, 9], hdrCapabilities HdrCapabilities{mSupportedHdrTypes=[2, 3, 4], mMaxLuminance=1000.0, mMaxAverageLuminance=120.0, mMinLuminance=5.0E-4}, allmSupported false, gameContentTypeSupported false, density 420, 415.636 x 417.534 dpi, appVsyncOff 6233334, presDeadline 11500000, cutout DisplayCutout{insets=Rect(0, 136 - 0, 0) waterfall=Insets{left=0, top=0, right=0, bottom=0} boundingRect={Bounds=[Rect(0, 0 - 0, 0), Rect(480, 0 - 625, 136), Rect(0, 0 - 0, 0), Rect(0, 0 - 0, 0)]} cutoutPathParserInfo={CutoutPathParserInfo{displayWidth=1080 displayHeight=2400 physicalDisplayWidth=1080 physicalDisplayHeight=2400 density={2.625} cutoutSpec={M 506,68 a 34,34 0 1 0 68,0 34,34 0 1 0 -68,0 Z @left} rotation={0} scale={1.0} physicalPixelDisplaySizeRatio={1.0}}} sideOverrides={}}, touch INTERNAL, rotation 0, type INTERNAL, address {port=0, model=0x401ceccbbbeef1}, deviceProductInfo DeviceProductInfo{name=Common Panel, manufacturerPnpId=GGL, productId=0, modelYear=null, manufactureDate=ManufactureDate{week=1, year=1990}, connectionToSinkType=0}, state ON, committedState ON, frameRateOverride , brightnessMinimum 0.0, brightnessMaximum 1.0, brightnessDefault 0.17429718, hdrSdrRatio 1.0, roundedCorners RoundedCorners{[RoundedCorner{position=TopLeft, radius=47, center=Point(47, 47)}, RoundedCorner{position=TopRight, radius=47, center=Point(1033, 47)}, RoundedCorner{position=BottomRight, radius=48, center=Point(1032, 2352)}, RoundedCorner{position=BottomLeft, radius=48, center=Point(48, 2352)}]}, FLAG_ALLOWED_TO_BE_DEFAULT_DISPLAY, FLAG_ROTATES_WITH_CONTENT, FLAG_SECURE, FLAG_SUPPORTS_PROTECTED_BUFFERS, FLAG_TRUSTED, installOrientation 0, displayShape DisplayShape{ spec=-552977240 displayWidth=1080 displayHeight=2400 physicalPixelDisplaySizeRatio=1.0 rotation=0 offsetX=0 offsetY=0 scale=1.0}}
02-18 08:01:30.125 10126  5787  5804 E WifiConnector: Failed to open connection to check connectivity
02-18 08:01:30.153  root   249   249 I gtd     : FTS_TS: refresh rate(Hz) changed to 60 from 90
02-18 08:01:30.128  1000  1467  1659 D BrightnessThermalClamper: Thermal status observer already started
02-18 08:01:30.128  1000  1467  1659 D BrightnessPowerClamper: Power throttling data is missing for configuration data.
02-18 08:01:30.130  1041   901  3496 D audio_hw: adev_set_parameters: enter: screen_state=on
02-18 08:01:30.130  1000  1467  1853 W MagnificationConnectionManager: requestConnection duplicated request: connect=false, mConnectionState=DISCONNECTED
02-18 08:01:30.130  1000  1467  1853 D AccessibilityManagerService: restoreCurrentUserForTestAutomationIfNeededLocked(): ignoring because device doesn't support visible background users
02-18 08:01:30.131 10097  2899  2955 D allDisplayEvents: newValue: Changed(displayId=0)
02-18 08:01:30.131 10097  2899  2899 D DisplayRepository: combining enabled=[0], connectedExternalDisplayIds=[], ignored=[]
02-18 08:01:30.131  1000  1467  1467 D BatterySaverPolicy: accessibility changed to false, updating policy.
02-18 08:01:30.132  1000  1467  3322 I ActivityManager: Force stopping com.android.tradefed.utils.wifi appid=10126 user=0: finished inst
02-18 08:01:30.133  1000  1467  3322 E ActivityManager: Unable to freeze binder for 5787: -11
02-18 08:01:30.134 shell  5773  5773 I app_process: System.exit called, status: 0
02-18 08:01:30.134 shell  5773  5773 I AndroidRuntime: VM exiting with result code 0.
02-18 08:01:30.134  1000  1467  3322 I am_uid_stopped: 10126
02-18 08:01:30.135  1000  1467  3322 I ActivityManager: Killing 5787:com.android.tradefed.utils.wifi/u0a126 (adj 0): stop com.android.tradefed.utils.wifi due to finished inst
02-18 08:01:30.135  1000  1467  1575 D DisplayManagerService: Drop pending events for gone uid 10126
02-18 08:01:30.135  1000  1467  3322 I am_kill : [0,5787,com.android.tradefed.utils.wifi,0,stop com.android.tradefed.utils.wifi due to finished inst,105940]
02-18 08:01:30.165  1000  3322  3322 I binder  : 1467:3322 ioctl 400c620e 6c5840d38c returned -11
02-18 08:01:30.175  root    73    73 I binder  : release 5773:5786 transaction 188543 in, still active
02-18 08:01:30.175  root    73    73 I binder  : send failed reply for transaction 188543 to 1467:5252
02-18 08:01:30.143  1000  1467  5252 W ActivityManager: pid 1467 system sent binder code 2 with flags 0 to frozen apps and got error -32
02-18 08:01:30.143  1000  1467  5252 I ActivityManager: Failure reporting to instrumentation watcher: comp=ComponentInfo{com.android.tradefed.utils.wifi/com.android.tradefed.utils.wifi.WifiUtil} results=Bundle[mParcelledData.dataSize=32]
02-18 08:01:30.164  1000  1467  3322 V ActivityManager: Got obituary of 5787:com.android.tradefed.utils.wifi
02-18 08:01:30.164  1000  1467  1614 I libprocessgroup: Removed cgroup /sys/fs/cgroup/uid_10126/pid_5787
02-18 08:01:30.165  root   877   877 I Zygote  : Process 5787 exited due to signal 9 (Killed)
02-18 08:01:30.196  root  1707  1707 I binder  : undelivered TRANSACTION_COMPLETE
02-18 08:01:30.196  root  1707  1707 I binder  : undelivered transaction 188577, process died.
02-18 08:01:30.323  1000  1467  1895 I commit_sys_config_file: [settings-2-0,10]
02-18 08:01:30.368  1000  1467  1776 I commit_sys_config_file: [package,51]
02-18 08:01:30.399  logd  5241  5241 I logd    : start watching /data/system/packages.list ...
02-18 08:01:30.402  logd  5241  5241 I logd    : ReadPackageList, total packages: 132
02-18 08:01:30.386  1000  1467  1772 I commit_sys_config_file: [package-user-0,17]
02-18 08:01:30.468  root     1     1 I init    : starting service 'securedpud.slider'...
02-18 08:01:30.493  root     1     1 I init    : ... started service 'securedpud.slider' has pid 5809
02-18 08:01:30.493  root     1     1 I init    : starting service 'trusty_metricsd'...
02-18 08:01:30.501  root     1     1 I init    : ... started service 'trusty_metricsd' has pid 5810
02-18 08:01:30.489  1000  5809  5809 I securedpud.slider: starting securedpud
02-18 08:01:30.489  1000  5809  5809 I securedpud.slider: trusty dev: /dev/trusty-ipc-dev0
02-18 08:01:30.489  1000  5809  5809 I DMABUFHEAPS: Using DMA-BUF heap named: tui-secure
02-18 08:01:30.490  1000  5809  5809 E libtrusty: tipc_connect: can't connect to tipc service "com.android.trusty.secure_dpu" (err=107)
02-18 08:01:30.490  1000  5809  5809 E securedpud.slider: Failed to connect to: /dev/trusty-ipc-dev0
02-18 08:01:30.525  root     1     1 I init    : Service 'securedpud.slider' (pid 5809) exited with status 1
02-18 08:01:30.525  root     1     1 I init    : Sending signal 9 to service 'securedpud.slider' (pid 5809) process group...
