02-17 17:20:18.292 10091  3134  3198 D PackageUpdatedTask: mAllAppsList.removePackage android.app.stubs
02-17 17:20:18.292 10091  3134  3198 D ModelWriter: removing items from db . Reason: [removed because the corresponding package or component is removed. mOp=3 removedPackages=[android.app.stubs] removedComponents=[]]
02-17 17:20:18.292 10091  3134  3134 D StatsLog: LAUNCHER_ALLAPPS_COUNT
02-17 17:20:18.322 10111  3526  5466 W MediaProvider: isAppCloneUserPair for user 0: false
02-17 17:20:18.409   hsm   547   559 D libnos_datagram: Calling App 0x00 with params 0x0200
02-17 17:20:18.437  1000  1449  1704 I commit_sys_config_file: [notification-policy,14]
02-17 17:20:18.442   hsm   547   559 D libnos_datagram: App 0x00 returning 0x0
02-17 17:20:18.451 10111  3526  3905 I MediaProvider: Deleted 1 0 0 0 0 0 0 items on external_primary due to com.android.shell
02-17 17:20:18.472 10083  3393  3428 I LatinIME:LogUtils: Dictionary info: dictionary = main:en ; version = 54 ; date = 1414726273
02-17 17:20:18.859 10111  3526  3904 W MediaProvider: isAppCloneUserPair for user 0: false
02-17 17:20:19.030 10111  3526  5466 I MediaProvider: Deleted 1 0 0 0 0 0 0 items on external_primary due to com.android.shell
02-17 17:20:19.096  1000  1449  1866 I RoleService: Granting default roles...
02-17 17:20:19.113  artd  5515  5517 I artd    : Dex parent of /data/app/~~WcH-YX75qhqlF8aVYS2d6g==/com.android.tradefed.utils.wifi-JUnp2kGoHZX1PvJKk3yrWw==/base.apk is not writable: Permission denied
02-17 17:20:19.113  artd  5515  5517 I artd    : GetBestInfo checking odex in dalvik-cache (/data/dalvik-cache/arm64/data@app@~~WcH-YX75qhqlF8aVYS2d6g==@com.android.tradefed.utils.wifi-JUnp2kGoHZX1PvJKk3yrWw==@base.apk@classes.dex)
02-17 17:20:19.113  artd  5515  5517 I artd    : Loading /data/dalvik-cache/arm64/data@app@~~WcH-YX75qhqlF8aVYS2d6g==@com.android.tradefed.utils.wifi-JUnp2kGoHZX1PvJKk3yrWw==@base.apk@classes.dex with executable: 0
02-17 17:20:19.113  artd  5515  5517 I artd    : OatFileAssistant test for existing oat file /data/dalvik-cache/arm64/data@app@~~WcH-YX75qhqlF8aVYS2d6g==@com.android.tradefed.utils.wifi-JUnp2kGoHZX1PvJKk3yrWw==@base.apk@classes.dex: File /data/dalvik-cache/arm64/data@app@~~WcH-YX75qhqlF8aVYS2d6g==@com.android.tradefed.utils.wifi-JUnp2kGoHZX1PvJKk3yrWw==@base.apk@classes.vdex does not exist.
02-17 17:20:19.113  artd  5515  5517 I artd    : GetBestInfo checking odex next to the dex file (/data/app/~~WcH-YX75qhqlF8aVYS2d6g==/com.android.tradefed.utils.wifi-JUnp2kGoHZX1PvJKk3yrWw==/oat/arm64/base.odex)
02-17 17:20:19.113  artd  5515  5517 I artd    : Loading /data/app/~~WcH-YX75qhqlF8aVYS2d6g==/com.android.tradefed.utils.wifi-JUnp2kGoHZX1PvJKk3yrWw==/oat/arm64/base.odex with executable: 0
02-17 17:20:19.113  artd  5515  5517 I artd    : Successfully loaded /data/app/~~WcH-YX75qhqlF8aVYS2d6g==/com.android.tradefed.utils.wifi-JUnp2kGoHZX1PvJKk3yrWw==/oat/arm64/base.odex with executable: 0
02-17 17:20:19.114  artd  5515  5517 I artd    : /data/app/~~WcH-YX75qhqlF8aVYS2d6g==/com.android.tradefed.utils.wifi-JUnp2kGoHZX1PvJKk3yrWw==/oat/arm64/base.odex is kOatUpToDate with filter verify
02-17 17:20:19.249 shell  7351  7351 D AndroidRuntime: >>>>>> START com.android.internal.os.RuntimeInit uid 2000 <<<<<<
02-17 17:20:19.254 shell  7351  7351 I AndroidRuntime: Using default boot image
02-17 17:20:19.254 shell  7351  7351 I AndroidRuntime: Leaving lock profiling enabled
02-17 17:20:19.256 shell  7351  7351 I app_process: Core platform API reporting enabled, enforcing=false
02-17 17:20:19.256 shell  7351  7351 I app_process: Using CollectorTypeCMC GC.
02-17 17:20:19.325 shell  7351  7351 D nativeloader: InitDefaultPublicLibraries for_preload=1: libandroid.so:libaaudio.so:libamidi.so:libbinder_ndk.so:libc.so:libcamera2ndk.so:libdl.so:libEGL.so:libGLESv1_CM.so:libGLESv2.so:libGLESv3.so:libicu.so:libicui18n.so:libicuuc.so:libjnigraphics.so:liblog.so:libmediandk.so:libm.so:libnativehelper.so:libnativewindow.so:libOpenMAXAL.so:libOpenSLES.so:libRS.so:libstdc++.so:libsync.so:libvulkan.so:libwebviewchromium_plat_support.so:libz.so
02-17 17:20:19.343 shell  7351  7351 D nativeloader: Load libicu_jni.so using APEX ns com_android_art for caller /apex/com.android.art/javalib/core-oj.jar: ok
02-17 17:20:19.343 shell  7351  7351 D app_process: Time zone APEX ICU file found: /apex/com.android.tzdata/etc/icu/icu_tzdata.dat
02-17 17:20:19.343 shell  7351  7351 D app_process: I18n APEX ICU file found: /apex/com.android.i18n/etc/icu/icudt72l.dat
02-17 17:20:19.345 shell  7351  7351 D nativeloader: Load libjavacore.so using APEX ns com_android_art for caller /apex/com.android.art/javalib/core-oj.jar: ok
02-17 17:20:19.346 shell  7351  7351 D nativeloader: Load libopenjdk.so using APEX ns com_android_art for caller /apex/com.android.art/javalib/core-oj.jar: ok
02-17 17:20:19.371 shell  7351  7351 D nativeloader: Load libframework-connectivity-tiramisu-jni.so using APEX ns com_android_tethering for caller /apex/com.android.tethering/javalib/framework-connectivity-t.jar: ok
02-17 17:20:19.372 shell  7351  7351 D AndroidRuntime: Calling main entry com.android.commands.am.Am
02-17 17:20:19.374 shell  7351  7351 D UiAutomationConnection: Created on user UserHandle{0}
02-17 17:20:19.375  1000  1449  2922 I ActivityManager: Force stopping com.android.tradefed.utils.wifi appid=10126 user=0: start instr
02-17 17:20:19.375  1000  1449  2922 D GrammaticalInflection: The flag must be enabled to allow calling the API.
02-17 17:20:19.376  1000  1449  2922 I am_uid_running: 10126
02-17 17:20:19.376  1000  1449  2922 D CompatibilityChangeReporter: Compat change id reported: 135634846; UID 10126; state: DISABLED
02-17 17:20:19.376  1000  1449  2922 D CompatibilityChangeReporter: Compat change id reported: 177438394; UID 10126; state: DISABLED
02-17 17:20:19.376  1000  1449  2922 D CompatibilityChangeReporter: Compat change id reported: 135772972; UID 10126; state: DISABLED
02-17 17:20:19.376  1000  1449  2922 D CompatibilityChangeReporter: Compat change id reported: 135754954; UID 10126; state: ENABLED
02-17 17:20:19.376  1000  1449  1719 D CompatibilityChangeReporter: Compat change id reported: 143937733; UID 10126; state: ENABLED
02-17 17:20:19.377  1000  1449  1855 D CompatibilityChangeReporter: Compat change id reported: 265195908; UID 10126; state: ENABLED
02-17 17:20:19.382  root   865   865 D Zygote  : Forked child process 7365
02-17 17:20:19.382  1000  1449  1719 I am_proc_start: [0,7365,10126,com.android.tradefed.utils.wifi,added application,com.android.tradefed.utils.wifi]
02-17 17:20:19.383  1000  1449  1719 I ActivityManager: Start proc 7365:com.android.tradefed.utils.wifi/u0a126 for added application com.android.tradefed.utils.wifi
02-17 17:20:19.397 10126  7365  7365 I efed.utils.wifi: Using CollectorTypeCMC GC.
02-17 17:20:19.402 10126  7365  7365 E efed.utils.wifi: Not starting debugger since process cannot load the jdwp agent.
02-17 17:20:19.406 10126  7365  7365 D nativeloader: Load libframework-connectivity-tiramisu-jni.so using APEX ns com_android_tethering for caller /apex/com.android.tethering/javalib/framework-connectivity-t.jar: ok
02-17 17:20:19.412  1000  1449  2922 I am_proc_bound: [0,7365,com.android.tradefed.utils.wifi]
02-17 17:20:19.413  1000  1449  2922 D CompatibilityChangeReporter: Compat change id reported: 168419799; UID 10126; state: DISABLED
02-17 17:20:19.413  1000  1449  2922 D CompatibilityChangeReporter: Compat change id reported: 273564678; UID 10126; state: DISABLED
02-17 17:20:19.416 10126  7365  7365 D CompatibilityChangeReporter: Compat change id reported: 171979766; UID 10126; state: ENABLED
02-17 17:20:19.416 10126  7365  7365 D CompatibilityChangeReporter: Compat change id reported: 242716250; UID 10126; state: DISABLED
02-17 17:20:19.419  1000  1449  2922 D CompatibilityChangeReporter: Compat change id reported: 170503758; UID 10126; state: ENABLED
02-17 17:20:19.421 10126  7365  7365 D ApplicationLoaders: Returning zygote-cached class loader: /system/framework/android.test.base.jar
02-17 17:20:19.425 10126  7365  7365 D nativeloader: Configuring clns-4 for other apk /system/framework/android.test.mock.jar. target_sdk_version=31, uses_libraries=ALL, library_path=/data/app/~~WcH-YX75qhqlF8aVYS2d6g==/com.android.tradefed.utils.wifi-JUnp2kGoHZX1PvJKk3yrWw==/lib/arm64, permitted_path=/data:/mnt/expand:/data/user/0/com.android.tradefed.utils.wifi
02-17 17:20:19.427 10126  7365  7365 D ApplicationLoaders: Returning zygote-cached class loader: /system/framework/android.test.base.jar
02-17 17:20:19.429 10126  7365  7365 D nativeloader: Configuring clns-5 for other apk /system/framework/android.test.runner.jar. target_sdk_version=31, uses_libraries=ALL, library_path=/data/app/~~WcH-YX75qhqlF8aVYS2d6g==/com.android.tradefed.utils.wifi-JUnp2kGoHZX1PvJKk3yrWw==/lib/arm64, permitted_path=/data:/mnt/expand:/data/user/0/com.android.tradefed.utils.wifi
02-17 17:20:19.433 10126  7365  7365 D nativeloader: Configuring clns-6 for other apk /data/app/~~WcH-YX75qhqlF8aVYS2d6g==/com.android.tradefed.utils.wifi-JUnp2kGoHZX1PvJKk3yrWw==/base.apk. target_sdk_version=31, uses_libraries=, library_path=/data/app/~~WcH-YX75qhqlF8aVYS2d6g==/com.android.tradefed.utils.wifi-JUnp2kGoHZX1PvJKk3yrWw==/lib/arm64, permitted_path=/data:/mnt/expand:/data/user/0/com.android.tradefed.utils.wifi
02-17 17:20:19.440 10126  7365  7365 V GraphicsEnvironment: Currently set values for:
02-17 17:20:19.440 10126  7365  7365 V GraphicsEnvironment:   angle_gl_driver_selection_pkgs=[]
02-17 17:20:19.440 10126  7365  7365 V GraphicsEnvironment:   angle_gl_driver_selection_values=[]
02-17 17:20:19.440 10126  7365  7365 V GraphicsEnvironment: Global.Settings values are invalid: number of packages: 0, number of values: 0
02-17 17:20:19.440 10126  7365  7365 V GraphicsEnvironment: Neither updatable production driver nor prerelease driver is supported.
02-17 17:20:19.443 10126  7365  7365 I UiAutomation: Initialized for user 0 on display 0
02-17 17:20:19.445  1000  1449  2922 D AccessibilityManagerService: changeCurrentUserForTestAutomationIfNeededLocked(0): ignoring because device doesn't support visible background users
02-17 17:20:19.445  1000  1449  2922 I UiAutomationManager: Registering UiTestAutomationService (id=com.android.server.accessibility/UiAutomation) when called by user 0
02-17 17:20:19.447  1000  1449  2922 W MagnificationConnectionManager: requestConnection duplicated request: connect=false, mConnectionState=DISCONNECTED
02-17 17:20:19.448 10126  7365  7381 V UiAutomation: Init UiAutomation@60ceddc[id=9, displayId=0, flags=0]
02-17 17:20:19.449  1000  1449  1449 D BatterySaverPolicy: accessibility changed to true, updating policy.
02-17 17:20:19.451  1000  1449  1553 I am_uid_active: 10126
02-17 17:20:19.452  1000  1449  1818 I WifiService: getVerboseLoggingLevel uid=10126
02-17 17:20:19.454  root   864  7384 I resolv  : GetAddrInfoHandler::run: {0 0 0 983040 10126 0}
02-17 17:20:19.455 10126  7365  7382 E WifiConnector: Failed to open connection to check connectivity
02-17 17:20:19.457  1000  1449  2926 W MagnificationConnectionManager: requestConnection duplicated request: connect=false, mConnectionState=DISCONNECTED
02-17 17:20:19.457  1000  1449  2926 D AccessibilityManagerService: restoreCurrentUserForTestAutomationIfNeededLocked(): ignoring because device doesn't support visible background users
02-17 17:20:19.458  1000  1449  1449 D BatterySaverPolicy: accessibility changed to false, updating policy.
02-17 17:20:19.458  1000  1449  2926 I ActivityManager: Force stopping com.android.tradefed.utils.wifi appid=10126 user=0: finished inst
02-17 17:20:19.459  1000  1449  2926 E ActivityManager: Unable to freeze binder for 7365: -11
02-17 17:20:19.460 shell  7351  7351 I app_process: System.exit called, status: 0
02-17 17:20:19.460 shell  7351  7351 I AndroidRuntime: VM exiting with result code 0.
02-17 17:20:19.461  1000  1449  2926 I am_uid_stopped: 10126
02-17 17:20:19.461  1000  1449  2926 I ActivityManager: Killing 7365:com.android.tradefed.utils.wifi/u0a126 (adj 0): stop com.android.tradefed.utils.wifi due to finished inst
02-17 17:20:19.461  1000  1449  1703 D DisplayManagerService: Drop pending events for gone uid 10126
02-17 17:20:19.462  1000  1449  2926 I am_kill : [0,7365,com.android.tradefed.utils.wifi,0,stop com.android.tradefed.utils.wifi due to finished inst,103568]
02-17 17:20:19.490  1000  2926  2926 I binder  : 1449:2926 ioctl 400c620e 711dd6b42c returned -11
02-17 17:20:19.490  1000  2926  2926 I binder  : 1449:2926 ioctl 400c620e 711dd6b42c returned -11
02-17 17:20:19.477  1000  1449  2922 V ActivityManager: Got obituary of 7365:com.android.tradefed.utils.wifi
02-17 17:20:19.477  root   865   865 I Zygote  : Process 7365 exited due to signal 9 (Killed)
02-17 17:20:19.507  root   158   158 I binder  : undelivered transaction 220533, process died.
02-17 17:20:19.495  1000  1449  1726 I libprocessgroup: Removed cgroup /sys/fs/cgroup/uid_10126/pid_7365
02-17 17:20:19.669  1000  1449  1863 I commit_sys_config_file: [settings-2-0,20]
02-17 17:20:20.393  root     1     1 I init    : starting service 'securedpud.slider'...
02-17 17:20:20.419  root     1     1 I init    : ... started service 'securedpud.slider' has pid 7386
02-17 17:20:20.419  root     1     1 I init    : starting service 'trusty_metricsd'...
02-17 17:20:20.427  root     1     1 I init    : ... started service 'trusty_metricsd' has pid 7387
02-17 17:20:20.415  1000  7386  7386 I securedpud.slider: starting securedpud
02-17 17:20:20.415  1000  7386  7386 I securedpud.slider: trusty dev: /dev/trusty-ipc-dev0
02-17 17:20:20.416  1000  7386  7386 I DMABUFHEAPS: Using DMA-BUF heap named: tui-secure
02-17 17:20:20.416  1000  7386  7386 E libtrusty: tipc_connect: can't connect to tipc service "com.android.trusty.secure_dpu" (err=107)
02-17 17:20:20.417  1000  7386  7386 E securedpud.slider: Failed to connect to: /dev/trusty-ipc-dev0
02-17 17:20:20.449  root     1     1 I init    : Service 'securedpud.slider' (pid 7386) exited with status 1
02-17 17:20:20.450  root     1     1 I init    : Sending signal 9 to service 'securedpud.slider' (pid 7386) process group...
02-17 17:20:20.450  root     1     1 I libprocessgroup: Removed cgroup /sys/fs/cgroup/uid_1000/pid_7386
02-17 17:20:20.451  root     1     1 E init    : process with updatable components 'securedpud.slider' exited 4 times in 4 minutes
02-17 17:20:20.456  root     1     1 I init    : processing action (sys.init.updatable_crashing=1) from (/system/etc/init/flags_health_check.rc:10)
02-17 17:20:20.456  root     1     1 I init    : starting service 'exec 315 (/system/bin/flags_health_check UPDATABLE_CRASHING)'...
02-17 17:20:20.434  1000  7387  7387 I trusty_metricsd: starting trusty_metricsd
02-17 17:20:20.434  1000  7387  7387 I trusty_metricsd: trusty dev: /dev/trusty-ipc-dev0
02-17 17:20:20.466  root     1     1 I init    : ... started service 'exec 315 (/system/bin/flags_health_check UPDATABLE_CRASHING)' has pid 7388
02-17 17:20:20.466  root     1     1 I init    : SVC_EXEC service 'exec 315 (/system/bin/flags_health_check UPDATABLE_CRASHING)' pid 7388 (uid 1000 gid 1000+0 context default) started; waiting...
02-17 17:20:20.438  1000  7387  7387 E libtrusty: tipc_connect: can't connect to tipc service "com.android.frameworks.stats.trusty.metrics.istats_setter" (err=107)
02-17 17:20:20.438  1000  7387  7387 E RpcTrusty: Failed to connect to Trusty service. Error code: -107
02-17 17:20:20.438  1000  7387  7387 E RpcTrusty: Failed to set up Trusty client. Error: BAD_VALUE
02-17 17:20:20.438  1000  7387  7387 E trusty_metricsd: failed to connect TrustyMetricsPixel to Trusty: failed to connect to Trusty metrics TA: Transport endpoint is not connected
02-17 17:20:20.438  1000  7387  7387 W RefBase : RefBase: Explicit destruction, weak count = 0 (in 0xb400006ea1020728). Use sp<> to manage this object.
02-17 17:20:20.438  1000  7387  7387 W RefBase : CallStack::getCurrentInternal not linked, returning null
02-17 17:20:20.438  1000  7387  7387 W RefBase : CallStack::logStackInternal not linked
02-17 17:20:20.438  1000  7387  7387 E trusty_metricsd: failed to open Trusty metrics client
02-17 17:20:20.438  1000  7387  7387 E trusty_metricsd: trying to connect to Trusty metrics TA at old TIPC port
02-17 17:20:20.440  1000  7387  7387 E libtrusty: tipc_connect: can't connect to tipc service "com.android.trusty.metrics" (err=107)
02-17 17:20:20.440  1000  7387  7387 E trusty_metricsd: failed to open TrustyMetricsPixelTipc: failed to connect to Trusty metrics TA: Transport endpoint is not connected
02-17 17:20:20.440  1000  7387  7387 E trusty_metricsd: failed to open Trusty metrics client
02-17 17:20:20.442  1000  7388  7388 I flags_health_check: ServerConfigurableFlagsReset reset_mode value: 1
02-17 17:20:20.442  1000  7388  7388 I flags_health_check: ServerConfigurableFlagsReset updatable crashing detected, resetting flags.
02-17 17:20:20.473  root     1     1 I init    : Service 'trusty_metricsd' (pid 7387) exited with status 1
02-17 17:20:20.473  root     1     1 I init    : Sending signal 9 to service 'trusty_metricsd' (pid 7387) process group...
02-17 17:20:20.474  root     1     1 I libprocessgroup: Removed cgroup /sys/fs/cgroup/uid_1000/pid_7387
02-17 17:20:20.474  root     1     1 E init    : process with updatable components 'trusty_metricsd' exited 4 times in 4 minutes
02-17 17:20:20.476  root     1     1 I init    : Service 'exec 315 (/system/bin/flags_health_check UPDATABLE_CRASHING)' (pid 7388) exited with status 0 waiting took 0.014000 seconds
02-17 17:20:20.476  root     1     1 I init    : Sending signal 9 to service 'exec 315 (/system/bin/flags_health_check UPDATABLE_CRASHING)' (pid 7388) process group...
02-17 17:20:20.477  root     1     1 I libprocessgroup: Removed cgroup /sys/fs/cgroup/uid_1000/pid_7388
02-17 17:20:20.478  root     1     1 I init    : processing action (sys.init.updatable_crashing=1) from (/system/etc/init/flags_health_check.rc:10)
02-17 17:20:20.479  root     1     1 I init    : starting service 'exec 316 (/system/bin/flags_health_check UPDATABLE_CRASHING)'...
02-17 17:20:20.487  root     1     1 I init    : ... started service 'exec 316 (/system/bin/flags_health_check UPDATABLE_CRASHING)' has pid 7389
02-17 17:20:20.487  root     1     1 I init    : SVC_EXEC service 'exec 316 (/system/bin/flags_health_check UPDATABLE_CRASHING)' pid 7389 (uid 1000 gid 1000+0 context default) started; waiting...
02-17 17:20:20.480  1000  7389  7389 I flags_health_check: ServerConfigurableFlagsReset reset_mode value: 1
02-17 17:20:20.480  1000  7389  7389 I flags_health_check: ServerConfigurableFlagsReset updatable crashing detected, resetting flags.
02-17 17:20:20.519  root     1     1 I init    : Service 'exec 316 (/system/bin/flags_health_check UPDATABLE_CRASHING)' (pid 7389) exited with status 0 waiting took 0.034000 seconds
02-17 17:20:20.519  root     1     1 I init    : Sending signal 9 to service 'exec 316 (/system/bin/flags_health_check UPDATABLE_CRASHING)' (pid 7389) process group...
02-17 17:20:20.520  root     1     1 I libprocessgroup: Removed cgroup /sys/fs/cgroup/uid_1000/pid_7389
02-17 17:20:23.473  1000  1449  1755 I commit_sys_config_file: [package,49]
02-17 17:20:23.503  logd  6073  6073 I logd    : start watching /data/system/packages.list ...
02-17 17:20:23.509  logd  6073  6073 I logd    : ReadPackageList, total packages: 132
02-17 17:20:23.487  1000  1449  1750 I commit_sys_config_file: [package-user-0,14]
02-17 17:20:24.377  root     0     0 E         : [    C2] exynos5-hsi2c 10970000.hsi2c: HSI2C Error Interrupt occurred(IS:0x00000401, TR:0x00080001)
02-17 17:20:24.377  root     0     0 E         : [    C2] exynos5-hsi2c 10970000.hsi2c: HSI2C NO ACK occurred
02-17 17:20:24.377   nfc  3898  3898 E exynos5-hsi2c 10970000.hsi2c: ack was not received at write
02-17 17:20:24.377   nfc  3898  3898 I exynos5-hsi2c 10970000.hsi2c: exynos5_i2c_set_timing IPCLK = 199680000 OP_CLK = 400000 DIV = 31 Timing FS1 = 0x1F0FF00 TIMING FS2 = 0x30003E0 TIMING FS3 = 0x1F0000
02-17 17:20:24.377   nfc  3898  3898 E st21nfc i2c-st21nfc: st21nfc_dev_write : i2c_master_send returned -6
02-17 17:20:24.561   nfc  3543  3543 I NfcDispatcher: no match
02-17 17:20:24.797 10111  3526  3905 W MediaProvider: isAppCloneUserPair for user 0: false
02-17 17:20:24.995 10111  3526  3904 I MediaProvider: Deleted 1 0 0 0 0 0 0 items on external_primary due to com.android.shell
02-17 17:20:25.088  artd  5515  5517 I artd    : Dex parent of /data/app/~~WcH-YX75qhqlF8aVYS2d6g==/com.android.tradefed.utils.wifi-JUnp2kGoHZX1PvJKk3yrWw==/base.apk is not writable: Permission denied
02-17 17:20:25.088  artd  5515  5517 I artd    : GetBestInfo checking odex in dalvik-cache (/data/dalvik-cache/arm64/data@app@~~WcH-YX75qhqlF8aVYS2d6g==@com.android.tradefed.utils.wifi-JUnp2kGoHZX1PvJKk3yrWw==@base.apk@classes.dex)
02-17 17:20:25.088  artd  5515  5517 I artd    : Loading /data/dalvik-cache/arm64/data@app@~~WcH-YX75qhqlF8aVYS2d6g==@com.android.tradefed.utils.wifi-JUnp2kGoHZX1PvJKk3yrWw==@base.apk@classes.dex with executable: 0
02-17 17:20:25.088  artd  5515  5517 I artd    : OatFileAssistant test for existing oat file /data/dalvik-cache/arm64/data@app@~~WcH-YX75qhqlF8aVYS2d6g==@com.android.tradefed.utils.wifi-JUnp2kGoHZX1PvJKk3yrWw==@base.apk@classes.dex: File /data/dalvik-cache/arm64/data@app@~~WcH-YX75qhqlF8aVYS2d6g==@com.android.tradefed.utils.wifi-JUnp2kGoHZX1PvJKk3yrWw==@base.apk@classes.vdex does not exist.
02-17 17:20:25.088  artd  5515  5517 I artd    : GetBestInfo checking odex next to the dex file (/data/app/~~WcH-YX75qhqlF8aVYS2d6g==/com.android.tradefed.utils.wifi-JUnp2kGoHZX1PvJKk3yrWw==/oat/arm64/base.odex)
02-17 17:20:25.088  artd  5515  5517 I artd    : Loading /data/app/~~WcH-YX75qhqlF8aVYS2d6g==/com.android.tradefed.utils.wifi-JUnp2kGoHZX1PvJKk3yrWw==/oat/arm64/base.odex with executable: 0
02-17 17:20:25.089  artd  5515  5517 I artd    : Successfully loaded /data/app/~~WcH-YX75qhqlF8aVYS2d6g==/com.android.tradefed.utils.wifi-JUnp2kGoHZX1PvJKk3yrWw==/oat/arm64/base.odex with executable: 0
02-17 17:20:25.090  artd  5515  5517 I artd    : /data/app/~~WcH-YX75qhqlF8aVYS2d6g==/com.android.tradefed.utils.wifi-JUnp2kGoHZX1PvJKk3yrWw==/oat/arm64/base.odex is kOatUpToDate with filter verify
02-17 17:20:25.272 shell  7414  7414 D AndroidRuntime: >>>>>> START com.android.internal.os.RuntimeInit uid 2000 <<<<<<
02-17 17:20:25.277 shell  7414  7414 I AndroidRuntime: Using default boot image
02-17 17:20:25.277 shell  7414  7414 I AndroidRuntime: Leaving lock profiling enabled
02-17 17:20:25.279 shell  7414  7414 I app_process: Core platform API reporting enabled, enforcing=false
02-17 17:20:25.279 shell  7414  7414 I app_process: Using CollectorTypeCMC GC.
02-17 17:20:25.349 shell  7414  7414 D nativeloader: InitDefaultPublicLibraries for_preload=1: libandroid.so:libaaudio.so:libamidi.so:libbinder_ndk.so:libc.so:libcamera2ndk.so:libdl.so:libEGL.so:libGLESv1_CM.so:libGLESv2.so:libGLESv3.so:libicu.so:libicui18n.so:libicuuc.so:libjnigraphics.so:liblog.so:libmediandk.so:libm.so:libnativehelper.so:libnativewindow.so:libOpenMAXAL.so:libOpenSLES.so:libRS.so:libstdc++.so:libsync.so:libvulkan.so:libwebviewchromium_plat_support.so:libz.so
02-17 17:20:25.373 shell  7414  7414 D nativeloader: Load libicu_jni.so using APEX ns com_android_art for caller /apex/com.android.art/javalib/core-oj.jar: ok
02-17 17:20:25.373 shell  7414  7414 D app_process: Time zone APEX ICU file found: /apex/com.android.tzdata/etc/icu/icu_tzdata.dat
02-17 17:20:25.373 shell  7414  7414 D app_process: I18n APEX ICU file found: /apex/com.android.i18n/etc/icu/icudt72l.dat
02-17 17:20:25.374 shell  7414  7414 D nativeloader: Load libjavacore.so using APEX ns com_android_art for caller /apex/com.android.art/javalib/core-oj.jar: ok
02-17 17:20:25.376 shell  7414  7414 D nativeloader: Load libopenjdk.so using APEX ns com_android_art for caller /apex/com.android.art/javalib/core-oj.jar: ok
02-17 17:20:25.417  root     1     1 I init    : starting service 'securedpud.slider'...
02-17 17:20:25.426  root     1     1 I init    : ... started service 'securedpud.slider' has pid 7426
02-17 17:20:25.426  root     1     1 I init    : starting service 'trusty_metricsd'...
02-17 17:20:25.401 shell  7414  7414 D nativeloader: Load libframework-connectivity-tiramisu-jni.so using APEX ns com_android_tethering for caller /apex/com.android.tethering/javalib/framework-connectivity-t.jar: ok
02-17 17:20:25.401 shell  7414  7414 D AndroidRuntime: Calling main entry com.android.commands.am.Am
02-17 17:20:25.406 shell  7414  7414 D UiAutomationConnection: Created on user UserHandle{0}
02-17 17:20:25.407  1000  1449  2926 I ActivityManager: Force stopping com.android.tradefed.utils.wifi appid=10126 user=0: start instr
02-17 17:20:25.408  1000  1449  2926 D GrammaticalInflection: The flag must be enabled to allow calling the API.
02-17 17:20:25.408  1000  1449  2926 I am_uid_running: 10126
02-17 17:20:25.408  1000  1449  2926 D CompatibilityChangeReporter: Compat change id reported: 135634846; UID 10126; state: DISABLED
02-17 17:20:25.409  1000  1449  2926 D CompatibilityChangeReporter: Compat change id reported: 177438394; UID 10126; state: DISABLED
02-17 17:20:25.409  1000  1449  2926 D CompatibilityChangeReporter: Compat change id reported: 135772972; UID 10126; state: DISABLED
02-17 17:20:25.409  1000  1449  2926 D CompatibilityChangeReporter: Compat change id reported: 135754954; UID 10126; state: ENABLED
02-17 17:20:25.409  1000  1449  1719 D CompatibilityChangeReporter: Compat change id reported: 143937733; UID 10126; state: ENABLED
02-17 17:20:25.430  root     1     1 I init    : ... started service 'trusty_metricsd' has pid 7427
02-17 17:20:25.410  1000  1449  1855 D CompatibilityChangeReporter: Compat change id reported: 265195908; UID 10126; state: ENABLED
02-17 17:20:25.416  root   865   865 D Zygote  : Forked child process 7430
02-17 17:20:25.416  1000  1449  1719 I am_proc_start: [0,7430,10126,com.android.tradefed.utils.wifi,added application,com.android.tradefed.utils.wifi]
02-17 17:20:25.416  1000  1449  1719 I ActivityManager: Start proc 7430:com.android.tradefed.utils.wifi/u0a126 for added application com.android.tradefed.utils.wifi
02-17 17:20:25.421  1000  7426  7426 I securedpud.slider: starting securedpud
02-17 17:20:25.421  1000  7426  7426 I securedpud.slider: trusty dev: /dev/trusty-ipc-dev0
02-17 17:20:25.421  1000  7426  7426 I DMABUFHEAPS: Using DMA-BUF heap named: tui-secure
02-17 17:20:25.422  1000  7426  7426 E libtrusty: tipc_connect: can't connect to tipc service "com.android.trusty.secure_dpu" (err=107)
02-17 17:20:25.423  1000  7426  7426 E securedpud.slider: Failed to connect to: /dev/trusty-ipc-dev0
02-17 17:20:25.425 10126  7430  7430 I efed.utils.wifi: Using CollectorTypeCMC GC.
02-17 17:20:25.426  1000  7427  7427 I trusty_metricsd: starting trusty_metricsd
02-17 17:20:25.426  1000  7427  7427 I trusty_metricsd: trusty dev: /dev/trusty-ipc-dev0
02-17 17:20:25.429 10126  7430  7430 E efed.utils.wifi: Not starting debugger since process cannot load the jdwp agent.
02-17 17:20:25.430  1000  7427  7427 E libtrusty: tipc_connect: can't connect to tipc service "com.android.frameworks.stats.trusty.metrics.istats_setter" (err=107)
02-17 17:20:25.430  1000  7427  7427 E RpcTrusty: Failed to connect to Trusty service. Error code: -107
02-17 17:20:25.430  1000  7427  7427 E RpcTrusty: Failed to set up Trusty client. Error: BAD_VALUE
02-17 17:20:25.431  1000  7427  7427 E trusty_metricsd: failed to connect TrustyMetricsPixel to Trusty: failed to connect to Trusty metrics TA: Transport endpoint is not connected
02-17 17:20:25.431  1000  7427  7427 W RefBase : RefBase: Explicit destruction, weak count = 0 (in 0xb400007248e0f338). Use sp<> to manage this object.
02-17 17:20:25.431  1000  7427  7427 W RefBase : CallStack::getCurrentInternal not linked, returning null
02-17 17:20:25.431  1000  7427  7427 W RefBase : CallStack::logStackInternal not linked
02-17 17:20:25.431  1000  7427  7427 E trusty_metricsd: failed to open Trusty metrics client
02-17 17:20:25.431  1000  7427  7427 E trusty_metricsd: trying to connect to Trusty metrics TA at old TIPC port
02-17 17:20:25.454  root     1     1 I init    : Sending signal 9 to service 'securedpud.slider' (pid 7426) process group...
02-17 17:20:25.455  root     1     1 I libprocessgroup: Removed cgroup /sys/fs/cgroup/uid_1000/pid_7426
02-17 17:20:25.455  root     1     1 E init    : process with updatable components 'securedpud.slider' exited 4 times in 4 minutes
02-17 17:20:25.456  root     1     1 I init    : processing action (sys.init.updatable_crashing=1) from (/system/etc/init/flags_health_check.rc:10)
02-17 17:20:25.457  root     1     1 I init    : starting service 'exec 317 (/system/bin/flags_health_check UPDATABLE_CRASHING)'...
02-17 17:20:25.462  root     1     1 I init    : ... started service 'exec 317 (/system/bin/flags_health_check UPDATABLE_CRASHING)' has pid 7438
02-17 17:20:25.431 10126  7430  7430 D nativeloader: Load libframework-connectivity-tiramisu-jni.so using APEX ns com_android_tethering for caller /apex/com.android.tethering/javalib/framework-connectivity-t.jar: ok
02-17 17:20:25.462  root     1     1 I init    : SVC_EXEC service 'exec 317 (/system/bin/flags_health_check UPDATABLE_CRASHING)' pid 7438 (uid 1000 gid 1000+0 context default) started; waiting...
02-17 17:20:25.432  1000  7427  7427 E libtrusty: tipc_connect: can't connect to tipc service "com.android.trusty.metrics" (err=107)
02-17 17:20:25.432  1000  7427  7427 E trusty_metricsd: failed to open TrustyMetricsPixelTipc: failed to connect to Trusty metrics TA: Transport endpoint is not connected
02-17 17:20:25.432  1000  7427  7427 E trusty_metricsd: failed to open Trusty metrics client
02-17 17:20:25.435  1000  1449  2926 I am_proc_bound: [0,7430,com.android.tradefed.utils.wifi]
02-17 17:20:25.435  1000  1449  2926 D CompatibilityChangeReporter: Compat change id reported: 168419799; UID 10126; state: DISABLED
02-17 17:20:25.435  1000  1449  2926 D CompatibilityChangeReporter: Compat change id reported: 273564678; UID 10126; state: DISABLED
02-17 17:20:25.437  1000  7438  7438 I flags_health_check: ServerConfigurableFlagsReset reset_mode value: 1
02-17 17:20:25.437  1000  7438  7438 I flags_health_check: ServerConfigurableFlagsReset updatable crashing detected, resetting flags.
02-17 17:20:25.437 10126  7430  7430 D CompatibilityChangeReporter: Compat change id reported: 171979766; UID 10126; state: ENABLED
02-17 17:20:25.438 10126  7430  7430 D CompatibilityChangeReporter: Compat change id reported: 242716250; UID 10126; state: DISABLED
02-17 17:20:25.439  1000  1449  2926 D CompatibilityChangeReporter: Compat change id reported: 170503758; UID 10126; state: ENABLED
02-17 17:20:25.441 10126  7430  7430 D ApplicationLoaders: Returning zygote-cached class loader: /system/framework/android.test.base.jar
02-17 17:20:25.464  root     1     1 I init    : Service 'trusty_metricsd' (pid 7427) exited with status 1
02-17 17:20:25.464  root     1     1 I init    : Sending signal 9 to service 'trusty_metricsd' (pid 7427) process group...
02-17 17:20:25.465  root     1     1 I libprocessgroup: Removed cgroup /sys/fs/cgroup/uid_1000/pid_7427
02-17 17:20:25.465  root     1     1 E init    : process with updatable components 'trusty_metricsd' exited 4 times in 4 minutes
02-17 17:20:25.471  root     1     1 I init    : Service 'exec 317 (/system/bin/flags_health_check UPDATABLE_CRASHING)' (pid 7438) exited with status 0 waiting took 0.010000 seconds
02-17 17:20:25.471  root     1     1 I init    : Sending signal 9 to service 'exec 317 (/system/bin/flags_health_check UPDATABLE_CRASHING)' (pid 7438) process group...
02-17 17:20:25.471  root     1     1 I libprocessgroup: Removed cgroup /sys/fs/cgroup/uid_1000/pid_7438
02-17 17:20:25.472  root     1     1 I init    : processing action (sys.init.updatable_crashing=1) from (/system/etc/init/flags_health_check.rc:10)
02-17 17:20:25.442 10126  7430  7430 D nativeloader: Configuring clns-4 for other apk /system/framework/android.test.mock.jar. target_sdk_version=31, uses_libraries=ALL, library_path=/data/app/~~WcH-YX75qhqlF8aVYS2d6g==/com.android.tradefed.utils.wifi-JUnp2kGoHZX1PvJKk3yrWw==/lib/arm64, permitted_path=/data:/mnt/expand:/data/user/0/com.android.tradefed.utils.wifi
02-17 17:20:25.444 10126  7430  7430 D ApplicationLoaders: Returning zygote-cached class loader: /system/framework/android.test.base.jar
02-17 17:20:25.445 10126  7430  7430 D nativeloader: Configuring clns-5 for other apk /system/framework/android.test.runner.jar. target_sdk_version=31, uses_libraries=ALL, library_path=/data/app/~~WcH-YX75qhqlF8aVYS2d6g==/com.android.tradefed.utils.wifi-JUnp2kGoHZX1PvJKk3yrWw==/lib/arm64, permitted_path=/data:/mnt/expand:/data/user/0/com.android.tradefed.utils.wifi
02-17 17:20:25.473  root     1     1 I init    : starting service 'exec 318 (/system/bin/flags_health_check UPDATABLE_CRASHING)'...
02-17 17:20:25.449 10126  7430  7430 D nativeloader: Configuring clns-6 for other apk /data/app/~~WcH-YX75qhqlF8aVYS2d6g==/com.android.tradefed.utils.wifi-JUnp2kGoHZX1PvJKk3yrWw==/base.apk. target_sdk_version=31, uses_libraries=, library_path=/data/app/~~WcH-YX75qhqlF8aVYS2d6g==/com.android.tradefed.utils.wifi-JUnp2kGoHZX1PvJKk3yrWw==/lib/arm64, permitted_path=/data:/mnt/expand:/data/user/0/com.android.tradefed.utils.wifi
02-17 17:20:25.481  root     1     1 I init    : ... started service 'exec 318 (/system/bin/flags_health_check UPDATABLE_CRASHING)' has pid 7446
02-17 17:20:25.481  root     1     1 I init    : SVC_EXEC service 'exec 318 (/system/bin/flags_health_check UPDATABLE_CRASHING)' pid 7446 (uid 1000 gid 1000+0 context default) started; waiting...
02-17 17:20:25.453 10126  7430  7430 V GraphicsEnvironment: Currently set values for:
02-17 17:20:25.453 10126  7430  7430 V GraphicsEnvironment:   angle_gl_driver_selection_pkgs=[]
02-17 17:20:25.453 10126  7430  7430 V GraphicsEnvironment:   angle_gl_driver_selection_values=[]
02-17 17:20:25.453 10126  7430  7430 V GraphicsEnvironment: Global.Settings values are invalid: number of packages: 0, number of values: 0
02-17 17:20:25.453 10126  7430  7430 V GraphicsEnvironment: Neither updatable production driver nor prerelease driver is supported.
02-17 17:20:25.455  1000  7446  7446 I flags_health_check: ServerConfigurableFlagsReset reset_mode value: 1
02-17 17:20:25.455  1000  7446  7446 I flags_health_check: ServerConfigurableFlagsReset updatable crashing detected, resetting flags.
02-17 17:20:25.456 10126  7430  7430 I UiAutomation: Initialized for user 0 on display 0
02-17 17:20:25.458  1000  1449  2926 D AccessibilityManagerService: changeCurrentUserForTestAutomationIfNeededLocked(0): ignoring because device doesn't support visible background users
02-17 17:20:25.458  1000  1449  2926 I UiAutomationManager: Registering UiTestAutomationService (id=com.android.server.accessibility/UiAutomation) when called by user 0
02-17 17:20:25.488  root     1     1 I init    : Service 'exec 318 (/system/bin/flags_health_check UPDATABLE_CRASHING)' (pid 7446) exited with status 0 waiting took 0.009000 seconds
02-17 17:20:25.488  root     1     1 I init    : Sending signal 9 to service 'exec 318 (/system/bin/flags_health_check UPDATABLE_CRASHING)' (pid 7446) process group...
02-17 17:20:25.489  root     1     1 I libprocessgroup: Removed cgroup /sys/fs/cgroup/uid_1000/pid_7446
02-17 17:20:25.459  1000  1449  2926 W MagnificationConnectionManager: requestConnection duplicated request: connect=false, mConnectionState=DISCONNECTED
02-17 17:20:25.460  1000  1449  1449 D BatterySaverPolicy: accessibility changed to true, updating policy.
02-17 17:20:25.461 10126  7430  7448 V UiAutomation: Init UiAutomation@60ceddc[id=10, displayId=0, flags=0]
02-17 17:20:25.464  1000  1449  3698 I am_uid_active: 10126
02-17 17:20:25.465  1000  1449  3698 I WifiService: getVerboseLoggingLevel uid=10126
02-17 17:20:25.469  root   864  7451 I resolv  : GetAddrInfoHandler::run: {0 0 0 983040 10126 0}
02-17 17:20:25.470 10126  7430  7449 E WifiConnector: Failed to open connection to check connectivity
02-17 17:20:25.471  1000  1449  3698 W MagnificationConnectionManager: requestConnection duplicated request: connect=false, mConnectionState=DISCONNECTED
02-17 17:20:25.471  1000  1449  3698 D AccessibilityManagerService: restoreCurrentUserForTestAutomationIfNeededLocked(): ignoring because device doesn't support visible background users
02-17 17:20:25.472  1000  1449  1449 D BatterySaverPolicy: accessibility changed to false, updating policy.
02-17 17:20:25.473  1000  1449  3698 I ActivityManager: Force stopping com.android.tradefed.utils.wifi appid=10126 user=0: finished inst
02-17 17:20:25.473  1000  1449  3698 E ActivityManager: Unable to freeze binder for 7430: -11
02-17 17:20:25.474  1000  1449  3698 I am_uid_stopped: 10126
02-17 17:20:25.474 shell  7414  7414 I app_process: System.exit called, status: 0
02-17 17:20:25.474 shell  7414  7414 I AndroidRuntime: VM exiting with result code 0.
02-17 17:20:25.474  1000  1449  3698 I ActivityManager: Killing 7430:com.android.tradefed.utils.wifi/u0a126 (adj 0): stop com.android.tradefed.utils.wifi due to finished inst
02-17 17:20:25.474  1000  1449  1703 D DisplayManagerService: Drop pending events for gone uid 10126
02-17 17:20:25.475  1000  1449  3698 I am_kill : [0,7430,com.android.tradefed.utils.wifi,0,stop com.android.tradefed.utils.wifi due to finished inst,103572]
02-17 17:20:25.504  1000  3698  3698 I binder  : 1449:3698 ioctl 400c620e 71987d842c returned -11
02-17 17:20:25.504  1000  3698  3698 I binder  : 1449:3698 ioctl 400c620e 71987d842c returned -11
02-17 17:20:25.488  1000  1449  3698 V ActivityManager: Got obituary of 7430:com.android.tradefed.utils.wifi
02-17 17:20:25.489  root   865   865 I Zygote  : Process 7430 exited due to signal 9 (Killed)
02-17 17:20:25.519  root  4996  4996 I binder  : undelivered TRANSACTION_COMPLETE
02-17 17:20:25.519  root  4996  4996 I binder  : undelivered transaction 222557, process died.
02-17 17:20:25.503  1000  1449  1726 I libprocessgroup: Removed cgroup /sys/fs/cgroup/uid_10126/pid_7430
02-17 17:20:25.665  1000  1449  1716 I am_uid_idle: 10052
02-17 17:20:25.673  1000  1449  1863 I commit_sys_config_file: [settings-2-0,12]
02-17 17:20:26.408  1000  1449  1864 D ActivityManager: freezing 4291 com.android.packageinstaller
02-17 17:20:26.410  1000  1449  1864 I am_freeze: [4291,com.android.packageinstaller]
02-17 17:20:26.438  1000  1449  2850 W ProcessStats: Tracking association SourceState{b831830 system/1000 ImpFg #1074} whose proc state 5 is better than process ProcessState{e95af7a com.android.permissioncontroller/10107 pkg=com.android.permissioncontroller} proc state 14 (328 skipped)
02-17 17:20:26.604  1000  1449  1864 D ActivityManager: freezing 3101 com.android.settings
02-17 17:20:26.606  1000  1449  1864 I am_freeze: [3101,com.android.settings]
02-17 17:20:26.607  1000  1449  1864 D ActivityManager: freezing 4364 com.android.localtransport
02-17 17:20:26.608  1000  1449  1864 I am_freeze: [4364,com.android.localtransport]
02-17 17:20:27.280  root   957   957 I s3c2410-wdt 10070000.watchdog_cl1: Watchdog cluster 1 keepalive!, old_wtcnt = 7750, wtcnt = cc8c
02-17 17:20:28.149  1000  1449  2852 W FileUtils: Failed to chmod(AtomicFile[/data/system_de/0/system/game-manager-service.xml]): android.system.ErrnoException: chmod failed: ENOENT (No such file or directory)
02-17 17:20:28.166  1000   556   660 D DisplayDevice: setDesiredMode 4619827677550801152 {mode=60.00 Hz (60.00 Hz(60.00 Hz)), emitEvent=false, force=false}
02-17 17:20:28.175  1000   564  3377 D hwc-display: setActiveConfigWithConstraints:: PrimaryDisplay config(36) test(0)
02-17 17:20:28.175  1000   564  3377 I hwc-display: [PrimaryDisplay] setActiveConfigWithConstraints: config(36)
02-17 17:20:28.207  root   267   267 I gtd     : FTS_TS: refresh rate(Hz) changed to 60 from 90
02-17 17:20:28.240  1000  1449  1864 D ActivityManager: freezing 3556 com.android.documentsui
02-17 17:20:28.243  1000  1449  1864 I am_freeze: [3556,com.android.documentsui]
02-17 17:20:28.276  1000  1449  1864 D ActivityManager: freezing 3879 android.process.media
02-17 17:20:28.278  1000  1449  1864 I am_freeze: [3879,android.process.media]
02-17 17:20:28.721  1017   541  7027 I keystore2: system/security/keystore2/watchdog/src/lib.rs:319 - Watchdog thread idle -> terminating. Have a great day.
02-17 17:20:29.600  root   125   125 E st21nfc i2c-st21nfc: st21nfc_power_stats_switch Error: Switched from IDLE to IDLE!: cad1e, ntf=0
02-17 17:20:30.429  root     1     1 I init    : starting service 'securedpud.slider'...
02-17 17:20:30.443  root     1     1 I init    : ... started service 'securedpud.slider' has pid 7455
02-17 17:20:30.443  root     1     1 I init    : starting service 'trusty_metricsd'...
02-17 17:20:30.462  root     1     1 I init    : ... started service 'trusty_metricsd' has pid 7456
02-17 17:20:30.441  1000  7455  7455 I securedpud.slider: starting securedpud
02-17 17:20:30.441  1000  7455  7455 I securedpud.slider: trusty dev: /dev/trusty-ipc-dev0
02-17 17:20:30.441  1000  7455  7455 I DMABUFHEAPS: Using DMA-BUF heap named: tui-secure
02-17 17:20:30.442  1000  7455  7455 E libtrusty: tipc_connect: can't connect to tipc service "com.android.trusty.secure_dpu" (err=107)
02-17 17:20:30.443  1000  7455  7455 E securedpud.slider: Failed to connect to: /dev/trusty-ipc-dev0
02-17 17:20:30.476  root     1     1 I init    : Service 'securedpud.slider' (pid 7455) exited with status 1
02-17 17:20:30.476  root     1     1 I init    : Sending signal 9 to service 'securedpud.slider' (pid 7455) process group...
02-17 17:20:30.477  root     1     1 I libprocessgroup: Removed cgroup /sys/fs/cgroup/uid_1000/pid_7455
02-17 17:20:30.477  root     1     1 E init    : process with updatable components 'securedpud.slider' exited 4 times in 4 minutes
02-17 17:20:30.480  root     1     1 I init    : processing action (sys.init.updatable_crashing=1) from (/system/etc/init/flags_health_check.rc:10)
02-17 17:20:30.480  root     1     1 I init    : starting service 'exec 319 (/system/bin/flags_health_check UPDATABLE_CRASHING)'...
02-17 17:20:30.457  1000  7456  7456 I trusty_metricsd: starting trusty_metricsd
02-17 17:20:30.457  1000  7456  7456 I trusty_metricsd: trusty dev: /dev/trusty-ipc-dev0
02-17 17:20:30.460  1000  7456  7456 E libtrusty: tipc_connect: can't connect to tipc service "com.android.frameworks.stats.trusty.metrics.istats_setter" (err=107)
02-17 17:20:30.460  1000  7456  7456 E RpcTrusty: Failed to connect to Trusty service. Error code: -107
02-17 17:20:30.460  1000  7456  7456 E RpcTrusty: Failed to set up Trusty client. Error: BAD_VALUE
02-17 17:20:30.461  1000  7456  7456 E trusty_metricsd: failed to connect TrustyMetricsPixel to Trusty: failed to connect to Trusty metrics TA: Transport endpoint is not connected
02-17 17:20:30.461  1000  7456  7456 W RefBase : RefBase: Explicit destruction, weak count = 0 (in 0xb400007b296212f8). Use sp<> to manage this object.
02-17 17:20:30.461  1000  7456  7456 W RefBase : CallStack::getCurrentInternal not linked, returning null
02-17 17:20:30.461  1000  7456  7456 W RefBase : CallStack::logStackInternal not linked
02-17 17:20:30.461  1000  7456  7456 E trusty_metricsd: failed to open Trusty metrics client
02-17 17:20:30.461  1000  7456  7456 E trusty_metricsd: trying to connect to Trusty metrics TA at old TIPC port
02-17 17:20:30.463  1000  7456  7456 E libtrusty: tipc_connect: can't connect to tipc service "com.android.trusty.metrics" (err=107)
02-17 17:20:30.463  1000  7456  7456 E trusty_metricsd: failed to open TrustyMetricsPixelTipc: failed to connect to Trusty metrics TA: Transport endpoint is not connected
02-17 17:20:30.463  1000  7456  7456 E trusty_metricsd: failed to open Trusty metrics client
02-17 17:20:30.490  root     1     1 I init    : ... started service 'exec 319 (/system/bin/flags_health_check UPDATABLE_CRASHING)' has pid 7457
02-17 17:20:30.490  root     1     1 I init    : SVC_EXEC service 'exec 319 (/system/bin/flags_health_check UPDATABLE_CRASHING)' pid 7457 (uid 1000 gid 1000+0 context default) started; waiting...
02-17 17:20:30.497  root     1     1 I init    : Service 'trusty_metricsd' (pid 7456) exited with status 1
02-17 17:20:30.497  root     1     1 I init    : Sending signal 9 to service 'trusty_metricsd' (pid 7456) process group...
02-17 17:20:30.498  root     1     1 I libprocessgroup: Removed cgroup /sys/fs/cgroup/uid_1000/pid_7456
02-17 17:20:30.498  root     1     1 E init    : process with updatable components 'trusty_metricsd' exited 4 times in 4 minutes
02-17 17:20:30.480  1000  7457  7457 I flags_health_check: ServerConfigurableFlagsReset reset_mode value: 1
02-17 17:20:30.481  1000  7457  7457 I flags_health_check: ServerConfigurableFlagsReset updatable crashing detected, resetting flags.
02-17 17:20:30.523  root     1     1 I init    : Service 'exec 319 (/system/bin/flags_health_check UPDATABLE_CRASHING)' (pid 7457) exited with status 0 waiting took 0.035000 seconds
02-17 17:20:30.523  root     1     1 I init    : Sending signal 9 to service 'exec 319 (/system/bin/flags_health_check UPDATABLE_CRASHING)' (pid 7457) process group...
02-17 17:20:30.524  root     1     1 I libprocessgroup: Removed cgroup /sys/fs/cgroup/uid_1000/pid_7457
02-17 17:20:30.526  root     1     1 I init    : processing action (sys.init.updatable_crashing=1) from (/system/etc/init/flags_health_check.rc:10)
02-17 17:20:30.528  root     1     1 I init    : starting service 'exec 320 (/system/bin/flags_health_check UPDATABLE_CRASHING)'...
02-17 17:20:30.539  root     1     1 I init    : ... started service 'exec 320 (/system/bin/flags_health_check UPDATABLE_CRASHING)' has pid 7458
02-17 17:20:30.539  root     1     1 I init    : SVC_EXEC service 'exec 320 (/system/bin/flags_health_check UPDATABLE_CRASHING)' pid 7458 (uid 1000 gid 1000+0 context default) started; waiting...
02-17 17:20:30.526  1000  7458  7458 I flags_health_check: ServerConfigurableFlagsReset reset_mode value: 1
02-17 17:20:30.526  1000  7458  7458 I flags_health_check: ServerConfigurableFlagsReset updatable crashing detected, resetting flags.
02-17 17:20:30.567  root     1     1 I init    : Service 'exec 320 (/system/bin/flags_health_check UPDATABLE_CRASHING)' (pid 7458) exited with status 0 waiting took 0.030000 seconds
02-17 17:20:30.567  root     1     1 I init    : Sending signal 9 to service 'exec 320 (/system/bin/flags_health_check UPDATABLE_CRASHING)' (pid 7458) process group...
02-17 17:20:30.568  root     1     1 I libprocessgroup: Removed cgroup /sys/fs/cgroup/uid_1000/pid_7458
02-17 17:20:30.784 10111  3526  5466 W MediaProvider: isAppCloneUserPair for user 0: false
02-17 17:20:30.960 10111  3526  3905 I MediaProvider: Deleted 1 0 0 0 0 0 0 items on external_primary due to com.android.shell
02-17 17:20:31.047  artd  5515  5517 I artd    : Dex parent of /data/app/~~WcH-YX75qhqlF8aVYS2d6g==/com.android.tradefed.utils.wifi-JUnp2kGoHZX1PvJKk3yrWw==/base.apk is not writable: Permission denied
02-17 17:20:31.047  artd  5515  5517 I artd    : GetBestInfo checking odex in dalvik-cache (/data/dalvik-cache/arm64/data@app@~~WcH-YX75qhqlF8aVYS2d6g==@com.android.tradefed.utils.wifi-JUnp2kGoHZX1PvJKk3yrWw==@base.apk@classes.dex)
02-17 17:20:31.047  artd  5515  5517 I artd    : Loading /data/dalvik-cache/arm64/data@app@~~WcH-YX75qhqlF8aVYS2d6g==@com.android.tradefed.utils.wifi-JUnp2kGoHZX1PvJKk3yrWw==@base.apk@classes.dex with executable: 0
02-17 17:20:31.047  artd  5515  5517 I artd    : OatFileAssistant test for existing oat file /data/dalvik-cache/arm64/data@app@~~WcH-YX75qhqlF8aVYS2d6g==@com.android.tradefed.utils.wifi-JUnp2kGoHZX1PvJKk3yrWw==@base.apk@classes.dex: File /data/dalvik-cache/arm64/data@app@~~WcH-YX75qhqlF8aVYS2d6g==@com.android.tradefed.utils.wifi-JUnp2kGoHZX1PvJKk3yrWw==@base.apk@classes.vdex does not exist.
02-17 17:20:31.047  artd  5515  5517 I artd    : GetBestInfo checking odex next to the dex file (/data/app/~~WcH-YX75qhqlF8aVYS2d6g==/com.android.tradefed.utils.wifi-JUnp2kGoHZX1PvJKk3yrWw==/oat/arm64/base.odex)
02-17 17:20:31.047  artd  5515  5517 I artd    : Loading /data/app/~~WcH-YX75qhqlF8aVYS2d6g==/com.android.tradefed.utils.wifi-JUnp2kGoHZX1PvJKk3yrWw==/oat/arm64/base.odex with executable: 0
02-17 17:20:31.048  artd  5515  5517 I artd    : Successfully loaded /data/app/~~WcH-YX75qhqlF8aVYS2d6g==/com.android.tradefed.utils.wifi-JUnp2kGoHZX1PvJKk3yrWw==/oat/arm64/base.odex with executable: 0
02-17 17:20:31.049  artd  5515  5517 I artd    : /data/app/~~WcH-YX75qhqlF8aVYS2d6g==/com.android.tradefed.utils.wifi-JUnp2kGoHZX1PvJKk3yrWw==/oat/arm64/base.odex is kOatUpToDate with filter verify
02-17 17:20:31.216 shell  7482  7482 D AndroidRuntime: >>>>>> START com.android.internal.os.RuntimeInit uid 2000 <<<<<<
02-17 17:20:31.221 shell  7482  7482 I AndroidRuntime: Using default boot image
02-17 17:20:31.221 shell  7482  7482 I AndroidRuntime: Leaving lock profiling enabled
02-17 17:20:31.223 shell  7482  7482 I app_process: Core platform API reporting enabled, enforcing=false
02-17 17:20:31.223 shell  7482  7482 I app_process: Using CollectorTypeCMC GC.
02-17 17:20:31.285 shell  7482  7482 D nativeloader: InitDefaultPublicLibraries for_preload=1: libandroid.so:libaaudio.so:libamidi.so:libbinder_ndk.so:libc.so:libcamera2ndk.so:libdl.so:libEGL.so:libGLESv1_CM.so:libGLESv2.so:libGLESv3.so:libicu.so:libicui18n.so:libicuuc.so:libjnigraphics.so:liblog.so:libmediandk.so:libm.so:libnativehelper.so:libnativewindow.so:libOpenMAXAL.so:libOpenSLES.so:libRS.so:libstdc++.so:libsync.so:libvulkan.so:libwebviewchromium_plat_support.so:libz.so
02-17 17:20:31.291 shell  7482  7482 D nativeloader: Load libicu_jni.so using APEX ns com_android_art for caller /apex/com.android.art/javalib/core-oj.jar: ok
