02-17 17:19:47.753 10126  6614  6614 E efed.utils.wifi: Not starting debugger since process cannot load the jdwp agent.
02-17 17:19:47.758 10126  6614  6614 D nativeloader: Load libframework-connectivity-tiramisu-jni.so using APEX ns com_android_tethering for caller /apex/com.android.tethering/javalib/framework-connectivity-t.jar: ok
02-17 17:19:47.762  1000  1449  4131 I am_proc_bound: [0,6614,com.android.tradefed.utils.wifi]
02-17 17:19:47.764  1000  1449  4131 D CompatibilityChangeReporter: Compat change id reported: 168419799; UID 10126; state: DISABLED
02-17 17:19:47.764  1000  1449  4131 D CompatibilityChangeReporter: Compat change id reported: 273564678; UID 10126; state: DISABLED
02-17 17:19:47.767 10126  6614  6614 D CompatibilityChangeReporter: Compat change id reported: 171979766; UID 10126; state: ENABLED
02-17 17:19:47.767 10126  6614  6614 D CompatibilityChangeReporter: Compat change id reported: 242716250; UID 10126; state: DISABLED
02-17 17:19:47.770  1000  1449  4131 D CompatibilityChangeReporter: Compat change id reported: 170503758; UID 10126; state: ENABLED
02-17 17:19:47.773 10126  6614  6614 D ApplicationLoaders: Returning zygote-cached class loader: /system/framework/android.test.base.jar
02-17 17:19:47.776 10126  6614  6614 D nativeloader: Configuring clns-4 for other apk /system/framework/android.test.mock.jar. target_sdk_version=31, uses_libraries=ALL, library_path=/data/app/~~WcH-YX75qhqlF8aVYS2d6g==/com.android.tradefed.utils.wifi-JUnp2kGoHZX1PvJKk3yrWw==/lib/arm64, permitted_path=/data:/mnt/expand:/data/user/0/com.android.tradefed.utils.wifi
02-17 17:19:47.778 10126  6614  6614 D ApplicationLoaders: Returning zygote-cached class loader: /system/framework/android.test.base.jar
02-17 17:19:47.780 10126  6614  6614 D nativeloader: Configuring clns-5 for other apk /system/framework/android.test.runner.jar. target_sdk_version=31, uses_libraries=ALL, library_path=/data/app/~~WcH-YX75qhqlF8aVYS2d6g==/com.android.tradefed.utils.wifi-JUnp2kGoHZX1PvJKk3yrWw==/lib/arm64, permitted_path=/data:/mnt/expand:/data/user/0/com.android.tradefed.utils.wifi
02-17 17:19:47.785 10126  6614  6614 D nativeloader: Configuring clns-6 for other apk /data/app/~~WcH-YX75qhqlF8aVYS2d6g==/com.android.tradefed.utils.wifi-JUnp2kGoHZX1PvJKk3yrWw==/base.apk. target_sdk_version=31, uses_libraries=, library_path=/data/app/~~WcH-YX75qhqlF8aVYS2d6g==/com.android.tradefed.utils.wifi-JUnp2kGoHZX1PvJKk3yrWw==/lib/arm64, permitted_path=/data:/mnt/expand:/data/user/0/com.android.tradefed.utils.wifi
02-17 17:19:47.791 10126  6614  6614 V GraphicsEnvironment: Currently set values for:
02-17 17:19:47.791 10126  6614  6614 V GraphicsEnvironment:   angle_gl_driver_selection_pkgs=[]
02-17 17:19:47.791 10126  6614  6614 V GraphicsEnvironment:   angle_gl_driver_selection_values=[]
02-17 17:19:47.791 10126  6614  6614 V GraphicsEnvironment: Global.Settings values are invalid: number of packages: 0, number of values: 0
02-17 17:19:47.791 10126  6614  6614 V GraphicsEnvironment: Neither updatable production driver nor prerelease driver is supported.
02-17 17:19:47.795 10126  6614  6614 I UiAutomation: Initialized for user 0 on display 0
02-17 17:19:47.797  1000  1449  4131 D AccessibilityManagerService: changeCurrentUserForTestAutomationIfNeededLocked(0): ignoring because device doesn't support visible background users
02-17 17:19:47.797  1000  1449  4131 I UiAutomationManager: Registering UiTestAutomationService (id=com.android.server.accessibility/UiAutomation) when called by user 0
02-17 17:19:47.800  1000  1449  4131 W MagnificationConnectionManager: requestConnection duplicated request: connect=false, mConnectionState=DISCONNECTED
02-17 17:19:47.804  1000  1449  1449 D BatterySaverPolicy: accessibility changed to true, updating policy.
02-17 17:19:47.805 10126  6614  6630 V UiAutomation: Init UiAutomation@60ceddc[id=4, displayId=0, flags=0]
02-17 17:19:47.808  1000  1449  2921 I am_uid_active: 10126
02-17 17:19:47.810  1000  1449  2921 I WifiService: getVerboseLoggingLevel uid=10126
02-17 17:19:47.813  root   864  6633 I resolv  : GetAddrInfoHandler::run: {0 0 0 983040 10126 0}
02-17 17:19:47.815 10126  6614  6631 E WifiConnector: Failed to open connection to check connectivity
02-17 17:19:47.817  1000  1449  3698 W MagnificationConnectionManager: requestConnection duplicated request: connect=false, mConnectionState=DISCONNECTED
02-17 17:19:47.817  1000  1449  3698 D AccessibilityManagerService: restoreCurrentUserForTestAutomationIfNeededLocked(): ignoring because device doesn't support visible background users
02-17 17:19:47.818  1000  1449  1449 D BatterySaverPolicy: accessibility changed to false, updating policy.
02-17 17:19:47.819  1000  1449  1553 I ActivityManager: Force stopping com.android.tradefed.utils.wifi appid=10126 user=0: finished inst
02-17 17:19:47.819  1000  1449  1553 E ActivityManager: Unable to freeze binder for 6614: -11
02-17 17:19:47.820  1000  1449  1553 I am_uid_stopped: 10126
02-17 17:19:47.820  1000  1449  1553 I ActivityManager: Killing 6614:com.android.tradefed.utils.wifi/u0a126 (adj 0): stop com.android.tradefed.utils.wifi due to finished inst
02-17 17:19:47.820  1000  1449  1703 D DisplayManagerService: Drop pending events for gone uid 10126
02-17 17:19:47.821  1000  1449  1553 I am_kill : [0,6614,com.android.tradefed.utils.wifi,0,stop com.android.tradefed.utils.wifi due to finished inst,103364]
02-17 17:19:47.850  1000  1553  1553 I binder  : 1449:1553 ioctl 400c620e 726afd138c returned -11
02-17 17:19:47.823 shell  6599  6599 I app_process: System.exit called, status: 0
02-17 17:19:47.823 shell  6599  6599 I AndroidRuntime: VM exiting with result code 0.
02-17 17:19:47.831  1000  1449  4131 V ActivityManager: Got obituary of 6614:com.android.tradefed.utils.wifi
02-17 17:19:47.831  root   865   865 I Zygote  : Process 6614 exited due to signal 9 (Killed)
02-17 17:19:47.861  root   158   158 I binder  : undelivered TRANSACTION_COMPLETE
02-17 17:19:47.861  root   158   158 I binder  : undelivered transaction 198388, process died.
02-17 17:19:47.839  1000  1449  1726 I libprocessgroup: Removed cgroup /sys/fs/cgroup/uid_10126/pid_6614
02-17 17:19:48.022  1000  1449  1863 I commit_sys_config_file: [settings-2-0,20]
02-17 17:19:48.984  logd  6073  6073 I logd    : start watching /data/system/packages.list ...
02-17 17:19:48.956  1000  1449  1755 I commit_sys_config_file: [package,68]
02-17 17:19:48.996  logd  6073  6073 I logd    : ReadPackageList, total packages: 132
02-17 17:19:48.974  1000  1449  1750 I commit_sys_config_file: [package-user-0,17]
02-17 17:19:49.135  1000  1449  2852 W FileUtils: Failed to chmod(AtomicFile[/data/system_de/0/system/game-manager-service.xml]): android.system.ErrnoException: chmod failed: ENOENT (No such file or directory)
02-17 17:19:49.626  root     0     0 E         : [    C0] exynos5-hsi2c 10970000.hsi2c: HSI2C Error Interrupt occurred(IS:0x00000401, TR:0x00080001)
02-17 17:19:49.626  root     0     0 E         : [    C0] exynos5-hsi2c 10970000.hsi2c: HSI2C NO ACK occurred
02-17 17:19:49.626   nfc  3898  3898 E exynos5-hsi2c 10970000.hsi2c: ack was not received at write
02-17 17:19:49.626   nfc  3898  3898 I exynos5-hsi2c 10970000.hsi2c: exynos5_i2c_set_timing IPCLK = 199680000 OP_CLK = 400000 DIV = 31 Timing FS1 = 0x1F0FF00 TIMING FS2 = 0x30003E0 TIMING FS3 = 0x1F0000
02-17 17:19:49.626   nfc  3898  3898 E st21nfc i2c-st21nfc: st21nfc_dev_write : i2c_master_send returned -6
02-17 17:19:49.824   nfc  3543  3543 I NfcDispatcher: no match
02-17 17:19:50.058  1000  1552  1639 I pixel-thermal: usb_pwr_therm:26.495 raw data: usb_pwr_therm:26495 
02-17 17:19:50.078  1000  1552  1639 I pixel-thermal: VIRTUAL-USB-THROTTLING:0 raw data: USB-MINUS-NEUTRAL:-538 USB-MINUS-USB2:71 VIRTUAL-USB-THROTTLING:0 neutral_therm:27033 usb_pwr_therm:26495 usb_pwr_therm2:26424 
02-17 17:19:50.080  1000  1552  1639 I pixel-thermal: quiet_therm:26.073 raw data: quiet_therm:26073 
02-17 17:19:50.080  1000  1552  1639 I pixel-thermal: VIRTUAL-USB-UI:0 raw data: USB-MINUS-NEUTRAL:-538 USB-MINUS-USB2:71 VIRTUAL-USB-UI:0 usb_pwr_therm:26495 
02-17 17:19:50.081  1000  1552  1639 I pixel-thermal: Power rails total power: 704.60 mW for 60074 ms
02-17 17:19:50.081  1000  1552  1639 I pixel-thermal: Power rails [S6M_LLDO1: 45.62 mW] [L7S_SENSORS: 1.66 mW] [S10M_VDD_TPU: 0.00 mW] [S5M_VDD_INT: 11.50 mW] [S2M_VDD_CPUCL2: 77.38 mW] [S1M_VDD_MIF: 56.79 mW] 
02-17 17:19:50.081  1000  1552  1639 I pixel-thermal: Power rails [S4M_VDD_CPUCL0: 163.72 mW] [VSYS_PWR_WLAN_BT: 11.85 mW] [VSYS_PWR_RFFE: 0.19 mW] [VSYS_PWR_MODEM: 31.06 mW] [VSYS_PWR_MMWAVE: 0.00 mW] [S3M_VDD_CPUCL1: 107.15 mW] 
02-17 17:19:50.081  1000  1552  1639 I pixel-thermal: Power rails [L2S_PLL_MIPI_UFS: 29.17 mW] [L14S_ALIVE: 0.01 mW] [S9S_VDD_AOC: 2.47 mW] [S4S_VDD2H_MEM: 31.27 mW] [L9S_GNSS_CORE: 0.02 mW] [S8S_VDD_G3D_L2: 1.41 mW] 
02-17 17:19:50.081  1000  1552  1639 I pixel-thermal: Power rails [S5S_VDDQ_MEM: 7.68 mW] [S2S_VDD_G3D: 5.07 mW] [S1S_VDD_CAM: 1.99 mW] [S8M_LLDO2: 36.04 mW] [L15M_VDD_SLC_M: 14.33 mW] [VSYS_PWR_DISPLAY: 68.22 mW] 
02-17 17:19:50.275  root     1     1 I init    : starting service 'securedpud.slider'...
02-17 17:19:50.301  root     1     1 I init    : ... started service 'securedpud.slider' has pid 6637
02-17 17:19:50.302  root     1     1 I init    : starting service 'trusty_metricsd'...
02-17 17:19:50.308  root     1     1 I init    : ... started service 'trusty_metricsd' has pid 6638
02-17 17:19:50.294  1000  6637  6637 I securedpud.slider: starting securedpud
02-17 17:19:50.294  1000  6637  6637 I securedpud.slider: trusty dev: /dev/trusty-ipc-dev0
02-17 17:19:50.295  1000  6637  6637 I DMABUFHEAPS: Using DMA-BUF heap named: tui-secure
02-17 17:19:50.297  1000  6637  6637 E libtrusty: tipc_connect: can't connect to tipc service "com.android.trusty.secure_dpu" (err=107)
02-17 17:19:50.297  1000  6637  6637 E securedpud.slider: Failed to connect to: /dev/trusty-ipc-dev0
02-17 17:19:50.331  root     1     1 I init    : Service 'securedpud.slider' (pid 6637) exited with status 1
02-17 17:19:50.331  root     1     1 I init    : Sending signal 9 to service 'securedpud.slider' (pid 6637) process group...
02-17 17:19:50.331  root     1     1 I libprocessgroup: Removed cgroup /sys/fs/cgroup/uid_1000/pid_6637
02-17 17:19:50.331  root     1     1 E init    : process with updatable components 'securedpud.slider' exited 4 times in 4 minutes
02-17 17:19:50.333  root     1     1 I init    : processing action (sys.init.updatable_crashing=1) from (/system/etc/init/flags_health_check.rc:10)
02-17 17:19:50.334  root     1     1 I init    : starting service 'exec 303 (/system/bin/flags_health_check UPDATABLE_CRASHING)'...
02-17 17:19:50.306  1000  6638  6638 I trusty_metricsd: starting trusty_metricsd
02-17 17:19:50.306  1000  6638  6638 I trusty_metricsd: trusty dev: /dev/trusty-ipc-dev0
02-17 17:19:50.310  1000  6638  6638 E libtrusty: tipc_connect: can't connect to tipc service "com.android.frameworks.stats.trusty.metrics.istats_setter" (err=107)
02-17 17:19:50.341  root     1     1 I init    : ... started service 'exec 303 (/system/bin/flags_health_check UPDATABLE_CRASHING)' has pid 6639
02-17 17:19:50.341  root     1     1 I init    : SVC_EXEC service 'exec 303 (/system/bin/flags_health_check UPDATABLE_CRASHING)' pid 6639 (uid 1000 gid 1000+0 context default) started; waiting...
02-17 17:19:50.310  1000  6638  6638 E RpcTrusty: Failed to connect to Trusty service. Error code: -107
02-17 17:19:50.310  1000  6638  6638 E RpcTrusty: Failed to set up Trusty client. Error: BAD_VALUE
02-17 17:19:50.311  1000  6638  6638 E trusty_metricsd: failed to connect TrustyMetricsPixel to Trusty: failed to connect to Trusty metrics TA: Transport endpoint is not connected
02-17 17:19:50.311  1000  6638  6638 W RefBase : RefBase: Explicit destruction, weak count = 0 (in 0xb400007a1585fde8). Use sp<> to manage this object.
02-17 17:19:50.311  1000  6638  6638 W RefBase : CallStack::getCurrentInternal not linked, returning null
02-17 17:19:50.311  1000  6638  6638 W RefBase : CallStack::logStackInternal not linked
02-17 17:19:50.311  1000  6638  6638 E trusty_metricsd: failed to open Trusty metrics client
02-17 17:19:50.311  1000  6638  6638 E trusty_metricsd: trying to connect to Trusty metrics TA at old TIPC port
02-17 17:19:50.311  1000  6638  6638 E libtrusty: tipc_connect: can't connect to tipc service "com.android.trusty.metrics" (err=107)
02-17 17:19:50.311  1000  6638  6638 E trusty_metricsd: failed to open TrustyMetricsPixelTipc: failed to connect to Trusty metrics TA: Transport endpoint is not connected
02-17 17:19:50.311  1000  6638  6638 E trusty_metricsd: failed to open Trusty metrics client
02-17 17:19:50.345  root     1     1 I init    : Service 'trusty_metricsd' (pid 6638) exited with status 1
02-17 17:19:50.345  root     1     1 I init    : Sending signal 9 to service 'trusty_metricsd' (pid 6638) process group...
02-17 17:19:50.346  root     1     1 I libprocessgroup: Removed cgroup /sys/fs/cgroup/uid_1000/pid_6638
02-17 17:19:50.346  root     1     1 E init    : process with updatable components 'trusty_metricsd' exited 4 times in 4 minutes
02-17 17:19:50.318  1000  6639  6639 I flags_health_check: ServerConfigurableFlagsReset reset_mode value: 1
02-17 17:19:50.318  1000  6639  6639 I flags_health_check: ServerConfigurableFlagsReset updatable crashing detected, resetting flags.
02-17 17:19:50.353  root     1     1 I init    : Service 'exec 303 (/system/bin/flags_health_check UPDATABLE_CRASHING)' (pid 6639) exited with status 0 waiting took 0.014000 seconds
02-17 17:19:50.353  root     1     1 I init    : Sending signal 9 to service 'exec 303 (/system/bin/flags_health_check UPDATABLE_CRASHING)' (pid 6639) process group...
02-17 17:19:50.353  root     1     1 I libprocessgroup: Removed cgroup /sys/fs/cgroup/uid_1000/pid_6639
02-17 17:19:50.355  root     1     1 I init    : processing action (sys.init.updatable_crashing=1) from (/system/etc/init/flags_health_check.rc:10)
02-17 17:19:50.355  root     1     1 I init    : starting service 'exec 304 (/system/bin/flags_health_check UPDATABLE_CRASHING)'...
02-17 17:19:50.365  root     1     1 I init    : ... started service 'exec 304 (/system/bin/flags_health_check UPDATABLE_CRASHING)' has pid 6640
02-17 17:19:50.365  root     1     1 I init    : SVC_EXEC service 'exec 304 (/system/bin/flags_health_check UPDATABLE_CRASHING)' pid 6640 (uid 1000 gid 1000+0 context default) started; waiting...
02-17 17:19:50.355  1000  6640  6640 I flags_health_check: ServerConfigurableFlagsReset reset_mode value: 1
02-17 17:19:50.355  1000  6640  6640 I flags_health_check: ServerConfigurableFlagsReset updatable crashing detected, resetting flags.
02-17 17:19:50.396  root     1     1 I init    : Service 'exec 304 (/system/bin/flags_health_check UPDATABLE_CRASHING)' (pid 6640) exited with status 0 waiting took 0.033000 seconds
02-17 17:19:50.396  root     1     1 I init    : Sending signal 9 to service 'exec 304 (/system/bin/flags_health_check UPDATABLE_CRASHING)' (pid 6640) process group...
02-17 17:19:50.397  root     1     1 I libprocessgroup: Removed cgroup /sys/fs/cgroup/uid_1000/pid_6640
02-17 17:19:52.068   nfc  3543  3543 I NfcDispatcher: no match
02-17 17:19:53.166 10111  3526  3905 W MediaProvider: isAppCloneUserPair for user 0: false
02-17 17:19:53.339 10111  3526  5466 I MediaProvider: Deleted 1 0 0 0 0 0 0 items on external_primary due to com.android.shell
02-17 17:19:53.425  artd  5515  5516 I artd    : Dex parent of /data/app/~~WcH-YX75qhqlF8aVYS2d6g==/com.android.tradefed.utils.wifi-JUnp2kGoHZX1PvJKk3yrWw==/base.apk is not writable: Permission denied
02-17 17:19:53.425  artd  5515  5516 I artd    : GetBestInfo checking odex in dalvik-cache (/data/dalvik-cache/arm64/data@app@~~WcH-YX75qhqlF8aVYS2d6g==@com.android.tradefed.utils.wifi-JUnp2kGoHZX1PvJKk3yrWw==@base.apk@classes.dex)
02-17 17:19:53.425  artd  5515  5516 I artd    : Loading /data/dalvik-cache/arm64/data@app@~~WcH-YX75qhqlF8aVYS2d6g==@com.android.tradefed.utils.wifi-JUnp2kGoHZX1PvJKk3yrWw==@base.apk@classes.dex with executable: 0
02-17 17:19:53.425  artd  5515  5516 I artd    : OatFileAssistant test for existing oat file /data/dalvik-cache/arm64/data@app@~~WcH-YX75qhqlF8aVYS2d6g==@com.android.tradefed.utils.wifi-JUnp2kGoHZX1PvJKk3yrWw==@base.apk@classes.dex: File /data/dalvik-cache/arm64/data@app@~~WcH-YX75qhqlF8aVYS2d6g==@com.android.tradefed.utils.wifi-JUnp2kGoHZX1PvJKk3yrWw==@base.apk@classes.vdex does not exist.
02-17 17:19:53.425  artd  5515  5516 I artd    : GetBestInfo checking odex next to the dex file (/data/app/~~WcH-YX75qhqlF8aVYS2d6g==/com.android.tradefed.utils.wifi-JUnp2kGoHZX1PvJKk3yrWw==/oat/arm64/base.odex)
02-17 17:19:53.425  artd  5515  5516 I artd    : Loading /data/app/~~WcH-YX75qhqlF8aVYS2d6g==/com.android.tradefed.utils.wifi-JUnp2kGoHZX1PvJKk3yrWw==/oat/arm64/base.odex with executable: 0
02-17 17:19:53.426  artd  5515  5516 I artd    : Successfully loaded /data/app/~~WcH-YX75qhqlF8aVYS2d6g==/com.android.tradefed.utils.wifi-JUnp2kGoHZX1PvJKk3yrWw==/oat/arm64/base.odex with executable: 0
02-17 17:19:53.427  artd  5515  5516 I artd    : /data/app/~~WcH-YX75qhqlF8aVYS2d6g==/com.android.tradefed.utils.wifi-JUnp2kGoHZX1PvJKk3yrWw==/oat/arm64/base.odex is kOatUpToDate with filter verify
02-17 17:19:53.606 shell  6665  6665 D AndroidRuntime: >>>>>> START com.android.internal.os.RuntimeInit uid 2000 <<<<<<
02-17 17:19:53.610 shell  6665  6665 I AndroidRuntime: Using default boot image
02-17 17:19:53.610 shell  6665  6665 I AndroidRuntime: Leaving lock profiling enabled
02-17 17:19:53.613 shell  6665  6665 I app_process: Core platform API reporting enabled, enforcing=false
02-17 17:19:53.613 shell  6665  6665 I app_process: Using CollectorTypeCMC GC.
02-17 17:19:53.685 shell  6665  6665 D nativeloader: InitDefaultPublicLibraries for_preload=1: libandroid.so:libaaudio.so:libamidi.so:libbinder_ndk.so:libc.so:libcamera2ndk.so:libdl.so:libEGL.so:libGLESv1_CM.so:libGLESv2.so:libGLESv3.so:libicu.so:libicui18n.so:libicuuc.so:libjnigraphics.so:liblog.so:libmediandk.so:libm.so:libnativehelper.so:libnativewindow.so:libOpenMAXAL.so:libOpenSLES.so:libRS.so:libstdc++.so:libsync.so:libvulkan.so:libwebviewchromium_plat_support.so:libz.so
02-17 17:19:53.691 shell  6665  6665 D nativeloader: Load libicu_jni.so using APEX ns com_android_art for caller /apex/com.android.art/javalib/core-oj.jar: ok
02-17 17:19:53.691 shell  6665  6665 D app_process: Time zone APEX ICU file found: /apex/com.android.tzdata/etc/icu/icu_tzdata.dat
02-17 17:19:53.691 shell  6665  6665 D app_process: I18n APEX ICU file found: /apex/com.android.i18n/etc/icu/icudt72l.dat
02-17 17:19:53.692 shell  6665  6665 D nativeloader: Load libjavacore.so using APEX ns com_android_art for caller /apex/com.android.art/javalib/core-oj.jar: ok
02-17 17:19:53.693 shell  6665  6665 D nativeloader: Load libopenjdk.so using APEX ns com_android_art for caller /apex/com.android.art/javalib/core-oj.jar: ok
02-17 17:19:53.716 shell  6665  6665 D nativeloader: Load libframework-connectivity-tiramisu-jni.so using APEX ns com_android_tethering for caller /apex/com.android.tethering/javalib/framework-connectivity-t.jar: ok
02-17 17:19:53.716 shell  6665  6665 D AndroidRuntime: Calling main entry com.android.commands.am.Am
02-17 17:19:53.720 shell  6665  6665 D UiAutomationConnection: Created on user UserHandle{0}
02-17 17:19:53.721  1000  1449  4131 I ActivityManager: Force stopping com.android.tradefed.utils.wifi appid=10126 user=0: start instr
02-17 17:19:53.721  1000  1449  4131 W ProcessStats: Tracking association SourceState{e028315 com.android.phone/1001 ImpFg #918} whose proc state 5 is better than process ProcessState{aa1c7c7 com.google.android.iwlan/1000 pkg=com.google.android.iwlan} proc state 14 (246 skipped)
02-17 17:19:53.722  1000  1449  4131 D GrammaticalInflection: The flag must be enabled to allow calling the API.
02-17 17:19:53.722  1000  1449  4131 I am_uid_running: 10126
02-17 17:19:53.722  1000  1449  4131 D CompatibilityChangeReporter: Compat change id reported: 135634846; UID 10126; state: DISABLED
02-17 17:19:53.723  1000  1449  4131 D CompatibilityChangeReporter: Compat change id reported: 177438394; UID 10126; state: DISABLED
02-17 17:19:53.723  1000  1449  4131 D CompatibilityChangeReporter: Compat change id reported: 135772972; UID 10126; state: DISABLED
02-17 17:19:53.723  1000  1449  4131 D CompatibilityChangeReporter: Compat change id reported: 135754954; UID 10126; state: ENABLED
02-17 17:19:53.724  1000  1449  1719 D CompatibilityChangeReporter: Compat change id reported: 143937733; UID 10126; state: ENABLED
02-17 17:19:53.726  1000  1449  1855 D CompatibilityChangeReporter: Compat change id reported: 265195908; UID 10126; state: ENABLED
02-17 17:19:53.738  root   865   865 D Zygote  : Forked child process 6679
02-17 17:19:53.738  1000  1449  1719 I am_proc_start: [0,6679,10126,com.android.tradefed.utils.wifi,added application,com.android.tradefed.utils.wifi]
02-17 17:19:53.738  1000  1449  1719 I ActivityManager: Start proc 6679:com.android.tradefed.utils.wifi/u0a126 for added application com.android.tradefed.utils.wifi
02-17 17:19:53.754 10126  6679  6679 I efed.utils.wifi: Using CollectorTypeCMC GC.
02-17 17:19:53.759 10126  6679  6679 E efed.utils.wifi: Not starting debugger since process cannot load the jdwp agent.
02-17 17:19:53.762 10126  6679  6679 D nativeloader: Load libframework-connectivity-tiramisu-jni.so using APEX ns com_android_tethering for caller /apex/com.android.tethering/javalib/framework-connectivity-t.jar: ok
02-17 17:19:53.766  1000  1449  4131 I am_proc_bound: [0,6679,com.android.tradefed.utils.wifi]
02-17 17:19:53.767  1000  1449  4131 D CompatibilityChangeReporter: Compat change id reported: 168419799; UID 10126; state: DISABLED
02-17 17:19:53.767  1000  1449  4131 D CompatibilityChangeReporter: Compat change id reported: 273564678; UID 10126; state: DISABLED
02-17 17:19:53.771 10126  6679  6679 D CompatibilityChangeReporter: Compat change id reported: 171979766; UID 10126; state: ENABLED
02-17 17:19:53.771 10126  6679  6679 D CompatibilityChangeReporter: Compat change id reported: 242716250; UID 10126; state: DISABLED
02-17 17:19:53.772  1000  1449  4131 D CompatibilityChangeReporter: Compat change id reported: 170503758; UID 10126; state: ENABLED
02-17 17:19:53.774 10126  6679  6679 D ApplicationLoaders: Returning zygote-cached class loader: /system/framework/android.test.base.jar
02-17 17:19:53.776 10126  6679  6679 D nativeloader: Configuring clns-4 for other apk /system/framework/android.test.mock.jar. target_sdk_version=31, uses_libraries=ALL, library_path=/data/app/~~WcH-YX75qhqlF8aVYS2d6g==/com.android.tradefed.utils.wifi-JUnp2kGoHZX1PvJKk3yrWw==/lib/arm64, permitted_path=/data:/mnt/expand:/data/user/0/com.android.tradefed.utils.wifi
02-17 17:19:53.778 10126  6679  6679 D ApplicationLoaders: Returning zygote-cached class loader: /system/framework/android.test.base.jar
02-17 17:19:53.779 10126  6679  6679 D nativeloader: Configuring clns-5 for other apk /system/framework/android.test.runner.jar. target_sdk_version=31, uses_libraries=ALL, library_path=/data/app/~~WcH-YX75qhqlF8aVYS2d6g==/com.android.tradefed.utils.wifi-JUnp2kGoHZX1PvJKk3yrWw==/lib/arm64, permitted_path=/data:/mnt/expand:/data/user/0/com.android.tradefed.utils.wifi
02-17 17:19:53.782 10126  6679  6679 D nativeloader: Configuring clns-6 for other apk /data/app/~~WcH-YX75qhqlF8aVYS2d6g==/com.android.tradefed.utils.wifi-JUnp2kGoHZX1PvJKk3yrWw==/base.apk. target_sdk_version=31, uses_libraries=, library_path=/data/app/~~WcH-YX75qhqlF8aVYS2d6g==/com.android.tradefed.utils.wifi-JUnp2kGoHZX1PvJKk3yrWw==/lib/arm64, permitted_path=/data:/mnt/expand:/data/user/0/com.android.tradefed.utils.wifi
02-17 17:19:53.787 10126  6679  6679 V GraphicsEnvironment: Currently set values for:
02-17 17:19:53.787 10126  6679  6679 V GraphicsEnvironment:   angle_gl_driver_selection_pkgs=[]
02-17 17:19:53.787 10126  6679  6679 V GraphicsEnvironment:   angle_gl_driver_selection_values=[]
02-17 17:19:53.787 10126  6679  6679 V GraphicsEnvironment: Global.Settings values are invalid: number of packages: 0, number of values: 0
02-17 17:19:53.787 10126  6679  6679 V GraphicsEnvironment: Neither updatable production driver nor prerelease driver is supported.
02-17 17:19:53.789 10126  6679  6679 I UiAutomation: Initialized for user 0 on display 0
02-17 17:19:53.791  1000  1449  4131 D AccessibilityManagerService: changeCurrentUserForTestAutomationIfNeededLocked(0): ignoring because device doesn't support visible background users
02-17 17:19:53.791  1000  1449  4131 I UiAutomationManager: Registering UiTestAutomationService (id=com.android.server.accessibility/UiAutomation) when called by user 0
02-17 17:19:53.793  1000  1449  4131 W MagnificationConnectionManager: requestConnection duplicated request: connect=false, mConnectionState=DISCONNECTED
02-17 17:19:53.793  1000  1449  1449 D BatterySaverPolicy: accessibility changed to true, updating policy.
02-17 17:19:53.796 10126  6679  6695 V UiAutomation: Init UiAutomation@60ceddc[id=5, displayId=0, flags=0]
02-17 17:19:53.798  1000  1449  1553 I am_uid_active: 10126
02-17 17:19:53.798  1000   556   556 D DisplayDevice: setDesiredMode 4619827677550801152 {mode=90.00 Hz (90.00 Hz(90.00 Hz)), emitEvent=true, force=false}
02-17 17:19:53.799  1000   564   663 D hwc-display: setActiveConfigWithConstraints:: PrimaryDisplay config(37) test(0)
02-17 17:19:53.799  1000   564   663 I hwc-display: [PrimaryDisplay] setActiveConfigWithConstraints: config(37)
02-17 17:19:53.801  1000  1449  2919 I WifiService: getVerboseLoggingLevel uid=10126
02-17 17:19:53.805  root   864  6698 I resolv  : GetAddrInfoHandler::run: {0 0 0 983040 10126 0}
02-17 17:19:53.806 10126  6679  6696 E WifiConnector: Failed to open connection to check connectivity
02-17 17:19:53.807  1000  1449  4131 W MagnificationConnectionManager: requestConnection duplicated request: connect=false, mConnectionState=DISCONNECTED
02-17 17:19:53.808  1000  1449  4131 D AccessibilityManagerService: restoreCurrentUserForTestAutomationIfNeededLocked(): ignoring because device doesn't support visible background users
02-17 17:19:53.808  1000  1449  2919 I ActivityManager: Force stopping com.android.tradefed.utils.wifi appid=10126 user=0: finished inst
02-17 17:19:53.808  1000  1449  2919 E ActivityManager: Unable to freeze binder for 6679: -11
02-17 17:19:53.838  root   267   267 I gtd     : FTS_TS: refresh rate(Hz) changed to 90 from 60
02-17 17:19:53.839  1000  2919  2919 I binder  : 1449:2919 ioctl 400c620e 712216338c returned -11
02-17 17:19:53.839  1000  2919  2919 I binder  : 1449:2919 ioctl 400c620e 712216338c returned -11
02-17 17:19:53.809  1000  1449  2919 I am_uid_stopped: 10126
02-17 17:19:53.809  1000  1449  1703 D DisplayManagerService: Drop pending events for gone uid 10126
02-17 17:19:53.810  1000  1449  2919 I ActivityManager: Killing 6679:com.android.tradefed.utils.wifi/u0a126 (adj 0): stop com.android.tradefed.utils.wifi due to finished inst
02-17 17:19:53.810  1000  1449  2919 I am_kill : [0,6679,com.android.tradefed.utils.wifi,0,stop com.android.tradefed.utils.wifi due to finished inst,104784]
02-17 17:19:53.810 shell  6665  6665 I app_process: System.exit called, status: 0
02-17 17:19:53.811 shell  6665  6665 I AndroidRuntime: VM exiting with result code 0.
02-17 17:19:53.826  1000  1449  1705 I DisplayDeviceRepository: Display device changed: DisplayDeviceInfo{"Built-in Screen": uniqueId="local:4619827677550801152", 1080 x 2400, modeId 2, renderFrameRate 90.0, defaultModeId 2, userPreferredModeId -1, supportedModes [{id=1, width=1080, height=2400, fps=60.0, vsync=60.0, alternativeRefreshRates=[90.0], supportedHdrTypes=[2, 3, 4]}, {id=2, width=1080, height=2400, fps=90.0, vsync=90.0, alternativeRefreshRates=[60.0], supportedHdrTypes=[2, 3, 4]}], colorMode 0, supportedColorModes [0, 7, 9], hdrCapabilities HdrCapabilities{mSupportedHdrTypes=[2, 3, 4], mMaxLuminance=1000.0, mMaxAverageLuminance=120.0, mMinLuminance=5.0E-4}, allmSupported false, gameContentTypeSupported false, density 420, 415.636 x 417.534 dpi, appVsyncOff 6233333, presDeadline 11500000, cutout DisplayCutout{insets=Rect(0, 136 - 0, 0) waterfall=Insets{left=0, top=0, right=0, bottom=0} boundingRect={Bounds=[Rect(0, 0 - 0, 0), Rect(480, 0 - 625, 136), Rect(0, 0 - 0, 0), Rect(0, 0 - 0, 0)]} cutoutPathParserInfo={CutoutPathParserInfo{displayWidth=1080 displayHeight=2400 physicalDisplayWidth=1080 physicalDisplayHeight=2400 density={2.625} cutoutSpec={M 506,68 a 34,34 0 1 0 68,0 34,34 0 1 0 -68,0 Z @left} rotation={0} scale={1.0} physicalPixelDisplaySizeRatio={1.0}}} sideOverrides={}}, touch INTERNAL, rotation 0, type INTERNAL, address {port=0, model=0x401ceccbbbeef1}, deviceProductInfo DeviceProductInfo{name=Common Panel, manufacturerPnpId=GGL, productId=0, modelYear=null, manufactureDate=ManufactureDate{week=1, year=1990}, connectionToSinkType=0}, state ON, committedState ON, frameRateOverride , brightnessMinimum 0.0, brightnessMaximum 1.0, brightnessDefault 0.17429718, hdrSdrRatio 1.0, roundedCorners RoundedCorners{[RoundedCorner{position=TopLeft, radius=47, center=Point(47, 47)}, RoundedCorner{position=TopRight, radius=47, center=Point(1033, 47)}, RoundedCorner{position=BottomRight, radius=48, center=Point(1032, 2352)}, RoundedCorner{position=BottomLeft, radius=48, center=Point(48, 2352)}]}, FLAG_ALLOWED_TO_BE_DEFAULT_DISPLAY, FLAG_ROTATES_WITH_CONTENT, FLAG_SECURE, FLAG_SUPPORTS_PROTECTED_BUFFERS, FLAG_TRUSTED, installOrientation 0, displayShape DisplayShape{ spec=-552977240 displayWidth=1080 displayHeight=2400 physicalPixelDisplaySizeRatio=1.0 rotation=0 offsetX=0 offsetY=0 scale=1.0}}
02-17 17:19:53.829  1000  1449  1747 D BrightnessThermalClamper: Thermal status observer already started
02-17 17:19:53.829  1000  1449  1747 D BrightnessPowerClamper: Power throttling data is missing for configuration data.
02-17 17:19:53.830  1041   876   934 D audio_hw: adev_set_parameters: enter: screen_state=on
02-17 17:19:53.832 10097  2860  2860 D DisplayRepository: combining enabled=[0], connectedExternalDisplayIds=[], ignored=[]
02-17 17:19:53.842  1000  1449  2919 V ActivityManager: Got obituary of 6679:com.android.tradefed.utils.wifi
02-17 17:19:53.873  root    26    26 I binder  : undelivered TRANSACTION_COMPLETE
02-17 17:19:53.843  1000  1449  1726 I libprocessgroup: Removed cgroup /sys/fs/cgroup/uid_10126/pid_6679
02-17 17:19:53.873  root    26    26 I binder  : undelivered transaction 199152, process died.
02-17 17:19:53.844  root   865   865 I Zygote  : Process 6679 exited due to signal 9 (Killed)
02-17 17:19:54.015  1000  1449  1863 I commit_sys_config_file: [settings-2-0,21]
02-17 17:19:54.328   nfc  3543  3543 I NfcDispatcher: no match
02-17 17:19:54.943  1000  1449  1864 D ActivityManager: freezing 4291 com.android.packageinstaller
02-17 17:19:54.945  1000  1449  1864 I am_freeze: [4291,com.android.packageinstaller]
02-17 17:19:55.301  root     1     1 I init    : starting service 'securedpud.slider'...
02-17 17:19:55.314  root     1     1 I init    : ... started service 'securedpud.slider' has pid 6702
02-17 17:19:55.315  root     1     1 I init    : starting service 'trusty_metricsd'...
02-17 17:19:55.324  root     1     1 I init    : ... started service 'trusty_metricsd' has pid 6703
02-17 17:19:55.321  1000  6702  6702 I securedpud.slider: starting securedpud
02-17 17:19:55.322  1000  6702  6702 I securedpud.slider: trusty dev: /dev/trusty-ipc-dev0
02-17 17:19:55.322  1000  6702  6702 I DMABUFHEAPS: Using DMA-BUF heap named: tui-secure
02-17 17:19:55.323  1000  6702  6702 E libtrusty: tipc_connect: can't connect to tipc service "com.android.trusty.secure_dpu" (err=107)
02-17 17:19:55.323  1000  6702  6702 E securedpud.slider: Failed to connect to: /dev/trusty-ipc-dev0
02-17 17:19:55.357  root     1     1 I init    : Service 'securedpud.slider' (pid 6702) exited with status 1
02-17 17:19:55.357  root     1     1 I init    : Sending signal 9 to service 'securedpud.slider' (pid 6702) process group...
02-17 17:19:55.358  root     1     1 I libprocessgroup: Removed cgroup /sys/fs/cgroup/uid_1000/pid_6702
02-17 17:19:55.358  root     1     1 E init    : process with updatable components 'securedpud.slider' exited 4 times in 4 minutes
02-17 17:19:55.362  root     1     1 I init    : processing action (sys.init.updatable_crashing=1) from (/system/etc/init/flags_health_check.rc:10)
02-17 17:19:55.362  root     1     1 I init    : starting service 'exec 305 (/system/bin/flags_health_check UPDATABLE_CRASHING)'...
02-17 17:19:55.341  1000  6703  6703 I trusty_metricsd: starting trusty_metricsd
02-17 17:19:55.341  1000  6703  6703 I trusty_metricsd: trusty dev: /dev/trusty-ipc-dev0
02-17 17:19:55.370  root     1     1 I init    : ... started service 'exec 305 (/system/bin/flags_health_check UPDATABLE_CRASHING)' has pid 6704
02-17 17:19:55.370  root     1     1 I init    : SVC_EXEC service 'exec 305 (/system/bin/flags_health_check UPDATABLE_CRASHING)' pid 6704 (uid 1000 gid 1000+0 context default) started; waiting...
02-17 17:19:55.344  1000  6703  6703 E libtrusty: tipc_connect: can't connect to tipc service "com.android.frameworks.stats.trusty.metrics.istats_setter" (err=107)
02-17 17:19:55.344  1000  6703  6703 E RpcTrusty: Failed to connect to Trusty service. Error code: -107
02-17 17:19:55.344  1000  6703  6703 E RpcTrusty: Failed to set up Trusty client. Error: BAD_VALUE
02-17 17:19:55.344  1000  6703  6703 E trusty_metricsd: failed to connect TrustyMetricsPixel to Trusty: failed to connect to Trusty metrics TA: Transport endpoint is not connected
02-17 17:19:55.344  1000  6703  6703 W RefBase : RefBase: Explicit destruction, weak count = 0 (in 0xb4000071dfa241d8). Use sp<> to manage this object.
02-17 17:19:55.344  1000  6703  6703 W RefBase : CallStack::getCurrentInternal not linked, returning null
02-17 17:19:55.344  1000  6703  6703 W RefBase : CallStack::logStackInternal not linked
02-17 17:19:55.344  1000  6703  6703 E trusty_metricsd: failed to open Trusty metrics client
02-17 17:19:55.344  1000  6703  6703 E trusty_metricsd: trying to connect to Trusty metrics TA at old TIPC port
02-17 17:19:55.345  1000  6703  6703 E libtrusty: tipc_connect: can't connect to tipc service "com.android.trusty.metrics" (err=107)
02-17 17:19:55.345  1000  6703  6703 E trusty_metricsd: failed to open TrustyMetricsPixelTipc: failed to connect to Trusty metrics TA: Transport endpoint is not connected
02-17 17:19:55.345  1000  6703  6703 E trusty_metricsd: failed to open Trusty metrics client
02-17 17:19:55.377  root     1     1 I init    : Service 'trusty_metricsd' (pid 6703) exited with status 1
02-17 17:19:55.377  root     1     1 I init    : Sending signal 9 to service 'trusty_metricsd' (pid 6703) process group...
02-17 17:19:55.378  root     1     1 I libprocessgroup: Removed cgroup /sys/fs/cgroup/uid_1000/pid_6703
02-17 17:19:55.378  root     1     1 E init    : process with updatable components 'trusty_metricsd' exited 4 times in 4 minutes
02-17 17:19:55.348  1000   556   660 D DisplayDevice: setDesiredMode 4619827677550801152 {mode=60.00 Hz (60.00 Hz(60.00 Hz)), emitEvent=false, force=false}
02-17 17:19:55.353  1000   564  3933 D hwc-display: setActiveConfigWithConstraints:: PrimaryDisplay config(36) test(0)
02-17 17:19:55.353  1000   564  3933 I hwc-display: [PrimaryDisplay] setActiveConfigWithConstraints: config(36)
02-17 17:19:55.385  root   267   267 I gtd     : FTS_TS: refresh rate(Hz) changed to 60 from 90
02-17 17:19:55.363  1000  6704  6704 I flags_health_check: ServerConfigurableFlagsReset reset_mode value: 1
02-17 17:19:55.363  1000  6704  6704 I flags_health_check: ServerConfigurableFlagsReset updatable crashing detected, resetting flags.
02-17 17:19:55.405  root     1     1 I init    : Service 'exec 305 (/system/bin/flags_health_check UPDATABLE_CRASHING)' (pid 6704) exited with status 0 waiting took 0.039000 seconds
02-17 17:19:55.405  root     1     1 I init    : Sending signal 9 to service 'exec 305 (/system/bin/flags_health_check UPDATABLE_CRASHING)' (pid 6704) process group...
02-17 17:19:55.405  root     1     1 I libprocessgroup: Removed cgroup /sys/fs/cgroup/uid_1000/pid_6704
02-17 17:19:55.407  root     1     1 I init    : processing action (sys.init.updatable_crashing=1) from (/system/etc/init/flags_health_check.rc:10)
02-17 17:19:55.407  root     1     1 I init    : starting service 'exec 306 (/system/bin/flags_health_check UPDATABLE_CRASHING)'...
02-17 17:19:55.414  root     1     1 I init    : ... started service 'exec 306 (/system/bin/flags_health_check UPDATABLE_CRASHING)' has pid 6705
02-17 17:19:55.414  root     1     1 I init    : SVC_EXEC service 'exec 306 (/system/bin/flags_health_check UPDATABLE_CRASHING)' pid 6705 (uid 1000 gid 1000+0 context default) started; waiting...
02-17 17:19:55.400  1000  6705  6705 I flags_health_check: ServerConfigurableFlagsReset reset_mode value: 1
02-17 17:19:55.401  1000  6705  6705 I flags_health_check: ServerConfigurableFlagsReset updatable crashing detected, resetting flags.
02-17 17:19:55.441  root     1     1 I init    : Service 'exec 306 (/system/bin/flags_health_check UPDATABLE_CRASHING)' (pid 6705) exited with status 0 waiting took 0.030000 seconds
02-17 17:19:55.441  root     1     1 I init    : Sending signal 9 to service 'exec 306 (/system/bin/flags_health_check UPDATABLE_CRASHING)' (pid 6705) process group...
02-17 17:19:55.442  root     1     1 I libprocessgroup: Removed cgroup /sys/fs/cgroup/uid_1000/pid_6705
02-17 17:19:55.857  1000  1449  1864 D ActivityManager: freezing 3996 com.android.providers.calendar
02-17 17:19:55.861  1000  1449  1864 I am_freeze: [3996,com.android.providers.calendar]
02-17 17:19:56.568  1000  1449  1864 D ActivityManager: freezing 3556 com.android.documentsui
02-17 17:19:56.574  1000  1449  1864 I am_freeze: [3556,com.android.documentsui]
02-17 17:19:56.633  1000  1449  1864 D ActivityManager: freezing 3879 android.process.media
02-17 17:19:56.636  1000  1449  1864 I am_freeze: [3879,android.process.media]
02-17 17:19:57.055  1017   541  5284 I keystore2: system/security/keystore2/watchdog/src/lib.rs:319 - Watchdog thread idle -> terminating. Have a great day.
02-17 17:19:57.277  root   957   957 I s3c2410-wdt 10070000.watchdog_cl1: Watchdog cluster 1 keepalive!, old_wtcnt = 7750, wtcnt = cc8c
02-17 17:19:59.154 10111  3526  3904 W MediaProvider: isAppCloneUserPair for user 0: false
02-17 17:19:59.332 10111  3526  3905 I MediaProvider: Deleted 1 0 0 0 0 0 0 items on external_primary due to com.android.shell
02-17 17:19:59.433  artd  5515  5516 I artd    : Dex parent of /data/app/~~WcH-YX75qhqlF8aVYS2d6g==/com.android.tradefed.utils.wifi-JUnp2kGoHZX1PvJKk3yrWw==/base.apk is not writable: Permission denied
02-17 17:19:59.434  artd  5515  5516 I artd    : GetBestInfo checking odex in dalvik-cache (/data/dalvik-cache/arm64/data@app@~~WcH-YX75qhqlF8aVYS2d6g==@com.android.tradefed.utils.wifi-JUnp2kGoHZX1PvJKk3yrWw==@base.apk@classes.dex)
02-17 17:19:59.434  artd  5515  5516 I artd    : Loading /data/dalvik-cache/arm64/data@app@~~WcH-YX75qhqlF8aVYS2d6g==@com.android.tradefed.utils.wifi-JUnp2kGoHZX1PvJKk3yrWw==@base.apk@classes.dex with executable: 0
02-17 17:19:59.434  artd  5515  5516 I artd    : OatFileAssistant test for existing oat file /data/dalvik-cache/arm64/data@app@~~WcH-YX75qhqlF8aVYS2d6g==@com.android.tradefed.utils.wifi-JUnp2kGoHZX1PvJKk3yrWw==@base.apk@classes.dex: File /data/dalvik-cache/arm64/data@app@~~WcH-YX75qhqlF8aVYS2d6g==@com.android.tradefed.utils.wifi-JUnp2kGoHZX1PvJKk3yrWw==@base.apk@classes.vdex does not exist.
02-17 17:19:59.434  artd  5515  5516 I artd    : GetBestInfo checking odex next to the dex file (/data/app/~~WcH-YX75qhqlF8aVYS2d6g==/com.android.tradefed.utils.wifi-JUnp2kGoHZX1PvJKk3yrWw==/oat/arm64/base.odex)
02-17 17:19:59.434  artd  5515  5516 I artd    : Loading /data/app/~~WcH-YX75qhqlF8aVYS2d6g==/com.android.tradefed.utils.wifi-JUnp2kGoHZX1PvJKk3yrWw==/oat/arm64/base.odex with executable: 0
02-17 17:19:59.434  artd  5515  5516 I artd    : Successfully loaded /data/app/~~WcH-YX75qhqlF8aVYS2d6g==/com.android.tradefed.utils.wifi-JUnp2kGoHZX1PvJKk3yrWw==/oat/arm64/base.odex with executable: 0
02-17 17:19:59.435  artd  5515  5516 I artd    : /data/app/~~WcH-YX75qhqlF8aVYS2d6g==/com.android.tradefed.utils.wifi-JUnp2kGoHZX1PvJKk3yrWw==/oat/arm64/base.odex is kOatUpToDate with filter verify
02-17 17:19:59.624 shell  6729  6729 D AndroidRuntime: >>>>>> START com.android.internal.os.RuntimeInit uid 2000 <<<<<<
02-17 17:19:59.629 shell  6729  6729 I AndroidRuntime: Using default boot image
02-17 17:19:59.629 shell  6729  6729 I AndroidRuntime: Leaving lock profiling enabled
02-17 17:19:59.631 shell  6729  6729 I app_process: Core platform API reporting enabled, enforcing=false
02-17 17:19:59.631 shell  6729  6729 I app_process: Using CollectorTypeCMC GC.
02-17 17:19:59.693 shell  6729  6729 D nativeloader: InitDefaultPublicLibraries for_preload=1: libandroid.so:libaaudio.so:libamidi.so:libbinder_ndk.so:libc.so:libcamera2ndk.so:libdl.so:libEGL.so:libGLESv1_CM.so:libGLESv2.so:libGLESv3.so:libicu.so:libicui18n.so:libicuuc.so:libjnigraphics.so:liblog.so:libmediandk.so:libm.so:libnativehelper.so:libnativewindow.so:libOpenMAXAL.so:libOpenSLES.so:libRS.so:libstdc++.so:libsync.so:libvulkan.so:libwebviewchromium_plat_support.so:libz.so
02-17 17:19:59.701 shell  6729  6729 D nativeloader: Load libicu_jni.so using APEX ns com_android_art for caller /apex/com.android.art/javalib/core-oj.jar: ok
02-17 17:19:59.701 shell  6729  6729 D app_process: Time zone APEX ICU file found: /apex/com.android.tzdata/etc/icu/icu_tzdata.dat
02-17 17:19:59.701 shell  6729  6729 D app_process: I18n APEX ICU file found: /apex/com.android.i18n/etc/icu/icudt72l.dat
02-17 17:19:59.702 shell  6729  6729 D nativeloader: Load libjavacore.so using APEX ns com_android_art for caller /apex/com.android.art/javalib/core-oj.jar: ok
02-17 17:19:59.703 shell  6729  6729 D nativeloader: Load libopenjdk.so using APEX ns com_android_art for caller /apex/com.android.art/javalib/core-oj.jar: ok
02-17 17:19:59.726 shell  6729  6729 D nativeloader: Load libframework-connectivity-tiramisu-jni.so using APEX ns com_android_tethering for caller /apex/com.android.tethering/javalib/framework-connectivity-t.jar: ok
02-17 17:19:59.726 shell  6729  6729 D AndroidRuntime: Calling main entry com.android.commands.am.Am
02-17 17:19:59.730 shell  6729  6729 D UiAutomationConnection: Created on user UserHandle{0}
02-17 17:19:59.731  1000  1449  1553 I ActivityManager: Force stopping com.android.tradefed.utils.wifi appid=10126 user=0: start instr
02-17 17:19:59.732  1000  1449  1553 D GrammaticalInflection: The flag must be enabled to allow calling the API.
02-17 17:19:59.732  1000  1449  1553 I am_uid_running: 10126
02-17 17:19:59.733  1000  1449  1553 D CompatibilityChangeReporter: Compat change id reported: 135634846; UID 10126; state: DISABLED
02-17 17:19:59.733  1000  1449  1553 D CompatibilityChangeReporter: Compat change id reported: 177438394; UID 10126; state: DISABLED
02-17 17:19:59.733  1000  1449  1553 D CompatibilityChangeReporter: Compat change id reported: 135772972; UID 10126; state: DISABLED
02-17 17:19:59.733  1000  1449  1553 D CompatibilityChangeReporter: Compat change id reported: 135754954; UID 10126; state: ENABLED
02-17 17:19:59.734  1000  1449  1719 D CompatibilityChangeReporter: Compat change id reported: 143937733; UID 10126; state: ENABLED
02-17 17:19:59.741  root   865   865 D Zygote  : Forked child process 6743
02-17 17:19:59.741  1000  1449  1719 I am_proc_start: [0,6743,10126,com.android.tradefed.utils.wifi,added application,com.android.tradefed.utils.wifi]
02-17 17:19:59.742  1000  1449  1719 I ActivityManager: Start proc 6743:com.android.tradefed.utils.wifi/u0a126 for added application com.android.tradefed.utils.wifi
02-17 17:19:59.756 10126  6743  6743 I efed.utils.wifi: Using CollectorTypeCMC GC.
02-17 17:19:59.761 10126  6743  6743 E efed.utils.wifi: Not starting debugger since process cannot load the jdwp agent.
02-17 17:19:59.763 10126  6743  6743 D nativeloader: Load libframework-connectivity-tiramisu-jni.so using APEX ns com_android_tethering for caller /apex/com.android.tethering/javalib/framework-connectivity-t.jar: ok
02-17 17:19:59.767  1000  1449  1553 I am_proc_bound: [0,6743,com.android.tradefed.utils.wifi]
02-17 17:19:59.771 10126  6743  6743 D CompatibilityChangeReporter: Compat change id reported: 171979766; UID 10126; state: ENABLED
02-17 17:19:59.771 10126  6743  6743 D CompatibilityChangeReporter: Compat change id reported: 242716250; UID 10126; state: DISABLED
02-17 17:19:59.774 10126  6743  6743 D ApplicationLoaders: Returning zygote-cached class loader: /system/framework/android.test.base.jar
02-17 17:19:59.777 10126  6743  6743 D nativeloader: Configuring clns-4 for other apk /system/framework/android.test.mock.jar. target_sdk_version=31, uses_libraries=ALL, library_path=/data/app/~~WcH-YX75qhqlF8aVYS2d6g==/com.android.tradefed.utils.wifi-JUnp2kGoHZX1PvJKk3yrWw==/lib/arm64, permitted_path=/data:/mnt/expand:/data/user/0/com.android.tradefed.utils.wifi
02-17 17:19:59.779 10126  6743  6743 D ApplicationLoaders: Returning zygote-cached class loader: /system/framework/android.test.base.jar
02-17 17:19:59.780 10126  6743  6743 D nativeloader: Configuring clns-5 for other apk /system/framework/android.test.runner.jar. target_sdk_version=31, uses_libraries=ALL, library_path=/data/app/~~WcH-YX75qhqlF8aVYS2d6g==/com.android.tradefed.utils.wifi-JUnp2kGoHZX1PvJKk3yrWw==/lib/arm64, permitted_path=/data:/mnt/expand:/data/user/0/com.android.tradefed.utils.wifi
02-17 17:19:59.784 10126  6743  6743 D nativeloader: Configuring clns-6 for other apk /data/app/~~WcH-YX75qhqlF8aVYS2d6g==/com.android.tradefed.utils.wifi-JUnp2kGoHZX1PvJKk3yrWw==/base.apk. target_sdk_version=31, uses_libraries=, library_path=/data/app/~~WcH-YX75qhqlF8aVYS2d6g==/com.android.tradefed.utils.wifi-JUnp2kGoHZX1PvJKk3yrWw==/lib/arm64, permitted_path=/data:/mnt/expand:/data/user/0/com.android.tradefed.utils.wifi
02-17 17:19:59.788 10126  6743  6743 V GraphicsEnvironment: Currently set values for:
02-17 17:19:59.788 10126  6743  6743 V GraphicsEnvironment:   angle_gl_driver_selection_pkgs=[]
02-17 17:19:59.788 10126  6743  6743 V GraphicsEnvironment:   angle_gl_driver_selection_values=[]
02-17 17:19:59.788 10126  6743  6743 V GraphicsEnvironment: Global.Settings values are invalid: number of packages: 0, number of values: 0
02-17 17:19:59.788 10126  6743  6743 V GraphicsEnvironment: Neither updatable production driver nor prerelease driver is supported.
02-17 17:19:59.791 10126  6743  6743 I UiAutomation: Initialized for user 0 on display 0
02-17 17:19:59.794  1000  1449  1553 D AccessibilityManagerService: changeCurrentUserForTestAutomationIfNeededLocked(0): ignoring because device doesn't support visible background users
02-17 17:19:59.794  1000  1449  1553 I UiAutomationManager: Registering UiTestAutomationService (id=com.android.server.accessibility/UiAutomation) when called by user 0
02-17 17:19:59.795  1000   556   660 D DisplayDevice: setDesiredMode 4619827677550801152 {mode=90.00 Hz (90.00 Hz(90.00 Hz)), emitEvent=true, force=false}
02-17 17:19:59.796  1000  1449  1553 W MagnificationConnectionManager: requestConnection duplicated request: connect=false, mConnectionState=DISCONNECTED
02-17 17:19:59.798  1000  1449  1449 D BatterySaverPolicy: accessibility changed to true, updating policy.
02-17 17:19:59.800 10126  6743  6759 V UiAutomation: Init UiAutomation@60ceddc[id=6, displayId=0, flags=0]
02-17 17:19:59.801  1000  1449  3698 I am_uid_active: 10126
02-17 17:19:59.803  1000  1449  2922 I WifiService: getVerboseLoggingLevel uid=10126
02-17 17:19:59.805  1000   564  3933 D hwc-display: setActiveConfigWithConstraints:: PrimaryDisplay config(37) test(0)
02-17 17:19:59.805  1000   564  3933 I hwc-display: [PrimaryDisplay] setActiveConfigWithConstraints: config(37)
02-17 17:19:59.806  root   864  6762 I resolv  : GetAddrInfoHandler::run: {0 0 0 983040 10126 0}
02-17 17:19:59.808 10126  6743  6760 E WifiConnector: Failed to open connection to check connectivity
02-17 17:19:59.809  1000  1449  2922 W MagnificationConnectionManager: requestConnection duplicated request: connect=false, mConnectionState=DISCONNECTED
02-17 17:19:59.809  1000  1449  2922 D AccessibilityManagerService: restoreCurrentUserForTestAutomationIfNeededLocked(): ignoring because device doesn't support visible background users
02-17 17:19:59.810  1000  1449  1449 D BatterySaverPolicy: accessibility changed to false, updating policy.
02-17 17:19:59.811  1000  1449  1553 I ActivityManager: Force stopping com.android.tradefed.utils.wifi appid=10126 user=0: finished inst
02-17 17:19:59.811  1000  1449  1553 E ActivityManager: Unable to freeze binder for 6743: -11
02-17 17:19:59.811  1000  1449  1553 I am_uid_stopped: 10126
02-17 17:19:59.812  1000  1449  1703 D DisplayManagerService: Drop pending events for gone uid 10126
02-17 17:19:59.812  1000  1449  1553 I ActivityManager: Killing 6743:com.android.tradefed.utils.wifi/u0a126 (adj 0): stop com.android.tradefed.utils.wifi due to finished inst
02-17 17:19:59.812  1000  1449  1553 I am_kill : [0,6743,com.android.tradefed.utils.wifi,0,stop com.android.tradefed.utils.wifi due to finished inst,103628]
02-17 17:19:59.813 shell  6729  6729 I app_process: System.exit called, status: 0
02-17 17:19:59.813 shell  6729  6729 I AndroidRuntime: VM exiting with result code 0.
02-17 17:19:59.842  1000  1553  1553 I binder  : 1449:1553 ioctl 400c620e 726afd138c returned -11
02-17 17:19:59.842  1000  1553  1553 I binder  : 1449:1553 ioctl 400c620e 726afd138c returned -11
02-17 17:19:59.849  root   267   267 I gtd     : FTS_TS: refresh rate(Hz) changed to 90 from 60
02-17 17:19:59.848  1000  1449  1553 V ActivityManager: Got obituary of 6743:com.android.tradefed.utils.wifi
