02-17 17:07:02.145  1000  1449  1449 I thermal_changed: [BCL_BATOILO_GPU_LOW_TEMP,7,0.000000,0,0]
02-17 17:07:02.145  1000  1449  1449 I thermal_changed: [usb_pwr_therm2,-1,26.565001,0,0]
02-17 17:07:02.145  1000  1449  1449 I thermal_changed: [USB-MINUS-USB2,-1,-0.117000,0,0]
02-17 17:07:02.145  1000  1449  1449 I thermal_changed: [critical-battery-cell,6,0.000000,0,0]
02-17 17:07:02.145  1000  1449  1449 I thermal_changed: [MID,0,56.000004,0,0]
02-17 17:07:02.145  1000  1449  1449 I thermal_changed: [VIRTUAL-USB-UI,4,0.000000,0,0]
02-17 17:07:02.145  1000  1449  1449 I thermal_changed: [neutral_therm,-1,28.967001,0,0]
02-17 17:07:02.145  1000  1449  1449 I thermal_changed: [cellular-emergency,5,28.059502,0,0]
02-17 17:07:02.145  1000  1449  1449 I thermal_changed: [battery_cycle,6,121.000000,0,0]
02-17 17:07:02.145  1000  1449  1449 I thermal_changed: [quiet_therm,-1,26.143002,0,0]
02-17 17:07:02.145  1000  1449  1449 I thermal_changed: [VIRTUAL-SKIN-CHARGE,-1,27.966511,0,0]
02-17 17:07:02.145  1000  1449  1449 I thermal_changed: [BCL_AUDIO_BAACL,6,1.000000,0,0]
02-17 17:07:02.145  1000  1449  1449 I thermal_changed: [USB-MINUS-NEUTRAL,-1,-2.519000,0,0]
02-17 17:07:02.145  1000  1449  1449 I thermal_changed: [VIRTUAL-SKIN,3,28.059502,0,0]
02-17 17:07:02.145  1000  1449  1449 I thermal_changed: [vdroop1,6,0.000000,0,0]
02-17 17:07:02.145  1000  1449  1449 I thermal_changed: [VIRTUAL-USB-THROTTLING,4,0.000000,0,0]
02-17 17:07:02.145  1000  1449  1449 I thermal_changed: [qi_therm,-1,34.198002,0,0]
02-17 17:07:02.145  1000  1449  1449 I thermal_changed: [ocp_gpu,7,0.000000,0,0]
02-17 17:07:02.145  1000  1449  1449 I thermal_changed: [smpl_gm,6,0.000000,0,0]
02-17 17:07:02.145  1000  1449  1449 I thermal_changed: [vdroop2,6,0.000000,0,0]
02-17 17:07:02.145  1000  1449  1449 I thermal_changed: [disp_therm,-1,26.284000,0,0]
02-17 17:07:02.145  1000  1449  1449 I thermal_changed: [batoilo,7,0.000000,0,0]
02-17 17:07:02.145  1000  1449  1449 I thermal_changed: [usb_pwr_therm,-1,26.448002,0,0]
02-17 17:07:02.179  1000  1449  1449 I am_uid_running: 10097
02-17 17:07:02.186  1000  1449  1719 I am_proc_start: [0,2860,10097,com.android.systemui,service,{com.android.systemui/com.android.systemui.wallpapers.ImageWallpaper}]
02-17 17:07:02.188  1000  1449  2850 I am_uid_running: 10107
02-17 17:07:02.193  1000  1449  1719 I am_proc_start: [0,2868,10107,com.android.permissioncontroller,service,{com.android.permissioncontroller/com.android.permissioncontroller.permission.service.PermissionControllerServiceImpl}]
02-17 17:07:02.201  1000  1449  1820 I am_proc_bound: [0,2860,com.android.systemui]
02-17 17:07:02.207  1000  1449  1820 I am_uid_active: 10097
02-17 17:07:02.207  1000  1449  1553 I am_proc_bound: [0,2868,com.android.permissioncontroller]
02-17 17:07:02.240  1000  1449  1820 I am_uid_active: 10107
02-17 17:07:02.267  1000  1449  1863 I commit_sys_config_file: [settings-2-0,1]
02-17 17:07:02.292  1000  1449  1863 I commit_sys_config_file: [settings-0-0,1]
02-17 17:07:02.293  1000  1449  1863 I commit_sys_config_file: [settings-1-0,1]
02-17 17:07:02.341  1000  1449  2920 I wm_task_created: 2
02-17 17:07:02.341  1000  1449  2907 I wm_task_created: 3
02-17 17:07:02.342  1000  1449  2920 I wm_task_created: 4
02-17 17:07:02.369  1000  1449  2907 I wm_task_removed: [3,3,0,reParentTask:sanitizeAndApplyHierarchyOp]
02-17 17:07:02.369  1000  1449  2907 I wm_task_moved: [3,2,0,1,2147483647]
02-17 17:07:02.369  1000  1449  2907 I wm_task_removed: [4,4,0,reParentTask:sanitizeAndApplyHierarchyOp]
02-17 17:07:02.369  1000  1449  2907 I wm_task_moved: [4,2,0,1,2147483647]
02-17 17:07:02.373 10097  2860  2900 I viewroot_draw_event: [VRI[ShellDropTarget],Not drawing due to not visible]
02-17 17:07:02.555  1000  1449  2785 I commit_sys_config_file: [net-policy,1]
02-17 17:07:02.563  1000  1449  1863 I commit_sys_config_file: [settings-0-0,1]
02-17 17:07:02.576  1000  1449  2783 I netstats_mobile_sample: [0,0,0,0,0,0,0,0,1771319222576]
02-17 17:07:02.576  1000  1449  2783 I netstats_wifi_sample: [0,0,0,0,0,0,0,0,1771319222576]
02-17 17:07:02.580  1000  1449  2783 I netstats_mobile_sample: [0,0,0,0,0,0,0,0,1771319222580]
02-17 17:07:02.580  1000  1449  2783 I netstats_wifi_sample: [0,0,0,0,0,0,0,0,1771319222580]
02-17 17:07:02.587  1000  1449  1863 I commit_sys_config_file: [settings-2-0,0]
02-17 17:07:02.696  1000  1449  1449 I am_uid_running: 1073
02-17 17:07:02.699  1000  1449  1714 I netstats_mobile_sample: [0,0,0,0,0,0,0,0,1771319222699]
02-17 17:07:02.699  1000  1449  1714 I netstats_wifi_sample: [0,0,0,0,0,0,0,0,1771319222699]
02-17 17:07:02.701  1000  1449  1719 I am_proc_start: [0,2999,1073,com.android.networkstack.process,service,{com.android.networkstack/com.android.server.NetworkStackService}]
02-17 17:07:02.703  1000  1449  1714 I netstats_mobile_sample: [0,0,0,0,0,0,0,0,1771319222703]
02-17 17:07:02.703  1000  1449  1714 I netstats_wifi_sample: [0,0,0,0,0,0,0,0,1771319222703]
02-17 17:07:02.706  1000  1449  1449 I ssm_user_starting: 0
02-17 17:07:02.710  1000  1449  1714 I netstats_mobile_sample: [0,0,0,0,0,0,0,0,1771319222710]
02-17 17:07:02.710  1000  1449  1714 I netstats_wifi_sample: [0,0,0,0,0,0,0,0,1771319222710]
02-17 17:07:02.716  1000  1449  1714 I netstats_mobile_sample: [0,0,0,0,0,0,0,0,1771319222716]
02-17 17:07:02.716  1000  1449  1714 I netstats_wifi_sample: [0,0,0,0,0,0,0,0,1771319222716]
02-17 17:07:02.718  1000  1449  2911 I am_proc_bound: [0,2999,com.android.networkstack.process]
02-17 17:07:02.719  1000  1449  2911 I am_uid_active: 1073
02-17 17:07:02.720  1000  1449  1714 I netstats_mobile_sample: [0,0,0,0,0,0,0,0,1771319222720]
02-17 17:07:02.720  1000  1449  1714 I netstats_wifi_sample: [0,0,0,0,0,0,0,0,1771319222720]
02-17 17:07:02.723  1000  1449  1714 I netstats_mobile_sample: [0,0,0,0,0,0,0,0,1771319222723]
02-17 17:07:02.723  1000  1449  1714 I netstats_wifi_sample: [0,0,0,0,0,0,0,0,1771319222723]
02-17 17:07:02.727  1000  1449  2911 I sysui_multi_action: [757,1243,758,4,806,com.android.settings.intelligence,1241,android.permission.POST_NOTIFICATIONS]
02-17 17:07:02.751  1000  1449  2911 I sysui_multi_action: [757,856,758,1,806,com.android.networkstack,857,connected_note_loud,858,4]
02-17 17:07:02.751  1000  1449  2907 I sysui_multi_action: [757,1243,758,4,806,com.android.gallery3d,1241,android.permission.ACCESS_MEDIA_LOCATION]
02-17 17:07:02.752  1000  1449  2911 I sysui_multi_action: [757,856,758,1,806,com.android.networkstack,857,connected_note,858,3]
02-17 17:07:02.754  1000  1449  2907 I sysui_multi_action: [757,1243,758,4,806,com.android.gallery3d,1241,android.permission.WRITE_EXTERNAL_STORAGE]
02-17 17:07:02.756  1000  1449  2907 I sysui_multi_action: [757,1243,758,4,806,com.android.gallery3d,1241,android.permission.READ_MEDIA_VIDEO]
02-17 17:07:02.757  1000  1449  2911 I sysui_multi_action: [757,1243,758,4,806,com.android.gallery3d,1241,android.permission.READ_MEDIA_AUDIO]
02-17 17:07:02.759  1000  1449  2911 I sysui_multi_action: [757,856,758,1,806,com.android.networkstack.tethering,857,TETHERING_STATUS,858,2]
02-17 17:07:02.759  1000  1449  2907 I sysui_multi_action: [757,1243,758,4,806,com.android.gallery3d,1241,android.permission.READ_MEDIA_IMAGES]
02-17 17:07:02.761  1000  1449  2911 I sysui_multi_action: [757,1243,758,4,806,com.android.gallery3d,1241,android.permission.READ_EXTERNAL_STORAGE]
02-17 17:07:02.762  1000  1449  2911 I sysui_multi_action: [757,1243,758,4,806,com.android.gallery3d,1241,android.permission.READ_MEDIA_VISUAL_USER_SELECTED]
02-17 17:07:02.764  1073  2999  2999 I auditd  : type=1400 audit(0.0:4): avc:  granted  { read } for  comm="rkstack.process" name="psched" dev="proc" ino=4026531994 scontext=u:r:network_stack:s0 tcontext=u:object_r:proc_net:s0 tclass=file
02-17 17:07:02.764  1073  2999  2999 I auditd  : type=1400 audit(0.0:5): avc:  granted  { read open } for  comm="rkstack.process" path="/proc/2999/net/psched" dev="proc" ino=4026531994 scontext=u:r:network_stack:s0 tcontext=u:object_r:proc_net:s0 tclass=file
02-17 17:07:02.764  1073  2999  2999 I auditd  : type=1400 audit(0.0:6): avc:  granted  { getattr } for  comm="rkstack.process" path="/proc/2999/net/psched" dev="proc" ino=4026531994 scontext=u:r:network_stack:s0 tcontext=u:object_r:proc_net:s0 tclass=file
02-17 17:07:02.796  1000  1449  1863 I commit_sys_config_file: [settings-0-0,1]
02-17 17:07:02.817  1000  1449  1863 I commit_sys_config_file: [settings-2-0,1]
02-17 17:07:02.835  1000  1449  2911 I sysui_multi_action: [757,1243,758,4,806,org.chromium.webview_shell,1241,android.permission.ACCESS_FINE_LOCATION]
02-17 17:07:02.843  1000  1449  1881 I am_uid_running: 1002
02-17 17:07:02.847  1000  1449  1719 I am_proc_start: [0,3026,1002,com.android.bluetooth,service,{com.android.bluetooth/com.android.bluetooth.btservice.AdapterService}]
02-17 17:07:02.850  1000  1449  1449 I um_user_visibility_changed: [0,1]
02-17 17:07:02.851  1000  1449  1449 I am_uid_running: 1068
02-17 17:07:02.851  1000  1449  1449 I am_uid_running: 10095
02-17 17:07:02.852  1000  1449  1449 I am_uid_running: 10089
02-17 17:07:02.852  1000  1449  1449 I am_uid_running: 1001
02-17 17:07:02.862  1000  1449  1449 I wm_task_created: 5
02-17 17:07:02.862  1000  1449  1449 I wm_task_moved: [5,1,0,1,2147483647]
02-17 17:07:02.863  1000  1449  1449 I wm_task_moved: [1,1,0,1,1]
02-17 17:07:02.863  1000  1449  1449 I wm_create_task: [0,5,1,0]
02-17 17:07:02.863  1000  1449  1449 I wm_create_activity: [0,238194868,5,com.android.settings/.FallbackHome,android.intent.action.MAIN,NULL,NULL,276824320]
02-17 17:07:02.863  1000  1449  1449 I wm_task_moved: [1,1,0,1,1]
02-17 17:07:02.863  1000  1449  1449 I wm_task_moved: [5,1,0,1,2147483647]
02-17 17:07:02.863  1000  1449  1449 I wm_task_to_front: [0,5,0]
02-17 17:07:02.864  1000  1449  1449 I uc_send_user_broadcast: [0,android.intent.action.USER_STARTED]
02-17 17:07:02.865  1000  1449  1449 I uc_send_user_broadcast: [0,android.intent.action.USER_STARTING]
02-17 17:07:02.865  1000  1449  1449 I uc_send_user_broadcast: [0,android.intent.action.USER_FOREGROUND]
02-17 17:07:02.865  1000  1449  1449 I uc_send_user_broadcast: [0,android.intent.action.USER_SWITCHED]
02-17 17:07:02.866  1000  1449  1719 I am_proc_start: [0,3032,1068,com.android.se,added application,com.android.se]
02-17 17:07:02.866  1000  1449  2911 I am_proc_bound: [0,3026,com.android.bluetooth]
02-17 17:07:02.866  1000  1449  1704 I commit_sys_config_file: [notification-policy,3]
02-17 17:07:02.869  1000  1449  2907 I am_proc_bound: [0,3032,com.android.se]
02-17 17:07:02.871  1000  1449  2907 I am_uid_active: 1068
02-17 17:07:02.872  1000  1449  1719 I am_proc_start: [0,3055,10095,com.shannon.rcsservice,added application,com.shannon.rcsservice]
02-17 17:07:02.877  1000  1449  1719 I am_proc_start: [0,3057,10089,com.shannon.imsservice,added application,com.shannon.imsservice]
02-17 17:07:02.882  1000  1449  1719 I am_proc_start: [0,3059,1001,com.android.phone,added application,com.android.phone]
02-17 17:07:02.889  1000  1449  2907 I am_uid_active: 1002
02-17 17:07:02.897  1000  1449  2911 I am_proc_bound: [0,3059,com.android.phone]
02-17 17:07:02.899  1000  1449  2911 I am_uid_active: 1001
02-17 17:07:02.899  1000  1449  1719 I am_proc_start: [0,3101,1000,com.android.settings,top-activity,{com.android.settings/com.android.settings.FallbackHome}]
02-17 17:07:02.901  1000  1449  2911 I am_proc_bound: [0,3055,com.shannon.rcsservice]
02-17 17:07:02.902  1000  1449  2911 I am_uid_active: 10095
02-17 17:07:02.902  1000  1449  2907 I am_proc_bound: [0,3057,com.shannon.imsservice]
02-17 17:07:02.904  1000  1449  2907 I am_uid_active: 10089
02-17 17:07:02.914  1000  1449  2907 I am_proc_bound: [0,3101,com.android.settings]
02-17 17:07:02.920  1000  1449  2919 I wm_restart_activity: [0,238194868,5,com.android.settings/.FallbackHome]
02-17 17:07:02.921  1000  1449  2919 I wm_set_resumed_activity: [0,com.android.settings/.FallbackHome,minimalResumeActivityLocked - onActivityStateChanged]
02-17 17:07:02.950  1000  1449  1449 I notification_cancel_all: [1000,1449,android,0,0,0,20,NULL]
02-17 17:07:02.950  1000  1449  1449 I notification_cancel_all: [1000,1449,android,0,0,0,20,NULL]
02-17 17:07:02.950  1000  1449  1449 I notification_cancel_all: [1000,1449,android,0,0,0,20,NULL]
02-17 17:07:02.968  1000  1449  2907 I am_uid_running: 10091
02-17 17:07:02.983  1000  1449  1719 I am_proc_start: [0,3134,10091,com.android.launcher3,service,{com.android.launcher3/com.android.quickstep.TouchInteractionService}]
02-17 17:07:02.990  1000  3101  3101 I wm_on_create_called: [238194868,com.android.settings.FallbackHome,performCreate,8]
02-17 17:07:02.991  1000  3101  3101 I wm_on_start_called: [238194868,com.android.settings.FallbackHome,handleStartActivity,0]
02-17 17:07:02.992  1000  3101  3101 I wm_on_resume_called: [238194868,com.android.settings.FallbackHome,RESUME_ACTIVITY,0]
02-17 17:07:02.998  1000  1449  1820 I am_proc_bound: [0,3134,com.android.launcher3]
02-17 17:07:03.025  1000  3101  3101 I wm_on_top_resumed_gained_called: [238194868,com.android.settings.FallbackHome,topStateChangedWhenResumed]
02-17 17:07:03.030  1000  1449  1706 I input_focus: [Focus request c104184 com.android.settings/com.android.settings.FallbackHome,reason=UpdateInputWindows]
02-17 17:07:03.041  1000  1449  2920 I am_uid_active: 10091
02-17 17:07:03.043 10091  3134  3181 I jank_cuj_events_cancel_request: [-1,1771319223033996000,24214833303,24214833670]
02-17 17:07:03.045  1000  3101  3101 I viewroot_draw_event: [VRI[FallbackHome],reportDrawFinished seqId=0]
02-17 17:07:03.045  1000  1449  1863 I commit_sys_config_file: [settings-0-0,5]
02-17 17:07:03.045  1000  1449  1705 I boot_progress_enable_screen: 24226
02-17 17:07:03.050  1000  1449  1702 I sysui_multi_action: [319,194,322,192,325,24,757,761,758,7,759,2,806,com.android.settings,871,com.android.settings.FallbackHome,905,0,945,61,1320,4,1321,23]
02-17 17:07:03.051  1000  1449  1702 I wm_activity_launch_time: [0,238194868,com.android.settings/.FallbackHome,192]
02-17 17:07:03.051  1000  1449  1705 I screen_toggled: 1
02-17 17:07:03.052 10097  2860  3127 I viewroot_draw_event: [VRI[ScreenDecorHwcOverlay],reportDrawFinished seqId=0]
02-17 17:07:03.054 10097  2860  3127 I viewroot_draw_event: [VRI[ScreenDecorOverlay],Not drawing due to not visible]
02-17 17:07:03.056 10097  2860  3127 I viewroot_draw_event: [VRI[ScreenDecorOverlayBottom],Not drawing due to not visible]
02-17 17:07:03.103  1000  1449  1863 I commit_sys_config_file: [settings-2-0,1]
02-17 17:07:03.268 10097  2860  3238 I sysui_multi_action: [757,213,758,4,759,-1]
02-17 17:07:03.307  1000  1449  1818 I configuration_changed: 536871936
02-17 17:07:03.323  1000  3101  3101 I viewroot_draw_event: [VRI[FallbackHome],reportDrawFinished seqId=0]
02-17 17:07:03.333  1000  3101  3101 I viewroot_draw_event: [VRI[FallbackHome],reportDrawFinished seqId=0]
02-17 17:07:03.360  1000  1449  1818 I sysui_multi_action: [757,856,758,1,806,com.android.systemui,857,ALR,858,4]
02-17 17:07:03.361  1000  1449  1818 I sysui_multi_action: [757,856,758,1,806,com.android.systemui,857,INS,858,1]
02-17 17:07:03.361  1000  1449  1818 I sysui_multi_action: [757,856,758,1,806,com.android.systemui,857,STP,858,3]
02-17 17:07:03.361  1000  1449  1818 I sysui_multi_action: [757,856,758,1,806,com.android.systemui,857,DSK,858,2]
02-17 17:07:03.361  1000  1449  1818 I sysui_multi_action: [757,856,758,1,806,com.android.systemui,857,SCN_HEADSUP,858,4]
02-17 17:07:03.361  1000  1449  1818 I sysui_multi_action: [757,856,758,1,806,com.android.systemui,857,BAT,858,5]
02-17 17:07:03.361  1000  1449  1818 I sysui_multi_action: [757,856,758,1,806,com.android.systemui,857,HNT,858,3]
02-17 17:07:03.377  1000  1449  1863 I commit_sys_config_file: [settings-2-0,7]
02-17 17:07:03.384 10097  2860  3238 I sysui_multi_action: [757,213,758,4,759,2]
02-17 17:07:03.400  1000  1449  2919 I sysui_multi_action: [757,127,758,2]
02-17 17:07:03.400  1000  1449  2919 I notification_panel_hidden: 
02-17 17:07:03.402  1000  1449  1716 I am_uid_running: 10117
02-17 17:07:03.407  1000  1449  1449 I sysui_multi_action: [757,856,758,1,806,com.android.server.telecom,857,TelecomMissedCalls,858,3]
02-17 17:07:03.408  1000  1449  1449 I sysui_multi_action: [757,856,758,1,806,com.android.server.telecom,857,TelecomIncomingCalls,858,5]
02-17 17:07:03.408  1000  1449  1449 I sysui_multi_action: [757,856,758,1,806,com.android.server.telecom,857,TelecomCallBlocking,858,2]
02-17 17:07:03.409  1000  1449  1449 I sysui_multi_action: [757,856,758,1,806,com.android.server.telecom,857,TelecomBackgroundAudioProcessing,858,2]
02-17 17:07:03.409  1000  1449  1449 I sysui_multi_action: [757,856,758,1,806,com.android.server.telecom,857,TelecomDisconnectedCalls,858,3]
02-17 17:07:03.409  1000  1449  1449 I sysui_multi_action: [757,856,758,1,806,com.android.server.telecom,857,TelecomInCallServiceCrash,858,3]
02-17 17:07:03.409  1000  1449  1449 I sysui_multi_action: [757,856,758,1,806,com.android.server.telecom,857,TelecomCallStreaming,858,3]
02-17 17:07:03.411  1000  1449  2920 I commit_sys_config_file: [overlays,1]
02-17 17:07:03.416  1000  1449  1719 I am_proc_start: [0,3270,10117,com.android.cellbroadcastreceiver.module,broadcast,{com.android.cellbroadcastreceiver.module/com.android.cellbroadcastreceiver.CellBroadcastReceiver}]
02-17 17:07:03.418  1000  1449  1863 I commit_sys_config_file: [settings-1-0,8]
02-17 17:07:03.422  1000  1449  1702 I configuration_changed: -2147483648
02-17 17:07:03.434 10097  2860  2860 I viewroot_draw_event: [VRI[NavigationBar0],reportDrawFinished seqId=0]
02-17 17:07:03.447  1000  1449  1702 I wm_relaunch_resume_activity: [0,238194868,5,com.android.settings/.FallbackHome,80000000]
02-17 17:07:03.450  1000  3101  3101 I wm_on_top_resumed_lost_called: [238194868,com.android.settings.FallbackHome,pausing]
02-17 17:07:03.450  1000  3101  3101 I wm_on_paused_called: [238194868,com.android.settings.FallbackHome,performPause,0]
02-17 17:07:03.451  1000  3101  3101 I wm_on_stop_called: [238194868,com.android.settings.FallbackHome,handleRelaunchActivity,0]
02-17 17:07:03.452  1000  3101  3101 I wm_on_destroy_called: [238194868,com.android.settings.FallbackHome,performDestroy,0]
02-17 17:07:03.454  1000  1449  2926 I am_proc_bound: [0,3270,com.android.cellbroadcastreceiver.module]
02-17 17:07:03.457  1000  1449  1706 I input_focus: [Requesting to set focus to null window,reason=UpdateInputWindows]
02-17 17:07:03.461  1000  3101  3288 I jank_cuj_events_cancel_request: [81,1771319223456014000,24636847057,24636847098]
02-17 17:07:03.461  1000  3101  3288 I jank_cuj_events_end_request: [81,1771319223456039000,24636871878,24636871919]
02-17 17:07:03.461  1000  3101  3288 I jank_cuj_events_cancel_request: [81,1771319223456179000,24637011526,24637011608]
02-17 17:07:03.461  1000  3101  3288 I jank_cuj_events_end_request: [81,1771319223456182000,24637014822,24637014863]
02-17 17:07:03.467  1000  3101  3101 I wm_on_create_called: [238194868,com.android.settings.FallbackHome,performCreate,6]
02-17 17:07:03.467  1000  3101  3101 I wm_on_start_called: [238194868,com.android.settings.FallbackHome,handleStartActivity,0]
02-17 17:07:03.468  1000  3101  3101 I wm_on_resume_called: [238194868,com.android.settings.FallbackHome,RESUME_ACTIVITY,0]
02-17 17:07:03.468  1000  3101  3101 I wm_on_top_resumed_gained_called: [238194868,com.android.settings.FallbackHome,topWhenResuming]
02-17 17:07:03.474  1000  1449  1706 I input_focus: [Focus request 5824535 com.android.settings/com.android.settings.FallbackHome,reason=UpdateInputWindows]
02-17 17:07:03.476  1000  3101  3101 I viewroot_draw_event: [VRI[FallbackHome],reportDrawFinished seqId=0]
02-17 17:07:03.501 10097  2860  2860 I viewroot_draw_event: [VRI[NotificationShade],Not drawing due to not visible]
02-17 17:07:03.504  1000  1449  2920 I am_uid_running: 10050
02-17 17:07:03.513  1000  1449  1719 I am_proc_start: [0,3308,10050,com.android.cellbroadcastreceiver,content provider,{com.android.cellbroadcastreceiver/com.android.cellbroadcastreceiver.LegacyCellBroadcastContentProvider}]
02-17 17:07:03.520  1000  1449  1449 I notification_cancel_all: [1000,1449,com.android.cts.priv.ctsshim,0,0,0,7,NULL]
02-17 17:07:03.520  1000  1449  1449 I notification_cancel_all: [1000,1449,com.android.adservices.api,0,0,0,7,NULL]
02-17 17:07:03.520  1000  1449  1449 I notification_cancel_all: [1000,1449,com.android.quicksearchbox,0,0,0,7,NULL]
02-17 17:07:03.520  1000  1449  1449 I notification_cancel_all: [1000,1449,com.android.contacts,0,0,0,7,NULL]
02-17 17:07:03.520  1000  1449  1449 I notification_cancel_all: [1000,1449,com.android.camera2,0,0,0,7,NULL]
02-17 17:07:03.520  1000  1449  1449 I notification_cancel_all: [1000,1449,com.android.webview,0,0,0,7,NULL]
02-17 17:07:03.520  1000  1449  1449 I notification_cancel_all: [1000,1449,com.android.gallery3d,0,0,0,7,NULL]
02-17 17:07:03.520  1000  1449  1449 I notification_cancel_all: [1000,1449,com.android.inputmethod.latin,0,0,0,7,NULL]
02-17 17:07:03.520  1000  1449  1449 I notification_cancel_all: [1000,1449,org.chromium.webview_shell,0,0,0,7,NULL]
02-17 17:07:03.520  1000  1449  1449 I notification_cancel_all: [1000,1449,com.android.dreams.phototable,0,0,0,7,NULL]
02-17 17:07:03.520  1000  1449  1449 I notification_cancel_all: [1000,1449,com.android.cts.ctsshim,0,0,0,7,NULL]
02-17 17:07:03.520  1000  1449  1449 I notification_cancel_all: [1000,1449,com.android.wallpaper,0,0,0,7,NULL]
02-17 17:07:03.520  1000  1449  1449 I notification_cancel_all: [1000,1449,com.android.music,0,0,0,7,NULL]
02-17 17:07:03.520  1000  1449  1449 I notification_cancel_all: [1000,1449,com.android.deskclock,0,0,0,7,NULL]
02-17 17:07:03.522  1000  1449  1449 I notification_cancel_all: [1000,1449,com.android.systemui,0,0,0,20,NULL]
02-17 17:07:03.527  1000  1449  1818 I am_proc_bound: [0,3308,com.android.cellbroadcastreceiver]
02-17 17:07:03.546  1000  1449  1750 I commit_sys_config_file: [package-user-0,10]
02-17 17:07:03.562  1000  1449  1750 I commit_sys_config_file: [package-user-0,7]
02-17 17:07:03.565  1000  1449  2783 I netstats_mobile_sample: [0,0,0,0,0,0,0,0,1771319223564]
02-17 17:07:03.565  1000  1449  2783 I netstats_wifi_sample: [0,0,0,0,0,0,0,0,1771319223564]
02-17 17:07:03.566  1000  1449  1750 I commit_sys_config_file: [package-user-0,10]
02-17 17:07:03.569  1000  1449  2920 I sysui_multi_action: [757,856,758,1,806,com.android.bluetooth,857,opp_notification_channel,858,4]
02-17 17:07:03.570 10097  2860  2860 I viewroot_draw_event: [VRI[StatusBar],reportDrawFinished seqId=0]
02-17 17:07:03.577  1000  1449  1750 I commit_sys_config_file: [package-user-0,16]
02-17 17:07:03.582  1000  1449  1750 I commit_sys_config_file: [package-user-0,20]
02-17 17:07:03.586 10097  2860  3127 I viewroot_draw_event: [VRI[ScreenDecorHwcOverlay],reportDrawFinished seqId=0]
02-17 17:07:03.589  1000  1449  1719 I am_proc_start: [0,3336,1000,com.google.android.iwlan,service,{com.google.android.iwlan/com.google.android.iwlan.IwlanDataService}]
02-17 17:07:03.595  1000  1449  1449 I sysui_multi_action: [757,859,758,6,806,android,860,safety_center_channels]
02-17 17:07:03.598  1000  1449  1449 I sysui_multi_action: [757,856,758,1,806,android,857,safety_center_information,858,2]
02-17 17:07:03.598  1000  1449  1449 I sysui_multi_action: [757,856,758,1,806,android,857,safety_center_recommendation,858,3]
02-17 17:07:03.599  1000  1449  1449 I sysui_multi_action: [757,856,758,1,806,android,857,safety_center_critical_warning,858,4]
02-17 17:07:03.612  1000  1449  1750 I commit_sys_config_file: [package-user-0,49]
02-17 17:07:03.613  1000  1449  1704 I commit_sys_config_file: [notification-policy,0]
02-17 17:07:03.613  1000  3336  3336 I service_manager_slow: [10,activity]
02-17 17:07:03.617 10097  2860  3127 I viewroot_draw_event: [VRI[ScreenDecorHwcOverlay],reportDrawFinished seqId=0]
02-17 17:07:03.618  1000  1449  1820 I am_proc_bound: [0,3336,com.google.android.iwlan]
02-17 17:07:03.621  1000  1449  1863 I commit_sys_config_file: [settings-2-0,2]
02-17 17:07:03.627  1000  1449  1449 I notification_cancel_all: [1002,3026,com.android.bluetooth,0,0,32832,9,NULL]
02-17 17:07:03.629  1000  1449  1449 I notification_enqueue: [1000,1449,android,32,NULL,-1,Notification(channel=USB shortcut=null contentView=null vibrate=null sound=null tick defaults=0x0 flags=0x802 color=0x00000000 vis=PUBLIC),0]
02-17 17:07:03.630  1002  3026  3191 I liblog  : 122
02-17 17:07:03.631  1002  3026  3191 I liblog  : 11
02-17 17:07:03.632  1002  3026  3191 I liblog  : 108
02-17 17:07:03.632  1002  3026  3191 I liblog  : 28
02-17 17:07:03.632  1002  3026  3191 I liblog  : 1
02-17 17:07:03.632  1002  3026  3191 I liblog  : 24
02-17 17:07:03.633  1002  3026  3191 I liblog  : 6
02-17 17:07:03.633  1002  3026  3191 I liblog  : 1
02-17 17:07:03.633  1002  3026  3191 I liblog  : 9
02-17 17:07:03.633  1002  3026  3191 I liblog  : 2
02-17 17:07:03.633  1002  3026  3191 I liblog  : 27
02-17 17:07:03.633  1002  3026  3191 I liblog  : 21
02-17 17:07:03.634  1002  3026  3191 I liblog  : 55
02-17 17:07:03.638  1002  3026  3191 I liblog  : 65
02-17 17:07:03.639  1002  3026  3026 I liblog  : 1
02-17 17:07:03.640  1002  3026  3212 I liblog  : 5
--------- beginning of radio
02-17 17:07:03.642 radio  3059  3059 D CdmaInboundSmsHandler: created InboundSmsHandler
02-17 17:07:03.645 radio  3059  3059 D SMSDispatcher: SMSDispatcher: ctor mSmsCapable=true format=3gpp mSmsSendDisabled=false
02-17 17:07:03.645 radio  3059  3059 D GsmSMSDispatcher: GsmSMSDispatcher created
02-17 17:07:03.646  1000  1449  2911 W TelephonyRegistry: Pid 3059 has exceeded half the number of permissible registered listeners. Now at 28
02-17 17:07:03.646 radio  3059  3059 D GsmCdmaPhone: [1] Precise phone type 1
02-17 17:07:03.646 radio  3059  3059 D RILJ    : setPhoneType=1 old value=0 [PHONE1]
02-17 17:07:03.648 radio  3059  3059 D CarrierActionAgent: [1]Creating CarrierActionAgent
02-17 17:07:03.648 radio  3059  3059 W CarrierConfigManager: Error getting config for subId -1 ICarrierConfigLoader is null
02-17 17:07:03.648 radio  3059  3059 W CarrierConfigManager: CarrierConfigLoader is not available.
02-17 17:07:03.649  1000  1449  2911 W TelephonyRegistry: Pid 3059 has exceeded half the number of permissible registered listeners. Now at 29
02-17 17:07:03.650  1000  1449  2911 W TelephonyRegistry: Pid 3059 has exceeded half the number of permissible registered listeners. Now at 30
02-17 17:07:03.650 radio  3059  3059 W CarrierConfigManager: Error getting config for subId -1 ICarrierConfigLoader is null
02-17 17:07:03.650  1000  1449  1449 I sysui_multi_action: [757,1501,758,1,793,48,794,0,795,48,796,32,806,android,857,USB,858,1,947,0,1500,0]
02-17 17:07:03.650  1000  1449  1449 I sysui_multi_action: [757,804,799,note_interruptive,801,0,802,1]
02-17 17:07:03.650  1000  1449  2911 W TelephonyRegistry: Pid 3059 has exceeded half the number of permissible registered listeners. Now at 31
02-17 17:07:03.651  1000  1449  2919 W TelephonyRegistry: Pid 3059 has exceeded half the number of permissible registered listeners. Now at 32
02-17 17:07:03.652 radio  3059  3059 W CarrierConfigManager: Error getting config for subId -1 ICarrierConfigLoader is null
02-17 17:07:03.652 radio  3059  3059 W CarrierConfigManager: CarrierConfigLoader is not available.
02-17 17:07:03.652  1000  1449  2920 W TelephonyRegistry: Pid 3059 has exceeded half the number of permissible registered listeners. Now at 33
02-17 17:07:03.653  1000  1449  2920 D TelephonyRegistry: listen oscl: mHasNotifySubscriptionInfoChangedOccurred==false no callback
02-17 17:07:03.654 radio  3059  3059 W CarrierConfigManager: Error getting config for subId -1 ICarrierConfigLoader is null
02-17 17:07:03.656  1000  1449  2920 W TelephonyRegistry: Pid 3059 has exceeded half the number of permissible registered listeners. Now at 34
02-17 17:07:03.657  1000  1449  1750 I commit_sys_config_file: [package-user-0,91]
02-17 17:07:03.658  1000  3336  3336 D DataService: Data service created
02-17 17:07:03.663  1000  1449  1820 W TelephonyRegistry: Pid 3059 has exceeded half the number of permissible registered listeners. Now at 35
02-17 17:07:03.663 radio  3059  3059 D NRM-C-1 : registerForNetworkRegistrationInfoChanged
02-17 17:07:03.664  1000  1449  1818 W TelephonyRegistry: Pid 3059 has exceeded half the number of permissible registered listeners. Now at 36
02-17 17:07:03.664 radio  3059  3059 D NRM-I-1 : registerForNetworkRegistrationInfoChanged
02-17 17:07:03.667 10097  2860  3127 I viewroot_draw_event: [VRI[ScreenDecorHwcOverlay],reportDrawFinished seqId=0]
02-17 17:07:03.668  1000  1449  1863 I commit_sys_config_file: [settings-0-0,34]
02-17 17:07:03.669 radio  3059  3059 D RILJ    : [0011]> SIGNAL_STRENGTH [PHONE1]
02-17 17:07:03.669 radio  1085  1085 D RILC    : getSignalStrength_1_6: serial 11
02-17 17:07:03.669 radio  1085  1085 I RILC-CommandInfo: getCommandInfo found {request=19 halVer=16}
02-17 17:07:03.669 radio  1085  1085 V RIL     : [RilContext_1] SendMessage RIL Request Routing : RCM ID=19 Service ID=4 Message ID=5003 delayMillis=0
02-17 17:07:03.669 radio  1085  1085 V RIL     : [ServiceMgr] msg(0xb40000797d69b480) msgId=5003 svc=MiscService_1(4) direction=Request
02-17 17:07:03.669 radio  3059  3059 D SST     : [1] notifyVoiceRegStateRilRadioTechnologyChanged: vrs=1 rat=0
02-17 17:07:03.669 radio  1085  1251 I RIL     : MiscService_1::OnHandleRequest()
02-17 17:07:03.669  1000  1449  1714 W TelephonyRegistry: Pid 1449 has exceeded half the number of permissible registered listeners. Now at 32
02-17 17:07:03.669 radio  1085  1251 I RIL     : [MiscService_1] DoSignalStrength()
02-17 17:07:03.669 radio  1085  1251 V RIL     : [1] Query next signal strength
02-17 17:07:03.669 radio  1085  1251 I RIL     : [RilContext_1] Send 
02-17 17:07:03.669 radio  1085  1251 V RIL     : [RilContext_1] RecordRequestHistory token=0x001C
02-17 17:07:03.669 radio  1085  1251 I RIL     : [RilContext_1] Send 
02-17 17:07:03.669 radio  1085  1251 V RIL     : [/dev/umts_ipc1][TX] SIT_GET_SIGNAL_STRENGTH, REQ, 12 bytes, Token(0x001c)
02-17 17:07:03.669 radio  1085  1251 V RIL     :  00 00 00 09 0c 00 1c 00   00 00 00 00
02-17 17:07:03.670  1000  1449  1818 W TelephonyRegistry: Pid 3059 has exceeded half the number of permissible registered listeners. Now at 37
02-17 17:07:03.670  1000  1449  2926 W TelephonyRegistry: Pid 3059 has exceeded half the number of permissible registered listeners. Now at 38
02-17 17:07:03.670  1000  1449  2926 D TelephonyRegistry: listen oscl: mHasNotifySubscriptionInfoChangedOccurred==false no callback
02-17 17:07:03.670 radio  3059  3059 D Phone   : [1] SubId-1,get allowed network types user: value = GPRS|EDGE|UMTS|CDMA|CDMA - EvDo rev. 0|CDMA - EvDo rev. A|CDMA - 1xRTT|HSDPA|HSUPA|HSPA|CDMA - EvDo rev. B|LTE|CDMA - eHRPD|HSPA+|GSM|LTE_CA|NR
02-17 17:07:03.671 radio  3059  3059 W CarrierConfigManager: Error getting config for subId -1 ICarrierConfigLoader is null
02-17 17:07:03.672 radio  3059  3059 W CarrierConfigManager: CarrierConfigLoader is not available.
02-17 17:07:03.672  1000  1449  1820 W TelephonyRegistry: Pid 3059 has exceeded half the number of permissible registered listeners. Now at 39
02-17 17:07:03.673 radio  1085  1264 V RIL     : [/dev/umts_ipc1][RX] SIT_GET_SIGNAL_STRENGTH, RSP, 210 bytes, Token(0x001c), OK(RCM_E_SUCCESS)
02-17 17:07:03.673 radio  1085  1264 V RIL     :  01 00 00 09 d2 00 1c 00   00 00 00 00 00 00 00 00  
02-17 17:07:03.673 radio  1085  1264 V RIL     :  00 00 00 00 00 00 00 00   00 00 00 00 00 00 00 00  
02-17 17:07:03.673 radio  1085  1264 V RIL     :  00 00 00 00 00 00 00 00   00 00 00 00 00 00 00 00  
02-17 17:07:03.673 radio  1085  1264 V RIL     :  00 00 00 00 00 00 00 00   00 00 00 00 00 00 00 00  
02-17 17:07:03.673 radio  1085  1264 V RIL     :  00 00 00 00 00 00 00 00   00 00 00 00 00 00 00 00  
02-17 17:07:03.673 radio  1085  1264 V RIL     :  00 00 00 00 00 00 00 00   00 00 00 00 00 00 00 00  
02-17 17:07:03.673 radio  1085  1264 V RIL     :  00 00 00 00 00 00 00 00   00 00 00 00 00 00 00 00  
02-17 17:07:03.673 radio  1085  1264 V RIL     :  00 00 00 00 00 00 00 00   00 00 00 00 00 00 00 00  
02-17 17:07:03.673 radio  1085  1264 V RIL     :  00 00 00 00 00 00 00 00   00 00 00 00 00 00 00 00  
02-17 17:07:03.673 radio  1085  1264 V RIL     :  00 00 00 00 00 00 00 00   00 00 00 00 00 00 00 00  
02-17 17:07:03.673 radio  1085  1264 V RIL     :  00 00 00 00 00 00 00 00   00 00 00 00 00 00 00 00  
02-17 17:07:03.673 radio  1085  1264 V RIL     :  00 00 00 00 00 00 00 00   00 00 00 00 00 00 00 00  
02-17 17:07:03.673 radio  1085  1264 V RIL     :  00 00 00 00 00 00 00 00   00 00 00 00 00 00 00 00  
02-17 17:07:03.673 radio  1085  1264 V RIL     :  00 00
02-17 17:07:03.673 radio  1085  1264 I RIL     : [RilContext_1] ProcessModemData 
02-17 17:07:03.673 radio  1085  1264 V RIL     : WaitList::Find() found record : token=0x001C SrcService ID =4 DestService ID=4 Result Id=5004
02-17 17:07:03.673 radio  1085  1264 V RIL     : [RilContext_1] SendMessage RCM Response Routing : Type=0001, RCM ID=0x0900 Service ID=4 Message ID=5004
02-17 17:07:03.673 radio  1085  1264 V RIL     : [ServiceMgr] msg(0xb40000797d699ab0) msgId=5004 svc=MiscService_1(4) direction=Response
02-17 17:07:03.673 radio  1085  1251 I RIL     : MiscService_1::OnHandleSolicitedResponse()
02-17 17:07:03.673 radio  1085  1251 I RIL     : [MiscService_1] OnSignalStrengthDone()
02-17 17:07:03.673 radio  1085  1251 I RIL     : SignalStrengthAdapterFactory::GetSignalStrengthAdapter ssVer=4
02-17 17:07:03.673 radio  1085  1251 I RIL     : [RilContext_1] OnRequestComplete 
02-17 17:07:03.673 radio  1085  1251 I RIL     : [RilContext_1] ProcessSolicitedResponse Request ID=19
02-17 17:07:03.673 radio  1085  1251 D RILC    : RequestComplete, RIL_SOCKET_2
02-17 17:07:03.673 radio  1085  1251 E RILC    : Calling responseFunction() for token 11
02-17 17:07:03.674 radio  1085  1251 D RILC-HIDL: HidlHalNetworkResponse_1_6::getSignalStrengthResponse_1_6: serial 11
02-17 17:07:03.674 radio  1085  1251 D RILC-AIDL_SERVICE: RadioNetworkResponseHook::getSignalStrengthResponse_1_6 mNetworkCb=0xb40000791d6a59e8
02-17 17:07:03.674 radio  1085  1251 V RIL     : [RilContext_1] RemoveRequestHistory  token=0x001C
02-17 17:07:03.674 radio  3059  3252 E CellSignalStrengthLte: convertRssiAsuToDBm: invalid RSSI in ASU=2147483647
02-17 17:07:03.674 radio  3059  3252 D RILJ    : [0011]< SIGNAL_STRENGTH SignalStrength:{mCdma=CellSignalStrengthCdma: cdmaDbm=2147483647 cdmaEcio=2147483647 evdoDbm=2147483647 evdoEcio=2147483647 evdoSnr=2147483647 level=0,mGsm=CellSignalStrengthGsm: rssi=2147483647 ber=2147483647 mTa=2147483647 mLevel=0,mWcdma=CellSignalStrengthWcdma: ss=2147483647 ber=2147483647 rscp=2147483647 ecno=2147483647 level=0,mTdscdma=CellSignalStrengthTdscdma: rssi=2147483647 ber=2147483647 rscp=2147483647 level=0,mLte=CellSignalStrengthLte: rssi=2147483647 rsrp=2147483647 rsrq=2147483647 rssnr=2147483647 cqiTableIndex=2147483647 cqi=2147483647 ta=2147483647 level=0 parametersUseForLevel=1,mNr=CellSignalStrengthNr:{ csiRsrp = 2147483647 csiRsrq = 2147483647 csiCqiTableIndex = 2147483647 csiCqiReport = [] ssRsrp = 2147483647 ssRsrq = 2147483647 ssSinr = 2147483647 level = 0 parametersUseForLevel = 1 timingAdvance = 2147483647 },primary=CellSignalStrengthLte} [PHONE1]
02-17 17:07:03.675  1000  1449  1750 I commit_sys_config_file: [package-user-0,109]
02-17 17:07:03.678 10097  2860  3127 I viewroot_draw_event: [VRI[ScreenDecorHwcOverlay],reportDrawFinished seqId=0]
02-17 17:07:03.680  1000  1449  1714 I service_manager_slow: [11,phone]
02-17 17:07:03.682  1000  1449  1750 I commit_sys_config_file: [package-user-0,114]
02-17 17:07:03.682  1000   556   666 I sf_stop_bootanim: 24863
02-17 17:07:03.683 radio  3059  3059 D EmergencyNumberTracker: [1] asset emergency database is loaded. Ver: 2 Phone Id: 1 countryIso: 
02-17 17:07:03.683  1000  1449  1705 I wm_boot_animation_done: 24864
02-17 17:07:03.683 radio  3059  3059 E EmergencyNumberTracker: [1]Cache ota emergency database IOException: java.io.FileNotFoundException: /data/misc/emergencynumberdb/emergency_number_db: open failed: ENOENT (No such file or directory)
02-17 17:07:03.683 radio  3059  3059 D EmergencyNumberTracker: [1]Using Asset Emergency database. Version: 2
02-17 17:07:03.690 radio  3059  3059 W CarrierConfigManager: Error getting config for subId -1 ICarrierConfigLoader is null
02-17 17:07:03.690  1000  1449  1818 W TelephonyRegistry: Pid 3059 has exceeded half the number of permissible registered listeners. Now at 40
02-17 17:07:03.690 radio  3059  3059 D DNC-1   : DataNetworkController created.
02-17 17:07:03.691  1000  1449  1818 W TelephonyRegistry: Pid 3059 has exceeded half the number of permissible registered listeners. Now at 41
02-17 17:07:03.691 radio  3059  3059 W CarrierConfigManager: Error getting config for subId -1 ICarrierConfigLoader is null
02-17 17:07:03.691 radio  3059  3059 W CarrierConfigManager: CarrierConfigLoader is not available.
02-17 17:07:03.692 radio  3059  3059 W CarrierConfigManager: Error getting config for subId -1 ICarrierConfigLoader is null
02-17 17:07:03.692 radio  3059  3059 W CarrierConfigManager: CarrierConfigLoader is not available.
02-17 17:07:03.692 radio  3059  3059 W CarrierConfigManager: Error getting config for subId -1 ICarrierConfigLoader is null
02-17 17:07:03.692 radio  3059  3059 W CarrierConfigManager: CarrierConfigLoader is not available.
02-17 17:07:03.692 radio  3059  3059 W CarrierConfigManager: Error getting config for subId -1 ICarrierConfigLoader is null
02-17 17:07:03.692 radio  3059  3059 W CarrierConfigManager: CarrierConfigLoader is not available.
02-17 17:07:03.695  1000  1449  1877 I input_focus: [Focus entering 5824535 com.android.settings/com.android.settings.FallbackHome (server),reason=Window became focusable. Previous reason: NO_WINDOW]
02-17 17:07:03.696  1000  1449  2920 W TelephonyRegistry: Pid 3059 has exceeded half the number of permissible registered listeners. Now at 42
02-17 17:07:03.696 radio  3059  3059 W CarrierConfigManager: Error getting config for subId -1 ICarrierConfigLoader is null
02-17 17:07:03.696 radio  3059  3059 W CarrierConfigManager: CarrierConfigLoader is not available.
02-17 17:07:03.697  1000  1449  1750 I commit_sys_config_file: [package-user-0,123]
02-17 17:07:03.697 radio  3059  3059 W CarrierConfigManager: Error getting config for subId -1 ICarrierConfigLoader is null
02-17 17:07:03.697 radio  3059  3059 W CarrierConfigManager: CarrierConfigLoader is not available.
02-17 17:07:03.697 radio  3059  3059 W CarrierConfigManager: Error getting config for subId -1 ICarrierConfigLoader is null
02-17 17:07:03.697 radio  3059  3059 W CarrierConfigManager: CarrierConfigLoader is not available.
02-17 17:07:03.698 radio  3059  3059 W CarrierConfigManager: Error getting config for subId -1 ICarrierConfigLoader is null
02-17 17:07:03.698 radio  3059  3059 W CarrierConfigManager: CarrierConfigLoader is not available.
02-17 17:07:03.698  1000  1449  2911 I am_uid_running: 10083
02-17 17:07:03.702 radio  3059  3059 D DCM-1   : DataConfigManager created.
02-17 17:07:03.702  1000  1449  2911 W TelephonyRegistry: Pid 3059 has exceeded half the number of permissible registered listeners. Now at 43
02-17 17:07:03.702 radio  3059  3059 W CarrierConfigManager: Error getting config for subId -1 ICarrierConfigLoader is null
02-17 17:07:03.704 radio  3059  3059 D DCM-1   : Carrier config updated. Config is not carrier specific.
02-17 17:07:03.704 radio  3059  3059 D DSMGR-1 : DataSettingsManager created.
02-17 17:07:03.705 radio  3059  3059 D DSRM-1  : DataStallRecoveryManager created.
02-17 17:07:03.705 radio  3059  3059 D DSRM-1  : Enabled actions is null
02-17 17:07:03.705 radio  3059  3059 D DSRM-1  : Duration millis is null
02-17 17:07:03.709 radio  3059  3059 D CarrierResolver: Creating CarrierResolver[1]
02-17 17:07:03.711 10097  2860  3127 I viewroot_draw_event: [VRI[ScreenDecorHwcOverlay],reportDrawFinished seqId=0]
02-17 17:07:03.711  1000  1449  2926 W TelephonyRegistry: Pid 3059 has exceeded half the number of permissible registered listeners. Now at 44
02-17 17:07:03.712 radio  3059  3059 D SST     : [1] notifyVoiceRegStateRilRadioTechnologyChanged: vrs=1 rat=0
02-17 17:07:03.714  1000  1449  2911 W TelephonyRegistry: Pid 3059 has exceeded half the number of permissible registered listeners. Now at 45
02-17 17:07:03.715 radio  3059  3059 I GsmCdmaPhone: [1] updateTtyMode ttyMode=0
02-17 17:07:03.716  1000  1449  1719 I am_proc_start: [0,3393,10083,com.android.inputmethod.latin,service,{com.android.inputmethod.latin/com.android.inputmethod.latin.LatinIME}]
02-17 17:07:03.717 radio  3059  3059 D RILJ    : [0012]> SET_TTY_MODE ttyMode = 0 [PHONE1]
02-17 17:07:03.717 radio  1085  1085 D RILC    : setTTYMode: serial 12
02-17 17:07:03.717 radio  1085  1085 I RILC-CommandInfo: getCommandInfo found {request=80 halVer=00}
02-17 17:07:03.717 radio  3059  3059 I GsmCdmaPhone: [1] updateUiTtyMode ttyMode=0
02-17 17:07:03.717 radio  1085  1085 V RIL     : [RilContext_1] SendMessage RIL Request Routing : RCM ID=80 Service ID=7 Message ID=5007 delayMillis=0
02-17 17:07:03.717 radio  3059  3059 D CallManager: registerPhone(GSM Handler (com.android.internal.telephony.GsmCdmaPhone) {8ce7d4})
02-17 17:07:03.717 radio  1085  1085 V RIL     : [ServiceMgr] msg(0xb40000797d699ab0) msgId=5007 svc=AudioService_1(7) direction=Request
02-17 17:07:03.717 radio  1085  1254 I RIL     : [AudioService_1] SetTtyModeHandler OnRequest()
02-17 17:07:03.717 radio  1085  1254 V RIL     : SetTtyMode request is = 0
02-17 17:07:03.717 radio  1085  1254 I RIL     : [RilContext_1] Send 
02-17 17:07:03.718 radio  1085  1254 V RIL     : [RilContext_1] RecordRequestHistory token=0x001D
02-17 17:07:03.718 radio  1085  1254 I RIL     : [RilContext_1] Send 
02-17 17:07:03.718 radio  1085  1254 V RIL     : [/dev/umts_ipc1][TX] SIT_SET_TTY_MODE, REQ, 16 bytes, Token(0x001d)
02-17 17:07:03.718 radio  1085  1254 V RIL     :  00 00 03 09 10 00 1d 00   00 00 00 00 00 00 00 00  
02-17 17:07:03.718  1000  1449  1818 W TelephonyRegistry: Pid 3059 has exceeded half the number of permissible registered listeners. Now at 46
02-17 17:07:03.718  1000  1449  1818 D TelephonyRegistry: listen oscl: mHasNotifySubscriptionInfoChangedOccurred==false no callback
02-17 17:07:03.718 radio  3059  3059 D GsmCdmaPhone: [1] GsmCdmaPhone: constructor: sub = 1
02-17 17:07:03.723 10097  2860  3127 I viewroot_draw_event: [VRI[ScreenDecorHwcOverlay],reportDrawFinished seqId=0]
02-17 17:07:03.724 radio  1085  1264 V RIL     : [/dev/umts_ipc1][RX] SIT_SET_TTY_MODE, RSP, 12 bytes, Token(0x001d), OK(RCM_E_SUCCESS)
02-17 17:07:03.724 radio  1085  1264 V RIL     :  01 00 03 09 0c 00 1d 00   00 00 00 00
02-17 17:07:03.724 radio  1085  1264 I RIL     : [RilContext_1] ProcessModemData 
02-17 17:07:03.724 radio  1085  1264 V RIL     : WaitList::Find() found record : token=0x001D SrcService ID =7 DestService ID=7 Result Id=5007
02-17 17:07:03.724 radio  1085  1264 V RIL     : [RilContext_1] SendMessage RCM Response Routing : Type=0001, RCM ID=0x0903 Service ID=7 Message ID=5007
02-17 17:07:03.724 radio  1085  1264 V RIL     : [ServiceMgr] msg(0xb40000797d69b480) msgId=5007 svc=AudioService_1(7) direction=Response
02-17 17:07:03.724 radio  1085  1254 I RIL     : [AudioService_1] SetTtyModeHandler OnResponse()
02-17 17:07:03.724 radio  1085  1254 I RIL     : [RilContext_1] OnRequestComplete 
02-17 17:07:03.724 radio  1085  1254 I RIL     : [RilContext_1] ProcessSolicitedResponse Request ID=80
02-17 17:07:03.724 radio  1085  1254 D RILC    : RequestComplete, RIL_SOCKET_2
02-17 17:07:03.724 radio  1085  1254 E RILC    : Calling responseFunction() for token 12
02-17 17:07:03.724 radio  1085  1254 D RILC-HIDL: setTTYModeResponse: serial 12
02-17 17:07:03.724 radio  1085  1254 D RILC-AIDL_SERVICE: RadioVoiceResponseHook::setTTYModeResponse mVoiceCb=0xb40000791d6a50f8
02-17 17:07:03.724 radio  1085  1254 V RIL     : [RilContext_1] RemoveRequestHistory  token=0x001D
02-17 17:07:03.724 radio  3059  3252 D RILJ    : [0012]< SET_TTY_MODE  [PHONE1]
02-17 17:07:03.726 radio  3059  3059 I PhoneFactory: defaultSmsApplication: com.android.messaging
02-17 17:07:03.730 radio  3059  3059 D Phone   : mDoesRilSendMultipleCallRing=true
02-17 17:07:03.730 radio  3059  3059 D Phone   : mCallRingDelay=3000
02-17 17:07:03.730 radio  3059  3059 D TelephonyAdminReceiver: No user manager. Attempting to resolve one.
02-17 17:07:03.731  1000  1449  2911 W TelephonyRegistry: Pid 3059 has exceeded half the number of permissible registered listeners. Now at 47
02-17 17:07:03.732  1000  1449  2920 I am_proc_bound: [0,3393,com.android.inputmethod.latin]
02-17 17:07:03.733  1000  1449  2920 W TelephonyRegistry: Pid 3059 has exceeded half the number of permissible registered listeners. Now at 48
02-17 17:07:03.734 radio  3059  3059 W CarrierConfigManager: Error getting config for subId -1 ICarrierConfigLoader is null
02-17 17:07:03.734 radio  3059  3059 E ImsPhoneCallTracker: [0] getCarrierConfigBundle: carrier config is null, skipping.
02-17 17:07:03.734 radio  3059  3059 E ImsPhoneCallTracker: [0] updateCarrierConfiguration: carrier config is null, skipping.
02-17 17:07:03.736 radio  3059  3059 D ImsPhone: [0] updateDataServiceState: defSs = {mVoiceRegState=1(OUT_OF_SERVICE), mDataRegState=1(OUT_OF_SERVICE), mChannelNumber=-1, duplexMode()=0, mCellBandwidths=[], mOperatorAlphaLong=null, mOperatorAlphaShort=null, isManualNetworkSelection=false(automatic), getRilVoiceRadioTechnology=0(Unknown), getRilDataRadioTechnology=0(Unknown), mCssIndicator=unsupported, mNetworkId=-1, mSystemId=-1, mCdmaRoamingIndicator=-1, mCdmaDefaultRoamingIndicator=-1, mIsEmergencyOnly=false, isUsingCarrierAggregation=false, mArfcnRsrpBoost=0, mNetworkRegistrationInfos=[NetworkRegistrationInfo{ domain=CS transportType=WWAN registrationState=UNKNOWN networkRegistrationState=UNKNOWN roamingType=NOT_ROAMING accessNetworkTechnology=UNKNOWN rejectCause=0 emergencyEnabled=false availableServices=[] cellIdentity=null voiceSpecificInfo=null dataSpecificInfo=null nrState=NONE rRplmn= isUsingCarrierAggregation=false isNonTerrestrialNetwork=TERRESTRIAL}, NetworkRegistrationInfo{ domain=PS transportType=WWAN registrationState=UNKNOWN networkRegistrationState=UNKNOWN roamingType=NOT_ROAMING accessNetworkTechnology=UNKNOWN rejectCause=0 emergencyEnabled=false availableServices=[] cellIdentity=null voiceSpecificInfo=null dataSpecificInfo=null nrState=NONE rRplmn= isUsingCarrierAggregation=false isNonTerrestrialNetwork=TERRESTRIAL}, NetworkRegistrationInfo{ domain=PS transportType=WLAN registrationState=UNKNOWN networkRegistrationState=UNKNOWN roamingType=NOT_ROAMING accessNetworkTechnology=UNKNOWN rejectCause=0 emergencyEnabled=false availableServices=[] cellIdentity=null voiceSpecificInfo=null dataSpecificInfo=null nrState=NONE rRplmn= isUsingCarrierAggregation=false isNonTerrestrialNetwork=TERRESTRIAL}], mNrFrequencyRange=0, mOperatorAlphaLongRaw=null, mOperatorAlphaShortRaw=null, mIsDataRoamingFromRegistration=false, mIsIwlanPreferred=false} imsSs = {mVoiceRegState=1(OUT_OF_SERVICE), mDataRegState=1(OUT_OF_SERVICE), mChannelNumber=-1, duplexMode()=0, mCellBandwidths=[], mOperatorAlphaLong=null, mOperatorAlphaShort=null, isManualNetworkSelection=false(automatic), getRilVoiceRadioTechnology=0(Unknown), getRilDataRadioTechnology=0(Unknown), mCssIndicator=unsupported, mNetworkId=-1, mSystemId=-1, mCdmaRoamingIndicator=-1, mCdmaDefaultRoamingIndicator=-1, mIsEmergencyOnly=false, isUsingCarrierAggregation=false, mArfcnRsrpBoost=0, mNetworkRegistrationInfos=[NetworkRegistrationInfo{ domain=CS transportType=WWAN registrationState=UNKNOWN networkRegistrationState=UNKNOWN roamingType=NOT_ROAMING accessNetworkTechnology=UNKNOWN rejectCause=0 emergencyEnabled=false availableServices=[] cellIdentity=null voiceSpecificInfo=null dataSpecificInfo=null nrState=NONE rRplmn= isUsingCarrierAggregation=false isNonTerrestrialNetwork=TERRESTRIAL}, NetworkRegistrationInfo{ domain=PS transportType=WWAN registrationState=UNKNOWN networkRegistrationState=UNKNOWN roamingType=NOT_ROAMING accessNetworkTechnology=UNKNOWN rejectCause=0 emergencyEnabled=false availableServices=[] cellIdentity=null voiceSpecificInfo=null dataSpecificInfo=null nrState=NONE rRplmn= isUsingCarrierAggregation=false isNonTerrestrialNetwork=TERRESTRIAL}, NetworkRegistrationInfo{ domain=PS transportType=WLAN registrationState=UNKNOWN networkRegistrationState=UNKNOWN roamingType=NOT_ROAMING accessNetworkTechnology=UNKNOWN rejectCause=0 emergencyEnabled=false availableServices=[] cellIdentity=null voiceSpecificInfo=null dataSpecificInfo=null nrState=NONE rRplmn= isUsingCarrierAggregation=false isNonTerrestrialNetwork=TERRESTRIAL}], mNrFrequencyRange=0, mOperatorAlphaLongRaw=null, mOperatorAlphaShortRaw=null, mIsDataRoamingFromRegistration=false, mIsIwlanPreferred=false}
02-17 17:07:03.736 radio  3059  3059 D CallManager: registerPhone(ImsPhone Handler (com.android.internal.telephony.imsphone.ImsPhone) {b7ba61f})
02-17 17:07:03.736 radio  3059  3059 D Phone   : mDoesRilSendMultipleCallRing=true
02-17 17:07:03.736 radio  3059  3059 D Phone   : mCallRingDelay=3000
02-17 17:07:03.736 radio  3059  3059 D TelephonyAdminReceiver: No user manager. Attempting to resolve one.
02-17 17:07:03.737  1000  1449  1818 W TelephonyRegistry: Pid 3059 has exceeded half the number of permissible registered listeners. Now at 49
02-17 17:07:03.738  1000  1449  2909 W TelephonyRegistry: Pid 3059 has exceeded half the number of permissible registered listeners. Now at 50
02-17 17:07:03.739 radio  3059  3059 W CarrierConfigManager: Error getting config for subId -1 ICarrierConfigLoader is null
02-17 17:07:03.739 radio  3059  3059 E ImsPhoneCallTracker: [1] getCarrierConfigBundle: carrier config is null, skipping.
02-17 17:07:03.739 radio  3059  3059 E ImsPhoneCallTracker: [1] updateCarrierConfiguration: carrier config is null, skipping.
