02-17 17:20:13.541  artd  7013  7013 W dex2oat64: /apex/com.android.art/bin/dex2oat64 --zip-fd=7 --zip-location=/data/app/~~Bpv4vlifI1tm1DUwy17C6w==/android.display.cts-K5wRILpce5M2J4UT0SBaPg==/base.apk --oat-fd=8 --oat-location=/data/app/~~Bpv4vlifI1tm1DUwy17C6w==/android.display.cts-K5wRILpce5M2J4UT0SBaPg==/oat/arm64/base.odex --output-vdex-fd=9 --swap-fd=10 --class-loader-context-fds=11:12:13:14:15 --class-loader-context=PCL[]{PCL[/system/framework/android.test.runner.jar]{PCL[/system/framework/android.test.base.jar]#PCL[/system/framework/android.test.mock.jar]}#PCL[/system/framework/android.test.base.jar]#PCL[/system/framework/android.test.mock.jar]} --classpath-dir=/data/app/~~Bpv4vlifI1tm1DUwy17C6w==/android.display.cts-K5wRILpce5M2J4UT0SBaPg== --instruction-set=arm64 --instruction-set-features=default --instruction-set-variant=cortex-a55 --compiler-filter=verify --compilation-reason=install --compact-dex-level=none --max-image-block-size=524288 --resolve-startup-const-strings=true --generate-mini-debug-info --runtime-arg -Xtarget-sdk-version:34 --runtime-arg -Xhidden-api-policy:enabled --runtime-arg -Xms64m --runtime-arg -Xmx512m --comments=app-name:android.display.cts,app-version-name:14,app-version-code:34,art-version:350090000
02-17 17:20:13.541  artd  7013  7013 I dex2oat64: /apex/com.android.art/bin/dex2oat64 --output-vdex-fd=9 --class-loader-context-fds=11:12:13:14:15 --class-loader-context=PCL[]{PCL[/system/framework/android.test.runner.jar]{PCL[/system/framework/android.test.base.jar]#PCL[/system/framework/android.test.mock.jar]}#PCL[/system/framework/android.test.base.jar]#PCL[/system/framework/android.test.mock.jar]} --classpath-dir=/data/app/~~Bpv4vlifI1tm1DUwy17C6w==/android.display.cts-K5wRILpce5M2J4UT0SBaPg== --compiler-filter=verify --compilation-reason=install --compact-dex-level=none --max-image-block-size=524288 --resolve-startup-const-strings=true --generate-mini-debug-info --comments=app-name:android.display.cts,app-version-name:14,app-version-code:34,art-version:350090000
02-17 17:20:13.672  artd  7013  7013 I dex2oat64: Using CollectorTypeCMC GC.
02-17 17:20:13.848  artd  7013  7021 W dex2oat64: Verification error in int android.os.nano.IncidentProto.computeSerializedSize()
02-17 17:20:13.848  artd  7013  7021 W dex2oat64: int android.os.nano.IncidentProto.computeSerializedSize() failed to verify: int android.os.nano.IncidentProto.computeSerializedSize(): [0x3CF] register v1 has type Precise Reference: com.android.server.connectivity.metrics.nano.IpConnectivityLogClass$IpConnectivityLog but expected Reference: com.google.protobuf.nano.MessageNano
02-17 17:20:13.848  artd  7013  7021 W dex2oat64: Accessing hidden method Lcom/android/server/connectivity/metrics/nano/IpConnectivityLogClass$IpConnectivityLog;-><init>()V (blocked, linking, denied)
02-17 17:20:13.848  artd  7013  7021 W dex2oat64: Verification error in android.os.nano.IncidentProto android.os.nano.IncidentProto.mergeFrom(com.google.protobuf.nano.CodedInputByteBufferNano)
02-17 17:20:13.848  artd  7013  7021 W dex2oat64: android.os.nano.IncidentProto android.os.nano.IncidentProto.mergeFrom(com.google.protobuf.nano.CodedInputByteBufferNano): [0xB7] couldn't find method com.android.server.connectivity.metrics.nano.IpConnectivityLogClass$IpConnectivityLog.<init> ()V
02-17 17:20:13.848  artd  7013  7021 W dex2oat64: android.os.nano.IncidentProto android.os.nano.IncidentProto.mergeFrom(com.google.protobuf.nano.CodedInputByteBufferNano) failed to verify: android.os.nano.IncidentProto android.os.nano.IncidentProto.mergeFrom(com.google.protobuf.nano.CodedInputByteBufferNano): [0xBE] register v1 has type Precise Reference: com.android.server.connectivity.metrics.nano.IpConnectivityLogClass$IpConnectivityLog but expected Reference: com.google.protobuf.nano.MessageNano
02-17 17:20:13.849  artd  7013  7021 W dex2oat64: Verification error in void android.os.nano.IncidentProto.writeTo(com.google.protobuf.nano.CodedOutputByteBufferNano)
02-17 17:20:13.849  artd  7013  7021 W dex2oat64: void android.os.nano.IncidentProto.writeTo(com.google.protobuf.nano.CodedOutputByteBufferNano) failed to verify: void android.os.nano.IncidentProto.writeTo(com.google.protobuf.nano.CodedOutputByteBufferNano): [0x2E2] register v0 has type Precise Reference: com.android.server.connectivity.metrics.nano.IpConnectivityLogClass$IpConnectivityLog but expected Reference: com.google.protobuf.nano.MessageNano
02-17 17:20:13.961  artd  7013  7013 I dex2oat64: dex2oat took 423.181ms (764.100ms cpu) (threads: 8) arena alloc=0B (0B) java alloc=5911KB (6053808B) native alloc=2655KB (2719536B) free=1313KB (1345072B)
02-17 17:20:13.980  artd  5515  5516 I artd    : dex2oat returned code 0
02-17 17:20:13.990  1000  1449  1755 I ArtService: Dexopt result: [packageName = android.display.cts] DexContainerFileDexoptResult{dexContainerFile=/data/app/~~Bpv4vlifI1tm1DUwy17C6w==/android.display.cts-K5wRILpce5M2J4UT0SBaPg==/base.apk, primaryAbi=true, abi=arm64-v8a, actualCompilerFilter=verify, status=PERFORMED, dex2oatWallTimeMillis=499, dex2oatCpuTimeMillis=820, sizeBytes=11984324, sizeBeforeBytes=0, extendedStatusFlags=[]}
02-17 17:20:13.993  1000  1449  1755 V BackupManagerService: [UserID:0] restoreAtInstall pkg=android.display.cts token=8 restoreSet=0
02-17 17:20:13.994  1000  1449  1755 V BackupManagerService: [UserID:0] Finishing install immediately
02-17 17:20:13.997  1000  1449  1755 I AppsFilter: interaction: PackageSetting{39b6039 com.android.microdroid.empty_payload/10121} -> PackageSetting{96a973f android.display.cts/10131} BLOCKED
02-17 17:20:14.004  1000  1449  1755 W MagnificationConnectionManager: requestConnection duplicated request: connect=false, mConnectionState=DISCONNECTED
02-17 17:20:14.005  1000  1449  1755 I unknown_sources_enabled: 1
02-17 17:20:14.005  1000  1449  1755 D PackageInstallerSession: Marking session 1582365444 as applied
02-17 17:20:14.014  1000  1449  1704 I commit_sys_config_file: [package-session,6]
02-17 17:20:14.020  1000  1449  1755 D CompatibilityChangeReporter: Compat change id reported: 168419799; UID 10131; state: DISABLED
02-17 17:20:14.020  1000  1449  1755 D CompatibilityChangeReporter: Compat change id reported: 273564678; UID 10131; state: DISABLED
02-17 17:20:14.021 10091  3134  3198 D SessionCommitReceiver: Removing PromiseIcon for package: android.display.cts, install reason: 0, alreadyAddedPromiseIcon: false
02-17 17:20:14.022  1000  1449  1837 I commit_sys_config_file: [package-session,2]
02-17 17:20:14.029  1000  1449  2839 I SdkSandboxManager: No SDKs used. Skipping SDK data reconcilation for CallingInfo{mUid=10131, mPackageName='android.display.cts, mAppProcessToken='null'}
02-17 17:20:14.030 radio  3059  3268 D EuiccConnector: handleMessage: E msg.what=1
02-17 17:20:14.030 radio  3059  3268 D EuiccConnector: processMsg: UnavailableState
02-17 17:20:14.032  1000  1449  1449 D TransparencyService: Not an update. Skipping...
02-17 17:20:14.033  1000  1449  2850 D ActivityManager: sync unfroze 2868 com.android.permissioncontroller for 6
02-17 17:20:14.034  1000  1449  1864 I am_unfreeze: [2868,com.android.permissioncontroller,6]
02-17 17:20:14.035 radio  3059  3059 D CarrierSvcBindHelper: onPackageAdded: android.display.cts
02-17 17:20:14.035 radio  3059  3268 W EuiccConnector: No valid EuiccService implementation found
02-17 17:20:14.035 radio  3059  3268 D EuiccConnector: handleMessage: X
02-17 17:20:14.035  1000  1449  1878 I InputReader: Reconfiguring input devices, changes=KEYBOARD_LAYOUTS
02-17 17:20:14.041 radio  3059  3059 D CarrierSvcBindHelper: No carrier app for: 0
02-17 17:20:14.041   nfc  3543  3543 I RegisteredComponentCache: New Components => 
02-17 17:20:14.041   nfc  3543  3543 I RegisteredComponentCache: ComponentInfo: ResolveInfo{fac5f4e com.android.apps.tag/.TagViewer m=0x108000 userHandle=UserHandle{0}}, techs: android.nfc.tech.Ndef, 
02-17 17:20:14.041 radio  3059  3059 D CarrierSvcBindHelper: No carrier app for: 1
02-17 17:20:14.041   nfc  3543  3543 I RegisteredComponentCache: Removed Components => 
02-17 17:20:14.041   nfc  3543  3543 I RegisteredComponentCache: ComponentInfo: ResolveInfo{3fd7cc7 com.android.apps.tag/.TagViewer m=0x108000 userHandle=UserHandle{0}}, techs: android.nfc.tech.Ndef, 
02-17 17:20:14.044  1000  1449  1866 I RoleService: Granting default roles...
02-17 17:20:14.045  1000  1449  1449 V BackupManagerConstants: getFullBackupIntervalMilliseconds(...) returns 86400000
02-17 17:20:14.045  1000  1449  1449 V BackupManagerConstants: getFullBackupRequiredNetworkType(...) returns 2
02-17 17:20:14.045  1000  1449  1449 V BackupManagerConstants: getFullBackupRequireCharging(...) returns true
02-17 17:20:14.054   nfc  3543  3543 I RegisteredServicesCache: current user: 0, is managed profile : false
02-17 17:20:14.054   nfc  3543  3543 I RegisteredServicesCache: New Other Services => 
02-17 17:20:14.054   nfc  3543  3543 I RegisteredServicesCache: Removed Other Services => 
02-17 17:20:14.060  1000  1449  1449 I dvm_lock_sample: [system_server,1,main,5,UserBackupManagerService.java,2501,void com.android.server.backup.UserBackupManagerService.dataChangedImpl(java.lang.String, java.util.HashSet),-,1138,void com.android.server.backup.UserBackupManagerService$1.run(),1]
02-17 17:20:14.062  1000  1449  1449 I notification_cancel_all: [1000,1449,android.display.cts,0,0,0,5,NULL]
02-17 17:20:14.066   nfc  3543  3543 I RegisteredServicesCache: New Services => 
02-17 17:20:14.066   nfc  3543  3543 I RegisteredServicesCache: Removed Services => 
02-17 17:20:14.072  1000  1449  1839 I commit_sys_config_file: [overlays,9]
02-17 17:20:14.074  1000  1449  1716 D ActivityManager: sync unfroze 4291 com.android.packageinstaller for 3
02-17 17:20:14.076  1000  1449  1864 I am_unfreeze: [4291,com.android.packageinstaller,3]
02-17 17:20:14.097 10091  3134  3198 D PackageUpdatedTask: mAllAppsList.addPackage android.display.cts
02-17 17:20:14.097  1000  1449  1714 W PackageManager: Failed registering loading progress callback. Package is fully loaded.
02-17 17:20:14.098  1068  3032  3053 D SecureElementService: getReaders() for com.android.nfc
02-17 17:20:14.098  1000  1449  1714 W VoiceInteractionManager: no available voice recognition services found for user 0
02-17 17:20:14.099  1068  3032  3053 I SecureElement-AccessControlEnforcer: getAccessRule() appCert = 27196e386b875e76adf700e7ea84e4c6eee33dfa
02-17 17:20:14.099  1068  3032  3053 I SecureElement-AccessControlEnforcer: getAccessRule() appCert = c8a2e9bccf597c2fb6dc66bee293fc13f2fc47ec77bc6b2b0d52c11f51192ab8
02-17 17:20:14.099  1068  3032  3053 I SecureElement-AccessRuleCache: findAccessRule() not found
02-17 17:20:14.100  1068  3032  3053 I SecureElement-AccessControlEnforcer: getAccessRule() appCert = 27196e386b875e76adf700e7ea84e4c6eee33dfa
02-17 17:20:14.100  1068  3032  3053 I SecureElement-AccessControlEnforcer: getAccessRule() appCert = c8a2e9bccf597c2fb6dc66bee293fc13f2fc47ec77bc6b2b0d52c11f51192ab8
02-17 17:20:14.100  1068  3032  3053 I SecureElement-AccessRuleCache: findAccessRule() not found
02-17 17:20:14.101 radio  3059  3411 D ImsResolver: maybeAddedImsService, packageName: android.display.cts
02-17 17:20:14.102 radio  3059  3059 E VvmPkgInstalledRcvr: cannot create TelephonyManager from ComponentInfo{com.android.phone/com.android.services.telephony.TelephonyConnectionService}, E, UserHandle{0}
02-17 17:20:14.103  1068  3032  3053 I SecureElement-Terminal-SIM2: isNfcEventAllowed: No access rules for checking.
02-17 17:20:14.104  1000  1449  1449 I AppsFilter: interaction: PackageSetting{ac13d3a com.android.microdroid.empty_payload/10121} -> PackageSetting{9caedeb android.display.cts/10131} BLOCKED
02-17 17:20:14.105 10107  2868  7024 I PermissionControllerServiceImpl: Updating user sensitive for uid 10131
02-17 17:20:14.107  1000  1449  1714 W MagnificationConnectionManager: requestConnection duplicated request: connect=false, mConnectionState=DISCONNECTED
02-17 17:20:14.109  1000  1449  1714 W VoiceInteractionManager: no available voice recognition services found for user 0
02-17 17:20:14.111 10107  2868  7024 I PermissionControllerServiceImpl: Updating user sensitive for uid 10131
02-17 17:20:14.111  1000  1449  1548 I system_server: Background concurrent mark compact GC freed 13MB AllocSpace bytes, 103(2052KB) LOS objects, 75% free, 17MB/71MB, paused 1.326ms,3.326ms total 105.406ms
02-17 17:20:14.111  1000  1449  1714 W MagnificationConnectionManager: requestConnection duplicated request: connect=false, mConnectionState=DISCONNECTED
02-17 17:20:14.113  1000  1449  1878 I InputReader: Reconfiguring input devices, changes=KEYBOARD_LAYOUTS
02-17 17:20:14.115 radio  3059  3268 D EuiccConnector: handleMessage: E msg.what=1
02-17 17:20:14.115 radio  3059  3268 D EuiccConnector: processMsg: UnavailableState
02-17 17:20:14.115 radio  3059  3268 W EuiccConnector: No valid EuiccService implementation found
02-17 17:20:14.115 radio  3059  3268 D EuiccConnector: handleMessage: X
02-17 17:20:14.116 radio  3059  3059 D CarrierSvcBindHelper: onPackageModified: android.display.cts
02-17 17:20:14.116 radio  3059  3059 D CarrierSvcBindHelper: No carrier app for: 0
02-17 17:20:14.116 radio  3059  3059 D CarrierSvcBindHelper: No carrier app for: 1
02-17 17:20:14.117   nfc  3543  3543 I RegisteredComponentCache: New Components => 
02-17 17:20:14.117   nfc  3543  3543 I RegisteredComponentCache: ComponentInfo: ResolveInfo{ba33474 com.android.apps.tag/.TagViewer m=0x108000 userHandle=UserHandle{0}}, techs: android.nfc.tech.Ndef, 
02-17 17:20:14.117   nfc  3543  3543 I RegisteredComponentCache: Removed Components => 
02-17 17:20:14.117   nfc  3543  3543 I RegisteredComponentCache: ComponentInfo: ResolveInfo{fac5f4e com.android.apps.tag/.TagViewer m=0x108000 userHandle=UserHandle{0}}, techs: android.nfc.tech.Ndef, 
02-17 17:20:14.117  1000  1449  2926 I commit_sys_config_file: [appops_accesses,3]
02-17 17:20:14.119   nfc  3543  3543 I RegisteredServicesCache: current user: 0, is managed profile : false
02-17 17:20:14.119   nfc  3543  3543 I RegisteredServicesCache: New Other Services => 
02-17 17:20:14.119   nfc  3543  3543 I RegisteredServicesCache: Removed Other Services => 
02-17 17:20:14.121 10107  2868  2868 I SafetyLabelChangedBroadcastReceiver: received broadcast packageName: android.display.cts, current user: UserHandle{0}, packageChangeEvent: NEW_INSTALL, intent user: UserHandle{0}
02-17 17:20:14.121   nfc  3543  3543 I RegisteredServicesCache: New Services => 
02-17 17:20:14.121   nfc  3543  3543 I RegisteredServicesCache: Removed Services => 
02-17 17:20:14.126 radio  3059  3411 D ImsResolver: maybeAddedImsService, packageName: android.display.cts
02-17 17:20:14.126  1068  3032  3053 D SecureElementService: getReaders() for com.android.nfc
02-17 17:20:14.127  1000  1449  1550 W system_server: ApkAssets: Deleting an ApkAssets object '<empty> and /system_ext/app/AccessibilityMenu/AccessibilityMenu.apk' with 1 weak references
02-17 17:20:14.127  1068  3032  3053 I SecureElement-AccessControlEnforcer: getAccessRule() appCert = 27196e386b875e76adf700e7ea84e4c6eee33dfa
02-17 17:20:14.127  1068  3032  3053 I SecureElement-AccessControlEnforcer: getAccessRule() appCert = c8a2e9bccf597c2fb6dc66bee293fc13f2fc47ec77bc6b2b0d52c11f51192ab8
02-17 17:20:14.127  1068  3032  3053 I SecureElement-AccessRuleCache: findAccessRule() not found
02-17 17:20:14.127  1068  3032  3053 I SecureElement-AccessControlEnforcer: getAccessRule() appCert = 27196e386b875e76adf700e7ea84e4c6eee33dfa
02-17 17:20:14.127  1068  3032  3053 I SecureElement-AccessControlEnforcer: getAccessRule() appCert = c8a2e9bccf597c2fb6dc66bee293fc13f2fc47ec77bc6b2b0d52c11f51192ab8
02-17 17:20:14.127  1068  3032  3053 I SecureElement-AccessRuleCache: findAccessRule() not found
02-17 17:20:14.128 10091  3134  3198 D PackageUpdatedTask: mAllAppsList.updatePackage android.display.cts
02-17 17:20:14.129  1068  3032  3056 I SecureElement-Terminal-SIM2: isNfcEventAllowed: No access rules for checking.
02-17 17:20:14.213  1000  1449  1863 I commit_sys_config_file: [settings-2-0,8]
02-17 17:20:14.391  1000  1449  1704 I commit_sys_config_file: [package-session,6]
02-17 17:20:14.392  1000  1449  1704 I commit_sys_config_file: [package-session,1]
02-17 17:20:14.403  1000  1449  1837 I commit_sys_config_file: [package-session,2]
02-17 17:20:14.433  1000  1449  1837 W NativeHelper: Ignoring abiOverride for multi arch application.
02-17 17:20:14.440  1000  1449  1886 W PackageParsing: Ignoring duplicate uses-permissions/uses-permissions-sdk-m: android.permission.CAMERA in package: android.app.stubs at: Binary XML file line #89
02-17 17:20:14.446  1000  1449  1886 W PackageParsing: No actions in intent-filter at /data/app/vmdl1064910353.tmp/base.apk Binary XML file line #729
02-17 17:20:14.446  1000  1449  1886 W PackageParsing: No actions in intent-filter at /data/app/vmdl1064910353.tmp/base.apk Binary XML file line #737
02-17 17:20:14.446  1000  1449  1886 W PackageParsing: No actions in intent-filter at /data/app/vmdl1064910353.tmp/base.apk Binary XML file line #745
02-17 17:20:14.451  1000  1449  1886 W RuleEvaluation: Integrity rule files are not available.
02-17 17:20:14.451  1000  1449  1755 I PackageManager: Integrity check passed for file:///data/app/vmdl1064910353.tmp
02-17 17:20:14.454  1000  1449  1704 I commit_sys_config_file: [package-session,3]
02-17 17:20:14.461  1000  1449  1755 W PackageParsing: Ignoring duplicate uses-permissions/uses-permissions-sdk-m: android.permission.CAMERA in package: android.app.stubs at: Binary XML file line #89
02-17 17:20:14.469  1000  1449  1755 W PackageParsing: No actions in intent-filter at /data/app/vmdl1064910353.tmp/base.apk Binary XML file line #729
02-17 17:20:14.470  1000  1449  1755 W PackageParsing: No actions in intent-filter at /data/app/vmdl1064910353.tmp/base.apk Binary XML file line #737
02-17 17:20:14.470  1000  1449  1755 W PackageParsing: No actions in intent-filter at /data/app/vmdl1064910353.tmp/base.apk Binary XML file line #745
02-17 17:20:14.482  1000  1449  1755 I PermissionManager: Permission ownership changed. Updating all permissions.
02-17 17:20:14.540  1000  1449  1755 I sysui_multi_action: [757,1243,758,4,806,android.app.stubs,1241,android.permission.POST_NOTIFICATIONS]
02-17 17:20:14.540  1000  1449  1755 I sysui_multi_action: [757,1243,758,4,806,android.app.stubs,1241,android.permission.ACCESS_FINE_LOCATION]
02-17 17:20:14.540  1000  1449  1755 I sysui_multi_action: [757,1243,758,4,806,android.app.stubs,1241,android.permission.BODY_SENSORS]
02-17 17:20:14.541  1000  1449  1755 I sysui_multi_action: [757,1243,758,4,806,android.app.stubs,1241,android.permission.READ_EXTERNAL_STORAGE]
02-17 17:20:14.541  1000  1449  1755 I sysui_multi_action: [757,1243,758,4,806,android.app.stubs,1241,android.permission.ACCESS_COARSE_LOCATION]
02-17 17:20:14.542  1000  1449  1755 I sysui_multi_action: [757,1243,758,4,806,android.app.stubs,1241,android.permission.READ_PHONE_STATE]
02-17 17:20:14.542  1000  1449  1755 I sysui_multi_action: [757,1243,758,4,806,android.app.stubs,1241,android.permission.WRITE_CONTACTS]
02-17 17:20:14.542  1000  1449  1755 I sysui_multi_action: [757,1243,758,4,806,android.app.stubs,1241,android.permission.CAMERA]
02-17 17:20:14.543  1000  1449  1755 I sysui_multi_action: [757,1243,758,4,806,android.app.stubs,1241,android.permission.WRITE_EXTERNAL_STORAGE]
02-17 17:20:14.543  1000  1449  1755 I sysui_multi_action: [757,1243,758,4,806,android.app.stubs,1241,android.permission.RECORD_AUDIO]
02-17 17:20:14.543  1000  1449  1755 I sysui_multi_action: [757,1243,758,4,806,android.app.stubs,1241,android.permission.READ_CONTACTS]
02-17 17:20:14.596  logd  6073  6073 I logd    : start watching /data/system/packages.list ...
02-17 17:20:14.567  1000  1449  1755 I commit_sys_config_file: [package,21]
02-17 17:20:14.569  1000  1449  1755 D PackageManager: Instant App installer not found with android.intent.action.INSTALL_INSTANT_APP_PACKAGE
02-17 17:20:14.569  1000  1449  1755 D PackageManager: Clear ephemeral installer activity
02-17 17:20:14.602  logd  6073  6073 I logd    : ReadPackageList, total packages: 134
02-17 17:20:14.578 10097  2860  2860 D ControlsListingControllerImpl: ServiceConfig reloaded, count: 0
02-17 17:20:14.578  1000  1449  1751 E AppOps  : Trying to set mode for unknown uid 10132.
02-17 17:20:14.580 10097  2860  2860 D ControlsListingControllerImpl: ServiceConfig reloaded, count: 0
02-17 17:20:14.592  1000  1449  1750 I commit_sys_config_file: [package-user-0,26]
02-17 17:20:14.593  1000  1449  1702 V StorageManagerService: Package null does not have legacy storage
02-17 17:20:14.596  artd  5515  5516 I artd    : Merge skipped because there are no existing profiles
02-17 17:20:14.596 10111  3526  5595 D MediaGrants: Removed 0 media_grants for 0 user for [android.app.stubs]. Reason: Mode changed: android:read_external_storage
02-17 17:20:14.599  artd  5515  5516 I artd    : Dex parent of /data/app/~~0hqP8GpGf9okTXycl0l9Nw==/android.app.stubs-APeom3JIuBdq-pmpcmVGHg==/base.apk is not writable: Permission denied
02-17 17:20:14.599  artd  5515  5516 I artd    : GetBestInfo checking odex in dalvik-cache (/data/dalvik-cache/arm64/data@app@~~0hqP8GpGf9okTXycl0l9Nw==@android.app.stubs-APeom3JIuBdq-pmpcmVGHg==@base.apk@classes.dex)
02-17 17:20:14.599  artd  5515  5516 I artd    : Loading /data/dalvik-cache/arm64/data@app@~~0hqP8GpGf9okTXycl0l9Nw==@android.app.stubs-APeom3JIuBdq-pmpcmVGHg==@base.apk@classes.dex with executable: 0
02-17 17:20:14.599  artd  5515  5516 I artd    : OatFileAssistant test for existing oat file /data/dalvik-cache/arm64/data@app@~~0hqP8GpGf9okTXycl0l9Nw==@android.app.stubs-APeom3JIuBdq-pmpcmVGHg==@base.apk@classes.dex: File /data/dalvik-cache/arm64/data@app@~~0hqP8GpGf9okTXycl0l9Nw==@android.app.stubs-APeom3JIuBdq-pmpcmVGHg==@base.apk@classes.vdex does not exist.
02-17 17:20:14.599  artd  5515  5516 I artd    : GetBestInfo checking odex next to the dex file (/data/app/~~0hqP8GpGf9okTXycl0l9Nw==/android.app.stubs-APeom3JIuBdq-pmpcmVGHg==/oat/arm64/base.odex)
02-17 17:20:14.599  artd  5515  5516 I artd    : Loading /data/app/~~0hqP8GpGf9okTXycl0l9Nw==/android.app.stubs-APeom3JIuBdq-pmpcmVGHg==/oat/arm64/base.odex with executable: 0
02-17 17:20:14.599  artd  5515  5516 I artd    : OatFileAssistant test for existing oat file /data/app/~~0hqP8GpGf9okTXycl0l9Nw==/android.app.stubs-APeom3JIuBdq-pmpcmVGHg==/oat/arm64/base.odex: File /data/app/~~0hqP8GpGf9okTXycl0l9Nw==/android.app.stubs-APeom3JIuBdq-pmpcmVGHg==/oat/arm64/base.vdex does not exist.
02-17 17:20:14.599  artd  5515  5516 I artd    : GetBestInfo checking vdex in dalvik-cache (/data/dalvik-cache/arm64/data@app@~~0hqP8GpGf9okTXycl0l9Nw==@android.app.stubs-APeom3JIuBdq-pmpcmVGHg==@base.apk@classes.vdex)
02-17 17:20:14.599  artd  5515  5516 I artd    : unable to open vdex file /data/dalvik-cache/arm64/data@app@~~0hqP8GpGf9okTXycl0l9Nw==@android.app.stubs-APeom3JIuBdq-pmpcmVGHg==@base.apk@classes.vdex: File /data/dalvik-cache/arm64/data@app@~~0hqP8GpGf9okTXycl0l9Nw==@android.app.stubs-APeom3JIuBdq-pmpcmVGHg==@base.apk@classes.vdex does not exist.
02-17 17:20:14.599  artd  5515  5516 I artd    : OatFileAssistant test for existing oat file /data/dalvik-cache/arm64/data@app@~~0hqP8GpGf9okTXycl0l9Nw==@android.app.stubs-APeom3JIuBdq-pmpcmVGHg==@base.apk@classes.vdex: File /data/dalvik-cache/arm64/data@app@~~0hqP8GpGf9okTXycl0l9Nw==@android.app.stubs-APeom3JIuBdq-pmpcmVGHg==@base.apk@classes.vdex does not exist.
02-17 17:20:14.599  artd  5515  5516 I artd    : GetBestInfo checking vdex next to the dex file (/data/app/~~0hqP8GpGf9okTXycl0l9Nw==/android.app.stubs-APeom3JIuBdq-pmpcmVGHg==/oat/arm64/base.vdex)
02-17 17:20:14.599  artd  5515  5516 I artd    : unable to open vdex file /data/app/~~0hqP8GpGf9okTXycl0l9Nw==/android.app.stubs-APeom3JIuBdq-pmpcmVGHg==/oat/arm64/base.vdex: File /data/app/~~0hqP8GpGf9okTXycl0l9Nw==/android.app.stubs-APeom3JIuBdq-pmpcmVGHg==/oat/arm64/base.vdex does not exist.
02-17 17:20:14.599  artd  5515  5516 I artd    : OatFileAssistant test for existing oat file /data/app/~~0hqP8GpGf9okTXycl0l9Nw==/android.app.stubs-APeom3JIuBdq-pmpcmVGHg==/oat/arm64/base.vdex: File /data/app/~~0hqP8GpGf9okTXycl0l9Nw==/android.app.stubs-APeom3JIuBdq-pmpcmVGHg==/oat/arm64/base.vdex does not exist.
02-17 17:20:14.600  artd  5515  5516 I artd    : GetBestInfo checking dm (/data/app/~~0hqP8GpGf9okTXycl0l9Nw==/android.app.stubs-APeom3JIuBdq-pmpcmVGHg==/base.dm)
02-17 17:20:14.600  artd  5515  5516 W ziparchive: Unable to open '/data/app/~~0hqP8GpGf9okTXycl0l9Nw==/android.app.stubs-APeom3JIuBdq-pmpcmVGHg==/base.dm': No such file or directory
02-17 17:20:14.600  artd  5515  5516 I artd    : OatFileAssistant test for existing oat file /data/app/~~0hqP8GpGf9okTXycl0l9Nw==/android.app.stubs-APeom3JIuBdq-pmpcmVGHg==/base.dm: I/O error
02-17 17:20:14.600  artd  5515  5516 I artd    : GetBestInfo checking dm (/data/app/~~0hqP8GpGf9okTXycl0l9Nw==/android.app.stubs-APeom3JIuBdq-pmpcmVGHg==/base.dm)
02-17 17:20:14.600  artd  5515  5516 W ziparchive: Unable to open '/data/app/~~0hqP8GpGf9okTXycl0l9Nw==/android.app.stubs-APeom3JIuBdq-pmpcmVGHg==/base.dm': No such file or directory
02-17 17:20:14.600  artd  5515  5516 I artd    : OatFileAssistant test for existing oat file /data/app/~~0hqP8GpGf9okTXycl0l9Nw==/android.app.stubs-APeom3JIuBdq-pmpcmVGHg==/base.dm: I/O error
02-17 17:20:14.600  artd  5515  5516 I artd    : GetBestInfo no usable artifacts
02-17 17:20:14.606  artd  5515  5517 I artd    : Running dex2oat: /apex/com.android.art/bin/art_exec --drop-capabilities --set-task-profile=Dex2OatBootComplete --set-priority=background --keep-fds=7:8:9:10:11:12:13:14:15:16 -- /apex/com.android.art/bin/dex2oat64 --zip-fd=7 --zip-location=/data/app/~~0hqP8GpGf9okTXycl0l9Nw==/android.app.stubs-APeom3JIuBdq-pmpcmVGHg==/base.apk --oat-fd=8 --oat-location=/data/app/~~0hqP8GpGf9okTXycl0l9Nw==/android.app.stubs-APeom3JIuBdq-pmpcmVGHg==/oat/arm64/base.odex --output-vdex-fd=9 --swap-fd=10 --class-loader-context-fds=11:12:13:14:15:16 --class-loader-context=PCL[]{PCL[/system/framework/android.test.runner.jar]{PCL[/system/framework/android.test.base.jar]#PCL[/system/framework/android.test.mock.jar]}#PCL[/system/framework/org.apache.http.legacy.jar]#PCL[/system/framework/android.test.base.jar]#PCL[/system/framework/android.test.mock.jar]} --classpath-dir=/data/app/~~0hqP8GpGf9okTXycl0l9Nw==/android.app.stubs-APeom3JIuBdq-pmpcmVGHg== --instruction-set=arm64 --instruction-set-features=default --instruction-set-variant=cortex-a55 --compiler-filter=verify --compilation-reason=install --compact-dex-level=none --max-image-block-size=524288 --resolve-startup-const-strings=true --generate-mini-debug-info --runtime-arg -Xtarget-sdk-version:34 --runtime-arg -Xhidden-api-policy:enabled --runtime-arg -Xms64m --runtime-arg -Xmx512m --comments=app-name:android.app.stubs,app-version-name:14,app-version-code:34,art-version:350090000
02-17 17:20:14.606  artd  5515  5517 I artd    : Opened FDs: 7:/data/app/~~0hqP8GpGf9okTXycl0l9Nw==/android.app.stubs-APeom3JIuBdq-pmpcmVGHg==/base.apk 8:/data/app/~~0hqP8GpGf9okTXycl0l9Nw==/android.app.stubs-APeom3JIuBdq-pmpcmVGHg==/oat/arm64/base.odex.Tu7dsm.tmp 9:/data/app/~~0hqP8GpGf9okTXycl0l9Nw==/android.app.stubs-APeom3JIuBdq-pmpcmVGHg==/oat/arm64/base.vdex.fWiLPP.tmp 10:/data/app/~~0hqP8GpGf9okTXycl0l9Nw==/android.app.stubs-APeom3JIuBdq-pmpcmVGHg==/oat/arm64/base.odex.swap.p1YRZ6.tmp 11:/system/framework/android.test.mock.jar 12:/system/framework/android.test.base.jar 13:/system/framework/org.apache.http.legacy.jar 14:/system/framework/android.test.runner.jar 15:/system/framework/android.test.mock.jar 16:/system/framework/android.test.base.jar 
02-17 17:20:14.661  artd  7041  7041 W dex2oat64: Mismatch between dex2oat instruction set features to use (ISA: Arm64 Feature string: -a53,crc,lse,fp16,dotprod,-sve) and those from CPP defines (ISA: Arm64 Feature string: -a53,crc,-lse,fp16,dotprod,-sve) for the command line:
02-17 17:20:14.661  artd  7041  7041 W dex2oat64: /apex/com.android.art/bin/dex2oat64 --zip-fd=7 --zip-location=/data/app/~~0hqP8GpGf9okTXycl0l9Nw==/android.app.stubs-APeom3JIuBdq-pmpcmVGHg==/base.apk --oat-fd=8 --oat-location=/data/app/~~0hqP8GpGf9okTXycl0l9Nw==/android.app.stubs-APeom3JIuBdq-pmpcmVGHg==/oat/arm64/base.odex --output-vdex-fd=9 --swap-fd=10 --class-loader-context-fds=11:12:13:14:15:16 --class-loader-context=PCL[]{PCL[/system/framework/android.test.runner.jar]{PCL[/system/framework/android.test.base.jar]#PCL[/system/framework/android.test.mock.jar]}#PCL[/system/framework/org.apache.http.legacy.jar]#PCL[/system/framework/android.test.base.jar]#PCL[/system/framework/android.test.mock.jar]} --classpath-dir=/data/app/~~0hqP8GpGf9okTXycl0l9Nw==/android.app.stubs-APeom3JIuBdq-pmpcmVGHg== --instruction-set=arm64 --instruction-set-features=default --instruction-set-variant=cortex-a55 --compiler-filter=verify --compilation-reason=install --compact-dex-level=none --max-image-block-size=524288 --resolve-startup-const-strings=true --generate-mini-debug-info --runtime-arg -Xtarget-sdk-version:34 --runtime-arg -Xhidden-api-policy:enabled --runtime-arg -Xms64m --runtime-arg -Xmx512m --comments=app-name:android.app.stubs,app-version-name:14,app-version-code:34,art-version:350090000
02-17 17:20:14.662  artd  7041  7041 I dex2oat64: /apex/com.android.art/bin/dex2oat64 --output-vdex-fd=9 --class-loader-context-fds=11:12:13:14:15:16 --class-loader-context=PCL[]{PCL[/system/framework/android.test.runner.jar]{PCL[/system/framework/android.test.base.jar]#PCL[/system/framework/android.test.mock.jar]}#PCL[/system/framework/org.apache.http.legacy.jar]#PCL[/system/framework/android.test.base.jar]#PCL[/system/framework/android.test.mock.jar]} --classpath-dir=/data/app/~~0hqP8GpGf9okTXycl0l9Nw==/android.app.stubs-APeom3JIuBdq-pmpcmVGHg== --compiler-filter=verify --compilation-reason=install --compact-dex-level=none --max-image-block-size=524288 --resolve-startup-const-strings=true --generate-mini-debug-info --comments=app-name:android.app.stubs,app-version-name:14,app-version-code:34,art-version:350090000
02-17 17:20:14.793  artd  7041  7041 I dex2oat64: Using CollectorTypeCMC GC.
02-17 17:20:14.856  artd  7041  7046 W dex2oat64: Accessing hidden method Landroid/app/SearchManager;->isVisible()Z (max-target-r, linking, denied)
02-17 17:20:14.857  artd  7041  7048 W dex2oat64: Accessing hidden method Landroid/content/pm/PackageManager;->getAttentionServicePackageName()Ljava/lang/String; (blocked, linking, denied)
02-17 17:20:14.857  artd  7041  7048 W dex2oat64: Accessing hidden method Landroid/content/pm/PackageManager;->getSystemCaptionsServicePackageName()Ljava/lang/String; (blocked, linking, denied)
02-17 17:20:14.857  artd  7041  7048 W dex2oat64: Accessing hidden method Landroid/app/IActivityManager$Stub;->asInterface(Landroid/os/IBinder;)Landroid/app/IActivityManager; (max-target-r, linking, denied)
02-17 17:20:14.857  artd  7041  7046 W dex2oat64: Accessing hidden method Landroid/app/IActivityManager$Stub;->asInterface(Landroid/os/IBinder;)Landroid/app/IActivityManager; (max-target-r, linking, denied)
02-17 17:20:14.857  artd  7041  7048 W dex2oat64: Accessing hidden method Landroid/content/Context;->getIApplicationThread()Landroid/app/IApplicationThread; (max-target-o, linking, denied)
02-17 17:20:14.857  artd  7041  7048 W dex2oat64: Accessing hidden method Landroid/app/IActivityManager;->startService(Landroid/app/IApplicationThread;Landroid/content/Intent;Ljava/lang/String;ZLjava/lang/String;Ljava/lang/String;I)Landroid/content/ComponentName; (blocked, linking, denied)
02-17 17:20:14.857  artd  7041  7048 W dex2oat64: Accessing hidden method Landroid/app/IActivityManager$Stub;->asInterface(Landroid/os/IBinder;)Landroid/app/IActivityManager; (max-target-r, linking, denied)
02-17 17:20:14.858  artd  7041  7048 W dex2oat64: Accessing hidden method Landroid/content/Context;->getIApplicationThread()Landroid/app/IApplicationThread; (max-target-o, linking, denied)
02-17 17:20:14.858  artd  7041  7048 W dex2oat64: Accessing hidden method Landroid/app/IActivityManager;->startService(Landroid/app/IApplicationThread;Landroid/content/Intent;Ljava/lang/String;ZLjava/lang/String;Ljava/lang/String;I)Landroid/content/ComponentName; (blocked, linking, denied)
02-17 17:20:14.953  artd  7041  7041 W dex2oat64: Accessing hidden method Landroid/view/IWindowManager;->isRotationFrozen()Z (max-target-o, linking, denied)
02-17 17:20:14.953  artd  7041  7041 W dex2oat64: Accessing hidden method Landroid/view/IWindowManager;->closeSystemDialogs(Ljava/lang/String;)V (max-target-o, linking, denied)
02-17 17:20:14.953  artd  7041  7041 W dex2oat64: Accessing hidden method Landroid/os/ParcelableException;-><init>(Ljava/lang/Throwable;)V (max-target-o, linking, denied)
02-17 17:20:15.037  1000  1449  1866 I RoleService: Granting default roles...
02-17 17:20:15.083  artd  7041  7041 I dex2oat64: dex2oat took 425.127ms (908.605ms cpu) (threads: 8) arena alloc=0B (0B) java alloc=7535KB (7716304B) native alloc=2741KB (2807200B) free=1084KB (1110288B)
02-17 17:20:15.098  artd  5515  5517 I artd    : dex2oat returned code 0
02-17 17:20:15.102  1000  1449  1755 I ArtService: Dexopt result: [packageName = android.app.stubs] DexContainerFileDexoptResult{dexContainerFile=/data/app/~~0hqP8GpGf9okTXycl0l9Nw==/android.app.stubs-APeom3JIuBdq-pmpcmVGHg==/base.apk, primaryAbi=true, abi=arm64-v8a, actualCompilerFilter=verify, status=PERFORMED, dex2oatWallTimeMillis=499, dex2oatCpuTimeMillis=960, sizeBytes=13402156, sizeBeforeBytes=0, extendedStatusFlags=[]}
02-17 17:20:15.102  1000  1449  1755 V BackupManagerService: [UserID:0] restoreAtInstall pkg=android.app.stubs token=9 restoreSet=0
02-17 17:20:15.103  1000  1449  1755 V BackupManagerService: [UserID:0] Finishing install immediately
02-17 17:20:15.104  1000  1449  1755 I AppsFilter: interaction: PackageSetting{ac13d3a com.android.microdroid.empty_payload/10121} -> PackageSetting{6410ec9 android.app.stubs/10132} BLOCKED
02-17 17:20:15.106  1000  1449  1755 W MagnificationConnectionManager: requestConnection duplicated request: connect=false, mConnectionState=DISCONNECTED
02-17 17:20:15.108  1000  1449  1755 I unknown_sources_enabled: 1
02-17 17:20:15.115  1000  1449  1755 D PackageInstallerSession: Marking session 1064910353 as applied
02-17 17:20:15.117  1000  1449  1755 D CompatibilityChangeReporter: Compat change id reported: 168419799; UID 10132; state: DISABLED
02-17 17:20:15.117  1000  1449  1755 D CompatibilityChangeReporter: Compat change id reported: 273564678; UID 10132; state: DISABLED
02-17 17:20:15.117 10091  3134  3198 D SessionCommitReceiver: Removing PromiseIcon for package: android.app.stubs, install reason: 0, alreadyAddedPromiseIcon: false
02-17 17:20:15.120  1000  1449  1704 I commit_sys_config_file: [package-session,3]
02-17 17:20:15.121 radio  3059  3059 D CarrierSvcBindHelper: onPackageAdded: android.app.stubs
02-17 17:20:15.123  1000  1449  2839 I SdkSandboxManager: No SDKs used. Skipping SDK data reconcilation for CallingInfo{mUid=10132, mPackageName='android.app.stubs, mAppProcessToken='null'}
02-17 17:20:15.123 radio  3059  3268 D EuiccConnector: handleMessage: E msg.what=1
02-17 17:20:15.123 radio  3059  3268 D EuiccConnector: processMsg: UnavailableState
02-17 17:20:15.124 radio  3059  3268 W EuiccConnector: No valid EuiccService implementation found
02-17 17:20:15.124 radio  3059  3268 D EuiccConnector: handleMessage: X
02-17 17:20:15.124  1000  1449  1449 I notification_cancel_all: [1000,1449,android.app.stubs,0,0,0,5,NULL]
02-17 17:20:15.125 radio  3059  3059 D CarrierSvcBindHelper: No carrier app for: 0
02-17 17:20:15.125 10107  2868  5834 I PermissionControllerServiceImpl: Updating user sensitive for uid 10132
02-17 17:20:15.125 radio  3059  3059 D CarrierSvcBindHelper: No carrier app for: 1
02-17 17:20:15.125   nfc  3543  3543 I RegisteredComponentCache: New Components => 
02-17 17:20:15.125   nfc  3543  3543 I RegisteredComponentCache: ComponentInfo: ResolveInfo{fc41240 com.android.apps.tag/.TagViewer m=0x108000 userHandle=UserHandle{0}}, techs: android.nfc.tech.Ndef, 
02-17 17:20:15.125   nfc  3543  3543 I RegisteredComponentCache: Removed Components => 
02-17 17:20:15.125   nfc  3543  3543 I RegisteredComponentCache: ComponentInfo: ResolveInfo{ba33474 com.android.apps.tag/.TagViewer m=0x108000 userHandle=UserHandle{0}}, techs: android.nfc.tech.Ndef, 
02-17 17:20:15.127  1000  1449  1837 E AtomicFile: Failed to rename /data/system/install_sessions.xml.new to /data/system/install_sessions.xml
02-17 17:20:15.127  1000  1449  1837 I commit_sys_config_file: [package-session,10]
02-17 17:20:15.127  1000  1449  1449 D TransparencyService: Not an update. Skipping...
02-17 17:20:15.130  1000  1449  1878 I InputReader: Reconfiguring input devices, changes=KEYBOARD_LAYOUTS
02-17 17:20:15.131  1000  1449  1839 I commit_sys_config_file: [overlays,1]
02-17 17:20:15.133  1000  1449  1449 V BackupManagerConstants: getFullBackupIntervalMilliseconds(...) returns 86400000
02-17 17:20:15.133  1000  1449  1449 V BackupManagerConstants: getFullBackupRequiredNetworkType(...) returns 2
02-17 17:20:15.133  1000  1449  1449 V BackupManagerConstants: getFullBackupRequireCharging(...) returns true
02-17 17:20:15.134 10107  2868  2868 I SafetyLabelChangedBroadcastReceiver: received broadcast packageName: android.app.stubs, current user: UserHandle{0}, packageChangeEvent: NEW_INSTALL, intent user: UserHandle{0}
02-17 17:20:15.140 10091  3134  3198 D PackageUpdatedTask: mAllAppsList.addPackage android.app.stubs
02-17 17:20:15.141  1000  1449  1714 W PackageManager: Failed registering loading progress callback. Package is fully loaded.
02-17 17:20:15.142 radio  3059  3411 D ImsResolver: maybeAddedImsService, packageName: android.app.stubs
02-17 17:20:15.142  1000  1449  1714 W VoiceInteractionManager: no available voice recognition services found for user 0
02-17 17:20:15.143  1000  1449  1449 I AppsFilter: interaction: PackageSetting{ce5aebb com.android.microdroid.empty_payload/10121} -> PackageSetting{8aa8fd8 android.app.stubs/10132} BLOCKED
02-17 17:20:15.144 radio  3059  3059 E VvmPkgInstalledRcvr: cannot create TelephonyManager from ComponentInfo{com.android.phone/com.android.services.telephony.TelephonyConnectionService}, E, UserHandle{0}
02-17 17:20:15.145   nfc  3543  3543 I RegisteredServicesCache: current user: 0, is managed profile : false
02-17 17:20:15.145   nfc  3543  3543 I RegisteredServicesCache: New Other Services => 
02-17 17:20:15.145   nfc  3543  3543 I RegisteredServicesCache: Removed Other Services => 
02-17 17:20:15.149 10091  3134  3134 D StatsLog: LAUNCHER_ALLAPPS_COUNT
02-17 17:20:15.153 radio  3059  3268 D EuiccConnector: handleMessage: E msg.what=1
02-17 17:20:15.153 radio  3059  3268 D EuiccConnector: processMsg: UnavailableState
02-17 17:20:15.154 radio  3059  3268 W EuiccConnector: No valid EuiccService implementation found
02-17 17:20:15.154 radio  3059  3268 D EuiccConnector: handleMessage: X
02-17 17:20:15.154 radio  3059  3059 D CarrierSvcBindHelper: onPackageModified: android.app.stubs
02-17 17:20:15.154   nfc  3543  3543 I RegisteredServicesCache: New Services => 
02-17 17:20:15.154 radio  3059  3059 D CarrierSvcBindHelper: No carrier app for: 0
02-17 17:20:15.154   nfc  3543  3543 I RegisteredServicesCache: Removed Services => 
02-17 17:20:15.155 radio  3059  3059 D CarrierSvcBindHelper: No carrier app for: 1
02-17 17:20:15.157   nfc  3543  3543 I RegisteredComponentCache: New Components => 
02-17 17:20:15.157   nfc  3543  3543 I RegisteredComponentCache: ComponentInfo: ResolveInfo{29e0591 com.android.apps.tag/.TagViewer m=0x108000 userHandle=UserHandle{0}}, techs: android.nfc.tech.Ndef, 
02-17 17:20:15.157   nfc  3543  3543 I RegisteredComponentCache: Removed Components => 
02-17 17:20:15.157   nfc  3543  3543 I RegisteredComponentCache: ComponentInfo: ResolveInfo{fc41240 com.android.apps.tag/.TagViewer m=0x108000 userHandle=UserHandle{0}}, techs: android.nfc.tech.Ndef, 
02-17 17:20:15.159   nfc  3543  3543 I RegisteredServicesCache: current user: 0, is managed profile : false
02-17 17:20:15.159   nfc  3543  3543 I RegisteredServicesCache: New Other Services => 
02-17 17:20:15.159   nfc  3543  3543 I RegisteredServicesCache: Removed Other Services => 
02-17 17:20:15.161   nfc  3543  3543 I RegisteredServicesCache: New Services => 
02-17 17:20:15.161   nfc  3543  3543 I RegisteredServicesCache: Removed Services => 
02-17 17:20:15.161  1000  1449  1714 W MagnificationConnectionManager: requestConnection duplicated request: connect=false, mConnectionState=DISCONNECTED
02-17 17:20:15.162 10107  2868  5834 I PermissionControllerServiceImpl: Updating user sensitive for uid 10132
02-17 17:20:15.163  1068  3032  3056 D SecureElementService: getReaders() for com.android.nfc
02-17 17:20:15.163  1000  1449  1878 I InputReader: Reconfiguring input devices, changes=KEYBOARD_LAYOUTS
02-17 17:20:15.163  1000  1449  1714 W VoiceInteractionManager: no available voice recognition services found for user 0
02-17 17:20:15.164  1068  3032  3056 I SecureElement-AccessControlEnforcer: getAccessRule() appCert = 27196e386b875e76adf700e7ea84e4c6eee33dfa
02-17 17:20:15.164  1068  3032  3056 I SecureElement-AccessControlEnforcer: getAccessRule() appCert = c8a2e9bccf597c2fb6dc66bee293fc13f2fc47ec77bc6b2b0d52c11f51192ab8
02-17 17:20:15.164  1068  3032  3056 I SecureElement-AccessRuleCache: findAccessRule() not found
02-17 17:20:15.165  1068  3032  3056 I SecureElement-AccessControlEnforcer: getAccessRule() appCert = 27196e386b875e76adf700e7ea84e4c6eee33dfa
02-17 17:20:15.165  1068  3032  3056 I SecureElement-AccessControlEnforcer: getAccessRule() appCert = c8a2e9bccf597c2fb6dc66bee293fc13f2fc47ec77bc6b2b0d52c11f51192ab8
02-17 17:20:15.165  1068  3032  3056 I SecureElement-AccessRuleCache: findAccessRule() not found
02-17 17:20:15.166  1000  1449  1714 W MagnificationConnectionManager: requestConnection duplicated request: connect=false, mConnectionState=DISCONNECTED
02-17 17:20:15.167  1068  3032  3056 I SecureElement-Terminal-SIM2: isNfcEventAllowed: No access rules for checking.
02-17 17:20:15.169 radio  3059  3411 D ImsResolver: maybeAddedImsService, packageName: android.app.stubs
02-17 17:20:15.170  1068  3032  3056 D SecureElementService: getReaders() for com.android.nfc
02-17 17:20:15.170 10091  3134  3198 D PackageUpdatedTask: mAllAppsList.updatePackage android.app.stubs
02-17 17:20:15.175  1068  3032  3056 I SecureElement-AccessControlEnforcer: getAccessRule() appCert = 27196e386b875e76adf700e7ea84e4c6eee33dfa
02-17 17:20:15.175  1068  3032  3056 I SecureElement-AccessControlEnforcer: getAccessRule() appCert = c8a2e9bccf597c2fb6dc66bee293fc13f2fc47ec77bc6b2b0d52c11f51192ab8
02-17 17:20:15.175  1068  3032  3056 I SecureElement-AccessRuleCache: findAccessRule() not found
02-17 17:20:15.177  1068  3032  3056 I SecureElement-AccessControlEnforcer: getAccessRule() appCert = 27196e386b875e76adf700e7ea84e4c6eee33dfa
02-17 17:20:15.177  1068  3032  3056 I SecureElement-AccessControlEnforcer: getAccessRule() appCert = c8a2e9bccf597c2fb6dc66bee293fc13f2fc47ec77bc6b2b0d52c11f51192ab8
02-17 17:20:15.177  1068  3032  3056 I SecureElement-AccessRuleCache: findAccessRule() not found
02-17 17:20:15.185  1068  3032  3053 I SecureElement-Terminal-SIM2: isNfcEventAllowed: No access rules for checking.
02-17 17:20:15.192 10091  3134  3134 D StatsLog: LAUNCHER_ALLAPPS_COUNT
02-17 17:20:15.209  1000  1449  2922 I commit_sys_config_file: [appops_accesses,3]
02-17 17:20:15.212  1000  1449  1548 I system_server: Background concurrent mark compact GC freed 11MB AllocSpace bytes, 38(760KB) LOS objects, 75% free, 17MB/70MB, paused 1.018ms,3.574ms total 103.785ms
02-17 17:20:15.213  1000  1449  1550 W system_server: ApkAssets: Deleting an ApkAssets object '<empty> and /system/priv-app/InputDevices/InputDevices.apk' with 1 weak references
02-17 17:20:15.215  1000  1449  1550 W system_server: ApkAssets: Deleting an ApkAssets object '<empty> and /system_ext/app/AccessibilityMenu/AccessibilityMenu.apk' with 1 weak references
02-17 17:20:15.217  1000  1449  1550 W system_server: ApkAssets: Deleting an ApkAssets object '<empty> and /data/app/~~0hqP8GpGf9okTXycl0l9Nw==/android.app.stubs-APeom3JIuBdq-pmpcmVGHg==/base.apk' with 2 weak references
02-17 17:20:15.248 shell   996   996 I auditd  : type=1400 audit(0.0:257): avc:  denied  { search } for  comm=73796E6320737663203231 name="oem" dev="dm-7" ino=43 scontext=u:r:adbd:s0 tcontext=u:object_r:oemfs:s0 tclass=dir permissive=0
02-17 17:20:15.248 shell   996   996 W /apex/com.android.adbd/bin/adbd: type=1400 audit(0.0:257): avc:  denied  { search } for  comm=73796E6320737663203231 name="oem" dev="dm-7" ino=43 scontext=u:r:adbd:s0 tcontext=u:object_r:oemfs:s0 tclass=dir permissive=0
02-17 17:20:15.378  root     1     1 I init    : starting service 'securedpud.slider'...
02-17 17:20:15.391  root     1     1 I init    : ... started service 'securedpud.slider' has pid 7065
02-17 17:20:15.391  root     1     1 I init    : starting service 'trusty_metricsd'...
02-17 17:20:15.398  root     1     1 I init    : ... started service 'trusty_metricsd' has pid 7066
02-17 17:20:15.383  1000  7065  7065 I securedpud.slider: starting securedpud
02-17 17:20:15.383  1000  7065  7065 I securedpud.slider: trusty dev: /dev/trusty-ipc-dev0
02-17 17:20:15.384  1000  7065  7065 I DMABUFHEAPS: Using DMA-BUF heap named: tui-secure
02-17 17:20:15.384  1000  7065  7065 E libtrusty: tipc_connect: can't connect to tipc service "com.android.trusty.secure_dpu" (err=107)
02-17 17:20:15.385  1000  7065  7065 E securedpud.slider: Failed to connect to: /dev/trusty-ipc-dev0
02-17 17:20:15.420  root     1     1 I init    : Service 'securedpud.slider' (pid 7065) exited with status 1
02-17 17:20:15.420  root     1     1 I init    : Sending signal 9 to service 'securedpud.slider' (pid 7065) process group...
02-17 17:20:15.421  root     1     1 I libprocessgroup: Removed cgroup /sys/fs/cgroup/uid_1000/pid_7065
02-17 17:20:15.421  root     1     1 E init    : process with updatable components 'securedpud.slider' exited 4 times in 4 minutes
02-17 17:20:15.424  root     1     1 I init    : processing action (sys.init.updatable_crashing=1) from (/system/etc/init/flags_health_check.rc:10)
02-17 17:20:15.424  root     1     1 I init    : starting service 'exec 313 (/system/bin/flags_health_check UPDATABLE_CRASHING)'...
02-17 17:20:15.428  root     1     1 I init    : ... started service 'exec 313 (/system/bin/flags_health_check UPDATABLE_CRASHING)' has pid 7070
02-17 17:20:15.428  root     1     1 I init    : SVC_EXEC service 'exec 313 (/system/bin/flags_health_check UPDATABLE_CRASHING)' pid 7070 (uid 1000 gid 1000+0 context default) started; waiting...
02-17 17:20:15.401  1000  7066  7066 I trusty_metricsd: starting trusty_metricsd
02-17 17:20:15.402  1000  7066  7066 I trusty_metricsd: trusty dev: /dev/trusty-ipc-dev0
02-17 17:20:15.405  1000  7066  7066 E libtrusty: tipc_connect: can't connect to tipc service "com.android.frameworks.stats.trusty.metrics.istats_setter" (err=107)
02-17 17:20:15.406  1000  7066  7066 E RpcTrusty: Failed to connect to Trusty service. Error code: -107
02-17 17:20:15.406  1000  7066  7066 E RpcTrusty: Failed to set up Trusty client. Error: BAD_VALUE
02-17 17:20:15.406  1000  7066  7066 E trusty_metricsd: failed to connect TrustyMetricsPixel to Trusty: failed to connect to Trusty metrics TA: Transport endpoint is not connected
02-17 17:20:15.406  1000  7066  7066 W RefBase : RefBase: Explicit destruction, weak count = 0 (in 0xb400007b7725bc38). Use sp<> to manage this object.
02-17 17:20:15.406  1000  7066  7066 W RefBase : CallStack::getCurrentInternal not linked, returning null
02-17 17:20:15.406  1000  7066  7066 W RefBase : CallStack::logStackInternal not linked
02-17 17:20:15.406  1000  7066  7066 E trusty_metricsd: failed to open Trusty metrics client
02-17 17:20:15.406  1000  7066  7066 E trusty_metricsd: trying to connect to Trusty metrics TA at old TIPC port
02-17 17:20:15.407  1000  7066  7066 E libtrusty: tipc_connect: can't connect to tipc service "com.android.trusty.metrics" (err=107)
02-17 17:20:15.407  1000  7066  7066 E trusty_metricsd: failed to open TrustyMetricsPixelTipc: failed to connect to Trusty metrics TA: Transport endpoint is not connected
02-17 17:20:15.407  1000  7066  7066 E trusty_metricsd: failed to open Trusty metrics client
02-17 17:20:15.441  root     1     1 I init    : Service 'trusty_metricsd' (pid 7066) exited with status 1
02-17 17:20:15.441  root     1     1 I init    : Sending signal 9 to service 'trusty_metricsd' (pid 7066) process group...
02-17 17:20:15.441  root     1     1 I libprocessgroup: Removed cgroup /sys/fs/cgroup/uid_1000/pid_7066
02-17 17:20:15.441  root     1     1 E init    : process with updatable components 'trusty_metricsd' exited 4 times in 4 minutes
02-17 17:20:15.419  1000  7070  7070 I flags_health_check: ServerConfigurableFlagsReset reset_mode value: 1
02-17 17:20:15.419  1000  7070  7070 I flags_health_check: ServerConfigurableFlagsReset updatable crashing detected, resetting flags.
02-17 17:20:15.460  root     1     1 I init    : Service 'exec 313 (/system/bin/flags_health_check UPDATABLE_CRASHING)' (pid 7070) exited with status 0 waiting took 0.033000 seconds
02-17 17:20:15.460  root     1     1 I init    : Sending signal 9 to service 'exec 313 (/system/bin/flags_health_check UPDATABLE_CRASHING)' (pid 7070) process group...
02-17 17:20:15.460  root     1     1 I libprocessgroup: Removed cgroup /sys/fs/cgroup/uid_1000/pid_7070
02-17 17:20:15.461  root     1     1 I init    : processing action (sys.init.updatable_crashing=1) from (/system/etc/init/flags_health_check.rc:10)
02-17 17:20:15.461  root     1     1 I init    : starting service 'exec 314 (/system/bin/flags_health_check UPDATABLE_CRASHING)'...
