02-17 17:20:17.677 10097  2860  2860 D DisplayRepository: combining enabled=[0], connectedExternalDisplayIds=[], ignored=[]
02-17 17:20:17.678 10131  7198  7214 E TestRunner: failed: testGetHdrCapabilitiesWithUserDisabledFormats(android.display.cts.VirtualDisplayTest)
02-17 17:20:17.678 10131  7198  7214 E TestRunner: ----- begin exception -----
02-17 17:20:17.678 10131  7198  7214 E TestRunner: java.lang.NullPointerException: Attempt to invoke virtual method 'void android.hardware.display.VirtualDisplay.release()' on a null object reference
02-17 17:20:17.678 10131  7198  7214 E TestRunner: 	at android.display.cts.VirtualDisplayTest.testGetHdrCapabilitiesWithUserDisabledFormats(VirtualDisplayTest.java:346)
02-17 17:20:17.678 10131  7198  7214 E TestRunner: 	at java.lang.reflect.Method.invoke(Native Method)
02-17 17:20:17.678 10131  7198  7214 E TestRunner: 	at org.junit.runners.model.FrameworkMethod$1.runReflectiveCall(FrameworkMethod.java:59)
02-17 17:20:17.678 10131  7198  7214 E TestRunner: 	at org.junit.internal.runners.model.ReflectiveCallable.run(ReflectiveCallable.java:12)
02-17 17:20:17.678 10131  7198  7214 E TestRunner: 	at org.junit.runners.model.FrameworkMethod.invokeExplosively(FrameworkMethod.java:61)
02-17 17:20:17.678 10131  7198  7214 E TestRunner: 	at org.junit.internal.runners.statements.InvokeMethod.evaluate(InvokeMethod.java:17)
02-17 17:20:17.678 10131  7198  7214 E TestRunner: 	at org.junit.internal.runners.statements.FailOnTimeout$CallableStatement.call(FailOnTimeout.java:148)
02-17 17:20:17.678 10131  7198  7214 E TestRunner: 	at org.junit.internal.runners.statements.FailOnTimeout$CallableStatement.call(FailOnTimeout.java:142)
02-17 17:20:17.678 10131  7198  7214 E TestRunner: 	at java.util.concurrent.FutureTask.run(FutureTask.java:264)
02-17 17:20:17.678 10131  7198  7214 E TestRunner: 	at java.lang.Thread.run(Thread.java:1012)
02-17 17:20:17.678 10131  7198  7214 E TestRunner: ----- end exception -----
02-17 17:20:17.678 10131  7198  7214 I TestRunner: finished: testGetHdrCapabilitiesWithUserDisabledFormats(android.display.cts.VirtualDisplayTest)
02-17 17:20:17.679  1041   876   876 D audio_hw: adev_set_parameters: enter: screen_state=on
02-17 17:20:17.680 10097  2860  2860 D DisplayRepository: combining enabled=[0], connectedExternalDisplayIds=[], ignored=[]
02-17 17:20:17.680 10131  7198  7214 I TestRunner: started: testUntrustedSysDecorVirtualDisplay(android.display.cts.VirtualDisplayTest)
02-17 17:20:17.682  1000  1449  3740 D DisplayManagerService: Virtual Display: creating DisplayDevice with VirtualDisplayAdapter
02-17 17:20:17.682  1000  1449  3740 W VirtualDisplayAdapter: Private virtual display requires media projection authorization
02-17 17:20:17.683  1000  1449  3740 W DisplayManagerService: Virtual Display: VirtualDisplayAdapter failed to create DisplayDevice
02-17 17:20:17.683 10131  7198  7241 E DisplayManager: Could not create virtual display: VirtualDisplayTest
02-17 17:20:17.683 10131  7198  7214 E TestRunner: failed: testUntrustedSysDecorVirtualDisplay(android.display.cts.VirtualDisplayTest)
02-17 17:20:17.683 10131  7198  7214 E TestRunner: ----- begin exception -----
02-17 17:20:17.684 10131  7198  7214 E TestRunner: java.lang.AssertionError: virtual display must not be null
02-17 17:20:17.684 10131  7198  7214 E TestRunner: 	at org.junit.Assert.fail(Assert.java:89)
02-17 17:20:17.684 10131  7198  7214 E TestRunner: 	at org.junit.Assert.assertTrue(Assert.java:42)
02-17 17:20:17.684 10131  7198  7214 E TestRunner: 	at org.junit.Assert.assertNotNull(Assert.java:713)
02-17 17:20:17.684 10131  7198  7214 E TestRunner: 	at android.display.cts.VirtualDisplayTest.testUntrustedSysDecorVirtualDisplay(VirtualDisplayTest.java:261)
02-17 17:20:17.684 10131  7198  7214 E TestRunner: 	at java.lang.reflect.Method.invoke(Native Method)
02-17 17:20:17.684 10131  7198  7214 E TestRunner: 	at org.junit.runners.model.FrameworkMethod$1.runReflectiveCall(FrameworkMethod.java:59)
02-17 17:20:17.684 10131  7198  7214 E TestRunner: 	at org.junit.internal.runners.model.ReflectiveCallable.run(ReflectiveCallable.java:12)
02-17 17:20:17.684 10131  7198  7214 E TestRunner: 	at org.junit.runners.model.FrameworkMethod.invokeExplosively(FrameworkMethod.java:61)
02-17 17:20:17.684 10131  7198  7214 E TestRunner: 	at org.junit.internal.runners.statements.InvokeMethod.evaluate(InvokeMethod.java:17)
02-17 17:20:17.684 10131  7198  7214 E TestRunner: 	at org.junit.internal.runners.statements.FailOnTimeout$CallableStatement.call(FailOnTimeout.java:148)
02-17 17:20:17.684 10131  7198  7214 E TestRunner: 	at org.junit.internal.runners.statements.FailOnTimeout$CallableStatement.call(FailOnTimeout.java:142)
02-17 17:20:17.684 10131  7198  7214 E TestRunner: 	at java.util.concurrent.FutureTask.run(FutureTask.java:264)
02-17 17:20:17.684 10131  7198  7214 E TestRunner: 	at java.lang.Thread.run(Thread.java:1012)
02-17 17:20:17.684 10131  7198  7214 E TestRunner: ----- end exception -----
02-17 17:20:17.684 10131  7198  7214 I TestRunner: finished: testUntrustedSysDecorVirtualDisplay(android.display.cts.VirtualDisplayTest)
02-17 17:20:17.685 10131  7198  7214 I TestRunner: started: testVirtualDisplayWithRequestedRefreshRate(android.display.cts.VirtualDisplayTest)
02-17 17:20:17.688  1000  1449  2921 D DisplayManagerService: Virtual Display: creating DisplayDevice with VirtualDisplayAdapter
02-17 17:20:17.688  1000  1449  2921 W VirtualDisplayAdapter: Private virtual display requires media projection authorization
02-17 17:20:17.688  1000  1449  2921 W DisplayManagerService: Virtual Display: VirtualDisplayAdapter failed to create DisplayDevice
02-17 17:20:17.688 10131  7198  7243 E DisplayManager: Could not create virtual display: VirtualDisplayTest
02-17 17:20:17.689 10131  7198  7214 E TestRunner: failed: testVirtualDisplayWithRequestedRefreshRate(android.display.cts.VirtualDisplayTest)
02-17 17:20:17.689 10131  7198  7214 E TestRunner: ----- begin exception -----
02-17 17:20:17.689 10131  7198  7214 E TestRunner: java.lang.AssertionError: virtual display must not be null
02-17 17:20:17.689 10131  7198  7214 E TestRunner: 	at org.junit.Assert.fail(Assert.java:89)
02-17 17:20:17.689 10131  7198  7214 E TestRunner: 	at org.junit.Assert.assertTrue(Assert.java:42)
02-17 17:20:17.689 10131  7198  7214 E TestRunner: 	at org.junit.Assert.assertNotNull(Assert.java:713)
02-17 17:20:17.689 10131  7198  7214 E TestRunner: 	at android.display.cts.VirtualDisplayTest.testVirtualDisplayWithRequestedRefreshRate(VirtualDisplayTest.java:307)
02-17 17:20:17.689 10131  7198  7214 E TestRunner: 	at java.lang.reflect.Method.invoke(Native Method)
02-17 17:20:17.689 10131  7198  7214 E TestRunner: 	at org.junit.runners.model.FrameworkMethod$1.runReflectiveCall(FrameworkMethod.java:59)
02-17 17:20:17.689 10131  7198  7214 E TestRunner: 	at org.junit.internal.runners.model.ReflectiveCallable.run(ReflectiveCallable.java:12)
02-17 17:20:17.689 10131  7198  7214 E TestRunner: 	at org.junit.runners.model.FrameworkMethod.invokeExplosively(FrameworkMethod.java:61)
02-17 17:20:17.689 10131  7198  7214 E TestRunner: 	at org.junit.internal.runners.statements.InvokeMethod.evaluate(InvokeMethod.java:17)
02-17 17:20:17.689 10131  7198  7214 E TestRunner: 	at org.junit.internal.runners.statements.FailOnTimeout$CallableStatement.call(FailOnTimeout.java:148)
02-17 17:20:17.689 10131  7198  7214 E TestRunner: 	at org.junit.internal.runners.statements.FailOnTimeout$CallableStatement.call(FailOnTimeout.java:142)
02-17 17:20:17.689 10131  7198  7214 E TestRunner: 	at java.util.concurrent.FutureTask.run(FutureTask.java:264)
02-17 17:20:17.689 10131  7198  7214 E TestRunner: 	at java.lang.Thread.run(Thread.java:1012)
02-17 17:20:17.689 10131  7198  7214 E TestRunner: ----- end exception -----
02-17 17:20:17.689 10131  7198  7214 I TestRunner: finished: testVirtualDisplayWithRequestedRefreshRate(android.display.cts.VirtualDisplayTest)
02-17 17:20:17.690 10131  7198  7214 D ShellHelper: runShellCommand(): settings get --user 0 global are_user_disabled_hdr_formats_allowed
02-17 17:20:17.690 10131  7198  7214 V CtsSystemUtil: Running command: settings get --user 0 global are_user_disabled_hdr_formats_allowed
02-17 17:20:17.717 10131  7198  7214 D UserSettings: [namespace=GLOBAL, user=0]: get(are_user_disabled_hdr_formats_allowed): settings returned 'null', returning 'null'
02-17 17:20:17.717 10131  7198  7214 D ShellHelper: runShellCommand(): settings get --user 0 global user_disabled_hdr_formats
02-17 17:20:17.717 10131  7198  7214 V CtsSystemUtil: Running command: settings get --user 0 global user_disabled_hdr_formats
02-17 17:20:17.742 10131  7198  7214 D UserSettings: [namespace=GLOBAL, user=0]: get(user_disabled_hdr_formats): settings returned '', returning ''
02-17 17:20:17.742 10131  7198  7214 I TestRunner: run finished: 5 tests, 4 failed, 0 ignored
02-17 17:20:17.746  1000  1449  2921 W MagnificationConnectionManager: requestConnection duplicated request: connect=false, mConnectionState=DISCONNECTED
02-17 17:20:17.746  1000  1449  2921 D AccessibilityManagerService: restoreCurrentUserForTestAutomationIfNeededLocked(): ignoring because device doesn't support visible background users
02-17 17:20:17.748  1000  1449  3740 I ActivityManager: Force stopping android.display.cts appid=10131 user=0: finished inst
02-17 17:20:17.748  1000  1449  1449 D BatterySaverPolicy: accessibility changed to false, updating policy.
02-17 17:20:17.749  1000  1449  3740 E ActivityManager: Unable to freeze binder for 7198: -11
02-17 17:20:17.750  1000  1449  1703 D DisplayManagerService: Drop pending events for gone uid 10131
02-17 17:20:17.751 shell  7183  7183 I app_process: System.exit called, status: 0
02-17 17:20:17.751 shell  7183  7183 I AndroidRuntime: VM exiting with result code 0.
02-17 17:20:17.752  1000  1449  3740 I am_uid_stopped: 10131
02-17 17:20:17.752  1000  1449  3740 I ActivityManager: Killing 7198:android.display.cts/u0a131 (adj 0): stop android.display.cts due to finished inst
02-17 17:20:17.753  1000  1449  3740 I am_kill : [0,7198,android.display.cts,0,stop android.display.cts due to finished inst,120212]
02-17 17:20:17.766  root   865   865 I Zygote  : Process 7198 exited due to signal 9 (Killed)
02-17 17:20:17.796  root  4996  4996 I binder  : undelivered TRANSACTION_COMPLETE
02-17 17:20:17.796  root  4996  4996 I binder  : undelivered transaction 211919, process died.
02-17 17:20:17.771  1000  1449  1726 I libprocessgroup: Removed cgroup /sys/fs/cgroup/uid_10131/pid_7198
02-17 17:20:17.780  1000  1449  1863 I commit_sys_config_file: [settings-2-0,5]
02-17 17:20:17.854  1000  1449  1716 I ActivityManager: Force stopping androidx.test.services appid=10133 user=-1: deletePackageX
02-17 17:20:17.856  1000  1449  1716 I am_uid_stopped: 10133
02-17 17:20:17.857  1000  1449  1703 D DisplayManagerService: Drop pending events for gone uid 10133
02-17 17:20:17.857  1000  1449  1716 I ActivityManager: Killing 7162:androidx.test.services/u0a133 (adj 905): stop androidx.test.services due to deletePackageX
02-17 17:20:17.857  1000  1449  1716 I am_kill : [0,7162,androidx.test.services,905,stop androidx.test.services due to deletePackageX,119956]
02-17 17:20:17.859  1017   541   541 I keystore2: system/security/keystore2/src/maintenance.rs:347 - clearNamespace(r#APP, nspace=10133)
02-17 17:20:17.861   hsm   547   562 D libnos_datagram: Calling App 0x02 with params 0x0000
02-17 17:20:17.891  1000  1449  1863 I commit_sys_config_file: [settings-0-0,16]
02-17 17:20:17.895  1000  1449  1726 I libprocessgroup: Removed cgroup /sys/fs/cgroup/uid_10133/pid_7162
02-17 17:20:17.895  root   865   865 I Zygote  : Process 7162 exited due to signal 9 (Killed)
02-17 17:20:17.909   hsm   547   562 D libnos_datagram: App 0x02 returning 0x0
02-17 17:20:17.961  logd  6073  6073 I logd    : start watching /data/system/packages.list ...
02-17 17:20:17.931  1000  1449  1755 I commit_sys_config_file: [package,25]
02-17 17:20:17.933  1000  1449  1755 D PackageManager: Instant App installer not found with android.intent.action.INSTALL_INSTANT_APP_PACKAGE
02-17 17:20:17.933  1000  1449  1755 D PackageManager: Clear ephemeral installer activity
02-17 17:20:17.964  logd  6073  6073 I logd    : ReadPackageList, total packages: 134
02-17 17:20:17.934  1000  1449  4039 E TaskPersister: File error accessing recents directory (directory doesn't exist?).
02-17 17:20:17.936  1000  1449  2921 V ActivityManager: Got obituary of 7162:androidx.test.services
02-17 17:20:17.958  1000  1449  1755 I ActivityManager: Force stopping androidx.test.services appid=10133 user=0: pkg removed
02-17 17:20:17.966  1000  1449  1896 V StorageManagerService: Package androidx.test.services does not have legacy storage
02-17 17:20:17.970 radio  3059  3059 D CarrierSvcBindHelper: onPackageRemoved: androidx.test.services
02-17 17:20:17.970 radio  3059  3268 D EuiccConnector: handleMessage: E msg.what=1
02-17 17:20:17.970 radio  3059  3268 D EuiccConnector: processMsg: UnavailableState
02-17 17:20:17.970 radio  3059  3268 W EuiccConnector: No valid EuiccService implementation found
02-17 17:20:17.970 radio  3059  3268 D EuiccConnector: handleMessage: X
02-17 17:20:17.972  1000  1449  1714 I CredManSysService: updateProvidersWhenPackageRemoved
02-17 17:20:17.972  1000  1449  1714 W CredManSysService: settings key is null
02-17 17:20:17.975 radio  3059  3059 D CarrierSvcBindHelper: No carrier app for: 0
02-17 17:20:17.976   nfc  3543  3543 I RegisteredComponentCache: New Components => 
02-17 17:20:17.976  1000  1449  1714 W MagnificationConnectionManager: requestConnection duplicated request: connect=false, mConnectionState=DISCONNECTED
02-17 17:20:17.976   nfc  3543  3543 I RegisteredComponentCache: ComponentInfo: ResolveInfo{3b36b4 com.android.apps.tag/.TagViewer m=0x108000 userHandle=UserHandle{0}}, techs: android.nfc.tech.Ndef, 
02-17 17:20:17.976   nfc  3543  3543 I RegisteredComponentCache: Removed Components => 
02-17 17:20:17.976   nfc  3543  3543 I RegisteredComponentCache: ComponentInfo: ResolveInfo{3078fa8 com.android.apps.tag/.TagViewer m=0x108000 userHandle=UserHandle{0}}, techs: android.nfc.tech.Ndef, 
02-17 17:20:17.976 radio  3059  3059 D CarrierSvcBindHelper: No carrier app for: 1
02-17 17:20:17.980  1000  1449  1716 D ActivityManager: sync unfroze 3556 com.android.documentsui for 3
02-17 17:20:17.983  1000  1449  1864 I am_unfreeze: [3556,com.android.documentsui,3]
02-17 17:20:17.985 10097  2860  2860 D ControlsListingControllerImpl: ServiceConfig reloaded, count: 0
02-17 17:20:17.987 10111  3526  3526 W MediaProvider: WorkProfileOwnerApps cache is empty
02-17 17:20:17.987 10111  3526  3526 D PickerSyncLockManager: Trying to acquire lock com.android.providers.media.photopicker.sync.CloseableReentrantLock@52c8a12[Unlocked]. Lock Name = CLOUD_PROVIDER_LOCK. Threads that may be waiting to acquire this lock = []
02-17 17:20:17.987 10111  3526  3526 D CloseableReentrantLock: Successfully acquired lock com.android.providers.media.photopicker.sync.CloseableReentrantLock@52c8a12[Locked by thread main]. Lock Name = CLOUD_PROVIDER_LOCK. Threads that may be waiting to acquire this lock = []
02-17 17:20:17.987 10111  3526  3526 D CloseableReentrantLock: Successfully released lock com.android.providers.media.photopicker.sync.CloseableReentrantLock@52c8a12[Unlocked]. Lock Name = CLOUD_PROVIDER_LOCK. Threads that may be waiting to acquire this lock = []
02-17 17:20:17.988  1000  1449  3698 W JobInfo : Job 'com.android.providers.media.module/com.android.providers.media.MediaService#-300' has a deadline with no functional constraints. The deadline won't improve job execution latency. Consider removing the deadline.
02-17 17:20:17.998   nfc  3543  3543 I RegisteredServicesCache: current user: 0, is managed profile : false
02-17 17:20:17.998   nfc  3543  3543 I RegisteredServicesCache: New Other Services => 
02-17 17:20:17.998   nfc  3543  3543 I RegisteredServicesCache: Removed Other Services => 
02-17 17:20:18.007  1000  1449  1750 I commit_sys_config_file: [package-user-0,66]
02-17 17:20:18.013   nfc  3543  3543 I RegisteredServicesCache: New Services => 
02-17 17:20:18.014   nfc  3543  3543 I RegisteredServicesCache: Removed Services => 
02-17 17:20:18.019  1068  3032  3053 D SecureElementService: getReaders() for com.android.nfc
02-17 17:20:18.024  1068  3032  3053 I SecureElement-AccessControlEnforcer: getAccessRule() appCert = 27196e386b875e76adf700e7ea84e4c6eee33dfa
02-17 17:20:18.024  1068  3032  3053 I SecureElement-AccessControlEnforcer: getAccessRule() appCert = c8a2e9bccf597c2fb6dc66bee293fc13f2fc47ec77bc6b2b0d52c11f51192ab8
02-17 17:20:18.024  1068  3032  3053 I SecureElement-AccessRuleCache: findAccessRule() not found
02-17 17:20:18.025  1068  3032  3053 I SecureElement-AccessControlEnforcer: getAccessRule() appCert = 27196e386b875e76adf700e7ea84e4c6eee33dfa
02-17 17:20:18.025  1068  3032  3053 I SecureElement-AccessControlEnforcer: getAccessRule() appCert = c8a2e9bccf597c2fb6dc66bee293fc13f2fc47ec77bc6b2b0d52c11f51192ab8
02-17 17:20:18.025  1068  3032  3053 I SecureElement-AccessRuleCache: findAccessRule() not found
02-17 17:20:18.026  1000  1449  2919 D SafetySourceDataValidat: No cert check requested for package com.android.permissioncontroller
02-17 17:20:18.029  1068  3032  3053 I SecureElement-Terminal-SIM2: isNfcEventAllowed: No access rules for checking.
02-17 17:20:18.038  1000  1449  2787 W WifiService: Couldn't get PackageInfo for package:androidx.test.services
02-17 17:20:18.038  1000  1449  2787 D WifiService: Remove settings for package:androidx.test.services
02-17 17:20:18.038  1000  1449  2787 D WifiConfigManager: Remove all networks for app ApplicationInfo{b9c5997 androidx.test.services}
02-17 17:20:18.038  1000  1449  2787 V WifiScanRequestProxy: Clearing scan request timestamps for uid=10133, packageName=androidx.test.services
02-17 17:20:18.038  1000  1449  1550 W system_server: ApkAssets: Deleting an ApkAssets object '<empty> and /system_ext/app/AccessibilityMenu/AccessibilityMenu.apk' with 1 weak references
02-17 17:20:18.038 10091  3134  3134 D LauncherAppsCallbackImpl: package removed received androidx.test.services
02-17 17:20:18.038 10091  3134  3198 D PackageUpdatedTask: Removing app icon: androidx.test.services
02-17 17:20:18.039 10091  3134  3198 D PackageUpdatedTask: mAllAppsList.removePackage androidx.test.services
02-17 17:20:18.039  1000  1449  1857 I RollbackManager: broadcast=ACTION_PACKAGE_FULLY_REMOVED pkg=androidx.test.services
02-17 17:20:18.039 10091  3134  3198 D ModelWriter: removing items from db . Reason: [removed because the corresponding package or component is removed. mOp=3 removedPackages=[androidx.test.services] removedComponents=[]]
02-17 17:20:18.041  1000  1449  1878 I InputReader: Reconfiguring input devices, changes=KEYBOARD_LAYOUTS
02-17 17:20:18.044  1000  1449  2825 I commit_sys_config_file: [session_index,4]
02-17 17:20:18.044  1000  1449  1550 W system_server: ApkAssets: Deleting an ApkAssets object '<empty> and /product/app/LatinIME/LatinIME.apk' with 1 weak references
02-17 17:20:18.044  1000  1449  2787 D WifiConfigStore: Writing to stores completed in 5 ms.
02-17 17:20:18.044 10107  2868  2868 D PersistedStoragePackageUninstalledReceiver: Received android.intent.action.PACKAGE_FULLY_REMOVED for androidx.test.services for u0
02-17 17:20:18.044  1000  1449  2787 I PasspointManager: No app ops listener found for androidx.test.services
02-17 17:20:18.044  1000  1449  2787 W WifiService: Couldn't get PackageInfo for package:androidx.test.services
02-17 17:20:18.044  1000  1449  2787 D WifiService: Remove settings for package:androidx.test.services
02-17 17:20:18.044  1000  1449  2787 D WifiConfigManager: Remove all networks for app ApplicationInfo{b8de7e4 androidx.test.services}
02-17 17:20:18.044  1000  1449  2787 V WifiScanRequestProxy: Clearing scan request timestamps for uid=10133, packageName=androidx.test.services
02-17 17:20:18.045  1000  1449  1550 W system_server: ApkAssets: Deleting an ApkAssets object '<empty> and /system/priv-app/InputDevices/InputDevices.apk' with 1 weak references
02-17 17:20:18.045  1000  1449  2825 I commit_sys_config_file: [blobs_index,2]
02-17 17:20:18.050  1000  1449  2787 D WifiConfigStore: Writing to stores completed in 4 ms.
02-17 17:20:18.050  1000  1449  2787 I PasspointManager: No app ops listener found for androidx.test.services
02-17 17:20:18.051  1000  1449  1716 I ActivityManager: Force stopping android.display.cts appid=10131 user=-1: deletePackageX
02-17 17:20:18.052  1000  1449  1755 I AppsFilter: interaction: PackageSetting{475c0ad com.android.microdroid.empty_payload/10121} -> PackageSetting{cb5d421 android.display.cts/10131} BLOCKED
02-17 17:20:18.057  1017   541   541 I keystore2: system/security/keystore2/src/maintenance.rs:347 - clearNamespace(r#APP, nspace=10131)
02-17 17:20:18.081  1000  1449  1755 I commit_sys_config_file: [package,10]
02-17 17:20:18.082  1000  1449  1755 D PackageManager: Instant App installer not found with android.intent.action.INSTALL_INSTANT_APP_PACKAGE
02-17 17:20:18.082  1000  1449  1755 D PackageManager: Clear ephemeral installer activity
02-17 17:20:18.083 10111  3526  4015 I MediaProvider: Begin Intent { act=android.intent.action.PACKAGE_FULLY_REMOVED dat=package: flg=0x5000010 cmp=com.android.providers.media.module/com.android.providers.media.MediaService (has extras) }
02-17 17:20:18.112  logd  6073  6073 I logd    : start watching /data/system/packages.list ...
02-17 17:20:18.084  1000  1449  4039 E TaskPersister: File error accessing recents directory (directory doesn't exist?).
02-17 17:20:18.084 10111  3526  4015 D MediaProvider: Deleted 0 Android/media items belonging to androidx.test.services on /data/user/0/com.android.providers.media.module/databases/external.db
02-17 17:20:18.085 10111  3526  4015 I FuseDaemon: Successfully deleted rows in leveldb for owner_id:  and ownerPackageIdentifier: androidx.test.services::0
02-17 17:20:18.086  1000  1449  1449 I Telecom : CarModeTracker: Package androidx.test.services is not tracked.: SSH.oR@AJU
02-17 17:20:18.086  1000  1449  1449 I Telecom : InCallController: updateCarModeForConnections: car mode apps: : SSH.oR@AJU
02-17 17:20:18.086  1000  1449  1449 I Telecom : InCallController: update carmode current:UserHandle{0} parent:null: SSH.oR@AJU
02-17 17:20:18.088 10111  3526  4015 D MediaGrants: Removed 0 media_grants for 0 user for [androidx.test.services]. Reason: Package orphaned
02-17 17:20:18.088 10111  3526  4015 I MediaProvider: End Intent { act=android.intent.action.PACKAGE_FULLY_REMOVED dat=package: flg=0x5000010 cmp=com.android.providers.media.module/com.android.providers.media.MediaService (has extras) }
02-17 17:20:18.118  logd  6073  6073 I logd    : ReadPackageList, total packages: 133
02-17 17:20:18.092  1000  1449  1866 I RoleService: Granting default roles...
02-17 17:20:18.092  1000  1449  2785 I commit_sys_config_file: [net-policy,1]
02-17 17:20:18.092  1000  1449  1716 D ActivityManager: sync unfroze 3879 android.process.media for 3
02-17 17:20:18.093  1000  1449  1864 I am_unfreeze: [3879,android.process.media,3]
02-17 17:20:18.095  1000  1449  2783 W BestClock: java.time.DateTimeException: Missing network time fix
02-17 17:20:18.096  1000  1449  1755 I ActivityManager: Force stopping android.display.cts appid=10131 user=0: pkg removed
02-17 17:20:18.097  root   864   906 I netd    : tetherGetStats() -> {[]} <0.98ms>
02-17 17:20:18.099  1000  1449  1896 V StorageManagerService: Package android.display.cts does not have legacy storage
02-17 17:20:18.105 radio  3059  3268 D EuiccConnector: handleMessage: E msg.what=1
02-17 17:20:18.105 radio  3059  3268 D EuiccConnector: processMsg: UnavailableState
02-17 17:20:18.105 radio  3059  3059 D CarrierSvcBindHelper: onPackageRemoved: android.display.cts
02-17 17:20:18.105 radio  3059  3268 W EuiccConnector: No valid EuiccService implementation found
02-17 17:20:18.105 radio  3059  3268 D EuiccConnector: handleMessage: X
02-17 17:20:18.106  1000  1449  1857 I RollbackManager: broadcast=ACTION_PACKAGE_FULLY_REMOVED pkg=android.display.cts
02-17 17:20:18.106  1000  1449  2787 W WifiService: Couldn't get PackageInfo for package:android.display.cts
02-17 17:20:18.106  1000  1449  2787 D WifiService: Remove settings for package:android.display.cts
02-17 17:20:18.106  1000  1449  2787 D WifiConfigManager: Remove all networks for app ApplicationInfo{b725be3 android.display.cts}
02-17 17:20:18.106  1000  1449  2787 V WifiScanRequestProxy: Clearing scan request timestamps for uid=10131, packageName=android.display.cts
02-17 17:20:18.107 10111  3526  3526 W MediaProvider: WorkProfileOwnerApps cache is empty
02-17 17:20:18.107 10111  3526  3526 D PickerSyncLockManager: Trying to acquire lock com.android.providers.media.photopicker.sync.CloseableReentrantLock@52c8a12[Unlocked]. Lock Name = CLOUD_PROVIDER_LOCK. Threads that may be waiting to acquire this lock = []
02-17 17:20:18.107 10111  3526  3526 D CloseableReentrantLock: Successfully acquired lock com.android.providers.media.photopicker.sync.CloseableReentrantLock@52c8a12[Locked by thread main]. Lock Name = CLOUD_PROVIDER_LOCK. Threads that may be waiting to acquire this lock = []
02-17 17:20:18.107 10111  3526  3526 D CloseableReentrantLock: Successfully released lock com.android.providers.media.photopicker.sync.CloseableReentrantLock@52c8a12[Unlocked]. Lock Name = CLOUD_PROVIDER_LOCK. Threads that may be waiting to acquire this lock = []
02-17 17:20:18.108  1000  1449  1878 I InputReader: Reconfiguring input devices, changes=KEYBOARD_LAYOUTS
02-17 17:20:18.108  1000  1449  1750 I commit_sys_config_file: [package-user-0,27]
02-17 17:20:18.110 radio  3059  3059 D CarrierSvcBindHelper: No carrier app for: 0
02-17 17:20:18.110  1000  1449  2783 I service_manager_slow: [12,time_detector]
02-17 17:20:18.110  1000  1449  2783 W BestClock: java.time.DateTimeException: Missing network time fix
02-17 17:20:18.110  1000  1449  2783 I netstats_mobile_sample: [0,0,0,0,0,0,0,0,1771320018110]
02-17 17:20:18.110  1000  1449  2783 I netstats_wifi_sample: [0,0,0,0,0,0,0,0,1771320018110]
02-17 17:20:18.110 radio  3059  3059 D CarrierSvcBindHelper: No carrier app for: 1
02-17 17:20:18.120 10097  2860  2860 D ControlsListingControllerImpl: ServiceConfig reloaded, count: 0
02-17 17:20:18.124  1000  1449  3698 W JobInfo : Job 'com.android.providers.media.module/com.android.providers.media.MediaService#-300' has a deadline with no functional constraints. The deadline won't improve job execution latency. Consider removing the deadline.
02-17 17:20:18.125  1000  1449  2787 D WifiConfigStore: Writing to stores completed in 18 ms.
02-17 17:20:18.125  1000  1449  2787 I PasspointManager: No app ops listener found for android.display.cts
02-17 17:20:18.125  1000  1449  2787 W WifiService: Couldn't get PackageInfo for package:android.display.cts
02-17 17:20:18.125  1000  1449  2787 D WifiService: Remove settings for package:android.display.cts
02-17 17:20:18.125   nfc  3543  3543 I RegisteredComponentCache: New Components => 
02-17 17:20:18.125  1000  1449  2787 D WifiConfigManager: Remove all networks for app ApplicationInfo{6201379 android.display.cts}
02-17 17:20:18.125   nfc  3543  3543 I RegisteredComponentCache: ComponentInfo: ResolveInfo{96e5657 com.android.apps.tag/.TagViewer m=0x108000 userHandle=UserHandle{0}}, techs: android.nfc.tech.Ndef, 
02-17 17:20:18.125   nfc  3543  3543 I RegisteredComponentCache: Removed Components => 
02-17 17:20:18.125  1000  1449  2787 V WifiScanRequestProxy: Clearing scan request timestamps for uid=10131, packageName=android.display.cts
02-17 17:20:18.125   nfc  3543  3543 I RegisteredComponentCache: ComponentInfo: ResolveInfo{3b36b4 com.android.apps.tag/.TagViewer m=0x108000 userHandle=UserHandle{0}}, techs: android.nfc.tech.Ndef, 
02-17 17:20:18.126  1000  1449  2825 I commit_sys_config_file: [session_index,19]
02-17 17:20:18.126  1000  1449  1755 I AppsFilter: interaction: PackageSetting{475c0ad com.android.microdroid.empty_payload/10121} -> PackageSetting{7dec0c4 android.app.stubs/10132} BLOCKED
02-17 17:20:18.127  1000  1449  2825 I commit_sys_config_file: [blobs_index,1]
02-17 17:20:18.128  1000  1449  1716 I ActivityManager: Force stopping android.app.stubs appid=10132 user=-1: deletePackageX
02-17 17:20:18.129  1000  1449  1755 I PermissionManager: Removing permission android.app.stubs.DYNAMIC_RECEIVER_NOT_EXPORTED_PERMISSION that used to be declared by android.app.stubs
02-17 17:20:18.129  1000  1449  1755 I PermissionManager: Removing permission android.app.stubs.permission.TEST_GRANTED that used to be declared by android.app.stubs
02-17 17:20:18.129  1000  1449  1755 I PermissionManager: Permission ownership changed. Updating all permissions.
02-17 17:20:18.130  1017   541   541 I keystore2: system/security/keystore2/src/maintenance.rs:347 - clearNamespace(r#APP, nspace=10132)
02-17 17:20:18.131  1000  1449  2787 D WifiConfigStore: Writing to stores completed in 4 ms.
02-17 17:20:18.131  1000  1449  2787 I PasspointManager: No app ops listener found for android.display.cts
02-17 17:20:18.152  1000  1449  1755 I commit_sys_config_file: [package,11]
02-17 17:20:18.183  logd  6073  6073 I logd    : start watching /data/system/packages.list ...
02-17 17:20:18.186  logd  6073  6073 I logd    : ReadPackageList, total packages: 132
02-17 17:20:18.161  1000  1449  1449 I notification_cancel_all: [1000,1449,androidx.test.services,0,0,0,5,NULL]
02-17 17:20:18.164  1000  1449  1449 I ConditionProviders: Disallowing condition provider androidx.test.services (userSet: true)
02-17 17:20:18.170  1000  1449  1755 D PackageManager: Instant App installer not found with android.intent.action.INSTALL_INSTANT_APP_PACKAGE
02-17 17:20:18.170  1000  1449  1755 D PackageManager: Clear ephemeral installer activity
02-17 17:20:18.173  1000  1449  1449 I dvm_lock_sample: [system_server,1,main,7,ActivityManagerService.java,15881,int com.android.server.am.ActivityManagerService.broadcastIntentWithFeature(android.app.IApplicationThread, java.lang.String, android.content.Intent, java.lang.String, android.content.IIntentReceiver, int, java.lang.String, android.os.Bundle, java.lang.String[], java.lang.String[], java.lang.String[], int, android.os.Bundle, boolean, boolean, int),-,13934,int com.android.server.am.ActivityManagerService.bindServiceInstance(android.app.IApplicationThread, android.os.IBinder, android.content.Intent, java.lang.String, android.app.IServiceConnection, long, java.lang.String, boolean, int, java.lang.String, android.app.IApplicationThread, java.lang.String, int),1]
02-17 17:20:18.178  1000  1449  1449 I Telecom : CarModeTracker: Package android.display.cts is not tracked.: SSH.oR@AJg
02-17 17:20:18.178  1000  1449  1449 I Telecom : InCallController: updateCarModeForConnections: car mode apps: : SSH.oR@AJg
02-17 17:20:18.178  1000  1449  1449 I Telecom : InCallController: update carmode current:UserHandle{0} parent:null: SSH.oR@AJg
02-17 17:20:18.179  1000  1449  4039 E TaskPersister: File error accessing recents directory (directory doesn't exist?).
02-17 17:20:18.182  1000  1449  1750 I commit_sys_config_file: [package-user-0,29]
02-17 17:20:18.185  1000  1449  1863 I commit_sys_config_file: [settings-2-0,8]
02-17 17:20:18.190  1000  1449  1714 I CredManSysService: updateProvidersWhenPackageRemoved
02-17 17:20:18.190  1000  1449  1714 W CredManSysService: settings key is null
02-17 17:20:18.190  1000  1449  1449 I notification_cancel_all: [1000,1449,android.display.cts,0,0,0,5,NULL]
02-17 17:20:18.192 10111  3526  4015 I MediaProvider: Begin Intent { act=android.intent.action.PACKAGE_FULLY_REMOVED dat=package: flg=0x5000010 cmp=com.android.providers.media.module/com.android.providers.media.MediaService (has extras) }
02-17 17:20:18.193 10111  3526  4015 D MediaProvider: Deleted 0 Android/media items belonging to android.display.cts on /data/user/0/com.android.providers.media.module/databases/external.db
02-17 17:20:18.193 10111  3526  4015 I FuseDaemon: Successfully deleted rows in leveldb for owner_id:  and ownerPackageIdentifier: android.display.cts::0
02-17 17:20:18.194  1000  1449  1449 I ConditionProviders: Disallowing condition provider android.display.cts (userSet: true)
02-17 17:20:18.195  1000  1449  1755 I ActivityManager: Force stopping android.app.stubs appid=10132 user=0: pkg removed
02-17 17:20:18.195  1000  1449  1548 I system_server: Background concurrent mark compact GC freed 9601KB AllocSpace bytes, 56(1864KB) LOS objects, 75% free, 19MB/77MB, paused 1.008ms,2.868ms total 110.734ms
02-17 17:20:18.196 10091  3134  3134 I force_gc: bg
02-17 17:20:18.199  1000  1449  1896 V StorageManagerService: Package android.app.stubs does not have legacy storage
02-17 17:20:18.200 10111  3526  4015 D MediaGrants: Removed 0 media_grants for 0 user for [android.display.cts]. Reason: Package orphaned
02-17 17:20:18.200 10111  3526  4015 I MediaProvider: End Intent { act=android.intent.action.PACKAGE_FULLY_REMOVED dat=package: flg=0x5000010 cmp=com.android.providers.media.module/com.android.providers.media.MediaService (has extras) }
02-17 17:20:18.201   nfc  3543  3543 I RegisteredServicesCache: current user: 0, is managed profile : false
02-17 17:20:18.201   nfc  3543  3543 I RegisteredServicesCache: New Other Services => 
02-17 17:20:18.201   nfc  3543  3543 I RegisteredServicesCache: Removed Other Services => 
02-17 17:20:18.206   nfc  3543  3543 I RegisteredServicesCache: New Services => 
02-17 17:20:18.206   nfc  3543  3543 I RegisteredServicesCache: Removed Services => 
02-17 17:20:18.207  1000  1449  1714 W MagnificationConnectionManager: requestConnection duplicated request: connect=false, mConnectionState=DISCONNECTED
02-17 17:20:18.207  1000  1449  2783 W BestClock: java.time.DateTimeException: Missing network time fix
02-17 17:20:18.209 radio  3059  3059 D CarrierSvcBindHelper: onPackageRemoved: android.app.stubs
02-17 17:20:18.209 radio  3059  3268 D EuiccConnector: handleMessage: E msg.what=1
02-17 17:20:18.210 radio  3059  3268 D EuiccConnector: processMsg: UnavailableState
02-17 17:20:18.210  1041   951  1846 I AF::TrackHandle: opChanged OP_PLAY_AUDIO callback received for 
02-17 17:20:18.211  1041   951  1846 I AF::TrackHandle: opChanged OP_PLAY_AUDIO callback received for 
02-17 17:20:18.211  1041   951  1846 I AF::TrackHandle: opChanged OP_PLAY_AUDIO callback received for 
02-17 17:20:18.211 10091  3134  3134 D LauncherAppsCallbackImpl: package removed received android.display.cts
02-17 17:20:18.212 radio  3059  3268 W EuiccConnector: No valid EuiccService implementation found
02-17 17:20:18.212 radio  3059  3268 D EuiccConnector: handleMessage: X
02-17 17:20:18.212 10091  3134  3198 D PackageUpdatedTask: Removing app icon: android.display.cts
02-17 17:20:18.213 10091  3134  3198 D PackageUpdatedTask: mAllAppsList.removePackage android.display.cts
02-17 17:20:18.213 10091  3134  3198 D ModelWriter: removing items from db . Reason: [removed because the corresponding package or component is removed. mOp=3 removedPackages=[android.display.cts] removedComponents=[]]
02-17 17:20:18.214  1000  1449  2787 W WifiService: Couldn't get PackageInfo for package:android.app.stubs
02-17 17:20:18.214  1000  1449  2787 D WifiService: Remove settings for package:android.app.stubs
02-17 17:20:18.214  1000  1449  2787 D WifiConfigManager: Remove all networks for app ApplicationInfo{a7dc12c android.app.stubs}
02-17 17:20:18.214  1000  1449  2787 V WifiScanRequestProxy: Clearing scan request timestamps for uid=10132, packageName=android.app.stubs
02-17 17:20:18.215 10091  3134  3162 W droid.launcher3: ApkAssets: Deleting an ApkAssets object '<empty> and /data/app/~~0hqP8GpGf9okTXycl0l9Nw==/android.app.stubs-APeom3JIuBdq-pmpcmVGHg==/base.apk' with 1 weak references
02-17 17:20:18.216 radio  3059  3059 D CarrierSvcBindHelper: No carrier app for: 0
02-17 17:20:18.217  1000  1449  1878 I InputReader: Reconfiguring input devices, changes=KEYBOARD_LAYOUTS
02-17 17:20:18.217  1041   951  1846 I AF::TrackHandle: opChanged OP_PLAY_AUDIO callback received for 
02-17 17:20:18.218 radio  3059  3059 D CarrierSvcBindHelper: No carrier app for: 1
02-17 17:20:18.219  root   864   906 I netd    : tetherGetStats() -> {[]} <0.43ms>
02-17 17:20:18.220  1041   951  1846 I AF::TrackHandle: opChanged OP_PLAY_AUDIO callback received for 
02-17 17:20:18.221  1000  1449  1857 I RollbackManager: broadcast=ACTION_PACKAGE_FULLY_REMOVED pkg=android.app.stubs
02-17 17:20:18.222  1041   951  1846 I AF::TrackHandle: opChanged OP_PLAY_AUDIO callback received for 
02-17 17:20:18.225 10111  3526  3526 W MediaProvider: WorkProfileOwnerApps cache is empty
02-17 17:20:18.225 10111  3526  3526 D PickerSyncLockManager: Trying to acquire lock com.android.providers.media.photopicker.sync.CloseableReentrantLock@52c8a12[Unlocked]. Lock Name = CLOUD_PROVIDER_LOCK. Threads that may be waiting to acquire this lock = []
02-17 17:20:18.225 10111  3526  3526 D CloseableReentrantLock: Successfully acquired lock com.android.providers.media.photopicker.sync.CloseableReentrantLock@52c8a12[Locked by thread main]. Lock Name = CLOUD_PROVIDER_LOCK. Threads that may be waiting to acquire this lock = []
02-17 17:20:18.225 10111  3526  3526 D CloseableReentrantLock: Successfully released lock com.android.providers.media.photopicker.sync.CloseableReentrantLock@52c8a12[Unlocked]. Lock Name = CLOUD_PROVIDER_LOCK. Threads that may be waiting to acquire this lock = []
02-17 17:20:18.225 10097  2860  2860 D ControlsListingControllerImpl: ServiceConfig reloaded, count: 0
02-17 17:20:18.226  1041   951  1846 I AF::TrackHandle: opChanged OP_PLAY_AUDIO callback received for 
02-17 17:20:18.227  1041   951  1846 I AF::TrackHandle: opChanged OP_PLAY_AUDIO callback received for 
02-17 17:20:18.227  1000  1449  3740 W JobInfo : Job 'com.android.providers.media.module/com.android.providers.media.MediaService#-300' has a deadline with no functional constraints. The deadline won't improve job execution latency. Consider removing the deadline.
02-17 17:20:18.227  1041   951  1846 I AF::TrackHandle: opChanged OP_PLAY_AUDIO callback received for 
02-17 17:20:18.227  1041   951  1846 I AF::TrackHandle: opChanged OP_PLAY_AUDIO callback received for 
02-17 17:20:18.228  1000  1449  2783 W BestClock: java.time.DateTimeException: Missing network time fix
02-17 17:20:18.228  1041   951  1846 I AF::TrackHandle: opChanged OP_PLAY_AUDIO callback received for 
02-17 17:20:18.228  1000  1449  2783 I netstats_mobile_sample: [0,0,0,0,0,0,0,0,1771320018228]
02-17 17:20:18.228  1000  1449  2783 I netstats_wifi_sample: [0,0,0,0,0,0,0,0,1771320018228]
02-17 17:20:18.228  1041   951  1846 I AF::TrackHandle: opChanged OP_PLAY_AUDIO callback received for 
02-17 17:20:18.228  1041   951  1846 I AF::TrackHandle: opChanged OP_PLAY_AUDIO callback received for 
02-17 17:20:18.228  1000  1449  2785 I commit_sys_config_file: [net-policy,25]
02-17 17:20:18.229  1041   951  1846 I AF::TrackHandle: opChanged OP_PLAY_AUDIO callback received for 
02-17 17:20:18.230  1041   951  1846 I AF::TrackHandle: opChanged OP_PLAY_AUDIO callback received for 
02-17 17:20:18.231  1000  1449  3695 D SafetySourceDataValidat: No cert check requested for package com.android.permissioncontroller
02-17 17:20:18.231  1000  1449  2825 I commit_sys_config_file: [session_index,9]
02-17 17:20:18.232  1000  1449  2787 D WifiConfigStore: Writing to stores completed in 17 ms.
02-17 17:20:18.232  1000  1449  2787 I PasspointManager: No app ops listener found for android.app.stubs
02-17 17:20:18.232  1000  1449  2787 W WifiService: Couldn't get PackageInfo for package:android.app.stubs
02-17 17:20:18.232  1000  1449  2787 D WifiService: Remove settings for package:android.app.stubs
02-17 17:20:18.232  1000  1449  2787 D WifiConfigManager: Remove all networks for app ApplicationInfo{ee422b7 android.app.stubs}
02-17 17:20:18.232  1000  1449  2787 V WifiScanRequestProxy: Clearing scan request timestamps for uid=10132, packageName=android.app.stubs
02-17 17:20:18.232  1000  1449  2825 I commit_sys_config_file: [blobs_index,1]
02-17 17:20:18.233  1068  3032  3053 D SecureElementService: getReaders() for com.android.nfc
02-17 17:20:18.234  1068  3032  3053 I SecureElement-AccessControlEnforcer: getAccessRule() appCert = 27196e386b875e76adf700e7ea84e4c6eee33dfa
02-17 17:20:18.234  1068  3032  3053 I SecureElement-AccessControlEnforcer: getAccessRule() appCert = c8a2e9bccf597c2fb6dc66bee293fc13f2fc47ec77bc6b2b0d52c11f51192ab8
02-17 17:20:18.234  1068  3032  3053 I SecureElement-AccessRuleCache: findAccessRule() not found
02-17 17:20:18.234  1068  3032  3053 I SecureElement-AccessControlEnforcer: getAccessRule() appCert = 27196e386b875e76adf700e7ea84e4c6eee33dfa
02-17 17:20:18.234  1068  3032  3053 I SecureElement-AccessControlEnforcer: getAccessRule() appCert = c8a2e9bccf597c2fb6dc66bee293fc13f2fc47ec77bc6b2b0d52c11f51192ab8
02-17 17:20:18.235  1068  3032  3053 I SecureElement-AccessRuleCache: findAccessRule() not found
02-17 17:20:18.235  1041   951  1846 I AF::TrackHandle: opChanged OP_PLAY_AUDIO callback received for 
02-17 17:20:18.236  1041   951  1846 I AF::TrackHandle: opChanged OP_PLAY_AUDIO callback received for 
02-17 17:20:18.236  1041   951  1846 I AF::TrackHandle: opChanged OP_PLAY_AUDIO callback received for 
02-17 17:20:18.237  1041   951  1846 I AF::TrackHandle: opChanged OP_PLAY_AUDIO callback received for 
02-17 17:20:18.237  1041   951  1846 I AF::TrackHandle: opChanged OP_PLAY_AUDIO callback received for 
02-17 17:20:18.238  1041   951  1846 I AF::TrackHandle: opChanged OP_PLAY_AUDIO callback received for 
02-17 17:20:18.238  1041   951  1846 I AF::TrackHandle: opChanged OP_PLAY_AUDIO callback received for 
02-17 17:20:18.238  1000  1449  2787 D WifiConfigStore: Writing to stores completed in 6 ms.
02-17 17:20:18.238  1041   951  1846 I AF::TrackHandle: opChanged OP_PLAY_AUDIO callback received for 
02-17 17:20:18.238  1000  1449  2787 I PasspointManager: No app ops listener found for android.app.stubs
02-17 17:20:18.239  1041   951  1846 I AF::TrackHandle: opChanged OP_PLAY_AUDIO callback received for 
02-17 17:20:18.239  1068  3032  3053 I SecureElement-Terminal-SIM2: isNfcEventAllowed: No access rules for checking.
02-17 17:20:18.239  1041   951  1846 I AF::TrackHandle: opChanged OP_PLAY_AUDIO callback received for 
02-17 17:20:18.239  1041   951  1846 I AF::TrackHandle: opChanged OP_PLAY_AUDIO callback received for 
02-17 17:20:18.240  1041   951  1846 I AF::TrackHandle: opChanged OP_PLAY_AUDIO callback received for 
02-17 17:20:18.240  1041   951  1846 I AF::TrackHandle: opChanged OP_PLAY_AUDIO callback received for 
02-17 17:20:18.240  1041   951  6558 I AF::TrackHandle: opChanged OP_PLAY_AUDIO callback received for 
02-17 17:20:18.240  1041   951  6558 I AF::TrackHandle: opChanged OP_PLAY_AUDIO callback received for 
02-17 17:20:18.240  1041   951  6558 I AF::TrackHandle: opChanged OP_PLAY_AUDIO callback received for 
02-17 17:20:18.241  1041   951  6558 I AF::TrackHandle: opChanged OP_PLAY_AUDIO callback received for 
02-17 17:20:18.241 10107  2868  2868 D PersistedStoragePackageUninstalledReceiver: Received android.intent.action.PACKAGE_FULLY_REMOVED for android.display.cts for u0
02-17 17:20:18.248   nfc  3543  3543 I RegisteredComponentCache: New Components => 
02-17 17:20:18.248   nfc  3543  3543 I RegisteredComponentCache: ComponentInfo: ResolveInfo{d4d7e6 com.android.apps.tag/.TagViewer m=0x108000 userHandle=UserHandle{0}}, techs: android.nfc.tech.Ndef, 
02-17 17:20:18.248   nfc  3543  3543 I RegisteredComponentCache: Removed Components => 
02-17 17:20:18.249   nfc  3543  3543 I RegisteredComponentCache: ComponentInfo: ResolveInfo{96e5657 com.android.apps.tag/.TagViewer m=0x108000 userHandle=UserHandle{0}}, techs: android.nfc.tech.Ndef, 
02-17 17:20:18.263   nfc  3543  3543 I RegisteredServicesCache: current user: 0, is managed profile : false
02-17 17:20:18.263   nfc  3543  3543 I RegisteredServicesCache: New Other Services => 
02-17 17:20:18.263   nfc  3543  3543 I RegisteredServicesCache: Removed Other Services => 
02-17 17:20:18.265   nfc  3543  3543 I RegisteredServicesCache: New Services => 
02-17 17:20:18.267  1000  1449  1449 I Telecom : CarModeTracker: Package android.app.stubs is not tracked.: SSH.oR@AJs
02-17 17:20:18.267  1000  1449  1449 I Telecom : InCallController: updateCarModeForConnections: car mode apps: : SSH.oR@AJs
02-17 17:20:18.267  1000  1449  1449 I Telecom : InCallController: update carmode current:UserHandle{0} parent:null: SSH.oR@AJs
02-17 17:20:18.268   nfc  3543  3543 I RegisteredServicesCache: Removed Services => 
02-17 17:20:18.269  1000  1449  1449 I notification_cancel_all: [1000,1449,android.app.stubs,0,0,0,5,NULL]
02-17 17:20:18.270  1068  3032  3053 D SecureElementService: getReaders() for com.android.nfc
02-17 17:20:18.270  1000  1449  1449 I ConditionProviders: Disallowing condition provider android.app.stubs (userSet: true)
02-17 17:20:18.272  1041   951  6558 I AF::TrackHandle: opChanged OP_PLAY_AUDIO callback received for 
02-17 17:20:18.272  1000  1449  2783 W BestClock: java.time.DateTimeException: Missing network time fix
02-17 17:20:18.272  1000  1449  3695 D SafetySourceDataValidat: No cert check requested for package com.android.permissioncontroller
02-17 17:20:18.272  1041   951  6558 I AF::TrackHandle: opChanged OP_PLAY_AUDIO callback received for 
02-17 17:20:18.272  1041   951  6558 I AF::TrackHandle: opChanged OP_PLAY_AUDIO callback received for 
02-17 17:20:18.272  1041   951  6558 I AF::TrackHandle: opChanged OP_PLAY_AUDIO callback received for 
02-17 17:20:18.272  1000  1449  2785 I commit_sys_config_file: [net-policy,2]
02-17 17:20:18.272  1041   951  6558 I AF::TrackHandle: opChanged OP_PLAY_AUDIO callback received for 
02-17 17:20:18.273  1041   951  6558 I AF::TrackHandle: opChanged OP_PLAY_AUDIO callback received for 
02-17 17:20:18.273  1041   951  6558 I AF::TrackHandle: opChanged OP_PLAY_AUDIO callback received for 
02-17 17:20:18.273  1041   951  6558 I AF::TrackHandle: opChanged OP_PLAY_AUDIO callback received for 
02-17 17:20:18.273  1041   951  6558 I AF::TrackHandle: opChanged OP_PLAY_AUDIO callback received for 
02-17 17:20:18.273  1041   951  6558 I AF::TrackHandle: opChanged OP_PLAY_AUDIO callback received for 
02-17 17:20:18.273  1068  3032  3053 I SecureElement-AccessControlEnforcer: getAccessRule() appCert = 27196e386b875e76adf700e7ea84e4c6eee33dfa
02-17 17:20:18.273  1041   951  6558 I AF::TrackHandle: opChanged OP_PLAY_AUDIO callback received for 
02-17 17:20:18.273  1041   951  6558 I AF::TrackHandle: opChanged OP_PLAY_AUDIO callback received for 
02-17 17:20:18.273  root   864   906 I netd    : tetherGetStats() -> {[]} <0.88ms>
02-17 17:20:18.273  1041   951  6558 I AF::TrackHandle: opChanged OP_PLAY_AUDIO callback received for 
02-17 17:20:18.273  1068  3032  3053 I SecureElement-AccessControlEnforcer: getAccessRule() appCert = c8a2e9bccf597c2fb6dc66bee293fc13f2fc47ec77bc6b2b0d52c11f51192ab8
02-17 17:20:18.273  1041   951  6558 I AF::TrackHandle: opChanged OP_PLAY_AUDIO callback received for 
02-17 17:20:18.273  1068  3032  3053 I SecureElement-AccessRuleCache: findAccessRule() not found
02-17 17:20:18.274  1041   951  6558 I AF::TrackHandle: opChanged OP_PLAY_AUDIO callback received for 
02-17 17:20:18.274  1041   951  6558 I AF::TrackHandle: opChanged OP_PLAY_AUDIO callback received for 
02-17 17:20:18.274 10111  3526  4015 I MediaProvider: Begin Intent { act=android.intent.action.PACKAGE_FULLY_REMOVED dat=package: flg=0x5000010 cmp=com.android.providers.media.module/com.android.providers.media.MediaService (has extras) }
02-17 17:20:18.274  1068  3032  3053 I SecureElement-AccessControlEnforcer: getAccessRule() appCert = 27196e386b875e76adf700e7ea84e4c6eee33dfa
02-17 17:20:18.274 10111  3526  4015 D MediaProvider: Deleted 0 Android/media items belonging to android.app.stubs on /data/user/0/com.android.providers.media.module/databases/external.db
02-17 17:20:18.274  1068  3032  3053 I SecureElement-AccessControlEnforcer: getAccessRule() appCert = c8a2e9bccf597c2fb6dc66bee293fc13f2fc47ec77bc6b2b0d52c11f51192ab8
02-17 17:20:18.275  1068  3032  3053 I SecureElement-AccessRuleCache: findAccessRule() not found
02-17 17:20:18.275 10111  3526  4015 I FuseDaemon: Successfully deleted rows in leveldb for owner_id:  and ownerPackageIdentifier: android.app.stubs::0
02-17 17:20:18.275  1000  1449  2783 W BestClock: java.time.DateTimeException: Missing network time fix
02-17 17:20:18.275  1000  1449  2783 I netstats_mobile_sample: [0,0,0,0,0,0,0,0,1771320018275]
02-17 17:20:18.275  1000  1449  2783 I netstats_wifi_sample: [0,0,0,0,0,0,0,0,1771320018275]
02-17 17:20:18.276 10111  3526  4015 D MediaGrants: Removed 0 media_grants for 0 user for [android.app.stubs]. Reason: Package orphaned
02-17 17:20:18.276  1068  3032  3053 I SecureElement-Terminal-SIM2: isNfcEventAllowed: No access rules for checking.
02-17 17:20:18.277 10111  3526  4015 I MediaProvider: End Intent { act=android.intent.action.PACKAGE_FULLY_REMOVED dat=package: flg=0x5000010 cmp=com.android.providers.media.module/com.android.providers.media.MediaService (has extras) }
02-17 17:20:18.280 10107  2868  2868 D PersistedStoragePackageUninstalledReceiver: Received android.intent.action.PACKAGE_FULLY_REMOVED for android.app.stubs for u0
02-17 17:20:18.282  1000  1449  1714 I CredManSysService: updateProvidersWhenPackageRemoved
02-17 17:20:18.282  1000  1449  1714 W CredManSysService: settings key is null
02-17 17:20:18.287  1000  1449  1714 W MagnificationConnectionManager: requestConnection duplicated request: connect=false, mConnectionState=DISCONNECTED
02-17 17:20:18.289 10091  3134  3134 D LauncherAppsCallbackImpl: package removed received android.app.stubs
02-17 17:20:18.289 10091  3134  3198 D PackageUpdatedTask: Removing app icon: android.app.stubs
