02-17 17:07:03.936 radio  1085  1247 I RIL     : [RilContext_0] ProcessModemData 
02-17 17:07:03.936 radio  1085  1247 V RIL     : WaitList::Find() found record : token=0x003C SrcService ID =4 DestService ID=4 Result Id=5110
02-17 17:07:03.936 radio  1085  1251 V RIL     : [RilContext_1] SendMessage RIL Request Routing : RCM ID=202 Service ID=4 Message ID=5110 delayMillis=0
02-17 17:07:03.936 radio  1085  1251 V RIL     : [ServiceMgr] msg(0xb40000797d6991f0) msgId=5110 svc=MiscService_1(4) direction=Request
02-17 17:07:03.936 radio  1085  1247 V RIL     : [RilContext_0] SendMessage RCM Response Routing : Type=0001, RCM ID=0x0943 Service ID=4 Message ID=5110
02-17 17:07:03.936 radio  1085  1247 V RIL     : [ServiceMgr] msg(0xb40000797d69bc60) msgId=5110 svc=MiscService_0(4) direction=Response
02-17 17:07:03.936 radio  3059  3059 D Phone   : [1] SubId-1,get allowed network types user: value = GPRS|EDGE|UMTS|CDMA|CDMA - EvDo rev. 0|CDMA - EvDo rev. A|CDMA - 1xRTT|HSDPA|HSUPA|HSPA|CDMA - EvDo rev. B|LTE|CDMA - eHRPD|HSPA+|GSM|LTE_CA|NR
02-17 17:07:03.936 radio  3059  3059 D PhoneFactory: calculatePreferredNetworkType: phoneId = 1 networkType = 850943
02-17 17:07:03.936 radio  1085  1251 V RIL     : [RilContext_1] SendMessage RIL Request Routing : RCM ID=202 Service ID=4 Message ID=5110 delayMillis=0
02-17 17:07:03.936 radio  1085  1234 I RIL     : [MiscService_0] SignalStrengthReportingCriteriaHandler OnResponse()
02-17 17:07:03.936 radio  1085  1234 I RIL     : [RilContext_0] OnRequestComplete 
02-17 17:07:03.936 radio  1085  1234 I RIL     : [RilContext_0] ProcessSolicitedResponse Request ID=202
02-17 17:07:03.936 radio  1085  1234 V RIL     : [RilContext_0] RemoveRequestHistory  token=0x003C
02-17 17:07:03.936 radio  1085  1251 V RIL     : [ServiceMgr] msg(0xb40000797d699110) msgId=5110 svc=MiscService_1(4) direction=Request
02-17 17:07:03.936 radio  3059  3059 D Phone   : [0] Allowed network types for 'carrier' reason is changed by carrier config = GPRS|EDGE|UMTS|CDMA|CDMA - EvDo rev. 0|CDMA - EvDo rev. A|CDMA - 1xRTT|HSDPA|HSUPA|HSPA|CDMA - EvDo rev. B|LTE|CDMA - eHRPD|HSPA+|GSM|LTE_CA
02-17 17:07:03.936 radio  1085  1234 I RIL     : [MiscService_0] SignalStrengthReportingCriteriaHandler OnRequest()
02-17 17:07:03.937 radio  3059  3059 D Phone   : [0] SubId-1,get allowed network types carrier: value = GPRS|EDGE|UMTS|CDMA|CDMA - EvDo rev. 0|CDMA - EvDo rev. A|CDMA - 1xRTT|HSDPA|HSUPA|HSPA|CDMA - EvDo rev. B|LTE|CDMA - eHRPD|HSPA+|GSM|LTE_CA
02-17 17:07:03.937 radio  1085  1234 I RIL     : [RilContext_0] Send 
02-17 17:07:03.937 radio  3059  3059 I CSST    : isNrSupported:  carrierConfigEnabled: true, AccessFamilySupported: false, isNrNetworkTypeAllowed: false
02-17 17:07:03.937 radio  3059  3059 I CSST    : PrefNetworkNotification: sendMessage() w/values: ,false,false,-1,false,true
02-17 17:07:03.937 radio  1085  1234 V RIL     : [RilContext_0] RecordRequestHistory token=0x003E
02-17 17:07:03.937 radio  1085  1234 I RIL     : [RilContext_0] Send 
02-17 17:07:03.937 radio  1085  1251 V RIL     : [RilContext_1] SendMessage RIL Request Routing : RCM ID=202 Service ID=4 Message ID=5110 delayMillis=0
02-17 17:07:03.937 radio  3059  3059 I CSST    : canceling notifications: 1000
02-17 17:07:03.937 radio  1085  1251 V RIL     : [ServiceMgr] msg(0xb40000797d699dc0) msgId=5110 svc=MiscService_1(4) direction=Request
02-17 17:07:03.937 radio  3059  3059 D Phone   : isWifiCallingEnabled =false
02-17 17:07:03.937 radio  3059  3059 D CSST    : isPhoneRegisteredForWifiCalling: false
02-17 17:07:03.937 radio  3059  3059 D Phone   : isWifiCallingEnabled =false
02-17 17:07:03.937 radio  3059  3059 I CSST    : EmergencyNetworkNotification: sendMessage() w/values: ,-1,false,true
02-17 17:07:03.937 radio  1085  1234 V RIL     : [/dev/umts_ipc0][TX] SIT_SET_SIGNAL_STRENGTH_REPORTING_CRITERIA, REQ, 67 bytes, Token(0x003e)
02-17 17:07:03.937 radio  1085  1234 V RIL     :  00 00 43 09 43 00 3e 00   00 00 00 00 b8 0b 00 00  
02-17 17:07:03.937 radio  1085  1234 V RIL     :  02 00 00 00 04 97 ff ff   ff a6 ff ff ff b5 ff ff  
02-17 17:07:03.937 radio  1085  1234 V RIL     :  ff bf ff ff ff 00 00 00   00 00 00 00 00 00 00 00  
02-17 17:07:03.937 radio  1085  1234 V RIL     :  00 00 00 00 00 00 00 00   00 00 00 00 00 05 00 00  
02-17 17:07:03.937 radio  1085  1234 V RIL     :  00 01 01
02-17 17:07:03.937 radio  1085  1264 V RIL     : [/dev/umts_ipc1][RX] SIT_GET_OPERATOR, RSP, 119 bytes, Token(0x003d), OK(RCM_E_SUCCESS)
02-17 17:07:03.937 radio  1085  1264 V RIL     :  01 00 02 07 77 00 3d 00   00 00 00 00 00 00 00 00  
02-17 17:07:03.937 radio  1085  1264 V RIL     :  00 00 00 00 00 00 00 00   00 00 00 00 00 00 00 00  
02-17 17:07:03.937 radio  1085  1264 V RIL     :  00 00 00 00 00 00 00 00   00 00 00 00 00 00 00 00  
02-17 17:07:03.937 radio  1085  1264 V RIL     :  00 00 00 00 00 00 00 00   00 00 00 00 00 00 00 00  
02-17 17:07:03.937 radio  1085  1264 V RIL     :  00 00 00 00 00 00 00 00   00 00 00 00 00 00 00 00  
02-17 17:07:03.937 radio  1085  1264 V RIL     :  00 00 00 00 00 00 00 00   00 00 00 00 00 00 00 00  
02-17 17:07:03.937 radio  1085  1264 V RIL     :  00 00 00 00 00 00 00 00   00 00 00 00 00 00 00 00  
02-17 17:07:03.937 radio  1085  1264 V RIL     :  00 00 00 00 00 00 00
02-17 17:07:03.937 radio  1085  1264 I RIL     : [RilContext_1] ProcessModemData 
02-17 17:07:03.937 radio  3059  3059 I CSST    : canceling notifications: 1001
02-17 17:07:03.937 radio  1085  1264 V RIL     : WaitList::Find() found record : token=0x003D SrcService ID =5 DestService ID=5 Result Id=4005
02-17 17:07:03.937 radio  1085  1264 V RIL     : [RilContext_1] SendMessage RCM Response Routing : Type=0001, RCM ID=0x0702 Service ID=5 Message ID=4005
02-17 17:07:03.937 radio  3059  3059 D Phone   : [1] SubId-1,get allowed network types user: value = GPRS|EDGE|UMTS|CDMA|CDMA - EvDo rev. 0|CDMA - EvDo rev. A|CDMA - 1xRTT|HSDPA|HSUPA|HSPA|CDMA - EvDo rev. B|LTE|CDMA - eHRPD|HSPA+|GSM|LTE_CA|NR
02-17 17:07:03.937 radio  3059  3059 D PhoneFactory: calculatePreferredNetworkType: phoneId = 1 networkType = 850943
02-17 17:07:03.937 radio  1085  1264 V RIL     : [ServiceMgr] msg(0xb40000797d699c00) msgId=4005 svc=NetworkService_1(5) direction=Response
02-17 17:07:03.937 radio  1085  1251 V RIL     : [RilContext_1] SendMessage RIL Request Routing : RCM ID=202 Service ID=4 Message ID=5110 delayMillis=0
02-17 17:07:03.937 radio  1085  1251 V RIL     : [ServiceMgr] msg(0xb40000797d69cec0) msgId=5110 svc=MiscService_1(4) direction=Request
02-17 17:07:03.937 radio  1085  1251 V RIL     : [RilContext_1] SendMessage RIL Request Routing : RCM ID=202 Service ID=4 Message ID=5110 delayMillis=0
02-17 17:07:03.937 radio  1085  1251 V RIL     : [ServiceMgr] msg(0xb40000797d699f10) msgId=5110 svc=MiscService_1(4) direction=Request
02-17 17:07:03.937 radio  3059  3059 D Phone   : [0] Allowed network types for 'carrier' reason is changed by carrier config = GPRS|EDGE|UMTS|CDMA|CDMA - EvDo rev. 0|CDMA - EvDo rev. A|CDMA - 1xRTT|HSDPA|HSUPA|HSPA|CDMA - EvDo rev. B|LTE|CDMA - eHRPD|HSPA+|GSM|LTE_CA
02-17 17:07:03.937 radio  1085  1252 I RIL     : [NetworkService_1] OperatorHandler OnResponse()
02-17 17:07:03.937 radio  3059  3059 D Phone   : [0] SubId-1,get allowed network types carrier: value = GPRS|EDGE|UMTS|CDMA|CDMA - EvDo rev. 0|CDMA - EvDo rev. A|CDMA - 1xRTT|HSDPA|HSUPA|HSPA|CDMA - EvDo rev. B|LTE|CDMA - eHRPD|HSPA+|GSM|LTE_CA
02-17 17:07:03.937 radio  3059  3059 I CSST    : isNrSupported:  carrierConfigEnabled: true, AccessFamilySupported: false, isNrNetworkTypeAllowed: false
02-17 17:07:03.937 radio  3059  3059 I CSST    : PrefNetworkNotification: sendMessage() w/values: ,false,false,-1,false,true
02-17 17:07:03.937 radio  1085  1251 V RIL     : [RilContext_1] SendMessage RIL Request Routing : RCM ID=202 Service ID=4 Message ID=5110 delayMillis=0
02-17 17:07:03.937 radio  1085  1252 V RIL     : Operator {PLMN=, Long PLMN=, Short PLMN=, RegState=0, lac=0, gid1=*, cellInfoType=4, SIM plmm=, spn=, iccid=, isIwlanEn=0}
02-17 17:07:03.937 radio  3059  3059 I CSST    : canceling notifications: 1000
02-17 17:07:03.937 radio  1085  1251 V RIL     : [ServiceMgr] msg(0xb40000797d69a290) msgId=5110 svc=MiscService_1(4) direction=Request
02-17 17:07:03.938 radio  3059  3059 D Phone   : isWifiCallingEnabled =false
02-17 17:07:03.938 radio  3059  3059 D CSST    : isPhoneRegisteredForWifiCalling: false
02-17 17:07:03.938 radio  3059  3059 D Phone   : isWifiCallingEnabled =false
02-17 17:07:03.938 radio  3059  3059 I CSST    : EmergencyNetworkNotification: sendMessage() w/values: ,-1,false,true
02-17 17:07:03.938 radio  1085  1252 I RIL     : [RilContext_1] OnRequestComplete 
02-17 17:07:03.938 radio  1085  1252 I RIL     : [RilContext_1] ProcessSolicitedResponse Request ID=22
02-17 17:07:03.938 radio  1085  1252 D RILC    : RequestComplete, RIL_SOCKET_2
02-17 17:07:03.938 radio  1085  1251 V RIL     : [RilContext_1] SendMessage RIL Request Routing : RCM ID=202 Service ID=4 Message ID=5110 delayMillis=0
02-17 17:07:03.938 radio  1085  1252 E RILC    : Calling responseFunction() for token 63
02-17 17:07:03.938 radio  3059  3059 I CSST    : canceling notifications: 1001
02-17 17:07:03.938 radio  1085  1251 V RIL     : [ServiceMgr] msg(0xb40000797d69b870) msgId=5110 svc=MiscService_1(4) direction=Request
02-17 17:07:03.938 radio  1085  1252 D RILC-HIDL: HidlHalNetworkResponse::getOperatorResponse: serial 63
02-17 17:07:03.938 radio  1085  1251 V RIL     : [RilContext_1] SendMessage RIL Request Routing : RCM ID=202 Service ID=4 Message ID=5110 delayMillis=0
02-17 17:07:03.938 radio  1085  1252 D RILC-AIDL_SERVICE: RadioNetworkResponseHook::getOperatorResponse mNetworkCb=0xb40000791d6a59e8
02-17 17:07:03.938 radio  1085  1251 V RIL     : [ServiceMgr] msg(0xb40000797d69a220) msgId=5110 svc=MiscService_1(4) direction=Request
02-17 17:07:03.938 radio  1085  1251 I RIL     : [RilContext_1] OnRequestComplete 
02-17 17:07:03.938 radio  1085  1251 I RIL     : [RilContext_1] ProcessSolicitedResponse Request ID=10164
02-17 17:07:03.938 radio  1085  1251 D RILC    : RequestComplete, RIL_SOCKET_2
02-17 17:07:03.938 radio  1085  1252 V RIL     : [RilContext_1] RemoveRequestHistory  token=0x003D
02-17 17:07:03.938 radio  3059  3102 D RILJ    : [0063]< OPERATOR {, , } [PHONE1]
02-17 17:07:03.938 radio  1085  1251 E RILC    : Calling responseFunction() for token 61
02-17 17:07:03.938 radio  1085  1251 D RILC-AIDL_SERVICE: SetSignalStrengthReportingCriteriaCommand::onResponse: serial 61
02-17 17:07:03.938 radio  3059  3059 D EmergencyNumberTracker: [1]updateRadioEmergencyNumberListAndNotify(): receiving []
02-17 17:07:03.938 radio  3059  3102 D RILJ    : [0061]< SET_SIGNAL_STRENGTH_REPORTING_CRITERIA  [PHONE1]
02-17 17:07:03.938 radio  1085  1252 V RIL     : [RilContext_1] GetService return service(3)
02-17 17:07:03.938 radio  1085  1251 I RIL     : [MiscService_1] OemSignalStrengthReportingCriteriaHandler OnRequest()
02-17 17:07:03.938 radio  1085  1251 V RIL     : [RilContext_1] SendMessage RIL Request Routing : RCM ID=202 Service ID=4 Message ID=5110 delayMillis=0
02-17 17:07:03.938 radio  1085  1252 V RIL     : [RilContext_1] GetService return service(3)
02-17 17:07:03.938 radio  3059  3059 D RILJ    : [0067]> SEND_DEVICE_STATE 1:true [PHONE1]
02-17 17:07:03.938 radio  1085  1251 V RIL     : [ServiceMgr] msg(0xb40000797d69b100) msgId=5110 svc=MiscService_1(4) direction=Request
02-17 17:07:03.938 radio  1085  1252 V RIL     : [RilContext_1] GetService return service(3)
02-17 17:07:03.938 radio  1085  1252 I RIL     : [DbEccInfoLoader_1] LoadDbEccInfo() SIM DB ECC ID:        , hasPresence: false, last DB ECC ID: DEFAULT_DB_ECC
02-17 17:07:03.938 radio  1085  1085 D RILC    : sendDeviceState: serial 67
02-17 17:07:03.938 radio  1085  1252 I RIL     : [DbEccInfoLoader_1] LoadDbEccInfo() NET DB ECC ID:        , hasPresence: false, last DB ECC ID: DEFAULT_DB_ECC
02-17 17:07:03.938 radio  1085  1085 I RILC-CommandInfo: getCommandInfo found {request=138 halVer=00}
02-17 17:07:03.938 radio  1085  1251 V RIL     : [RilContext_1] SendMessage RIL Request Routing : RCM ID=202 Service ID=4 Message ID=5110 delayMillis=0
02-17 17:07:03.938 radio  3059  3059 D RILJ    : [0068]> SEND_DEVICE_STATE 2:false [PHONE1]
02-17 17:07:03.939 radio  1085  1251 V RIL     : [ServiceMgr] msg(0xb40000797d699ab0) msgId=5110 svc=MiscService_1(4) direction=Request
02-17 17:07:03.939 radio  1085  1085 V RIL     : [RilContext_1] SendMessage RIL Request Routing : RCM ID=138 Service ID=4 Message ID=5011 delayMillis=0
02-17 17:07:03.939 radio  1085  1085 V RIL     : [ServiceMgr] msg(0xb40000797d69bb80) msgId=5011 svc=MiscService_1(4) direction=Request
02-17 17:07:03.939 radio  1085  1252 I RIL     : [NetworkService_1] DoQueryNetworkSelectionMode()
02-17 17:07:03.939 radio  1085  1252 I RIL     : [RilContext_1] Send 
02-17 17:07:03.939 radio  1085  1252 V RIL     : [RilContext_1] RecordRequestHistory token=0x003F
02-17 17:07:03.939 radio  1085  1085 D RILC    : sendDeviceState: serial 68
02-17 17:07:03.939 radio  1085  1252 I RIL     : [RilContext_1] Send 
02-17 17:07:03.939 radio  1085  1085 I RILC-CommandInfo: getCommandInfo found {request=138 halVer=00}
02-17 17:07:03.939 radio  1085  1252 V RIL     : [/dev/umts_ipc1][TX] SIT_GET_NTW_MODE, REQ, 12 bytes, Token(0x003f)
02-17 17:07:03.939 radio  1085  1252 V RIL     :  00 00 03 07 0c 00 3f 00   00 00 00 00
02-17 17:07:03.939 radio  3059  3059 D RILJ    : [0069]> SEND_DEVICE_STATE 0:false [PHONE1]
02-17 17:07:03.939 radio  1085  1085 V RIL     : [RilContext_1] SendMessage RIL Request Routing : RCM ID=138 Service ID=4 Message ID=5011 delayMillis=0
02-17 17:07:03.939 radio  1085  1085 V RIL     : [ServiceMgr] msg(0xb40000797d69aa70) msgId=5011 svc=MiscService_1(4) direction=Request
02-17 17:07:03.939 radio  1085  1085 D RILC    : sendDeviceState: serial 69
02-17 17:07:03.939 radio  1085  1085 I RILC-CommandInfo: getCommandInfo found {request=138 halVer=00}
02-17 17:07:03.939 radio  1085  1085 V RIL     : [RilContext_1] SendMessage RIL Request Routing : RCM ID=138 Service ID=4 Message ID=5011 delayMillis=0
02-17 17:07:03.939 radio  1085  1085 V RIL     : [ServiceMgr] msg(0xb40000797d699b20) msgId=5011 svc=MiscService_1(4) direction=Request
02-17 17:07:03.939 radio  1085  1251 V RIL     : [RilContext_1] SendMessage RIL Request Routing : RCM ID=202 Service ID=4 Message ID=5110 delayMillis=0
02-17 17:07:03.939 radio  1085  1251 V RIL     : [ServiceMgr] msg(0xb40000797d698540) msgId=5110 svc=MiscService_1(4) direction=Request
02-17 17:07:03.939 radio  1085  1251 V RIL     : [RilContext_1] SendMessage RIL Request Routing : RCM ID=202 Service ID=4 Message ID=5110 delayMillis=0
02-17 17:07:03.939 radio  1085  1251 V RIL     : [ServiceMgr] msg(0xb40000797d696080) msgId=5110 svc=MiscService_1(4) direction=Request
02-17 17:07:03.939 radio  1085  1251 V RIL     : [RilContext_1] SendMessage RIL Request Routing : RCM ID=202 Service ID=4 Message ID=5110 delayMillis=0
02-17 17:07:03.939 radio  1085  1251 V RIL     : [ServiceMgr] msg(0xb40000797d69b090) msgId=5110 svc=MiscService_1(4) direction=Request
02-17 17:07:03.939 radio  1085  1251 V RIL     : [RilContext_1] SendMessage RIL Request Routing : RCM ID=202 Service ID=4 Message ID=5110 delayMillis=0
02-17 17:07:03.939 radio  1085  1251 V RIL     : [ServiceMgr] msg(0xb40000797d69c9f0) msgId=5110 svc=MiscService_1(4) direction=Request
02-17 17:07:03.939 radio  1085  1251 V RIL     : [RilContext_1] SendMessage RIL Request Routing : RCM ID=202 Service ID=4 Message ID=5110 delayMillis=0
02-17 17:07:03.939 radio  1085  1251 V RIL     : [ServiceMgr] msg(0xb40000797d698e00) msgId=5110 svc=MiscService_1(4) direction=Request
02-17 17:07:03.939 radio  1085  1251 V RIL     : [RilContext_1] SendMessage RIL Request Routing : RCM ID=202 Service ID=4 Message ID=5110 delayMillis=0
02-17 17:07:03.939 radio  1085  1251 V RIL     : [ServiceMgr] msg(0xb40000797d699730) msgId=5110 svc=MiscService_1(4) direction=Request
02-17 17:07:03.939 radio  1085  1251 V RIL     : [RilContext_1] SendMessage RIL Request Routing : RCM ID=202 Service ID=4 Message ID=5110 delayMillis=0
02-17 17:07:03.939 radio  1085  1251 V RIL     : [ServiceMgr] msg(0xb40000797d697f90) msgId=5110 svc=MiscService_1(4) direction=Request
02-17 17:07:03.939 radio  1085  1247 V RIL     : [/dev/umts_ipc0][RX] SIT_SET_SIGNAL_STRENGTH_REPORTING_CRITERIA, RSP, 12 bytes, Token(0x003e), OK(RCM_E_SUCCESS)
02-17 17:07:03.939 radio  1085  1247 V RIL     :  01 00 43 09 0c 00 3e 00   00 00 00 00
02-17 17:07:03.939 radio  1085  1247 I RIL     : [RilContext_0] ProcessModemData 
02-17 17:07:03.939 radio  1085  1251 V RIL     : [RilContext_1] SendMessage RIL Request Routing : RCM ID=202 Service ID=4 Message ID=5110 delayMillis=0
02-17 17:07:03.939 radio  1085  1251 V RIL     : [ServiceMgr] msg(0xb40000797d69a8b0) msgId=5110 svc=MiscService_1(4) direction=Request
02-17 17:07:03.939 radio  1085  1247 V RIL     : WaitList::Find() found record : token=0x003E SrcService ID =4 DestService ID=4 Result Id=5110
02-17 17:07:03.940 radio  1085  1251 I RIL     : [RilContext_1] OnRequestComplete 
02-17 17:07:03.940 radio  1085  1251 I RIL     : [RilContext_1] ProcessSolicitedResponse Request ID=10164
02-17 17:07:03.940 radio  1085  1247 V RIL     : [RilContext_0] SendMessage RCM Response Routing : Type=0001, RCM ID=0x0943 Service ID=4 Message ID=5110
02-17 17:07:03.940 radio  1085  1247 V RIL     : [ServiceMgr] msg(0xb40000797d69ae60) msgId=5110 svc=MiscService_0(4) direction=Response
02-17 17:07:03.940 radio  1085  1251 D RILC    : RequestComplete, RIL_SOCKET_2
02-17 17:07:03.940 radio  1085  1251 E RILC    : Calling responseFunction() for token 62
02-17 17:07:03.940 radio  1085  1251 D RILC-AIDL_SERVICE: SetSignalStrengthReportingCriteriaCommand::onResponse: serial 62
02-17 17:07:03.940 radio  1085  1251 I RIL     : [MiscService_1] SignalStrengthReportingCriteriaHandler OnRequest()
02-17 17:07:03.940 radio  1085  1251 I RIL     : [RilContext_1] Send 
02-17 17:07:03.940 radio  1085  1251 V RIL     : [RilContext_1] RecordRequestHistory token=0x0040
02-17 17:07:03.940 radio  1085  1251 I RIL     : [RilContext_1] Send 
02-17 17:07:03.940 radio  1085  1251 V RIL     : [/dev/umts_ipc1][TX] SIT_SET_SIGNAL_STRENGTH_REPORTING_CRITERIA, REQ, 67 bytes, Token(0x0040)
02-17 17:07:03.940 radio  1085  1251 V RIL     :  00 00 43 09 43 00 40 00   00 00 00 00 b8 0b 00 00  
02-17 17:07:03.940 radio  1085  1251 V RIL     :  02 00 00 00 04 93 ff ff   ff 99 ff ff ff 9f ff ff  
02-17 17:07:03.940 radio  1085  1251 V RIL     :  ff a7 ff ff ff 00 00 00   00 00 00 00 00 00 00 00  
02-17 17:07:03.940 radio  1085  1251 V RIL     :  00 00 00 00 00 00 00 00   00 00 00 00 00 01 00 00  
02-17 17:07:03.940 radio  1085  1251 V RIL     :  00 01 01
02-17 17:07:03.940 radio  3059  3102 D RILJ    : [0062]< SET_SIGNAL_STRENGTH_REPORTING_CRITERIA  [PHONE1]
02-17 17:07:03.940 radio  1085  1234 I RIL     : [MiscService_0] SignalStrengthReportingCriteriaHandler OnResponse()
02-17 17:07:03.940 radio  1085  1234 I RIL     : [RilContext_0] OnRequestComplete 
02-17 17:07:03.940 radio  1085  1234 I RIL     : [RilContext_0] ProcessSolicitedResponse Request ID=202
02-17 17:07:03.940 radio  1085  1234 V RIL     : [RilContext_0] RemoveRequestHistory  token=0x003E
02-17 17:07:03.940 radio  1085  1234 I RIL     : [MiscService_0] SignalStrengthReportingCriteriaHandler OnRequest()
02-17 17:07:03.940 radio  1085  1234 I RIL     : [RilContext_0] Send 
02-17 17:07:03.940 radio  1085  1234 V RIL     : [RilContext_0] RecordRequestHistory token=0x0041
02-17 17:07:03.940 radio  1085  1234 I RIL     : [RilContext_0] Send 
02-17 17:07:03.940 radio  1085  1234 V RIL     : [/dev/umts_ipc0][TX] SIT_SET_SIGNAL_STRENGTH_REPORTING_CRITERIA, REQ, 67 bytes, Token(0x0041)
02-17 17:07:03.940 radio  1085  1234 V RIL     :  00 00 43 09 43 00 41 00   00 00 00 00 b8 0b 00 00  
02-17 17:07:03.940 radio  1085  1234 V RIL     :  02 00 00 00 00 00 00 00   00 00 00 00 00 00 00 00  
02-17 17:07:03.940 radio  1085  1234 V RIL     :  00 00 00 00 00 00 00 00   00 00 00 00 00 00 00 00  
02-17 17:07:03.940 radio  1085  1234 V RIL     :  00 00 00 00 00 00 00 00   00 00 00 00 00 03 00 00  
02-17 17:07:03.940 radio  1085  1234 V RIL     :  00 04 00
02-17 17:07:03.941 radio  3059  3059 D RILJ    : [0070]> SET_UNSOLICITED_RESPONSE_FILTER -1 [PHONE1]
02-17 17:07:03.941 radio  1085  1085 D RILC    : setIndicationFilter_1_5: 70
02-17 17:07:03.941 radio  1085  1085 I RILC-CommandInfo: getCommandInfo found {request=139 halVer=15}
02-17 17:07:03.941 radio  1085  1085 V RIL     : [RilContext_1] SendMessage RIL Request Routing : RCM ID=139 Service ID=4 Message ID=5101 delayMillis=0
02-17 17:07:03.941 radio  1085  1085 V RIL     : [ServiceMgr] msg(0xb40000797d69c520) msgId=5101 svc=MiscService_1(4) direction=Request
02-17 17:07:03.941 radio  3059  3059 D RILJ    : [0071]> SET_LINK_CAPACITY_REPORTING_CRITERIA [PHONE1]
02-17 17:07:03.941 radio  1085  1085 D RILC    : setLinkCapacityReportingCriteria_1_5: 71
02-17 17:07:03.941 radio  1085  1085 I RILC-CommandInfo: getCommandInfo found {request=203 halVer=15}
02-17 17:07:03.941 radio  1085  1085 V RIL     : [RilContext_1] SendMessage RIL Request Routing : RCM ID=203 Service ID=4 Message ID=5113 delayMillis=0
02-17 17:07:03.941 radio  1085  1085 V RIL     : [ServiceMgr] msg(0xb40000797d69b5d0) msgId=5113 svc=MiscService_1(4) direction=Request
02-17 17:07:03.941 radio  3059  3059 D RILJ    : [0072]> SET_LINK_CAPACITY_REPORTING_CRITERIA [PHONE1]
02-17 17:07:03.941 radio  1085  1085 D RILC    : setLinkCapacityReportingCriteria_1_5: 72
02-17 17:07:03.941 radio  1085  1085 I RILC-CommandInfo: getCommandInfo found {request=203 halVer=15}
02-17 17:07:03.941 radio  1085  1085 V RIL     : [RilContext_1] SendMessage RIL Request Routing : RCM ID=203 Service ID=4 Message ID=5113 delayMillis=0
02-17 17:07:03.941 radio  1085  1085 V RIL     : [ServiceMgr] msg(0xb40000797d69b8e0) msgId=5113 svc=MiscService_1(4) direction=Request
02-17 17:07:03.941 radio  3059  3059 D RILJ    : [0073]> SET_LINK_CAPACITY_REPORTING_CRITERIA [PHONE1]
02-17 17:07:03.941 radio  1085  1264 V RIL     : [/dev/umts_ipc1][RX] SIT_GET_NTW_MODE, RSP, 16 bytes, Token(0x003f), OK(RCM_E_SUCCESS)
02-17 17:07:03.941 radio  1085  1264 V RIL     :  01 00 03 07 10 00 3f 00   00 00 00 00 00 00 00 00  
02-17 17:07:03.941 radio  1085  1264 I RIL     : [RilContext_1] ProcessModemData 
02-17 17:07:03.942 radio  1085  1085 D RILC    : setLinkCapacityReportingCriteria_1_5: 73
02-17 17:07:03.942 radio  1085  1264 V RIL     : WaitList::Find() found record : token=0x003F SrcService ID =5 DestService ID=5 Result Id=4010
02-17 17:07:03.942 radio  1085  1085 I RILC-CommandInfo: getCommandInfo found {request=203 halVer=15}
02-17 17:07:03.942 radio  1085  1264 V RIL     : [RilContext_1] SendMessage RCM Response Routing : Type=0001, RCM ID=0x0703 Service ID=5 Message ID=4010
02-17 17:07:03.942 radio  3059  3059 D RILJ    : [0074]> SET_LINK_CAPACITY_REPORTING_CRITERIA [PHONE1]
02-17 17:07:03.942 radio  1085  1264 V RIL     : [ServiceMgr] msg(0xb40000797d69a0d0) msgId=4010 svc=NetworkService_1(5) direction=Response
02-17 17:07:03.942 radio  1085  1085 V RIL     : [RilContext_1] SendMessage RIL Request Routing : RCM ID=203 Service ID=4 Message ID=5113 delayMillis=0
02-17 17:07:03.942 radio  1085  1085 V RIL     : [ServiceMgr] msg(0xb40000797d698ee0) msgId=5113 svc=MiscService_1(4) direction=Request
02-17 17:07:03.942 radio  3059  3059 D RILJ    : [0075]> SET_LINK_CAPACITY_REPORTING_CRITERIA [PHONE1]
02-17 17:07:03.942 radio  1085  1252 I RIL     : [NetworkService_1] OnQueryNetworkSelectionModeDone()
02-17 17:07:03.942 radio  1085  1085 D RILC    : setLinkCapacityReportingCriteria_1_5: 74
02-17 17:07:03.942 radio  1085  1085 I RILC-CommandInfo: getCommandInfo found {request=203 halVer=15}
02-17 17:07:03.942 radio  1085  1252 V RIL     : NetworkSelectionMode=Automatic(0x00)
02-17 17:07:03.942 radio  1085  1252 I RIL     : [RilContext_1] OnRequestComplete 
02-17 17:07:03.942 radio  1085  1252 I RIL     : [RilContext_1] ProcessSolicitedResponse Request ID=45
02-17 17:07:03.942 radio  1085  1252 D RILC    : RequestComplete, RIL_SOCKET_2
02-17 17:07:03.942 radio  1085  1085 V RIL     : [RilContext_1] SendMessage RIL Request Routing : RCM ID=203 Service ID=4 Message ID=5113 delayMillis=0
02-17 17:07:03.942 radio  1085  1252 E RILC    : Calling responseFunction() for token 64
02-17 17:07:03.942 radio  3059  3059 D RILJ    : [0076]> SEND_DEVICE_STATE 1:true [PHONE1]
02-17 17:07:03.942 radio  1085  1085 V RIL     : [ServiceMgr] msg(0xb40000797d69b410) msgId=5113 svc=MiscService_1(4) direction=Request
02-17 17:07:03.942 radio  1085  1252 D RILC-HIDL: HidlHalNetworkResponse::getNetworkSelectionModeResponse: serial 64
02-17 17:07:03.942 radio  1085  1085 D RILC    : sendDeviceState: serial 76
02-17 17:07:03.942 radio  1085  1252 D RILC-AIDL_SERVICE: RadioNetworkResponseHook::getNetworkSelectionModeResponse mNetworkCb=0xb40000791d6a59e8
02-17 17:07:03.942 radio  1085  1085 I RILC-CommandInfo: getCommandInfo found {request=138 halVer=00}
02-17 17:07:03.942 radio  1085  1085 V RIL     : [RilContext_1] SendMessage RIL Request Routing : RCM ID=138 Service ID=4 Message ID=5011 delayMillis=0
02-17 17:07:03.942 radio  3059  3059 D RILJ    : [0077]> SEND_DEVICE_STATE 2:false [PHONE1]
02-17 17:07:03.942 radio  3059  3091 D RILJ    : [0064]< QUERY_NETWORK_SELECTION_MODE {0} [PHONE1]
02-17 17:07:03.942 radio  1085  1085 V RIL     : [ServiceMgr] msg(0xb40000797d699260) msgId=5011 svc=MiscService_1(4) direction=Request
02-17 17:07:03.942 radio  1085  1252 V RIL     : [RilContext_1] RemoveRequestHistory  token=0x003F
02-17 17:07:03.942 radio  1085  1085 D RILC    : setLinkCapacityReportingCriteria_1_5: 75
02-17 17:07:03.942 radio  1085  1085 I RILC-CommandInfo: getCommandInfo found {request=203 halVer=15}
02-17 17:07:03.942 radio  3059  3059 D RILJ    : [0078]> SEND_DEVICE_STATE 0:false [PHONE1]
02-17 17:07:03.942 radio  1085  1252 I RIL     : [NetworkService_1] OperatorHandler OnRequest()
02-17 17:07:03.942 radio  1085  1252 I RIL     : [RilContext_1] Send 
02-17 17:07:03.942 radio  1085  1252 V RIL     : [RilContext_1] RecordRequestHistory token=0x0042
02-17 17:07:03.942 radio  1085  1252 I RIL     : [RilContext_1] Send 
02-17 17:07:03.942 radio  3059  3059 D RILJ    : [0079]> SET_UNSOLICITED_RESPONSE_FILTER -1 [PHONE1]
02-17 17:07:03.943 radio  1085  1264 V RIL     : [/dev/umts_ipc1][RX] SIT_SET_SIGNAL_STRENGTH_REPORTING_CRITERIA, RSP, 12 bytes, Token(0x0040), OK(RCM_E_SUCCESS)
02-17 17:07:03.943 radio  1085  1264 V RIL     :  01 00 43 09 0c 00 40 00   00 00 00 00
02-17 17:07:03.943 radio  1085  1264 I RIL     : [RilContext_1] ProcessModemData 
02-17 17:07:03.943 radio  1085  1264 V RIL     : WaitList::Find() found record : token=0x0040 SrcService ID =4 DestService ID=4 Result Id=5110
02-17 17:07:03.943 radio  1085  1264 V RIL     : [RilContext_1] SendMessage RCM Response Routing : Type=0001, RCM ID=0x0943 Service ID=4 Message ID=5110
02-17 17:07:03.943 radio  1085  1252 V RIL     : [/dev/umts_ipc1][TX] SIT_GET_OPERATOR, REQ, 12 bytes, Token(0x0042)
02-17 17:07:03.943 radio  1085  1252 V RIL     :  00 00 02 07 0c 00 42 00   00 00 00 00
02-17 17:07:03.943 radio  3059  3059 D RILJ    : [0080]> SET_LINK_CAPACITY_REPORTING_CRITERIA [PHONE1]
02-17 17:07:03.943 radio  1085  1085 V RIL     : [RilContext_1] SendMessage RIL Request Routing : RCM ID=203 Service ID=4 Message ID=5113 delayMillis=0
02-17 17:07:03.943 radio  1085  1085 V RIL     : [ServiceMgr] msg(0xb40000797d699ea0) msgId=5113 svc=MiscService_1(4) direction=Request
02-17 17:07:03.943 radio  3059  3059 D RILJ    : [0081]> SET_LINK_CAPACITY_REPORTING_CRITERIA [PHONE1]
02-17 17:07:03.943 radio  1085  1264 V RIL     : [ServiceMgr] msg(0xb40000797d69af40) msgId=5110 svc=MiscService_1(4) direction=Response
02-17 17:07:03.943 radio  1085  1247 V RIL     : [/dev/umts_ipc0][RX] SIT_SET_SIGNAL_STRENGTH_REPORTING_CRITERIA, RSP, 12 bytes, Token(0x0041), OK(RCM_E_SUCCESS)
02-17 17:07:03.943 radio  1085  1247 V RIL     :  01 00 43 09 0c 00 41 00   00 00 00 00
02-17 17:07:03.943 radio  1085  1247 I RIL     : [RilContext_0] ProcessModemData 
02-17 17:07:03.943 radio  1085  1247 V RIL     : WaitList::Find() found record : token=0x0041 SrcService ID =4 DestService ID=4 Result Id=5110
02-17 17:07:03.943 radio  1085  1251 I RIL     : [MiscService_1] SignalStrengthReportingCriteriaHandler OnResponse()
02-17 17:07:03.943 radio  3059  3059 D RILJ    : [0082]> SET_LINK_CAPACITY_REPORTING_CRITERIA [PHONE1]
02-17 17:07:03.943 radio  1085  1085 D RILC    : sendDeviceState: serial 77
02-17 17:07:03.943 radio  1085  1251 I RIL     : [RilContext_1] OnRequestComplete 
02-17 17:07:03.943 radio  1085  1085 I RILC-CommandInfo: getCommandInfo found {request=138 halVer=00}
02-17 17:07:03.943 radio  1085  1251 I RIL     : [RilContext_1] ProcessSolicitedResponse Request ID=202
02-17 17:07:03.943 radio  1085  1085 V RIL     : [RilContext_1] SendMessage RIL Request Routing : RCM ID=138 Service ID=4 Message ID=5011 delayMillis=0
02-17 17:07:03.943 radio  1085  1085 V RIL     : [ServiceMgr] msg(0xb40000797d6997a0) msgId=5011 svc=MiscService_1(4) direction=Request
02-17 17:07:03.943 radio  3059  3059 D RILJ    : [0083]> SET_LINK_CAPACITY_REPORTING_CRITERIA [PHONE1]
02-17 17:07:03.943 radio  1085  1085 D RILC    : setIndicationFilter_1_5: 79
02-17 17:07:03.943 radio  1085  1247 V RIL     : [RilContext_0] SendMessage RCM Response Routing : Type=0001, RCM ID=0x0943 Service ID=4 Message ID=5110
02-17 17:07:03.943 radio  1085  1085 I RILC-CommandInfo: getCommandInfo found {request=139 halVer=15}
02-17 17:07:03.943 radio  1085  1085 V RIL     : [RilContext_1] SendMessage RIL Request Routing : RCM ID=139 Service ID=4 Message ID=5101 delayMillis=0
02-17 17:07:03.943 radio  1085  1251 V RIL     : [RilContext_1] RemoveRequestHistory  token=0x0040
02-17 17:07:03.943 radio  3059  3059 D RILJ    : [0084]> SET_LINK_CAPACITY_REPORTING_CRITERIA [PHONE1]
02-17 17:07:03.943 radio  1085  1251 I RIL     : [MiscService_1] SignalStrengthReportingCriteriaHandler OnRequest()
02-17 17:07:03.943 radio  1085  1251 I RIL     : [RilContext_1] Send 
02-17 17:07:03.943 radio  3059  3059 D NetworkTypeController: [1] DefaultState: process EVENT_INITIALIZE
02-17 17:07:03.943 radio  1085  1251 V RIL     : [RilContext_1] RecordRequestHistory token=0x0043
02-17 17:07:03.943 radio  1085  1251 I RIL     : [RilContext_1] Send 
02-17 17:07:03.943 radio  1085  1247 V RIL     : [ServiceMgr] msg(0xb40000797d699e30) msgId=5110 svc=MiscService_0(4) direction=Response
02-17 17:07:03.943 radio  1085  1085 V RIL     : [ServiceMgr] msg(0xb40000797d69af40) msgId=5101 svc=MiscService_1(4) direction=Request
02-17 17:07:03.943 radio  1085  1251 V RIL     : [/dev/umts_ipc1][TX] SIT_SET_SIGNAL_STRENGTH_REPORTING_CRITERIA, REQ, 67 bytes, Token(0x0043)
02-17 17:07:03.943 radio  1085  1251 V RIL     :  00 00 43 09 43 00 43 00   00 00 00 00 b8 0b 00 00  
02-17 17:07:03.943 radio  1085  1251 V RIL     :  02 00 00 00 04 8e ff ff   ff 98 ff ff ff a2 ff ff  
02-17 17:07:03.943 radio  1085  1251 V RIL     :  ff ac ff ff ff 00 00 00   00 00 00 00 00 00 00 00  
02-17 17:07:03.943 radio  1085  1251 V RIL     :  00 00 00 00 00 00 00 00   00 00 00 00 00 02 00 00  
02-17 17:07:03.943 radio  1085  1251 V RIL     :  00 02 01
02-17 17:07:03.943 radio  1085  1085 D RILC    : sendDeviceState: serial 78
02-17 17:07:03.943 radio  1085  1085 I RILC-CommandInfo: getCommandInfo found {request=138 halVer=00}
02-17 17:07:03.943 radio  1085  1234 I RIL     : [MiscService_0] SignalStrengthReportingCriteriaHandler OnResponse()
02-17 17:07:03.943 radio  1085  1234 I RIL     : [RilContext_0] OnRequestComplete 
02-17 17:07:03.944 radio  1085  1234 I RIL     : [RilContext_0] ProcessSolicitedResponse Request ID=202
02-17 17:07:03.944 radio  1085  1234 V RIL     : [RilContext_0] RemoveRequestHistory  token=0x0041
02-17 17:07:03.944 radio  1085  1085 V RIL     : [RilContext_1] SendMessage RIL Request Routing : RCM ID=138 Service ID=4 Message ID=5011 delayMillis=0
02-17 17:07:03.944 radio  1085  1085 V RIL     : [ServiceMgr] msg(0xb40000797d69ad10) msgId=5011 svc=MiscService_1(4) direction=Request
02-17 17:07:03.944 radio  1085  1234 I RIL     : [MiscService_0] SignalStrengthReportingCriteriaHandler OnRequest()
02-17 17:07:03.944 radio  1085  1085 D RILC    : setLinkCapacityReportingCriteria_1_5: 80
02-17 17:07:03.944 radio  1085  1085 I RILC-CommandInfo: getCommandInfo found {request=203 halVer=15}
02-17 17:07:03.944 radio  1085  1234 I RIL     : [RilContext_0] Send 
02-17 17:07:03.944 radio  1085  1085 V RIL     : [RilContext_1] SendMessage RIL Request Routing : RCM ID=203 Service ID=4 Message ID=5113 delayMillis=0
02-17 17:07:03.944  1000  1449  2909 W TelephonyRegistry: Pid 3059 has exceeded half the number of permissible registered listeners. Now at 68
02-17 17:07:03.944 radio  1085  1085 V RIL     : [ServiceMgr] msg(0xb40000797d69aa00) msgId=5113 svc=MiscService_1(4) direction=Request
02-17 17:07:03.944 radio  1085  1085 D RILC    : setLinkCapacityReportingCriteria_1_5: 81
02-17 17:07:03.944 radio  1085  1234 V RIL     : [RilContext_0] RecordRequestHistory token=0x0044
02-17 17:07:03.944 radio  1085  1085 I RILC-CommandInfo: getCommandInfo found {request=203 halVer=15}
02-17 17:07:03.944 radio  1085  1234 I RIL     : [RilContext_0] Send 
02-17 17:07:03.944 radio  1085  1234 V RIL     : [/dev/umts_ipc0][TX] SIT_SET_SIGNAL_STRENGTH_REPORTING_CRITERIA, REQ, 67 bytes, Token(0x0044)
02-17 17:07:03.944 radio  1085  1234 V RIL     :  00 00 43 09 43 00 44 00   00 00 00 00 b8 0b 00 00  
02-17 17:07:03.944 radio  1085  1234 V RIL     :  02 00 00 00 04 fd ff ff   ff 01 00 00 00 05 00 00  
02-17 17:07:03.944 radio  1085  1234 V RIL     :  00 0d 00 00 00 00 00 00   00 00 00 00 00 00 00 00  
02-17 17:07:03.944 radio  1085  1234 V RIL     :  00 00 00 00 00 00 00 00   00 00 00 00 00 03 00 00  
02-17 17:07:03.944 radio  1085  1234 V RIL     :  00 05 01
02-17 17:07:03.944 radio  1085  1085 V RIL     : [RilContext_1] SendMessage RIL Request Routing : RCM ID=203 Service ID=4 Message ID=5113 delayMillis=0
02-17 17:07:03.944 radio  1085  1085 V RIL     : [ServiceMgr] msg(0xb40000797d69bf00) msgId=5113 svc=MiscService_1(4) direction=Request
02-17 17:07:03.944 radio  1085  1085 D RILC    : setLinkCapacityReportingCriteria_1_5: 82
02-17 17:07:03.944 radio  3059  3059 D NetworkTypeController: [1] mOverrideTimerRules: {connected={mState=connected, mOverrideType=NR_NSA, mPrimaryTimers={}, mSecondaryTimers={}}, not_restricted_rrc_con={mState=not_restricted_rrc_con, mOverrideType=NR_NSA, mPrimaryTimers={}, mSecondaryTimers={}}, legacy={mState=legacy, mOverrideType=NONE, mPrimaryTimers={}, mSecondaryTimers={}}, not_restricted_rrc_idle={mState=not_restricted_rrc_idle, mOverrideType=NR_NSA, mPrimaryTimers={}, mSecondaryTimers={}}, restricted={mState=restricted, mOverrideType=NONE, mPrimaryTimers={}, mSecondaryTimers={}}, connected_mmwave={mState=connected_mmwave, mOverrideType=NR_NSA, mPrimaryTimers={}, mSecondaryTimers={}}, connected_rrc_idle={mState=connected_rrc_idle, mOverrideType=NR_NSA, mPrimaryTimers={}, mSecondaryTimers={}}}
02-17 17:07:03.944 radio  1085  1085 I RILC-CommandInfo: getCommandInfo found {request=203 halVer=15}
02-17 17:07:03.944 radio  3059  3059 D NetworkTypeController: [1] Physical channel configs updated: not updating PCC fields for empty PCC list indicating RRC idle.
02-17 17:07:03.944 radio  3059  3059 D NetworkTypeController: [1] DefaultState: process EVENT_UPDATE
02-17 17:07:03.944 radio  3059  3059 D NetworkTypeController: [1] Entering LegacyState
02-17 17:07:03.944 radio  1085  1085 V RIL     : [RilContext_1] SendMessage RIL Request Routing : RCM ID=203 Service ID=4 Message ID=5113 delayMillis=0
02-17 17:07:03.944 radio  3059  3059 D DSM-I-1 : onServiceConnected: ComponentInfo{com.google.android.iwlan/com.google.android.iwlan.IwlanDataService}
02-17 17:07:03.944 radio  1085  1085 V RIL     : [ServiceMgr] msg(0xb40000797d69a450) msgId=5113 svc=MiscService_1(4) direction=Request
02-17 17:07:03.944 radio  1085  1085 D RILC    : setLinkCapacityReportingCriteria_1_5: 83
02-17 17:07:03.944 radio  1085  1085 I RILC-CommandInfo: getCommandInfo found {request=203 halVer=15}
02-17 17:07:03.944 radio  1085  1085 V RIL     : [RilContext_1] SendMessage RIL Request Routing : RCM ID=203 Service ID=4 Message ID=5113 delayMillis=0
02-17 17:07:03.944 radio  1085  1085 V RIL     : [ServiceMgr] msg(0xb40000797d69d080) msgId=5113 svc=MiscService_1(4) direction=Request
02-17 17:07:03.945 radio  1085  1085 D RILC    : setLinkCapacityReportingCriteria_1_5: 84
02-17 17:07:03.945 radio  1085  1085 I RILC-CommandInfo: getCommandInfo found {request=203 halVer=15}
02-17 17:07:03.945 radio  1085  1085 V RIL     : [RilContext_1] SendMessage RIL Request Routing : RCM ID=203 Service ID=4 Message ID=5113 delayMillis=0
02-17 17:07:03.945 radio  1085  1085 V RIL     : [ServiceMgr] msg(0xb40000797d697eb0) msgId=5113 svc=MiscService_1(4) direction=Request
02-17 17:07:03.945  1000  1449  2909 W TelephonyRegistry: Pid 3059 has exceeded half the number of permissible registered listeners. Now at 69
02-17 17:07:03.945  1000  1449  2909 D TelephonyRegistry: listen oscl: mHasNotifySubscriptionInfoChangedOccurred==false no callback
02-17 17:07:03.945 radio  3059  3059 D DSMGR-1 : getDataEnabled during provisioning retVal=false - (false, 0)
02-17 17:07:03.945 radio  3059  3059 D DSMGR-1 : mIsDataEnabled=false, prevDataEnabled=false
02-17 17:07:03.945 radio  3059  3059 D DSMGR-1 : notifyDataEnabledChanged: enabled=false, reason=UNKNOWN, callingPackage=com.android.phone
02-17 17:07:03.945 radio  3059  3059 D DRM-1   : Remove all retry and throttling entries, reason=RADIO_ON
02-17 17:07:03.946  1000  1449  2909 W TelephonyRegistry: Pid 3059 has exceeded half the number of permissible registered listeners. Now at 70
02-17 17:07:03.946  1000  1449  2909 D TelephonyRegistry: listen oscl: mHasNotifySubscriptionInfoChangedOccurred==false no callback
02-17 17:07:03.946 radio  3059  3059 D CarrierResolver: handleMessage: 2
02-17 17:07:03.952 radio  1085  1247 V RIL     : [/dev/umts_ipc0][RX] SIT_SET_SIGNAL_STRENGTH_REPORTING_CRITERIA, RSP, 12 bytes, Token(0x0044), OK(RCM_E_SUCCESS)
02-17 17:07:03.952 radio  1085  1247 V RIL     :  01 00 43 09 0c 00 44 00   00 00 00 00
02-17 17:07:03.952 radio  1085  1247 I RIL     : [RilContext_0] ProcessModemData 
02-17 17:07:03.952 radio  1085  1264 V RIL     : [/dev/umts_ipc1][RX] SIT_GET_OPERATOR, RSP, 119 bytes, Token(0x0042), OK(RCM_E_SUCCESS)
02-17 17:07:03.952 radio  1085  1264 V RIL     :  01 00 02 07 77 00 42 00   00 00 00 00 00 00 00 00  
02-17 17:07:03.952 radio  1085  1264 V RIL     :  00 00 00 00 00 00 00 00   00 00 00 00 00 00 00 00  
02-17 17:07:03.952 radio  1085  1264 V RIL     :  00 00 00 00 00 00 00 00   00 00 00 00 00 00 00 00  
02-17 17:07:03.952 radio  1085  1264 V RIL     :  00 00 00 00 00 00 00 00   00 00 00 00 00 00 00 00  
02-17 17:07:03.952 radio  1085  1264 V RIL     :  00 00 00 00 00 00 00 00   00 00 00 00 00 00 00 00  
02-17 17:07:03.952 radio  1085  1264 V RIL     :  00 00 00 00 00 00 00 00   00 00 00 00 00 00 00 00  
02-17 17:07:03.952 radio  1085  1264 V RIL     :  00 00 00 00 00 00 00 00   00 00 00 00 00 00 00 00  
02-17 17:07:03.952 radio  1085  1264 V RIL     :  00 00 00 00 00 00 00
02-17 17:07:03.952 radio  1085  1264 I RIL     : [RilContext_1] ProcessModemData 
02-17 17:07:03.952 radio  1085  1264 V RIL     : WaitList::Find() found record : token=0x0042 SrcService ID =5 DestService ID=5 Result Id=4005
02-17 17:07:03.952 radio  1085  1247 V RIL     : WaitList::Find() found record : token=0x0044 SrcService ID =4 DestService ID=4 Result Id=5110
02-17 17:07:03.952 radio  1085  1247 V RIL     : [RilContext_0] SendMessage RCM Response Routing : Type=0001, RCM ID=0x0943 Service ID=4 Message ID=5110
02-17 17:07:03.952 radio  1085  1247 V RIL     : [ServiceMgr] msg(0xb40000797d698850) msgId=5110 svc=MiscService_0(4) direction=Response
02-17 17:07:03.952 radio  1085  1264 V RIL     : [RilContext_1] SendMessage RCM Response Routing : Type=0001, RCM ID=0x0702 Service ID=5 Message ID=4005
02-17 17:07:03.953 radio  1085  1234 I RIL     : [MiscService_0] SignalStrengthReportingCriteriaHandler OnResponse()
02-17 17:07:03.953 radio  1085  1234 I RIL     : [RilContext_0] OnRequestComplete 
02-17 17:07:03.953 radio  1085  1234 I RIL     : [RilContext_0] ProcessSolicitedResponse Request ID=202
02-17 17:07:03.953 radio  1085  1234 V RIL     : [RilContext_0] RemoveRequestHistory  token=0x0044
02-17 17:07:03.953 radio  1085  1264 V RIL     : [ServiceMgr] msg(0xb40000797d699030) msgId=4005 svc=NetworkService_1(5) direction=Response
02-17 17:07:03.953 radio  1085  1234 I RIL     : [MiscService_0] SignalStrengthReportingCriteriaHandler OnRequest()
02-17 17:07:03.953 radio  1085  1234 I RIL     : [RilContext_0] Send 
02-17 17:07:03.953 radio  1085  1234 V RIL     : [RilContext_0] RecordRequestHistory token=0x0045
02-17 17:07:03.953 radio  1085  1234 I RIL     : [RilContext_0] Send 
02-17 17:07:03.953 radio  1085  1264 V RIL     : [/dev/umts_ipc1][RX] SIT_SET_SIGNAL_STRENGTH_REPORTING_CRITERIA, RSP, 12 bytes, Token(0x0043), OK(RCM_E_SUCCESS)
02-17 17:07:03.953 radio  1085  1264 V RIL     :  01 00 43 09 0c 00 43 00   00 00 00 00
02-17 17:07:03.953 radio  1085  1234 V RIL     : [/dev/umts_ipc0][TX] SIT_SET_SIGNAL_STRENGTH_REPORTING_CRITERIA, REQ, 67 bytes, Token(0x0045)
02-17 17:07:03.953 radio  1085  1234 V RIL     :  00 00 43 09 43 00 45 00   00 00 00 00 b8 0b 00 00  
02-17 17:07:03.953 radio  1085  1234 V RIL     :  02 00 00 00 04 92 ff ff   ff a6 ff ff ff b0 ff ff  
02-17 17:07:03.953 radio  1085  1234 V RIL     :  ff bf ff ff ff 00 00 00   00 00 00 00 00 00 00 00  
02-17 17:07:03.953 radio  1085  1234 V RIL     :  00 00 00 00 00 00 00 00   00 00 00 00 00 04 00 00  
02-17 17:07:03.953 radio  1085  1234 V RIL     :  00 06 01
02-17 17:07:03.953 radio  1085  1264 I RIL     : [RilContext_1] ProcessModemData 
02-17 17:07:03.953 radio  1085  1264 V RIL     : WaitList::Find() found record : token=0x0043 SrcService ID =4 DestService ID=4 Result Id=5110
02-17 17:07:03.953 radio  1085  1252 I RIL     : [NetworkService_1] OperatorHandler OnResponse()
02-17 17:07:03.953 radio  1085  1264 V RIL     : [RilContext_1] SendMessage RCM Response Routing : Type=0001, RCM ID=0x0943 Service ID=4 Message ID=5110
02-17 17:07:03.953 radio  1085  1264 V RIL     : [ServiceMgr] msg(0xb40000797d699ce0) msgId=5110 svc=MiscService_1(4) direction=Response
02-17 17:07:03.953 radio  1085  1252 V RIL     : Operator {PLMN=, Long PLMN=, Short PLMN=, RegState=0, lac=0, gid1=*, cellInfoType=4, SIM plmm=, spn=, iccid=, isIwlanEn=0}
02-17 17:07:03.953 radio  1085  1251 I RIL     : [MiscService_1] SignalStrengthReportingCriteriaHandler OnResponse()
02-17 17:07:03.953 radio  1085  1252 I RIL     : [RilContext_1] OnRequestComplete 
02-17 17:07:03.953 radio  1085  1252 I RIL     : [RilContext_1] ProcessSolicitedResponse Request ID=22
02-17 17:07:03.953 radio  1085  1252 D RILC    : RequestComplete, RIL_SOCKET_2
02-17 17:07:03.953 radio  1085  1252 E RILC    : Calling responseFunction() for token 65
02-17 17:07:03.953 radio  1085  1251 I RIL     : [RilContext_1] OnRequestComplete 
02-17 17:07:03.953 radio  1085  1252 D RILC-HIDL: HidlHalNetworkResponse::getOperatorResponse: serial 65
02-17 17:07:03.953 radio  1085  1252 D RILC-AIDL_SERVICE: RadioNetworkResponseHook::getOperatorResponse mNetworkCb=0xb40000791d6a59e8
02-17 17:07:03.953 radio  1085  1251 I RIL     : [RilContext_1] ProcessSolicitedResponse Request ID=202
02-17 17:07:03.953 radio  1085  1251 V RIL     : [RilContext_1] RemoveRequestHistory  token=0x0043
02-17 17:07:03.953 radio  1085  1252 V RIL     : [RilContext_1] RemoveRequestHistory  token=0x0042
02-17 17:07:03.953 radio  1085  1251 I RIL     : [MiscService_1] SignalStrengthReportingCriteriaHandler OnRequest()
02-17 17:07:03.953 radio  3059  3091 D RILJ    : [0065]< OPERATOR {, , } [PHONE1]
02-17 17:07:03.954 radio  1085  1252 V RIL     : [RilContext_1] GetService return service(3)
02-17 17:07:03.954 radio  1085  1252 V RIL     : [RilContext_1] GetService return service(3)
02-17 17:07:03.954 radio  1085  1252 V RIL     : [RilContext_1] GetService return service(3)
02-17 17:07:03.954 radio  1085  1252 I RIL     : [DbEccInfoLoader_1] LoadDbEccInfo() SIM DB ECC ID:        , hasPresence: false, last DB ECC ID: DEFAULT_DB_ECC
02-17 17:07:03.954 radio  1085  1252 I RIL     : [DbEccInfoLoader_1] LoadDbEccInfo() NET DB ECC ID:        , hasPresence: false, last DB ECC ID: DEFAULT_DB_ECC
02-17 17:07:03.954 radio  1085  1252 I RIL     : [NetworkService_1] DoQueryNetworkSelectionMode()
02-17 17:07:03.954 radio  1085  1252 I RIL     : [RilContext_1] Send 
02-17 17:07:03.954 radio  1085  1252 V RIL     : [RilContext_1] RecordRequestHistory token=0x0047
02-17 17:07:03.954 radio  1085  1252 I RIL     : [RilContext_1] Send 
02-17 17:07:03.954 radio  1085  1252 V RIL     : [/dev/umts_ipc1][TX] SIT_GET_NTW_MODE, REQ, 12 bytes, Token(0x0047)
02-17 17:07:03.954 radio  1085  1252 V RIL     :  00 00 03 07 0c 00 47 00   00 00 00 00
02-17 17:07:03.954 radio  1085  1251 I RIL     : [RilContext_1] Send 
02-17 17:07:03.954 radio  1085  1251 V RIL     : [RilContext_1] RecordRequestHistory token=0x0046
02-17 17:07:03.954 radio  1085  1251 I RIL     : [RilContext_1] Send 
02-17 17:07:03.954 radio  1085  1251 V RIL     : [/dev/umts_ipc1][TX] SIT_SET_SIGNAL_STRENGTH_REPORTING_CRITERIA, REQ, 67 bytes, Token(0x0046)
02-17 17:07:03.954 radio  1085  1251 V RIL     :  00 00 43 09 43 00 46 00   00 00 00 00 b8 0b 00 00  
02-17 17:07:03.954 radio  1085  1251 V RIL     :  02 00 00 00 04 80 ff ff   ff 8a ff ff ff 94 ff ff  
02-17 17:07:03.954 radio  1085  1251 V RIL     :  ff 9e ff ff ff 00 00 00   00 00 00 00 00 00 00 00  
02-17 17:07:03.954 radio  1085  1251 V RIL     :  00 00 00 00 00 00 00 00   00 00 00 00 00 03 00 00  
02-17 17:07:03.954 radio  1085  1251 V RIL     :  00 03 01
02-17 17:07:03.955 radio  1085  1247 V RIL     : [/dev/umts_ipc0][RX] SIT_SET_SIGNAL_STRENGTH_REPORTING_CRITERIA, RSP, 12 bytes, Token(0x0045), OK(RCM_E_SUCCESS)
02-17 17:07:03.955 radio  1085  1247 V RIL     :  01 00 43 09 0c 00 45 00   00 00 00 00
02-17 17:07:03.955 radio  1085  1247 I RIL     : [RilContext_0] ProcessModemData 
02-17 17:07:03.955 radio  1085  1247 V RIL     : WaitList::Find() found record : token=0x0045 SrcService ID =4 DestService ID=4 Result Id=5110
02-17 17:07:03.955 radio  1085  1247 V RIL     : [RilContext_0] SendMessage RCM Response Routing : Type=0001, RCM ID=0x0943 Service ID=4 Message ID=5110
02-17 17:07:03.955 radio  1085  1247 V RIL     : [ServiceMgr] msg(0xb40000797d699ce0) msgId=5110 svc=MiscService_0(4) direction=Response
02-17 17:07:03.955 radio  1085  1234 I RIL     : [MiscService_0] SignalStrengthReportingCriteriaHandler OnResponse()
02-17 17:07:03.956 radio  1085  1234 I RIL     : [RilContext_0] OnRequestComplete 
02-17 17:07:03.956 radio  1085  1234 I RIL     : [RilContext_0] ProcessSolicitedResponse Request ID=202
02-17 17:07:03.956 radio  1085  1234 V RIL     : [RilContext_0] RemoveRequestHistory  token=0x0045
02-17 17:07:03.956 radio  1085  1234 I RIL     : [MiscService_0] SignalStrengthReportingCriteriaHandler OnRequest()
02-17 17:07:03.956 radio  1085  1234 I RIL     : [RilContext_0] Send 
02-17 17:07:03.956 radio  1085  1234 V RIL     : [RilContext_0] RecordRequestHistory token=0x0048
02-17 17:07:03.956 radio  1085  1234 I RIL     : [RilContext_0] Send 
02-17 17:07:03.956 radio  1085  1234 V RIL     : [/dev/umts_ipc0][TX] SIT_SET_SIGNAL_STRENGTH_REPORTING_CRITERIA, REQ, 67 bytes, Token(0x0048)
02-17 17:07:03.956 radio  1085  1234 V RIL     :  00 00 43 09 43 00 48 00   00 00 00 00 b8 0b 00 00  
02-17 17:07:03.956 radio  1085  1234 V RIL     :  02 00 00 00 00 00 00 00   00 00 00 00 00 00 00 00  
02-17 17:07:03.956 radio  1085  1234 V RIL     :  00 00 00 00 00 00 00 00   00 00 00 00 00 00 00 00  
02-17 17:07:03.956 radio  1085  1234 V RIL     :  00 00 00 00 00 00 00 00   00 00 00 00 00 04 00 00  
02-17 17:07:03.956 radio  1085  1234 V RIL     :  00 07 00
02-17 17:07:03.956 radio  1085  1264 V RIL     : [/dev/umts_ipc1][RX] SIT_SET_SIGNAL_STRENGTH_REPORTING_CRITERIA, RSP, 12 bytes, Token(0x0046), OK(RCM_E_SUCCESS)
02-17 17:07:03.956 radio  1085  1264 V RIL     :  01 00 43 09 0c 00 46 00   00 00 00 00
02-17 17:07:03.956 radio  1085  1264 I RIL     : [RilContext_1] ProcessModemData 
02-17 17:07:03.956 radio  1085  1264 V RIL     : WaitList::Find() found record : token=0x0046 SrcService ID =4 DestService ID=4 Result Id=5110
02-17 17:07:03.956 radio  1085  1264 V RIL     : [RilContext_1] SendMessage RCM Response Routing : Type=0001, RCM ID=0x0943 Service ID=4 Message ID=5110
02-17 17:07:03.956 radio  1085  1264 V RIL     : [ServiceMgr] msg(0xb40000797d699810) msgId=5110 svc=MiscService_1(4) direction=Response
02-17 17:07:03.956 radio  1085  1251 I RIL     : [MiscService_1] SignalStrengthReportingCriteriaHandler OnResponse()
02-17 17:07:03.956 radio  1085  1251 I RIL     : [RilContext_1] OnRequestComplete 
02-17 17:07:03.957 radio  1085  1251 I RIL     : [RilContext_1] ProcessSolicitedResponse Request ID=202
02-17 17:07:03.957 radio  1085  1251 V RIL     : [RilContext_1] RemoveRequestHistory  token=0x0046
02-17 17:07:03.957 radio  1085  1264 V RIL     : [/dev/umts_ipc1][RX] SIT_GET_NTW_MODE, RSP, 16 bytes, Token(0x0047), OK(RCM_E_SUCCESS)
02-17 17:07:03.957 radio  1085  1264 V RIL     :  01 00 03 07 10 00 47 00   00 00 00 00 00 00 00 00  
02-17 17:07:03.957 radio  1085  1264 I RIL     : [RilContext_1] ProcessModemData 
02-17 17:07:03.957 radio  1085  1264 V RIL     : WaitList::Find() found record : token=0x0047 SrcService ID =5 DestService ID=5 Result Id=4010
02-17 17:07:03.957 radio  1085  1264 V RIL     : [RilContext_1] SendMessage RCM Response Routing : Type=0001, RCM ID=0x0703 Service ID=5 Message ID=4010
02-17 17:07:03.957 radio  1085  1264 V RIL     : [ServiceMgr] msg(0xb40000797d699810) msgId=4010 svc=NetworkService_1(5) direction=Response
