
========== beginning of new [logcat] output ==========
--------- beginning of events
02-17 17:06:40.645  1000   480   480 I snet_event_log: [121035042,-1,]
02-17 17:06:40.649  1000   480   480 I auditd  : SELinux: Loaded service context from:
02-17 17:06:40.649  1000   480   480 I auditd  : 		/system/etc/selinux/plat_service_contexts
02-17 17:06:40.649  1000   480   480 I auditd  : 		/system_ext/etc/selinux/system_ext_service_contexts
02-17 17:06:40.649  1000   480   480 I auditd  : 		/product/etc/selinux/product_service_contexts
02-17 17:06:40.649  1000   480   480 I auditd  : 		/vendor/etc/selinux/vendor_service_contexts
02-17 17:06:40.692  1000   482   482 I snet_event_log: [121035042,-1,]
01-01 08:00:00.116  logd   478   478 I auditd  : type=2000 audit(0.0:1): state=initialized audit_enabled=0 res=1
02-17 17:06:40.028  logd   478   478 I auditd  : type=1403 audit(0.0:2): auid=4294967295 ses=4294967295 lsm=selinux res=1
02-17 17:06:40.028  logd   478   478 I auditd  : type=1404 audit(0.0:3): enforcing=1 old_enforcing=0 auid=4294967295 ses=4294967295 enabled=1 old-enabled=1 lsm=selinux res=1
02-17 17:06:41.133  1017   541   541 I auditd  : SELinux: Loaded keystore2 context from:
02-17 17:06:41.133  1017   541   541 I auditd  : 		/system/etc/selinux/plat_keystore2_key_contexts
02-17 17:06:43.772  root   697   697 I auditd  : SELinux: Loaded file context from:
02-17 17:06:43.772  root   697   697 I auditd  : 		/system/etc/selinux/plat_file_contexts
02-17 17:06:43.772  root   697   697 I auditd  : 		/system_ext/etc/selinux/system_ext_file_contexts
02-17 17:06:43.772  root   697   697 I auditd  : 		/product/etc/selinux/product_file_contexts
02-17 17:06:43.772  root   697   697 I auditd  : 		/vendor/etc/selinux/vendor_file_contexts
02-17 17:06:47.003  root   865   865 I boot_progress_start: 8184
02-17 17:06:47.296  root   865   865 I snet_event_log: [200284993,-1,]
02-17 17:06:47.421  root   865   865 I boot_progress_preload_start: 8602
02-17 17:06:48.340  root   865   865 I boot_progress_preload_end: 9521
02-17 17:06:48.751  1000  1449  1449 I system_server_start: [1,9930,9930]
02-17 17:06:48.752  1000  1449  1449 I boot_progress_system_run: 9933
02-17 17:06:48.779  1000  1552  1552 I liblog  : 149
02-17 17:06:48.779  1000  1552  1552 I liblog  : 5
02-17 17:06:48.779  1000  1552  1552 I liblog  : 74
02-17 17:06:48.780  1000  1552  1552 I liblog  : 2
02-17 17:06:48.780  1000  1552  1552 I liblog  : 14
02-17 17:06:48.780  1000  1552  1552 I liblog  : 1
02-17 17:06:48.780  1000  1552  1552 I liblog  : 1
02-17 17:06:48.780  1000  1552  1552 I liblog  : 1
02-17 17:06:48.780  1000  1552  1552 I liblog  : 1
02-17 17:06:48.784  1000  1552  1552 I liblog  : 350
02-17 17:06:48.784  1000  1552  1552 I liblog  : 5
02-17 17:06:48.785  1000  1552  1552 I liblog  : 119
02-17 17:06:48.785  1000  1552  1552 I liblog  : 1
02-17 17:06:48.785  1000  1552  1552 I liblog  : 1
02-17 17:06:48.785  1000  1552  1552 I liblog  : 1
02-17 17:06:48.789  1000  1552  1552 I liblog  : 101
02-17 17:06:49.019  1000  1449  1714 I commit_sys_config_file: [batterystats,1]
02-17 17:06:49.021  1000  1449  1714 I commit_sys_config_file: [batterystats,1]
02-17 17:06:49.027  1000  1449  1449 I rescue_note: [0,1,10206]
02-17 17:06:49.046  1000  1449  1714 I commit_sys_config_file: [display-state,1]
02-17 17:06:49.051  1000  1449  1449 I boot_progress_pms_start: 10232
02-17 17:06:49.064  1000  1449  1449 I pm_critical_info: No package manager settings file
02-17 17:06:49.066  1000  1449  1449 I boot_progress_pms_system_scan_start: 10247
02-17 17:06:49.180  1000  1449  1449 I service_manager_stats: [100,16,10360]
02-17 17:06:49.233  1000  1449  1449 I pm_critical_info: Adding duplicate shared id: 1000 name=android
02-17 17:06:49.256  1000  1449  1449 I pm_critical_info: Adding duplicate shared id: 1001 name=com.android.providers.telephony
02-17 17:06:49.260  1000  1449  1449 I pm_critical_info: Adding duplicate shared id: 1000 name=com.android.inputdevices
02-17 17:06:49.263  1000  1449  1449 I pm_critical_info: Adding duplicate shared id: 1001 name=com.android.ons
02-17 17:06:49.266  1000  1449  1449 I pm_critical_info: Adding duplicate app id: 10038 name=com.android.providers.contacts
02-17 17:06:49.270  1000  1449  1449 I pm_critical_info: Adding duplicate app id: 10038 name=com.android.calllogbackup
02-17 17:06:49.276  1000  1449  1449 I pm_critical_info: Adding duplicate app id: 10039 name=com.android.providers.downloads
02-17 17:06:49.286  1000  1449  1449 I pm_critical_info: Adding duplicate app id: 10038 name=com.android.providers.blockednumber
02-17 17:06:49.295  1000  1449  1449 I pm_critical_info: Adding duplicate shared id: 2000 name=com.android.shell
02-17 17:06:49.301  1000  1449  1449 I pm_critical_info: Adding duplicate shared id: 1000 name=com.android.localtransport
02-17 17:06:49.308  1000  1449  1449 I pm_critical_info: Adding duplicate app id: 10039 name=com.android.providers.downloads.ui
02-17 17:06:49.310  1000  1449  1449 I pm_critical_info: Adding duplicate app id: 10039 name=com.android.providers.media
02-17 17:06:49.312  1000  1449  1449 I pm_critical_info: Adding duplicate shared id: 1027 name=com.android.nfc
02-17 17:06:49.313  1000  1449  1449 I pm_critical_info: Adding duplicate app id: 10039 name=com.android.soundpicker
02-17 17:06:49.314  1000  1449  1449 I pm_critical_info: Adding duplicate shared id: 1000 name=com.android.dynsystem
02-17 17:06:49.317  1000  1449  1449 I pm_critical_info: Adding duplicate shared id: 1000 name=com.android.server.telecom
02-17 17:06:49.319  1000  1449  1449 I pm_critical_info: Adding duplicate app id: 10038 name=com.android.providers.userdictionary
02-17 17:06:49.320  1000  1449  1449 I pm_critical_info: Adding duplicate app id: 10038 name=com.android.providers.contactkeys
02-17 17:06:49.322  1000  1449  1449 I pm_critical_info: Adding duplicate app id: 10039 name=com.android.mtp
02-17 17:06:49.323  1000  1449  1449 I pm_critical_info: Adding duplicate shared id: 1001 name=com.android.mms.service
02-17 17:06:49.325  1000  1449  1449 I pm_critical_info: Adding duplicate shared id: 1001 name=com.android.phone
02-17 17:06:49.326  1000  1449  1449 I pm_critical_info: Adding duplicate shared id: 1000 name=com.android.location.fused
02-17 17:06:49.329  1000  1449  1449 I pm_critical_info: Adding duplicate shared id: 1000 name=com.android.DeviceAsWebcam
02-17 17:06:49.332  1000  1449  1449 I pm_critical_info: Adding duplicate app id: 10052 name=com.android.providers.calendar
02-17 17:06:49.334  1000  1449  1449 I pm_critical_info: Adding duplicate shared id: 1000 name=com.android.providers.settings
02-17 17:06:49.336  1000  1449  1449 I pm_critical_info: Adding duplicate shared id: 1073 name=com.android.networkstack
02-17 17:06:49.347  1000  1449  1449 I pm_critical_info: Adding duplicate shared id: 1000 name=com.android.keychain
02-17 17:06:49.360  1000  1449  1449 I pm_critical_info: Adding duplicate shared id: 1068 name=com.android.se
02-17 17:06:49.361  1000  1449  1449 I pm_critical_info: Adding duplicate shared id: 1001 name=com.android.stk
02-17 17:06:49.450  1000  1449  1449 I pm_critical_info: Adding duplicate shared id: 1000 name=com.google.android.iwlan
02-17 17:06:49.451  1000  1449  1449 I pm_critical_info: Adding duplicate app id: 10094 name=com.android.emergency
02-17 17:06:49.467  1000  1449  1449 I pm_critical_info: Adding duplicate app id: 10097 name=com.android.systemui
02-17 17:06:49.516  1000  1449  1449 I pm_critical_info: Adding duplicate shared id: 1000 name=com.android.settings
02-17 17:06:49.536  1000  1449  1449 I pm_critical_info: Adding duplicate app id: 10101 name=com.android.cts.ctsshim
02-17 17:06:49.601  1000  1449  1449 I pm_critical_info: Adding duplicate shared id: 1002 name=com.android.bluetooth
02-17 17:06:49.763  1000  1449  1449 I pm_critical_info: Adding duplicate shared id: 1073 name=com.android.cellbroadcastservice
02-17 17:06:49.855  1000  1449  1449 I pm_critical_info: Adding duplicate shared id: 1073 name=com.android.networkstack.tethering
02-17 17:06:49.866  1000  1449  1449 I boot_progress_pms_data_scan_start: 11047
02-17 17:06:49.870  1000  1449  1449 I boot_progress_pms_scan_end: 11051
02-17 17:06:49.930  1000  1449  1449 I commit_sys_config_file: [package,12]
02-17 17:06:49.930  1000  1449  1449 I boot_progress_pms_ready: 11111
02-17 17:06:49.935  1000  1449  1750 I commit_sys_config_file: [package-user-0,6]
02-17 17:06:49.942  1000  1449  1449 I am_uid_running: 1000
02-17 17:06:49.944  1000  1449  1449 I am_uid_active: 1000
02-17 17:06:49.984  root  1057  1057 I storaged_emmc_info: [ufs 310,1,1,1]
02-17 17:06:49.985  root  1057  1841 I storaged_disk_stats: [regular,0,11165,13296,3825,1857264,12017,6507,31787,843752,44943,0,8412,82698]
02-17 17:06:50.019  1000  1449  1449 I commit_sys_config_file: [overlays,1]
02-17 17:06:50.034  1000  1449  1820 I battery_status: [4,3,1,2,Li-ion]
02-17 17:06:50.035  1000  1449  1820 I battery_level: [80,4189,243]
02-17 17:06:50.105  1000  1449  1863 I commit_sys_config_file: [settings-1-0,0]
02-17 17:06:50.105  1000  1449  1863 I commit_sys_config_file: [settings-0-0,1]
02-17 17:06:50.105  1000  1449  1863 I commit_sys_config_file: [settings-2-0,0]
02-17 17:06:50.106  1000  1449  1863 I commit_sys_config_file: [settings-1-0,0]
02-17 17:06:50.182  1000  1449  1449 I wm_task_created: 1
02-17 17:06:50.187  1000  1449  1705 I sysui_multi_action: [757,1594,758,4,759,0,806,NULL]
02-17 17:06:50.198  1000  1449  1449 I commit_sys_config_file: [net-watchlist,1]
02-17 17:06:50.207  1000  1449  1716 I am_wtf  : [0,1449,system_server,-1,SystemServiceRegistry,No service published for: jobscheduler]
02-17 17:06:50.207  1000  1449  1716 I am_wtf  : [0,1449,system_server,-1,SystemServiceRegistry,Manager wrapper not available: jobscheduler]
02-17 17:06:50.220  1000  1449  1449 I configuration_changed: 536894968
02-17 17:06:50.223  1000  1449  1449 I sysui_multi_action: [757,1659,758,4,759,1,1660,0]
02-17 17:06:50.240  1000  1449  1704 I am_uid_running: 10110
02-17 17:06:50.401  1000  1449  1863 I commit_sys_config_file: [settings-0-0,1]
02-17 17:06:59.966  1000  1449  1755 I commit_sys_config_file: [package,19]
02-17 17:06:59.969  1000  1449  1750 I commit_sys_config_file: [package-user-0,3]
02-17 17:07:01.703  1000  1449  1449 I sysui_multi_action: [757,804,799,opt_dialog_num_dexopted,801,73,802,1]
02-17 17:07:01.703  1000  1449  1449 I sysui_multi_action: [757,804,799,opt_dialog_num_skipped,801,48,802,1]
02-17 17:07:01.703  1000  1449  1449 I sysui_multi_action: [757,804,799,opt_dialog_num_failed,801,0,802,1]
02-17 17:07:01.704  1000  1449  1449 I sysui_multi_action: [757,804,799,opt_dialog_num_total,801,121,802,1]
02-17 17:07:01.704  1000  1449  1449 I sysui_multi_action: [757,804,799,opt_dialog_time_s,801,11,802,1]
02-17 17:07:01.709  1000  1449  1449 I service_manager_stats: [184,43,12530]
02-17 17:07:01.735  1000  1449  1449 I device_idle: [0,boot]
02-17 17:07:01.735  1000  1449  1449 I device_idle_light: [0,boot]
02-17 17:07:01.847  1000  1449  1716 I am_wtf  : [0,1449,system_server,-1,SystemServiceRegistry,No service published for: jobscheduler]
02-17 17:07:01.847  1000  1449  1716 I am_wtf  : [0,1449,system_server,-1,SystemServiceRegistry,Manager wrapper not available: jobscheduler]
02-17 17:07:01.848  1000  1449  1716 I am_wtf  : [0,1449,system_server,-1,SystemServiceRegistry,No service published for: jobscheduler]
02-17 17:07:01.848  1000  1449  1716 I am_wtf  : [0,1449,system_server,-1,SystemServiceRegistry,Manager wrapper not available: jobscheduler]
02-17 17:07:01.849  1000  1449  1716 I am_wtf  : [0,1449,system_server,-1,SystemServiceRegistry,No service published for: jobscheduler]
02-17 17:07:01.849  1000  1449  1716 I am_wtf  : [0,1449,system_server,-1,SystemServiceRegistry,Manager wrapper not available: jobscheduler]
02-17 17:07:01.850  1000  1449  1449 I sysui_multi_action: [757,856,758,1,806,android,857,PHYSICAL_KEYBOARD,858,2]
02-17 17:07:01.851  1000  1449  1449 I sysui_multi_action: [757,856,758,1,806,android,857,SECURITY,858,2]
02-17 17:07:01.851  1000  1449  1449 I sysui_multi_action: [757,856,758,1,806,android,857,CAR_MODE,858,2]
02-17 17:07:01.851  1000  1449  1449 I sysui_multi_action: [757,856,758,1,806,android,857,ACCOUNT,858,2]
02-17 17:07:01.851  1000  1449  1449 I sysui_multi_action: [757,856,758,1,806,android,857,DEVELOPER,858,2]
02-17 17:07:01.851  1000  1449  1449 I sysui_multi_action: [757,856,758,1,806,android,857,DEVELOPER_IMPORTANT,858,4]
02-17 17:07:01.851  1000  1449  1449 I sysui_multi_action: [757,856,758,1,806,android,857,UPDATES,858,2]
02-17 17:07:01.851  1000  1449  1449 I sysui_multi_action: [757,856,758,1,806,android,857,NETWORK_STATUS,858,2]
02-17 17:07:01.851  1000  1449  1449 I sysui_multi_action: [757,856,758,1,806,android,857,NETWORK_ALERTS,858,4]
02-17 17:07:01.851  1000  1449  1449 I sysui_multi_action: [757,856,758,1,806,android,857,NETWORK_AVAILABLE,858,2]
02-17 17:07:01.851  1000  1449  1449 I sysui_multi_action: [757,856,758,1,806,android,857,VPN,858,2]
02-17 17:07:01.851  1000  1449  1449 I sysui_multi_action: [757,856,758,1,806,android,857,DEVICE_ADMIN_ALERTS,858,4]
02-17 17:07:01.851  1000  1449  1449 I sysui_multi_action: [757,856,758,1,806,android,857,ALERTS,858,3]
02-17 17:07:01.851  1000  1449  1449 I sysui_multi_action: [757,856,758,1,806,android,857,RETAIL_MODE,858,2]
02-17 17:07:01.851  1000  1449  1449 I sysui_multi_action: [757,856,758,1,806,android,857,USB,858,1]
02-17 17:07:01.851  1000  1449  1449 I sysui_multi_action: [757,856,758,1,806,android,857,FOREGROUND_SERVICE,858,2]
02-17 17:07:01.851  1000  1449  1449 I sysui_multi_action: [757,856,758,1,806,android,857,HEAVY_WEIGHT_APP,858,3]
02-17 17:07:01.851  1000  1449  1449 I sysui_multi_action: [757,856,758,1,806,android,857,SYSTEM_CHANGES_ALERTS,858,3]
02-17 17:07:01.851  1000  1449  1449 I sysui_multi_action: [757,856,758,1,806,android,857,DO_NOT_DISTURB,858,2]
02-17 17:07:01.851  1000  1449  1449 I sysui_multi_action: [757,856,758,1,806,android,857,ACCESSIBILITY_MAGNIFICATION,858,4]
02-17 17:07:01.851  1000  1449  1449 I sysui_multi_action: [757,856,758,1,806,android,857,ACCESSIBILITY_SECURITY_POLICY,858,2]
02-17 17:07:01.851  1000  1449  1449 I sysui_multi_action: [757,856,758,1,806,android,857,ABUSIVE_BACKGROUND_APPS,858,2]
02-17 17:07:01.853  1000  1449  2805 I storage_state: [41217664-9172-527a-b3d5-edabb50a7d69,0,0,116547313664,118015217664]
02-17 17:07:01.878  1000  1449  1716 I am_wtf  : [0,1449,system_server,-1,SystemServiceRegistry,No service published for: jobscheduler]
02-17 17:07:01.878  1000  1449  1716 I am_wtf  : [0,1449,system_server,-1,SystemServiceRegistry,Manager wrapper not available: jobscheduler]
02-17 17:07:01.895  1000  1449  2810 I stream_devices_changed: [4,0,2]
02-17 17:07:01.895  1000  1449  2810 I stream_devices_changed: [6,0,1]
02-17 17:07:01.896  1000  1449  2810 I stream_devices_changed: [3,0,2]
02-17 17:07:01.896  1000  1449  2810 I stream_devices_changed: [5,0,2]
02-17 17:07:01.897  1000  1449  2810 I stream_devices_changed: [2,0,2]
02-17 17:07:01.898  1000  1449  2810 I stream_devices_changed: [0,0,1]
02-17 17:07:01.901  1000  1449  1716 I am_wtf  : [0,1449,system_server,-1,Binder,Outgoing transactions from this process must be FLAG_ONEWAY]
02-17 17:07:02.024  1000  1449  1449 I configuration_changed: 512
02-17 17:07:02.034  1000  1449  2787 I sysui_multi_action: [757,856,758,1,806,android,857,APM_ALERTS,858,4]
02-17 17:07:02.044  1000  1449  1716 I am_wtf  : [0,1449,system_server,-1,SystemServiceRegistry,No service published for: face]
02-17 17:07:02.044  1000  1449  1716 I am_wtf  : [0,1449,system_server,-1,SystemServiceRegistry,Manager wrapper not available: face]
02-17 17:07:02.048  1000  1449  1863 I commit_sys_config_file: [settings-2-0,2]
02-17 17:07:02.048  1000  1449  1863 I commit_sys_config_file: [settings-0-0,0]
02-17 17:07:02.052  1000  1449  1449 I commit_sys_config_file: [package-session,1]
02-17 17:07:02.075  1000  1449  1449 I sysui_multi_action: [757,1243,758,4,806,com.android.dynsystem,1241,android.permission.POST_NOTIFICATIONS]
02-17 17:07:02.075  1000  1449  1449 I sysui_multi_action: [757,1243,758,4,806,com.android.server.telecom,1241,android.permission.READ_CALL_LOG]
02-17 17:07:02.075  1000  1449  1449 I sysui_multi_action: [757,1243,758,4,806,com.google.android.iwlan,1241,android.permission.ACCESS_FINE_LOCATION]
02-17 17:07:02.075  1000  1449  1449 I sysui_multi_action: [757,1243,758,4,806,com.android.settings,1241,android.permission.READ_PHONE_NUMBERS]
02-17 17:07:02.075  1000  1449  1449 I sysui_multi_action: [757,1243,758,4,806,com.android.settings,1241,android.permission.READ_MEDIA_VISUAL_USER_SELECTED]
02-17 17:07:02.075  1000  1449  1449 I sysui_multi_action: [757,1243,758,4,806,com.android.settings,1241,android.permission.BLUETOOTH_CONNECT]
02-17 17:07:02.076  1000  1449  1449 I sysui_multi_action: [757,1243,758,4,806,com.android.server.telecom,1241,android.permission.READ_EXTERNAL_STORAGE]
02-17 17:07:02.076  1000  1449  1449 I sysui_multi_action: [757,1243,758,4,806,com.google.android.iwlan,1241,android.permission.ACCESS_COARSE_LOCATION]
02-17 17:07:02.076  1000  1449  1449 I sysui_multi_action: [757,1243,758,4,806,com.google.android.iwlan,1241,android.permission.READ_PHONE_STATE]
02-17 17:07:02.076  1000  1449  1449 I sysui_multi_action: [757,1243,758,4,806,com.android.server.telecom,1241,android.permission.SEND_SMS]
02-17 17:07:02.076  1000  1449  1449 I sysui_multi_action: [757,1243,758,4,806,com.android.settings,1241,android.permission.CALL_PHONE]
02-17 17:07:02.076  1000  1449  1449 I sysui_multi_action: [757,1243,758,4,806,com.android.settings,1241,android.permission.READ_MEDIA_IMAGES]
02-17 17:07:02.076  1000  1449  1449 I sysui_multi_action: [757,1243,758,4,806,com.android.settings,1241,android.permission.WRITE_CONTACTS]
02-17 17:07:02.076  1000  1449  1449 I sysui_multi_action: [757,1243,758,4,806,com.android.DeviceAsWebcam,1241,android.permission.CAMERA]
02-17 17:07:02.076  1000  1449  1449 I sysui_multi_action: [757,1243,758,4,806,com.android.server.telecom,1241,android.permission.WRITE_CALL_LOG]
02-17 17:07:02.076  1000  1449  1449 I sysui_multi_action: [757,1243,758,4,806,com.android.settings,1241,android.permission.READ_MEDIA_AUDIO]
02-17 17:07:02.076  1000  1449  1449 I sysui_multi_action: [757,1243,758,4,806,com.android.settings,1241,android.permission.READ_MEDIA_VIDEO]
02-17 17:07:02.076  1000  1449  1449 I sysui_multi_action: [757,1243,758,4,806,com.android.settings,1241,android.permission.BLUETOOTH_ADVERTISE]
02-17 17:07:02.076  1000  1449  1449 I sysui_multi_action: [757,1243,758,4,806,android,1241,android.permission.GET_ACCOUNTS]
02-17 17:07:02.077  1000  1449  1449 I sysui_multi_action: [757,1243,758,4,806,com.android.settings,1241,android.permission.WRITE_EXTERNAL_STORAGE]
02-17 17:07:02.077  1000  1449  1449 I sysui_multi_action: [757,1243,758,4,806,android,1241,android.permission.READ_CONTACTS]
02-17 17:07:02.077  1000  1449  1449 I sysui_multi_action: [757,1243,758,4,806,com.android.location.fused,1241,android.permission.ACCESS_BACKGROUND_LOCATION]
02-17 17:07:02.077  1000  1449  1449 I sysui_multi_action: [757,1243,758,4,806,com.android.settings,1241,android.permission.BLUETOOTH_SCAN]
02-17 17:07:02.077  1000  1449  1449 I sysui_multi_action: [757,1243,758,4,806,com.android.mms.service,1241,android.permission.READ_SMS]
02-17 17:07:02.077  1000  1449  1449 I sysui_multi_action: [757,1243,758,4,806,com.android.stk,1241,android.permission.POST_NOTIFICATIONS]
02-17 17:07:02.077  1000  1449  1449 I sysui_multi_action: [757,1243,758,4,806,com.android.phone,1241,android.permission.READ_CALL_LOG]
02-17 17:07:02.077  1000  1449  1449 I sysui_multi_action: [757,1243,758,4,806,com.android.phone,1241,android.permission.ACCESS_FINE_LOCATION]
02-17 17:07:02.077  1000  1449  1449 I sysui_multi_action: [757,1243,758,4,806,com.android.providers.telephony,1241,android.permission.RECEIVE_SMS]
02-17 17:07:02.077  1000  1449  1449 I sysui_multi_action: [757,1243,758,4,806,com.android.phone,1241,android.permission.BLUETOOTH_CONNECT]
02-17 17:07:02.077  1000  1449  1863 I commit_sys_config_file: [settings-1-0,1]
02-17 17:07:02.077  1000  1449  1449 I sysui_multi_action: [757,1243,758,4,806,com.android.providers.telephony,1241,android.permission.READ_EXTERNAL_STORAGE]
02-17 17:07:02.077  1000  1449  1449 I sysui_multi_action: [757,1243,758,4,806,com.android.phone,1241,android.permission.ACCESS_COARSE_LOCATION]
02-17 17:07:02.078  1000  1449  1449 I sysui_multi_action: [757,1243,758,4,806,com.android.mms.service,1241,android.permission.READ_PHONE_STATE]
02-17 17:07:02.078  1000  1449  1449 I sysui_multi_action: [757,1243,758,4,806,com.android.phone,1241,android.permission.SEND_SMS]
02-17 17:07:02.078  1000  1449  1449 I sysui_multi_action: [757,1243,758,4,806,com.android.phone,1241,android.permission.CALL_PHONE]
02-17 17:07:02.078  1000  1449  1449 I sysui_multi_action: [757,1243,758,4,806,com.android.phone,1241,android.permission.WRITE_CONTACTS]
02-17 17:07:02.078  1000  1449  1449 I sysui_multi_action: [757,1243,758,4,806,com.android.phone,1241,android.permission.WRITE_CALL_LOG]
02-17 17:07:02.078  1000  1449  1449 I sysui_multi_action: [757,1243,758,4,806,com.android.phone,1241,android.permission.USE_SIP]
02-17 17:07:02.078  1000  1449  1449 I sysui_multi_action: [757,1243,758,4,806,com.android.phone,1241,android.permission.GET_ACCOUNTS]
02-17 17:07:02.078  1000  1449  1449 I sysui_multi_action: [757,1243,758,4,806,com.android.providers.telephony,1241,android.permission.WRITE_EXTERNAL_STORAGE]
02-17 17:07:02.078  1000  1449  1449 I sysui_multi_action: [757,1243,758,4,806,com.android.phone,1241,android.permission.RECORD_AUDIO]
02-17 17:07:02.078  1000  1449  1449 I sysui_multi_action: [757,1243,758,4,806,com.android.phone,1241,android.permission.READ_CONTACTS]
02-17 17:07:02.078  1000  1449  1449 I sysui_multi_action: [757,1243,758,4,806,com.android.phone,1241,android.permission.BLUETOOTH_SCAN]
02-17 17:07:02.078  1000  1449  1449 I sysui_multi_action: [757,1243,758,4,806,com.android.phone,1241,com.android.voicemail.permission.ADD_VOICEMAIL]
02-17 17:07:02.078  1000  1449  1449 I sysui_multi_action: [757,1243,758,4,806,com.android.bluetooth,1241,android.permission.READ_SMS]
02-17 17:07:02.078  1000  1449  1449 I sysui_multi_action: [757,1243,758,4,806,com.android.bluetooth,1241,android.permission.POST_NOTIFICATIONS]
02-17 17:07:02.078  1000  1449  1449 I sysui_multi_action: [757,1243,758,4,806,com.android.bluetooth,1241,android.permission.READ_CALL_LOG]
02-17 17:07:02.079  1000  1449  1449 I sysui_multi_action: [757,1243,758,4,806,com.android.bluetooth,1241,android.permission.ACCESS_FINE_LOCATION]
02-17 17:07:02.079  1000  1449  1449 I sysui_multi_action: [757,1243,758,4,806,com.android.bluetooth,1241,android.permission.RECEIVE_SMS]
02-17 17:07:02.079  1000  1449  1449 I sysui_multi_action: [757,1243,758,4,806,com.android.bluetooth,1241,android.permission.BLUETOOTH_CONNECT]
02-17 17:07:02.079  1000  1449  1449 I sysui_multi_action: [757,1243,758,4,806,com.android.bluetooth,1241,android.permission.READ_EXTERNAL_STORAGE]
02-17 17:07:02.079  1000  1449  1449 I sysui_multi_action: [757,1243,758,4,806,com.android.bluetooth,1241,android.permission.ACCESS_COARSE_LOCATION]
02-17 17:07:02.079  1000  1449  1449 I sysui_multi_action: [757,1243,758,4,806,com.android.bluetooth,1241,android.permission.SEND_SMS]
02-17 17:07:02.079  1000  1449  1449 I sysui_multi_action: [757,1243,758,4,806,com.android.bluetooth,1241,android.permission.WRITE_CONTACTS]
02-17 17:07:02.079  1000  1449  1449 I sysui_multi_action: [757,1243,758,4,806,com.android.bluetooth,1241,android.permission.WRITE_CALL_LOG]
02-17 17:07:02.079  1000  1449  1449 I sysui_multi_action: [757,1243,758,4,806,com.android.bluetooth,1241,android.permission.BLUETOOTH_ADVERTISE]
02-17 17:07:02.079  1000  1449  1449 I sysui_multi_action: [757,1243,758,4,806,com.android.bluetooth,1241,android.permission.GET_ACCOUNTS]
02-17 17:07:02.079  1000  1449  1449 I sysui_multi_action: [757,1243,758,4,806,com.android.bluetooth,1241,android.permission.WRITE_EXTERNAL_STORAGE]
02-17 17:07:02.079  1000  1449  1449 I sysui_multi_action: [757,1243,758,4,806,com.android.bluetooth,1241,android.permission.READ_CONTACTS]
02-17 17:07:02.079  1000  1449  1449 I sysui_multi_action: [757,1243,758,4,806,com.android.bluetooth,1241,android.permission.BLUETOOTH_SCAN]
02-17 17:07:02.079  1000  1449  1449 I sysui_multi_action: [757,1243,758,4,806,com.android.nfc,1241,android.permission.POST_NOTIFICATIONS]
02-17 17:07:02.079  1000  1449  1449 I sysui_multi_action: [757,1243,758,4,806,com.android.nfc,1241,android.permission.BLUETOOTH_CONNECT]
02-17 17:07:02.079  1000  1449  1449 I sysui_multi_action: [757,1243,758,4,806,com.android.nfc,1241,android.permission.READ_EXTERNAL_STORAGE]
02-17 17:07:02.080  1000  1449  1449 I sysui_multi_action: [757,1243,758,4,806,com.android.nfc,1241,android.permission.WRITE_EXTERNAL_STORAGE]
02-17 17:07:02.080  1000  1449  1449 I sysui_multi_action: [757,1243,758,4,806,com.android.nfc,1241,android.permission.READ_CONTACTS]
02-17 17:07:02.080  1000  1449  1449 I sysui_multi_action: [757,1243,758,4,806,com.android.nfc,1241,android.permission.BLUETOOTH_SCAN]
02-17 17:07:02.080  1000  1449  1449 I sysui_multi_action: [757,1243,758,4,806,com.android.networkstack.tethering,1241,android.permission.POST_NOTIFICATIONS]
02-17 17:07:02.080  1000  1449  1449 I sysui_multi_action: [757,1243,758,4,806,com.android.networkstack,1241,android.permission.ACCESS_FINE_LOCATION]
02-17 17:07:02.080  1000  1449  1449 I sysui_multi_action: [757,1243,758,4,806,com.android.cellbroadcastservice,1241,android.permission.RECEIVE_SMS]
02-17 17:07:02.080  1000  1449  1449 I sysui_multi_action: [757,1243,758,4,806,com.android.networkstack.tethering,1241,android.permission.BLUETOOTH_CONNECT]
02-17 17:07:02.080  1000  1449  1449 I sysui_multi_action: [757,1243,758,4,806,com.android.networkstack,1241,android.permission.ACCESS_COARSE_LOCATION]
02-17 17:07:02.080  1000  1449  1449 I sysui_multi_action: [757,1243,758,4,806,com.android.networkstack.tethering,1241,android.permission.READ_PHONE_STATE]
02-17 17:07:02.080  1000  1449  1449 I sysui_multi_action: [757,1243,758,4,806,com.android.cellbroadcastservice,1241,android.permission.READ_CELL_BROADCASTS]
02-17 17:07:02.080  1000  1449  1449 I sysui_multi_action: [757,1243,758,4,806,com.android.shell,1241,android.permission.READ_SMS]
02-17 17:07:02.080  1000  1449  1449 I sysui_multi_action: [757,1243,758,4,806,com.android.shell,1241,android.permission.READ_CALENDAR]
02-17 17:07:02.080  1000  1449  1449 I sysui_multi_action: [757,1243,758,4,806,com.android.shell,1241,android.permission.POST_NOTIFICATIONS]
02-17 17:07:02.080  1000  1449  1449 I sysui_multi_action: [757,1243,758,4,806,com.android.shell,1241,android.permission.READ_CALL_LOG]
02-17 17:07:02.080  1000  1449  1449 I sysui_multi_action: [757,1243,758,4,806,com.android.shell,1241,android.permission.ACCESS_FINE_LOCATION]
02-17 17:07:02.080  1000  1449  1449 I sysui_multi_action: [757,1243,758,4,806,com.android.shell,1241,android.permission.ANSWER_PHONE_CALLS]
02-17 17:07:02.080  1000  1449  1449 I sysui_multi_action: [757,1243,758,4,806,com.android.shell,1241,android.permission.RECEIVE_WAP_PUSH]
02-17 17:07:02.080  1000  1449  1449 I sysui_multi_action: [757,1243,758,4,806,com.android.shell,1241,android.permission.BODY_SENSORS]
02-17 17:07:02.080  1000  1449  1449 I sysui_multi_action: [757,1243,758,4,806,com.android.shell,1241,android.permission.READ_PHONE_NUMBERS]
02-17 17:07:02.081  1000  1449  1449 I sysui_multi_action: [757,1243,758,4,806,com.android.shell,1241,android.permission.READ_MEDIA_VISUAL_USER_SELECTED]
02-17 17:07:02.081  1000  1449  1449 I sysui_multi_action: [757,1243,758,4,806,com.android.shell,1241,android.permission.NEARBY_WIFI_DEVICES]
02-17 17:07:02.081  1000  1449  1449 I sysui_multi_action: [757,1243,758,4,806,com.android.shell,1241,android.permission.RECEIVE_MMS]
02-17 17:07:02.081  1000  1449  1449 I sysui_multi_action: [757,1243,758,4,806,com.android.shell,1241,android.permission.RECEIVE_SMS]
02-17 17:07:02.081  1000  1449  1449 I sysui_multi_action: [757,1243,758,4,806,com.android.shell,1241,android.permission.BLUETOOTH_CONNECT]
02-17 17:07:02.081  1000  1449  1449 I sysui_multi_action: [757,1243,758,4,806,com.android.shell,1241,android.permission.READ_EXTERNAL_STORAGE]
02-17 17:07:02.081  1000  1449  1449 I sysui_multi_action: [757,1243,758,4,806,com.android.shell,1241,android.permission.ACCESS_COARSE_LOCATION]
02-17 17:07:02.081  1000  1449  1449 I sysui_multi_action: [757,1243,758,4,806,com.android.shell,1241,android.permission.READ_PHONE_STATE]
02-17 17:07:02.081  1000  1449  1449 I sysui_multi_action: [757,1243,758,4,806,com.android.shell,1241,android.permission.SEND_SMS]
02-17 17:07:02.081  1000  1449  1449 I sysui_multi_action: [757,1243,758,4,806,com.android.shell,1241,android.permission.CALL_PHONE]
02-17 17:07:02.081  1000  1449  1449 I sysui_multi_action: [757,1243,758,4,806,com.android.shell,1241,android.permission.WRITE_CONTACTS]
02-17 17:07:02.081  1000  1449  1449 I sysui_multi_action: [757,1243,758,4,806,com.android.shell,1241,android.permission.ACCEPT_HANDOVER]
02-17 17:07:02.081  1000  1449  1449 I sysui_multi_action: [757,1243,758,4,806,com.android.shell,1241,android.permission.CAMERA]
02-17 17:07:02.081  1000  1449  1449 I sysui_multi_action: [757,1243,758,4,806,com.android.shell,1241,android.permission.WRITE_CALENDAR]
02-17 17:07:02.081  1000  1449  1449 I sysui_multi_action: [757,1243,758,4,806,com.android.shell,1241,android.permission.WRITE_CALL_LOG]
02-17 17:07:02.081  1000  1449  1449 I sysui_multi_action: [757,1243,758,4,806,com.android.shell,1241,android.permission.USE_SIP]
02-17 17:07:02.081  1000  1449  1449 I sysui_multi_action: [757,1243,758,4,806,com.android.shell,1241,android.permission.PROCESS_OUTGOING_CALLS]
02-17 17:07:02.081  1000  1449  1449 I sysui_multi_action: [757,1243,758,4,806,com.android.shell,1241,android.permission.READ_CELL_BROADCASTS]
02-17 17:07:02.081  1000  1449  1449 I sysui_multi_action: [757,1243,758,4,806,com.android.shell,1241,android.permission.BLUETOOTH_ADVERTISE]
02-17 17:07:02.082  1000  1449  1449 I sysui_multi_action: [757,1243,758,4,806,com.android.shell,1241,android.permission.GET_ACCOUNTS]
02-17 17:07:02.082  1000  1449  1449 I sysui_multi_action: [757,1243,758,4,806,com.android.shell,1241,android.permission.WRITE_EXTERNAL_STORAGE]
02-17 17:07:02.082  1000  1449  1449 I sysui_multi_action: [757,1243,758,4,806,com.android.shell,1241,android.permission.UWB_RANGING]
02-17 17:07:02.082  1000  1449  1449 I sysui_multi_action: [757,1243,758,4,806,com.android.shell,1241,android.permission.ACTIVITY_RECOGNITION]
02-17 17:07:02.082  1000  1449  1449 I sysui_multi_action: [757,1243,758,4,806,com.android.shell,1241,android.permission.RECORD_AUDIO]
02-17 17:07:02.082  1000  1449  1449 I sysui_multi_action: [757,1243,758,4,806,com.android.shell,1241,android.permission.READ_CONTACTS]
02-17 17:07:02.082  1000  1449  1449 I sysui_multi_action: [757,1243,758,4,806,com.android.shell,1241,android.permission.ACCESS_BACKGROUND_LOCATION]
02-17 17:07:02.082  1000  1449  1449 I sysui_multi_action: [757,1243,758,4,806,com.android.shell,1241,android.permission.BLUETOOTH_SCAN]
02-17 17:07:02.082  1000  1449  1449 I sysui_multi_action: [757,1243,758,4,806,com.android.shell,1241,android.permission.ACCESS_MEDIA_LOCATION]
02-17 17:07:02.082  1000  1449  1449 I sysui_multi_action: [757,1243,758,4,806,com.android.shell,1241,com.android.voicemail.permission.ADD_VOICEMAIL]
02-17 17:07:02.082  1000  1449  1449 I sysui_multi_action: [757,1243,758,4,806,com.android.externalstorage,1241,android.permission.READ_EXTERNAL_STORAGE]
02-17 17:07:02.082  1000  1449  1449 I sysui_multi_action: [757,1243,758,4,806,com.android.externalstorage,1241,android.permission.WRITE_EXTERNAL_STORAGE]
02-17 17:07:02.082  1000  1449  1449 I sysui_multi_action: [757,1243,758,4,806,com.android.sharedstoragebackup,1241,android.permission.READ_EXTERNAL_STORAGE]
02-17 17:07:02.082  1000  1449  1449 I sysui_multi_action: [757,1243,758,4,806,com.android.sharedstoragebackup,1241,android.permission.WRITE_EXTERNAL_STORAGE]
02-17 17:07:02.082  1000  1449  1449 I sysui_multi_action: [757,1243,758,4,806,com.android.providers.contacts,1241,android.permission.READ_PHONE_STATE]
02-17 17:07:02.082  1000  1449  1449 I sysui_multi_action: [757,1243,758,4,806,com.android.providers.contacts,1241,android.permission.WRITE_CONTACTS]
02-17 17:07:02.082  1000  1449  1449 I sysui_multi_action: [757,1243,758,4,806,com.android.providers.contacts,1241,android.permission.GET_ACCOUNTS]
02-17 17:07:02.082  1000  1449  1449 I sysui_multi_action: [757,1243,758,4,806,com.android.providers.contacts,1241,android.permission.READ_CONTACTS]
02-17 17:07:02.082  1000  1449  1449 I sysui_multi_action: [757,1243,758,4,806,com.android.providers.downloads,1241,android.permission.POST_NOTIFICATIONS]
02-17 17:07:02.083  1000  1449  1449 I sysui_multi_action: [757,1243,758,4,806,com.android.providers.downloads,1241,android.permission.READ_EXTERNAL_STORAGE]
02-17 17:07:02.083  1000  1449  1449 I sysui_multi_action: [757,1243,758,4,806,com.android.providers.downloads,1241,android.permission.WRITE_EXTERNAL_STORAGE]
02-17 17:07:02.083  1000  1449  1449 I sysui_multi_action: [757,1243,758,4,806,com.android.packageinstaller,1241,android.permission.POST_NOTIFICATIONS]
02-17 17:07:02.083  1000  1449  1449 I sysui_multi_action: [757,1243,758,4,806,com.android.bips,1241,android.permission.POST_NOTIFICATIONS]
02-17 17:07:02.083  1000  1449  1449 I sysui_multi_action: [757,1243,758,4,806,com.android.documentsui,1241,android.permission.POST_NOTIFICATIONS]
02-17 17:07:02.083  1000  1449  1449 I sysui_multi_action: [757,1243,758,4,806,com.android.managedprovisioning,1241,android.permission.POST_NOTIFICATIONS]
02-17 17:07:02.083  1000  1449  1449 I sysui_multi_action: [757,1243,758,4,806,com.android.statementservice,1241,android.permission.POST_NOTIFICATIONS]
02-17 17:07:02.083  1000  1449  1449 I sysui_multi_action: [757,1243,758,4,806,com.android.providers.calendar,1241,android.permission.READ_CALENDAR]
02-17 17:07:02.083  1000  1449  1449 I sysui_multi_action: [757,1243,758,4,806,com.android.providers.calendar,1241,android.permission.READ_EXTERNAL_STORAGE]
02-17 17:07:02.083  1000  1449  1449 I sysui_multi_action: [757,1243,758,4,806,com.android.providers.calendar,1241,android.permission.WRITE_CALENDAR]
02-17 17:07:02.083  1000  1449  1449 I sysui_multi_action: [757,1243,758,4,806,com.android.providers.calendar,1241,android.permission.GET_ACCOUNTS]
02-17 17:07:02.083  1000  1449  1449 I sysui_multi_action: [757,1243,758,4,806,com.android.providers.calendar,1241,android.permission.WRITE_EXTERNAL_STORAGE]
02-17 17:07:02.083  1000  1449  1449 I sysui_multi_action: [757,1243,758,4,806,com.android.apps.tag,1241,android.permission.CALL_PHONE]
02-17 17:07:02.083  1000  1449  1449 I sysui_multi_action: [757,1243,758,4,806,com.android.apps.tag,1241,android.permission.READ_CONTACTS]
02-17 17:07:02.083  1000  1449  1449 I sysui_multi_action: [757,1243,758,4,806,com.android.bluetoothmidiservice,1241,android.permission.BLUETOOTH_CONNECT]
02-17 17:07:02.083  1000  1449  1449 I sysui_multi_action: [757,1243,758,4,806,com.android.bluetoothmidiservice,1241,android.permission.BLUETOOTH_ADVERTISE]
02-17 17:07:02.083  1000  1449  1449 I sysui_multi_action: [757,1243,758,4,806,com.android.bluetoothmidiservice,1241,android.permission.BLUETOOTH_SCAN]
02-17 17:07:02.083  1000  1449  1449 I sysui_multi_action: [757,1243,758,4,806,com.android.traceur,1241,android.permission.POST_NOTIFICATIONS]
02-17 17:07:02.083  1000  1449  1449 I sysui_multi_action: [757,1243,758,4,806,com.android.carrierdefaultapp,1241,android.permission.POST_NOTIFICATIONS]
02-17 17:07:02.084  1000  1449  1449 I sysui_multi_action: [757,1243,758,4,806,com.android.captiveportallogin,1241,android.permission.POST_NOTIFICATIONS]
02-17 17:07:02.084  1000  1449  1449 I sysui_multi_action: [757,1243,758,4,806,com.android.companiondevicemanager,1241,android.permission.ACCESS_FINE_LOCATION]
02-17 17:07:02.084  1000  1449  1449 I sysui_multi_action: [757,1243,758,4,806,com.android.companiondevicemanager,1241,android.permission.BLUETOOTH_CONNECT]
02-17 17:07:02.084  1000  1449  1449 I sysui_multi_action: [757,1243,758,4,806,com.android.companiondevicemanager,1241,android.permission.ACCESS_COARSE_LOCATION]
02-17 17:07:02.084  1000  1449  1449 I sysui_multi_action: [757,1243,758,4,806,com.android.companiondevicemanager,1241,android.permission.BLUETOOTH_ADVERTISE]
02-17 17:07:02.084  1000  1449  1449 I sysui_multi_action: [757,1243,758,4,806,com.android.companiondevicemanager,1241,android.permission.ACCESS_BACKGROUND_LOCATION]
02-17 17:07:02.084  1000  1449  1449 I sysui_multi_action: [757,1243,758,4,806,com.android.companiondevicemanager,1241,android.permission.BLUETOOTH_SCAN]
02-17 17:07:02.084  1000  1449  1449 I sysui_multi_action: [757,1243,758,4,806,com.android.egg,1241,android.permission.POST_NOTIFICATIONS]
02-17 17:07:02.084  1000  1449  1449 I sysui_multi_action: [757,1243,758,4,806,com.android.printspooler,1241,android.permission.POST_NOTIFICATIONS]
02-17 17:07:02.084  1000  1449  1449 I sysui_multi_action: [757,1243,758,4,806,com.android.printspooler,1241,android.permission.ACCESS_FINE_LOCATION]
02-17 17:07:02.084  1000  1449  1449 I sysui_multi_action: [757,1243,758,4,806,com.android.printspooler,1241,android.permission.ACCESS_COARSE_LOCATION]
02-17 17:07:02.084  1000  1449  1449 I sysui_multi_action: [757,1243,758,4,806,com.android.contacts,1241,android.permission.READ_CALL_LOG]
02-17 17:07:02.084  1000  1449  1449 I sysui_multi_action: [757,1243,758,4,806,com.android.contacts,1241,android.permission.READ_PHONE_STATE]
02-17 17:07:02.084  1000  1449  1449 I sysui_multi_action: [757,1243,758,4,806,com.android.contacts,1241,android.permission.CALL_PHONE]
02-17 17:07:02.084  1000  1449  1449 I sysui_multi_action: [757,1243,758,4,806,com.android.contacts,1241,android.permission.WRITE_CONTACTS]
02-17 17:07:02.084  1000  1449  1449 I sysui_multi_action: [757,1243,758,4,806,com.android.contacts,1241,android.permission.GET_ACCOUNTS]
02-17 17:07:02.084  1000  1449  1449 I sysui_multi_action: [757,1243,758,4,806,com.android.contacts,1241,android.permission.READ_CONTACTS]
02-17 17:07:02.084  1000  1449  1449 I sysui_multi_action: [757,1243,758,4,806,com.android.dialer,1241,android.permission.POST_NOTIFICATIONS]
02-17 17:07:02.084  1000  1449  1449 I sysui_multi_action: [757,1243,758,4,806,com.android.dialer,1241,android.permission.READ_CALL_LOG]
02-17 17:07:02.084  1000  1449  1449 I sysui_multi_action: [757,1243,758,4,806,com.android.dialer,1241,android.permission.READ_PHONE_STATE]
02-17 17:07:02.084  1000  1449  1449 I sysui_multi_action: [757,1243,758,4,806,com.android.dialer,1241,android.permission.SEND_SMS]
02-17 17:07:02.084  1000  1449  1449 I sysui_multi_action: [757,1243,758,4,806,com.android.dialer,1241,android.permission.CALL_PHONE]
02-17 17:07:02.084  1000  1449  1449 I sysui_multi_action: [757,1243,758,4,806,com.android.dialer,1241,android.permission.WRITE_CONTACTS]
02-17 17:07:02.085  1000  1449  1449 I sysui_multi_action: [757,1243,758,4,806,com.android.dialer,1241,android.permission.CAMERA]
02-17 17:07:02.085  1000  1449  1449 I sysui_multi_action: [757,1243,758,4,806,com.android.dialer,1241,android.permission.WRITE_CALL_LOG]
02-17 17:07:02.085  1000  1449  1449 I sysui_multi_action: [757,1243,758,4,806,com.android.dialer,1241,android.permission.PROCESS_OUTGOING_CALLS]
02-17 17:07:02.085  1000  1449  1449 I sysui_multi_action: [757,1243,758,4,806,com.android.dialer,1241,android.permission.GET_ACCOUNTS]
02-17 17:07:02.085  1000  1449  1449 I sysui_multi_action: [757,1243,758,4,806,com.android.dialer,1241,android.permission.READ_CONTACTS]
02-17 17:07:02.085  1000  1449  1449 I sysui_multi_action: [757,1243,758,4,806,com.android.dialer,1241,com.android.voicemail.permission.ADD_VOICEMAIL]
02-17 17:07:02.085  1000  1449  1449 I sysui_multi_action: [757,1243,758,4,806,com.android.camera2,1241,android.permission.CAMERA]
02-17 17:07:02.085  1000  1449  1449 I sysui_multi_action: [757,1243,758,4,806,com.android.camera2,1241,android.permission.RECORD_AUDIO]
02-17 17:07:02.085  1000  1449  1449 I sysui_multi_action: [757,1243,758,4,806,com.android.messaging,1241,android.permission.READ_SMS]
02-17 17:07:02.085  1000  1449  1449 I sysui_multi_action: [757,1243,758,4,806,com.android.messaging,1241,android.permission.POST_NOTIFICATIONS]
02-17 17:07:02.085  1000  1449  1449 I sysui_multi_action: [757,1243,758,4,806,com.android.messaging,1241,android.permission.READ_MEDIA_VISUAL_USER_SELECTED]
02-17 17:07:02.085  1000  1449  1449 I sysui_multi_action: [757,1243,758,4,806,com.android.messaging,1241,android.permission.RECEIVE_MMS]
02-17 17:07:02.085  1000  1449  1449 I sysui_multi_action: [757,1243,758,4,806,com.android.messaging,1241,android.permission.RECEIVE_SMS]
02-17 17:07:02.085  1000  1449  1449 I sysui_multi_action: [757,1243,758,4,806,com.android.messaging,1241,android.permission.READ_EXTERNAL_STORAGE]
02-17 17:07:02.085  1000  1449  1449 I sysui_multi_action: [757,1243,758,4,806,com.android.messaging,1241,android.permission.READ_PHONE_STATE]
02-17 17:07:02.085  1000  1449  1449 I sysui_multi_action: [757,1243,758,4,806,com.android.messaging,1241,android.permission.SEND_SMS]
02-17 17:07:02.085  1000  1449  1449 I sysui_multi_action: [757,1243,758,4,806,com.android.messaging,1241,android.permission.CALL_PHONE]
02-17 17:07:02.085  1000  1449  1449 I sysui_multi_action: [757,1243,758,4,806,com.android.messaging,1241,android.permission.READ_MEDIA_IMAGES]
02-17 17:07:02.085  1000  1449  1449 I sysui_multi_action: [757,1243,758,4,806,com.android.messaging,1241,android.permission.WRITE_CONTACTS]
02-17 17:07:02.085  1000  1449  1449 I sysui_multi_action: [757,1243,758,4,806,com.android.messaging,1241,android.permission.CAMERA]
02-17 17:07:02.086  1000  1449  1449 I sysui_multi_action: [757,1243,758,4,806,com.android.messaging,1241,android.permission.READ_MEDIA_AUDIO]
02-17 17:07:02.086  1000  1449  1449 I sysui_multi_action: [757,1243,758,4,806,com.android.messaging,1241,android.permission.READ_MEDIA_VIDEO]
02-17 17:07:02.086  1000  1449  1449 I sysui_multi_action: [757,1243,758,4,806,com.android.messaging,1241,android.permission.WRITE_EXTERNAL_STORAGE]
02-17 17:07:02.086  1000  1449  1449 I sysui_multi_action: [757,1243,758,4,806,com.android.messaging,1241,android.permission.RECORD_AUDIO]
02-17 17:07:02.086  1000  1449  1449 I sysui_multi_action: [757,1243,758,4,806,com.android.messaging,1241,android.permission.READ_CONTACTS]
02-17 17:07:02.086  1000  1449  1449 I sysui_multi_action: [757,1243,758,4,806,com.android.messaging,1241,android.permission.ACCESS_MEDIA_LOCATION]
02-17 17:07:02.086  1000  1449  1449 I sysui_multi_action: [757,1243,758,4,806,com.android.calendar,1241,android.permission.READ_CALENDAR]
02-17 17:07:02.086  1000  1449  1449 I sysui_multi_action: [757,1243,758,4,806,com.android.calendar,1241,android.permission.POST_NOTIFICATIONS]
02-17 17:07:02.086  1000  1449  1449 I sysui_multi_action: [757,1243,758,4,806,com.android.calendar,1241,android.permission.WRITE_CALENDAR]
02-17 17:07:02.086  1000  1449  1449 I sysui_multi_action: [757,1243,758,4,806,com.android.calendar,1241,android.permission.GET_ACCOUNTS]
02-17 17:07:02.086  1000  1449  1449 I sysui_multi_action: [757,1243,758,4,806,com.android.calendar,1241,android.permission.READ_CONTACTS]
02-17 17:07:02.086  1000  1449  1449 I sysui_multi_action: [757,1243,758,4,806,com.android.music,1241,android.permission.READ_MEDIA_VISUAL_USER_SELECTED]
02-17 17:07:02.086  1000  1449  1449 I sysui_multi_action: [757,1243,758,4,806,com.android.music,1241,android.permission.READ_EXTERNAL_STORAGE]
02-17 17:07:02.086  1000  1449  1449 I sysui_multi_action: [757,1243,758,4,806,com.android.music,1241,android.permission.READ_MEDIA_IMAGES]
02-17 17:07:02.086  1000  1449  1449 I sysui_multi_action: [757,1243,758,4,806,com.android.music,1241,android.permission.READ_MEDIA_AUDIO]
02-17 17:07:02.086  1000  1449  1449 I sysui_multi_action: [757,1243,758,4,806,com.android.music,1241,android.permission.READ_MEDIA_VIDEO]
02-17 17:07:02.086  1000  1449  1449 I sysui_multi_action: [757,1243,758,4,806,com.android.launcher3,1241,android.permission.POST_NOTIFICATIONS]
02-17 17:07:02.086  1000  1449  1449 I sysui_multi_action: [757,1243,758,4,806,com.android.emergency,1241,android.permission.READ_PHONE_STATE]
02-17 17:07:02.086  1000  1449  1449 I sysui_multi_action: [757,1243,758,4,806,com.android.emergency,1241,android.permission.CALL_PHONE]
02-17 17:07:02.086  1000  1449  1449 I sysui_multi_action: [757,1243,758,4,806,com.android.emergency,1241,android.permission.READ_CONTACTS]
02-17 17:07:02.086  1000  1449  1449 I sysui_multi_action: [757,1243,758,4,806,com.android.storagemanager,1241,android.permission.POST_NOTIFICATIONS]
02-17 17:07:02.087  1000  1449  1449 I sysui_multi_action: [757,1243,758,4,806,com.android.storagemanager,1241,android.permission.READ_EXTERNAL_STORAGE]
02-17 17:07:02.087  1000  1449  1449 I sysui_multi_action: [757,1243,758,4,806,com.android.storagemanager,1241,android.permission.WRITE_EXTERNAL_STORAGE]
02-17 17:07:02.087  1000  1449  1449 I sysui_multi_action: [757,1243,758,4,806,com.android.systemui,1241,android.permission.POST_NOTIFICATIONS]
02-17 17:07:02.087  1000  1449  1449 I sysui_multi_action: [757,1243,758,4,806,com.android.systemui,1241,android.permission.BLUETOOTH_CONNECT]
02-17 17:07:02.087  1000  1449  1449 I sysui_multi_action: [757,1243,758,4,806,com.android.systemui,1241,android.permission.READ_EXTERNAL_STORAGE]
02-17 17:07:02.087  1000  1449  1449 I sysui_multi_action: [757,1243,758,4,806,com.android.systemui,1241,android.permission.CAMERA]
02-17 17:07:02.087  1000  1449  1449 I sysui_multi_action: [757,1243,758,4,806,com.android.systemui,1241,android.permission.BLUETOOTH_ADVERTISE]
02-17 17:07:02.087  1000  1449  1449 I sysui_multi_action: [757,1243,758,4,806,com.android.systemui,1241,android.permission.GET_ACCOUNTS]
02-17 17:07:02.087  1000  1449  1449 I sysui_multi_action: [757,1243,758,4,806,com.android.systemui,1241,android.permission.RECORD_AUDIO]
02-17 17:07:02.087  1000  1449  1449 I sysui_multi_action: [757,1243,758,4,806,com.android.systemui,1241,android.permission.READ_CONTACTS]
02-17 17:07:02.087  1000  1449  1449 I sysui_multi_action: [757,1243,758,4,806,com.android.systemui,1241,android.permission.BLUETOOTH_SCAN]
02-17 17:07:02.087  1000  1449  1449 I sysui_multi_action: [757,1243,758,4,806,com.android.permissioncontroller,1241,android.permission.POST_NOTIFICATIONS]
02-17 17:07:02.087  1000  1449  1449 I sysui_multi_action: [757,1243,758,4,806,android.ext.services,1241,android.permission.ACCESS_COARSE_LOCATION]
02-17 17:07:02.087  1000  1449  1449 I sysui_multi_action: [757,1243,758,4,806,com.android.providers.media.module,1241,android.permission.POST_NOTIFICATIONS]
02-17 17:07:02.087  1000  1449  1449 I sysui_multi_action: [757,1243,758,4,806,com.android.providers.media.module,1241,android.permission.READ_EXTERNAL_STORAGE]
02-17 17:07:02.087  1000  1449  1449 I sysui_multi_action: [757,1243,758,4,806,com.android.providers.media.module,1241,android.permission.WRITE_EXTERNAL_STORAGE]
02-17 17:07:02.087  1000  1449  1449 I sysui_multi_action: [757,1243,758,4,806,com.android.devicelockcontroller,1241,android.permission.POST_NOTIFICATIONS]
02-17 17:07:02.087  1000  1449  1449 I sysui_multi_action: [757,1243,758,4,806,com.android.cellbroadcastreceiver.module,1241,android.permission.READ_SMS]
02-17 17:07:02.088  1000  1449  1449 I sysui_multi_action: [757,1243,758,4,806,com.android.cellbroadcastreceiver.module,1241,android.permission.POST_NOTIFICATIONS]
02-17 17:07:02.088  1000  1449  1449 I sysui_multi_action: [757,1243,758,4,806,com.android.cellbroadcastreceiver.module,1241,android.permission.RECEIVE_SMS]
02-17 17:07:02.088  1000  1449  1449 I sysui_multi_action: [757,1243,758,4,806,com.android.cellbroadcastreceiver.module,1241,android.permission.BLUETOOTH_CONNECT]
02-17 17:07:02.088  1000  1449  1449 I sysui_multi_action: [757,1243,758,4,806,com.android.cellbroadcastreceiver.module,1241,android.permission.READ_CELL_BROADCASTS]
02-17 17:07:02.097  1000  1449  1704 I commit_sys_config_file: [notification-policy,1]
02-17 17:07:02.119  1000  1449  1449 I boot_progress_ams_ready: 23300
02-17 17:07:02.120  1000  1449  1449 I configuration_changed: 268435456
02-17 17:07:02.145  1000  1449  1449 I thermal_changed: [soft_ocp_cpu1,7,0.000000,0,0]
02-17 17:07:02.145  1000  1449  1449 I thermal_changed: [soft_ocp_cpu2,7,0.000000,0,0]
02-17 17:07:02.145  1000  1449  1449 I thermal_changed: [FLASH_LED_REDUCE,-1,0.000000,0,0]
02-17 17:07:02.145  1000  1449  1449 I thermal_changed: [ocp_tpu,7,0.000000,0,0]
02-17 17:07:02.145  1000  1449  1449 I thermal_changed: [gnss_tcxo_therm,-1,28.055002,0,0]
02-17 17:07:02.145  1000  1449  1449 I thermal_changed: [BCL_BATOILO_TPU_LOW_TEMP,7,0.000000,0,0]
02-17 17:07:02.145  1000  1449  1449 I thermal_changed: [BCL_TPU_LOW_TEMP,7,-242000.000000,0,0]
02-17 17:07:02.145  1000  1449  1449 I thermal_changed: [soc,8,23.000000,0,0]
02-17 17:07:02.145  1000  1449  1449 I thermal_changed: [battery,2,24.200001,0,0]
02-17 17:07:02.145  1000  1449  1449 I thermal_changed: [BCL_BATOILO_GPU,7,0.000000,0,0]
02-17 17:07:02.145  1000  1449  1449 I thermal_changed: [TPU,9,48.000004,0,0]
02-17 17:07:02.145  1000  1449  1449 I thermal_changed: [G3D,1,49.000004,0,0]
02-17 17:07:02.145  1000  1449  1449 I thermal_changed: [BIG,0,58.000004,0,0]
02-17 17:07:02.145  1000  1449  1449 I thermal_changed: [BCL_BATOILO_TPU,7,0.000000,0,0]
02-17 17:07:02.145  1000  1449  1449 I thermal_changed: [BCL_GPU_LOW_TEMP,7,-242000.000000,0,0]
02-17 17:07:02.145  1000  1449  1449 I thermal_changed: [LITTLE,0,57.000004,0,0]
