02-17 17:07:03.824 radio  1085  1231 V RIL     : [6]th Call ID : -1, state(0)
02-17 17:07:03.824 radio  1085  1231 V RIL     : [7]th Call ID : -1, state(0)
02-17 17:07:03.824 radio  1085  1231 V RIL     : [8]th Call ID : -1, state(0)
02-17 17:07:03.824 radio  1085  1231 V RIL     : [9]th Call ID : -1, state(0)
02-17 17:07:03.824 radio  1085  1231 I RIL     : [CsService_0] BuildCallListResponse
02-17 17:07:03.824 radio  1085  1231 I RIL     : [RilContext_0] OnRequestComplete 
02-17 17:07:03.824 radio  1085  1231 I RIL     : [RilContext_0] ProcessSolicitedResponse Request ID=9
02-17 17:07:03.824 radio  1085  1231 D RILC    : RequestComplete, RIL_SOCKET_1
02-17 17:07:03.824 radio  1085  1231 E RILC    : Calling responseFunction() for token 16
02-17 17:07:03.824 radio  1085  1231 D RILC-HIDL: HidlHalVoiceResponse_1_6::getCurrentCallsResponse_1_6: serial 16
02-17 17:07:03.824 radio  3059  3059 D RILJ    : [0031]> SEND_DEVICE_STATE 2:false [PHONE0]
02-17 17:07:03.824 radio  1085  1231 D RILC-AIDL_SERVICE: RadioVoiceResponseHook::getCurrentCallsResponse_1_6 mVoiceCb=0xb40000791d6a2b28
02-17 17:07:03.824 radio  1085  1231 V RIL     : [RilContext_0] RemoveRequestHistory  token=0x0020
02-17 17:07:03.824 radio  1085  1085 D RILC    : sendDeviceState: serial 31
02-17 17:07:03.824 radio  1085  1264 V RIL     : [/dev/umts_ipc1][RX] SIT_GET_SIM_STATUS, RSP, 80 bytes, Token(0x001f), OK(RCM_E_SUCCESS)
02-17 17:07:03.824 radio  1085  1264 V RIL     :  01 00 00 02 50 00 1f 00   00 00 00 00 01 03 00 01  
02-17 17:07:03.824 radio  1085  1264 V RIL     :  00 1b 3b 9f 97 c0 0a b1   fe 45 3f c6 83 80 31 e0  
02-17 17:07:03.824 radio  1085  1264 V RIL     :  73 fe 21 1f 65 d0 02 34   15 69 81 0f 21 00 00 00  
02-17 17:07:03.824 radio  1085  1264 V RIL     :  00 00 00 00 00 00 00 00   00 00 00 00 00 00 10 89  
02-17 17:07:03.824 radio  1085  1264 V RIL     :  03 30 23 42 71 00 00 00   00 00 85 81 79 65 63 00  
02-17 17:07:03.824 radio  1085  1264 I RIL     : [RilContext_1] ProcessModemData 
02-17 17:07:03.824 radio  1085  1264 V RIL     : WaitList::Find() found record : token=0x001F SrcService ID =3 DestService ID=3 Result Id=2002
02-17 17:07:03.824 radio  1085  1085 I RILC-CommandInfo: getCommandInfo found {request=138 halVer=00}
02-17 17:07:03.824 radio  1085  1264 V RIL     : [RilContext_1] SendMessage RCM Response Routing : Type=0001, RCM ID=0x0200 Service ID=3 Message ID=2002
02-17 17:07:03.824 radio  1085  1264 V RIL     : [ServiceMgr] msg(0xb40000797d69afb0) msgId=2002 svc=SimService_1(3) direction=Response
02-17 17:07:03.824 radio  1085  1085 V RIL     : [RilContext_0] SendMessage RIL Request Routing : RCM ID=138 Service ID=4 Message ID=5011 delayMillis=0
02-17 17:07:03.824 radio  1085  1233 I RIL     : [RilContext_0] OnRequestComplete 
02-17 17:07:03.824 radio  1085  1085 V RIL     : [ServiceMgr] msg(0xb40000797d69c520) msgId=5011 svc=MiscService_0(4) direction=Request
02-17 17:07:03.824 radio  1085  1233 I RIL     : [RilContext_0] ProcessSolicitedResponse Request ID=200
02-17 17:07:03.824 radio  1085  1233 D RILC    : RequestComplete, RIL_SOCKET_1
02-17 17:07:03.824 radio  1085  1233 E RILC    : Calling responseFunction() for token 13
02-17 17:07:03.824 radio  1085  1233 D RILC-AIDL_SERVICE: GetSimSlotsStatusCommand::onResponse: serial 13
02-17 17:07:03.824 radio  1085  1233 D RILC-AIDL_SERVICE: GetSimSlotsStatusCommand::onResponse sstVer:[20]
02-17 17:07:03.824 radio  1085  1247 V RIL     : [/dev/umts_ipc0][RX] SIT_GET_BASEBAND_VERSION, RSP, 333 bytes, Token(0x0021), OK(RCM_E_SUCCESS)
02-17 17:07:03.824 radio  1085  1247 V RIL     :  01 00 01 09 4d 01 21 00   00 00 00 00 ff 67 35 33  
02-17 17:07:03.824 radio  1085  1247 V RIL     :  30 30 71 2d 32 35 30 39   30 39 2d 32 35 31 30 32  
02-17 17:07:03.824 radio  1085  1247 V RIL     :  34 2d 42 2d 31 34 33 32   36 39 36 37 00 30 00 00  
02-17 17:07:03.824 radio  1085  1247 V RIL     :  00 00 00 00 00 00 00 00   00 00 00 00 00 00 00 00  
02-17 17:07:03.824 radio  1085  1247 V RIL     :  00 00 00 00 00 00 00 00   00 00 00 00 00 00 00 00  
02-17 17:07:03.824 radio  1085  1247 V RIL     :  00 00 00 00 00 00 00 00   00 00 00 00 00 00 00 00  
02-17 17:07:03.824 radio  1085  1247 V RIL     :  00 00 00 00 00 00 00 00   00 00 00 00 00 00 00 00  
02-17 17:07:03.824 radio  1085  1247 V RIL     :  00 00 00 00 00 00 00 00   00 00 00 00 00 00 00 00  
02-17 17:07:03.824 radio  1085  1247 V RIL     :  00 00 00 00 00 00 00 00   00 00 00 00 00 55 4e 4b  
02-17 17:07:03.824 radio  1085  1247 V RIL     :  4e 00 00 00 00 00 00 00   00 00 00 00 00 00 00 00  
02-17 17:07:03.824 radio  1085  1247 V RIL     :  00 00 00 00 00 00 00 00   00 00 00 00 00 00 00 00  
02-17 17:07:03.824 radio  1085  1247 V RIL     :  00 00 00 00 00 00 00 00   00 00 00 00 00 00 00 00  
02-17 17:07:03.824 radio  1085  1247 V RIL     :  00 00 00 00 00 00 00 00   00 00 00 00 00 00 00 00  
02-17 17:07:03.824 radio  1085  1247 V RIL     :  00 00 00 00 00 00 00 00   00 00 00 00 00 00 00 00  
02-17 17:07:03.824 radio  1085  1247 V RIL     :  00 00 00 00 00 00 00 00   00 00 00 00 00 00 00 00  
02-17 17:07:03.824 radio  1085  1247 V RIL     :  00 00 00 00 00 00 00 00   00 00 00 00 00 00 00 00  
02-17 17:07:03.824 radio  1085  1247 V RIL     :  00 00 00 00 00 00 35 33   30 30 00 00 00 00 00 00  
02-17 17:07:03.824 radio  1085  1247 V RIL     :  00 00 00 00 00 00 ee 00   00 00 00 41 49 4d 53 5f  
02-17 17:07:03.824 radio  1085  1247 V RIL     :  33 47 50 50 52 65 6c 31   33 00 00 00 00 00 00 00  
02-17 17:07:03.824 radio  1085  1247 V RIL     :  00 00 00 00 00 00 00 00   00 00 00 00 00 00 00 00  
02-17 17:07:03.824 radio  1085  1247 V RIL     :  00 00 00 00 00 00 00 00   00 00 00 00 00
02-17 17:07:03.824 radio  3059  3102 D RILJ    : [0016]< GET_CURRENT_CALLS {} [PHONE0]
02-17 17:07:03.825 radio  3059  3252 D RadioConfigResponseAidl: [0013]< GET_SLOT_STATUS [IccSlotStatus {CARDSTATE_PRESENT,atr=3B9F97C00AB1FE453FC6838031E073FE211F65D002341569810F21,eid=89033023427100000000008581796563,num_ports=2, IccSimPortInfo-0{iccid=,logicalSlotIndex=1,portActive=true}, IccSimPortInfo-1{iccid=,logicalSlotIndex=-1,portActive=false}, SupportedMepMode=NONE}, IccSlotStatus {CARDSTATE_ABSENT,atr=,eid=,num_ports=1, IccSimPortInfo-0{iccid=,logicalSlotIndex=0,portActive=true}, SupportedMepMode=NONE}]
02-17 17:07:03.825 radio  1085  1247 I RIL     : [RilContext_0] ProcessModemData 
02-17 17:07:03.825 radio  3059  3059 D RILJ    : [0032]> SEND_DEVICE_STATE 0:false [PHONE0]
02-17 17:07:03.825 radio  1085  1247 V RIL     : WaitList::Find() found record : token=0x0021 SrcService ID =4 DestService ID=4 Result Id=5001
02-17 17:07:03.825 radio  1085  1247 V RIL     : [RilContext_0] SendMessage RCM Response Routing : Type=0001, RCM ID=0x0901 Service ID=4 Message ID=5001
02-17 17:07:03.825 radio  1085  1247 V RIL     : [ServiceMgr] msg(0xb40000797d698cb0) msgId=5001 svc=MiscService_0(4) direction=Response
02-17 17:07:03.825 radio  1085  1247 V RIL     : [/dev/umts_ipc0][RX] SIT_GET_RADIO_CAPABILITY, RSP, 16 bytes, Token(0x0022), OK(RCM_E_SUCCESS)
02-17 17:07:03.825 radio  1085  1247 V RIL     :  01 00 18 07 10 00 22 00   00 00 00 00 88 02 04 00  
02-17 17:07:03.825 radio  1085  1247 I RIL     : [RilContext_0] ProcessModemData 
02-17 17:07:03.825 radio  1085  1247 V RIL     : WaitList::Find() found record : token=0x0022 SrcService ID =5 DestService ID=5 Result Id=4051
02-17 17:07:03.825 radio  1085  1247 V RIL     : [RilContext_0] SendMessage RCM Response Routing : Type=0001, RCM ID=0x0718 Service ID=5 Message ID=4051
02-17 17:07:03.825 radio  1085  1247 V RIL     : [ServiceMgr] msg(0xb40000797d697eb0) msgId=4051 svc=NetworkService_0(5) direction=Response
02-17 17:07:03.825 radio  3059  3059 D RILJ    : [0033]> SET_UNSOLICITED_RESPONSE_FILTER -1 [PHONE0]
02-17 17:07:03.826 radio  1085  1235 I RIL     : [NetworkService_0] OnGetRCNetworkTypeDone()
02-17 17:07:03.826 radio  1085  1235 W RIL     : Use modem RAF!!!
02-17 17:07:03.826 radio  1085  1235 V RIL     : RAF=1822222(001BCE0E)
02-17 17:07:03.826 radio  1085  1235 V RIL     :   NETWORK_TYPE_BITMAP_GSM: true
02-17 17:07:03.826 radio  1085  1235 V RIL     :   NETWORK_TYPE_BITMAP_WCDMA: true
02-17 17:07:03.826 radio  1085  1235 V RIL     :   NETWORK_TYPE_BITMAP_CDMA: false
02-17 17:07:03.826 radio  1085  1235 V RIL     :   NETWORK_TYPE_BITMAP_EVDO: false
02-17 17:07:03.826 radio  1085  1235 V RIL     :   NETWORK_TYPE_BITMAP_LTE: true
02-17 17:07:03.826 radio  1085  1235 V RIL     :   NETWORK_TYPE_BITMAP_NR: true
02-17 17:07:03.826 radio  1085  1235 V RIL     :   NETWORK_TYPE_BITMAP_TDS_CDMA: true
02-17 17:07:03.826 radio  1085  1235 I RIL     : [RilContext_0] OnRequestComplete 
02-17 17:07:03.826 radio  1085  1235 I RIL     : [RilContext_0] ProcessSolicitedResponse Request ID=130
02-17 17:07:03.826 radio  1085  1235 D RILC    : RequestComplete, RIL_SOCKET_1
02-17 17:07:03.826 radio  1085  1235 E RILC    : Calling responseFunction() for token 20
02-17 17:07:03.826 radio  1085  1235 D RILC-HIDL: HidlHalModemResponse::getRadioCapabilityResponse: serial 20
02-17 17:07:03.826 radio  3059  3059 D RILJ    : [0034]> SET_LINK_CAPACITY_REPORTING_CRITERIA [PHONE0]
02-17 17:07:03.826 radio  1085  1235 D RILC-AIDL_SERVICE: RadioModemResponseHook::getRadioCapabilityResponse mModemCb=0xb4000079ad69fbe8
02-17 17:07:03.826 radio  1085  1235 V RIL     : [RilContext_0] RemoveRequestHistory  token=0x0022
02-17 17:07:03.826 radio  1085  1235 I RIL     : [NetworkService_0] DoVoiceRadioTech()
02-17 17:07:03.826 radio  1085  1235 I RIL     : [NetworkService_0] DoVoiceRadioTech() Voice Radio Tech is unknown or not registered
02-17 17:07:03.826 radio  1085  1235 I RIL     : [RilContext_0] OnRequestComplete 
02-17 17:07:03.826 radio  1085  1235 I RIL     : [RilContext_0] ProcessSolicitedResponse Request ID=108
02-17 17:07:03.826 radio  1085  1235 D RILC    : RequestComplete, RIL_SOCKET_1
02-17 17:07:03.826 radio  1085  1235 E RILC    : Calling responseFunction() for token 22
02-17 17:07:03.826 radio  1085  1235 D RILC-HIDL: HidlHalNetworkResponse::getVoiceRadioTechnologyResponse: serial 22
02-17 17:07:03.826 radio  1085  1235 D RILC-AIDL_SERVICE: RadioNetworkResponseHook::getVoiceRadioTechnologyResponse mNetworkCb=0xb40000791d6a20d8
02-17 17:07:03.826 radio  1085  1234 I RIL     : [MiscService_0] BasebandVersionHandler OnResponse()
02-17 17:07:03.826 radio  3059  3059 D RILJ    : [0035]> SET_LINK_CAPACITY_REPORTING_CRITERIA [PHONE0]
02-17 17:07:03.826 radio  3059  3059 D RILJ    : [0036]> SET_LINK_CAPACITY_REPORTING_CRITERIA [PHONE0]
02-17 17:07:03.826 radio  3059  3059 D RILJ    : [0037]> SET_LINK_CAPACITY_REPORTING_CRITERIA [PHONE0]
02-17 17:07:03.826 radio  1085  1250 I RIL     : SimService_1::OnGetSimStatusDone() [<-- 
02-17 17:07:03.826 radio  3059  3102 D RILJ    : convertHalRadioCapability: session=0, phase=0, rat=906119, logicModemUuid=exynos_modem0, status=0, rcRil.raf=1822222 [PHONE0]
02-17 17:07:03.826 radio  1085  1250 I RIL     : SimService_1::BuildSimStatus() [<-- 
02-17 17:07:03.826 radio  1085  1250 V RIL     : SimService_1::BuildSimStatus() CardState:RIL_CARDSTATE_PRESENT, NumApps:0
02-17 17:07:03.826 radio  1085  1250 V RIL     : SimService_1::BuildSimStatus() AppIdx(GSM/UMTS:-1, CDMA:-1, IMS:-1)
02-17 17:07:03.826 radio  3059  3102 D RILJ    : [0020]< GET_RADIO_CAPABILITY {mPhoneId = 0 mVersion=1 mSession=0 mPhase=0 mRadioAccessFamily=906119 mLogicModemId=exynos_modem0 mStatus=0} [PHONE0]
02-17 17:07:03.826 radio  1085  1233 V RIL     : [RilContext_0] RemoveRequestHistory  token=0x001E
02-17 17:07:03.826 radio  3059  3059 D RILJ    : [0038]> SET_LINK_CAPACITY_REPORTING_CRITERIA [PHONE0]
02-17 17:07:03.826 radio  1085  1233 I RIL     : Dispose() ProtocolSimSlotStatusAdapter is disposed
02-17 17:07:03.826 radio  1085  1233 I RIL     : SimService_0::DoGetSimStatus() [<-- 
02-17 17:07:03.826 radio  1085  1233 I RIL     : [RilContext_0] Send 
02-17 17:07:03.826 radio  1085  1233 V RIL     : [RilContext_0] RecordRequestHistory token=0x0023
02-17 17:07:03.826 radio  1085  1233 I RIL     : [RilContext_0] Send 
02-17 17:07:03.826 radio  1085  1085 D RILC    : sendDeviceState: serial 32
02-17 17:07:03.826 radio  1085  1233 V RIL     : [/dev/umts_ipc0][TX] SIT_GET_SIM_STATUS, REQ, 12 bytes, Token(0x0023)
02-17 17:07:03.826 radio  1085  1233 V RIL     :  00 00 00 02 0c 00 23 00   00 00 00 00
02-17 17:07:03.826 radio  1085  1085 I RILC-CommandInfo: getCommandInfo found {request=138 halVer=00}
02-17 17:07:03.827 radio  1085  1085 V RIL     : [RilContext_0] SendMessage RIL Request Routing : RCM ID=138 Service ID=4 Message ID=5011 delayMillis=0
02-17 17:07:03.827 radio  3059  3059 D RILJ    : [0039]> SEND_DEVICE_STATE 1:true [PHONE0]
02-17 17:07:03.827 radio  1085  1085 V RIL     : [ServiceMgr] msg(0xb40000797d697c80) msgId=5011 svc=MiscService_0(4) direction=Request
02-17 17:07:03.827 radio  1085  1085 D RILC    : setIndicationFilter_1_5: 33
02-17 17:07:03.827 radio  1085  1085 I RILC-CommandInfo: getCommandInfo found {request=139 halVer=15}
02-17 17:07:03.827 radio  1085  1085 V RIL     : [RilContext_0] SendMessage RIL Request Routing : RCM ID=139 Service ID=4 Message ID=5101 delayMillis=0
02-17 17:07:03.827 radio  1085  1085 V RIL     : [ServiceMgr] msg(0xb40000797d69b480) msgId=5101 svc=MiscService_0(4) direction=Request
02-17 17:07:03.827 radio  3059  3059 D RILJ    : [0040]> SEND_DEVICE_STATE 2:false [PHONE0]
02-17 17:07:03.827 radio  1085  1085 D RILC    : sendDeviceState: serial 39
02-17 17:07:03.827 radio  1085  1085 I RILC-CommandInfo: getCommandInfo found {request=138 halVer=00}
02-17 17:07:03.827 radio  1085  1085 V RIL     : [RilContext_0] SendMessage RIL Request Routing : RCM ID=138 Service ID=4 Message ID=5011 delayMillis=0
02-17 17:07:03.827 radio  1085  1085 V RIL     : [ServiceMgr] msg(0xb40000797d69cf30) msgId=5011 svc=MiscService_0(4) direction=Request
02-17 17:07:03.827 radio  1085  1233 I RIL     : SimService_0::DoGetSimStatus() [--> 
02-17 17:07:03.827 radio  3059  3059 D RILJ    : [0041]> SEND_DEVICE_STATE 0:false [PHONE0]
02-17 17:07:03.827 radio  1085  1250 V RIL     : GetOppositeRilContext Get RilContext(0)
02-17 17:07:03.827 radio  1085  1085 D RILC    : setLinkCapacityReportingCriteria_1_5: 34
02-17 17:07:03.827 radio  1085  1250 V RIL     : [RilContext_1] GetRilContext socket_id:0
02-17 17:07:03.827 radio  1085  1085 I RILC-CommandInfo: getCommandInfo found {request=203 halVer=15}
02-17 17:07:03.827 radio  1085  1250 V RIL     : [RilContext_1] GetRilContext return socketid(0)'s RilContext
02-17 17:07:03.827 radio  1085  1250 V RIL     : [RilContext_0] GetService return service(3)
02-17 17:07:03.827 radio  1085  1250 V RIL     : SimService_1::BuildSimStatus() IMS(X), 3G(X), GSM(X)
02-17 17:07:03.827 radio  1085  1250 V RIL     : SimService_1::BuildSimStatus() eSIM No Profile(TRUE), ATR(3B9F97C00AB1FE453FC6838031E073FE211F65D002341569810F21), ICCID(), EID(89033023427100000000008581796563)
02-17 17:07:03.827 radio  1085  1250 V RIL     : SimService_1::BuildSimStatus() physicalSlotId(0), PortId(0), supportedMepMode(0)
02-17 17:07:03.827 radio  1085  1250 I RIL     : SimService_1::BuildSimStatus() [--> 
02-17 17:07:03.827 radio  1085  1250 I RIL     : SimService_1::CheckDisabledIccid() [<-- 
02-17 17:07:03.827 radio  1085  1250 I RIL     : [RilContext_1] OnRequestComplete 
02-17 17:07:03.827 radio  1085  1250 I RIL     : [RilContext_1] ProcessSolicitedResponse Request ID=1
02-17 17:07:03.827 radio  1085  1250 I RIL     : [1] SetCardStatus SIM/USIM: not exist RUIM/CSIM: not exist ISIM: not exist
02-17 17:07:03.827 radio  1085  1250 I RIL     : [RilContext_1] BroadcastSystemMessage 
02-17 17:07:03.827 radio  3059  3059 D RILJ    : [0042]> SET_UNSOLICITED_RESPONSE_FILTER -1 [PHONE0]
02-17 17:07:03.827 radio  1085  1248 V RIL     : [CsService_1] OnSimStatusChanged Card state: 1, App state: -1
02-17 17:07:03.827 radio  1085  1250 V RIL     : [RilContext_1] ProcessIccCardStatus Broadcast System Message : MSG_SYSTEM_SIM_STATUS_CHANGED
02-17 17:07:03.827 radio  1085  1250 I RIL     : [RilContext_1] BroadcastSystemMessage 
02-17 17:07:03.827 radio  1085  1250 D RILC    : RequestComplete, RIL_SOCKET_2
02-17 17:07:03.827 radio  1085  1250 E RILC    : Calling responseFunction() for token 15
02-17 17:07:03.827 radio  1085  1250 D RILC-AIDL_SERVICE: GetIccCardStatusCommand::onResponse: serial 15
02-17 17:07:03.827 radio  1085  1250 D RILC-AIDL_SERVICE: RIL_CardStatus_V1_4 : 440
02-17 17:07:03.827 radio  3059  3059 D RILJ    : [0043]> SET_LINK_CAPACITY_REPORTING_CRITERIA [PHONE0]
02-17 17:07:03.827 radio  1085  1250 D RILC-AIDL_SERVICE: V2_0::RIL_CardStatus : 448
02-17 17:07:03.827 radio  1085  1250 D RILC-AIDL_SERVICE: responselen : 448
02-17 17:07:03.827 radio  1085  1250 V RIL     : [RilContext_1] RemoveRequestHistory  token=0x001F
02-17 17:07:03.827 radio  1085  1250 I RIL     : [RilContext_1] OnUnsolicitedResponse 
02-17 17:07:03.827 radio  1085  1250 I RIL     : [RilContext_1] ProcessUnsolicitedResponse 
02-17 17:07:03.827 radio  1085  1250 I RILC-CommandInfo: getUnsolRespInfo found {unsolResponse=1103 halVer=00}
02-17 17:07:03.827 radio  1085  1249 I RIL     : [PsService_1] OnSimStatusChanged()
02-17 17:07:03.827 radio  1085  1251 V RIL     : [MiscService_1] OnSimStatusChanged Card state: 1, App state: -1
02-17 17:07:03.827 radio  3059  3059 D RILJ    : [0044]> SET_LINK_CAPACITY_REPORTING_CRITERIA [PHONE0]
02-17 17:07:03.827 radio  1085  1252 I RIL     : [NetworkService_1] OnSimStatusChanged()
02-17 17:07:03.827 radio  1085  1252 V RIL     : GetOppositeRilContext Get RilContext(0)
02-17 17:07:03.827 radio  1085  1252 V RIL     : [RilContext_1] GetRilContext socket_id:0
02-17 17:07:03.827 radio  1085  1252 V RIL     : [RilContext_1] GetRilContext return socketid(0)'s RilContext
02-17 17:07:03.827 radio  1085  1252 V RIL     : [RilContext_0] GetService return service(5)
02-17 17:07:03.827 radio  1085  1252 I RIL     : [NetworkService_1] QueryCurrentPsDomainState()
02-17 17:07:03.827 radio  1085  1252 V RIL     : [RilContext_1] SendMessage RIL Request Routing : RCM ID=10108 Service ID=5 Message ID=4069 delayMillis=0
02-17 17:07:03.827 radio  1085  1252 V RIL     : [ServiceMgr] msg(0xb40000797d69a530) msgId=4069 svc=NetworkService_1(5) direction=Request
02-17 17:07:03.827 radio  1085  1252 V RIL     : [RilContext_1] GetService return service(3)
02-17 17:07:03.827 radio  1085  1252 I RIL     : [NetworkService_1] IsDisabledESim() eSIM is disabled: true.
02-17 17:07:03.827 radio  1085  1252 I RIL     : [EmergencyNumberManager_1] SetSimState() SIM state is changed card state: RIL_CARDSTATE_PRESENT, app state: .
02-17 17:07:03.827 radio  1085  1252 V RIL     : [RilContext_1] GetService return service(3)
02-17 17:07:03.827 radio  1085  1252 V RIL     : [RilContext_1] GetService return service(3)
02-17 17:07:03.827 radio  1085  1252 V RIL     : [RilContext_1] GetService return service(3)
02-17 17:07:03.827 radio  1085  1252 I RIL     : [DbEccInfoLoader_1] LoadDbEccInfo() SIM DB ECC ID:        , hasPresence: false, last DB ECC ID: 
02-17 17:07:03.828 radio  1085  1252 I RIL     : [DbEccInfoLoader_1] LoadDbEccInfo() Load default DB ECC.
02-17 17:07:03.828 radio  3059  3059 D RILJ    : [0045]> SET_LINK_CAPACITY_REPORTING_CRITERIA [PHONE0]
02-17 17:07:03.828 radio  1085  1252 I RIL     : [DbEccInfoLoader_1] UpdateDbEccInfo() DB ECC ID: DEFAULT_DB_ECC, isIccid: false, target MCC: DEF, target MNC: DEF.
02-17 17:07:03.828 radio  1085  1252 I RIL     : [DbEccInfoLoader_1] ReadDbEccUsingXml() filename: /data/vendor/radio/database/DbEcc_DEF.xml.
02-17 17:07:03.828 radio  3059  3059 D RILJ    : [0046]> SET_LINK_CAPACITY_REPORTING_CRITERIA [PHONE0]
02-17 17:07:03.828 radio  1085  1252 I RIL     : [DbEccInfoLoader_1] AddEccItem() target MNC is not found. Use retail list.
02-17 17:07:03.828 radio  1085  1252 I RIL     : [DbEccInfoLoader_1] LoadDbEccInfo() NET DB ECC ID:        , hasPresence: false, last DB ECC ID: 
02-17 17:07:03.828 radio  1085  1252 I RIL     : [DbEccInfoLoader_1] LoadDbEccInfo() Load default DB ECC.
02-17 17:07:03.828 radio  3059  3059 D RILJ    : [0047]> SET_LINK_CAPACITY_REPORTING_CRITERIA [PHONE0]
02-17 17:07:03.828 radio  1085  1252 I RIL     : [DbEccInfoLoader_1] UpdateDbEccInfo() DB ECC ID: DEFAULT_DB_ECC, isIccid: false, target MCC: DEF, target MNC: DEF.
02-17 17:07:03.828 radio  1085  1252 I RIL     : [DbEccInfoLoader_1] ReadDbEccUsingXml() filename: /data/vendor/radio/database/DbEcc_DEF.xml.
02-17 17:07:03.828 radio  1085  1252 I RIL     : [DbEccInfoLoader_1] AddEccItem() target MNC is not found. Use retail list.
02-17 17:07:03.828 radio  1085  1252 I RIL     : [EmergencyNumberUpdater_1] UpdateEmergencyTypeAndRouting() found entry emergency number: 112, card state: RIL_CARDSTATE_PRESENT, voice regi state: NOT_REG_AND_NOT_SEARCHING, imsRegState: NOT_REGISTERED, mIsEmcLabTestMode: false, mEmcBearerSupported: false, conditions=[ ALWAYS ].
02-17 17:07:03.828 radio  3059  3059 D NetworkTypeController: [0] DefaultState: process EVENT_INITIALIZE
02-17 17:07:03.828 radio  1085  1252 I RIL     : [EmergencyNumberUpdater_1] UpdateEmergencyTypeAndRouting() found entry emergency number: 911, card state: RIL_CARDSTATE_PRESENT, voice regi state: NOT_REG_AND_NOT_SEARCHING, imsRegState: NOT_REGISTERED, mIsEmcLabTestMode: false, mEmcBearerSupported: false, conditions=[ ALWAYS ].
02-17 17:07:03.828 radio  1085  1252 I RIL     : [EmergencyNumberUpdater_1] UpdateEmergencyTypeAndRouting() found entry emergency number: 000, card state: RIL_CARDSTATE_PRESENT, voice regi state: NOT_REG_AND_NOT_SEARCHING, imsRegState: NOT_REGISTERED, mIsEmcLabTestMode: false, mEmcBearerSupported: false, conditions=[ NO_SIM ].
02-17 17:07:03.828 radio  1085  1252 I RIL     : [EmergencyNumberUpdater_1] UpdateEmergencyTypeAndRouting() found entry emergency number: 08, card state: RIL_CARDSTATE_PRESENT, voice regi state: NOT_REG_AND_NOT_SEARCHING, imsRegState: NOT_REGISTERED, mIsEmcLabTestMode: false, mEmcBearerSupported: false, conditions=[ NO_SIM ].
02-17 17:07:03.828 radio  1085  1252 I RIL     : [EmergencyNumberUpdater_1] UpdateEmergencyTypeAndRouting() found entry emergency number: 110, card state: RIL_CARDSTATE_PRESENT, voice regi state: NOT_REG_AND_NOT_SEARCHING, imsRegState: NOT_REGISTERED, mIsEmcLabTestMode: false, mEmcBearerSupported: false, conditions=[ NO_SIM ].
02-17 17:07:03.828 radio  1085  1252 I RIL     : [EmergencyNumberUpdater_1] UpdateEmergencyTypeAndRouting() found entry emergency number: 999, card state: RIL_CARDSTATE_PRESENT, voice regi state: NOT_REG_AND_NOT_SEARCHING, imsRegState: NOT_REGISTERED, mIsEmcLabTestMode: false, mEmcBearerSupported: false, conditions=[ NO_SIM ].
02-17 17:07:03.828 radio  1085  1252 I RIL     : [EmergencyNumberUpdater_1] UpdateEmergencyTypeAndRouting() found entry emergency number: 118, card state: RIL_CARDSTATE_PRESENT, voice regi state: NOT_REG_AND_NOT_SEARCHING, imsRegState: NOT_REGISTERED, mIsEmcLabTestMode: false, mEmcBearerSupported: false, conditions=[ NO_SIM ].
02-17 17:07:03.828 radio  1085  1252 I RIL     : [EmergencyNumberUpdater_1] UpdateEmergencyTypeAndRouting() found entry emergency number: 119, card state: RIL_CARDSTATE_PRESENT, voice regi state: NOT_REG_AND_NOT_SEARCHING, imsRegState: NOT_REGISTERED, mIsEmcLabTestMode: false, mEmcBearerSupported: false, conditions=[ NO_SIM ].
02-17 17:07:03.828 radio  1085  1252 I RIL     : [EmergencyNumberUpdater_1] UpdateEmergencyTypeAndRouting() found entry emergency number: 112, card state: RIL_CARDSTATE_PRESENT, voice regi state: NOT_REG_AND_NOT_SEARCHING, imsRegState: NOT_REGISTERED, mIsEmcLabTestMode: false, mEmcBearerSupported: false, conditions=[ ALWAYS ].
02-17 17:07:03.828 radio  1085  1252 I RIL     : [EmergencyNumberUpdater_1] UpdateEmergencyTypeAndRouting() found entry emergency number: 911, card state: RIL_CARDSTATE_PRESENT, voice regi state: NOT_REG_AND_NOT_SEARCHING, imsRegState: NOT_REGISTERED, mIsEmcLabTestMode: false, mEmcBearerSupported: false, conditions=[ ALWAYS ].
02-17 17:07:03.828 radio  1085  1252 I RIL     : [EmergencyNumberUpdater_1] UpdateEmergencyTypeAndRouting() found entry emergency number: 000, card state: RIL_CARDSTATE_PRESENT, voice regi state: NOT_REG_AND_NOT_SEARCHING, imsRegState: NOT_REGISTERED, mIsEmcLabTestMode: false, mEmcBearerSupported: false, conditions=[ NO_SIM ].
02-17 17:07:03.828 radio  1085  1252 I RIL     : [EmergencyNumberUpdater_1] UpdateEmergencyTypeAndRouting() found entry emergency number: 08, card state: RIL_CARDSTATE_PRESENT, voice regi state: NOT_REG_AND_NOT_SEARCHING, imsRegState: NOT_REGISTERED, mIsEmcLabTestMode: false, mEmcBearerSupported: false, conditions=[ NO_SIM ].
02-17 17:07:03.828 radio  1085  1252 I RIL     : [EmergencyNumberUpdater_1] UpdateEmergencyTypeAndRouting() found entry emergency number: 110, card state: RIL_CARDSTATE_PRESENT, voice regi state: NOT_REG_AND_NOT_SEARCHING, imsRegState: NOT_REGISTERED, mIsEmcLabTestMode: false, mEmcBearerSupported: false, conditions=[ NO_SIM ].
02-17 17:07:03.828 radio  1085  1252 I RIL     : [EmergencyNumberUpdater_1] UpdateEmergencyTypeAndRouting() found entry emergency number: 999, card state: RIL_CARDSTATE_PRESENT, voice regi state: NOT_REG_AND_NOT_SEARCHING, imsRegState: NOT_REGISTERED, mIsEmcLabTestMode: false, mEmcBearerSupported: false, conditions=[ NO_SIM ].
02-17 17:07:03.828 radio  1085  1252 I RIL     : [EmergencyNumberUpdater_1] UpdateEmergencyTypeAndRouting() found entry emergency number: 118, card state: RIL_CARDSTATE_PRESENT, voice regi state: NOT_REG_AND_NOT_SEARCHING, imsRegState: NOT_REGISTERED, mIsEmcLabTestMode: false, mEmcBearerSupported: false, conditions=[ NO_SIM ].
02-17 17:07:03.828 radio  1085  1252 I RIL     : [EmergencyNumberUpdater_1] UpdateEmergencyTypeAndRouting() found entry emergency number: 119, card state: RIL_CARDSTATE_PRESENT, voice regi state: NOT_REG_AND_NOT_SEARCHING, imsRegState: NOT_REGISTERED, mIsEmcLabTestMode: false, mEmcBearerSupported: false, conditions=[ NO_SIM ].
02-17 17:07:03.828 radio  1085  1252 I RIL     : [EmergencyNumberUpdater_1] UpdateEmergencyTypeAndRouting() found entry emergency number: 112, card state: RIL_CARDSTATE_PRESENT, voice regi state: NOT_REG_AND_NOT_SEARCHING, imsRegState: NOT_REGISTERED, mIsEmcLabTestMode: false, mEmcBearerSupported: false, conditions=[ ALWAYS ].
02-17 17:07:03.828 radio  1085  1252 I RIL     : [RilContext_1] OnUnsolicitedResponse 
02-17 17:07:03.828 radio  1085  1252 I RIL     : [RilContext_1] ProcessUnsolicitedResponse 
02-17 17:07:03.828 radio  1085  1252 I RILC-CommandInfo: getUnsolRespInfo found {unsolResponse=1102 halVer=00}
02-17 17:07:03.828 radio  1085  1253 I RIL     : [SmsService_1] OnSimStatusChanged()
02-17 17:07:03.828 radio  1085  1258 V RIL     : StkService_1::OnSimStatusChanged() current card state :0, new card state :1
02-17 17:07:03.828 radio  1085  1260 V RIL     : [OnSimStatusChanged] Card state: 1, App state: -1
02-17 17:07:03.828 radio  3059  3091 D RILJ    : responseIccCardStatus: from AIDL: IccCardState {CARDSTATE_PRESENT,PINSTATE_DISABLED,num_apps=0,gsm_id=-1,cdma_id=-1,ims_id=-1,atr=3B9F97C00AB1FE453FC6838031E073FE211F65D002341569810F21,iccid=,eid=89033023427100000000008581796563,SupportedMepMode=NONE,SlotPortMapping={physicalSlotIndex=0, portIndex=0}} [PHONE1]
02-17 17:07:03.828 radio  3059  3091 D RILJ    : [0015]< GET_SIM_STATUS IccCardState {CARDSTATE_PRESENT,PINSTATE_DISABLED,num_apps=0,gsm_id=-1,cdma_id=-1,ims_id=-1,atr=3B9F97C00AB1FE453FC6838031E073FE211F65D002341569810F21,iccid=,eid=89033023427100000000008581796563,SupportedMepMode=NONE,SlotPortMapping={physicalSlotIndex=0, portIndex=0}} [PHONE1]
02-17 17:07:03.828 radio  1085  1235 I RIL     : [NetworkService_0] OperatorHandler OnRequest()
02-17 17:07:03.828 radio  1085  1235 I RIL     : [RilContext_0] Send 
02-17 17:07:03.828 radio  1085  1235 V RIL     : [RilContext_0] RecordRequestHistory token=0x0024
02-17 17:07:03.828 radio  1085  1235 I RIL     : [RilContext_0] Send 
02-17 17:07:03.829 radio  1085  1250 D RILC-HIDL: HidlHalSimIndication::uiccApplicationsEnablementChanged
02-17 17:07:03.829 radio  1085  1247 V RIL     : [/dev/umts_ipc0][RX] SIT_GET_SIM_STATUS, RSP, 80 bytes, Token(0x0023), OK(RCM_E_SUCCESS)
02-17 17:07:03.829 radio  1085  1247 V RIL     :  01 00 00 02 50 00 23 00   00 00 00 00 00 00 00 00  
02-17 17:07:03.829 radio  1085  1247 V RIL     :  01 00 00 00 00 00 00 00   00 00 00 00 00 00 00 00  
02-17 17:07:03.829 radio  1085  1247 V RIL     :  00 00 00 00 00 00 00 00   00 00 00 00 00 00 00 00  
02-17 17:07:03.829 radio  1085  1247 V RIL     :  00 00 00 00 00 00 00 00   00 00 00 00 00 00 00 00  
02-17 17:07:03.829 radio  1085  1247 V RIL     :  00 00 00 00 00 00 00 00   00 00 00 00 00 00 00 00  
02-17 17:07:03.829 radio  1085  1250 D RILC-AIDL_SERVICE: RadioSimIndicationHook::uiccApplicationsEnablementChanged mSimCb=0xb40000791d6a55c8
02-17 17:07:03.829 radio  1085  1247 I RIL     : [RilContext_0] ProcessModemData 
02-17 17:07:03.829 radio  1085  1247 V RIL     : WaitList::Find() found record : token=0x0023 SrcService ID =3 DestService ID=3 Result Id=2002
02-17 17:07:03.829  1000  1449  2911 W TelephonyRegistry: Pid 3059 has exceeded half the number of permissible registered listeners. Now at 65
02-17 17:07:03.829 radio  1085  1250 I RILC    : RIL_SOCKET_2 UNSOLICITED: UNSOL_UICC_APPLICATIONS_ENABLEMENT_CHANGED length:4
02-17 17:07:03.829 radio  1085  1247 V RIL     : [RilContext_0] SendMessage RCM Response Routing : Type=0001, RCM ID=0x0200 Service ID=3 Message ID=2002
02-17 17:07:03.829 radio  1085  1247 V RIL     : [ServiceMgr] msg(0xb40000797d69b100) msgId=2002 svc=SimService_0(3) direction=Response
02-17 17:07:03.829 radio  1085  1233 I RIL     : SimService_0::OnGetSimStatusDone() [<-- 
02-17 17:07:03.829 radio  1085  1233 I RIL     : SimService_0::BuildSimStatus() [<-- 
02-17 17:07:03.829 radio  1085  1233 V RIL     : SimService_0::BuildSimStatus() CardState:RIL_CARDSTATE_ABSENT, NumApps:0
02-17 17:07:03.829 radio  1085  1233 V RIL     : SimService_0::BuildSimStatus() AppIdx(GSM/UMTS:-1, CDMA:-1, IMS:-1)
02-17 17:07:03.829 radio  1085  1233 V RIL     : SimService_0::BuildSimStatus() IMS(X), 3G(X), GSM(X)
02-17 17:07:03.829 radio  1085  1233 V RIL     : SimService_0::BuildSimStatus() eSIM No Profile(FALSE), ATR(), ICCID(), EID()
02-17 17:07:03.829 radio  1085  1233 V RIL     : SimService_0::BuildSimStatus() physicalSlotId(1), PortId(0), supportedMepMode(0)
02-17 17:07:03.829 radio  1085  1233 I RIL     : SimService_0::BuildSimStatus() [--> 
02-17 17:07:03.829 radio  1085  1233 I RIL     : [RilContext_0] OnRequestComplete 
02-17 17:07:03.829 radio  1085  1233 I RIL     : [RilContext_0] ProcessSolicitedResponse Request ID=1
02-17 17:07:03.829 radio  1085  1233 I RIL     : [0] SetCardStatus CardState ABSENT or ERROR
02-17 17:07:03.829 radio  1085  1233 I RIL     : [RilContext_0] BroadcastSystemMessage 
02-17 17:07:03.829 radio  1085  1233 V RIL     : [RilContext_0] ProcessIccCardStatus Broadcast System Message : MSG_SYSTEM_SIM_STATUS_CHANGED
02-17 17:07:03.829 radio  1085  1233 I RIL     : [RilContext_0] BroadcastSystemMessage 
02-17 17:07:03.829 radio  1085  1233 D RILC    : RequestComplete, RIL_SOCKET_1
02-17 17:07:03.829 radio  1085  1233 E RILC    : Calling responseFunction() for token 14
02-17 17:07:03.829 radio  1085  1233 D RILC-AIDL_SERVICE: GetIccCardStatusCommand::onResponse: serial 14
02-17 17:07:03.829 radio  1085  1233 D RILC-AIDL_SERVICE: RIL_CardStatus_V1_4 : 440
02-17 17:07:03.829 radio  1085  1233 D RILC-AIDL_SERVICE: V2_0::RIL_CardStatus : 448
02-17 17:07:03.829 radio  1085  1233 D RILC-AIDL_SERVICE: responselen : 448
02-17 17:07:03.829 radio  3059  3059 D NetworkTypeController: [0] mOverrideTimerRules: {connected={mState=connected, mOverrideType=NR_NSA, mPrimaryTimers={}, mSecondaryTimers={}}, not_restricted_rrc_con={mState=not_restricted_rrc_con, mOverrideType=NR_NSA, mPrimaryTimers={}, mSecondaryTimers={}}, legacy={mState=legacy, mOverrideType=NONE, mPrimaryTimers={}, mSecondaryTimers={}}, not_restricted_rrc_idle={mState=not_restricted_rrc_idle, mOverrideType=NR_NSA, mPrimaryTimers={}, mSecondaryTimers={}}, restricted={mState=restricted, mOverrideType=NONE, mPrimaryTimers={}, mSecondaryTimers={}}, connected_mmwave={mState=connected_mmwave, mOverrideType=NR_NSA, mPrimaryTimers={}, mSecondaryTimers={}}, connected_rrc_idle={mState=connected_rrc_idle, mOverrideType=NR_NSA, mPrimaryTimers={}, mSecondaryTimers={}}}
02-17 17:07:03.829 radio  3059  3059 D NetworkTypeController: [0] Physical channel configs updated: not updating PCC fields for empty PCC list indicating RRC idle.
02-17 17:07:03.829 radio  1085  1243 V RIL     : [OnSimStatusChanged] Card state: 0, App state: -1
02-17 17:07:03.829 radio  1085  1245 V RIL     : [0]UpdateImsi imsiType : GSM
02-17 17:07:03.829 radio  3059  3059 D NetworkTypeController: [0] DefaultState: process EVENT_UPDATE
02-17 17:07:03.829 radio  3059  3059 D NetworkTypeController: [0] Entering LegacyState
02-17 17:07:03.829 radio  1085  1233 V RIL     : [RilContext_0] RemoveRequestHistory  token=0x0023
02-17 17:07:03.829 radio  1085  1231 V RIL     : [CsService_0] OnSimStatusChanged Card state: 0, App state: -1
02-17 17:07:03.829 radio  1085  1232 I RIL     : [PsService_0] OnSimStatusChanged()
02-17 17:07:03.829 radio  1085  1236 I RIL     : [SmsService_0] OnSimStatusChanged()
02-17 17:07:03.829 radio  1085  1241 V RIL     : StkService_0::OnSimStatusChanged() current card state :0, new card state :0
02-17 17:07:03.830 radio  1085  1233 I RIL     : SimService_0::OnGetSimStatusDone() [--> 
02-17 17:07:03.830 radio  1085  1233 I RIL     : SimService_0::OnSimStatusChanged() [<-- 
02-17 17:07:03.830 radio  1085  1233 I RIL     : SimService_0::OnSimStatusChanged() cardState:0, appState: -1
02-17 17:07:03.830 radio  1085  1233 I RIL     : SimService_0::OnSimStatusChanged() cardStatus[0]:0, cardStatus[1]: -1, sizoeof(cardStatus): 8
02-17 17:07:03.830 radio  1085  1235 V RIL     : [/dev/umts_ipc0][TX] SIT_GET_OPERATOR, REQ, 12 bytes, Token(0x0024)
02-17 17:07:03.830 radio  1085  1235 V RIL     :  00 00 02 07 0c 00 24 00   00 00 00 00
02-17 17:07:03.830 radio  1085  1252 D RILC-HIDL: currentEmergencyNumberListInd
02-17 17:07:03.830 radio  1085  1252 D RILC-AIDL_SERVICE: RadioVoiceIndicationHook::currentEmergencyNumberList mVoiceCb=0xb40000791d6a6598
02-17 17:07:03.830 radio  1085  1233 I RIL     : [RilContext_0] OnUnsolicitedResponse 
02-17 17:07:03.830 radio  1085  1252 I RILC    : RIL_SOCKET_2 UNSOLICITED:  UNSOL_EMERGENCY_NUMBER_LIST length:816
02-17 17:07:03.830 radio  1085  1085 V RIL     : [RilContext_0] SendMessage RIL Request Routing : RCM ID=203 Service ID=4 Message ID=5113 delayMillis=0
02-17 17:07:03.830 radio  1085  1085 V RIL     : [ServiceMgr] msg(0xb40000797d69b100) msgId=5113 svc=MiscService_0(4) direction=Request
02-17 17:07:03.830 radio  1085  1085 D RILC    : sendDeviceState: serial 40
02-17 17:07:03.830 radio  1085  1085 I RILC-CommandInfo: getCommandInfo found {request=138 halVer=00}
02-17 17:07:03.830 radio  3059  3102 D RILJ    : Unsol response received; Sending ack to ril.cpp [PHONE1]
02-17 17:07:03.830 radio  1085  1085 V RIL     : [RilContext_0] SendMessage RIL Request Routing : RCM ID=138 Service ID=4 Message ID=5011 delayMillis=0
02-17 17:07:03.830 radio  1085  1085 V RIL     : [ServiceMgr] msg(0xb40000797d69c670) msgId=5011 svc=MiscService_0(4) direction=Request
02-17 17:07:03.830 radio  1085  1085 D RILC    : setLinkCapacityReportingCriteria_1_5: 35
02-17 17:07:03.830 radio  1085  1085 I RILC-CommandInfo: getCommandInfo found {request=203 halVer=15}
02-17 17:07:03.830 radio  1085  1252 V RIL     : RADIO_EXT::[RilExternalResponseListener] OnUnsolicitedResponse Filter out Unsolicited response=1102, channel=1
02-17 17:07:03.830 radio  3059  3102 D RILJ    : [UNSL]< UNSOL_UICC_APPLICATIONS_ENABLEMENT_CHANGED true [PHONE1]
02-17 17:07:03.830 radio  1085  1252 I RIL     : [RilContext_1] OnUnsolicitedResponse 
02-17 17:07:03.830 radio  1085  1252 I RIL     : [RilContext_1] ProcessUnsolicitedResponse 
02-17 17:07:03.830 radio  1085  1252 V RIL     : RADIO::[RilResponseListener] OnUnsolicitedResponse Filter out Unsolicited response=20344
02-17 17:07:03.830 radio  1085  1252 D RIL_EXTERNAL: rilExternalRawIndication
02-17 17:07:03.830 radio  1085  1252 I RIL_EXTERNAL: [isFilteredIndication] clientId=0 name=PID(1065) indication=3058 isFiltered=false
02-17 17:07:03.830 radio  1085  1252 I RIL_EXTERNAL: [isFilteredIndication] clientId=1 name=GpsApi(1076) indication=3058 isFiltered=true
02-17 17:07:03.830 radio  1085  1252 I RIL_EXTERNAL: [isFilteredIndication] clientId=2 name=SeApi(914) indication=3058 isFiltered=true
02-17 17:07:03.830 radio  1085  1252 D RIL_EXTERNAL: rilExternalRawIndication
02-17 17:07:03.830  1000  1449  2926 W TelephonyRegistry: Pid 3059 has exceeded half the number of permissible registered listeners. Now at 66
02-17 17:07:03.830  1000  1449  2926 D TelephonyRegistry: listen oscl: mHasNotifySubscriptionInfoChangedOccurred==false no callback
02-17 17:07:03.830 radio  1085  1252 V RIL     : GetOppositeRilContext Get RilContext(0)
02-17 17:07:03.830 radio  1085  1252 V RIL     : [RilContext_1] GetRilContext socket_id:0
02-17 17:07:03.830 radio  1085  1252 V RIL     : [RilContext_1] GetRilContext return socketid(0)'s RilContext
02-17 17:07:03.831 radio  1085  1252 V RIL     : [ServiceMgr] msg(0xb40000797d697900) msgId=5223 svc=NetworkService_0(5) direction=Request
02-17 17:07:03.831 radio  1085  1252 I RIL     : [NetworkService_1] OnSimStatusChanged() cardStatus=SimCardStatus:{cardState=1,physicalSlotId=0,atr=3B9F97C00AB1FE453FC6838031E073FE211F65D002341569810F21,iccid=,eid=89033023427100000000008581796563}
02-17 17:07:03.831 radio  1085  1252 I RIL     : [NetworkService_1] DoOemGetPsService()
02-17 17:07:03.831 radio  1085  1252 I RIL     : [RilContext_1] Send 
02-17 17:07:03.831 radio  1085  1252 V RIL     : [RilContext_1] RecordRequestHistory token=0x0025
02-17 17:07:03.831 radio  1085  1252 I RIL     : [RilContext_1] Send 
02-17 17:07:03.831 radio  1085  1252 V RIL     : [/dev/umts_ipc1][TX] SIT_GET_PS_SERVICE, REQ, 12 bytes, Token(0x0025)
02-17 17:07:03.831 radio  1085  1252 V RIL     :  00 00 11 07 0c 00 25 00   00 00 00 00
02-17 17:07:03.831 radio  3059  3059 D DSMGR-0 : getDataEnabled during provisioning retVal=false - (false, 0)
02-17 17:07:03.831 radio  3059  3059 D DSMGR-0 : mIsDataEnabled=false, prevDataEnabled=false
02-17 17:07:03.831 radio  3059  3102 D RILJ    : Unsol response received; Sending ack to ril.cpp [PHONE1]
02-17 17:07:03.831 radio  3059  3059 D DSMGR-0 : notifyDataEnabledChanged: enabled=false, reason=UNKNOWN, callingPackage=com.android.phone
02-17 17:07:03.831 radio  1085  1233 I RIL     : [RilContext_0] ProcessUnsolicitedResponse 
02-17 17:07:03.831 radio  1085  1233 V RIL     : RADIO::[RilResponseListener] OnUnsolicitedResponse Filter out Unsolicited response=20520
02-17 17:07:03.831 radio  1085  1233 D RIL_EXTERNAL: rilExternalRawIndication
02-17 17:07:03.831 radio  1085  1233 I RIL_EXTERNAL: [isFilteredIndication] clientId=0 name=PID(1065) indication=8050 isFiltered=false
02-17 17:07:03.831 radio  1085  1233 I RIL_EXTERNAL: [isFilteredIndication] clientId=1 name=GpsApi(1076) indication=8050 isFiltered=true
02-17 17:07:03.831 radio  1085  1233 I RIL_EXTERNAL: [isFilteredIndication] clientId=2 name=SeApi(914) indication=8050 isFiltered=false
02-17 17:07:03.831 radio  1085  1233 D RIL_EXTERNAL: rilExternalRawIndication
02-17 17:07:03.831 radio  1085  1085 V RIL     : [RilContext_0] SendMessage RIL Request Routing : RCM ID=203 Service ID=4 Message ID=5113 delayMillis=0
02-17 17:07:03.832 radio  1085  1085 V RIL     : [ServiceMgr] msg(0xb40000797d69a6f0) msgId=5113 svc=MiscService_0(4) direction=Request
02-17 17:07:03.832 radio  1085  1085 D RILC    : sendDeviceState: serial 41
02-17 17:07:03.832 radio  1085  1085 I RILC-CommandInfo: getCommandInfo found {request=138 halVer=00}
02-17 17:07:03.832 radio  1085  1085 V RIL     : [RilContext_0] SendMessage RIL Request Routing : RCM ID=138 Service ID=4 Message ID=5011 delayMillis=0
02-17 17:07:03.832 radio  1085  1085 V RIL     : [ServiceMgr] msg(0xb40000797d699b20) msgId=5011 svc=MiscService_0(4) direction=Request
02-17 17:07:03.832 radio  1085  1085 D RILC    : setLinkCapacityReportingCriteria_1_5: 36
02-17 17:07:03.832 radio  3059  3099 D RILJ    : responseIccCardStatus: from AIDL: IccCardState {CARDSTATE_ABSENT,PINSTATE_UNKNOWN,num_apps=0,gsm_id=-1,cdma_id=-1,ims_id=-1,atr=,iccid=,eid=,SupportedMepMode=NONE,SlotPortMapping={physicalSlotIndex=1, portIndex=0}} [PHONE0]
02-17 17:07:03.832 radio  1085  1085 I RILC-CommandInfo: getCommandInfo found {request=203 halVer=15}
02-17 17:07:03.832 radio  1085  1085 V RIL     : [RilContext_0] SendMessage RIL Request Routing : RCM ID=203 Service ID=4 Message ID=5113 delayMillis=0
02-17 17:07:03.832 radio  1085  1085 V RIL     : [ServiceMgr] msg(0xb40000797d69aa70) msgId=5113 svc=MiscService_0(4) direction=Request
02-17 17:07:03.832 radio  1085  1085 D RILC    : setLinkCapacityReportingCriteria_1_5: 37
02-17 17:07:03.832 radio  1085  1085 I RILC-CommandInfo: getCommandInfo found {request=203 halVer=15}
02-17 17:07:03.832 radio  1085  1085 V RIL     : [RilContext_0] SendMessage RIL Request Routing : RCM ID=203 Service ID=4 Message ID=5113 delayMillis=0
02-17 17:07:03.832 radio  1085  1085 V RIL     : [ServiceMgr] msg(0xb40000797d699ab0) msgId=5113 svc=MiscService_0(4) direction=Request
02-17 17:07:03.832 radio  1085  1085 D RILC    : setLinkCapacityReportingCriteria_1_5: 38
02-17 17:07:03.832 radio  3059  3099 D RILJ    : [0014]< GET_SIM_STATUS IccCardState {CARDSTATE_ABSENT,PINSTATE_UNKNOWN,num_apps=0,gsm_id=-1,cdma_id=-1,ims_id=-1,atr=,iccid=,eid=,SupportedMepMode=NONE,SlotPortMapping={physicalSlotIndex=1, portIndex=0}} [PHONE0]
02-17 17:07:03.832 radio  1085  1085 I RILC-CommandInfo: getCommandInfo found {request=203 halVer=15}
02-17 17:07:03.832 radio  1085  1085 V RIL     : [RilContext_0] SendMessage RIL Request Routing : RCM ID=203 Service ID=4 Message ID=5113 delayMillis=0
02-17 17:07:03.832 radio  1085  1085 V RIL     : [ServiceMgr] msg(0xb40000797d69b870) msgId=5113 svc=MiscService_0(4) direction=Request
02-17 17:07:03.832 radio  1085  1085 D RILC    : setIndicationFilter_1_5: 42
02-17 17:07:03.832 radio  3059  3059 D DRM-0   : Remove all retry and throttling entries, reason=RADIO_ON
02-17 17:07:03.832 radio  1085  1085 I RILC-CommandInfo: getCommandInfo found {request=139 halVer=15}
02-17 17:07:03.832 radio  1085  1085 V RIL     : [RilContext_0] SendMessage RIL Request Routing : RCM ID=139 Service ID=4 Message ID=5101 delayMillis=0
02-17 17:07:03.832 radio  1085  1085 V RIL     : [ServiceMgr] msg(0xb40000797d69a290) msgId=5101 svc=MiscService_0(4) direction=Request
02-17 17:07:03.832 radio  1085  1085 D RILC    : setLinkCapacityReportingCriteria_1_5: 43
02-17 17:07:03.832 radio  1085  1085 I RILC-CommandInfo: getCommandInfo found {request=203 halVer=15}
02-17 17:07:03.832 radio  1085  1085 V RIL     : [RilContext_0] SendMessage RIL Request Routing : RCM ID=203 Service ID=4 Message ID=5113 delayMillis=0
02-17 17:07:03.832 radio  1085  1085 V RIL     : [ServiceMgr] msg(0xb40000797d69cec0) msgId=5113 svc=MiscService_0(4) direction=Request
02-17 17:07:03.832 radio  1085  1085 D RILC    : setLinkCapacityReportingCriteria_1_5: 44
02-17 17:07:03.832 radio  1085  1085 I RILC-CommandInfo: getCommandInfo found {request=203 halVer=15}
02-17 17:07:03.832 radio  1085  1085 V RIL     : [RilContext_0] SendMessage RIL Request Routing : RCM ID=203 Service ID=4 Message ID=5113 delayMillis=0
02-17 17:07:03.832 radio  1085  1085 V RIL     : [ServiceMgr] msg(0xb40000797d699dc0) msgId=5113 svc=MiscService_0(4) direction=Request
02-17 17:07:03.832 radio  1085  1085 D RILC    : setLinkCapacityReportingCriteria_1_5: 45
02-17 17:07:03.832 radio  1085  1085 I RILC-CommandInfo: getCommandInfo found {request=203 halVer=15}
02-17 17:07:03.832 radio  1085  1085 V RIL     : [RilContext_0] SendMessage RIL Request Routing : RCM ID=203 Service ID=4 Message ID=5113 delayMillis=0
02-17 17:07:03.832 radio  1085  1085 V RIL     : [ServiceMgr] msg(0xb40000797d69bc60) msgId=5113 svc=MiscService_0(4) direction=Request
02-17 17:07:03.832 radio  1085  1085 D RILC    : setLinkCapacityReportingCriteria_1_5: 46
02-17 17:07:03.832 radio  1085  1085 I RILC-CommandInfo: getCommandInfo found {request=203 halVer=15}
02-17 17:07:03.832 radio  1085  1085 V RIL     : [RilContext_0] SendMessage RIL Request Routing : RCM ID=203 Service ID=4 Message ID=5113 delayMillis=0
02-17 17:07:03.832 radio  1085  1085 V RIL     : [ServiceMgr] msg(0xb40000797d698150) msgId=5113 svc=MiscService_0(4) direction=Request
02-17 17:07:03.832 radio  1085  1085 D RILC    : setLinkCapacityReportingCriteria_1_5: 47
02-17 17:07:03.832 radio  1085  1085 I RILC-CommandInfo: getCommandInfo found {request=203 halVer=15}
02-17 17:07:03.832 radio  1085  1085 V RIL     : [RilContext_0] SendMessage RIL Request Routing : RCM ID=203 Service ID=4 Message ID=5113 delayMillis=0
02-17 17:07:03.832 radio  1085  1085 V RIL     : [ServiceMgr] msg(0xb40000797d69b170) msgId=5113 svc=MiscService_0(4) direction=Request
02-17 17:07:03.832 radio  3059  3252 D RILJ    : [0022]< VOICE_RADIO_TECH {0} [PHONE0]
02-17 17:07:03.832 radio  1085  1250 V RIL     : RADIO_EXT::[RilExternalResponseListener] OnUnsolicitedResponse Filter out Unsolicited response=1103, channel=1
02-17 17:07:03.832 radio  1085  1250 I RIL     : SimService_1::OnGetSimStatusDone() [--> 
02-17 17:07:03.832 radio  1085  1250 I RIL     : SimService_1::OnSimStatusChanged() [<-- 
02-17 17:07:03.832 radio  1085  1250 I RIL     : SimService_1::OnSimStatusChanged() cardState:1, appState: -1
02-17 17:07:03.832 radio  3059  3102 D RILJ    : [UNSL]< UNSOL_EMERGENCY_NUMBER_LIST [[EmergencyNumber: 112, countryIso=, mnc=DEF, src=mdm , routing=unknown, categories=, urns=], [EmergencyNumber: 911, countryIso=, mnc=DEF, src=mdm , routing=unknown, categories=, urns=], [EmergencyNumber: 000, countryIso=, mnc=DEF, src=mdm , routing=unknown, categories=, urns=], [EmergencyNumber: 08, countryIso=, mnc=DEF, src=mdm , routing=unknown, categories=, urns=], [EmergencyNumber: 110, countryIso=, mnc=DEF, src=mdm , routing=unknown, categories=, urns=], [EmergencyNumber: 999, countryIso=, mnc=DEF, src=mdm , routing=unknown, categories=, urns=], [EmergencyNumber: 118, countryIso=, mnc=DEF, src=mdm , routing=unknown, categories=, urns=], [EmergencyNumber: 119, countryIso=, mnc=DEF, src=mdm , routing=unknown, categories=, urns=], [EmergencyNumber: 112, countryIso=, mnc=DEF, src=mdm , routing=unknown, categories=, urns=], [EmergencyNumber: 911, countryIso=, mnc=DEF, src=mdm , routing=unknown, categories=, urns=], [EmergencyNumber: 000, countryIso=, mnc=DEF, src=mdm , routing=unknown, categories=, urns=], [EmergencyNumber: 08, countryIso=, mnc=DEF, src=mdm , routing=unknown, categories=, urns=], [EmergencyNumber: 110, countryIso=, mnc=DEF, src=mdm , routing=unknown, categories=, urns=], [EmergencyNumber: 999, countryIso=, mnc=DEF, src=mdm , routing=unknown, categories=, urns=], [EmergencyNumber: 118, countryIso=, mnc=DEF, src=mdm , routing=unknown, categories=, urns=], [EmergencyNumber: 119, countryIso=, mnc=DEF, src=mdm , routing=unknown, categories=, urns=], [EmergencyNumber: 112, countryIso=, mnc=, src=mdm , routing=unknown, categories=, urns=]] [PHONE1]
02-17 17:07:03.832 radio  1085  1250 I RIL     : SimService_1::OnSimStatusChanged() cardStatus[0]:1, cardStatus[1]: -1, sizoeof(cardStatus): 8
02-17 17:07:03.832 radio  1085  1250 I RIL     : [RilContext_1] OnUnsolicitedResponse 
02-17 17:07:03.832 radio  1085  1250 I RIL     : [RilContext_1] ProcessUnsolicitedResponse 
02-17 17:07:03.832 radio  1085  1250 V RIL     : RADIO::[RilResponseListener] OnUnsolicitedResponse Filter out Unsolicited response=20520
02-17 17:07:03.832 radio  1085  1250 D RIL_EXTERNAL: rilExternalRawIndication
02-17 17:07:03.833 radio  1085  1233 D RIL_EXTERNAL: rilExternalRawIndication
02-17 17:07:03.834 radio  1085  1250 I RIL_EXTERNAL: [isFilteredIndication] clientId=0 name=PID(1065) indication=8050 isFiltered=false
02-17 17:07:03.834 radio  1085  1250 I RIL_EXTERNAL: [isFilteredIndication] clientId=1 name=GpsApi(1076) indication=8050 isFiltered=true
02-17 17:07:03.834 radio  1085  1250 I RIL_EXTERNAL: [isFilteredIndication] clientId=2 name=SeApi(914) indication=8050 isFiltered=false
02-17 17:07:03.834 radio  1085  1233 I RIL     : SimService_0::OnSimStatusChanged() [--> 
02-17 17:07:03.834 radio  1085  1250 D RIL_EXTERNAL: rilExternalRawIndication
02-17 17:07:03.834 radio  1085  1250 D RIL_EXTERNAL: rilExternalRawIndication
02-17 17:07:03.834 radio  1085  1250 I RIL     : SimService_1::OnSimStatusChanged() [--> 
02-17 17:07:03.834 radio  1085  1233 I RIL     : [SimService_0] GetUiccAppEnablementHandler OnRequest()
02-17 17:07:03.834 radio  1085  1233 I RIL     : [RilContext_0] OnRequestComplete 
02-17 17:07:03.834 radio  1085  1233 D RILC    : RequestComplete, RIL_SOCKET_1
02-17 17:07:03.834 radio  1085  1233 E RILC    : Calling responseFunction() for token 21
02-17 17:07:03.834 radio  1085  1235 I RIL     : [NetworkService_0] OnSimStatusChanged()
02-17 17:07:03.834 radio  1085  1233 D RILC-HIDL: HidlHalSimResponse::areUiccApplicationsEnabledResponse: serial 21
02-17 17:07:03.834 radio  1085  1233 D RILC-AIDL_SERVICE: RadioSimResponseHook::areUiccApplicationsEnabledResponse mSimCb=0xb40000791d6a34c8
02-17 17:07:03.834 radio  1085  1235 V RIL     : GetOppositeRilContext Get RilContext(1)
02-17 17:07:03.834 radio  1085  1235 V RIL     : [RilContext_0] GetRilContext socket_id:1
02-17 17:07:03.834 radio  1085  1235 V RIL     : [RilContext_0] GetRilContext return socketid(1)'s RilContext
02-17 17:07:03.834 radio  1085  1235 V RIL     : [RilContext_1] GetService return service(5)
02-17 17:07:03.834 radio  3059  3102 D RILJ    : [0021]< GET_UICC_APPLICATIONS_ENABLEMENT error 11 [PHONE0]
02-17 17:07:03.834 radio  1085  1235 V RIL     : [RilContext_0] GetService return service(3)
02-17 17:07:03.834 radio  1085  1235 I RIL     : [NetworkService_0] IsDisabledESim() eSIM is disabled: true.
