02-18 01:01:00.425 10126  5768  5768 D CompatibilityChangeReporter: Compat change id reported: 242716250; UID 10126; state: DISABLED
02-18 01:01:00.427  1000  1496  1859 D CompatibilityChangeReporter: Compat change id reported: 170503758; UID 10126; state: ENABLED
02-18 01:01:00.428 10126  5768  5768 D ApplicationLoaders: Returning zygote-cached class loader: /system/framework/android.test.base.jar
02-18 01:01:00.430 10126  5768  5768 D nativeloader: Configuring clns-4 for other apk /system/framework/android.test.mock.jar. target_sdk_version=31, uses_libraries=ALL, library_path=/data/app/~~3bwsMv97FdMnOi1zYvIHtg==/com.android.tradefed.utils.wifi-PI4FsqgQCvKvBiHrlKkGgw==/lib/arm64, permitted_path=/data:/mnt/expand:/data/user/0/com.android.tradefed.utils.wifi
02-18 01:01:00.432 10126  5768  5768 D ApplicationLoaders: Returning zygote-cached class loader: /system/framework/android.test.base.jar
02-18 01:01:00.433 10126  5768  5768 D nativeloader: Configuring clns-5 for other apk /system/framework/android.test.runner.jar. target_sdk_version=31, uses_libraries=ALL, library_path=/data/app/~~3bwsMv97FdMnOi1zYvIHtg==/com.android.tradefed.utils.wifi-PI4FsqgQCvKvBiHrlKkGgw==/lib/arm64, permitted_path=/data:/mnt/expand:/data/user/0/com.android.tradefed.utils.wifi
02-18 01:01:00.437 10126  5768  5768 D nativeloader: Configuring clns-6 for other apk /data/app/~~3bwsMv97FdMnOi1zYvIHtg==/com.android.tradefed.utils.wifi-PI4FsqgQCvKvBiHrlKkGgw==/base.apk. target_sdk_version=31, uses_libraries=, library_path=/data/app/~~3bwsMv97FdMnOi1zYvIHtg==/com.android.tradefed.utils.wifi-PI4FsqgQCvKvBiHrlKkGgw==/lib/arm64, permitted_path=/data:/mnt/expand:/data/user/0/com.android.tradefed.utils.wifi
02-18 01:01:00.442 10126  5768  5768 V GraphicsEnvironment: Currently set values for:
02-18 01:01:00.442 10126  5768  5768 V GraphicsEnvironment:   angle_gl_driver_selection_pkgs=[]
02-18 01:01:00.442 10126  5768  5768 V GraphicsEnvironment:   angle_gl_driver_selection_values=[]
02-18 01:01:00.442 10126  5768  5768 V GraphicsEnvironment: Global.Settings values are invalid: number of packages: 0, number of values: 0
02-18 01:01:00.442 10126  5768  5768 V GraphicsEnvironment: Neither updatable production driver nor prerelease driver is supported.
02-18 01:01:00.445 10126  5768  5768 I UiAutomation: Initialized for user 0 on display 0
02-18 01:01:00.447  1000  1496  3750 D AccessibilityManagerService: changeCurrentUserForTestAutomationIfNeededLocked(0): ignoring because device doesn't support visible background users
02-18 01:01:00.447  1000  1496  3750 I UiAutomationManager: Registering UiTestAutomationService (id=com.android.server.accessibility/UiAutomation) when called by user 0
02-18 01:01:00.448  1000  1496  3750 W MagnificationConnectionManager: requestConnection duplicated request: connect=false, mConnectionState=DISCONNECTED
02-18 01:01:00.450  1000  1496  1496 D BatterySaverPolicy: accessibility changed to true, updating policy.
02-18 01:01:00.450 10126  5768  5784 V UiAutomation: Init UiAutomation@d03e3[id=5, displayId=0, flags=0]
02-18 01:01:00.452  1000  1496  2949 I am_uid_active: 10126
02-18 01:01:00.454  1000  1496  2949 I WifiService: getVerboseLoggingLevel uid=10126
02-18 01:01:00.455  root   876  5787 I resolv  : GetAddrInfoHandler::run: {0 0 0 983040 10126 0}
02-18 01:01:00.457 10126  5768  5785 E WifiConnector: Failed to open connection to check connectivity
02-18 01:01:00.459  1000  1496  2949 W MagnificationConnectionManager: requestConnection duplicated request: connect=false, mConnectionState=DISCONNECTED
02-18 01:01:00.459  1000  1496  2949 D AccessibilityManagerService: restoreCurrentUserForTestAutomationIfNeededLocked(): ignoring because device doesn't support visible background users
02-18 01:01:00.460  1000  1496  2949 I ActivityManager: Force stopping com.android.tradefed.utils.wifi appid=10126 user=0: finished inst
02-18 01:01:00.461  1000  1496  2949 E ActivityManager: Unable to freeze binder for 5768: -11
02-18 01:01:00.493  1000  2949  2949 I binder  : 1496:2949 ioctl 400c620e 6e8cfde38c returned -11
02-18 01:01:00.461  1000  1496  2949 I am_uid_stopped: 10126
02-18 01:01:00.461  1000  1496  1496 D BatterySaverPolicy: accessibility changed to false, updating policy.
02-18 01:01:00.462  1000  1496  2949 I ActivityManager: Killing 5768:com.android.tradefed.utils.wifi/u0a126 (adj 0): stop com.android.tradefed.utils.wifi due to finished inst
02-18 01:01:00.462  1000  1496  1738 D DisplayManagerService: Drop pending events for gone uid 10126
02-18 01:01:00.462 shell  5754  5754 I app_process: System.exit called, status: 0
02-18 01:01:00.462 shell  5754  5754 I AndroidRuntime: VM exiting with result code 0.
02-18 01:01:00.462  1000  1496  2949 I am_kill : [0,5768,com.android.tradefed.utils.wifi,0,stop com.android.tradefed.utils.wifi due to finished inst,103120]
02-18 01:01:00.493  1000  2949  2949 I binder  : 1496:2949 ioctl 400c620e 6e8cfde38c returned -11
02-18 01:01:00.477  1000  1496  1859 V ActivityManager: Got obituary of 5768:com.android.tradefed.utils.wifi
02-18 01:01:00.477  1000  1496  1758 I libprocessgroup: Removed cgroup /sys/fs/cgroup/uid_10126/pid_5768
02-18 01:01:00.509  root    55    55 I binder  : undelivered TRANSACTION_COMPLETE
02-18 01:01:00.477  root   877   877 I Zygote  : Process 5768 exited due to signal 9 (Killed)
02-18 01:01:00.510  root    55    55 I binder  : undelivered transaction 179729, process died.
02-18 01:01:00.567  root   967   967 I s3c2410-wdt 10070000.watchdog_cl1: Watchdog cluster 1 keepalive!, old_wtcnt = 7750, wtcnt = cc8c
02-18 01:01:00.673  1000  1496  1882 I commit_sys_config_file: [settings-2-0,21]
02-18 01:01:01.019  root     1     1 I init    : starting service 'securedpud.slider'...
02-18 01:01:01.040  root     1     1 I init    : ... started service 'securedpud.slider' has pid 5790
02-18 01:01:01.041  root     1     1 I init    : starting service 'trusty_metricsd'...
02-18 01:01:01.047  root     1     1 I init    : ... started service 'trusty_metricsd' has pid 5791
02-18 01:01:01.035  1000  5790  5790 I securedpud.slider: starting securedpud
02-18 01:01:01.035  1000  5790  5790 I securedpud.slider: trusty dev: /dev/trusty-ipc-dev0
02-18 01:01:01.035  1000  5790  5790 I DMABUFHEAPS: Using DMA-BUF heap named: tui-secure
02-18 01:01:01.036  1000  5790  5790 E libtrusty: tipc_connect: can't connect to tipc service "com.android.trusty.secure_dpu" (err=107)
02-18 01:01:01.037  1000  5790  5790 E securedpud.slider: Failed to connect to: /dev/trusty-ipc-dev0
02-18 01:01:01.074  root     1     1 I init    : Service 'securedpud.slider' (pid 5790) exited with status 1
02-18 01:01:01.074  root     1     1 I init    : Sending signal 9 to service 'securedpud.slider' (pid 5790) process group...
02-18 01:01:01.074  root     1     1 I libprocessgroup: Removed cgroup /sys/fs/cgroup/uid_1000/pid_5790
02-18 01:01:01.074  root     1     1 E init    : process with updatable components 'securedpud.slider' exited 4 times in 4 minutes
02-18 01:01:01.079  root     1     1 I init    : processing action (sys.init.updatable_crashing=1) from (/system/etc/init/flags_health_check.rc:10)
02-18 01:01:01.080  root     1     1 I init    : starting service 'exec 59 (/system/bin/flags_health_check UPDATABLE_CRASHING)'...
02-18 01:01:01.051  1000  5791  5791 I trusty_metricsd: starting trusty_metricsd
02-18 01:01:01.052  1000  5791  5791 I trusty_metricsd: trusty dev: /dev/trusty-ipc-dev0
02-18 01:01:01.057  1000  5791  5791 E libtrusty: tipc_connect: can't connect to tipc service "com.android.frameworks.stats.trusty.metrics.istats_setter" (err=107)
02-18 01:01:01.057  1000  5791  5791 E RpcTrusty: Failed to connect to Trusty service. Error code: -107
02-18 01:01:01.057  1000  5791  5791 E RpcTrusty: Failed to set up Trusty client. Error: BAD_VALUE
02-18 01:01:01.057  1000  5791  5791 E trusty_metricsd: failed to connect TrustyMetricsPixel to Trusty: failed to connect to Trusty metrics TA: Transport endpoint is not connected
02-18 01:01:01.057  1000  5791  5791 W RefBase : RefBase: Explicit destruction, weak count = 0 (in 0xb400007cfb0a6068). Use sp<> to manage this object.
02-18 01:01:01.057  1000  5791  5791 W RefBase : CallStack::getCurrentInternal not linked, returning null
02-18 01:01:01.057  1000  5791  5791 W RefBase : CallStack::logStackInternal not linked
02-18 01:01:01.057  1000  5791  5791 E trusty_metricsd: failed to open Trusty metrics client
02-18 01:01:01.057  1000  5791  5791 E trusty_metricsd: trying to connect to Trusty metrics TA at old TIPC port
02-18 01:01:01.059  1000  5791  5791 E libtrusty: tipc_connect: can't connect to tipc service "com.android.trusty.metrics" (err=107)
02-18 01:01:01.059  1000  5791  5791 E trusty_metricsd: failed to open TrustyMetricsPixelTipc: failed to connect to Trusty metrics TA: Transport endpoint is not connected
02-18 01:01:01.059  1000  5791  5791 E trusty_metricsd: failed to open Trusty metrics client
02-18 01:01:01.088  root     1     1 I init    : ... started service 'exec 59 (/system/bin/flags_health_check UPDATABLE_CRASHING)' has pid 5792
02-18 01:01:01.088  root     1     1 I init    : SVC_EXEC service 'exec 59 (/system/bin/flags_health_check UPDATABLE_CRASHING)' pid 5792 (uid 1000 gid 1000+0 context default) started; waiting...
02-18 01:01:01.095  root     1     1 I init    : Service 'trusty_metricsd' (pid 5791) exited with status 1
02-18 01:01:01.095  root     1     1 I init    : Sending signal 9 to service 'trusty_metricsd' (pid 5791) process group...
02-18 01:01:01.096  root     1     1 I libprocessgroup: Removed cgroup /sys/fs/cgroup/uid_1000/pid_5791
02-18 01:01:01.096  root     1     1 E init    : process with updatable components 'trusty_metricsd' exited 4 times in 4 minutes
02-18 01:01:01.077  1000  5792  5792 I flags_health_check: ServerConfigurableFlagsReset reset_mode value: 1
02-18 01:01:01.078  1000  5792  5792 I flags_health_check: ServerConfigurableFlagsReset updatable crashing detected, resetting flags.
02-18 01:01:01.121  root     1     1 I init    : Service 'exec 59 (/system/bin/flags_health_check UPDATABLE_CRASHING)' (pid 5792) exited with status 0 waiting took 0.034000 seconds
02-18 01:01:01.121  root     1     1 I init    : Sending signal 9 to service 'exec 59 (/system/bin/flags_health_check UPDATABLE_CRASHING)' (pid 5792) process group...
02-18 01:01:01.122  root     1     1 I libprocessgroup: Removed cgroup /sys/fs/cgroup/uid_1000/pid_5792
02-18 01:01:01.122  root     1     1 I init    : processing action (sys.init.updatable_crashing=1) from (/system/etc/init/flags_health_check.rc:10)
02-18 01:01:01.122  root     1     1 I init    : starting service 'exec 60 (/system/bin/flags_health_check UPDATABLE_CRASHING)'...
02-18 01:01:01.128  root     1     1 I init    : ... started service 'exec 60 (/system/bin/flags_health_check UPDATABLE_CRASHING)' has pid 5793
02-18 01:01:01.128  root     1     1 I init    : SVC_EXEC service 'exec 60 (/system/bin/flags_health_check UPDATABLE_CRASHING)' pid 5793 (uid 1000 gid 1000+0 context default) started; waiting...
02-18 01:01:01.119  1000  5793  5793 I flags_health_check: ServerConfigurableFlagsReset reset_mode value: 1
02-18 01:01:01.119  1000  5793  5793 I flags_health_check: ServerConfigurableFlagsReset updatable crashing detected, resetting flags.
02-18 01:01:01.163  root     1     1 I init    : Service 'exec 60 (/system/bin/flags_health_check UPDATABLE_CRASHING)' (pid 5793) exited with status 0 waiting took 0.036000 seconds
02-18 01:01:01.163  root     1     1 I init    : Sending signal 9 to service 'exec 60 (/system/bin/flags_health_check UPDATABLE_CRASHING)' (pid 5793) process group...
02-18 01:01:01.164  root     1     1 I libprocessgroup: Removed cgroup /sys/fs/cgroup/uid_1000/pid_5793
02-18 01:01:01.766  1000  1496  1883 D ActivityManager: freezing 4314 com.android.packageinstaller
02-18 01:01:01.769  1000  1496  1883 I am_freeze: [4314,com.android.packageinstaller]
02-18 01:01:01.776  1000  1496  2874 W ProcessStats: Tracking association SourceState{317dd92 system/1000 ImpFg #853} whose proc state 5 is better than process ProcessState{7690be8 com.android.permissioncontroller/10123 pkg=com.android.permissioncontroller} proc state 14 (257 skipped)
02-18 01:01:01.860  1000  3116  3116 D BatteryUsageBroadcastReceiver: onReceive:android.intent.action.BATTERY_LEVEL_CHANGED
02-18 01:01:01.862  1000  3116  3116 D BatteryUsageBroadcastReceiver: fetch data because of event: ACTION_BATTERY_LEVEL_CHANGED
02-18 01:01:03.358  root     6     6 I logbuffer_pcie0: [  108] D state: 0, LTSSM: 0
02-18 01:01:03.358  root     6     6 I logbuffer_pcie0: [  109] L0(0x11)
02-18 01:01:03.343 radio  1079  1296 I RFSD    : [RfsService::Nv] ProcessMessage : RFS_IO_REQUEST
02-18 01:01:03.390  1000  1496  1883 D ActivityManager: freezing 3992 com.android.providers.calendar
02-18 01:01:03.393  1000  1496  1883 I am_freeze: [3992,com.android.providers.calendar]
02-18 01:01:03.465  1000  1496  1883 I am_compact: [3992,com.android.providers.calendar,ANON,113992,61496,51560,1704,-3080,-12,-3068,3028,69,FULL,57310,935,19,39008,-436]
02-18 01:01:03.465  1000  1496  1883 D ActivityManager: freezing 3592 com.android.documentsui
02-18 01:01:03.467  1000  1496  1883 I am_freeze: [3592,com.android.documentsui]
02-18 01:01:03.467  1000  1496  1883 D ActivityManager: freezing 3875 android.process.media
02-18 01:01:03.468  1000  1496  1883 I am_freeze: [3875,android.process.media]
02-18 01:01:03.711 radio   968   988 I modem_svc: Got userspace log indication
02-18 01:01:03.712 radio   968   988 D modem_svc: Modem: [CP2AP] flush modem log of 20931 ms, reason: 1, count: 23
02-18 01:01:03.748  1000  1061  1128 D DMD     : Flush DMD buffer, size=2098209
02-18 01:01:03.903  1017   548  4628 I keystore2: system/security/keystore2/watchdog/src/lib.rs:319 - Watchdog thread idle -> terminating. Have a great day.
02-18 01:01:04.391 radio  1079  1296 I RFSD    : CNvFile::OnWriteDone
02-18 01:01:04.403 radio  1079  1296 W RFSD    : [CsumCheckForFileAndForceCrash] /mnt/vendor/efs/nv_normal.bin checksum : verified
02-18 01:01:04.406 radio  1079  1296 I RFSD    : [RfsService::Nv] CsumUpdate
02-18 01:01:04.406 radio  1079  1296 I RFSD    : [RfsService::Nv] CsumCalc
02-18 01:01:04.502 radio  1296  1296 I cpif    : pcie_send_ap2cp_irq: Reserve doorbell interrupt: PCI on/off working
02-18 01:01:04.485 radio  1079  1296 I RFSD    : [RfsService::Nv] ProcessMessage : RFS_OP_STATUS
02-18 01:01:04.485 radio   968   988 I modem_svc: Got userspace log indication
02-18 01:01:04.485 radio  1079  1296 I RFSD    : [RfsService::Nv] ProcessMessage : RFS_STATUS_SUCCESS
02-18 01:01:04.485 radio   968   988 D modem_svc: Modem: [CP2AP][RFSD] [NVTest] pal_RegStoreFlush fileName: ../../../HIU/HIC/SIT/Code/Src/sitCommon.c, lineNum: 2384, nvId: 380, nvName: NASU.IND.FILTER, EfsSyncCount: 3, actualCP2APCount:0
02-18 01:01:04.514  root   121   121 I cpif    : check_legacy_tx_pending: idx: 1, head: 271360, tail: 271328
02-18 01:01:04.514  root   121   121 I cpif    : s5100_poweroff_pcie: Skip pci power off: condition not met
02-18 01:01:04.515  root   121   121 I cpif    : s5100_poweron_pcie: Skip pci power on: already powered on
02-18 01:01:04.815  1000   560   665 D DisplayDevice: setDesiredMode 4619827677550801152 {mode=60.00 Hz (60.00 Hz(60.00 Hz)), emitEvent=false, force=false}
02-18 01:01:04.830  1000   563   668 D hwc-display: setActiveConfigWithConstraints:: PrimaryDisplay config(36) test(0)
02-18 01:01:04.831  1000   563   668 I hwc-display: [PrimaryDisplay] setActiveConfigWithConstraints: config(36)
02-18 01:01:04.864  root   250   250 I gtd     : FTS_TS: refresh rate(Hz) changed to 60 from 90
02-18 01:01:05.813 10113  3551  4925 W MediaProvider: isAppCloneUserPair for user 0: false
02-18 01:01:05.985 10113  3551  3934 I MediaProvider: Deleted 1 0 0 0 0 0 0 items on external_primary due to com.android.shell
02-18 01:01:06.038  root     1     1 I init    : starting service 'securedpud.slider'...
02-18 01:01:06.052  root     1     1 I init    : ... started service 'securedpud.slider' has pid 5812
02-18 01:01:06.053  root     1     1 I init    : starting service 'trusty_metricsd'...
02-18 01:01:06.059  root     1     1 I init    : ... started service 'trusty_metricsd' has pid 5815
02-18 01:01:06.038  1000  5812  5812 I securedpud.slider: starting securedpud
02-18 01:01:06.038  1000  5812  5812 I securedpud.slider: trusty dev: /dev/trusty-ipc-dev0
02-18 01:01:06.039  1000  5812  5812 I DMABUFHEAPS: Using DMA-BUF heap named: tui-secure
02-18 01:01:06.039  1000  5815  5815 I trusty_metricsd: starting trusty_metricsd
02-18 01:01:06.039  1000  5815  5815 I trusty_metricsd: trusty dev: /dev/trusty-ipc-dev0
02-18 01:01:06.039  1000  5812  5812 E libtrusty: tipc_connect: can't connect to tipc service "com.android.trusty.secure_dpu" (err=107)
02-18 01:01:06.039  1000  5812  5812 E securedpud.slider: Failed to connect to: /dev/trusty-ipc-dev0
02-18 01:01:06.073  root     1     1 I init    : Service 'securedpud.slider' (pid 5812) exited with status 1
02-18 01:01:06.073  root     1     1 I init    : Sending signal 9 to service 'securedpud.slider' (pid 5812) process group...
02-18 01:01:06.041  1000  5815  5815 E libtrusty: tipc_connect: can't connect to tipc service "com.android.frameworks.stats.trusty.metrics.istats_setter" (err=107)
02-18 01:01:06.041  1000  5815  5815 E RpcTrusty: Failed to connect to Trusty service. Error code: -107
02-18 01:01:06.041  1000  5815  5815 E RpcTrusty: Failed to set up Trusty client. Error: BAD_VALUE
02-18 01:01:06.041  1000  5815  5815 E trusty_metricsd: failed to connect TrustyMetricsPixel to Trusty: failed to connect to Trusty metrics TA: Transport endpoint is not connected
02-18 01:01:06.041  1000  5815  5815 W RefBase : RefBase: Explicit destruction, weak count = 0 (in 0xb400007a05a0fc38). Use sp<> to manage this object.
02-18 01:01:06.042  1000  5815  5815 W RefBase : CallStack::getCurrentInternal not linked, returning null
02-18 01:01:06.042  1000  5815  5815 W RefBase : CallStack::logStackInternal not linked
02-18 01:01:06.043  1000  5815  5815 E trusty_metricsd: failed to open Trusty metrics client
02-18 01:01:06.043  1000  5815  5815 E trusty_metricsd: trying to connect to Trusty metrics TA at old TIPC port
02-18 01:01:06.043  1000  5815  5815 E libtrusty: tipc_connect: can't connect to tipc service "com.android.trusty.metrics" (err=107)
02-18 01:01:06.043  1000  5815  5815 E trusty_metricsd: failed to open TrustyMetricsPixelTipc: failed to connect to Trusty metrics TA: Transport endpoint is not connected
02-18 01:01:06.043  1000  5815  5815 E trusty_metricsd: failed to open Trusty metrics client
02-18 01:01:06.074  root     1     1 I libprocessgroup: Removed cgroup /sys/fs/cgroup/uid_1000/pid_5812
02-18 01:01:06.074  root     1     1 E init    : process with updatable components 'securedpud.slider' exited 4 times in 4 minutes
02-18 01:01:06.075  root     1     1 I init    : processing action (sys.init.updatable_crashing=1) from (/system/etc/init/flags_health_check.rc:10)
02-18 01:01:06.075  root     1     1 I init    : starting service 'exec 61 (/system/bin/flags_health_check UPDATABLE_CRASHING)'...
02-18 01:01:06.079  root     1     1 I init    : ... started service 'exec 61 (/system/bin/flags_health_check UPDATABLE_CRASHING)' has pid 5816
02-18 01:01:06.079  root     1     1 I init    : SVC_EXEC service 'exec 61 (/system/bin/flags_health_check UPDATABLE_CRASHING)' pid 5816 (uid 1000 gid 1000+0 context default) started; waiting...
02-18 01:01:06.079  root     1     1 I init    : Service 'trusty_metricsd' (pid 5815) exited with status 1
02-18 01:01:06.079  root     1     1 I init    : Sending signal 9 to service 'trusty_metricsd' (pid 5815) process group...
02-18 01:01:06.079  root     1     1 I libprocessgroup: Removed cgroup /sys/fs/cgroup/uid_1000/pid_5815
02-18 01:01:06.079  root     1     1 E init    : process with updatable components 'trusty_metricsd' exited 4 times in 4 minutes
02-18 01:01:06.060  artd  1922  1927 I artd    : Dex parent of /data/app/~~3bwsMv97FdMnOi1zYvIHtg==/com.android.tradefed.utils.wifi-PI4FsqgQCvKvBiHrlKkGgw==/base.apk is not writable: Permission denied
02-18 01:01:06.061  artd  1922  1927 I artd    : GetBestInfo checking odex in dalvik-cache (/data/dalvik-cache/arm64/data@app@~~3bwsMv97FdMnOi1zYvIHtg==@com.android.tradefed.utils.wifi-PI4FsqgQCvKvBiHrlKkGgw==@base.apk@classes.dex)
02-18 01:01:06.061  artd  1922  1927 I artd    : Loading /data/dalvik-cache/arm64/data@app@~~3bwsMv97FdMnOi1zYvIHtg==@com.android.tradefed.utils.wifi-PI4FsqgQCvKvBiHrlKkGgw==@base.apk@classes.dex with executable: 0
02-18 01:01:06.061  artd  1922  1927 I artd    : OatFileAssistant test for existing oat file /data/dalvik-cache/arm64/data@app@~~3bwsMv97FdMnOi1zYvIHtg==@com.android.tradefed.utils.wifi-PI4FsqgQCvKvBiHrlKkGgw==@base.apk@classes.dex: File /data/dalvik-cache/arm64/data@app@~~3bwsMv97FdMnOi1zYvIHtg==@com.android.tradefed.utils.wifi-PI4FsqgQCvKvBiHrlKkGgw==@base.apk@classes.vdex does not exist.
02-18 01:01:06.061  artd  1922  1927 I artd    : GetBestInfo checking odex next to the dex file (/data/app/~~3bwsMv97FdMnOi1zYvIHtg==/com.android.tradefed.utils.wifi-PI4FsqgQCvKvBiHrlKkGgw==/oat/arm64/base.odex)
02-18 01:01:06.061  artd  1922  1927 I artd    : Loading /data/app/~~3bwsMv97FdMnOi1zYvIHtg==/com.android.tradefed.utils.wifi-PI4FsqgQCvKvBiHrlKkGgw==/oat/arm64/base.odex with executable: 0
02-18 01:01:06.061  artd  1922  1927 I artd    : Successfully loaded /data/app/~~3bwsMv97FdMnOi1zYvIHtg==/com.android.tradefed.utils.wifi-PI4FsqgQCvKvBiHrlKkGgw==/oat/arm64/base.odex with executable: 0
02-18 01:01:06.062  artd  1922  1927 I artd    : /data/app/~~3bwsMv97FdMnOi1zYvIHtg==/com.android.tradefed.utils.wifi-PI4FsqgQCvKvBiHrlKkGgw==/oat/arm64/base.odex is kOatUpToDate with filter verify
02-18 01:01:06.073  1000  5816  5816 I flags_health_check: ServerConfigurableFlagsReset reset_mode value: 1
02-18 01:01:06.074  1000  5816  5816 I flags_health_check: ServerConfigurableFlagsReset updatable crashing detected, resetting flags.
02-18 01:01:06.117  root     1     1 I init    : Service 'exec 61 (/system/bin/flags_health_check UPDATABLE_CRASHING)' (pid 5816) exited with status 0 waiting took 0.039000 seconds
02-18 01:01:06.117  root     1     1 I init    : Sending signal 9 to service 'exec 61 (/system/bin/flags_health_check UPDATABLE_CRASHING)' (pid 5816) process group...
02-18 01:01:06.117  root     1     1 I libprocessgroup: Removed cgroup /sys/fs/cgroup/uid_1000/pid_5816
02-18 01:01:06.118  root     1     1 I init    : processing action (sys.init.updatable_crashing=1) from (/system/etc/init/flags_health_check.rc:10)
02-18 01:01:06.118  root     1     1 I init    : starting service 'exec 62 (/system/bin/flags_health_check UPDATABLE_CRASHING)'...
02-18 01:01:06.124  root     1     1 I init    : ... started service 'exec 62 (/system/bin/flags_health_check UPDATABLE_CRASHING)' has pid 5820
02-18 01:01:06.124  root     1     1 I init    : SVC_EXEC service 'exec 62 (/system/bin/flags_health_check UPDATABLE_CRASHING)' pid 5820 (uid 1000 gid 1000+0 context default) started; waiting...
02-18 01:01:06.107  1000  5820  5820 I flags_health_check: ServerConfigurableFlagsReset reset_mode value: 1
02-18 01:01:06.107  1000  5820  5820 I flags_health_check: ServerConfigurableFlagsReset updatable crashing detected, resetting flags.
02-18 01:01:06.150  root     1     1 I init    : Service 'exec 62 (/system/bin/flags_health_check UPDATABLE_CRASHING)' (pid 5820) exited with status 0 waiting took 0.027000 seconds
02-18 01:01:06.150  root     1     1 I init    : Sending signal 9 to service 'exec 62 (/system/bin/flags_health_check UPDATABLE_CRASHING)' (pid 5820) process group...
02-18 01:01:06.151  root     1     1 I libprocessgroup: Removed cgroup /sys/fs/cgroup/uid_1000/pid_5820
02-18 01:01:06.221 shell  5821  5821 D AndroidRuntime: >>>>>> START com.android.internal.os.RuntimeInit uid 2000 <<<<<<
02-18 01:01:06.225 shell  5821  5821 I AndroidRuntime: Using default boot image
02-18 01:01:06.225 shell  5821  5821 I AndroidRuntime: Leaving lock profiling enabled
02-18 01:01:06.227 shell  5821  5821 I app_process: Core platform API reporting enabled, enforcing=false
02-18 01:01:06.228 shell  5821  5821 I app_process: Using CollectorTypeCMC GC.
02-18 01:01:06.289 shell  5821  5821 D nativeloader: InitDefaultPublicLibraries for_preload=1: libandroid.so:libaaudio.so:libamidi.so:libbinder_ndk.so:libc.so:libcamera2ndk.so:libdl.so:libEGL.so:libGLESv1_CM.so:libGLESv2.so:libGLESv3.so:libicu.so:libicui18n.so:libicuuc.so:libjnigraphics.so:liblog.so:libmediandk.so:libm.so:libnativehelper.so:libnativewindow.so:libOpenMAXAL.so:libOpenSLES.so:libRS.so:libstdc++.so:libsync.so:libvulkan.so:libwebviewchromium_plat_support.so:libz.so
02-18 01:01:06.296 shell  5821  5821 D nativeloader: Load libicu_jni.so using APEX ns com_android_art for caller /apex/com.android.art/javalib/core-oj.jar: ok
02-18 01:01:06.296 shell  5821  5821 D app_process: Time zone APEX ICU file found: /apex/com.android.tzdata/etc/icu/icu_tzdata.dat
02-18 01:01:06.296 shell  5821  5821 D app_process: I18n APEX ICU file found: /apex/com.android.i18n/etc/icu/icudt72l.dat
02-18 01:01:06.297 shell  5821  5821 D nativeloader: Load libjavacore.so using APEX ns com_android_art for caller /apex/com.android.art/javalib/core-oj.jar: ok
02-18 01:01:06.298 shell  5821  5821 D nativeloader: Load libopenjdk.so using APEX ns com_android_art for caller /apex/com.android.art/javalib/core-oj.jar: ok
02-18 01:01:06.322 shell  5821  5821 D nativeloader: Load libframework-connectivity-tiramisu-jni.so using APEX ns com_android_tethering for caller /apex/com.android.tethering/javalib/framework-connectivity-t.jar: ok
02-18 01:01:06.322 shell  5821  5821 D AndroidRuntime: Calling main entry com.android.commands.am.Am
02-18 01:01:06.328 shell  5821  5821 D UiAutomationConnection: Created on user UserHandle{0}
02-18 01:01:06.329  1000  1496  1859 I ActivityManager: Force stopping com.android.tradefed.utils.wifi appid=10126 user=0: start instr
02-18 01:01:06.330  1000  1496  1859 D OomAdjuster: Not killing cached processes
02-18 01:01:06.331  1000  1496  1859 D GrammaticalInflection: The flag must be enabled to allow calling the API.
02-18 01:01:06.331  1000  1496  1859 I am_uid_running: 10126
02-18 01:01:06.332  1000  1496  1859 D CompatibilityChangeReporter: Compat change id reported: 135634846; UID 10126; state: DISABLED
02-18 01:01:06.332  1000  1496  1859 D CompatibilityChangeReporter: Compat change id reported: 177438394; UID 10126; state: DISABLED
02-18 01:01:06.332  1000  1496  1859 D CompatibilityChangeReporter: Compat change id reported: 135772972; UID 10126; state: DISABLED
02-18 01:01:06.332  1000  1496  1859 D CompatibilityChangeReporter: Compat change id reported: 135754954; UID 10126; state: ENABLED
02-18 01:01:06.333  1000  1496  1757 D CompatibilityChangeReporter: Compat change id reported: 143937733; UID 10126; state: ENABLED
02-18 01:01:06.342  root   877   877 D Zygote  : Forked child process 5835
02-18 01:01:06.343  1000  1496  1757 I am_proc_start: [0,5835,10126,com.android.tradefed.utils.wifi,added application,com.android.tradefed.utils.wifi]
02-18 01:01:06.343  1000  1496  1757 I ActivityManager: Start proc 5835:com.android.tradefed.utils.wifi/u0a126 for added application com.android.tradefed.utils.wifi
02-18 01:01:06.359 10126  5835  5835 I efed.utils.wifi: Using CollectorTypeCMC GC.
02-18 01:01:06.364 10126  5835  5835 E efed.utils.wifi: Not starting debugger since process cannot load the jdwp agent.
02-18 01:01:06.368 10126  5835  5835 D nativeloader: Load libframework-connectivity-tiramisu-jni.so using APEX ns com_android_tethering for caller /apex/com.android.tethering/javalib/framework-connectivity-t.jar: ok
02-18 01:01:06.373  1000  1496  1859 I am_proc_bound: [0,5835,com.android.tradefed.utils.wifi]
02-18 01:01:06.377 10126  5835  5835 D CompatibilityChangeReporter: Compat change id reported: 171979766; UID 10126; state: ENABLED
02-18 01:01:06.377 10126  5835  5835 D CompatibilityChangeReporter: Compat change id reported: 242716250; UID 10126; state: DISABLED
02-18 01:01:06.382 10126  5835  5835 D ApplicationLoaders: Returning zygote-cached class loader: /system/framework/android.test.base.jar
02-18 01:01:06.385 10126  5835  5835 D nativeloader: Configuring clns-4 for other apk /system/framework/android.test.mock.jar. target_sdk_version=31, uses_libraries=ALL, library_path=/data/app/~~3bwsMv97FdMnOi1zYvIHtg==/com.android.tradefed.utils.wifi-PI4FsqgQCvKvBiHrlKkGgw==/lib/arm64, permitted_path=/data:/mnt/expand:/data/user/0/com.android.tradefed.utils.wifi
02-18 01:01:06.388 10126  5835  5835 D ApplicationLoaders: Returning zygote-cached class loader: /system/framework/android.test.base.jar
02-18 01:01:06.390 10126  5835  5835 D nativeloader: Configuring clns-5 for other apk /system/framework/android.test.runner.jar. target_sdk_version=31, uses_libraries=ALL, library_path=/data/app/~~3bwsMv97FdMnOi1zYvIHtg==/com.android.tradefed.utils.wifi-PI4FsqgQCvKvBiHrlKkGgw==/lib/arm64, permitted_path=/data:/mnt/expand:/data/user/0/com.android.tradefed.utils.wifi
02-18 01:01:06.394 10126  5835  5835 D nativeloader: Configuring clns-6 for other apk /data/app/~~3bwsMv97FdMnOi1zYvIHtg==/com.android.tradefed.utils.wifi-PI4FsqgQCvKvBiHrlKkGgw==/base.apk. target_sdk_version=31, uses_libraries=, library_path=/data/app/~~3bwsMv97FdMnOi1zYvIHtg==/com.android.tradefed.utils.wifi-PI4FsqgQCvKvBiHrlKkGgw==/lib/arm64, permitted_path=/data:/mnt/expand:/data/user/0/com.android.tradefed.utils.wifi
02-18 01:01:06.401 10126  5835  5835 V GraphicsEnvironment: Currently set values for:
02-18 01:01:06.401 10126  5835  5835 V GraphicsEnvironment:   angle_gl_driver_selection_pkgs=[]
02-18 01:01:06.401 10126  5835  5835 V GraphicsEnvironment:   angle_gl_driver_selection_values=[]
02-18 01:01:06.401 10126  5835  5835 V GraphicsEnvironment: Global.Settings values are invalid: number of packages: 0, number of values: 0
02-18 01:01:06.401 10126  5835  5835 V GraphicsEnvironment: Neither updatable production driver nor prerelease driver is supported.
02-18 01:01:06.406 10126  5835  5835 I UiAutomation: Initialized for user 0 on display 0
02-18 01:01:06.408  1000  1496  1859 D AccessibilityManagerService: changeCurrentUserForTestAutomationIfNeededLocked(0): ignoring because device doesn't support visible background users
02-18 01:01:06.408  1000  1496  1859 I UiAutomationManager: Registering UiTestAutomationService (id=com.android.server.accessibility/UiAutomation) when called by user 0
02-18 01:01:06.410  1000   560   665 D DisplayDevice: setDesiredMode 4619827677550801152 {mode=90.00 Hz (90.00 Hz(90.00 Hz)), emitEvent=true, force=false}
02-18 01:01:06.411  1000  1496  1859 W MagnificationConnectionManager: requestConnection duplicated request: connect=false, mConnectionState=DISCONNECTED
02-18 01:01:06.412  1000  1496  1496 D BatterySaverPolicy: accessibility changed to true, updating policy.
02-18 01:01:06.413 10126  5835  5850 V UiAutomation: Init UiAutomation@d03e3[id=6, displayId=0, flags=0]
02-18 01:01:06.416  1000   563   668 D hwc-display: setActiveConfigWithConstraints:: PrimaryDisplay config(37) test(0)
02-18 01:01:06.416  1000   563   668 I hwc-display: [PrimaryDisplay] setActiveConfigWithConstraints: config(37)
02-18 01:01:06.418  1000  1496  1859 I am_uid_active: 10126
02-18 01:01:06.420  1000  1496  1859 I WifiService: getVerboseLoggingLevel uid=10126
02-18 01:01:06.423  root   876  5853 I resolv  : GetAddrInfoHandler::run: {0 0 0 983040 10126 0}
02-18 01:01:06.424 10126  5835  5851 E WifiConnector: Failed to open connection to check connectivity
02-18 01:01:06.456  root   250   250 I gtd     : FTS_TS: refresh rate(Hz) changed to 90 from 60
02-18 01:01:06.426  1000  1496  1859 W MagnificationConnectionManager: requestConnection duplicated request: connect=false, mConnectionState=DISCONNECTED
02-18 01:01:06.426  1000  1496  1859 D AccessibilityManagerService: restoreCurrentUserForTestAutomationIfNeededLocked(): ignoring because device doesn't support visible background users
02-18 01:01:06.427  1000  1496  1496 D BatterySaverPolicy: accessibility changed to false, updating policy.
02-18 01:01:06.430  1000  1496  2944 I ActivityManager: Force stopping com.android.tradefed.utils.wifi appid=10126 user=0: finished inst
02-18 01:01:06.430  1000  1496  2944 E ActivityManager: Unable to freeze binder for 5835: -11
02-18 01:01:06.431  1000  1496  2944 I am_uid_stopped: 10126
02-18 01:01:06.431  1000  1496  2944 I ActivityManager: Killing 5835:com.android.tradefed.utils.wifi/u0a126 (adj 0): stop com.android.tradefed.utils.wifi due to finished inst
02-18 01:01:06.432 shell  5821  5821 I app_process: System.exit called, status: 0
02-18 01:01:06.432 shell  5821  5821 I AndroidRuntime: VM exiting with result code 0.
02-18 01:01:06.432  1000  1496  2944 I am_kill : [0,5835,com.android.tradefed.utils.wifi,0,stop com.android.tradefed.utils.wifi due to finished inst,103056]
02-18 01:01:06.432  1000  1496  1738 D DisplayManagerService: Drop pending events for gone uid 10126
02-18 01:01:06.463  1000  2944  2944 I binder  : 1496:2944 ioctl 400c620e 6e8f1da38c returned -11
02-18 01:01:06.487  1000  1496  3750 V ActivityManager: Got obituary of 5835:com.android.tradefed.utils.wifi
02-18 01:01:06.487  1000  1496  1758 I libprocessgroup: Removed cgroup /sys/fs/cgroup/uid_10126/pid_5835
02-18 01:01:06.488  root   877   877 I Zygote  : Process 5835 exited due to signal 9 (Killed)
02-18 01:01:06.519  root  1701  1701 I binder  : undelivered TRANSACTION_COMPLETE
02-18 01:01:06.519  root  1701  1701 I binder  : undelivered transaction 180851, process died.
02-18 01:01:06.622  1000  1496  1882 I commit_sys_config_file: [settings-2-0,9]
02-18 01:01:07.951  1000   560   665 D DisplayDevice: setDesiredMode 4619827677550801152 {mode=60.00 Hz (60.00 Hz(60.00 Hz)), emitEvent=false, force=false}
02-18 01:01:07.957  1000   563   563 D hwc-display: setActiveConfigWithConstraints:: PrimaryDisplay config(36) test(0)
02-18 01:01:07.957  1000   563   563 I hwc-display: [PrimaryDisplay] setActiveConfigWithConstraints: config(36)
02-18 01:01:07.991  root   250   250 I gtd     : FTS_TS: refresh rate(Hz) changed to 60 from 90
02-18 01:01:10.492  1000   915   915 W healthd : battery l=82 v=4172 t=27.6 h=2 st=4 c=-138750 fc=4280000 cc=121 chg=
02-18 01:01:10.486 10095  2884  5856 D PowerUI : can't show warning due to - plugged: true status unknown: false
02-18 01:01:10.503  1000   560   665 D DisplayDevice: setDesiredMode 4619827677550801152 {mode=90.00 Hz (90.00 Hz(90.00 Hz)), emitEvent=true, force=false}
02-18 01:01:10.514  1000   563   668 D hwc-display: setActiveConfigWithConstraints:: PrimaryDisplay config(37) test(0)
02-18 01:01:10.514  1000   563   668 I hwc-display: [PrimaryDisplay] setActiveConfigWithConstraints: config(37)
02-18 01:01:10.551  root   250   250 I gtd     : FTS_TS: refresh rate(Hz) changed to 90 from 60
02-18 01:01:10.567  root   967   967 I s3c2410-wdt 10070000.watchdog_cl1: Watchdog cluster 1 keepalive!, old_wtcnt = 7751, wtcnt = cc8c
02-18 01:01:10.714  1080   909   933 I CHRE    : @ 151.505: [ImuCal] [GYRO_RPS] (s0, c0) Offset | Temp [C] | Quality: 0.001750, 0.002568, 0.000146 | 31.69 | 4
02-18 01:01:10.715  1080   909   933 I CHRE    : @ 151.506: [ImuCal] [GYRO_RPS] (s0) Temp Sensitivity: -.000042, -.000063, 0.000081
02-18 01:01:10.715  1080   909   933 I CHRE    : @ 151.506: [ImuCal] [GYRO_RPS] (s0) Temp Intercept: 0.003261, 0.004562, -.002468
02-18 01:01:10.827  root     0     0 E         : [    C0] exynos5-hsi2c 10970000.hsi2c: HSI2C Error Interrupt occurred(IS:0x00000401, TR:0x00080001)
02-18 01:01:10.827  root     0     0 E         : [    C0] exynos5-hsi2c 10970000.hsi2c: HSI2C NO ACK occurred
02-18 01:01:10.827   nfc  3916  3916 E exynos5-hsi2c 10970000.hsi2c: ack was not received at write
02-18 01:01:10.827   nfc  3916  3916 I exynos5-hsi2c 10970000.hsi2c: exynos5_i2c_set_timing IPCLK = 199680000 OP_CLK = 400000 DIV = 31 Timing FS1 = 0x1F0FF00 TIMING FS2 = 0x30003E0 TIMING FS3 = 0x1F0000
02-18 01:01:10.828   nfc  3916  3916 E st21nfc i2c-st21nfc: st21nfc_dev_write : i2c_master_send returned -6
02-18 01:01:11.050  root     1     1 I init    : starting service 'securedpud.slider'...
02-18 01:01:11.029   nfc  3556  3556 I NfcDispatcher: no match
02-18 01:01:11.064  root     1     1 I init    : ... started service 'securedpud.slider' has pid 5858
02-18 01:01:11.064  root     1     1 I init    : starting service 'trusty_metricsd'...
02-18 01:01:11.071  root     1     1 I init    : ... started service 'trusty_metricsd' has pid 5859
02-18 01:01:11.050  1000  5859  5859 I trusty_metricsd: starting trusty_metricsd
02-18 01:01:11.050  1000  5859  5859 I trusty_metricsd: trusty dev: /dev/trusty-ipc-dev0
02-18 01:01:11.053  1000  5859  5859 E libtrusty: tipc_connect: can't connect to tipc service "com.android.frameworks.stats.trusty.metrics.istats_setter" (err=107)
02-18 01:01:11.053  1000  5859  5859 E RpcTrusty: Failed to connect to Trusty service. Error code: -107
02-18 01:01:11.053  1000  5859  5859 E RpcTrusty: Failed to set up Trusty client. Error: BAD_VALUE
02-18 01:01:11.053  1000  5859  5859 E trusty_metricsd: failed to connect TrustyMetricsPixel to Trusty: failed to connect to Trusty metrics TA: Transport endpoint is not connected
02-18 01:01:11.053  1000  5859  5859 W RefBase : RefBase: Explicit destruction, weak count = 0 (in 0xb400006f1afe3a88). Use sp<> to manage this object.
02-18 01:01:11.053  1000  5859  5859 W RefBase : CallStack::getCurrentInternal not linked, returning null
02-18 01:01:11.053  1000  5859  5859 W RefBase : CallStack::logStackInternal not linked
02-18 01:01:11.053  1000  5859  5859 E trusty_metricsd: failed to open Trusty metrics client
02-18 01:01:11.053  1000  5859  5859 E trusty_metricsd: trying to connect to Trusty metrics TA at old TIPC port
02-18 01:01:11.054  1000  5859  5859 E libtrusty: tipc_connect: can't connect to tipc service "com.android.trusty.metrics" (err=107)
02-18 01:01:11.054  1000  5859  5859 E trusty_metricsd: failed to open TrustyMetricsPixelTipc: failed to connect to Trusty metrics TA: Transport endpoint is not connected
02-18 01:01:11.054  1000  5859  5859 E trusty_metricsd: failed to open Trusty metrics client
02-18 01:01:11.055  1000  5858  5858 I securedpud.slider: starting securedpud
02-18 01:01:11.055  1000  5858  5858 I securedpud.slider: trusty dev: /dev/trusty-ipc-dev0
02-18 01:01:11.055  1000  5858  5858 I DMABUFHEAPS: Using DMA-BUF heap named: tui-secure
02-18 01:01:11.055  1000  5858  5858 E libtrusty: tipc_connect: can't connect to tipc service "com.android.trusty.secure_dpu" (err=107)
02-18 01:01:11.055  1000  5858  5858 E securedpud.slider: Failed to connect to: /dev/trusty-ipc-dev0
02-18 01:01:11.088  root     1     1 I init    : Service 'trusty_metricsd' (pid 5859) exited with status 1
02-18 01:01:11.088  root     1     1 I init    : Sending signal 9 to service 'trusty_metricsd' (pid 5859) process group...
02-18 01:01:11.089  root     1     1 I libprocessgroup: Removed cgroup /sys/fs/cgroup/uid_1000/pid_5859
02-18 01:01:11.089  root     1     1 E init    : process with updatable components 'trusty_metricsd' exited 4 times in 4 minutes
02-18 01:01:11.091  root     1     1 I init    : processing action (sys.init.updatable_crashing=1) from (/system/etc/init/flags_health_check.rc:10)
02-18 01:01:11.091  root     1     1 I init    : starting service 'exec 63 (/system/bin/flags_health_check UPDATABLE_CRASHING)'...
02-18 01:01:11.099  root     1     1 I init    : ... started service 'exec 63 (/system/bin/flags_health_check UPDATABLE_CRASHING)' has pid 5860
02-18 01:01:11.099  root     1     1 I init    : SVC_EXEC service 'exec 63 (/system/bin/flags_health_check UPDATABLE_CRASHING)' pid 5860 (uid 1000 gid 1000+0 context default) started; waiting...
02-18 01:01:11.099  root     1     1 I init    : Service 'securedpud.slider' (pid 5858) exited with status 1
02-18 01:01:11.099  root     1     1 I init    : Sending signal 9 to service 'securedpud.slider' (pid 5858) process group...
02-18 01:01:11.100  root     1     1 I libprocessgroup: Removed cgroup /sys/fs/cgroup/uid_1000/pid_5858
02-18 01:01:11.100  root     1     1 E init    : process with updatable components 'securedpud.slider' exited 4 times in 4 minutes
02-18 01:01:11.085  1000  5860  5860 I flags_health_check: ServerConfigurableFlagsReset reset_mode value: 1
02-18 01:01:11.085  1000  5860  5860 I flags_health_check: ServerConfigurableFlagsReset updatable crashing detected, resetting flags.
02-18 01:01:11.129  root     1     1 I init    : Service 'exec 63 (/system/bin/flags_health_check UPDATABLE_CRASHING)' (pid 5860) exited with status 0 waiting took 0.031000 seconds
02-18 01:01:11.129  root     1     1 I init    : Sending signal 9 to service 'exec 63 (/system/bin/flags_health_check UPDATABLE_CRASHING)' (pid 5860) process group...
02-18 01:01:11.129  root     1     1 I libprocessgroup: Removed cgroup /sys/fs/cgroup/uid_1000/pid_5860
02-18 01:01:11.130  root     1     1 I init    : processing action (sys.init.updatable_crashing=1) from (/system/etc/init/flags_health_check.rc:10)
02-18 01:01:11.130  root     1     1 I init    : starting service 'exec 64 (/system/bin/flags_health_check UPDATABLE_CRASHING)'...
02-18 01:01:11.135  root     1     1 I init    : ... started service 'exec 64 (/system/bin/flags_health_check UPDATABLE_CRASHING)' has pid 5861
02-18 01:01:11.135  root     1     1 I init    : SVC_EXEC service 'exec 64 (/system/bin/flags_health_check UPDATABLE_CRASHING)' pid 5861 (uid 1000 gid 1000+0 context default) started; waiting...
02-18 01:01:11.122  1000  5861  5861 I flags_health_check: ServerConfigurableFlagsReset reset_mode value: 1
02-18 01:01:11.122  1000  5861  5861 I flags_health_check: ServerConfigurableFlagsReset updatable crashing detected, resetting flags.
02-18 01:01:11.164  root     1     1 I init    : Service 'exec 64 (/system/bin/flags_health_check UPDATABLE_CRASHING)' (pid 5861) exited with status 0 waiting took 0.031000 seconds
02-18 01:01:11.164  root     1     1 I init    : Sending signal 9 to service 'exec 64 (/system/bin/flags_health_check UPDATABLE_CRASHING)' (pid 5861) process group...
02-18 01:01:11.164  root     1     1 I libprocessgroup: Removed cgroup /sys/fs/cgroup/uid_1000/pid_5861
02-18 01:01:11.859 10113  3551  3933 W MediaProvider: isAppCloneUserPair for user 0: false
02-18 01:01:12.004  1000   560   665 D DisplayDevice: setDesiredMode 4619827677550801152 {mode=60.00 Hz (60.00 Hz(60.00 Hz)), emitEvent=false, force=false}
02-18 01:01:12.010  1000   563   620 D hwc-display: setActiveConfigWithConstraints:: PrimaryDisplay config(36) test(0)
02-18 01:01:12.010  1000   563   620 I hwc-display: [PrimaryDisplay] setActiveConfigWithConstraints: config(36)
02-18 01:01:12.046  root   250   250 I gtd     : FTS_TS: refresh rate(Hz) changed to 60 from 90
02-18 01:01:12.021 10113  3551  4925 I MediaProvider: Deleted 1 0 0 0 0 0 0 items on external_primary due to com.android.shell
02-18 01:01:12.128  artd  1922  1927 I artd    : Dex parent of /data/app/~~3bwsMv97FdMnOi1zYvIHtg==/com.android.tradefed.utils.wifi-PI4FsqgQCvKvBiHrlKkGgw==/base.apk is not writable: Permission denied
02-18 01:01:12.128  artd  1922  1927 I artd    : GetBestInfo checking odex in dalvik-cache (/data/dalvik-cache/arm64/data@app@~~3bwsMv97FdMnOi1zYvIHtg==@com.android.tradefed.utils.wifi-PI4FsqgQCvKvBiHrlKkGgw==@base.apk@classes.dex)
02-18 01:01:12.128  artd  1922  1927 I artd    : Loading /data/dalvik-cache/arm64/data@app@~~3bwsMv97FdMnOi1zYvIHtg==@com.android.tradefed.utils.wifi-PI4FsqgQCvKvBiHrlKkGgw==@base.apk@classes.dex with executable: 0
02-18 01:01:12.128  artd  1922  1927 I artd    : OatFileAssistant test for existing oat file /data/dalvik-cache/arm64/data@app@~~3bwsMv97FdMnOi1zYvIHtg==@com.android.tradefed.utils.wifi-PI4FsqgQCvKvBiHrlKkGgw==@base.apk@classes.dex: File /data/dalvik-cache/arm64/data@app@~~3bwsMv97FdMnOi1zYvIHtg==@com.android.tradefed.utils.wifi-PI4FsqgQCvKvBiHrlKkGgw==@base.apk@classes.vdex does not exist.
02-18 01:01:12.128  artd  1922  1927 I artd    : GetBestInfo checking odex next to the dex file (/data/app/~~3bwsMv97FdMnOi1zYvIHtg==/com.android.tradefed.utils.wifi-PI4FsqgQCvKvBiHrlKkGgw==/oat/arm64/base.odex)
02-18 01:01:12.128  artd  1922  1927 I artd    : Loading /data/app/~~3bwsMv97FdMnOi1zYvIHtg==/com.android.tradefed.utils.wifi-PI4FsqgQCvKvBiHrlKkGgw==/oat/arm64/base.odex with executable: 0
02-18 01:01:12.129  artd  1922  1927 I artd    : Successfully loaded /data/app/~~3bwsMv97FdMnOi1zYvIHtg==/com.android.tradefed.utils.wifi-PI4FsqgQCvKvBiHrlKkGgw==/oat/arm64/base.odex with executable: 0
02-18 01:01:12.130  artd  1922  1927 I artd    : /data/app/~~3bwsMv97FdMnOi1zYvIHtg==/com.android.tradefed.utils.wifi-PI4FsqgQCvKvBiHrlKkGgw==/oat/arm64/base.odex is kOatUpToDate with filter verify
02-18 01:01:12.274 shell  5885  5885 D AndroidRuntime: >>>>>> START com.android.internal.os.RuntimeInit uid 2000 <<<<<<
02-18 01:01:12.278 shell  5885  5885 I AndroidRuntime: Using default boot image
02-18 01:01:12.278 shell  5885  5885 I AndroidRuntime: Leaving lock profiling enabled
02-18 01:01:12.281 shell  5885  5885 I app_process: Core platform API reporting enabled, enforcing=false
02-18 01:01:12.281 shell  5885  5885 I app_process: Using CollectorTypeCMC GC.
02-18 01:01:12.346 shell  5885  5885 D nativeloader: InitDefaultPublicLibraries for_preload=1: libandroid.so:libaaudio.so:libamidi.so:libbinder_ndk.so:libc.so:libcamera2ndk.so:libdl.so:libEGL.so:libGLESv1_CM.so:libGLESv2.so:libGLESv3.so:libicu.so:libicui18n.so:libicuuc.so:libjnigraphics.so:liblog.so:libmediandk.so:libm.so:libnativehelper.so:libnativewindow.so:libOpenMAXAL.so:libOpenSLES.so:libRS.so:libstdc++.so:libsync.so:libvulkan.so:libwebviewchromium_plat_support.so:libz.so
02-18 01:01:12.353 shell  5885  5885 D nativeloader: Load libicu_jni.so using APEX ns com_android_art for caller /apex/com.android.art/javalib/core-oj.jar: ok
02-18 01:01:12.353 shell  5885  5885 D app_process: Time zone APEX ICU file found: /apex/com.android.tzdata/etc/icu/icu_tzdata.dat
02-18 01:01:12.353 shell  5885  5885 D app_process: I18n APEX ICU file found: /apex/com.android.i18n/etc/icu/icudt72l.dat
02-18 01:01:12.354 shell  5885  5885 D nativeloader: Load libjavacore.so using APEX ns com_android_art for caller /apex/com.android.art/javalib/core-oj.jar: ok
02-18 01:01:12.355 shell  5885  5885 D nativeloader: Load libopenjdk.so using APEX ns com_android_art for caller /apex/com.android.art/javalib/core-oj.jar: ok
02-18 01:01:12.377 shell  5885  5885 D nativeloader: Load libframework-connectivity-tiramisu-jni.so using APEX ns com_android_tethering for caller /apex/com.android.tethering/javalib/framework-connectivity-t.jar: ok
02-18 01:01:12.378 shell  5885  5885 D AndroidRuntime: Calling main entry com.android.commands.am.Am
02-18 01:01:12.382 shell  5885  5885 D UiAutomationConnection: Created on user UserHandle{0}
02-18 01:01:12.383  1000  1496  3750 I ActivityManager: Force stopping com.android.tradefed.utils.wifi appid=10126 user=0: start instr
02-18 01:01:12.383  1000  1496  3750 D OomAdjuster: Not killing cached processes
02-18 01:01:12.383  1000  1496  3750 W ProcessStats: Tracking association SourceState{48cc254 com.android.phone/1001 ImpFg #866} whose proc state 5 is better than process ProcessState{2d6ea07 com.google.android.iwlan/1000 pkg=com.google.android.iwlan} proc state 14 (32 skipped)
02-18 01:01:12.384  1000  1496  3750 D GrammaticalInflection: The flag must be enabled to allow calling the API.
02-18 01:01:12.384  1000  1496  3750 I am_uid_running: 10126
02-18 01:01:12.384  1000  1496  3750 D CompatibilityChangeReporter: Compat change id reported: 135634846; UID 10126; state: DISABLED
02-18 01:01:12.385  1000  1496  3750 D CompatibilityChangeReporter: Compat change id reported: 177438394; UID 10126; state: DISABLED
02-18 01:01:12.385  1000  1496  3750 D CompatibilityChangeReporter: Compat change id reported: 135772972; UID 10126; state: DISABLED
02-18 01:01:12.385  1000  1496  3750 D CompatibilityChangeReporter: Compat change id reported: 135754954; UID 10126; state: ENABLED
02-18 01:01:12.385  1000  1496  1757 D CompatibilityChangeReporter: Compat change id reported: 143937733; UID 10126; state: ENABLED
02-18 01:01:12.391  root   877   877 D Zygote  : Forked child process 5899
02-18 01:01:12.391  1000  1496  1757 I am_proc_start: [0,5899,10126,com.android.tradefed.utils.wifi,added application,com.android.tradefed.utils.wifi]
02-18 01:01:12.392  1000  1496  1757 I ActivityManager: Start proc 5899:com.android.tradefed.utils.wifi/u0a126 for added application com.android.tradefed.utils.wifi
02-18 01:01:12.406 10126  5899  5899 I efed.utils.wifi: Using CollectorTypeCMC GC.
02-18 01:01:12.411 10126  5899  5899 E efed.utils.wifi: Not starting debugger since process cannot load the jdwp agent.
02-18 01:01:12.414 10126  5899  5899 D nativeloader: Load libframework-connectivity-tiramisu-jni.so using APEX ns com_android_tethering for caller /apex/com.android.tethering/javalib/framework-connectivity-t.jar: ok
02-18 01:01:12.420  1000  1496  3750 I am_proc_bound: [0,5899,com.android.tradefed.utils.wifi]
02-18 01:01:12.424 10126  5899  5899 D CompatibilityChangeReporter: Compat change id reported: 171979766; UID 10126; state: ENABLED
02-18 01:01:12.424 10126  5899  5899 D CompatibilityChangeReporter: Compat change id reported: 242716250; UID 10126; state: DISABLED
02-18 01:01:12.427 10126  5899  5899 D ApplicationLoaders: Returning zygote-cached class loader: /system/framework/android.test.base.jar
02-18 01:01:12.429 10126  5899  5899 D nativeloader: Configuring clns-4 for other apk /system/framework/android.test.mock.jar. target_sdk_version=31, uses_libraries=ALL, library_path=/data/app/~~3bwsMv97FdMnOi1zYvIHtg==/com.android.tradefed.utils.wifi-PI4FsqgQCvKvBiHrlKkGgw==/lib/arm64, permitted_path=/data:/mnt/expand:/data/user/0/com.android.tradefed.utils.wifi
