02-18 01:01:24.045  root   877   877 D Zygote  : Forked child process 6235
02-18 01:01:24.046  1000  1496  1757 I am_proc_start: [0,6235,10131,android.display.cts,added application,android.display.cts]
02-18 01:01:24.046  1000  1496  1757 I ActivityManager: Start proc 6235:android.display.cts/u0a131 for added application android.display.cts
02-18 01:01:24.050  1000  1496  1885 I RoleService: Granting default roles...
02-18 01:01:24.062 10131  6235  6235 I oid.display.cts: Using CollectorTypeCMC GC.
02-18 01:01:24.067 10131  6235  6235 E oid.display.cts: Not starting debugger since process cannot load the jdwp agent.
02-18 01:01:24.071 10131  6235  6235 D nativeloader: Load libframework-connectivity-tiramisu-jni.so using APEX ns com_android_tethering for caller /apex/com.android.tethering/javalib/framework-connectivity-t.jar: ok
02-18 01:01:24.076  1000  1496  1859 I am_proc_bound: [0,6235,android.display.cts]
02-18 01:01:24.079 10131  6235  6235 D CompatibilityChangeReporter: Compat change id reported: 171979766; UID 10131; state: ENABLED
02-18 01:01:24.079 10131  6235  6235 D CompatibilityChangeReporter: Compat change id reported: 242716250; UID 10131; state: ENABLED
02-18 01:01:24.082  1000  1496  1720 D CompatibilityChangeReporter: Compat change id reported: 170503758; UID 10131; state: ENABLED
02-18 01:01:24.084 10131  6235  6235 D ApplicationLoaders: Returning zygote-cached class loader: /system/framework/android.test.base.jar
02-18 01:01:24.086 10131  6235  6235 D nativeloader: Configuring clns-4 for other apk /system/framework/android.test.mock.jar. target_sdk_version=34, uses_libraries=ALL, library_path=/data/app/~~Tve-TnOBr_E6ZpY4mcs3jg==/android.display.cts-4N1O0yi2lBnhBhIzF7gKng==/lib/arm64:/data/app/~~Tve-TnOBr_E6ZpY4mcs3jg==/android.display.cts-4N1O0yi2lBnhBhIzF7gKng==/base.apk!/lib/arm64-v8a, permitted_path=/data:/mnt/expand:/data/user/0/android.display.cts
02-18 01:01:24.089 10131  6235  6235 D nativeloader: Configuring clns-5 for other apk /system/framework/android.test.runner.jar. target_sdk_version=34, uses_libraries=ALL, library_path=/data/app/~~Tve-TnOBr_E6ZpY4mcs3jg==/android.display.cts-4N1O0yi2lBnhBhIzF7gKng==/lib/arm64:/data/app/~~Tve-TnOBr_E6ZpY4mcs3jg==/android.display.cts-4N1O0yi2lBnhBhIzF7gKng==/base.apk!/lib/arm64-v8a, permitted_path=/data:/mnt/expand:/data/user/0/android.display.cts
02-18 01:01:24.091 10131  6235  6235 D ApplicationLoaders: Returning zygote-cached class loader: /system/framework/android.test.base.jar
02-18 01:01:24.093 10131  6235  6235 D nativeloader: Configuring clns-6 for other apk /data/app/~~Tve-TnOBr_E6ZpY4mcs3jg==/android.display.cts-4N1O0yi2lBnhBhIzF7gKng==/base.apk. target_sdk_version=34, uses_libraries=, library_path=/data/app/~~Tve-TnOBr_E6ZpY4mcs3jg==/android.display.cts-4N1O0yi2lBnhBhIzF7gKng==/lib/arm64:/data/app/~~Tve-TnOBr_E6ZpY4mcs3jg==/android.display.cts-4N1O0yi2lBnhBhIzF7gKng==/base.apk!/lib/arm64-v8a, permitted_path=/data:/mnt/expand:/data/user/0/android.display.cts
02-18 01:01:24.097 10131  6235  6235 V GraphicsEnvironment: Currently set values for:
02-18 01:01:24.097 10131  6235  6235 V GraphicsEnvironment:   angle_gl_driver_selection_pkgs=[]
02-18 01:01:24.097 10131  6235  6235 V GraphicsEnvironment:   angle_gl_driver_selection_values=[]
02-18 01:01:24.097 10131  6235  6235 V GraphicsEnvironment: Global.Settings values are invalid: number of packages: 0, number of values: 0
02-18 01:01:24.097 10131  6235  6235 V GraphicsEnvironment: Neither updatable production driver nor prerelease driver is supported.
02-18 01:01:24.100 10131  6235  6235 I MonitoringInstr: newApplication called!
02-18 01:01:24.100 10131  6235  6235 I MonitoringInstr: Instrumentation started!
02-18 01:01:24.101 10131  6235  6235 D AndroidJUnitRunner: Use the test storage service for managing file I/O.
02-18 01:01:24.104  1000  1496  5202 D GrammaticalInflection: The flag must be enabled to allow calling the API.
02-18 01:01:24.104  1000  1496  5202 I am_uid_running: 10133
02-18 01:01:24.104  1000  1496  5202 D CompatibilityChangeReporter: Compat change id reported: 135634846; UID 10133; state: DISABLED
02-18 01:01:24.104  1000  1496  5202 D CompatibilityChangeReporter: Compat change id reported: 177438394; UID 10133; state: DISABLED
02-18 01:01:24.104  1000  1496  5202 D CompatibilityChangeReporter: Compat change id reported: 135772972; UID 10133; state: DISABLED
02-18 01:01:24.104  1000  1496  5202 D CompatibilityChangeReporter: Compat change id reported: 135754954; UID 10133; state: ENABLED
02-18 01:01:24.105  1000  1496  1757 D CompatibilityChangeReporter: Compat change id reported: 143937733; UID 10133; state: ENABLED
02-18 01:01:24.112  root   877   877 D Zygote  : Forked child process 6251
02-18 01:01:24.113  1000  1496  1757 I am_proc_start: [0,6251,10133,androidx.test.services,content provider,{androidx.test.services/androidx.test.services.storage.provider.TestDataContentProvider}]
02-18 01:01:24.113  1000  1496  1757 I ActivityManager: Start proc 6251:androidx.test.services/u0a133 for content provider {androidx.test.services/androidx.test.services.storage.provider.TestDataContentProvider}
02-18 01:01:24.126 10133  6251  6251 I x.test.services: Late-enabling -Xcheck:jni
02-18 01:01:24.153 10133  6251  6251 I x.test.services: Using CollectorTypeCMC GC.
02-18 01:01:24.157 shell  1018  1040 I adbd    : jdwp connection from 6251
02-18 01:01:24.160 10133  6251  6251 D nativeloader: Load libframework-connectivity-tiramisu-jni.so using APEX ns com_android_tethering for caller /apex/com.android.tethering/javalib/framework-connectivity-t.jar: ok
02-18 01:01:24.164  1000  1496  1720 I am_proc_bound: [0,6251,androidx.test.services]
02-18 01:01:24.167  1000  1496  1874 D CompatibilityChangeReporter: Compat change id reported: 265195908; UID 10133; state: ENABLED
02-18 01:01:24.174 10133  6251  6251 D CompatibilityChangeReporter: Compat change id reported: 171979766; UID 10133; state: DISABLED
02-18 01:01:24.174 10133  6251  6251 D CompatibilityChangeReporter: Compat change id reported: 242716250; UID 10133; state: DISABLED
02-18 01:01:24.178  1000  1496  1720 D CompatibilityChangeReporter: Compat change id reported: 170503758; UID 10133; state: DISABLED
02-18 01:01:24.181 10133  6251  6251 W ziparchive: Unable to open '/data/app/~~9uvxAqzle0J3jTvnvjVnfQ==/androidx.test.services-cHQLpDCa6QAOQK0qVCO_Rw==/base.dm': No such file or directory
02-18 01:01:24.181 10133  6251  6251 W ziparchive: Unable to open '/data/app/~~9uvxAqzle0J3jTvnvjVnfQ==/androidx.test.services-cHQLpDCa6QAOQK0qVCO_Rw==/base.dm': No such file or directory
02-18 01:01:24.206 10133  6251  6251 D nativeloader: Configuring clns-4 for other apk /data/app/~~9uvxAqzle0J3jTvnvjVnfQ==/androidx.test.services-cHQLpDCa6QAOQK0qVCO_Rw==/base.apk. target_sdk_version=30, uses_libraries=, library_path=/data/app/~~9uvxAqzle0J3jTvnvjVnfQ==/androidx.test.services-cHQLpDCa6QAOQK0qVCO_Rw==/lib/arm64, permitted_path=/data:/mnt/expand:/data/user/0/androidx.test.services
02-18 01:01:24.214 10133  6251  6251 V GraphicsEnvironment: Currently set values for:
02-18 01:01:24.214 10133  6251  6251 V GraphicsEnvironment:   angle_gl_driver_selection_pkgs=[]
02-18 01:01:24.214 10133  6251  6251 V GraphicsEnvironment:   angle_gl_driver_selection_values=[]
02-18 01:01:24.214 10133  6251  6251 V GraphicsEnvironment: Global.Settings values are invalid: number of packages: 0, number of values: 0
02-18 01:01:24.214 10133  6251  6251 V GraphicsEnvironment: Neither updatable production driver nor prerelease driver is supported.
02-18 01:01:24.219 10133  6251  6251 I MultiDex: VM with version 2.1.0 has multidex support
02-18 01:01:24.219 10133  6251  6251 I MultiDex: Installing application
02-18 01:01:24.219 10133  6251  6251 I MultiDex: VM has multidex support, MultiDex support library is disabled.
02-18 01:01:24.220 10133  6251  6251 D CompatibilityChangeReporter: Compat change id reported: 183155436; UID 10133; state: DISABLED
02-18 01:01:24.229 10133  6251  6267 I AbstractFileContentProvider: file '/storage/emulated/0/googletest/test_runfiles/data/local/tmp/ajur/includes.txt': found
02-18 01:01:24.231  1000  1496  1720 D CompatibilityChangeReporter: Compat change id reported: 149924527; UID 10133; state: ENABLED
02-18 01:01:24.231  1000  1496  1720 D CompatibilityChangeReporter: Compat change id reported: 132649864; UID 10133; state: DISABLED
02-18 01:01:24.236 10133  6251  6267 I AbstractFileContentProvider: file '/storage/emulated/0/googletest/test_runfiles/data/local/tmp/ajur/excludes.txt': found
02-18 01:01:24.238 10131  6235  6235 I AndroidJUnitRunner: onCreate Bundle[{testFile=/data/local/tmp/ajur/includes.txt, notTestFile=/data/local/tmp/ajur/excludes.txt, log=true, debug=false, timeout_msec=300000, useTestStorageService=true, newRunListenerMode=true, notAnnotation=com.android.compatibility.common.util.CtsDownstreamingTest,android.platform.test.annotations.AsbSecurityTest,android.platform.test.annotations.AppModeInstant}]
02-18 01:01:24.238 10131  6235  6235 V TestEventClient: No service name argument was given (testDiscoveryService, testRunEventService or orchestratorService)
02-18 01:01:24.239 10131  6235  6269 D AndroidJUnitRunner: onStart is called.
02-18 01:01:24.239  1000  1496  1720 I am_uid_active: 10131
02-18 01:01:24.240  1000  1496  1720 I am_uid_active: 10133
02-18 01:01:24.240 10131  6235  6235 I MonitoringInstr: No JSBridge.
02-18 01:01:24.244  1000  1496  1720 D CompatibilityChangeReporter: Compat change id reported: 161145287; UID 10131; state: ENABLED
02-18 01:01:24.244 10131  6235  6269 I InstrConnection: Could not send broadcast or register receiver (isolatedProcess?)
02-18 01:01:24.245 10131  6235  6269 D TestRequestBuilder: Skipping class path scanning and directly running [android.display.cts.VirtualDisplayTest]
02-18 01:01:24.248 10133  6251  6267 I AbstractFileContentProvider: file '/storage/emulated/0/googletest/test_runfiles/data/local/tmp/ajur/includes.txt': found
02-18 01:01:24.252 10133  6251  6265 I AbstractFileContentProvider: file '/storage/emulated/0/googletest/test_runfiles/data/local/tmp/ajur/excludes.txt': found
02-18 01:01:24.258 10131  6235  6269 D TestExecutor: Adding listener androidx.test.internal.runner.listener.InstrumentationResultPrinter
02-18 01:01:24.263  1000  1496  1720 I ActivityManager: Force stopping android.display.cts appid=10131 user=0: finished inst
02-18 01:01:24.263  1000  1496  1720 E ActivityManager: Unable to freeze binder for 6235: -11
02-18 01:01:24.296  1000  1720  1720 I binder  : 1496:1720 ioctl 400c620e 6fd585f38c returned -11
02-18 01:01:24.296  1000  1720  1720 I binder  : 1496:1720 ioctl 400c620e 6fd585f38c returned -11
02-18 01:01:24.263  1000  1496  1720 I am_uid_stopped: 10131
02-18 01:01:24.263  1000  1496  1720 I ActivityManager: Killing 6235:android.display.cts/u0a131 (adj 0): stop android.display.cts due to finished inst
02-18 01:01:24.264  1000  1496  1720 I am_kill : [0,6235,android.display.cts,0,stop android.display.cts due to finished inst,111636]
02-18 01:01:24.264  1000  1496  1738 D DisplayManagerService: Drop pending events for gone uid 10131
02-18 01:01:24.266 shell  6220  6220 I app_process: System.exit called, status: 0
02-18 01:01:24.266 shell  6220  6220 I AndroidRuntime: VM exiting with result code 0.
02-18 01:01:24.351  1000  1496  5202 V ActivityManager: Got obituary of 6235:android.display.cts
02-18 01:01:24.384  root   180   180 I binder  : undelivered TRANSACTION_COMPLETE
02-18 01:01:24.384  root   180   180 I binder  : undelivered transaction 192400, process died.
02-18 01:01:24.352  1000  1496  1758 I libprocessgroup: Removed cgroup /sys/fs/cgroup/uid_10131/pid_6235
02-18 01:01:24.352  root   877   877 I Zygote  : Process 6235 exited due to signal 9 (Killed)
02-18 01:01:24.423 shell  6273  6273 D AndroidRuntime: >>>>>> START com.android.internal.os.RuntimeInit uid 2000 <<<<<<
02-18 01:01:24.429 shell  6273  6273 I AndroidRuntime: Using default boot image
02-18 01:01:24.429 shell  6273  6273 I AndroidRuntime: Leaving lock profiling enabled
02-18 01:01:24.432 shell  6273  6273 I app_process: Core platform API reporting enabled, enforcing=false
02-18 01:01:24.432 shell  6273  6273 I app_process: Using CollectorTypeCMC GC.
02-18 01:01:24.499 shell  6273  6273 D nativeloader: InitDefaultPublicLibraries for_preload=1: libandroid.so:libaaudio.so:libamidi.so:libbinder_ndk.so:libc.so:libcamera2ndk.so:libdl.so:libEGL.so:libGLESv1_CM.so:libGLESv2.so:libGLESv3.so:libicu.so:libicui18n.so:libicuuc.so:libjnigraphics.so:liblog.so:libmediandk.so:libm.so:libnativehelper.so:libnativewindow.so:libOpenMAXAL.so:libOpenSLES.so:libRS.so:libstdc++.so:libsync.so:libvulkan.so:libwebviewchromium_plat_support.so:libz.so
02-18 01:01:24.515 shell  6273  6273 D nativeloader: Load libicu_jni.so using APEX ns com_android_art for caller /apex/com.android.art/javalib/core-oj.jar: ok
02-18 01:01:24.515 shell  6273  6273 D app_process: Time zone APEX ICU file found: /apex/com.android.tzdata/etc/icu/icu_tzdata.dat
02-18 01:01:24.515 shell  6273  6273 D app_process: I18n APEX ICU file found: /apex/com.android.i18n/etc/icu/icudt72l.dat
02-18 01:01:24.516 shell  6273  6273 D nativeloader: Load libjavacore.so using APEX ns com_android_art for caller /apex/com.android.art/javalib/core-oj.jar: ok
02-18 01:01:24.517 shell  6273  6273 D nativeloader: Load libopenjdk.so using APEX ns com_android_art for caller /apex/com.android.art/javalib/core-oj.jar: ok
02-18 01:01:24.540 shell  6273  6273 D nativeloader: Load libframework-connectivity-tiramisu-jni.so using APEX ns com_android_tethering for caller /apex/com.android.tethering/javalib/framework-connectivity-t.jar: ok
02-18 01:01:24.540 shell  6273  6273 D AndroidRuntime: Calling main entry com.android.commands.am.Am
02-18 01:01:24.543 shell  6273  6273 D UiAutomationConnection: Created on user UserHandle{0}
02-18 01:01:24.544  1000  1496  5202 I ActivityManager: Force stopping android.display.cts appid=10131 user=0: start instr
02-18 01:01:24.545  1000  1496  5202 D GrammaticalInflection: The flag must be enabled to allow calling the API.
02-18 01:01:24.545  1000  1496  5202 I am_uid_running: 10131
02-18 01:01:24.545  1000  1496  5202 D CompatibilityChangeReporter: Compat change id reported: 135634846; UID 10131; state: DISABLED
02-18 01:01:24.546  1000  1496  5202 D CompatibilityChangeReporter: Compat change id reported: 177438394; UID 10131; state: DISABLED
02-18 01:01:24.546  1000  1496  5202 D CompatibilityChangeReporter: Compat change id reported: 135772972; UID 10131; state: DISABLED
02-18 01:01:24.546  1000  1496  5202 D CompatibilityChangeReporter: Compat change id reported: 135754954; UID 10131; state: ENABLED
02-18 01:01:24.546  1000  1496  1757 D CompatibilityChangeReporter: Compat change id reported: 143937733; UID 10131; state: ENABLED
02-18 01:01:24.553  root   877   877 D Zygote  : Forked child process 6288
02-18 01:01:24.553  1000  1496  1757 I am_proc_start: [0,6288,10131,android.display.cts,added application,android.display.cts]
02-18 01:01:24.553  1000  1496  1757 I ActivityManager: Start proc 6288:android.display.cts/u0a131 for added application android.display.cts
02-18 01:01:24.566 10131  6288  6288 I oid.display.cts: Using CollectorTypeCMC GC.
02-18 01:01:24.572 10131  6288  6288 E oid.display.cts: Not starting debugger since process cannot load the jdwp agent.
02-18 01:01:24.576 10131  6288  6288 D nativeloader: Load libframework-connectivity-tiramisu-jni.so using APEX ns com_android_tethering for caller /apex/com.android.tethering/javalib/framework-connectivity-t.jar: ok
02-18 01:01:24.582  1000  1496  5202 I am_proc_bound: [0,6288,android.display.cts]
02-18 01:01:24.585 10131  6288  6288 D CompatibilityChangeReporter: Compat change id reported: 171979766; UID 10131; state: ENABLED
02-18 01:01:24.585 10131  6288  6288 D CompatibilityChangeReporter: Compat change id reported: 242716250; UID 10131; state: ENABLED
02-18 01:01:24.590 10131  6288  6288 D ApplicationLoaders: Returning zygote-cached class loader: /system/framework/android.test.base.jar
02-18 01:01:24.594 10131  6288  6288 D nativeloader: Configuring clns-4 for other apk /system/framework/android.test.mock.jar. target_sdk_version=34, uses_libraries=ALL, library_path=/data/app/~~Tve-TnOBr_E6ZpY4mcs3jg==/android.display.cts-4N1O0yi2lBnhBhIzF7gKng==/lib/arm64:/data/app/~~Tve-TnOBr_E6ZpY4mcs3jg==/android.display.cts-4N1O0yi2lBnhBhIzF7gKng==/base.apk!/lib/arm64-v8a, permitted_path=/data:/mnt/expand:/data/user/0/android.display.cts
02-18 01:01:24.598 10131  6288  6288 D nativeloader: Configuring clns-5 for other apk /system/framework/android.test.runner.jar. target_sdk_version=34, uses_libraries=ALL, library_path=/data/app/~~Tve-TnOBr_E6ZpY4mcs3jg==/android.display.cts-4N1O0yi2lBnhBhIzF7gKng==/lib/arm64:/data/app/~~Tve-TnOBr_E6ZpY4mcs3jg==/android.display.cts-4N1O0yi2lBnhBhIzF7gKng==/base.apk!/lib/arm64-v8a, permitted_path=/data:/mnt/expand:/data/user/0/android.display.cts
02-18 01:01:24.600 10131  6288  6288 D ApplicationLoaders: Returning zygote-cached class loader: /system/framework/android.test.base.jar
02-18 01:01:24.602 10131  6288  6288 D nativeloader: Configuring clns-6 for other apk /data/app/~~Tve-TnOBr_E6ZpY4mcs3jg==/android.display.cts-4N1O0yi2lBnhBhIzF7gKng==/base.apk. target_sdk_version=34, uses_libraries=, library_path=/data/app/~~Tve-TnOBr_E6ZpY4mcs3jg==/android.display.cts-4N1O0yi2lBnhBhIzF7gKng==/lib/arm64:/data/app/~~Tve-TnOBr_E6ZpY4mcs3jg==/android.display.cts-4N1O0yi2lBnhBhIzF7gKng==/base.apk!/lib/arm64-v8a, permitted_path=/data:/mnt/expand:/data/user/0/android.display.cts
02-18 01:01:24.606 10131  6288  6288 V GraphicsEnvironment: Currently set values for:
02-18 01:01:24.606 10131  6288  6288 V GraphicsEnvironment:   angle_gl_driver_selection_pkgs=[]
02-18 01:01:24.607 10131  6288  6288 V GraphicsEnvironment:   angle_gl_driver_selection_values=[]
02-18 01:01:24.607 10131  6288  6288 V GraphicsEnvironment: Global.Settings values are invalid: number of packages: 0, number of values: 0
02-18 01:01:24.607 10131  6288  6288 V GraphicsEnvironment: Neither updatable production driver nor prerelease driver is supported.
02-18 01:01:24.610 10131  6288  6288 I MonitoringInstr: newApplication called!
02-18 01:01:24.610 10131  6288  6288 I MonitoringInstr: Instrumentation started!
02-18 01:01:24.611 10131  6288  6288 D AndroidJUnitRunner: Use the test storage service for managing file I/O.
02-18 01:01:24.616 10133  6251  6265 I AbstractFileContentProvider: file '/storage/emulated/0/googletest/test_runfiles/data/local/tmp/ajur/includes.txt': found
02-18 01:01:24.623 10133  6251  6265 I AbstractFileContentProvider: file '/storage/emulated/0/googletest/test_runfiles/data/local/tmp/ajur/excludes.txt': found
02-18 01:01:24.625 10131  6288  6288 I AndroidJUnitRunner: onCreate Bundle[{testFile=/data/local/tmp/ajur/includes.txt, notTestFile=/data/local/tmp/ajur/excludes.txt, log=false, debug=false, timeout_msec=300000, useTestStorageService=true, newRunListenerMode=true, notAnnotation=com.android.compatibility.common.util.CtsDownstreamingTest,android.platform.test.annotations.AsbSecurityTest,android.platform.test.annotations.AppModeInstant}]
02-18 01:01:24.626 10131  6288  6288 V TestEventClient: No service name argument was given (testDiscoveryService, testRunEventService or orchestratorService)
02-18 01:01:24.626 10131  6288  6303 D AndroidJUnitRunner: onStart is called.
02-18 01:01:24.626  1000  1496  5202 I am_uid_active: 10131
02-18 01:01:24.628 10131  6288  6288 I MonitoringInstr: No JSBridge.
02-18 01:01:24.631 10131  6288  6303 I InstrConnection: Could not send broadcast or register receiver (isolatedProcess?)
02-18 01:01:24.634 10131  6288  6303 D TestRequestBuilder: Skipping class path scanning and directly running [android.display.cts.VirtualDisplayTest]
02-18 01:01:24.640 10133  6251  6265 I AbstractFileContentProvider: file '/storage/emulated/0/googletest/test_runfiles/data/local/tmp/ajur/includes.txt': found
02-18 01:01:24.647 10133  6251  6265 I AbstractFileContentProvider: file '/storage/emulated/0/googletest/test_runfiles/data/local/tmp/ajur/excludes.txt': found
02-18 01:01:24.657 10131  6288  6303 D TestExecutor: Adding listener androidx.test.internal.runner.listener.LogRunListener
02-18 01:01:24.658 10131  6288  6303 D TestExecutor: Adding listener androidx.test.internal.runner.listener.InstrumentationResultPrinter
02-18 01:01:24.658 10131  6288  6303 D TestExecutor: Adding listener androidx.test.internal.runner.listener.ActivityFinisherRunListener
02-18 01:01:24.658 10131  6288  6303 D TestExecutor: Adding listener androidx.test.internal.runner.listener.TraceRunListener
02-18 01:01:24.661 10131  6288  6303 I TestRunner: run started: 1 tests
02-18 01:01:24.662 10131  6288  6303 V UserSettings: UserSettings[namespace=GLOBAL, user=0]
02-18 01:01:24.662 10131  6288  6303 V UserSettings: UserSettings[namespace=GLOBAL, user=0]
02-18 01:01:24.663 10131  6288  6303 D ShellHelper: runShellCommand(): settings get --user 0 global user_disabled_hdr_formats
02-18 01:01:24.664 10131  6288  6303 I UiAutomation: Initialized for user 0 on display 0
02-18 01:01:24.667  1000  1496  5202 D AccessibilityManagerService: changeCurrentUserForTestAutomationIfNeededLocked(0): ignoring because device doesn't support visible background users
02-18 01:01:24.667  1000  1496  5202 I UiAutomationManager: Registering UiTestAutomationService (id=com.android.server.accessibility/UiAutomation) when called by user 0
02-18 01:01:24.669  1000  1496  5202 W MagnificationConnectionManager: requestConnection duplicated request: connect=false, mConnectionState=DISCONNECTED
02-18 01:01:24.670  1000  1496  1496 D BatterySaverPolicy: accessibility changed to true, updating policy.
02-18 01:01:24.671 10131  6288  6305 V UiAutomation: Init UiAutomation@1ddf040[id=8, displayId=0, flags=0]
02-18 01:01:24.671 10131  6288  6303 V CtsSystemUtil: Running command: settings get --user 0 global user_disabled_hdr_formats
02-18 01:01:24.675 10131  6288  6303 D nativeloader: Load libcts_jni.so using ns clns-6 from class loader (caller=<unknown>): dlopen failed: library "libcts_jni.so" not found
02-18 01:01:24.675 10131  6288  6303 I System.out: JNI not loaded
02-18 01:01:24.702 10131  6288  6303 D UserSettings: [namespace=GLOBAL, user=0]: get(user_disabled_hdr_formats): settings returned '', returning ''
02-18 01:01:24.702 10131  6288  6303 D ShellHelper: runShellCommand(): settings get --user 0 global are_user_disabled_hdr_formats_allowed
02-18 01:01:24.702 10131  6288  6303 V CtsSystemUtil: Running command: settings get --user 0 global are_user_disabled_hdr_formats_allowed
02-18 01:01:24.732 10131  6288  6303 D UserSettings: [namespace=GLOBAL, user=0]: get(are_user_disabled_hdr_formats_allowed): settings returned 'null', returning 'null'
02-18 01:01:24.733 10131  6288  6303 I TestRunner: started: testUntrustedSysDecorVirtualDisplay(android.display.cts.VirtualDisplayTest)
02-18 01:01:24.740 10131  6288  6303 D CompatibilityChangeReporter: Compat change id reported: 236825255; UID 10131; state: ENABLED
02-18 01:01:24.744  1000  1496  5202 D DisplayManagerService: Virtual Display: creating DisplayDevice with VirtualDisplayAdapter
02-18 01:01:24.745  1000  1496  5202 I DisplayDeviceRepository: Display device added: DisplayDeviceInfo{"VirtualDisplayTest": uniqueId="virtual:android.display.cts,10131,VirtualDisplayTest,1", 720 x 480, modeId 4, renderFrameRate 60.0, defaultModeId 4, userPreferredModeId -1, supportedModes [{id=4, width=720, height=480, fps=60.0, vsync=60.0, alternativeRefreshRates=[], supportedHdrTypes=[]}], colorMode 0, supportedColorModes [0], hdrCapabilities null, allmSupported false, gameContentTypeSupported false, density 160, 160.0 x 160.0 dpi, appVsyncOff 0, presDeadline 16666666, touch NONE, rotation 0, type VIRTUAL, deviceProductInfo null, state ON, committedState UNKNOWN, owner android.display.cts (uid 10131), frameRateOverride , brightnessMinimum 0.0, brightnessMaximum 0.0, brightnessDefault 0.0, hdrSdrRatio NaN, FLAG_OWN_CONTENT_ONLY, installOrientation 0, displayShape DisplayShape{ spec=2031491835 displayWidth=720 displayHeight=480 physicalPixelDisplaySizeRatio=1.0 rotation=0 offsetX=0 offsetY=0 scale=1.0}}
02-18 01:01:24.747  1000  1496  5202 I LogicalDisplayMapper: Applying layout: [{dispId: 0(ON), displayGroupName: , addr: {port=0, model=0x401ceccbbbeef1}, mThermalBrightnessThrottlingMapId: null, mRefreshRateZoneId: null, mLeadDisplayId: -1, mLeadDisplayAddress: null, mThermalRefreshRateThrottlingMapId: null, mPowerThrottlingMapId: null}], Previous layout: [{dispId: 0(ON), displayGroupName: , addr: {port=0, model=0x401ceccbbbeef1}, mThermalBrightnessThrottlingMapId: null, mRefreshRateZoneId: null, mLeadDisplayId: -1, mLeadDisplayAddress: null, mThermalRefreshRateThrottlingMapId: null, mPowerThrottlingMapId: null}]
02-18 01:01:24.747  1000  1496  5202 I LogicalDisplayMapper: Setting new display group 0 for display 3, from previous group: null
02-18 01:01:24.749  1000  1496  5202 W BrightnessThrottler: DeviceConfig ThermalBrightnessThrottlingData is null
02-18 01:01:24.750  1000  1496  1737 D BrightnessThermalClamper: New thermal throttling status = 0
02-18 01:01:24.750  1000  1496  1778 D BrightnessPowerClamper: Power throttling data is missing for configuration data.
02-18 01:01:24.750  1000  1496  5202 W DisplayPowerController2[3]: Screen brightness nits configuration is unavailable; falling back
02-18 01:01:24.752  1000  1496  1741 I DisplayDevice: [3] Layerstack set to 3 for virtual:android.display.cts,10131,VirtualDisplayTest,1
02-18 01:01:24.752  1000  1496  5202 V VirtualDisplayAdapter: Release VirtualDisplay VirtualDisplayTest
02-18 01:01:24.753 10095  2884  2932 D DisplayRepository: display with id=3 connected.
02-18 01:01:24.753 10095  2884  2955 D connectedDisplayIds: newValue: [0, 3]
02-18 01:01:24.753 10095  2884  2955 D allDisplayEvents: newValue: Added(displayId=3)
02-18 01:01:24.756  1000  1496  5202 D DisplayManagerService: Virtual Display: Display Device released
02-18 01:01:24.756  1000  1496  5202 I DisplayDeviceRepository: Display device removed: DisplayDeviceInfo{"VirtualDisplayTest": uniqueId="virtual:android.display.cts,10131,VirtualDisplayTest,1", 720 x 480, modeId 4, renderFrameRate 60.0, defaultModeId 4, userPreferredModeId -1, supportedModes [{id=4, width=720, height=480, fps=60.0, vsync=60.0, alternativeRefreshRates=[], supportedHdrTypes=[]}], colorMode 0, supportedColorModes [0], hdrCapabilities null, allmSupported false, gameContentTypeSupported false, density 160, 160.0 x 160.0 dpi, appVsyncOff 0, presDeadline 16666666, touch NONE, rotation 0, type VIRTUAL, deviceProductInfo null, state ON, committedState UNKNOWN, owner android.display.cts (uid 10131), frameRateOverride , brightnessMinimum 0.0, brightnessMaximum 0.0, brightnessDefault 0.0, hdrSdrRatio NaN, FLAG_OWN_CONTENT_ONLY, installOrientation 0, displayShape DisplayShape{ spec=2031491835 displayWidth=720 displayHeight=480 physicalPixelDisplaySizeRatio=1.0 rotation=0 offsetX=0 offsetY=0 scale=1.0}}
02-18 01:01:24.759  1000  1496  1778 V DisplayPowerController2[3]: Brightness [0.0] reason changing to: 'manual', previous reason: '0'.
02-18 01:01:24.759  1000  1496  1778 I DisplayPowerController2[3]: BrightnessEvent: disp=3, physDisp=virtual:android.display.cts,10131,VirtualDisplayTest,1, displayState=ON, displayPolicy=BRIGHT, brt=0.0, initBrt=NaN, rcmdBrt=NaN, preBrt=NaN, lux=0.0, preLux=0.0, hbmMax=1.0, hbmMode=off, rbcStrength=-1, thrmMax=1.0, powerFactor=1.0, wasShortTermModelActive=false, flags=, reason=manual, autoBrightness=false, strategy=InvalidBrightnessStrategy, autoBrightnessMode=default
02-18 01:01:24.762 10131  6288  6303 E TestRunner: failed: testUntrustedSysDecorVirtualDisplay(android.display.cts.VirtualDisplayTest)
02-18 01:01:24.762 10131  6288  6303 E TestRunner: ----- begin exception -----
02-18 01:01:24.762 10131  6288  6303 E TestRunner: java.lang.AssertionError: display must have correct flags expected:<4> but was:<0>
02-18 01:01:24.762 10131  6288  6303 E TestRunner: 	at org.junit.Assert.fail(Assert.java:89)
02-18 01:01:24.762 10131  6288  6303 E TestRunner: 	at org.junit.Assert.failNotEquals(Assert.java:835)
02-18 01:01:24.762 10131  6288  6303 E TestRunner: 	at org.junit.Assert.assertEquals(Assert.java:647)
02-18 01:01:24.762 10131  6288  6303 E TestRunner: 	at android.display.cts.VirtualDisplayTest.assertDisplayRegistered(VirtualDisplayTest.java:355)
02-18 01:01:24.762 10131  6288  6303 E TestRunner: 	at android.display.cts.VirtualDisplayTest.testUntrustedSysDecorVirtualDisplay(VirtualDisplayTest.java:267)
02-18 01:01:24.762 10131  6288  6303 E TestRunner: 	at java.lang.reflect.Method.invoke(Native Method)
02-18 01:01:24.762 10131  6288  6303 E TestRunner: 	at org.junit.runners.model.FrameworkMethod$1.runReflectiveCall(FrameworkMethod.java:59)
02-18 01:01:24.762 10131  6288  6303 E TestRunner: 	at org.junit.internal.runners.model.ReflectiveCallable.run(ReflectiveCallable.java:12)
02-18 01:01:24.762 10131  6288  6303 E TestRunner: 	at org.junit.runners.model.FrameworkMethod.invokeExplosively(FrameworkMethod.java:61)
02-18 01:01:24.762 10131  6288  6303 E TestRunner: 	at org.junit.internal.runners.statements.InvokeMethod.evaluate(InvokeMethod.java:17)
02-18 01:01:24.762 10131  6288  6303 E TestRunner: 	at org.junit.internal.runners.statements.FailOnTimeout$CallableStatement.call(FailOnTimeout.java:148)
02-18 01:01:24.762 10131  6288  6303 E TestRunner: 	at org.junit.internal.runners.statements.FailOnTimeout$CallableStatement.call(FailOnTimeout.java:142)
02-18 01:01:24.762 10131  6288  6303 E TestRunner: 	at java.util.concurrent.FutureTask.run(FutureTask.java:264)
02-18 01:01:24.762 10131  6288  6303 E TestRunner: 	at java.lang.Thread.run(Thread.java:1012)
02-18 01:01:24.762  1000  1496  1755 D SkinThermalStatusObserver: Updating votes, display already removed, display=3
02-18 01:01:24.762 10131  6288  6303 E TestRunner: ----- end exception -----
02-18 01:01:24.763 10131  6288  6303 I TestRunner: finished: testUntrustedSysDecorVirtualDisplay(android.display.cts.VirtualDisplayTest)
02-18 01:01:24.765 10095  2884  2884 D DisplayRepository: combining enabled=[0], connectedExternalDisplayIds=[], ignored=[]
02-18 01:01:24.765 10095  2884  2884 D DisplayRepository: combining enabled=[0], connectedExternalDisplayIds=[], ignored=[]
02-18 01:01:24.766 10131  6288  6303 D ShellHelper: runShellCommand(): settings get --user 0 global are_user_disabled_hdr_formats_allowed
02-18 01:01:24.766 10131  6288  6303 V CtsSystemUtil: Running command: settings get --user 0 global are_user_disabled_hdr_formats_allowed
02-18 01:01:24.766 10095  2884  2953 D allDisplayEvents: newValue: Removed(displayId=3)
02-18 01:01:24.766 10095  2884  2948 D allDisplayEvents: newValue: Removed(displayId=3)
02-18 01:01:24.766 10095  2884  2934 D allDisplayEvents: newValue: Removed(displayId=3)
02-18 01:01:24.766 10095  2884  2884 D DisplayRepository: combining enabled=[0], connectedExternalDisplayIds=[], ignored=[]
02-18 01:01:24.767 10095  2884  2932 D DisplayRepository: display with id=3 disconnected.
02-18 01:01:24.767 10095  2884  2954 D connectedDisplayIds: newValue: [0]
02-18 01:01:24.768 10095  2884  2884 D DisplayRepository: combining enabled=[0], connectedExternalDisplayIds=[], ignored=[]
02-18 01:01:24.792 10131  6288  6303 D UserSettings: [namespace=GLOBAL, user=0]: get(are_user_disabled_hdr_formats_allowed): settings returned 'null', returning 'null'
02-18 01:01:24.792 10131  6288  6303 D ShellHelper: runShellCommand(): settings get --user 0 global user_disabled_hdr_formats
02-18 01:01:24.792 10131  6288  6303 V CtsSystemUtil: Running command: settings get --user 0 global user_disabled_hdr_formats
02-18 01:01:24.821 10131  6288  6303 D UserSettings: [namespace=GLOBAL, user=0]: get(user_disabled_hdr_formats): settings returned '', returning ''
02-18 01:01:24.821 10131  6288  6303 I TestRunner: run finished: 1 tests, 1 failed, 0 ignored
02-18 01:01:24.828  1000  1496  4429 W MagnificationConnectionManager: requestConnection duplicated request: connect=false, mConnectionState=DISCONNECTED
02-18 01:01:24.829  1000  1496  4429 D AccessibilityManagerService: restoreCurrentUserForTestAutomationIfNeededLocked(): ignoring because device doesn't support visible background users
02-18 01:01:24.830  1000  1496  1496 D BatterySaverPolicy: accessibility changed to false, updating policy.
02-18 01:01:24.833  1000  1496  1720 I ActivityManager: Force stopping android.display.cts appid=10131 user=0: finished inst
02-18 01:01:24.834  1000  1496  1720 E ActivityManager: Unable to freeze binder for 6288: -11
02-18 01:01:24.867  1000  1720  1720 I binder  : 1496:1720 ioctl 400c620e 6fd585f42c returned -11
02-18 01:01:24.835 shell  6273  6273 I app_process: System.exit called, status: 0
02-18 01:01:24.867  1000  1720  1720 I binder  : 1496:1720 ioctl 400c620e 6fd585f42c returned -11
02-18 01:01:24.835 shell  6273  6273 I AndroidRuntime: VM exiting with result code 0.
02-18 01:01:24.835  1000  1496  1720 I am_uid_stopped: 10131
02-18 01:01:24.835  1000  1496  1720 I ActivityManager: Killing 6288:android.display.cts/u0a131 (adj 0): stop android.display.cts due to finished inst
02-18 01:01:24.836  1000  1496  1720 I am_kill : [0,6288,android.display.cts,0,stop android.display.cts due to finished inst,118528]
02-18 01:01:24.836  1000  1496  1738 D DisplayManagerService: Drop pending events for gone uid 10131
02-18 01:01:24.900  root   180   180 I binder  : undelivered TRANSACTION_COMPLETE
02-18 01:01:24.900  root   180   180 I binder  : undelivered transaction 193041, process died.
02-18 01:01:24.867  1000  1496  4150 V ActivityManager: Got obituary of 6288:android.display.cts
02-18 01:01:24.868  root   877   877 I Zygote  : Process 6288 exited due to signal 9 (Killed)
02-18 01:01:24.872  1000  1496  1758 I libprocessgroup: Removed cgroup /sys/fs/cgroup/uid_10131/pid_6288
02-18 01:01:24.875  1000  1496  1882 I commit_sys_config_file: [settings-2-0,5]
02-18 01:01:24.955  1000  1496  1756 I ActivityManager: Force stopping androidx.test.services appid=10133 user=-1: deletePackageX
02-18 01:01:24.956  1000  1496  1756 I am_uid_stopped: 10133
02-18 01:01:24.957  1000  1496  1738 D DisplayManagerService: Drop pending events for gone uid 10133
02-18 01:01:24.958  1000  1496  1756 I ActivityManager: Killing 6251:androidx.test.services/u0a133 (adj 905): stop androidx.test.services due to deletePackageX
02-18 01:01:24.958  1000  1496  1756 I am_kill : [0,6251,androidx.test.services,905,stop androidx.test.services due to deletePackageX,119404]
02-18 01:01:24.961  1000  1496  1756 D OomAdjuster: Not killing cached processes
02-18 01:01:24.968  1017   548   577 I keystore2: system/security/keystore2/src/maintenance.rs:347 - clearNamespace(r#APP, nspace=10133)
02-18 01:01:24.972   hsm   557   568 D libnos_datagram: Calling App 0x02 with params 0x0000
02-18 01:01:24.999  1000  1496  1789 I commit_sys_config_file: [package,14]
02-18 01:01:25.000  1000  1496  4429 I dvm_lock_sample: [system_server,1,binder:1496_10,38,PackageManagerService.java,1222,com.android.server.pm.Computer com.android.server.pm.PackageManagerService.snapshotComputer(boolean),RemovePackageHelper.java,325,void com.android.server.pm.RemovePackageHelper.clearPackageStateForUserLIF(com.android.server.pm.PackageSetting, int, int),7]
02-18 01:01:25.032  logd  5189  5189 I logd    : start watching /data/system/packages.list ...
02-18 01:01:25.001  1000  1496  1496 I dvm_lock_sample: [system_server,0,main,37,PackageManagerService.java,1209,com.android.server.pm.Computer com.android.server.pm.PackageManagerService.snapshotComputer(boolean),-,1235,com.android.server.pm.Computer com.android.server.pm.PackageManagerService.snapshotComputer(boolean),7]
02-18 01:01:25.003  1000  1496  1789 D PackageManager: Instant App installer not found with android.intent.action.INSTALL_INSTANT_APP_PACKAGE
02-18 01:01:25.003  1000  1496  1789 D PackageManager: Clear ephemeral installer activity
02-18 01:01:25.034  logd  5189  5189 I logd    : ReadPackageList, total packages: 134
02-18 01:01:25.008  1000  1496  1789 I ActivityManager: Force stopping androidx.test.services appid=10133 user=0: pkg removed
02-18 01:01:25.009  1000  1496  4024 E TaskPersister: File error accessing recents directory (directory doesn't exist?).
02-18 01:01:25.016  1000  1496  1740 I dvm_lock_sample: [system_server,1,android.display,5,ActivityManagerService.java,17326,void com.android.server.am.ActivityManagerService.trimApplications(boolean, int),-,18702,int com.android.server.am.ActivityManagerService$LocalService.broadcastIntent(android.content.Intent, android.content.IIntentReceiver, java.lang.String[], boolean, int, int[], java.util.function.BiFunction, android.os.Bundle),1]
02-18 01:01:25.018  1000  1496  1785 I commit_sys_config_file: [package-user-0,18]
02-18 01:01:25.018   hsm   557   568 D libnos_datagram: App 0x02 returning 0x0
02-18 01:01:25.019  1000  1496  1915 V StorageManagerService: Package androidx.test.services does not have legacy storage
02-18 01:01:25.025 radio  3112  3276 D EuiccConnector: handleMessage: E msg.what=1
02-18 01:01:25.025 radio  3112  3276 D EuiccConnector: processMsg: UnavailableState
02-18 01:01:25.025 radio  3112  3276 W EuiccConnector: No valid EuiccService implementation found
02-18 01:01:25.025 radio  3112  3276 D EuiccConnector: handleMessage: X
02-18 01:01:25.025 radio  3112  3112 D CarrierSvcBindHelper: onPackageRemoved: androidx.test.services
02-18 01:01:25.026 radio  3112  3112 D CarrierSvcBindHelper: No carrier app for: 0
02-18 01:01:25.026 radio  3112  3112 D CarrierSvcBindHelper: No carrier app for: 1
02-18 01:01:25.026  1000  1496  1755 I CredManSysService: updateProvidersWhenPackageRemoved
02-18 01:01:25.027  1000  1496  1755 W CredManSysService: settings key is null
02-18 01:01:25.029  root   877   877 I Zygote  : Process 6251 exited due to signal 9 (Killed)
02-18 01:01:25.029  1000  1496  1758 I libprocessgroup: Removed cgroup /sys/fs/cgroup/uid_10133/pid_6251
02-18 01:01:25.032   nfc  3556  3556 I RegisteredComponentCache: New Components => 
02-18 01:01:25.032   nfc  3556  3556 I RegisteredComponentCache: ComponentInfo: ResolveInfo{8e23743 com.android.apps.tag/.TagViewer m=0x108000 userHandle=UserHandle{0}}, techs: android.nfc.tech.Ndef, 
02-18 01:01:25.032   nfc  3556  3556 I RegisteredComponentCache: Removed Components => 
02-18 01:01:25.032   nfc  3556  3556 I RegisteredComponentCache: ComponentInfo: ResolveInfo{9723f06 com.android.apps.tag/.TagViewer m=0x108000 userHandle=UserHandle{0}}, techs: android.nfc.tech.Ndef, 
02-18 01:01:25.039   nfc  3556  3556 I RegisteredServicesCache: current user: 0, is managed profile : false
02-18 01:01:25.039   nfc  3556  3556 I RegisteredServicesCache: New Other Services => 
02-18 01:01:25.039   nfc  3556  3556 I RegisteredServicesCache: Removed Other Services => 
02-18 01:01:25.039  1000  1496  1756 D ActivityManager: sync unfroze 3592 com.android.documentsui for 3
02-18 01:01:25.039  1000  1496  1883 I am_unfreeze: [3592,com.android.documentsui,3]
02-18 01:01:25.041 10113  3551  3551 W MediaProvider: WorkProfileOwnerApps cache is empty
02-18 01:01:25.041 10113  3551  3551 D PickerSyncLockManager: Trying to acquire lock com.android.providers.media.photopicker.sync.CloseableReentrantLock@912e5d1[Unlocked]. Lock Name = CLOUD_PROVIDER_LOCK. Threads that may be waiting to acquire this lock = []
02-18 01:01:25.042 10113  3551  3551 D CloseableReentrantLock: Successfully acquired lock com.android.providers.media.photopicker.sync.CloseableReentrantLock@912e5d1[Locked by thread main]. Lock Name = CLOUD_PROVIDER_LOCK. Threads that may be waiting to acquire this lock = []
02-18 01:01:25.042 10113  3551  3551 D CloseableReentrantLock: Successfully released lock com.android.providers.media.photopicker.sync.CloseableReentrantLock@912e5d1[Unlocked]. Lock Name = CLOUD_PROVIDER_LOCK. Threads that may be waiting to acquire this lock = []
02-18 01:01:25.047  1000  1496  3750 W JobInfo : Job 'com.android.providers.media.module/com.android.providers.media.MediaService#-300' has a deadline with no functional constraints. The deadline won't improve job execution latency. Consider removing the deadline.
02-18 01:01:25.048   nfc  3556  3556 I RegisteredServicesCache: New Services => 
02-18 01:01:25.048   nfc  3556  3556 I RegisteredServicesCache: Removed Services => 
02-18 01:01:25.050  1068  3061  3077 D SecureElementService: getReaders() for com.android.nfc
02-18 01:01:25.051 10095  2884  2884 D ControlsListingControllerImpl: ServiceConfig reloaded, count: 0
02-18 01:01:25.052  1000  1496  4429 V ActivityManager: Got obituary of 6251:androidx.test.services
02-18 01:01:25.053  1068  3061  3077 I SecureElement-AccessControlEnforcer: getAccessRule() appCert = 27196e386b875e76adf700e7ea84e4c6eee33dfa
02-18 01:01:25.053  1068  3061  3077 I SecureElement-AccessControlEnforcer: getAccessRule() appCert = c8a2e9bccf597c2fb6dc66bee293fc13f2fc47ec77bc6b2b0d52c11f51192ab8
02-18 01:01:25.053  1068  3061  3077 I SecureElement-AccessRuleCache: findAccessRule() not found
02-18 01:01:25.054  1068  3061  3077 I SecureElement-AccessControlEnforcer: getAccessRule() appCert = 27196e386b875e76adf700e7ea84e4c6eee33dfa
02-18 01:01:25.054  1068  3061  3077 I SecureElement-AccessControlEnforcer: getAccessRule() appCert = c8a2e9bccf597c2fb6dc66bee293fc13f2fc47ec77bc6b2b0d52c11f51192ab8
02-18 01:01:25.054  1068  3061  3077 I SecureElement-AccessRuleCache: findAccessRule() not found
02-18 01:01:25.057  1000  1496  2810 W WifiService: Couldn't get PackageInfo for package:androidx.test.services
02-18 01:01:25.057  1000  1496  2810 D WifiService: Remove settings for package:androidx.test.services
02-18 01:01:25.057  1000  1496  2810 D WifiConfigManager: Remove all networks for app ApplicationInfo{96719c4 androidx.test.services}
02-18 01:01:25.057  1000  1496  2810 V WifiScanRequestProxy: Clearing scan request timestamps for uid=10133, packageName=androidx.test.services
02-18 01:01:25.060  1000  1496  1898 I InputReader: Reconfiguring input devices, changes=KEYBOARD_LAYOUTS
02-18 01:01:25.061  1000  1496  1755 W MagnificationConnectionManager: requestConnection duplicated request: connect=false, mConnectionState=DISCONNECTED
02-18 01:01:25.064  1000  1496  1496 I Telecom : CarModeTracker: Package androidx.test.services is not tracked.: SSH.oR@AI4
02-18 01:01:25.064  1000  1496  1496 I Telecom : InCallController: updateCarModeForConnections: car mode apps: : SSH.oR@AI4
02-18 01:01:25.064  1000  1496  1496 I Telecom : InCallController: update carmode current:UserHandle{0} parent:null: SSH.oR@AI4
02-18 01:01:25.064  1000  1496  1496 I notification_cancel_all: [1000,1496,androidx.test.services,0,0,0,5,NULL]
02-18 01:01:25.065  1000  1496  1496 I ConditionProviders: Disallowing condition provider androidx.test.services (userSet: true)
02-18 01:01:25.068  1000  1496  2810 D WifiConfigStore: Writing to stores completed in 10 ms.
02-18 01:01:25.068  1000  1496  2810 I PasspointManager: No app ops listener found for androidx.test.services
02-18 01:01:25.072 10113  3551  4019 I MediaProvider: Begin Intent { act=android.intent.action.PACKAGE_FULLY_REMOVED dat=package: flg=0x5000010 cmp=com.android.providers.media.module/com.android.providers.media.MediaService (has extras) }
02-18 01:01:25.073 10113  3551  4019 D MediaProvider: Deleted 0 Android/media items belonging to androidx.test.services on /data/user/0/com.android.providers.media.module/databases/external.db
02-18 01:01:25.073 10113  3551  4019 I FuseDaemon: Successfully deleted rows in leveldb for owner_id:  and ownerPackageIdentifier: androidx.test.services::0
02-18 01:01:25.074  1068  3061  3077 I SecureElement-Terminal-SIM2: isNfcEventAllowed: No access rules for checking.
02-18 01:01:25.077  1000  1496  1885 I RoleService: Granting default roles...
02-18 01:01:25.080  1000  1496  1876 I RollbackManager: broadcast=ACTION_PACKAGE_FULLY_REMOVED pkg=androidx.test.services
02-18 01:01:25.081 10089  3151  3151 D LauncherAppsCallbackImpl: package removed received androidx.test.services
02-18 01:01:25.081 10089  3151  3201 D PackageUpdatedTask: Removing app icon: androidx.test.services
02-18 01:01:25.082 10089  3151  3201 D PackageUpdatedTask: mAllAppsList.removePackage androidx.test.services
02-18 01:01:25.082 10089  3151  3201 D ModelWriter: removing items from db . Reason: [removed because the corresponding package or component is removed. mOp=3 removedPackages=[androidx.test.services] removedComponents=[]]
02-18 01:01:25.084 10113  3551  4019 D MediaGrants: Removed 0 media_grants for 0 user for [androidx.test.services]. Reason: Package orphaned
02-18 01:01:25.085 10113  3551  4019 I MediaProvider: End Intent { act=android.intent.action.PACKAGE_FULLY_REMOVED dat=package: flg=0x5000010 cmp=com.android.providers.media.module/com.android.providers.media.MediaService (has extras) }
02-18 01:01:25.086  1000  1496  2810 W WifiService: Couldn't get PackageInfo for package:androidx.test.services
02-18 01:01:25.086  1000  1496  2810 D WifiService: Remove settings for package:androidx.test.services
02-18 01:01:25.086  1000  1496  2810 D WifiConfigManager: Remove all networks for app ApplicationInfo{4f70d45 androidx.test.services}
02-18 01:01:25.086  1000  1496  2810 V WifiScanRequestProxy: Clearing scan request timestamps for uid=10133, packageName=androidx.test.services
02-18 01:01:25.097  1000  1496  2849 I commit_sys_config_file: [session_index,6]
02-18 01:01:25.099  1000  1496  2849 I commit_sys_config_file: [blobs_index,2]
02-18 01:01:25.100  1000  1496  2810 D WifiConfigStore: Writing to stores completed in 6 ms.
02-18 01:01:25.101  1000  1496  2810 I PasspointManager: No app ops listener found for androidx.test.services
02-18 01:01:25.105  1000  1496  1789 I AppsFilter: interaction: PackageSetting{b39a93b com.android.microdroid.empty_payload/10108} -> PackageSetting{84c767c android.display.cts/10131} BLOCKED
02-18 01:01:25.107  1000  1496  1756 D ActivityManager: sync unfroze 3875 android.process.media for 3
02-18 01:01:25.108  1000  1496  1756 I ActivityManager: Force stopping android.display.cts appid=10131 user=-1: deletePackageX
02-18 01:01:25.110  1000  1496  1883 I am_unfreeze: [3875,android.process.media,3]
02-18 01:01:25.115  1017   548   577 I keystore2: system/security/keystore2/src/maintenance.rs:347 - clearNamespace(r#APP, nspace=10131)
02-18 01:01:25.119  1000  1496  1716 I system_server: Background concurrent mark compact GC freed 9244KB AllocSpace bytes, 42(968KB) LOS objects, 75% free, 18MB/74MB, paused 1.584ms,3.815ms total 114.468ms
02-18 01:01:25.122  1000  1496  1718 W system_server: ApkAssets: Deleting an ApkAssets object '<empty> and /product/app/LatinIME/LatinIME.apk' with 1 weak references
02-18 01:01:25.154  1000  1496  1789 I commit_sys_config_file: [package,11]
02-18 01:01:25.187  logd  5189  5189 I logd    : start watching /data/system/packages.list ...
02-18 01:01:25.156  1000  1496  4429 I dvm_lock_sample: [system_server,1,binder:1496_10,42,PackageManagerService.java,1209,com.android.server.pm.Computer com.android.server.pm.PackageManagerService.snapshotComputer(boolean),-,1235,com.android.server.pm.Computer com.android.server.pm.PackageManagerService.snapshotComputer(boolean),8]
02-18 01:01:25.158  1000  1496  1789 D PackageManager: Instant App installer not found with android.intent.action.INSTALL_INSTANT_APP_PACKAGE
02-18 01:01:25.158  1000  1496  1789 D PackageManager: Clear ephemeral installer activity
02-18 01:01:25.190  logd  5189  5189 I logd    : ReadPackageList, total packages: 133
02-18 01:01:25.161  1000  1496  4024 E TaskPersister: File error accessing recents directory (directory doesn't exist?).
02-18 01:01:25.162  1000  1496  1720 D SafetySourceDataValidat: No cert check requested for package com.android.permissioncontroller
02-18 01:01:25.167  1000  1496  1785 I commit_sys_config_file: [package-user-0,14]
02-18 01:01:25.168  1000  1496  1789 I ActivityManager: Force stopping android.display.cts appid=10131 user=0: pkg removed
02-18 01:01:25.168  1000  1496  2808 I commit_sys_config_file: [net-policy,1]
02-18 01:01:25.170  1000  1496  2806 W BestClock: java.time.DateTimeException: Missing network time fix
02-18 01:01:25.172  1000  1496  1915 V StorageManagerService: Package android.display.cts does not have legacy storage
02-18 01:01:25.173  1000  1496  1755 I CredManSysService: updateProvidersWhenPackageRemoved
02-18 01:01:25.173  1000  1496  1755 W CredManSysService: settings key is null
02-18 01:01:25.174  root   876   910 I netd    : tetherGetStats() -> {[]} <0.78ms>
02-18 01:01:25.175 radio  3112  3112 D CarrierSvcBindHelper: onPackageRemoved: android.display.cts
02-18 01:01:25.175 radio  3112  3276 D EuiccConnector: handleMessage: E msg.what=1
02-18 01:01:25.175 radio  3112  3276 D EuiccConnector: processMsg: UnavailableState
02-18 01:01:25.176 radio  3112  3276 W EuiccConnector: No valid EuiccService implementation found
02-18 01:01:25.176  1000  1496  2806 W BestClock: java.time.DateTimeException: Missing network time fix
02-18 01:01:25.176 radio  3112  3276 D EuiccConnector: handleMessage: X
02-18 01:01:25.176  1000  1496  2806 I netstats_mobile_sample: [0,0,0,0,0,0,0,0,1771347685176]
02-18 01:01:25.176  1000  1496  2806 I netstats_wifi_sample: [0,0,0,0,0,0,0,0,1771347685176]
02-18 01:01:25.176 radio  3112  3112 D CarrierSvcBindHelper: No carrier app for: 0
02-18 01:01:25.177 radio  3112  3112 D CarrierSvcBindHelper: No carrier app for: 1
02-18 01:01:25.179   nfc  3556  3556 I RegisteredComponentCache: New Components => 
02-18 01:01:25.179   nfc  3556  3556 I RegisteredComponentCache: ComponentInfo: ResolveInfo{da3f602 com.android.apps.tag/.TagViewer m=0x108000 userHandle=UserHandle{0}}, techs: android.nfc.tech.Ndef, 
02-18 01:01:25.179   nfc  3556  3556 I RegisteredComponentCache: Removed Components => 
