02-18 01:01:12.431 10126  5899  5899 D ApplicationLoaders: Returning zygote-cached class loader: /system/framework/android.test.base.jar
02-18 01:01:12.433 10126  5899  5899 D nativeloader: Configuring clns-5 for other apk /system/framework/android.test.runner.jar. target_sdk_version=31, uses_libraries=ALL, library_path=/data/app/~~3bwsMv97FdMnOi1zYvIHtg==/com.android.tradefed.utils.wifi-PI4FsqgQCvKvBiHrlKkGgw==/lib/arm64, permitted_path=/data:/mnt/expand:/data/user/0/com.android.tradefed.utils.wifi
02-18 01:01:12.435 10126  5899  5899 D nativeloader: Configuring clns-6 for other apk /data/app/~~3bwsMv97FdMnOi1zYvIHtg==/com.android.tradefed.utils.wifi-PI4FsqgQCvKvBiHrlKkGgw==/base.apk. target_sdk_version=31, uses_libraries=, library_path=/data/app/~~3bwsMv97FdMnOi1zYvIHtg==/com.android.tradefed.utils.wifi-PI4FsqgQCvKvBiHrlKkGgw==/lib/arm64, permitted_path=/data:/mnt/expand:/data/user/0/com.android.tradefed.utils.wifi
02-18 01:01:12.440 10126  5899  5899 V GraphicsEnvironment: Currently set values for:
02-18 01:01:12.440 10126  5899  5899 V GraphicsEnvironment:   angle_gl_driver_selection_pkgs=[]
02-18 01:01:12.440 10126  5899  5899 V GraphicsEnvironment:   angle_gl_driver_selection_values=[]
02-18 01:01:12.440 10126  5899  5899 V GraphicsEnvironment: Global.Settings values are invalid: number of packages: 0, number of values: 0
02-18 01:01:12.440 10126  5899  5899 V GraphicsEnvironment: Neither updatable production driver nor prerelease driver is supported.
02-18 01:01:12.443 10126  5899  5899 I UiAutomation: Initialized for user 0 on display 0
02-18 01:01:12.448  1000  1496  3750 D AccessibilityManagerService: changeCurrentUserForTestAutomationIfNeededLocked(0): ignoring because device doesn't support visible background users
02-18 01:01:12.448  1000  1496  3750 I UiAutomationManager: Registering UiTestAutomationService (id=com.android.server.accessibility/UiAutomation) when called by user 0
02-18 01:01:12.453  1000  1496  3750 W MagnificationConnectionManager: requestConnection duplicated request: connect=false, mConnectionState=DISCONNECTED
02-18 01:01:12.455  1000   560   665 D DisplayDevice: setDesiredMode 4619827677550801152 {mode=90.00 Hz (90.00 Hz(90.00 Hz)), emitEvent=true, force=false}
02-18 01:01:12.457  1000  1496  1496 D BatterySaverPolicy: accessibility changed to true, updating policy.
02-18 01:01:12.459 10126  5899  5915 V UiAutomation: Init UiAutomation@d03e3[id=7, displayId=0, flags=0]
02-18 01:01:12.461  1000   563  5136 D hwc-display: setActiveConfigWithConstraints:: PrimaryDisplay config(37) test(0)
02-18 01:01:12.461  1000   563  5136 I hwc-display: [PrimaryDisplay] setActiveConfigWithConstraints: config(37)
02-18 01:01:12.462  1000  1496  1720 I am_uid_active: 10126
02-18 01:01:12.465  1000  1496  1720 I WifiService: getVerboseLoggingLevel uid=10126
02-18 01:01:12.498  root   250   250 I gtd     : FTS_TS: refresh rate(Hz) changed to 90 from 60
02-18 01:01:12.470  root   876  5918 I resolv  : GetAddrInfoHandler::run: {0 0 0 983040 10126 0}
02-18 01:01:12.471 10126  5899  5916 E WifiConnector: Failed to open connection to check connectivity
02-18 01:01:12.473  1000  1496  1720 W MagnificationConnectionManager: requestConnection duplicated request: connect=false, mConnectionState=DISCONNECTED
02-18 01:01:12.473  1000  1496  1720 D AccessibilityManagerService: restoreCurrentUserForTestAutomationIfNeededLocked(): ignoring because device doesn't support visible background users
02-18 01:01:12.474  1000  1496  1496 D BatterySaverPolicy: accessibility changed to false, updating policy.
02-18 01:01:12.475  1000  1496  1720 I ActivityManager: Force stopping com.android.tradefed.utils.wifi appid=10126 user=0: finished inst
02-18 01:01:12.475  1000  1496  1720 E ActivityManager: Unable to freeze binder for 5899: -11
02-18 01:01:12.508  1000  1720  1720 I binder  : 1496:1720 ioctl 400c620e 6fd585f38c returned -11
02-18 01:01:12.476  1000  1496  1720 I am_uid_stopped: 10126
02-18 01:01:12.508  1000  1720  1720 I binder  : 1496:1720 ioctl 400c620e 6fd585f38c returned -11
02-18 01:01:12.477  1000  1496  1738 D DisplayManagerService: Drop pending events for gone uid 10126
02-18 01:01:12.477  1000  1496  1720 I ActivityManager: Killing 5899:com.android.tradefed.utils.wifi/u0a126 (adj 0): stop com.android.tradefed.utils.wifi due to finished inst
02-18 01:01:12.477  1000  1496  1720 I am_kill : [0,5899,com.android.tradefed.utils.wifi,0,stop com.android.tradefed.utils.wifi due to finished inst,104576]
02-18 01:01:12.478 shell  5885  5885 I app_process: System.exit called, status: 0
02-18 01:01:12.478 shell  5885  5885 I AndroidRuntime: VM exiting with result code 0.
02-18 01:01:12.512  1000  1496  4429 V ActivityManager: Got obituary of 5899:com.android.tradefed.utils.wifi
02-18 01:01:12.545  root   118   118 I binder  : undelivered TRANSACTION_COMPLETE
02-18 01:01:12.545  root   118   118 I binder  : undelivered transaction 181593, process died.
02-18 01:01:12.513  1000  1496  1758 I libprocessgroup: Removed cgroup /sys/fs/cgroup/uid_10126/pid_5899
02-18 01:01:12.513  root   877   877 I Zygote  : Process 5899 exited due to signal 9 (Killed)
02-18 01:01:12.618  1000  1711  1732 I pixel-thermal: usb_pwr_therm:29.079 raw data: usb_pwr_therm:29079 
02-18 01:01:12.637  1000  1711  1732 I pixel-thermal: VIRTUAL-USB-THROTTLING:0 raw data: USB-MINUS-NEUTRAL:-1536 USB-MINUS-USB2:-66 VIRTUAL-USB-THROTTLING:0 neutral_therm:30615 usb_pwr_therm:29079 usb_pwr_therm2:29145 
02-18 01:01:12.637  1000  1711  1732 I pixel-thermal: quiet_therm:29.657 raw data: quiet_therm:29657 
02-18 01:01:12.638  1000  1711  1732 I pixel-thermal: VIRTUAL-USB-UI:0 raw data: USB-MINUS-NEUTRAL:-1536 USB-MINUS-USB2:-66 VIRTUAL-USB-UI:0 usb_pwr_therm:29079 
02-18 01:01:12.638  1000  1711  1732 I pixel-thermal: Power rails total power: 867.83 mW for 60024 ms
02-18 01:01:12.638  1000  1711  1732 I pixel-thermal: Power rails [S6M_LLDO1: 47.66 mW] [L7S_SENSORS: 3.34 mW] [S10M_VDD_TPU: 0.00 mW] [S5M_VDD_INT: 12.70 mW] [S2M_VDD_CPUCL2: 85.93 mW] [S1M_VDD_MIF: 58.35 mW] 
02-18 01:01:12.638  1000  1711  1732 I pixel-thermal: Power rails [S4M_VDD_CPUCL0: 146.46 mW] [VSYS_PWR_WLAN_BT: 11.55 mW] [VSYS_PWR_RFFE: 0.08 mW] [VSYS_PWR_MODEM: 39.88 mW] [VSYS_PWR_MMWAVE: 0.00 mW] [S3M_VDD_CPUCL1: 111.92 mW] 
02-18 01:01:12.638  1000  1711  1732 I pixel-thermal: Power rails [L2S_PLL_MIPI_UFS: 33.54 mW] [L14S_ALIVE: 0.00 mW] [S9S_VDD_AOC: 3.30 mW] [S4S_VDD2H_MEM: 30.04 mW] [L9S_GNSS_CORE: 0.02 mW] [S8S_VDD_G3D_L2: 1.27 mW] 
02-18 01:01:12.638  1000  1711  1732 I pixel-thermal: Power rails [S5S_VDDQ_MEM: 7.57 mW] [S2S_VDD_G3D: 4.93 mW] [S1S_VDD_CAM: 2.20 mW] [S8M_LLDO2: 37.52 mW] [L15M_VDD_SLC_M: 17.15 mW] [VSYS_PWR_DISPLAY: 212.41 mW] 
02-18 01:01:12.666  1000  1496  1882 I commit_sys_config_file: [settings-2-0,11]
02-18 01:01:13.994  1000   560   665 D DisplayDevice: setDesiredMode 4619827677550801152 {mode=60.00 Hz (60.00 Hz(60.00 Hz)), emitEvent=false, force=false}
02-18 01:01:14.000  1000   563   563 D hwc-display: setActiveConfigWithConstraints:: PrimaryDisplay config(36) test(0)
02-18 01:01:14.000  1000   563   563 I hwc-display: [PrimaryDisplay] setActiveConfigWithConstraints: config(36)
02-18 01:01:14.038  root   250   250 I gtd     : FTS_TS: refresh rate(Hz) changed to 60 from 90
02-18 01:01:16.069  root     1     1 I init    : starting service 'securedpud.slider'...
02-18 01:01:16.093  root     1     1 I init    : ... started service 'securedpud.slider' has pid 5921
02-18 01:01:16.093  root     1     1 I init    : starting service 'trusty_metricsd'...
02-18 01:01:16.100  root     1     1 I init    : ... started service 'trusty_metricsd' has pid 5922
02-18 01:01:16.085  1000  5921  5921 I securedpud.slider: starting securedpud
02-18 01:01:16.085  1000  5921  5921 I securedpud.slider: trusty dev: /dev/trusty-ipc-dev0
02-18 01:01:16.085  1000  5921  5921 I DMABUFHEAPS: Using DMA-BUF heap named: tui-secure
02-18 01:01:16.086  1000  5921  5921 E libtrusty: tipc_connect: can't connect to tipc service "com.android.trusty.secure_dpu" (err=107)
02-18 01:01:16.087  1000  5921  5921 E securedpud.slider: Failed to connect to: /dev/trusty-ipc-dev0
02-18 01:01:16.122  root     1     1 I init    : Service 'securedpud.slider' (pid 5921) exited with status 1
02-18 01:01:16.122  root     1     1 I init    : Sending signal 9 to service 'securedpud.slider' (pid 5921) process group...
02-18 01:01:16.123  root     1     1 I libprocessgroup: Removed cgroup /sys/fs/cgroup/uid_1000/pid_5921
02-18 01:01:16.123  root     1     1 E init    : process with updatable components 'securedpud.slider' exited 4 times in 4 minutes
02-18 01:01:16.125  root     1     1 I init    : processing action (sys.init.updatable_crashing=1) from (/system/etc/init/flags_health_check.rc:10)
02-18 01:01:16.126  root     1     1 I init    : starting service 'exec 65 (/system/bin/flags_health_check UPDATABLE_CRASHING)'...
02-18 01:01:16.097  1000  5922  5922 I trusty_metricsd: starting trusty_metricsd
02-18 01:01:16.097  1000  5922  5922 I trusty_metricsd: trusty dev: /dev/trusty-ipc-dev0
02-18 01:01:16.100  1000  5922  5922 E libtrusty: tipc_connect: can't connect to tipc service "com.android.frameworks.stats.trusty.metrics.istats_setter" (err=107)
02-18 01:01:16.100  1000  5922  5922 E RpcTrusty: Failed to connect to Trusty service. Error code: -107
02-18 01:01:16.100  1000  5922  5922 E RpcTrusty: Failed to set up Trusty client. Error: BAD_VALUE
02-18 01:01:16.100  1000  5922  5922 E trusty_metricsd: failed to connect TrustyMetricsPixel to Trusty: failed to connect to Trusty metrics TA: Transport endpoint is not connected
02-18 01:01:16.100  1000  5922  5922 W RefBase : RefBase: Explicit destruction, weak count = 0 (in 0xb400006f96806658). Use sp<> to manage this object.
02-18 01:01:16.132  root     1     1 I init    : ... started service 'exec 65 (/system/bin/flags_health_check UPDATABLE_CRASHING)' has pid 5923
02-18 01:01:16.132  root     1     1 I init    : SVC_EXEC service 'exec 65 (/system/bin/flags_health_check UPDATABLE_CRASHING)' pid 5923 (uid 1000 gid 1000+0 context default) started; waiting...
02-18 01:01:16.100  1000  5922  5922 W RefBase : CallStack::getCurrentInternal not linked, returning null
02-18 01:01:16.100  1000  5922  5922 W RefBase : CallStack::logStackInternal not linked
02-18 01:01:16.100  1000  5922  5922 E trusty_metricsd: failed to open Trusty metrics client
02-18 01:01:16.100  1000  5922  5922 E trusty_metricsd: trying to connect to Trusty metrics TA at old TIPC port
02-18 01:01:16.102  1000  5922  5922 E libtrusty: tipc_connect: can't connect to tipc service "com.android.trusty.metrics" (err=107)
02-18 01:01:16.139  root     1     1 I init    : Service 'trusty_metricsd' (pid 5922) exited with status 1
02-18 01:01:16.139  root     1     1 I init    : Sending signal 9 to service 'trusty_metricsd' (pid 5922) process group...
02-18 01:01:16.139  root     1     1 I libprocessgroup: Removed cgroup /sys/fs/cgroup/uid_1000/pid_5922
02-18 01:01:16.139  root     1     1 E init    : process with updatable components 'trusty_metricsd' exited 4 times in 4 minutes
02-18 01:01:16.102  1000  5922  5922 E trusty_metricsd: failed to open TrustyMetricsPixelTipc: failed to connect to Trusty metrics TA: Transport endpoint is not connected
02-18 01:01:16.103  1000  5922  5922 E trusty_metricsd: failed to open Trusty metrics client
02-18 01:01:16.122  1000  5923  5923 I flags_health_check: ServerConfigurableFlagsReset reset_mode value: 1
02-18 01:01:16.122  1000  5923  5923 I flags_health_check: ServerConfigurableFlagsReset updatable crashing detected, resetting flags.
02-18 01:01:16.168  root     1     1 I init    : Service 'exec 65 (/system/bin/flags_health_check UPDATABLE_CRASHING)' (pid 5923) exited with status 0 waiting took 0.037000 seconds
02-18 01:01:16.168  root     1     1 I init    : Sending signal 9 to service 'exec 65 (/system/bin/flags_health_check UPDATABLE_CRASHING)' (pid 5923) process group...
02-18 01:01:16.168  root     1     1 I libprocessgroup: Removed cgroup /sys/fs/cgroup/uid_1000/pid_5923
02-18 01:01:16.171  root     1     1 I init    : processing action (sys.init.updatable_crashing=1) from (/system/etc/init/flags_health_check.rc:10)
02-18 01:01:16.171  root     1     1 I init    : starting service 'exec 66 (/system/bin/flags_health_check UPDATABLE_CRASHING)'...
02-18 01:01:16.181  root     1     1 I init    : ... started service 'exec 66 (/system/bin/flags_health_check UPDATABLE_CRASHING)' has pid 5924
02-18 01:01:16.181  root     1     1 I init    : SVC_EXEC service 'exec 66 (/system/bin/flags_health_check UPDATABLE_CRASHING)' pid 5924 (uid 1000 gid 1000+0 context default) started; waiting...
02-18 01:01:16.155  1000  5924  5924 I flags_health_check: ServerConfigurableFlagsReset reset_mode value: 1
02-18 01:01:16.155  1000  5924  5924 I flags_health_check: ServerConfigurableFlagsReset updatable crashing detected, resetting flags.
02-18 01:01:16.194  root     1     1 I init    : Service 'exec 66 (/system/bin/flags_health_check UPDATABLE_CRASHING)' (pid 5924) exited with status 0 waiting took 0.015000 seconds
02-18 01:01:16.194  root     1     1 I init    : Sending signal 9 to service 'exec 66 (/system/bin/flags_health_check UPDATABLE_CRASHING)' (pid 5924) process group...
02-18 01:01:16.194  root     1     1 I libprocessgroup: Removed cgroup /sys/fs/cgroup/uid_1000/pid_5924
02-18 01:01:18.914  1000  1496  1883 D ActivityManager: freezing 2894 com.android.permissioncontroller
02-18 01:01:18.919  1000  1496  1883 I am_freeze: [2894,com.android.permissioncontroller]
02-18 01:01:18.977  1000  1496  1883 I am_compact: [2894,com.android.permissioncontroller,ANON,137008,79816,55260,2492,-13732,-4976,-8756,8564,56,FULL,65255,905,19,38784,-1904]
02-18 01:01:19.790  1000  1496  1720 I LockSettingsService: Executing shell command 'get-disabled'; callingPid=6013, callingUid=2000
02-18 01:01:19.825  1000  1496  1720 I LockSettingsService: Executing shell command 'get-disabled'; callingPid=6041, callingUid=2000
02-18 01:01:19.852  1000   560   663 D DisplayDevice: setDesiredMode 4619827677550801152 {mode=90.00 Hz (90.00 Hz(90.00 Hz)), emitEvent=true, force=false}
02-18 01:01:19.860  1000  1496  1737 D AutofillManagerService: Close system dialogs
02-18 01:01:19.860  1000  1496  2810 V WifiDialogManager: Received action: android.intent.action.CLOSE_SYSTEM_DIALOGS
02-18 01:01:19.860  1000  1496  2810 V WifiDialogManager: ACTION_CLOSE_SYSTEM_DIALOGS received, cancelling all legacy dialogs.
02-18 01:01:19.861 10095  2884  2884 I vol.VolumeDialogImpl: mDialog.dismiss() reason: volume_controller from: com.android.systemui.volume.VolumeDialogImpl$7.onDismissRequested:3
02-18 01:01:19.868  1000   563   620 D hwc-display: setActiveConfigWithConstraints:: PrimaryDisplay config(37) test(0)
02-18 01:01:19.868  1000   563   620 I hwc-display: [PrimaryDisplay] setActiveConfigWithConstraints: config(37)
02-18 01:01:19.902  root   250   250 I gtd     : FTS_TS: refresh rate(Hz) changed to 90 from 60
02-18 01:01:19.885  1000  1496  1737 D AutofillManagerService: Close system dialogs
02-18 01:01:19.886  1000  1496  1738 W ActivityTaskManager: callingPackage for (uid=-1, pid=0) has no WPC
02-18 01:01:19.886  1000  1496  2810 V WifiDialogManager: Received action: android.intent.action.CLOSE_SYSTEM_DIALOGS
02-18 01:01:19.886  1000  1496  2810 V WifiDialogManager: ACTION_CLOSE_SYSTEM_DIALOGS received, cancelling all legacy dialogs.
02-18 01:01:19.888  1000  1496  1738 I wm_new_intent: [0,100833849,7,com.android.launcher3/.uioverrides.QuickstepLauncher,android.intent.action.MAIN,NULL,NULL,268435712]
02-18 01:01:19.888  1000  1496  1738 I wm_task_moved: [1,1,0,1,1]
02-18 01:01:19.888  1000  1496  1738 I wm_set_keyguard_occluded: [0,0,0,setOccluded]
02-18 01:01:19.888 10095  2884  5632 D KeyguardService: setOccluded(false)
02-18 01:01:19.888 10095  2884  5632 D KeyguardViewMediator: setOccluded(false)
02-18 01:01:19.888 10095  2884  2884 D KeyguardViewMediator: handleSetOccluded(false)
02-18 01:01:19.889 10095  2884  2884 I sysui_keyguard: [0,0]
02-18 01:01:19.889  1000  1496  1738 I ActivityTaskManager: START u0 {act=android.intent.action.MAIN cat=[android.intent.category.HOME] flg=0x10000100 cmp=com.android.launcher3/.uioverrides.QuickstepLauncher (has extras)} with LAUNCH_SINGLE_TASK from uid 0 (BAL_ALLOW_ALLOWLISTED_UID) result code=3
02-18 01:01:19.889 10095  2884  2884 D KeyguardViewMediator: KeyguardViewMediator queue processing message: SET_OCCLUDED
02-18 01:01:19.889 10095  2884  2925 I jank_cuj_events_cancel_request: [23,1771347679889036000,138044533107,138044533555]
02-18 01:01:19.889 10095  2884  2923 D WindowManagerShell: onActivityRestartAttempt: ComponentInfo{com.android.launcher3/com.android.launcher3.uioverrides.QuickstepLauncher}
02-18 01:01:19.890 10095  2884  2884 I vol.VolumeDialogImpl: mDialog.dismiss() reason: volume_controller from: com.android.systemui.volume.VolumeDialogImpl$7.onDismissRequested:3
02-18 01:01:19.890 10095  2884  2884 D vol.VolumeDialogImpl: dismissH: skipping dismiss because isAnimatingDismiss is true and showingStateInconsistent is false
02-18 01:01:19.894 10089  3151  3151 I wm_on_top_resumed_lost_called: [100833849,com.android.launcher3.uioverrides.QuickstepLauncher,pausing]
02-18 01:01:19.894 10089  3151  3151 W SplitSelectStateCtor: Missing session instanceIds
02-18 01:01:19.894 10089  3151  3151 D StatsLog: LAUNCHER_SPLIT_SELECTION_EXIT_INTERRUPTED
02-18 01:01:19.894 10089  3151  3151 I wm_on_paused_called: [100833849,com.android.launcher3.uioverrides.QuickstepLauncher,performPause,1]
02-18 01:01:19.895 10089  3151  3151 I wm_on_resume_called: [100833849,com.android.launcher3.uioverrides.QuickstepLauncher,LIFECYCLER_RESUME_ACTIVITY,0]
02-18 01:01:19.895 10089  3151  3151 I wm_on_top_resumed_gained_called: [100833849,com.android.launcher3.uioverrides.QuickstepLauncher,topWhenResuming]
02-18 01:01:19.895 10089  3151  3151 D StatsLog: LAUNCHER_ONRESUME
02-18 01:01:19.912  1000  1496  1740 D OomAdjuster: Not killing cached processes
02-18 01:01:20.012  1000  1496  1882 I commit_sys_config_file: [settings-0-0,20]
02-18 01:01:20.122 10095  2884  2925 I jank_cuj_events_end_request: [55,1771347680122547000,138278040391,138278040594]
02-18 01:01:20.161  1000  1496  1739 I commit_sys_config_file: [package-session,10]
02-18 01:01:20.164  1000  1496  1739 I commit_sys_config_file: [package-session,2]
02-18 01:01:20.169  1000  1496  1858 I commit_sys_config_file: [package-session,2]
02-18 01:01:20.212  1000  1496  1904 W PackageParsing: No actions in intent-filter at /data/app/vmdl771045161.tmp/base.apk Binary XML file line #81
02-18 01:01:20.212  1000  1496  1904 W PackageParsing: No actions in intent-filter at /data/app/vmdl771045161.tmp/base.apk Binary XML file line #89
02-18 01:01:20.212  1000  1496  1904 W PackageParsing: No actions in intent-filter at /data/app/vmdl771045161.tmp/base.apk Binary XML file line #97
02-18 01:01:20.218  1000  1496  1904 W RuleEvaluation: Integrity rule files are not available.
02-18 01:01:20.219  1000  1496  1789 I PackageManager: Integrity check passed for file:///data/app/vmdl771045161.tmp
02-18 01:01:20.224  1000  1496  1739 I commit_sys_config_file: [package-session,4]
02-18 01:01:20.229  1000  1496  1789 W PackageParsing: No actions in intent-filter at /data/app/vmdl771045161.tmp/base.apk Binary XML file line #81
02-18 01:01:20.229  1000  1496  1789 W PackageParsing: No actions in intent-filter at /data/app/vmdl771045161.tmp/base.apk Binary XML file line #89
02-18 01:01:20.229  1000  1496  1789 W PackageParsing: No actions in intent-filter at /data/app/vmdl771045161.tmp/base.apk Binary XML file line #97
02-18 01:01:20.338  1000  1496  1789 I commit_sys_config_file: [package,37]
02-18 01:01:20.339  1000  1496  1789 D PackageManager: Instant App installer not found with android.intent.action.INSTALL_INSTANT_APP_PACKAGE
02-18 01:01:20.339  1000  1496  1789 D PackageManager: Clear ephemeral installer activity
02-18 01:01:20.371  logd  5189  5189 I logd    : start watching /data/system/packages.list ...
02-18 01:01:20.376  logd  5189  5189 I logd    : ReadPackageList, total packages: 133
02-18 01:01:20.364  1000  1496  1785 I commit_sys_config_file: [package-user-0,25]
02-18 01:01:20.374  artd  1922  1927 I artd    : Merge skipped because there are no existing profiles
02-18 01:01:20.377  artd  1922  1927 I artd    : Dex parent of /data/app/~~Tve-TnOBr_E6ZpY4mcs3jg==/android.display.cts-4N1O0yi2lBnhBhIzF7gKng==/base.apk is not writable: Permission denied
02-18 01:01:20.377  artd  1922  1927 I artd    : GetBestInfo checking odex in dalvik-cache (/data/dalvik-cache/arm64/data@app@~~Tve-TnOBr_E6ZpY4mcs3jg==@android.display.cts-4N1O0yi2lBnhBhIzF7gKng==@base.apk@classes.dex)
02-18 01:01:20.378  artd  1922  1927 I artd    : Loading /data/dalvik-cache/arm64/data@app@~~Tve-TnOBr_E6ZpY4mcs3jg==@android.display.cts-4N1O0yi2lBnhBhIzF7gKng==@base.apk@classes.dex with executable: 0
02-18 01:01:20.378  artd  1922  1927 I artd    : OatFileAssistant test for existing oat file /data/dalvik-cache/arm64/data@app@~~Tve-TnOBr_E6ZpY4mcs3jg==@android.display.cts-4N1O0yi2lBnhBhIzF7gKng==@base.apk@classes.dex: File /data/dalvik-cache/arm64/data@app@~~Tve-TnOBr_E6ZpY4mcs3jg==@android.display.cts-4N1O0yi2lBnhBhIzF7gKng==@base.apk@classes.vdex does not exist.
02-18 01:01:20.378  artd  1922  1927 I artd    : GetBestInfo checking odex next to the dex file (/data/app/~~Tve-TnOBr_E6ZpY4mcs3jg==/android.display.cts-4N1O0yi2lBnhBhIzF7gKng==/oat/arm64/base.odex)
02-18 01:01:20.378  artd  1922  1927 I artd    : Loading /data/app/~~Tve-TnOBr_E6ZpY4mcs3jg==/android.display.cts-4N1O0yi2lBnhBhIzF7gKng==/oat/arm64/base.odex with executable: 0
02-18 01:01:20.378  artd  1922  1927 I artd    : OatFileAssistant test for existing oat file /data/app/~~Tve-TnOBr_E6ZpY4mcs3jg==/android.display.cts-4N1O0yi2lBnhBhIzF7gKng==/oat/arm64/base.odex: File /data/app/~~Tve-TnOBr_E6ZpY4mcs3jg==/android.display.cts-4N1O0yi2lBnhBhIzF7gKng==/oat/arm64/base.vdex does not exist.
02-18 01:01:20.378  artd  1922  1927 I artd    : GetBestInfo checking vdex in dalvik-cache (/data/dalvik-cache/arm64/data@app@~~Tve-TnOBr_E6ZpY4mcs3jg==@android.display.cts-4N1O0yi2lBnhBhIzF7gKng==@base.apk@classes.vdex)
02-18 01:01:20.378  artd  1922  1927 I artd    : unable to open vdex file /data/dalvik-cache/arm64/data@app@~~Tve-TnOBr_E6ZpY4mcs3jg==@android.display.cts-4N1O0yi2lBnhBhIzF7gKng==@base.apk@classes.vdex: File /data/dalvik-cache/arm64/data@app@~~Tve-TnOBr_E6ZpY4mcs3jg==@android.display.cts-4N1O0yi2lBnhBhIzF7gKng==@base.apk@classes.vdex does not exist.
02-18 01:01:20.378  artd  1922  1927 I artd    : OatFileAssistant test for existing oat file /data/dalvik-cache/arm64/data@app@~~Tve-TnOBr_E6ZpY4mcs3jg==@android.display.cts-4N1O0yi2lBnhBhIzF7gKng==@base.apk@classes.vdex: File /data/dalvik-cache/arm64/data@app@~~Tve-TnOBr_E6ZpY4mcs3jg==@android.display.cts-4N1O0yi2lBnhBhIzF7gKng==@base.apk@classes.vdex does not exist.
02-18 01:01:20.378  artd  1922  1927 I artd    : GetBestInfo checking vdex next to the dex file (/data/app/~~Tve-TnOBr_E6ZpY4mcs3jg==/android.display.cts-4N1O0yi2lBnhBhIzF7gKng==/oat/arm64/base.vdex)
02-18 01:01:20.378  artd  1922  1927 I artd    : unable to open vdex file /data/app/~~Tve-TnOBr_E6ZpY4mcs3jg==/android.display.cts-4N1O0yi2lBnhBhIzF7gKng==/oat/arm64/base.vdex: File /data/app/~~Tve-TnOBr_E6ZpY4mcs3jg==/android.display.cts-4N1O0yi2lBnhBhIzF7gKng==/oat/arm64/base.vdex does not exist.
02-18 01:01:20.378  artd  1922  1927 I artd    : OatFileAssistant test for existing oat file /data/app/~~Tve-TnOBr_E6ZpY4mcs3jg==/android.display.cts-4N1O0yi2lBnhBhIzF7gKng==/oat/arm64/base.vdex: File /data/app/~~Tve-TnOBr_E6ZpY4mcs3jg==/android.display.cts-4N1O0yi2lBnhBhIzF7gKng==/oat/arm64/base.vdex does not exist.
02-18 01:01:20.378  artd  1922  1927 I artd    : GetBestInfo checking dm (/data/app/~~Tve-TnOBr_E6ZpY4mcs3jg==/android.display.cts-4N1O0yi2lBnhBhIzF7gKng==/base.dm)
02-18 01:01:20.378  artd  1922  1927 W ziparchive: Unable to open '/data/app/~~Tve-TnOBr_E6ZpY4mcs3jg==/android.display.cts-4N1O0yi2lBnhBhIzF7gKng==/base.dm': No such file or directory
02-18 01:01:20.378  artd  1922  1927 I artd    : OatFileAssistant test for existing oat file /data/app/~~Tve-TnOBr_E6ZpY4mcs3jg==/android.display.cts-4N1O0yi2lBnhBhIzF7gKng==/base.dm: I/O error
02-18 01:01:20.378  artd  1922  1927 I artd    : GetBestInfo checking dm (/data/app/~~Tve-TnOBr_E6ZpY4mcs3jg==/android.display.cts-4N1O0yi2lBnhBhIzF7gKng==/base.dm)
02-18 01:01:20.378  artd  1922  1927 W ziparchive: Unable to open '/data/app/~~Tve-TnOBr_E6ZpY4mcs3jg==/android.display.cts-4N1O0yi2lBnhBhIzF7gKng==/base.dm': No such file or directory
02-18 01:01:20.378  artd  1922  1927 I artd    : OatFileAssistant test for existing oat file /data/app/~~Tve-TnOBr_E6ZpY4mcs3jg==/android.display.cts-4N1O0yi2lBnhBhIzF7gKng==/base.dm: I/O error
02-18 01:01:20.378  artd  1922  1927 I artd    : GetBestInfo no usable artifacts
02-18 01:01:20.397  artd  1922  2654 I artd    : Running dex2oat: /apex/com.android.art/bin/art_exec --drop-capabilities --set-task-profile=Dex2OatBootComplete --set-priority=background --keep-fds=7:8:9:10:11:12:13:14:15 -- /apex/com.android.art/bin/dex2oat64 --zip-fd=7 --zip-location=/data/app/~~Tve-TnOBr_E6ZpY4mcs3jg==/android.display.cts-4N1O0yi2lBnhBhIzF7gKng==/base.apk --oat-fd=8 --oat-location=/data/app/~~Tve-TnOBr_E6ZpY4mcs3jg==/android.display.cts-4N1O0yi2lBnhBhIzF7gKng==/oat/arm64/base.odex --output-vdex-fd=9 --swap-fd=10 --class-loader-context-fds=11:12:13:14:15 --class-loader-context=PCL[]{PCL[/system/framework/android.test.runner.jar]{PCL[/system/framework/android.test.base.jar]#PCL[/system/framework/android.test.mock.jar]}#PCL[/system/framework/android.test.base.jar]#PCL[/system/framework/android.test.mock.jar]} --classpath-dir=/data/app/~~Tve-TnOBr_E6ZpY4mcs3jg==/android.display.cts-4N1O0yi2lBnhBhIzF7gKng== --instruction-set=arm64 --instruction-set-features=default --instruction-set-variant=cortex-a55 --compiler-filter=verify --compilation-reason=install --compact-dex-level=none --max-image-block-size=524288 --resolve-startup-const-strings=true --generate-mini-debug-info --runtime-arg -Xtarget-sdk-version:34 --runtime-arg -Xhidden-api-policy:enabled --runtime-arg -Xms64m --runtime-arg -Xmx512m --comments=app-name:android.display.cts,app-version-name:14,app-version-code:34,art-version:350090000
02-18 01:01:20.397  artd  1922  2654 I artd    : Opened FDs: 7:/data/app/~~Tve-TnOBr_E6ZpY4mcs3jg==/android.display.cts-4N1O0yi2lBnhBhIzF7gKng==/base.apk 8:/data/app/~~Tve-TnOBr_E6ZpY4mcs3jg==/android.display.cts-4N1O0yi2lBnhBhIzF7gKng==/oat/arm64/base.odex.gqe6mk.tmp 9:/data/app/~~Tve-TnOBr_E6ZpY4mcs3jg==/android.display.cts-4N1O0yi2lBnhBhIzF7gKng==/oat/arm64/base.vdex.TbUp70.tmp 10:/data/app/~~Tve-TnOBr_E6ZpY4mcs3jg==/android.display.cts-4N1O0yi2lBnhBhIzF7gKng==/oat/arm64/base.odex.swap.AxGjgS.tmp 11:/system/framework/android.test.mock.jar 12:/system/framework/android.test.base.jar 13:/system/framework/android.test.runner.jar 14:/system/framework/android.test.mock.jar 15:/system/framework/android.test.base.jar 
02-18 01:01:20.466  artd  6101  6101 W dex2oat64: Mismatch between dex2oat instruction set features to use (ISA: Arm64 Feature string: -a53,crc,lse,fp16,dotprod,-sve) and those from CPP defines (ISA: Arm64 Feature string: -a53,crc,-lse,fp16,dotprod,-sve) for the command line:
02-18 01:01:20.466  artd  6101  6101 W dex2oat64: /apex/com.android.art/bin/dex2oat64 --zip-fd=7 --zip-location=/data/app/~~Tve-TnOBr_E6ZpY4mcs3jg==/android.display.cts-4N1O0yi2lBnhBhIzF7gKng==/base.apk --oat-fd=8 --oat-location=/data/app/~~Tve-TnOBr_E6ZpY4mcs3jg==/android.display.cts-4N1O0yi2lBnhBhIzF7gKng==/oat/arm64/base.odex --output-vdex-fd=9 --swap-fd=10 --class-loader-context-fds=11:12:13:14:15 --class-loader-context=PCL[]{PCL[/system/framework/android.test.runner.jar]{PCL[/system/framework/android.test.base.jar]#PCL[/system/framework/android.test.mock.jar]}#PCL[/system/framework/android.test.base.jar]#PCL[/system/framework/android.test.mock.jar]} --classpath-dir=/data/app/~~Tve-TnOBr_E6ZpY4mcs3jg==/android.display.cts-4N1O0yi2lBnhBhIzF7gKng== --instruction-set=arm64 --instruction-set-features=default --instruction-set-variant=cortex-a55 --compiler-filter=verify --compilation-reason=install --compact-dex-level=none --max-image-block-size=524288 --resolve-startup-const-strings=true --generate-mini-debug-info --runtime-arg -Xtarget-sdk-version:34 --runtime-arg -Xhidden-api-policy:enabled --runtime-arg -Xms64m --runtime-arg -Xmx512m --comments=app-name:android.display.cts,app-version-name:14,app-version-code:34,art-version:350090000
02-18 01:01:20.466  artd  6101  6101 I dex2oat64: /apex/com.android.art/bin/dex2oat64 --output-vdex-fd=9 --class-loader-context-fds=11:12:13:14:15 --class-loader-context=PCL[]{PCL[/system/framework/android.test.runner.jar]{PCL[/system/framework/android.test.base.jar]#PCL[/system/framework/android.test.mock.jar]}#PCL[/system/framework/android.test.base.jar]#PCL[/system/framework/android.test.mock.jar]} --classpath-dir=/data/app/~~Tve-TnOBr_E6ZpY4mcs3jg==/android.display.cts-4N1O0yi2lBnhBhIzF7gKng== --compiler-filter=verify --compilation-reason=install --compact-dex-level=none --max-image-block-size=524288 --resolve-startup-const-strings=true --generate-mini-debug-info --comments=app-name:android.display.cts,app-version-name:14,app-version-code:34,art-version:350090000
02-18 01:01:20.568  root   967   967 I s3c2410-wdt 10070000.watchdog_cl1: Watchdog cluster 1 keepalive!, old_wtcnt = 7751, wtcnt = cc8c
02-18 01:01:20.593  artd  6101  6101 I dex2oat64: Using CollectorTypeCMC GC.
02-18 01:01:20.778  artd  6101  6101 W dex2oat64: Verification error in int android.os.nano.IncidentProto.computeSerializedSize()
02-18 01:01:20.778  artd  6101  6101 W dex2oat64: int android.os.nano.IncidentProto.computeSerializedSize() failed to verify: int android.os.nano.IncidentProto.computeSerializedSize(): [0x3CF] register v1 has type Precise Reference: com.android.server.connectivity.metrics.nano.IpConnectivityLogClass$IpConnectivityLog but expected Reference: com.google.protobuf.nano.MessageNano
02-18 01:01:20.778  artd  6101  6101 W dex2oat64: Accessing hidden method Lcom/android/server/connectivity/metrics/nano/IpConnectivityLogClass$IpConnectivityLog;-><init>()V (blocked, linking, denied)
02-18 01:01:20.778  artd  6101  6101 W dex2oat64: Verification error in android.os.nano.IncidentProto android.os.nano.IncidentProto.mergeFrom(com.google.protobuf.nano.CodedInputByteBufferNano)
02-18 01:01:20.778  artd  6101  6101 W dex2oat64: android.os.nano.IncidentProto android.os.nano.IncidentProto.mergeFrom(com.google.protobuf.nano.CodedInputByteBufferNano): [0xB7] couldn't find method com.android.server.connectivity.metrics.nano.IpConnectivityLogClass$IpConnectivityLog.<init> ()V
02-18 01:01:20.778  artd  6101  6101 W dex2oat64: android.os.nano.IncidentProto android.os.nano.IncidentProto.mergeFrom(com.google.protobuf.nano.CodedInputByteBufferNano) failed to verify: android.os.nano.IncidentProto android.os.nano.IncidentProto.mergeFrom(com.google.protobuf.nano.CodedInputByteBufferNano): [0xBE] register v1 has type Precise Reference: com.android.server.connectivity.metrics.nano.IpConnectivityLogClass$IpConnectivityLog but expected Reference: com.google.protobuf.nano.MessageNano
02-18 01:01:20.778  artd  6101  6101 W dex2oat64: Verification error in void android.os.nano.IncidentProto.writeTo(com.google.protobuf.nano.CodedOutputByteBufferNano)
02-18 01:01:20.778  artd  6101  6101 W dex2oat64: void android.os.nano.IncidentProto.writeTo(com.google.protobuf.nano.CodedOutputByteBufferNano) failed to verify: void android.os.nano.IncidentProto.writeTo(com.google.protobuf.nano.CodedOutputByteBufferNano): [0x2E2] register v0 has type Precise Reference: com.android.server.connectivity.metrics.nano.IpConnectivityLogClass$IpConnectivityLog but expected Reference: com.google.protobuf.nano.MessageNano
02-18 01:01:20.940  artd  6101  6101 I dex2oat64: dex2oat took 477.850ms (856.634ms cpu) (threads: 8) arena alloc=0B (0B) java alloc=5903KB (6045616B) native alloc=2519KB (2579664B) free=1318KB (1349776B)
02-18 01:01:20.973  artd  1922  2654 I artd    : dex2oat returned code 0
02-18 01:01:20.985  1000  1496  1789 I ArtService: Dexopt result: [packageName = android.display.cts] DexContainerFileDexoptResult{dexContainerFile=/data/app/~~Tve-TnOBr_E6ZpY4mcs3jg==/android.display.cts-4N1O0yi2lBnhBhIzF7gKng==/base.apk, primaryAbi=true, abi=arm64-v8a, actualCompilerFilter=verify, status=PERFORMED, dex2oatWallTimeMillis=577, dex2oatCpuTimeMillis=930, sizeBytes=11984324, sizeBeforeBytes=0, extendedStatusFlags=[]}
02-18 01:01:20.990  1000  1496  1789 V BackupManagerService: [UserID:0] restoreAtInstall pkg=android.display.cts token=8 restoreSet=0
02-18 01:01:20.992  1000  1496  1789 V BackupManagerService: [UserID:0] Finishing install immediately
02-18 01:01:20.998  1000  1496  1789 I AppsFilter: interaction: PackageSetting{7142874 com.android.microdroid.empty_payload/10108} -> PackageSetting{8054dab android.display.cts/10131} BLOCKED
02-18 01:01:21.011  1000  1496  1789 W MagnificationConnectionManager: requestConnection duplicated request: connect=false, mConnectionState=DISCONNECTED
02-18 01:01:21.013  1000  1496  1789 I unknown_sources_enabled: 1
02-18 01:01:21.014  1000  1496  1789 D PackageInstallerSession: Marking session 771045161 as applied
02-18 01:01:21.027  1000  1496  1739 I commit_sys_config_file: [package-session,8]
02-18 01:01:21.028  1000  1496  1789 D CompatibilityChangeReporter: Compat change id reported: 168419799; UID 10131; state: DISABLED
02-18 01:01:21.028  1000  1496  1789 D CompatibilityChangeReporter: Compat change id reported: 273564678; UID 10131; state: DISABLED
02-18 01:01:21.028 10089  3151  3201 D SessionCommitReceiver: Removing PromiseIcon for package: android.display.cts, install reason: 0, alreadyAddedPromiseIcon: false
02-18 01:01:21.036  1000  1496  1858 I commit_sys_config_file: [package-session,2]
02-18 01:01:21.042  1000  1496  2863 I SdkSandboxManager: No SDKs used. Skipping SDK data reconcilation for CallingInfo{mUid=10131, mPackageName='android.display.cts, mAppProcessToken='null'}
02-18 01:01:21.043 radio  3112  3112 D CarrierSvcBindHelper: onPackageAdded: android.display.cts
02-18 01:01:21.043  1000  1496  1496 D TransparencyService: Not an update. Skipping...
02-18 01:01:21.044  1000  1496  1898 I InputReader: Reconfiguring input devices, changes=KEYBOARD_LAYOUTS
02-18 01:01:21.045 radio  3112  3276 D EuiccConnector: handleMessage: E msg.what=1
02-18 01:01:21.045 radio  3112  3276 D EuiccConnector: processMsg: UnavailableState
02-18 01:01:21.046 radio  3112  3276 W EuiccConnector: No valid EuiccService implementation found
02-18 01:01:21.046 radio  3112  3276 D EuiccConnector: handleMessage: X
02-18 01:01:21.046  1000  1496  1756 D ActivityManager: sync unfroze 2894 com.android.permissioncontroller for 3
02-18 01:01:21.047 radio  3112  3112 D CarrierSvcBindHelper: No carrier app for: 0
02-18 01:01:21.047 radio  3112  3112 D CarrierSvcBindHelper: No carrier app for: 1
02-18 01:01:21.088  root     1     1 I init    : starting service 'securedpud.slider'...
02-18 01:01:21.049  1000  1496  1883 I am_unfreeze: [2894,com.android.permissioncontroller,3]
02-18 01:01:21.051  1000  1496  1755 W VoiceInteractionManager: no available voice recognition services found for user 0
02-18 01:01:21.052  1000  1496  1755 W PackageManager: Failed registering loading progress callback. Package is fully loaded.
02-18 01:01:21.053   nfc  3556  3556 I RegisteredComponentCache: New Components => 
02-18 01:01:21.053   nfc  3556  3556 I RegisteredComponentCache: ComponentInfo: ResolveInfo{2a27b25 com.android.apps.tag/.TagViewer m=0x108000 userHandle=UserHandle{0}}, techs: android.nfc.tech.Ndef, 
02-18 01:01:21.053   nfc  3556  3556 I RegisteredComponentCache: Removed Components => 
02-18 01:01:21.053   nfc  3556  3556 I RegisteredComponentCache: ComponentInfo: ResolveInfo{c8e08f4 com.android.apps.tag/.TagViewer m=0x108000 userHandle=UserHandle{0}}, techs: android.nfc.tech.Ndef, 
02-18 01:01:21.053 10089  3151  3201 D PackageUpdatedTask: mAllAppsList.addPackage android.display.cts
02-18 01:01:21.054  1000  1496  1755 W MagnificationConnectionManager: requestConnection duplicated request: connect=false, mConnectionState=DISCONNECTED
02-18 01:01:21.055  1000  1496  1885 I RoleService: Granting default roles...
02-18 01:01:21.058  1000  1496  1862 I commit_sys_config_file: [overlays,12]
02-18 01:01:21.061  1000  1496  1756 D ActivityManager: sync unfroze 4314 com.android.packageinstaller for 3
02-18 01:01:21.063  1000  1496  1883 I am_unfreeze: [4314,com.android.packageinstaller,3]
02-18 01:01:21.100  root     1     1 I init    : ... started service 'securedpud.slider' has pid 6116
02-18 01:01:21.100  root     1     1 I init    : starting service 'trusty_metricsd'...
02-18 01:01:21.070  1000  1496  1496 V BackupManagerConstants: getFullBackupIntervalMilliseconds(...) returns 86400000
02-18 01:01:21.071  1000  1496  1496 V BackupManagerConstants: getFullBackupRequiredNetworkType(...) returns 2
02-18 01:01:21.071  1000  1496  1496 V BackupManagerConstants: getFullBackupRequireCharging(...) returns true
02-18 01:01:21.104  root     1     1 I init    : ... started service 'trusty_metricsd' has pid 6118
02-18 01:01:21.073 10123  2894  2894 I SafetyLabelChangedBroadcastReceiver: received broadcast packageName: android.display.cts, current user: UserHandle{0}, packageChangeEvent: NEW_INSTALL, intent user: UserHandle{0}
02-18 01:01:21.076  1000  1496  1496 I notification_cancel_all: [1000,1496,android.display.cts,0,0,0,5,NULL]
02-18 01:01:21.077  1000  1496  1496 I AppsFilter: interaction: PackageSetting{bedee37 com.android.microdroid.empty_payload/10108} -> PackageSetting{86d5fa4 android.display.cts/10131} BLOCKED
02-18 01:01:21.079  1000  6116  6116 I securedpud.slider: starting securedpud
02-18 01:01:21.079  1000  6116  6116 I securedpud.slider: trusty dev: /dev/trusty-ipc-dev0
02-18 01:01:21.079  1000  6116  6116 I DMABUFHEAPS: Using DMA-BUF heap named: tui-secure
02-18 01:01:21.080  1000  6116  6116 E libtrusty: tipc_connect: can't connect to tipc service "com.android.trusty.secure_dpu" (err=107)
02-18 01:01:21.080  1000  6116  6116 E securedpud.slider: Failed to connect to: /dev/trusty-ipc-dev0
02-18 01:01:21.082  1000  6118  6118 I trusty_metricsd: starting trusty_metricsd
02-18 01:01:21.082  1000  6118  6118 I trusty_metricsd: trusty dev: /dev/trusty-ipc-dev0
02-18 01:01:21.085  1000  1496  1755 W VoiceInteractionManager: no available voice recognition services found for user 0
02-18 01:01:21.085  1000  1496  1898 I InputReader: Reconfiguring input devices, changes=KEYBOARD_LAYOUTS
02-18 01:01:21.114  root     1     1 I init    : Service 'securedpud.slider' (pid 6116) exited with status 1
02-18 01:01:21.086 radio  3112  3276 D EuiccConnector: handleMessage: E msg.what=1
02-18 01:01:21.114  root     1     1 I init    : Sending signal 9 to service 'securedpud.slider' (pid 6116) process group...
02-18 01:01:21.115  root     1     1 I libprocessgroup: Removed cgroup /sys/fs/cgroup/uid_1000/pid_6116
02-18 01:01:21.115  root     1     1 E init    : process with updatable components 'securedpud.slider' exited 4 times in 4 minutes
02-18 01:01:21.116  root     1     1 I init    : processing action (sys.init.updatable_crashing=1) from (/system/etc/init/flags_health_check.rc:10)
02-18 01:01:21.116  root     1     1 I init    : starting service 'exec 67 (/system/bin/flags_health_check UPDATABLE_CRASHING)'...
02-18 01:01:21.086  1000  6118  6118 E libtrusty: tipc_connect: can't connect to tipc service "com.android.frameworks.stats.trusty.metrics.istats_setter" (err=107)
02-18 01:01:21.086  1000  6118  6118 E RpcTrusty: Failed to connect to Trusty service. Error code: -107
02-18 01:01:21.086  1000  6118  6118 E RpcTrusty: Failed to set up Trusty client. Error: BAD_VALUE
02-18 01:01:21.086 radio  3112  3276 D EuiccConnector: processMsg: UnavailableState
02-18 01:01:21.086  1000  6118  6118 E trusty_metricsd: failed to connect TrustyMetricsPixel to Trusty: failed to connect to Trusty metrics TA: Transport endpoint is not connected
02-18 01:01:21.086  1000  6118  6118 W RefBase : RefBase: Explicit destruction, weak count = 0 (in 0xb400007bca547f08). Use sp<> to manage this object.
02-18 01:01:21.086  1000  6118  6118 W RefBase : CallStack::getCurrentInternal not linked, returning null
02-18 01:01:21.086  1000  6118  6118 W RefBase : CallStack::logStackInternal not linked
02-18 01:01:21.086  1000  6118  6118 E trusty_metricsd: failed to open Trusty metrics client
02-18 01:01:21.086  1000  6118  6118 E trusty_metricsd: trying to connect to Trusty metrics TA at old TIPC port
02-18 01:01:21.086  1000  6118  6118 E libtrusty: tipc_connect: can't connect to tipc service "com.android.trusty.metrics" (err=107)
02-18 01:01:21.086  1000  6118  6118 E trusty_metricsd: failed to open Trusty metrics client
02-18 01:01:21.089  1000  6119  6119 I flags_health_check: ServerConfigurableFlagsReset reset_mode value: 1
02-18 01:01:21.089  1000  6119  6119 I flags_health_check: ServerConfigurableFlagsReset updatable crashing detected, resetting flags.
02-18 01:01:21.090 radio  3112  3276 W EuiccConnector: No valid EuiccService implementation found
02-18 01:01:21.090 radio  3112  3276 D EuiccConnector: handleMessage: X
02-18 01:01:21.120  root     1     1 I init    : Sending signal 9 to service 'trusty_metricsd' (pid 6118) process group...
02-18 01:01:21.120  root     1     1 I libprocessgroup: Removed cgroup /sys/fs/cgroup/uid_1000/pid_6118
02-18 01:01:21.120  root     1     1 E init    : process with updatable components 'trusty_metricsd' exited 4 times in 4 minutes
02-18 01:01:21.125  root     1     1 I init    : Service 'exec 67 (/system/bin/flags_health_check UPDATABLE_CRASHING)' (pid 6119) exited with status 0 waiting took 0.007000 seconds
02-18 01:01:21.125  root     1     1 I init    : Sending signal 9 to service 'exec 67 (/system/bin/flags_health_check UPDATABLE_CRASHING)' (pid 6119) process group...
02-18 01:01:21.125  root     1     1 I libprocessgroup: Removed cgroup /sys/fs/cgroup/uid_1000/pid_6119
02-18 01:01:21.125  root     1     1 I init    : processing action (sys.init.updatable_crashing=1) from (/system/etc/init/flags_health_check.rc:10)
02-18 01:01:21.125  root     1     1 I init    : starting service 'exec 68 (/system/bin/flags_health_check UPDATABLE_CRASHING)'...
02-18 01:01:21.097 10089  3151  3201 D PackageUpdatedTask: mAllAppsList.updatePackage android.display.cts
02-18 01:01:21.134  root     1     1 I init    : ... started service 'exec 68 (/system/bin/flags_health_check UPDATABLE_CRASHING)' has pid 6120
02-18 01:01:21.134  root     1     1 I init    : SVC_EXEC service 'exec 68 (/system/bin/flags_health_check UPDATABLE_CRASHING)' pid 6120 (uid 1000 gid 1000+0 context default) started; waiting...
02-18 01:01:21.103 10123  2894  6112 I PermissionControllerServiceImpl: Updating user sensitive for uid 10131
02-18 01:01:21.103   nfc  3556  3556 I RegisteredServicesCache: current user: 0, is managed profile : false
02-18 01:01:21.103   nfc  3556  3556 I RegisteredServicesCache: New Other Services => 
02-18 01:01:21.103   nfc  3556  3556 I RegisteredServicesCache: Removed Other Services => 
02-18 01:01:21.104 radio  3112  3416 D ImsResolver: maybeAddedImsService, packageName: android.display.cts
02-18 01:01:21.106  1000  6120  6120 I flags_health_check: ServerConfigurableFlagsReset reset_mode value: 1
02-18 01:01:21.106  1000  6120  6120 I flags_health_check: ServerConfigurableFlagsReset updatable crashing detected, resetting flags.
02-18 01:01:21.107 radio  3112  3112 E VvmPkgInstalledRcvr: cannot create TelephonyManager from ComponentInfo{com.android.phone/com.android.services.telephony.TelephonyConnectionService}, E, UserHandle{0}
02-18 01:01:21.110   nfc  3556  3556 I RegisteredServicesCache: New Services => 
02-18 01:01:21.111   nfc  3556  3556 I RegisteredServicesCache: Removed Services => 
02-18 01:01:21.143  root     1     1 I init    : Service 'exec 68 (/system/bin/flags_health_check UPDATABLE_CRASHING)' (pid 6120) exited with status 0 waiting took 0.010000 seconds
02-18 01:01:21.143  root     1     1 I init    : Sending signal 9 to service 'exec 68 (/system/bin/flags_health_check UPDATABLE_CRASHING)' (pid 6120) process group...
02-18 01:01:21.143  root     1     1 I libprocessgroup: Removed cgroup /sys/fs/cgroup/uid_1000/pid_6120
02-18 01:01:21.117 10123  2894  6112 I PermissionControllerServiceImpl: Updating user sensitive for uid 10131
02-18 01:01:21.121   nfc  3556  3556 I RegisteredComponentCache: New Components => 
02-18 01:01:21.122   nfc  3556  3556 I RegisteredComponentCache: ComponentInfo: ResolveInfo{6e2a8b2 com.android.apps.tag/.TagViewer m=0x108000 userHandle=UserHandle{0}}, techs: android.nfc.tech.Ndef, 
02-18 01:01:21.122   nfc  3556  3556 I RegisteredComponentCache: Removed Components => 
02-18 01:01:21.122   nfc  3556  3556 I RegisteredComponentCache: ComponentInfo: ResolveInfo{2a27b25 com.android.apps.tag/.TagViewer m=0x108000 userHandle=UserHandle{0}}, techs: android.nfc.tech.Ndef, 
02-18 01:01:21.123 radio  3112  3112 D CarrierSvcBindHelper: onPackageModified: android.display.cts
02-18 01:01:21.124 radio  3112  3112 D CarrierSvcBindHelper: No carrier app for: 0
02-18 01:01:21.125  1000  1496  5202 I commit_sys_config_file: [appops_accesses,9]
02-18 01:01:21.125  1000  1496  1755 W MagnificationConnectionManager: requestConnection duplicated request: connect=false, mConnectionState=DISCONNECTED
02-18 01:01:21.125 radio  3112  3112 D CarrierSvcBindHelper: No carrier app for: 1
02-18 01:01:21.126   nfc  3556  3556 I RegisteredServicesCache: current user: 0, is managed profile : false
02-18 01:01:21.126   nfc  3556  3556 I RegisteredServicesCache: New Other Services => 
02-18 01:01:21.126   nfc  3556  3556 I RegisteredServicesCache: Removed Other Services => 
02-18 01:01:21.129   nfc  3556  3556 I RegisteredServicesCache: New Services => 
02-18 01:01:21.129   nfc  3556  3556 I RegisteredServicesCache: Removed Services => 
02-18 01:01:21.131  1068  3061  3080 D SecureElementService: getReaders() for com.android.nfc
02-18 01:01:21.133  1068  3061  3080 I SecureElement-AccessControlEnforcer: getAccessRule() appCert = 27196e386b875e76adf700e7ea84e4c6eee33dfa
02-18 01:01:21.133  1068  3061  3080 I SecureElement-AccessControlEnforcer: getAccessRule() appCert = c8a2e9bccf597c2fb6dc66bee293fc13f2fc47ec77bc6b2b0d52c11f51192ab8
02-18 01:01:21.133  1068  3061  3080 I SecureElement-AccessRuleCache: findAccessRule() not found
02-18 01:01:21.134  1068  3061  3080 I SecureElement-AccessControlEnforcer: getAccessRule() appCert = 27196e386b875e76adf700e7ea84e4c6eee33dfa
02-18 01:01:21.134  1068  3061  3080 I SecureElement-AccessControlEnforcer: getAccessRule() appCert = c8a2e9bccf597c2fb6dc66bee293fc13f2fc47ec77bc6b2b0d52c11f51192ab8
02-18 01:01:21.134  1068  3061  3080 I SecureElement-AccessRuleCache: findAccessRule() not found
02-18 01:01:21.136  1000  1496  1716 I system_server: Background concurrent mark compact GC freed 17MB AllocSpace bytes, 131(2972KB) LOS objects, 75% free, 18MB/74MB, paused 1.616ms,2.735ms total 122.057ms
02-18 01:01:21.138  1068  3061  3080 I SecureElement-Terminal-SIM2: isNfcEventAllowed: No access rules for checking.
02-18 01:01:21.139  1000  1496  1718 W system_server: ApkAssets: Deleting an ApkAssets object '<empty> and /system/priv-app/InputDevices/InputDevices.apk' with 1 weak references
02-18 01:01:21.140  1000  1496  1718 W system_server: ApkAssets: Deleting an ApkAssets object '<empty> and /product/app/LatinIME/LatinIME.apk' with 1 weak references
02-18 01:01:21.140  1000  1496  1718 W system_server: ApkAssets: Deleting an ApkAssets object '<empty> and /system_ext/app/AccessibilityMenu/AccessibilityMenu.apk' with 1 weak references
02-18 01:01:21.141  1068  3061  3080 D SecureElementService: getReaders() for com.android.nfc
02-18 01:01:21.142 radio  3112  3416 D ImsResolver: maybeAddedImsService, packageName: android.display.cts
02-18 01:01:21.142  1068  3061  3080 I SecureElement-AccessControlEnforcer: getAccessRule() appCert = 27196e386b875e76adf700e7ea84e4c6eee33dfa
02-18 01:01:21.142  1068  3061  3080 I SecureElement-AccessControlEnforcer: getAccessRule() appCert = c8a2e9bccf597c2fb6dc66bee293fc13f2fc47ec77bc6b2b0d52c11f51192ab8
02-18 01:01:21.142  1068  3061  3080 I SecureElement-AccessRuleCache: findAccessRule() not found
02-18 01:01:21.143  1068  3061  3080 I SecureElement-AccessControlEnforcer: getAccessRule() appCert = 27196e386b875e76adf700e7ea84e4c6eee33dfa
02-18 01:01:21.143  1068  3061  3080 I SecureElement-AccessControlEnforcer: getAccessRule() appCert = c8a2e9bccf597c2fb6dc66bee293fc13f2fc47ec77bc6b2b0d52c11f51192ab8
02-18 01:01:21.144  1068  3061  3080 I SecureElement-AccessRuleCache: findAccessRule() not found
02-18 01:01:21.145  1068  3061  3080 I SecureElement-Terminal-SIM2: isNfcEventAllowed: No access rules for checking.
02-18 01:01:21.216  1000  1496  1882 I commit_sys_config_file: [settings-2-0,4]
02-18 01:01:21.370  1000  1496  1739 I commit_sys_config_file: [package-session,0]
02-18 01:01:21.386  1000  1496  1739 I commit_sys_config_file: [package-session,16]
02-18 01:01:21.386  1000  1496  1858 E AtomicFile: Failed to rename /data/system/install_sessions.xml.new to /data/system/install_sessions.xml
02-18 01:01:21.386  1000  1496  1858 I commit_sys_config_file: [package-session,17]
02-18 01:01:21.398  1000  1496  1858 W NativeHelper: Ignoring abiOverride for multi arch application.
02-18 01:01:21.406  1000  1496  1904 W PackageParsing: Ignoring duplicate uses-permissions/uses-permissions-sdk-m: android.permission.CAMERA in package: android.app.stubs at: Binary XML file line #89
02-18 01:01:21.410  1000  1496  1904 W PackageParsing: No actions in intent-filter at /data/app/vmdl756842524.tmp/base.apk Binary XML file line #729
