02-18 01:01:21.410  1000  1496  1904 W PackageParsing: No actions in intent-filter at /data/app/vmdl756842524.tmp/base.apk Binary XML file line #737
02-18 01:01:21.410  1000  1496  1904 W PackageParsing: No actions in intent-filter at /data/app/vmdl756842524.tmp/base.apk Binary XML file line #745
02-18 01:01:21.413  1000  1496  1904 W RuleEvaluation: Integrity rule files are not available.
02-18 01:01:21.413  1000  1496  1789 I PackageManager: Integrity check passed for file:///data/app/vmdl756842524.tmp
02-18 01:01:21.415  1000  1496  1739 I commit_sys_config_file: [package-session,1]
02-18 01:01:21.421  1000  1496  1789 W PackageParsing: Ignoring duplicate uses-permissions/uses-permissions-sdk-m: android.permission.CAMERA in package: android.app.stubs at: Binary XML file line #89
02-18 01:01:21.427  1000  1496  1789 W PackageParsing: No actions in intent-filter at /data/app/vmdl756842524.tmp/base.apk Binary XML file line #729
02-18 01:01:21.427  1000  1496  1789 W PackageParsing: No actions in intent-filter at /data/app/vmdl756842524.tmp/base.apk Binary XML file line #737
02-18 01:01:21.428  1000  1496  1789 W PackageParsing: No actions in intent-filter at /data/app/vmdl756842524.tmp/base.apk Binary XML file line #745
02-18 01:01:21.435  1000  1496  1789 I PermissionManager: Permission ownership changed. Updating all permissions.
02-18 01:01:21.474  1000  1496  1789 I sysui_multi_action: [757,1243,758,4,806,android.app.stubs,1241,android.permission.POST_NOTIFICATIONS]
02-18 01:01:21.474  1000  1496  1789 I sysui_multi_action: [757,1243,758,4,806,android.app.stubs,1241,android.permission.ACCESS_FINE_LOCATION]
02-18 01:01:21.474  1000  1496  1789 I sysui_multi_action: [757,1243,758,4,806,android.app.stubs,1241,android.permission.BODY_SENSORS]
02-18 01:01:21.474  1000  1496  1789 I sysui_multi_action: [757,1243,758,4,806,android.app.stubs,1241,android.permission.READ_EXTERNAL_STORAGE]
02-18 01:01:21.474  1000  1496  1789 I sysui_multi_action: [757,1243,758,4,806,android.app.stubs,1241,android.permission.ACCESS_COARSE_LOCATION]
02-18 01:01:21.475  1000  1496  1789 I sysui_multi_action: [757,1243,758,4,806,android.app.stubs,1241,android.permission.READ_PHONE_STATE]
02-18 01:01:21.475  1000  1496  1789 I sysui_multi_action: [757,1243,758,4,806,android.app.stubs,1241,android.permission.WRITE_CONTACTS]
02-18 01:01:21.475  1000  1496  1789 I sysui_multi_action: [757,1243,758,4,806,android.app.stubs,1241,android.permission.CAMERA]
02-18 01:01:21.475  1000  1496  1789 I sysui_multi_action: [757,1243,758,4,806,android.app.stubs,1241,android.permission.WRITE_EXTERNAL_STORAGE]
02-18 01:01:21.475  1000  1496  1789 I sysui_multi_action: [757,1243,758,4,806,android.app.stubs,1241,android.permission.RECORD_AUDIO]
02-18 01:01:21.475  1000  1496  1789 I sysui_multi_action: [757,1243,758,4,806,android.app.stubs,1241,android.permission.READ_CONTACTS]
02-18 01:01:21.490  1000  1496  1789 I commit_sys_config_file: [package,13]
02-18 01:01:21.491  1000  1496  1789 D PackageManager: Instant App installer not found with android.intent.action.INSTALL_INSTANT_APP_PACKAGE
02-18 01:01:21.491  1000  1496  1789 D PackageManager: Clear ephemeral installer activity
02-18 01:01:21.523  logd  5189  5189 I logd    : start watching /data/system/packages.list ...
02-18 01:01:21.526  logd  5189  5189 I logd    : ReadPackageList, total packages: 134
02-18 01:01:21.492  1000  1496  1787 E AppOps  : Trying to set mode for unknown uid 10132.
02-18 01:01:21.498  1000  1496  1737 V StorageManagerService: Package null does not have legacy storage
02-18 01:01:21.501 10113  3551  3579 D MediaGrants: Removed 0 media_grants for 0 user for [android.app.stubs]. Reason: Mode changed: android:read_external_storage
02-18 01:01:21.508  1000  1496  1785 I commit_sys_config_file: [package-user-0,17]
02-18 01:01:21.514  artd  1922  2654 I artd    : Merge skipped because there are no existing profiles
02-18 01:01:21.516  artd  1922  2654 I artd    : Dex parent of /data/app/~~FcOLKOeCUztDuFqjwxILbg==/android.app.stubs-SyGRJsy8ML1ej6TXxHm09A==/base.apk is not writable: Permission denied
02-18 01:01:21.516  artd  1922  2654 I artd    : GetBestInfo checking odex in dalvik-cache (/data/dalvik-cache/arm64/data@app@~~FcOLKOeCUztDuFqjwxILbg==@android.app.stubs-SyGRJsy8ML1ej6TXxHm09A==@base.apk@classes.dex)
02-18 01:01:21.516  artd  1922  2654 I artd    : Loading /data/dalvik-cache/arm64/data@app@~~FcOLKOeCUztDuFqjwxILbg==@android.app.stubs-SyGRJsy8ML1ej6TXxHm09A==@base.apk@classes.dex with executable: 0
02-18 01:01:21.516  artd  1922  2654 I artd    : OatFileAssistant test for existing oat file /data/dalvik-cache/arm64/data@app@~~FcOLKOeCUztDuFqjwxILbg==@android.app.stubs-SyGRJsy8ML1ej6TXxHm09A==@base.apk@classes.dex: File /data/dalvik-cache/arm64/data@app@~~FcOLKOeCUztDuFqjwxILbg==@android.app.stubs-SyGRJsy8ML1ej6TXxHm09A==@base.apk@classes.vdex does not exist.
02-18 01:01:21.516  artd  1922  2654 I artd    : GetBestInfo checking odex next to the dex file (/data/app/~~FcOLKOeCUztDuFqjwxILbg==/android.app.stubs-SyGRJsy8ML1ej6TXxHm09A==/oat/arm64/base.odex)
02-18 01:01:21.516  artd  1922  2654 I artd    : Loading /data/app/~~FcOLKOeCUztDuFqjwxILbg==/android.app.stubs-SyGRJsy8ML1ej6TXxHm09A==/oat/arm64/base.odex with executable: 0
02-18 01:01:21.516  artd  1922  2654 I artd    : OatFileAssistant test for existing oat file /data/app/~~FcOLKOeCUztDuFqjwxILbg==/android.app.stubs-SyGRJsy8ML1ej6TXxHm09A==/oat/arm64/base.odex: File /data/app/~~FcOLKOeCUztDuFqjwxILbg==/android.app.stubs-SyGRJsy8ML1ej6TXxHm09A==/oat/arm64/base.vdex does not exist.
02-18 01:01:21.516  artd  1922  2654 I artd    : GetBestInfo checking vdex in dalvik-cache (/data/dalvik-cache/arm64/data@app@~~FcOLKOeCUztDuFqjwxILbg==@android.app.stubs-SyGRJsy8ML1ej6TXxHm09A==@base.apk@classes.vdex)
02-18 01:01:21.516  artd  1922  2654 I artd    : unable to open vdex file /data/dalvik-cache/arm64/data@app@~~FcOLKOeCUztDuFqjwxILbg==@android.app.stubs-SyGRJsy8ML1ej6TXxHm09A==@base.apk@classes.vdex: File /data/dalvik-cache/arm64/data@app@~~FcOLKOeCUztDuFqjwxILbg==@android.app.stubs-SyGRJsy8ML1ej6TXxHm09A==@base.apk@classes.vdex does not exist.
02-18 01:01:21.516  artd  1922  2654 I artd    : OatFileAssistant test for existing oat file /data/dalvik-cache/arm64/data@app@~~FcOLKOeCUztDuFqjwxILbg==@android.app.stubs-SyGRJsy8ML1ej6TXxHm09A==@base.apk@classes.vdex: File /data/dalvik-cache/arm64/data@app@~~FcOLKOeCUztDuFqjwxILbg==@android.app.stubs-SyGRJsy8ML1ej6TXxHm09A==@base.apk@classes.vdex does not exist.
02-18 01:01:21.516  artd  1922  2654 I artd    : GetBestInfo checking vdex next to the dex file (/data/app/~~FcOLKOeCUztDuFqjwxILbg==/android.app.stubs-SyGRJsy8ML1ej6TXxHm09A==/oat/arm64/base.vdex)
02-18 01:01:21.516  artd  1922  2654 I artd    : unable to open vdex file /data/app/~~FcOLKOeCUztDuFqjwxILbg==/android.app.stubs-SyGRJsy8ML1ej6TXxHm09A==/oat/arm64/base.vdex: File /data/app/~~FcOLKOeCUztDuFqjwxILbg==/android.app.stubs-SyGRJsy8ML1ej6TXxHm09A==/oat/arm64/base.vdex does not exist.
02-18 01:01:21.516  artd  1922  2654 I artd    : OatFileAssistant test for existing oat file /data/app/~~FcOLKOeCUztDuFqjwxILbg==/android.app.stubs-SyGRJsy8ML1ej6TXxHm09A==/oat/arm64/base.vdex: File /data/app/~~FcOLKOeCUztDuFqjwxILbg==/android.app.stubs-SyGRJsy8ML1ej6TXxHm09A==/oat/arm64/base.vdex does not exist.
02-18 01:01:21.516  artd  1922  2654 I artd    : GetBestInfo checking dm (/data/app/~~FcOLKOeCUztDuFqjwxILbg==/android.app.stubs-SyGRJsy8ML1ej6TXxHm09A==/base.dm)
02-18 01:01:21.516  artd  1922  2654 W ziparchive: Unable to open '/data/app/~~FcOLKOeCUztDuFqjwxILbg==/android.app.stubs-SyGRJsy8ML1ej6TXxHm09A==/base.dm': No such file or directory
02-18 01:01:21.516  artd  1922  2654 I artd    : OatFileAssistant test for existing oat file /data/app/~~FcOLKOeCUztDuFqjwxILbg==/android.app.stubs-SyGRJsy8ML1ej6TXxHm09A==/base.dm: I/O error
02-18 01:01:21.516  artd  1922  2654 I artd    : GetBestInfo checking dm (/data/app/~~FcOLKOeCUztDuFqjwxILbg==/android.app.stubs-SyGRJsy8ML1ej6TXxHm09A==/base.dm)
02-18 01:01:21.517  artd  1922  2654 W ziparchive: Unable to open '/data/app/~~FcOLKOeCUztDuFqjwxILbg==/android.app.stubs-SyGRJsy8ML1ej6TXxHm09A==/base.dm': No such file or directory
02-18 01:01:21.517  artd  1922  2654 I artd    : OatFileAssistant test for existing oat file /data/app/~~FcOLKOeCUztDuFqjwxILbg==/android.app.stubs-SyGRJsy8ML1ej6TXxHm09A==/base.dm: I/O error
02-18 01:01:21.517  artd  1922  2654 I artd    : GetBestInfo no usable artifacts
02-18 01:01:21.521  artd  1922  2489 I artd    : Running dex2oat: /apex/com.android.art/bin/art_exec --drop-capabilities --set-task-profile=Dex2OatBootComplete --set-priority=background --keep-fds=7:8:9:10:11:12:13:14:15:16 -- /apex/com.android.art/bin/dex2oat64 --zip-fd=7 --zip-location=/data/app/~~FcOLKOeCUztDuFqjwxILbg==/android.app.stubs-SyGRJsy8ML1ej6TXxHm09A==/base.apk --oat-fd=8 --oat-location=/data/app/~~FcOLKOeCUztDuFqjwxILbg==/android.app.stubs-SyGRJsy8ML1ej6TXxHm09A==/oat/arm64/base.odex --output-vdex-fd=9 --swap-fd=10 --class-loader-context-fds=11:12:13:14:15:16 --class-loader-context=PCL[]{PCL[/system/framework/android.test.runner.jar]{PCL[/system/framework/android.test.base.jar]#PCL[/system/framework/android.test.mock.jar]}#PCL[/system/framework/org.apache.http.legacy.jar]#PCL[/system/framework/android.test.base.jar]#PCL[/system/framework/android.test.mock.jar]} --classpath-dir=/data/app/~~FcOLKOeCUztDuFqjwxILbg==/android.app.stubs-SyGRJsy8ML1ej6TXxHm09A== --instruction-set=arm64 --instruction-set-features=default --instruction-set-variant=cortex-a55 --compiler-filter=verify --compilation-reason=install --compact-dex-level=none --max-image-block-size=524288 --resolve-startup-const-strings=true --generate-mini-debug-info --runtime-arg -Xtarget-sdk-version:34 --runtime-arg -Xhidden-api-policy:enabled --runtime-arg -Xms64m --runtime-arg -Xmx512m --comments=app-name:android.app.stubs,app-version-name:14,app-version-code:34,art-version:350090000
02-18 01:01:21.521  artd  1922  2489 I artd    : Opened FDs: 7:/data/app/~~FcOLKOeCUztDuFqjwxILbg==/android.app.stubs-SyGRJsy8ML1ej6TXxHm09A==/base.apk 8:/data/app/~~FcOLKOeCUztDuFqjwxILbg==/android.app.stubs-SyGRJsy8ML1ej6TXxHm09A==/oat/arm64/base.odex.yJlCXv.tmp 9:/data/app/~~FcOLKOeCUztDuFqjwxILbg==/android.app.stubs-SyGRJsy8ML1ej6TXxHm09A==/oat/arm64/base.vdex.3VR9cS.tmp 10:/data/app/~~FcOLKOeCUztDuFqjwxILbg==/android.app.stubs-SyGRJsy8ML1ej6TXxHm09A==/oat/arm64/base.odex.swap.EMyNQP.tmp 11:/system/framework/android.test.mock.jar 12:/system/framework/android.test.base.jar 13:/system/framework/org.apache.http.legacy.jar 14:/system/framework/android.test.runner.jar 15:/system/framework/android.test.mock.jar 16:/system/framework/android.test.base.jar 
02-18 01:01:21.537 10095  2884  2884 D ControlsListingControllerImpl: ServiceConfig reloaded, count: 0
02-18 01:01:21.538 10095  2884  2884 D ControlsListingControllerImpl: ServiceConfig reloaded, count: 0
02-18 01:01:21.573  artd  6134  6134 W dex2oat64: Mismatch between dex2oat instruction set features to use (ISA: Arm64 Feature string: -a53,crc,lse,fp16,dotprod,-sve) and those from CPP defines (ISA: Arm64 Feature string: -a53,crc,-lse,fp16,dotprod,-sve) for the command line:
02-18 01:01:21.573  artd  6134  6134 W dex2oat64: /apex/com.android.art/bin/dex2oat64 --zip-fd=7 --zip-location=/data/app/~~FcOLKOeCUztDuFqjwxILbg==/android.app.stubs-SyGRJsy8ML1ej6TXxHm09A==/base.apk --oat-fd=8 --oat-location=/data/app/~~FcOLKOeCUztDuFqjwxILbg==/android.app.stubs-SyGRJsy8ML1ej6TXxHm09A==/oat/arm64/base.odex --output-vdex-fd=9 --swap-fd=10 --class-loader-context-fds=11:12:13:14:15:16 --class-loader-context=PCL[]{PCL[/system/framework/android.test.runner.jar]{PCL[/system/framework/android.test.base.jar]#PCL[/system/framework/android.test.mock.jar]}#PCL[/system/framework/org.apache.http.legacy.jar]#PCL[/system/framework/android.test.base.jar]#PCL[/system/framework/android.test.mock.jar]} --classpath-dir=/data/app/~~FcOLKOeCUztDuFqjwxILbg==/android.app.stubs-SyGRJsy8ML1ej6TXxHm09A== --instruction-set=arm64 --instruction-set-features=default --instruction-set-variant=cortex-a55 --compiler-filter=verify --compilation-reason=install --compact-dex-level=none --max-image-block-size=524288 --resolve-startup-const-strings=true --generate-mini-debug-info --runtime-arg -Xtarget-sdk-version:34 --runtime-arg -Xhidden-api-policy:enabled --runtime-arg -Xms64m --runtime-arg -Xmx512m --comments=app-name:android.app.stubs,app-version-name:14,app-version-code:34,art-version:350090000
02-18 01:01:21.573  artd  6134  6134 I dex2oat64: /apex/com.android.art/bin/dex2oat64 --output-vdex-fd=9 --class-loader-context-fds=11:12:13:14:15:16 --class-loader-context=PCL[]{PCL[/system/framework/android.test.runner.jar]{PCL[/system/framework/android.test.base.jar]#PCL[/system/framework/android.test.mock.jar]}#PCL[/system/framework/org.apache.http.legacy.jar]#PCL[/system/framework/android.test.base.jar]#PCL[/system/framework/android.test.mock.jar]} --classpath-dir=/data/app/~~FcOLKOeCUztDuFqjwxILbg==/android.app.stubs-SyGRJsy8ML1ej6TXxHm09A== --compiler-filter=verify --compilation-reason=install --compact-dex-level=none --max-image-block-size=524288 --resolve-startup-const-strings=true --generate-mini-debug-info --comments=app-name:android.app.stubs,app-version-name:14,app-version-code:34,art-version:350090000
02-18 01:01:21.702  artd  6134  6134 I dex2oat64: Using CollectorTypeCMC GC.
02-18 01:01:21.762  artd  6134  6141 W dex2oat64: Accessing hidden method Landroid/content/pm/PackageManager;->getAttentionServicePackageName()Ljava/lang/String; (blocked, linking, denied)
02-18 01:01:21.762  artd  6134  6141 W dex2oat64: Accessing hidden method Landroid/content/pm/PackageManager;->getSystemCaptionsServicePackageName()Ljava/lang/String; (blocked, linking, denied)
02-18 01:01:21.762  artd  6134  6141 W dex2oat64: Accessing hidden method Landroid/app/IActivityManager$Stub;->asInterface(Landroid/os/IBinder;)Landroid/app/IActivityManager; (max-target-r, linking, denied)
02-18 01:01:21.762  artd  6134  6141 W dex2oat64: Accessing hidden method Landroid/content/Context;->getIApplicationThread()Landroid/app/IApplicationThread; (max-target-o, linking, denied)
02-18 01:01:21.762  artd  6134  6141 W dex2oat64: Accessing hidden method Landroid/app/IActivityManager;->startService(Landroid/app/IApplicationThread;Landroid/content/Intent;Ljava/lang/String;ZLjava/lang/String;Ljava/lang/String;I)Landroid/content/ComponentName; (blocked, linking, denied)
02-18 01:01:21.763  artd  6134  6141 W dex2oat64: Accessing hidden method Landroid/app/IActivityManager$Stub;->asInterface(Landroid/os/IBinder;)Landroid/app/IActivityManager; (max-target-r, linking, denied)
02-18 01:01:21.763  artd  6134  6141 W dex2oat64: Accessing hidden method Landroid/content/Context;->getIApplicationThread()Landroid/app/IApplicationThread; (max-target-o, linking, denied)
02-18 01:01:21.763  artd  6134  6141 W dex2oat64: Accessing hidden method Landroid/app/IActivityManager;->startService(Landroid/app/IApplicationThread;Landroid/content/Intent;Ljava/lang/String;ZLjava/lang/String;Ljava/lang/String;I)Landroid/content/ComponentName; (blocked, linking, denied)
02-18 01:01:21.765  artd  6134  6134 W dex2oat64: Accessing hidden method Landroid/app/SearchManager;->isVisible()Z (max-target-r, linking, denied)
02-18 01:01:21.765  artd  6134  6139 W dex2oat64: Accessing hidden method Landroid/app/IActivityManager$Stub;->asInterface(Landroid/os/IBinder;)Landroid/app/IActivityManager; (max-target-r, linking, denied)
02-18 01:01:21.872  artd  6134  6137 W dex2oat64: Accessing hidden method Landroid/view/IWindowManager;->isRotationFrozen()Z (max-target-o, linking, denied)
02-18 01:01:21.872  artd  6134  6137 W dex2oat64: Accessing hidden method Landroid/view/IWindowManager;->closeSystemDialogs(Ljava/lang/String;)V (max-target-o, linking, denied)
02-18 01:01:21.872  artd  6134  6137 W dex2oat64: Accessing hidden method Landroid/os/ParcelableException;-><init>(Ljava/lang/Throwable;)V (max-target-o, linking, denied)
02-18 01:01:22.003  artd  6134  6134 I dex2oat64: dex2oat took 433.448ms (914.635ms cpu) (threads: 8) arena alloc=0B (0B) java alloc=7551KB (7732688B) native alloc=2736KB (2802656B) free=1088KB (1114832B)
02-18 01:01:22.026  artd  1922  2489 I artd    : dex2oat returned code 0
02-18 01:01:22.031  1000  1496  1789 I ArtService: Dexopt result: [packageName = android.app.stubs] DexContainerFileDexoptResult{dexContainerFile=/data/app/~~FcOLKOeCUztDuFqjwxILbg==/android.app.stubs-SyGRJsy8ML1ej6TXxHm09A==/base.apk, primaryAbi=true, abi=arm64-v8a, actualCompilerFilter=verify, status=PERFORMED, dex2oatWallTimeMillis=511, dex2oatCpuTimeMillis=960, sizeBytes=13402156, sizeBeforeBytes=0, extendedStatusFlags=[]}
02-18 01:01:22.033  1000  1496  1789 V BackupManagerService: [UserID:0] restoreAtInstall pkg=android.app.stubs token=9 restoreSet=0
02-18 01:01:22.033  1000  1496  1789 V BackupManagerService: [UserID:0] Finishing install immediately
02-18 01:01:22.035  1000  1496  1789 I AppsFilter: interaction: PackageSetting{bedee37 com.android.microdroid.empty_payload/10108} -> PackageSetting{c0be580 android.app.stubs/10132} BLOCKED
02-18 01:01:22.038  1000  1496  1789 W MagnificationConnectionManager: requestConnection duplicated request: connect=false, mConnectionState=DISCONNECTED
02-18 01:01:22.039  1000  1496  1789 I unknown_sources_enabled: 1
02-18 01:01:22.039  1000  1496  1789 D PackageInstallerSession: Marking session 756842524 as applied
02-18 01:01:22.046  1000  1496  1858 I commit_sys_config_file: [package-session,1]
02-18 01:01:22.047  1000  1496  1789 D CompatibilityChangeReporter: Compat change id reported: 168419799; UID 10132; state: DISABLED
02-18 01:01:22.047  1000  1496  1789 D CompatibilityChangeReporter: Compat change id reported: 273564678; UID 10132; state: DISABLED
02-18 01:01:22.048 10089  3151  3201 D SessionCommitReceiver: Removing PromiseIcon for package: android.app.stubs, install reason: 0, alreadyAddedPromiseIcon: false
02-18 01:01:22.050 radio  3112  3112 D CarrierSvcBindHelper: onPackageAdded: android.app.stubs
02-18 01:01:22.052  1000  1496  2863 I SdkSandboxManager: No SDKs used. Skipping SDK data reconcilation for CallingInfo{mUid=10132, mPackageName='android.app.stubs, mAppProcessToken='null'}
02-18 01:01:22.052  1000  1496  1898 I InputReader: Reconfiguring input devices, changes=KEYBOARD_LAYOUTS
02-18 01:01:22.054 radio  3112  3112 D CarrierSvcBindHelper: No carrier app for: 0
02-18 01:01:22.055 radio  3112  3112 D CarrierSvcBindHelper: No carrier app for: 1
02-18 01:01:22.055 radio  3112  3276 D EuiccConnector: handleMessage: E msg.what=1
02-18 01:01:22.055 radio  3112  3276 D EuiccConnector: processMsg: UnavailableState
02-18 01:01:22.057 10123  2894  2894 I SafetyLabelChangedBroadcastReceiver: received broadcast packageName: android.app.stubs, current user: UserHandle{0}, packageChangeEvent: NEW_INSTALL, intent user: UserHandle{0}
02-18 01:01:22.057   nfc  3556  3556 I RegisteredComponentCache: New Components => 
02-18 01:01:22.057   nfc  3556  3556 I RegisteredComponentCache: ComponentInfo: ResolveInfo{b6733f com.android.apps.tag/.TagViewer m=0x108000 userHandle=UserHandle{0}}, techs: android.nfc.tech.Ndef, 
02-18 01:01:22.057   nfc  3556  3556 I RegisteredComponentCache: Removed Components => 
02-18 01:01:22.057   nfc  3556  3556 I RegisteredComponentCache: ComponentInfo: ResolveInfo{6e2a8b2 com.android.apps.tag/.TagViewer m=0x108000 userHandle=UserHandle{0}}, techs: android.nfc.tech.Ndef, 
02-18 01:01:22.058 radio  3112  3276 W EuiccConnector: No valid EuiccService implementation found
02-18 01:01:22.058 radio  3112  3276 D EuiccConnector: handleMessage: X
02-18 01:01:22.058 10123  2894  6112 I PermissionControllerServiceImpl: Updating user sensitive for uid 10132
02-18 01:01:22.058  1000  1496  1496 D TransparencyService: Not an update. Skipping...
02-18 01:01:22.059  1000  1496  1496 V BackupManagerConstants: getFullBackupIntervalMilliseconds(...) returns 86400000
02-18 01:01:22.059  1000  1496  1496 V BackupManagerConstants: getFullBackupRequiredNetworkType(...) returns 2
02-18 01:01:22.059  1000  1496  1496 V BackupManagerConstants: getFullBackupRequireCharging(...) returns true
02-18 01:01:22.060  1000  1496  1739 E AtomicFile: Failed to rename /data/system/install_sessions.xml.new to /data/system/install_sessions.xml
02-18 01:01:22.060  1000  1496  1739 I commit_sys_config_file: [package-session,15]
02-18 01:01:22.061  1000  1496  1496 I notification_cancel_all: [1000,1496,android.app.stubs,0,0,0,5,NULL]
02-18 01:01:22.062  1000  1496  1885 I RoleService: Granting default roles...
02-18 01:01:22.078  1000  1496  1755 W VoiceInteractionManager: no available voice recognition services found for user 0
02-18 01:01:22.078  1000  1496  1862 I commit_sys_config_file: [overlays,6]
02-18 01:01:22.079 10089  3151  3201 D PackageUpdatedTask: mAllAppsList.addPackage android.app.stubs
02-18 01:01:22.085  1000  1496  1755 W PackageManager: Failed registering loading progress callback. Package is fully loaded.
02-18 01:01:22.110  1000  1496  1755 W MagnificationConnectionManager: requestConnection duplicated request: connect=false, mConnectionState=DISCONNECTED
02-18 01:01:22.110   nfc  3556  3556 I RegisteredServicesCache: current user: 0, is managed profile : false
02-18 01:01:22.110   nfc  3556  3556 I RegisteredServicesCache: New Other Services => 
02-18 01:01:22.110   nfc  3556  3556 I RegisteredServicesCache: Removed Other Services => 
02-18 01:01:22.114  1000  1496  1496 I AppsFilter: interaction: PackageSetting{36359f5 com.android.microdroid.empty_payload/10108} -> PackageSetting{f34238a android.app.stubs/10132} BLOCKED
02-18 01:01:22.114   nfc  3556  3556 I RegisteredServicesCache: New Services => 
02-18 01:01:22.114   nfc  3556  3556 I RegisteredServicesCache: Removed Services => 
02-18 01:01:22.114 10089  3151  3151 D StatsLog: LAUNCHER_ALLAPPS_COUNT
02-18 01:01:22.117  1000  1496  1718 W system_server: ApkAssets: Deleting an ApkAssets object '<empty> and /system_ext/app/AccessibilityMenu/AccessibilityMenu.apk' with 1 weak references
02-18 01:01:22.117  1000  1496  1718 W system_server: ApkAssets: Deleting an ApkAssets object '<empty> and /system/priv-app/InputDevices/InputDevices.apk' with 1 weak references
02-18 01:01:22.118  1000  1496  1755 W VoiceInteractionManager: no available voice recognition services found for user 0
02-18 01:01:22.119 radio  3112  3276 D EuiccConnector: handleMessage: E msg.what=1
02-18 01:01:22.119 radio  3112  3276 D EuiccConnector: processMsg: UnavailableState
02-18 01:01:22.119 radio  3112  3276 W EuiccConnector: No valid EuiccService implementation found
02-18 01:01:22.119 radio  3112  3276 D EuiccConnector: handleMessage: X
02-18 01:01:22.120  1000  1496  1755 W MagnificationConnectionManager: requestConnection duplicated request: connect=false, mConnectionState=DISCONNECTED
02-18 01:01:22.121  1000  1496  1718 W system_server: ApkAssets: Deleting an ApkAssets object '<empty> and /data/app/~~FcOLKOeCUztDuFqjwxILbg==/android.app.stubs-SyGRJsy8ML1ej6TXxHm09A==/base.apk' with 1 weak references
02-18 01:01:22.121 radio  3112  3416 D ImsResolver: maybeAddedImsService, packageName: android.app.stubs
02-18 01:01:22.122 radio  3112  3112 E VvmPkgInstalledRcvr: cannot create TelephonyManager from ComponentInfo{com.android.phone/com.android.services.telephony.TelephonyConnectionService}, E, UserHandle{0}
02-18 01:01:22.122  1068  3061  3080 D SecureElementService: getReaders() for com.android.nfc
02-18 01:01:22.123  1068  3061  3080 I SecureElement-AccessControlEnforcer: getAccessRule() appCert = 27196e386b875e76adf700e7ea84e4c6eee33dfa
02-18 01:01:22.123  1068  3061  3080 I SecureElement-AccessControlEnforcer: getAccessRule() appCert = c8a2e9bccf597c2fb6dc66bee293fc13f2fc47ec77bc6b2b0d52c11f51192ab8
02-18 01:01:22.123  1068  3061  3080 I SecureElement-AccessRuleCache: findAccessRule() not found
02-18 01:01:22.123  1068  3061  3080 I SecureElement-AccessControlEnforcer: getAccessRule() appCert = 27196e386b875e76adf700e7ea84e4c6eee33dfa
02-18 01:01:22.124  1068  3061  3080 I SecureElement-AccessControlEnforcer: getAccessRule() appCert = c8a2e9bccf597c2fb6dc66bee293fc13f2fc47ec77bc6b2b0d52c11f51192ab8
02-18 01:01:22.124  1068  3061  3080 I SecureElement-AccessRuleCache: findAccessRule() not found
02-18 01:01:22.124 radio  3112  3112 D CarrierSvcBindHelper: onPackageModified: android.app.stubs
02-18 01:01:22.124 radio  3112  3112 D CarrierSvcBindHelper: No carrier app for: 0
02-18 01:01:22.124 radio  3112  3112 D CarrierSvcBindHelper: No carrier app for: 1
02-18 01:01:22.125 10123  2894  4515 I PermissionControllerServiceImpl: Updating user sensitive for uid 10132
02-18 01:01:22.127  1068  3061  3080 I SecureElement-Terminal-SIM2: isNfcEventAllowed: No access rules for checking.
02-18 01:01:22.131  1000  1496  1898 I InputReader: Reconfiguring input devices, changes=KEYBOARD_LAYOUTS
02-18 01:01:22.132 radio  3112  3416 D ImsResolver: maybeAddedImsService, packageName: android.app.stubs
02-18 01:01:22.136  1000  1496  4150 I commit_sys_config_file: [appops_accesses,10]
02-18 01:01:22.137   nfc  3556  3556 I RegisteredComponentCache: New Components => 
02-18 01:01:22.137   nfc  3556  3556 I RegisteredComponentCache: ComponentInfo: ResolveInfo{150ceed com.android.apps.tag/.TagViewer m=0x108000 userHandle=UserHandle{0}}, techs: android.nfc.tech.Ndef, 
02-18 01:01:22.137   nfc  3556  3556 I RegisteredComponentCache: Removed Components => 
02-18 01:01:22.137   nfc  3556  3556 I RegisteredComponentCache: ComponentInfo: ResolveInfo{b6733f com.android.apps.tag/.TagViewer m=0x108000 userHandle=UserHandle{0}}, techs: android.nfc.tech.Ndef, 
02-18 01:01:22.138 10089  3151  3201 D PackageUpdatedTask: mAllAppsList.updatePackage android.app.stubs
02-18 01:01:22.139   nfc  3556  3556 I RegisteredServicesCache: current user: 0, is managed profile : false
02-18 01:01:22.139   nfc  3556  3556 I RegisteredServicesCache: New Other Services => 
02-18 01:01:22.139   nfc  3556  3556 I RegisteredServicesCache: Removed Other Services => 
02-18 01:01:22.141   nfc  3556  3556 I RegisteredServicesCache: New Services => 
02-18 01:01:22.142   nfc  3556  3556 I RegisteredServicesCache: Removed Services => 
02-18 01:01:22.142  1068  3061  3080 D SecureElementService: getReaders() for com.android.nfc
02-18 01:01:22.143  1068  3061  3080 I SecureElement-AccessControlEnforcer: getAccessRule() appCert = 27196e386b875e76adf700e7ea84e4c6eee33dfa
02-18 01:01:22.143  1068  3061  3080 I SecureElement-AccessControlEnforcer: getAccessRule() appCert = c8a2e9bccf597c2fb6dc66bee293fc13f2fc47ec77bc6b2b0d52c11f51192ab8
02-18 01:01:22.143  1068  3061  3080 I SecureElement-AccessRuleCache: findAccessRule() not found
02-18 01:01:22.143  1068  3061  3080 I SecureElement-AccessControlEnforcer: getAccessRule() appCert = 27196e386b875e76adf700e7ea84e4c6eee33dfa
02-18 01:01:22.143  1068  3061  3080 I SecureElement-AccessControlEnforcer: getAccessRule() appCert = c8a2e9bccf597c2fb6dc66bee293fc13f2fc47ec77bc6b2b0d52c11f51192ab8
02-18 01:01:22.143  1068  3061  3080 I SecureElement-AccessRuleCache: findAccessRule() not found
02-18 01:01:22.144  1068  3061  3080 I SecureElement-Terminal-SIM2: isNfcEventAllowed: No access rules for checking.
02-18 01:01:22.155 10089  3151  3151 D StatsLog: LAUNCHER_ALLAPPS_COUNT
02-18 01:01:22.184 shell  1018  1018 I auditd  : type=1400 audit(0.0:223): avc:  denied  { search } for  comm=73796E6320737663203231 name="oem" dev="dm-7" ino=43 scontext=u:r:adbd:s0 tcontext=u:object_r:oemfs:s0 tclass=dir permissive=0
02-18 01:01:22.184 shell  1018  1018 W /apex/com.android.adbd/bin/adbd: type=1400 audit(0.0:223): avc:  denied  { search } for  comm=73796E6320737663203231 name="oem" dev="dm-7" ino=43 scontext=u:r:adbd:s0 tcontext=u:object_r:oemfs:s0 tclass=dir permissive=0
02-18 01:01:22.535  root   121   121 I logbuffer_pcie0: [  110] D state: 0, LTSSM: 0
02-18 01:01:22.536  root   121   121 I logbuffer_pcie0: [  111] L0(0x11)
02-18 01:01:22.532 shell  1018  1018 I auditd  : type=1400 audit(0.0:224): avc:  denied  { search } for  comm=73796E6320737663203231 name="oem" dev="dm-7" ino=43 scontext=u:r:adbd:s0 tcontext=u:object_r:oemfs:s0 tclass=dir permissive=0
02-18 01:01:22.532 shell  1018  1018 W /apex/com.android.adbd/bin/adbd: type=1400 audit(0.0:224): avc:  denied  { search } for  comm=73796E6320737663203231 name="oem" dev="dm-7" ino=43 scontext=u:r:adbd:s0 tcontext=u:object_r:oemfs:s0 tclass=dir permissive=0
02-18 01:01:22.532 shell  1018  1018 I auditd  : type=1400 audit(0.0:225): avc:  denied  { search } for  comm=73796E6320737663203231 name="oem" dev="dm-7" ino=43 scontext=u:r:adbd:s0 tcontext=u:object_r:oemfs:s0 tclass=dir permissive=0
02-18 01:01:22.532 shell  1018  1018 W /apex/com.android.adbd/bin/adbd: type=1400 audit(0.0:225): avc:  denied  { search } for  comm=73796E6320737663203231 name="oem" dev="dm-7" ino=43 scontext=u:r:adbd:s0 tcontext=u:object_r:oemfs:s0 tclass=dir permissive=0
02-18 01:01:22.536 shell  1018  1018 I auditd  : type=1400 audit(0.0:226): avc:  denied  { search } for  comm=73796E6320737663203231 name="oem" dev="dm-7" ino=43 scontext=u:r:adbd:s0 tcontext=u:object_r:oemfs:s0 tclass=dir permissive=0
02-18 01:01:22.536 shell  1018  1018 W /apex/com.android.adbd/bin/adbd: type=1400 audit(0.0:226): avc:  denied  { search } for  comm=73796E6320737663203231 name="oem" dev="dm-7" ino=43 scontext=u:r:adbd:s0 tcontext=u:object_r:oemfs:s0 tclass=dir permissive=0
02-18 01:01:22.540 shell  1018  1018 I auditd  : type=1400 audit(0.0:227): avc:  denied  { search } for  comm=73796E6320737663203231 name="oem" dev="dm-7" ino=43 scontext=u:r:adbd:s0 tcontext=u:object_r:oemfs:s0 tclass=dir permissive=0
02-18 01:01:22.540 shell  1018  1018 W /apex/com.android.adbd/bin/adbd: type=1400 audit(0.0:227): avc:  denied  { search } for  comm=73796E6320737663203231 name="oem" dev="dm-7" ino=43 scontext=u:r:adbd:s0 tcontext=u:object_r:oemfs:s0 tclass=dir permissive=0
02-18 01:01:22.547  1000  1061  1128 D DMD     : Flush DMD buffer, size=2098644
02-18 01:01:22.548 shell  1018  1018 I auditd  : type=1400 audit(0.0:228): avc:  denied  { search } for  comm=73796E6320737663203231 name="oem" dev="dm-7" ino=43 scontext=u:r:adbd:s0 tcontext=u:object_r:oemfs:s0 tclass=dir permissive=0
02-18 01:01:22.548 shell  1018  1018 W /apex/com.android.adbd/bin/adbd: type=1400 audit(0.0:228): avc:  denied  { search } for  comm=73796E6320737663203231 name="oem" dev="dm-7" ino=43 scontext=u:r:adbd:s0 tcontext=u:object_r:oemfs:s0 tclass=dir permissive=0
02-18 01:01:22.553 10095  2884  2884 D ControlsListingControllerImpl: ServiceConfig reloaded, count: 0
02-18 01:01:22.554 10095  2884  2884 D ControlsListingControllerImpl: ServiceConfig reloaded, count: 0
02-18 01:01:22.552 shell  1018  1018 I auditd  : type=1400 audit(0.0:229): avc:  denied  { search } for  comm=73796E6320737663203231 name="oem" dev="dm-7" ino=43 scontext=u:r:adbd:s0 tcontext=u:object_r:oemfs:s0 tclass=dir permissive=0
02-18 01:01:22.552 shell  1018  1018 W /apex/com.android.adbd/bin/adbd: type=1400 audit(0.0:229): avc:  denied  { search } for  comm=73796E6320737663203231 name="oem" dev="dm-7" ino=43 scontext=u:r:adbd:s0 tcontext=u:object_r:oemfs:s0 tclass=dir permissive=0
02-18 01:01:22.552 shell  1018  1018 I auditd  : type=1400 audit(0.0:230): avc:  denied  { search } for  comm=73796E6320737663203231 name="oem" dev="dm-7" ino=43 scontext=u:r:adbd:s0 tcontext=u:object_r:oemfs:s0 tclass=dir permissive=0
02-18 01:01:22.552 shell  1018  1018 W /apex/com.android.adbd/bin/adbd: type=1400 audit(0.0:230): avc:  denied  { search } for  comm=73796E6320737663203231 name="oem" dev="dm-7" ino=43 scontext=u:r:adbd:s0 tcontext=u:object_r:oemfs:s0 tclass=dir permissive=0
02-18 01:01:22.556 shell  1018  1018 I auditd  : type=1400 audit(0.0:231): avc:  denied  { search } for  comm=73796E6320737663203231 name="oem" dev="dm-7" ino=43 scontext=u:r:adbd:s0 tcontext=u:object_r:oemfs:s0 tclass=dir permissive=0
02-18 01:01:22.556 shell  1018  1018 W /apex/com.android.adbd/bin/adbd: type=1400 audit(0.0:231): avc:  denied  { search } for  comm=73796E6320737663203231 name="oem" dev="dm-7" ino=43 scontext=u:r:adbd:s0 tcontext=u:object_r:oemfs:s0 tclass=dir permissive=0
02-18 01:01:22.566 10113  3551  3934 W MediaProvider: isAppCloneUserPair for user 0: false
02-18 01:01:22.568 10113  3551  3934 W MediaProvider: isAppCloneUserPair for user 0: false
02-18 01:01:22.569 10113  3551  3934 W MediaProvider: isAppCloneUserPair for user 0: false
02-18 01:01:22.569 10113  3551  3934 W MediaProvider: isAppCloneUserPair for user 0: false
02-18 01:01:22.570 10113  3551  3934 W MediaProvider: isAppCloneUserPair for user 0: false
02-18 01:01:22.570 10113  3551  3934 W MediaProvider: isAppCloneUserPair for user 0: false
02-18 01:01:22.571 10113  3551  3934 W MediaProvider: isAppCloneUserPair for user 0: false
02-18 01:01:22.902 shell  6182  6182 W audit   : audit_lost=207 audit_rate_limit=5 audit_backlog_limit=64
02-18 01:01:22.902 shell  6182  6182 E audit   : rate limit exceeded
02-18 01:01:22.877 10113  3551  3933 W MediaProvider: isAppCloneUserPair for user 0: false
02-18 01:01:23.213  1000  1496  1739 I commit_sys_config_file: [package-session,10]
02-18 01:01:23.215  1000  1496  1739 I commit_sys_config_file: [package-session,3]
02-18 01:01:23.227  1000  1496  1858 I commit_sys_config_file: [package-session,3]
02-18 01:01:23.267  1000  1496  1904 W RuleEvaluation: Integrity rule files are not available.
02-18 01:01:23.267  1000  1496  1789 I PackageManager: Integrity check passed for file:///data/app/vmdl1095517476.tmp
02-18 01:01:23.271  1000  1496  1739 I commit_sys_config_file: [package-session,4]
02-18 01:01:23.330  1000  1496  1789 I sysui_multi_action: [757,1243,758,4,806,androidx.test.services,1241,android.permission.POST_NOTIFICATIONS]
02-18 01:01:23.331  1000  1496  1789 I sysui_multi_action: [757,1243,758,4,806,androidx.test.services,1241,android.permission.READ_MEDIA_VISUAL_USER_SELECTED]
02-18 01:01:23.332  1000  1496  1789 I sysui_multi_action: [757,1243,758,4,806,androidx.test.services,1241,android.permission.READ_EXTERNAL_STORAGE]
02-18 01:01:23.332  1000  1496  1789 I sysui_multi_action: [757,1243,758,4,806,androidx.test.services,1241,android.permission.READ_MEDIA_IMAGES]
02-18 01:01:23.333  1000  1496  1789 I sysui_multi_action: [757,1243,758,4,806,androidx.test.services,1241,android.permission.READ_MEDIA_AUDIO]
02-18 01:01:23.333  1000  1496  1789 I sysui_multi_action: [757,1243,758,4,806,androidx.test.services,1241,android.permission.READ_MEDIA_VIDEO]
02-18 01:01:23.334  1000  1496  1789 I sysui_multi_action: [757,1243,758,4,806,androidx.test.services,1241,android.permission.WRITE_EXTERNAL_STORAGE]
02-18 01:01:23.369  1000  1496  1789 I commit_sys_config_file: [package,27]
02-18 01:01:23.370  1000  1496  1789 D PackageManager: Instant App installer not found with android.intent.action.INSTALL_INSTANT_APP_PACKAGE
02-18 01:01:23.370  1000  1496  1789 D PackageManager: Clear ephemeral installer activity
02-18 01:01:23.401  logd  5189  5189 I logd    : start watching /data/system/packages.list ...
02-18 01:01:23.404  logd  5189  5189 I logd    : ReadPackageList, total packages: 135
02-18 01:01:23.371  1000  1496  1496 I dvm_lock_sample: [system_server,0,main,78,PackageManagerService.java,1222,com.android.server.pm.Computer com.android.server.pm.PackageManagerService.snapshotComputer(boolean),-,7441,void com.android.server.pm.PackageManagerService.forEachPackageSetting(java.util.function.Consumer),15]
02-18 01:01:23.379  1000  1496  1737 E AppOps  : Trying to set mode for unknown uid 10133.
02-18 01:01:23.379  1000  1496  1737 V StorageManagerService: Package null does not have legacy storage
02-18 01:01:23.385 10113  3551  3579 D MediaGrants: Removed 0 media_grants for 0 user for [androidx.test.services]. Reason: Mode changed: android:read_external_storage
02-18 01:01:23.391  1000  1496  1789 V BackupManagerService: [UserID:0] restoreAtInstall pkg=androidx.test.services token=a restoreSet=0
02-18 01:01:23.393  1000  1496  1789 V BackupManagerService: [UserID:0] Finishing install immediately
02-18 01:01:23.394  1000  1496  1785 I commit_sys_config_file: [package-user-0,26]
02-18 01:01:23.403  1000  1496  1789 W MagnificationConnectionManager: requestConnection duplicated request: connect=false, mConnectionState=DISCONNECTED
02-18 01:01:23.404  1000  1496  1789 I unknown_sources_enabled: 1
02-18 01:01:23.404  1000  1496  1789 D PackageInstallerSession: Marking session 1095517476 as applied
02-18 01:01:23.412  1000  1496  1739 I commit_sys_config_file: [package-session,4]
02-18 01:01:23.413  1000  1496  1789 D CompatibilityChangeReporter: Compat change id reported: 168419799; UID 10133; state: DISABLED
02-18 01:01:23.413  1000  1496  1789 D CompatibilityChangeReporter: Compat change id reported: 273564678; UID 10133; state: DISABLED
02-18 01:01:23.413 10089  3151  3201 D SessionCommitReceiver: Removing PromiseIcon for package: androidx.test.services, install reason: 0, alreadyAddedPromiseIcon: false
02-18 01:01:23.414  1000  1496  1858 I commit_sys_config_file: [package-session,1]
02-18 01:01:23.416  1000  1496  1496 I notification_cancel_all: [1000,1496,androidx.test.services,0,0,0,5,NULL]
02-18 01:01:23.417  1000  1496  2863 I SdkSandboxManager: No SDKs used. Skipping SDK data reconcilation for CallingInfo{mUid=10133, mPackageName='androidx.test.services, mAppProcessToken='null'}
02-18 01:01:23.418 10123  2894  4515 I PermissionControllerServiceImpl: Updating user sensitive for uid 10133
02-18 01:01:23.419  1000  1496  1496 D TransparencyService: Not an update. Skipping...
02-18 01:01:23.419 radio  3112  3112 D CarrierSvcBindHelper: onPackageAdded: androidx.test.services
02-18 01:01:23.420  1000  1496  1496 V BackupManagerConstants: getFullBackupIntervalMilliseconds(...) returns 86400000
02-18 01:01:23.420  1000  1496  1496 V BackupManagerConstants: getFullBackupRequiredNetworkType(...) returns 2
02-18 01:01:23.421  1000  1496  1496 V BackupManagerConstants: getFullBackupRequireCharging(...) returns true
02-18 01:01:23.421  1000  1496  1898 I InputReader: Reconfiguring input devices, changes=KEYBOARD_LAYOUTS
02-18 01:01:23.423 radio  3112  3276 D EuiccConnector: handleMessage: E msg.what=1
02-18 01:01:23.423 radio  3112  3276 D EuiccConnector: processMsg: UnavailableState
02-18 01:01:23.423 radio  3112  3276 W EuiccConnector: No valid EuiccService implementation found
02-18 01:01:23.423 radio  3112  3276 D EuiccConnector: handleMessage: X
02-18 01:01:23.424 radio  3112  3112 D CarrierSvcBindHelper: No carrier app for: 0
02-18 01:01:23.424 radio  3112  3112 D CarrierSvcBindHelper: No carrier app for: 1
02-18 01:01:23.425   nfc  3556  3556 I RegisteredComponentCache: New Components => 
02-18 01:01:23.425   nfc  3556  3556 I RegisteredComponentCache: ComponentInfo: ResolveInfo{ba93c9 com.android.apps.tag/.TagViewer m=0x108000 userHandle=UserHandle{0}}, techs: android.nfc.tech.Ndef, 
02-18 01:01:23.425   nfc  3556  3556 I RegisteredComponentCache: Removed Components => 
02-18 01:01:23.425   nfc  3556  3556 I RegisteredComponentCache: ComponentInfo: ResolveInfo{150ceed com.android.apps.tag/.TagViewer m=0x108000 userHandle=UserHandle{0}}, techs: android.nfc.tech.Ndef, 
02-18 01:01:23.427  1000  1496  1755 W VoiceInteractionManager: no available voice recognition services found for user 0
02-18 01:01:23.427  1000  1496  1862 I commit_sys_config_file: [overlays,1]
02-18 01:01:23.427  1000  1496  1756 W ProcessStats: Tracking association SourceState{317dd92 system/1000 ImpFg #892} whose proc state 5 is better than process ProcessState{7690be8 com.android.permissioncontroller/10123 pkg=com.android.permissioncontroller} proc state 14 (43 skipped)
02-18 01:01:23.428 10089  3151  3201 D PackageUpdatedTask: mAllAppsList.addPackage androidx.test.services
02-18 01:01:23.431  1000  1496  1755 W PackageManager: Failed registering loading progress callback. Package is fully loaded.
02-18 01:01:23.434 10123  2894  2894 I SafetyLabelChangedBroadcastReceiver: received broadcast packageName: androidx.test.services, current user: UserHandle{0}, packageChangeEvent: NEW_INSTALL, intent user: UserHandle{0}
02-18 01:01:23.440 radio  3112  3276 D EuiccConnector: handleMessage: E msg.what=1
02-18 01:01:23.440 radio  3112  3276 D EuiccConnector: processMsg: UnavailableState
02-18 01:01:23.444  1000  1496  1755 W MagnificationConnectionManager: requestConnection duplicated request: connect=false, mConnectionState=DISCONNECTED
02-18 01:01:23.444 10123  2894  4515 I PermissionControllerServiceImpl: Updating user sensitive for uid 10133
02-18 01:01:23.445 radio  3112  3276 W EuiccConnector: No valid EuiccService implementation found
02-18 01:01:23.445 radio  3112  3276 D EuiccConnector: handleMessage: X
02-18 01:01:23.446  1000  1496  1755 W VoiceInteractionManager: no available voice recognition services found for user 0
02-18 01:01:23.447   nfc  3556  3556 I RegisteredServicesCache: current user: 0, is managed profile : false
02-18 01:01:23.447   nfc  3556  3556 I RegisteredServicesCache: New Other Services => 
02-18 01:01:23.447   nfc  3556  3556 I RegisteredServicesCache: Removed Other Services => 
02-18 01:01:23.450   nfc  3556  3556 I RegisteredServicesCache: New Services => 
02-18 01:01:23.450   nfc  3556  3556 I RegisteredServicesCache: Removed Services => 
02-18 01:01:23.451   nfc  3556  3556 I RegisteredComponentCache: New Components => 
02-18 01:01:23.451   nfc  3556  3556 I RegisteredComponentCache: ComponentInfo: ResolveInfo{9723f06 com.android.apps.tag/.TagViewer m=0x108000 userHandle=UserHandle{0}}, techs: android.nfc.tech.Ndef, 
02-18 01:01:23.451   nfc  3556  3556 I RegisteredComponentCache: Removed Components => 
02-18 01:01:23.451   nfc  3556  3556 I RegisteredComponentCache: ComponentInfo: ResolveInfo{ba93c9 com.android.apps.tag/.TagViewer m=0x108000 userHandle=UserHandle{0}}, techs: android.nfc.tech.Ndef, 
02-18 01:01:23.452 radio  3112  3416 D ImsResolver: maybeAddedImsService, packageName: androidx.test.services
02-18 01:01:23.453 10089  3151  3201 D PackageUpdatedTask: mAllAppsList.updatePackage androidx.test.services
02-18 01:01:23.453 radio  3112  3112 E VvmPkgInstalledRcvr: cannot create TelephonyManager from ComponentInfo{com.android.phone/com.android.services.telephony.TelephonyConnectionService}, E, UserHandle{0}
02-18 01:01:23.454  1000  1496  1755 W MagnificationConnectionManager: requestConnection duplicated request: connect=false, mConnectionState=DISCONNECTED
02-18 01:01:23.454   nfc  3556  3556 I RegisteredServicesCache: current user: 0, is managed profile : false
02-18 01:01:23.454   nfc  3556  3556 I RegisteredServicesCache: New Other Services => 
02-18 01:01:23.454   nfc  3556  3556 I RegisteredServicesCache: Removed Other Services => 
02-18 01:01:23.457 radio  3112  3112 D CarrierSvcBindHelper: onPackageModified: androidx.test.services
02-18 01:01:23.457 radio  3112  3112 D CarrierSvcBindHelper: No carrier app for: 0
02-18 01:01:23.457 radio  3112  3112 D CarrierSvcBindHelper: No carrier app for: 1
02-18 01:01:23.461  1000  1496  1898 I InputReader: Reconfiguring input devices, changes=KEYBOARD_LAYOUTS
02-18 01:01:23.463 radio  3112  3416 D ImsResolver: maybeAddedImsService, packageName: androidx.test.services
02-18 01:01:23.465   nfc  3556  3556 I RegisteredServicesCache: New Services => 
02-18 01:01:23.465   nfc  3556  3556 I RegisteredServicesCache: Removed Services => 
02-18 01:01:23.467  1068  3061  3080 D SecureElementService: getReaders() for com.android.nfc
02-18 01:01:23.468  1068  3061  3080 I SecureElement-AccessControlEnforcer: getAccessRule() appCert = 27196e386b875e76adf700e7ea84e4c6eee33dfa
02-18 01:01:23.468  1068  3061  3080 I SecureElement-AccessControlEnforcer: getAccessRule() appCert = c8a2e9bccf597c2fb6dc66bee293fc13f2fc47ec77bc6b2b0d52c11f51192ab8
02-18 01:01:23.468  1068  3061  3080 I SecureElement-AccessRuleCache: findAccessRule() not found
02-18 01:01:23.469  1068  3061  3080 I SecureElement-AccessControlEnforcer: getAccessRule() appCert = 27196e386b875e76adf700e7ea84e4c6eee33dfa
02-18 01:01:23.469  1068  3061  3080 I SecureElement-AccessControlEnforcer: getAccessRule() appCert = c8a2e9bccf597c2fb6dc66bee293fc13f2fc47ec77bc6b2b0d52c11f51192ab8
02-18 01:01:23.469  1068  3061  3080 I SecureElement-AccessRuleCache: findAccessRule() not found
02-18 01:01:23.471  1068  3061  3080 I SecureElement-Terminal-SIM2: isNfcEventAllowed: No access rules for checking.
02-18 01:01:23.486  1068  3061  3080 D SecureElementService: getReaders() for com.android.nfc
02-18 01:01:23.489  1068  3061  3080 I SecureElement-AccessControlEnforcer: getAccessRule() appCert = 27196e386b875e76adf700e7ea84e4c6eee33dfa
02-18 01:01:23.489  1068  3061  3080 I SecureElement-AccessControlEnforcer: getAccessRule() appCert = c8a2e9bccf597c2fb6dc66bee293fc13f2fc47ec77bc6b2b0d52c11f51192ab8
02-18 01:01:23.489  1068  3061  3080 I SecureElement-AccessRuleCache: findAccessRule() not found
02-18 01:01:23.490  1068  3061  3080 I SecureElement-AccessControlEnforcer: getAccessRule() appCert = 27196e386b875e76adf700e7ea84e4c6eee33dfa
02-18 01:01:23.490  1068  3061  3080 I SecureElement-AccessControlEnforcer: getAccessRule() appCert = c8a2e9bccf597c2fb6dc66bee293fc13f2fc47ec77bc6b2b0d52c11f51192ab8
02-18 01:01:23.490  1068  3061  3080 I SecureElement-AccessRuleCache: findAccessRule() not found
02-18 01:01:23.492  1068  3061  3077 I SecureElement-Terminal-SIM2: isNfcEventAllowed: No access rules for checking.
02-18 01:01:23.505  1000  1496  1716 I system_server: Background concurrent mark compact GC freed 8439KB AllocSpace bytes, 39(780KB) LOS objects, 75% free, 17MB/69MB, paused 856us,3.193ms total 101.267ms
02-18 01:01:23.506  1000  1496  1718 W system_server: ApkAssets: Deleting an ApkAssets object '<empty> and /product/app/LatinIME/LatinIME.apk' with 1 weak references
02-18 01:01:23.506  1000  1496  1718 W system_server: ApkAssets: Deleting an ApkAssets object '<empty> and /system_ext/app/AccessibilityMenu/AccessibilityMenu.apk' with 1 weak references
02-18 01:01:23.507  1000  1496  1718 W system_server: ApkAssets: Deleting an ApkAssets object '<empty> and /data/app/~~FcOLKOeCUztDuFqjwxILbg==/android.app.stubs-SyGRJsy8ML1ej6TXxHm09A==/base.apk' with 1 weak references
02-18 01:01:23.570 10113  3551  3579 D MediaGrants: Removed 0 media_grants for 0 user for [androidx.test.services]. Reason: Mode changed: android:read_external_storage
02-18 01:01:23.640  1000  1496  4429 I commit_sys_config_file: [appops_accesses,7]
02-18 01:01:23.913 shell  6220  6220 D AndroidRuntime: >>>>>> START com.android.internal.os.RuntimeInit uid 2000 <<<<<<
02-18 01:01:23.918 10095  2884  2884 D ControlsListingControllerImpl: ServiceConfig reloaded, count: 0
02-18 01:01:23.919 shell  6220  6220 I AndroidRuntime: Using default boot image
02-18 01:01:23.919 shell  6220  6220 I AndroidRuntime: Leaving lock profiling enabled
02-18 01:01:23.920 10095  2884  2884 D ControlsListingControllerImpl: ServiceConfig reloaded, count: 0
02-18 01:01:23.921 shell  6220  6220 I app_process: Core platform API reporting enabled, enforcing=false
02-18 01:01:23.921 shell  6220  6220 I app_process: Using CollectorTypeCMC GC.
02-18 01:01:23.987 shell  6220  6220 D nativeloader: InitDefaultPublicLibraries for_preload=1: libandroid.so:libaaudio.so:libamidi.so:libbinder_ndk.so:libc.so:libcamera2ndk.so:libdl.so:libEGL.so:libGLESv1_CM.so:libGLESv2.so:libGLESv3.so:libicu.so:libicui18n.so:libicuuc.so:libjnigraphics.so:liblog.so:libmediandk.so:libm.so:libnativehelper.so:libnativewindow.so:libOpenMAXAL.so:libOpenSLES.so:libRS.so:libstdc++.so:libsync.so:libvulkan.so:libwebviewchromium_plat_support.so:libz.so
02-18 01:01:24.005 shell  6220  6220 D nativeloader: Load libicu_jni.so using APEX ns com_android_art for caller /apex/com.android.art/javalib/core-oj.jar: ok
02-18 01:01:24.006 shell  6220  6220 D app_process: Time zone APEX ICU file found: /apex/com.android.tzdata/etc/icu/icu_tzdata.dat
02-18 01:01:24.006 shell  6220  6220 D app_process: I18n APEX ICU file found: /apex/com.android.i18n/etc/icu/icudt72l.dat
02-18 01:01:24.007 shell  6220  6220 D nativeloader: Load libjavacore.so using APEX ns com_android_art for caller /apex/com.android.art/javalib/core-oj.jar: ok
02-18 01:01:24.008 shell  6220  6220 D nativeloader: Load libopenjdk.so using APEX ns com_android_art for caller /apex/com.android.art/javalib/core-oj.jar: ok
02-18 01:01:24.031 shell  6220  6220 D nativeloader: Load libframework-connectivity-tiramisu-jni.so using APEX ns com_android_tethering for caller /apex/com.android.tethering/javalib/framework-connectivity-t.jar: ok
02-18 01:01:24.031 shell  6220  6220 D AndroidRuntime: Calling main entry com.android.commands.am.Am
02-18 01:01:24.034 shell  6220  6220 D UiAutomationConnection: Created on user UserHandle{0}
02-18 01:01:24.035  1000  1496  1720 I ActivityManager: Force stopping android.display.cts appid=10131 user=0: start instr
02-18 01:01:24.036  1000  1496  1720 D GrammaticalInflection: The flag must be enabled to allow calling the API.
02-18 01:01:24.036  1000  1496  1720 I am_uid_running: 10131
02-18 01:01:24.038  1000  1496  1720 D CompatibilityChangeReporter: Compat change id reported: 135634846; UID 10131; state: DISABLED
02-18 01:01:24.038  1000  1496  1720 D CompatibilityChangeReporter: Compat change id reported: 177438394; UID 10131; state: DISABLED
02-18 01:01:24.038  1000  1496  1720 D CompatibilityChangeReporter: Compat change id reported: 135772972; UID 10131; state: DISABLED
02-18 01:01:24.038  1000  1496  1720 D CompatibilityChangeReporter: Compat change id reported: 135754954; UID 10131; state: ENABLED
02-18 01:01:24.038  1000  1496  1757 D CompatibilityChangeReporter: Compat change id reported: 143937733; UID 10131; state: ENABLED
02-18 01:01:24.039  1000  1496  1874 D CompatibilityChangeReporter: Compat change id reported: 265195908; UID 10131; state: ENABLED
